[554372.3] V6_E1_N1440: start mode=N budget=1440 spec={"name": "V6_E1", "target_policy": "STRATIFIED", "evaluation_policy": "E1_ORDERED_EXHAUSTIVE", "traversal_policy": "BASE", "max_targets": 200, "k_per_target": 16, "family_round_robin": false, "relocation_side_reserve": 0, "waiting_age": false, "route_coverage": false, "multi_anchor": false, "exact_dedup": false, "decision_cache": false, "return_action": false, "cache_structural_skips": false, "window_slack_mm": 1e-05, "notes": ""}
[554372.3] V6_E1_N1440: start state=main C:\Users\lihao\Desktop\Graduation Project\OpticalWaveguideRouter3D\outputs\3d_strategy_v3\512_ablation\D_both_enabled pairs=42909
[554379.6] V6_E1_N1440: INITIAL_DONE pairs=42909
[554379.9] V6_E1_N1440: step 1 NO_CANDIDATES_GENERATED pairs=42909 evals=0 1s
[554385.3] V6_E1_N1440: step 2 NO_CANDIDATES_GENERATED pairs=42909 evals=0 6s
[554385.6] V6_E1_N1440: step 3 NO_CANDIDATES_GENERATED pairs=42909 evals=0 6s
[554416.7] V6_E1_N1440: step 4 ELEVATED pairs=42635 evals=27 37s
[554480.8] V6_E1_N1440: step 5 ELEVATED pairs=42375 evals=99 101s
[554564.6] V6_E1_N1440: step 6 ELEVATED pairs=42120 evals=171 185s
[554564.9] V6_E1_N1440: step 7 NO_CANDIDATES_GENERATED pairs=42120 evals=171 186s
[554644.1] V6_E1_N1440: step 8 ELEVATED pairs=41868 evals=243 265s
[554716.8] V6_E1_N1440: step 9 ELEVATED pairs=41618 evals=315 337s
[554747.4] V6_E1_N1440: step 10 ELEVATED pairs=41373 evals=342 368s
[554792.0] V6_E1_N1440: step 11 ELEVATED pairs=41120 evals=378 413s
[554847.9] V6_E1_N1440: step 12 ELEVATED pairs=40851 evals=432 469s
[554913.2] V6_E1_N1440: step 13 ELEVATED pairs=40598 evals=486 534s
[554952.2] V6_E1_N1440: step 14 ELEVATED pairs=40338 evals=540 573s
[555032.2] V6_E1_N1440: step 15 ELEVATED pairs=40082 evals=639 653s
[555102.9] V6_E1_N1440: step 16 ELEVATED pairs=39841 evals=693 724s
[555187.1] V6_E1_N1440: step 17 ELEVATED pairs=39589 evals=792 808s
[555246.5] V6_E1_N1440: step 18 ELEVATED pairs=39341 evals=846 867s
[555308.3] V6_E1_N1440: step 19 ELEVATED pairs=39098 evals=900 929s
[555372.2] V6_E1_N1440: step 20 ELEVATED pairs=38851 evals=954 993s
[555426.8] V6_E1_N1440: step 21 ELEVATED pairs=38606 evals=1008 1047s
[555485.3] V6_E1_N1440: step 22 ELEVATED pairs=38365 evals=1062 1106s
[555571.5] V6_E1_N1440: step 23 ELEVATED pairs=38118 evals=1161 1192s
[555630.6] V6_E1_N1440: step 24 ELEVATED pairs=37888 evals=1215 1251s
[555684.2] V6_E1_N1440: step 25 ELEVATED pairs=37652 evals=1269 1305s
[555752.5] V6_E1_N1440: step 26 ELEVATED pairs=37426 evals=1323 1373s
