[559499.3] IDEA_D_N2880: start mode=N budget=2880 spec={"name": "IDEA_D", "target_policy": "STRATIFIED", "evaluation_policy": "E2_ORDERED_K16", "traversal_policy": "COVERAGE", "max_targets": 200, "k_per_target": 16, "family_round_robin": false, "relocation_side_reserve": 0, "waiting_age": false, "route_coverage": true, "multi_anchor": false, "exact_dedup": false, "decision_cache": false, "return_action": false, "cache_structural_skips": true, "window_slack_mm": 1e-05, "notes": ""}
[559499.3] IDEA_D_N2880: start state=main C:\Users\lihao\Desktop\Graduation Project\OpticalWaveguideRouter3D\outputs\3d_strategy_v3\512_ablation\D_both_enabled pairs=42909
[559508.5] IDEA_D_N2880: INITIAL_DONE pairs=42909
[559509.6] IDEA_D_N2880: step 1 NO_CANDIDATES_GENERATED pairs=42909 evals=0 1s
[559516.2] IDEA_D_N2880: step 2 NO_CANDIDATES_GENERATED pairs=42909 evals=0 8s
[559517.1] IDEA_D_N2880: step 3 NO_CANDIDATES_GENERATED pairs=42909 evals=0 9s
[559541.0] IDEA_D_N2880: step 4 ELEVATED pairs=42666 evals=16 33s
[559561.7] IDEA_D_N2880: step 5 ELEVATED pairs=42420 evals=32 53s
[559575.8] IDEA_D_N2880: step 6 ELEVATED pairs=42164 evals=48 68s
[559598.7] IDEA_D_N2880: step 7 ELEVATED pairs=41988 evals=64 90s
[559633.5] IDEA_D_N2880: step 8 ELEVATED pairs=41739 evals=80 125s
[559641.6] IDEA_D_N2880: step 9 ELEVATED pairs=41481 evals=96 133s
[559667.5] IDEA_D_N2880: step 10 ELEVATED pairs=41282 evals=112 159s
[559699.5] IDEA_D_N2880: step 11 ELEVATED pairs=41054 evals=128 191s
[559711.4] IDEA_D_N2880: step 12 ELEVATED pairs=40839 evals=144 203s
[559712.4] IDEA_D_N2880: step 13 NO_CANDIDATES_GENERATED pairs=40839 evals=144 204s
[559751.5] IDEA_D_N2880: step 14 ELEVATED pairs=40619 evals=160 243s
[559775.1] IDEA_D_N2880: step 15 ELEVATED pairs=40368 evals=176 267s
[559775.9] IDEA_D_N2880: step 16 NO_CANDIDATES_GENERATED pairs=40368 evals=176 268s
[559821.2] IDEA_D_N2880: step 17 ELEVATED pairs=40208 evals=192 313s
[559846.3] IDEA_D_N2880: step 18 ELEVATED pairs=40015 evals=208 338s
[559868.9] IDEA_D_N2880: step 19 ELEVATED pairs=39792 evals=224 361s
[559910.8] IDEA_D_N2880: step 20 ELEVATED pairs=39603 evals=240 403s
[559926.6] IDEA_D_N2880: step 21 ELEVATED pairs=39372 evals=256 418s
[559968.5] IDEA_D_N2880: step 22 ELEVATED pairs=39248 evals=272 460s
[560016.2] IDEA_D_N2880: step 23 ELEVATED pairs=39106 evals=288 508s
[560039.0] IDEA_D_N2880: step 24 ELEVATED pairs=38944 evals=304 531s
[560073.9] IDEA_D_N2880: step 25 ELEVATED pairs=38819 evals=320 566s
[560123.0] IDEA_D_N2880: step 26 ELEVATED pairs=38614 evals=336 615s
[560140.1] IDEA_D_N2880: step 27 ELEVATED pairs=38474 evals=352 632s
[560140.6] IDEA_D_N2880: step 28 NO_CANDIDATES_GENERATED pairs=38474 evals=352 632s
[560184.2] IDEA_D_N2880: step 29 ELEVATED pairs=38243 evals=368 676s
[560196.3] IDEA_D_N2880: step 30 ELEVATED pairs=38041 evals=384 688s
[560196.9] IDEA_D_N2880: step 31 NO_CANDIDATES_GENERATED pairs=38041 evals=384 689s
[560243.5] IDEA_D_N2880: step 32 ELEVATED pairs=37864 evals=400 735s
[560260.3] IDEA_D_N2880: step 33 ELEVATED pairs=37712 evals=416 752s
[560260.8] IDEA_D_N2880: step 34 NO_CANDIDATES_GENERATED pairs=37712 evals=416 753s
[560311.5] IDEA_D_N2880: step 35 ELEVATED pairs=37496 evals=432 803s
[560329.6] IDEA_D_N2880: step 36 ELEVATED pairs=37283 evals=448 821s
[560330.2] IDEA_D_N2880: step 37 NO_CANDIDATES_GENERATED pairs=37283 evals=448 822s
[560375.4] IDEA_D_N2880: step 38 ELEVATED pairs=37072 evals=464 867s
[560391.7] IDEA_D_N2880: step 39 ELEVATED pairs=36862 evals=480 883s
[560392.2] IDEA_D_N2880: step 40 NO_CANDIDATES_GENERATED pairs=36862 evals=480 884s
[560434.9] IDEA_D_N2880: step 41 ELEVATED pairs=36654 evals=496 927s
[560444.7] IDEA_D_N2880: step 42 ELEVATED pairs=36480 evals=512 936s
[560445.2] IDEA_D_N2880: step 43 NO_CANDIDATES_GENERATED pairs=36480 evals=512 937s
[560484.5] IDEA_D_N2880: step 44 ELEVATED pairs=36308 evals=528 976s
[560494.3] IDEA_D_N2880: step 45 ELEVATED pairs=36104 evals=544 986s
[560494.8] IDEA_D_N2880: step 46 NO_CANDIDATES_GENERATED pairs=36104 evals=544 987s
[560536.4] IDEA_D_N2880: step 47 ELEVATED pairs=35917 evals=560 1028s
[560550.1] IDEA_D_N2880: step 48 ELEVATED pairs=35764 evals=576 1042s
[560550.7] IDEA_D_N2880: step 49 NO_CANDIDATES_GENERATED pairs=35764 evals=576 1042s
[560598.7] IDEA_D_N2880: step 50 ELEVATED pairs=35553 evals=592 1090s
[560614.7] IDEA_D_N2880: step 51 ELEVATED pairs=35344 evals=608 1106s
[560615.3] IDEA_D_N2880: step 52 NO_CANDIDATES_GENERATED pairs=35344 evals=608 1107s
[560646.7] IDEA_D_N2880: step 53 NO_CANDIDATES_GENERATED pairs=35344 evals=608 1138s
[560646.9] IDEA_D_N2880: step 54 NO_CANDIDATES_GENERATED pairs=35344 evals=608 1139s
[560647.5] IDEA_D_N2880: step 55 NO_CANDIDATES_GENERATED pairs=35344 evals=608 1139s
[560679.3] IDEA_D_N2880: step 56 NO_CANDIDATES_GENERATED pairs=35344 evals=608 1171s
[560679.6] IDEA_D_N2880: step 57 NO_CANDIDATES_GENERATED pairs=35344 evals=608 1171s
[560680.2] IDEA_D_N2880: step 58 NO_CANDIDATES_GENERATED pairs=35344 evals=608 1172s
[560712.1] IDEA_D_N2880: step 59 NO_CANDIDATES_GENERATED pairs=35344 evals=608 1204s
[560712.4] IDEA_D_N2880: step 60 NO_CANDIDATES_GENERATED pairs=35344 evals=608 1204s
[560713.0] IDEA_D_N2880: step 61 NO_CANDIDATES_GENERATED pairs=35344 evals=608 1205s
[560759.4] IDEA_D_N2880: step 62 ELEVATED pairs=35137 evals=624 1251s
[560772.3] IDEA_D_N2880: step 63 ELEVATED pairs=35062 evals=640 1264s
[560773.1] IDEA_D_N2880: step 64 NO_CANDIDATES_GENERATED pairs=35062 evals=640 1265s
[560820.9] IDEA_D_N2880: step 65 ELEVATED pairs=34857 evals=656 1313s
[560835.2] IDEA_D_N2880: step 66 ELEVATED pairs=34653 evals=672 1327s
[560836.0] IDEA_D_N2880: step 67 NO_CANDIDATES_GENERATED pairs=34653 evals=672 1328s
[560886.4] IDEA_D_N2880: step 68 ELEVATED pairs=34461 evals=688 1378s
[560905.2] IDEA_D_N2880: step 69 ELEVATED pairs=34271 evals=704 1397s
[560905.9] IDEA_D_N2880: step 70 NO_CANDIDATES_GENERATED pairs=34271 evals=704 1398s
[560961.0] IDEA_D_N2880: step 71 ELEVATED pairs=34083 evals=720 1453s
[560975.5] IDEA_D_N2880: step 72 ELEVATED pairs=33890 evals=736 1467s
[560976.1] IDEA_D_N2880: step 73 NO_CANDIDATES_GENERATED pairs=33890 evals=736 1468s
[561023.8] IDEA_D_N2880: step 74 ELEVATED pairs=33699 evals=752 1516s
[561033.2] IDEA_D_N2880: step 75 ELEVATED pairs=33563 evals=768 1525s
[561033.9] IDEA_D_N2880: step 76 NO_CANDIDATES_GENERATED pairs=33563 evals=768 1526s
[561086.3] IDEA_D_N2880: step 77 ELEVATED pairs=33371 evals=784 1578s
[561099.4] IDEA_D_N2880: step 78 ELEVATED pairs=33256 evals=800 1591s
[561100.0] IDEA_D_N2880: step 79 NO_CANDIDATES_GENERATED pairs=33256 evals=800 1592s
[561154.1] IDEA_D_N2880: step 80 ELEVATED pairs=33051 evals=816 1646s
[561165.0] IDEA_D_N2880: step 81 ELEVATED pairs=32910 evals=832 1657s
[561165.7] IDEA_D_N2880: step 82 NO_CANDIDATES_GENERATED pairs=32910 evals=832 1657s
[561221.3] IDEA_D_N2880: step 83 ELEVATED pairs=32769 evals=848 1713s
[561232.7] IDEA_D_N2880: step 84 ELEVATED pairs=32616 evals=864 1724s
[561233.4] IDEA_D_N2880: step 85 NO_CANDIDATES_GENERATED pairs=32616 evals=864 1725s
[561285.4] IDEA_D_N2880: step 86 ELEVATED pairs=32458 evals=880 1777s
[561295.2] IDEA_D_N2880: step 87 ELEVATED pairs=32349 evals=896 1787s
[561295.9] IDEA_D_N2880: step 88 NO_CANDIDATES_GENERATED pairs=32349 evals=896 1788s
[561351.8] IDEA_D_N2880: step 89 ELEVATED pairs=32234 evals=912 1844s
[561365.8] IDEA_D_N2880: step 90 ELEVATED pairs=32162 evals=928 1858s
[561366.5] IDEA_D_N2880: step 91 NO_CANDIDATES_GENERATED pairs=32162 evals=928 1858s
[561423.9] IDEA_D_N2880: step 92 ELEVATED pairs=32037 evals=944 1916s
[561433.3] IDEA_D_N2880: step 93 ELEVATED pairs=31906 evals=960 1925s
[561434.0] IDEA_D_N2880: step 94 NO_CANDIDATES_GENERATED pairs=31906 evals=960 1926s
[561493.0] IDEA_D_N2880: step 95 ELEVATED pairs=31737 evals=976 1985s
[561502.6] IDEA_D_N2880: step 96 ELEVATED pairs=31634 evals=992 1994s
[561506.9] IDEA_D_N2880: step 97 ALL_CANDIDATES_REJECTED pairs=31634 evals=1001 1999s
[561560.3] IDEA_D_N2880: step 98 ELEVATED pairs=31467 evals=1017 2052s
[561572.2] IDEA_D_N2880: step 99 ELEVATED pairs=31365 evals=1033 2064s
[561572.9] IDEA_D_N2880: step 100 NO_CANDIDATES_GENERATED pairs=31365 evals=1033 2065s
[561629.4] IDEA_D_N2880: step 101 ELEVATED pairs=31195 evals=1049 2121s
[561639.6] IDEA_D_N2880: step 102 ELEVATED pairs=31071 evals=1065 2131s
[561640.3] IDEA_D_N2880: step 103 NO_CANDIDATES_GENERATED pairs=31071 evals=1065 2132s
[561694.8] IDEA_D_N2880: step 104 ELEVATED pairs=30948 evals=1081 2187s
[561704.8] IDEA_D_N2880: step 105 ELEVATED pairs=30825 evals=1097 2197s
[561705.4] IDEA_D_N2880: step 106 NO_CANDIDATES_GENERATED pairs=30825 evals=1097 2197s
[561773.2] IDEA_D_N2880: step 107 ELEVATED pairs=30683 evals=1113 2265s
[561773.3] IDEA_D_N2880: step 108 NO_CANDIDATES_GENERATED pairs=30683 evals=1113 2265s
[561774.0] IDEA_D_N2880: step 109 NO_CANDIDATES_GENERATED pairs=30683 evals=1113 2266s
[561819.4] IDEA_D_N2880: step 110 NO_CANDIDATES_GENERATED pairs=30683 evals=1113 2311s
[561819.5] IDEA_D_N2880: step 111 NO_CANDIDATES_GENERATED pairs=30683 evals=1113 2311s
[561820.2] IDEA_D_N2880: step 112 NO_CANDIDATES_GENERATED pairs=30683 evals=1113 2312s
[561874.8] IDEA_D_N2880: step 113 ELEVATED pairs=30624 evals=1129 2367s
[561884.5] IDEA_D_N2880: step 114 ELEVATED pairs=30561 evals=1145 2376s
[561885.0] IDEA_D_N2880: step 115 NO_CANDIDATES_GENERATED pairs=30561 evals=1145 2377s
[561936.6] IDEA_D_N2880: step 116 ELEVATED pairs=30499 evals=1161 2428s
[561946.3] IDEA_D_N2880: step 117 ELEVATED pairs=30342 evals=1177 2438s
[561946.8] IDEA_D_N2880: step 118 NO_CANDIDATES_GENERATED pairs=30342 evals=1177 2439s
[561993.4] IDEA_D_N2880: step 119 ELEVATED pairs=30279 evals=1193 2485s
[562008.7] IDEA_D_N2880: step 120 ELEVATED pairs=30139 evals=1209 2500s
[562009.1] IDEA_D_N2880: step 121 NO_CANDIDATES_GENERATED pairs=30139 evals=1209 2501s
[562052.9] IDEA_D_N2880: step 122 ELEVATED pairs=29985 evals=1225 2545s
[562060.4] IDEA_D_N2880: step 123 ELEVATED pairs=29924 evals=1241 2552s
[562060.9] IDEA_D_N2880: step 124 NO_CANDIDATES_GENERATED pairs=29924 evals=1241 2553s
[562102.0] IDEA_D_N2880: step 125 ELEVATED pairs=29858 evals=1257 2594s
[562110.1] IDEA_D_N2880: step 126 ELEVATED pairs=29785 evals=1273 2602s
[562110.5] IDEA_D_N2880: step 127 NO_CANDIDATES_GENERATED pairs=29785 evals=1273 2602s
[562154.1] IDEA_D_N2880: step 128 ELEVATED pairs=29688 evals=1289 2646s
[562161.1] IDEA_D_N2880: step 129 ELEVATED pairs=29621 evals=1305 2653s
[562161.6] IDEA_D_N2880: step 130 NO_CANDIDATES_GENERATED pairs=29621 evals=1305 2653s
[562202.0] IDEA_D_N2880: step 131 ELEVATED pairs=29533 evals=1321 2694s
[562207.1] IDEA_D_N2880: step 132 ELEVATED pairs=29467 evals=1337 2699s
[562207.6] IDEA_D_N2880: step 133 NO_CANDIDATES_GENERATED pairs=29467 evals=1337 2699s
[562253.8] IDEA_D_N2880: step 134 ELEVATED pairs=29321 evals=1353 2746s
[562261.1] IDEA_D_N2880: step 135 ELEVATED pairs=29231 evals=1369 2753s
[562261.6] IDEA_D_N2880: step 136 NO_CANDIDATES_GENERATED pairs=29231 evals=1369 2753s
[562308.1] IDEA_D_N2880: step 137 ELEVATED pairs=29087 evals=1385 2800s
[562314.2] IDEA_D_N2880: step 138 ELEVATED pairs=28956 evals=1401 2806s
[562321.5] IDEA_D_N2880: step 139 ELEVATED pairs=28874 evals=1417 2813s
[562369.9] IDEA_D_N2880: step 140 ELEVATED pairs=28822 evals=1433 2862s
[562377.4] IDEA_D_N2880: step 141 ELEVATED pairs=28770 evals=1449 2869s
[562377.9] IDEA_D_N2880: step 142 NO_CANDIDATES_GENERATED pairs=28770 evals=1449 2870s
[562426.4] IDEA_D_N2880: step 143 ELEVATED pairs=28718 evals=1465 2918s
[562434.1] IDEA_D_N2880: step 144 ELEVATED pairs=28606 evals=1481 2926s
[562434.5] IDEA_D_N2880: step 145 NO_CANDIDATES_GENERATED pairs=28606 evals=1481 2926s
[562480.2] IDEA_D_N2880: step 146 PREFIX_EVALUATED_NO_WINNER_DEFERRED pairs=28606 evals=1497 2972s
[562486.8] IDEA_D_N2880: step 147 ELEVATED pairs=28565 evals=1513 2979s
[562487.2] IDEA_D_N2880: step 148 NO_CANDIDATES_GENERATED pairs=28565 evals=1513 2979s
[562531.7] IDEA_D_N2880: step 149 ELEVATED pairs=28495 evals=1529 3023s
[562538.0] IDEA_D_N2880: step 150 ELEVATED pairs=28419 evals=1545 3030s
[562538.5] IDEA_D_N2880: step 151 NO_CANDIDATES_GENERATED pairs=28419 evals=1545 3030s
[562585.1] IDEA_D_N2880: step 152 ELEVATED pairs=28350 evals=1561 3077s
[562591.2] IDEA_D_N2880: step 153 ELEVATED pairs=28294 evals=1577 3083s
[562591.7] IDEA_D_N2880: step 154 NO_CANDIDATES_GENERATED pairs=28294 evals=1577 3083s
[562639.0] IDEA_D_N2880: step 155 ELEVATED pairs=28248 evals=1593 3131s
[562639.2] IDEA_D_N2880: step 156 NO_CANDIDATES_GENERATED pairs=28248 evals=1593 3131s
[562639.6] IDEA_D_N2880: step 157 NO_CANDIDATES_GENERATED pairs=28248 evals=1593 3131s
[562681.7] IDEA_D_N2880: step 158 NO_CANDIDATES_GENERATED pairs=28248 evals=1593 3173s
[562681.8] IDEA_D_N2880: step 159 NO_CANDIDATES_GENERATED pairs=28248 evals=1593 3174s
[562682.3] IDEA_D_N2880: step 160 NO_CANDIDATES_GENERATED pairs=28248 evals=1593 3174s
[562724.4] IDEA_D_N2880: step 161 NO_CANDIDATES_GENERATED pairs=28248 evals=1593 3216s
[562724.5] IDEA_D_N2880: step 162 NO_CANDIDATES_GENERATED pairs=28248 evals=1593 3216s
[562724.9] IDEA_D_N2880: step 163 NO_CANDIDATES_GENERATED pairs=28248 evals=1593 3217s
[562766.6] IDEA_D_N2880: step 164 NO_CANDIDATES_GENERATED pairs=28248 evals=1593 3258s
[562773.2] IDEA_D_N2880: step 165 ELEVATED pairs=28155 evals=1609 3265s
[562773.7] IDEA_D_N2880: step 166 NO_CANDIDATES_GENERATED pairs=28155 evals=1609 3265s
[562821.8] IDEA_D_N2880: step 167 ELEVATED pairs=28121 evals=1625 3314s
[562830.0] IDEA_D_N2880: step 168 ELEVATED pairs=28045 evals=1641 3322s
[562830.5] IDEA_D_N2880: step 169 NO_CANDIDATES_GENERATED pairs=28045 evals=1641 3322s
[562880.7] IDEA_D_N2880: step 170 ELEVATED pairs=27979 evals=1657 3372s
[562886.3] IDEA_D_N2880: step 171 ELEVATED pairs=27914 evals=1673 3378s
[562886.8] IDEA_D_N2880: step 172 NO_CANDIDATES_GENERATED pairs=27914 evals=1673 3379s
[562937.3] IDEA_D_N2880: step 173 ELEVATED pairs=27851 evals=1689 3429s
[562937.4] IDEA_D_N2880: step 174 NO_CANDIDATES_GENERATED pairs=27851 evals=1689 3429s
[562937.9] IDEA_D_N2880: step 175 NO_CANDIDATES_GENERATED pairs=27851 evals=1689 3430s
[562983.9] IDEA_D_N2880: step 176 NO_CANDIDATES_GENERATED pairs=27851 evals=1689 3476s
[562984.0] IDEA_D_N2880: step 177 NO_CANDIDATES_GENERATED pairs=27851 evals=1689 3476s
[562984.5] IDEA_D_N2880: step 178 NO_CANDIDATES_GENERATED pairs=27851 evals=1689 3476s
[563029.8] IDEA_D_N2880: step 179 NO_CANDIDATES_GENERATED pairs=27851 evals=1689 3522s
[563034.8] IDEA_D_N2880: step 180 ELEVATED pairs=27791 evals=1705 3527s
[563035.3] IDEA_D_N2880: step 181 NO_CANDIDATES_GENERATED pairs=27791 evals=1705 3527s
[563091.7] IDEA_D_N2880: step 182 ELEVATED pairs=27683 evals=1721 3583s
[563091.8] IDEA_D_N2880: step 183 NO_CANDIDATES_GENERATED pairs=27683 evals=1721 3584s
[563092.3] IDEA_D_N2880: step 184 NO_CANDIDATES_GENERATED pairs=27683 evals=1721 3584s
[563141.1] IDEA_D_N2880: step 185 NO_CANDIDATES_GENERATED pairs=27683 evals=1721 3633s
[563141.2] IDEA_D_N2880: step 186 NO_CANDIDATES_GENERATED pairs=27683 evals=1721 3633s
[563141.8] IDEA_D_N2880: step 187 NO_CANDIDATES_GENERATED pairs=27683 evals=1721 3634s
[563194.9] IDEA_D_N2880: step 188 ELEVATED pairs=27657 evals=1737 3687s
[563195.0] IDEA_D_N2880: step 189 NO_CANDIDATES_GENERATED pairs=27657 evals=1737 3687s
[563195.6] IDEA_D_N2880: step 190 NO_CANDIDATES_GENERATED pairs=27657 evals=1737 3687s
[563244.0] IDEA_D_N2880: step 191 NO_CANDIDATES_GENERATED pairs=27657 evals=1737 3736s
[563248.9] IDEA_D_N2880: step 192 ELEVATED pairs=27603 evals=1753 3741s
[563249.5] IDEA_D_N2880: step 193 NO_CANDIDATES_GENERATED pairs=27603 evals=1753 3741s
[563299.4] IDEA_D_N2880: step 194 NO_CANDIDATES_GENERATED pairs=27603 evals=1753 3791s
[563305.1] IDEA_D_N2880: step 195 ELEVATED pairs=27551 evals=1769 3797s
[563305.8] IDEA_D_N2880: step 196 NO_CANDIDATES_GENERATED pairs=27551 evals=1769 3798s
[563365.1] IDEA_D_N2880: step 197 ELEVATED pairs=27471 evals=1785 3857s
[563370.6] IDEA_D_N2880: step 198 ELEVATED pairs=27420 evals=1801 3862s
[563371.3] IDEA_D_N2880: step 199 NO_CANDIDATES_GENERATED pairs=27420 evals=1801 3863s
[563430.5] IDEA_D_N2880: step 200 ELEVATED pairs=27375 evals=1817 3922s
[563430.8] IDEA_D_N2880: done final=27375 moves=112 first=112 reloc=0 ret=0 evals=1817 stop=TARGET_LIMIT
[563478.0] IDEA_D_N2880: recheck PASS checks=130816
