[558643.0] IDEA_B_R1440: start mode=R budget=1440 spec={"name": "IDEA_B", "target_policy": "LEGACY", "evaluation_policy": "E2_ORDERED_K16", "traversal_policy": "BASE", "max_targets": 200, "k_per_target": 16, "family_round_robin": false, "relocation_side_reserve": 8, "waiting_age": false, "route_coverage": false, "multi_anchor": false, "exact_dedup": false, "decision_cache": false, "return_action": false, "cache_structural_skips": false, "window_slack_mm": 1e-05, "notes": ""}
[558643.0] IDEA_B_R1440: start state=main C:\Users\lihao\Desktop\Graduation Project\OpticalWaveguideRouter3D\outputs\3d_strategy_v3\512_ablation\D_both_enabled pairs=42909
[558650.9] IDEA_B_R1440: INITIAL_DONE pairs=42909
[558651.3] IDEA_B_R1440: step 1 NO_CANDIDATES_GENERATED pairs=42909 evals=0 1s
[558651.6] IDEA_B_R1440: step 2 NO_CANDIDATES_GENERATED pairs=42909 evals=0 1s
[558663.6] IDEA_B_R1440: step 3 ELEVATED pairs=42661 evals=16 13s
[558682.0] IDEA_B_R1440: step 4 ELEVATED pairs=42487 evals=32 31s
[558697.4] IDEA_B_R1440: step 5 ELEVATED pairs=42305 evals=48 47s
[558712.0] IDEA_B_R1440: step 6 ELEVATED pairs=42121 evals=64 61s
[558726.7] IDEA_B_R1440: step 7 ELEVATED pairs=41936 evals=80 76s
[558737.5] IDEA_B_R1440: step 8 ELEVATED pairs=41680 evals=96 87s
[558752.1] IDEA_B_R1440: step 9 ELEVATED pairs=41486 evals=112 101s
[558762.4] IDEA_B_R1440: step 10 ELEVATED pairs=41225 evals=128 112s
[558782.1] IDEA_B_R1440: step 11 ELEVATED pairs=41046 evals=144 131s
[558801.7] IDEA_B_R1440: step 12 ELEVATED pairs=40867 evals=160 151s
[558811.0] IDEA_B_R1440: step 13 ELEVATED pairs=40628 evals=176 160s
[558823.7] IDEA_B_R1440: step 14 ELEVATED pairs=40377 evals=192 173s
[558832.8] IDEA_B_R1440: step 15 ELEVATED pairs=40136 evals=208 182s
[558845.5] IDEA_B_R1440: step 16 ELEVATED pairs=39887 evals=224 195s
[558858.4] IDEA_B_R1440: step 17 ELEVATED pairs=39640 evals=240 208s
[558871.5] IDEA_B_R1440: step 18 ELEVATED pairs=39399 evals=256 221s
[558885.5] IDEA_B_R1440: step 19 ELEVATED pairs=39175 evals=272 235s
[558898.3] IDEA_B_R1440: step 20 ELEVATED pairs=38969 evals=288 248s
[558915.4] IDEA_B_R1440: step 21 ELEVATED pairs=38811 evals=304 265s
[558928.7] IDEA_B_R1440: step 22 ELEVATED pairs=38668 evals=320 278s
[558941.0] IDEA_B_R1440: step 23 ELEVATED pairs=38466 evals=336 290s
[558953.6] IDEA_B_R1440: step 24 ELEVATED pairs=38332 evals=352 303s
[558963.8] IDEA_B_R1440: step 25 ELEVATED pairs=38108 evals=368 313s
[558976.6] IDEA_B_R1440: step 26 ELEVATED pairs=37974 evals=384 326s
[558987.0] IDEA_B_R1440: step 27 ELEVATED pairs=37771 evals=400 336s
[558997.5] IDEA_B_R1440: step 28 ELEVATED pairs=37568 evals=416 347s
[559006.2] IDEA_B_R1440: step 29 ELEVATED pairs=37338 evals=432 356s
[559014.9] IDEA_B_R1440: step 30 ELEVATED pairs=37110 evals=448 364s
[559026.9] IDEA_B_R1440: step 31 ELEVATED pairs=36910 evals=464 376s
[559035.6] IDEA_B_R1440: step 32 ELEVATED pairs=36684 evals=480 385s
[559047.0] IDEA_B_R1440: step 33 ELEVATED pairs=36466 evals=496 396s
[559058.3] IDEA_B_R1440: step 34 ELEVATED pairs=36269 evals=512 408s
[559078.0] IDEA_B_R1440: step 35 ELEVATED pairs=36073 evals=528 427s
[559091.9] IDEA_B_R1440: step 36 ELEVATED pairs=35887 evals=544 441s
[559103.2] IDEA_B_R1440: step 37 ELEVATED pairs=35774 evals=560 453s
[559115.8] IDEA_B_R1440: step 38 ELEVATED pairs=35543 evals=576 465s
[559126.1] IDEA_B_R1440: step 39 ELEVATED pairs=35343 evals=592 475s
[559138.9] IDEA_B_R1440: step 40 ELEVATED pairs=35138 evals=608 488s
[559139.2] IDEA_B_R1440: step 41 NO_CANDIDATES_GENERATED pairs=35138 evals=608 489s
[559139.4] IDEA_B_R1440: step 42 NO_CANDIDATES_GENERATED pairs=35138 evals=608 489s
[559152.7] IDEA_B_R1440: step 43 ELEVATED pairs=34935 evals=624 502s
[559166.4] IDEA_B_R1440: step 44 ELEVATED pairs=34734 evals=640 516s
[559176.0] IDEA_B_R1440: step 45 ELEVATED pairs=34539 evals=656 525s
[559191.0] IDEA_B_R1440: step 46 ELEVATED pairs=34340 evals=672 540s
[559206.2] IDEA_B_R1440: step 47 ELEVATED pairs=34143 evals=688 556s
[559220.2] IDEA_B_R1440: step 48 ELEVATED pairs=33933 evals=704 570s
[559237.3] IDEA_B_R1440: step 49 ELEVATED pairs=33738 evals=720 587s
[559251.4] IDEA_B_R1440: step 50 ELEVATED pairs=33530 evals=736 601s
[559263.1] IDEA_B_R1440: step 51 ELEVATED pairs=33326 evals=752 612s
[559280.6] IDEA_B_R1440: step 52 ELEVATED pairs=33133 evals=768 630s
[559294.1] IDEA_B_R1440: step 53 ELEVATED pairs=32926 evals=784 643s
[559312.0] IDEA_B_R1440: step 54 ELEVATED pairs=32735 evals=800 661s
[559324.8] IDEA_B_R1440: step 55 ELEVATED pairs=32530 evals=816 674s
[559341.4] IDEA_B_R1440: step 56 ELEVATED pairs=32341 evals=832 691s
[559353.5] IDEA_B_R1440: step 57 ELEVATED pairs=32137 evals=848 703s
[559370.6] IDEA_B_R1440: step 58 ELEVATED pairs=31950 evals=864 720s
[559378.7] IDEA_B_R1440: step 59 ELEVATED pairs=31792 evals=880 728s
[559390.8] IDEA_B_R1440: step 60 ELEVATED pairs=31590 evals=896 740s
[559403.0] IDEA_B_R1440: step 61 ELEVATED pairs=31389 evals=912 752s
[559414.1] IDEA_B_R1440: step 62 ELEVATED pairs=31226 evals=928 763s
[559432.9] IDEA_B_R1440: step 63 ELEVATED pairs=31027 evals=944 782s
[559451.5] IDEA_B_R1440: step 64 ELEVATED pairs=30829 evals=960 801s
[559452.1] IDEA_B_R1440: step 65 NO_CANDIDATES_GENERATED pairs=30829 evals=960 801s
[559453.1] IDEA_B_R1440: step 66 NO_CANDIDATES_GENERATED pairs=30829 evals=960 802s
[559453.6] IDEA_B_R1440: step 67 NO_CANDIDATES_GENERATED pairs=30829 evals=960 803s
[559471.2] IDEA_B_R1440: step 68 ELEVATED pairs=30633 evals=976 821s
[559494.9] IDEA_B_R1440: step 69 ELEVATED pairs=30481 evals=992 844s
[559509.9] IDEA_B_R1440: step 70 ELEVATED pairs=30367 evals=1008 859s
[559530.2] IDEA_B_R1440: step 71 ELEVATED pairs=30214 evals=1024 880s
[559546.9] IDEA_B_R1440: step 72 ELEVATED pairs=30030 evals=1033 896s
[559566.5] IDEA_B_R1440: step 73 ELEVATED pairs=29879 evals=1049 916s
[559581.9] IDEA_B_R1440: step 74 ELEVATED pairs=29697 evals=1058 931s
[559609.8] IDEA_B_R1440: step 75 ELEVATED pairs=29548 evals=1074 959s
[559628.0] IDEA_B_R1440: step 76 ELEVATED pairs=29368 evals=1083 977s
[559642.0] IDEA_B_R1440: step 77 ELEVATED pairs=29190 evals=1092 991s
[559678.4] IDEA_B_R1440: step 78 ELEVATED pairs=28961 evals=1108 1028s
[559689.1] IDEA_B_R1440: step 79 ELEVATED pairs=28776 evals=1124 1038s
[559702.8] IDEA_B_R1440: step 80 ELEVATED pairs=28593 evals=1140 1052s
[559713.0] IDEA_B_R1440: step 81 ELEVATED pairs=28412 evals=1156 1062s
[559723.6] IDEA_B_R1440: step 82 ELEVATED pairs=28233 evals=1172 1073s
[559732.6] IDEA_B_R1440: step 83 ELEVATED pairs=28134 evals=1188 1082s
[559748.5] IDEA_B_R1440: step 84 ELEVATED pairs=28022 evals=1204 1098s
[559764.2] IDEA_B_R1440: step 85 ELEVATED pairs=27902 evals=1220 1113s
[559776.2] IDEA_B_R1440: step 86 ELEVATED pairs=27782 evals=1236 1126s
[559787.5] IDEA_B_R1440: step 87 ELEVATED pairs=27662 evals=1252 1137s
[559800.5] IDEA_B_R1440: step 88 ELEVATED pairs=27514 evals=1268 1150s
[559810.6] IDEA_B_R1440: step 89 ELEVATED pairs=27394 evals=1284 1160s
[559826.5] IDEA_B_R1440: step 90 ELEVATED pairs=27248 evals=1300 1176s
[559842.3] IDEA_B_R1440: step 91 ELEVATED pairs=27092 evals=1316 1192s
[559857.2] IDEA_B_R1440: step 92 PREFIX_EVALUATED_NO_WINNER_DEFERRED pairs=27092 evals=1332 1207s
[559875.2] IDEA_B_R1440: step 93 ELEVATED pairs=26951 evals=1348 1225s
[559892.3] IDEA_B_R1440: step 94 PREFIX_EVALUATED_NO_WINNER_DEFERRED pairs=26951 evals=1364 1242s
[559906.2] IDEA_B_R1440: step 95 ELEVATED pairs=26895 evals=1380 1256s
[559922.3] IDEA_B_R1440: step 96 ELEVATED pairs=26781 evals=1396 1272s
[559943.6] IDEA_B_R1440: step 97 ELEVATED pairs=26690 evals=1412 1293s
[559961.0] IDEA_B_R1440: step 98 ELEVATED pairs=26525 evals=1428 1310s
[559970.9] IDEA_B_R1440: step 99 ELEVATED pairs=26437 evals=1440 1320s
[559971.6] IDEA_B_R1440: done final=26437 moves=90 first=90 reloc=0 ret=0 evals=1440 stop=CANDIDATE_BUDGET_EXHAUSTED
[560095.2] IDEA_B_R1440: recheck PASS checks=130816
