[603295.2] P4_A_FAMILY_CAP60_R2880: start mode=R budget=2880 spec={"name": "P4_A_FAMILY_CAP60", "target_policy": "LEGACY", "evaluation_policy": "E2_ORDERED_K16", "traversal_policy": "BASE", "max_targets": 2000, "k_per_target": 16, "family_round_robin": true, "relocation_side_reserve": 0, "waiting_age": false, "route_coverage": false, "multi_anchor": false, "exact_dedup": false, "decision_cache": false, "return_action": false, "cache_structural_skips": false, "window_slack_mm": 1e-05, "generation_domain": "LINE_ONLY", "path_window_settings": null, "stage_length_cap_mm": 60.0, "notes": ""}
[603295.2] P4_A_FAMILY_CAP60_R2880: start state=main C:\Users\lihao\Desktop\Graduation Project\OpticalWaveguideRouter3D\outputs\3d_strategy_v3\512_ablation\D_both_enabled pairs=42909
[603299.7] P4_A_FAMILY_CAP60_R2880: INITIAL_DONE pairs=42909
[603299.9] P4_A_FAMILY_CAP60_R2880: step 1 NO_CANDIDATES_GENERATED pairs=42909 evals=0 0s
[603300.0] P4_A_FAMILY_CAP60_R2880: step 2 NO_CANDIDATES_GENERATED pairs=42909 evals=0 0s
[603308.2] P4_A_FAMILY_CAP60_R2880: step 3 ELEVATED pairs=42653 evals=16 8s
[603319.1] P4_A_FAMILY_CAP60_R2880: step 4 ELEVATED pairs=42440 evals=32 19s
[603330.5] P4_A_FAMILY_CAP60_R2880: step 5 ELEVATED pairs=42218 evals=48 31s
[603341.6] P4_A_FAMILY_CAP60_R2880: step 6 ELEVATED pairs=41998 evals=64 42s
[603351.1] P4_A_FAMILY_CAP60_R2880: step 7 ELEVATED pairs=41742 evals=80 51s
[603362.5] P4_A_FAMILY_CAP60_R2880: step 8 ELEVATED pairs=41524 evals=96 63s
[603371.3] P4_A_FAMILY_CAP60_R2880: step 9 ELEVATED pairs=41274 evals=112 72s
[603379.9] P4_A_FAMILY_CAP60_R2880: step 10 ELEVATED pairs=41024 evals=128 80s
[603388.4] P4_A_FAMILY_CAP60_R2880: step 11 ELEVATED pairs=40772 evals=144 89s
[603397.0] P4_A_FAMILY_CAP60_R2880: step 12 ELEVATED pairs=40524 evals=160 97s
[603409.1] P4_A_FAMILY_CAP60_R2880: step 13 ELEVATED pairs=40314 evals=176 109s
[603417.2] P4_A_FAMILY_CAP60_R2880: step 14 ELEVATED pairs=40068 evals=192 117s
[603431.5] P4_A_FAMILY_CAP60_R2880: step 15 ELEVATED pairs=39859 evals=208 132s
[603446.1] P4_A_FAMILY_CAP60_R2880: step 16 ELEVATED pairs=39652 evals=224 146s
[603456.9] P4_A_FAMILY_CAP60_R2880: step 17 ELEVATED pairs=39463 evals=240 157s
[603464.0] P4_A_FAMILY_CAP60_R2880: step 18 ELEVATED pairs=39221 evals=256 164s
[603472.7] P4_A_FAMILY_CAP60_R2880: step 19 ELEVATED pairs=38991 evals=272 173s
[603483.4] P4_A_FAMILY_CAP60_R2880: step 20 ELEVATED pairs=38838 evals=288 184s
[603492.4] P4_A_FAMILY_CAP60_R2880: step 21 ELEVATED pairs=38599 evals=304 193s
[603500.8] P4_A_FAMILY_CAP60_R2880: step 22 ELEVATED pairs=38376 evals=320 201s
[603507.0] P4_A_FAMILY_CAP60_R2880: step 23 ELEVATED pairs=38148 evals=336 207s
[603518.9] P4_A_FAMILY_CAP60_R2880: step 24 ELEVATED pairs=37927 evals=352 219s
[603525.2] P4_A_FAMILY_CAP60_R2880: step 25 ELEVATED pairs=37701 evals=368 225s
[603531.4] P4_A_FAMILY_CAP60_R2880: step 26 ELEVATED pairs=37476 evals=384 232s
[603545.3] P4_A_FAMILY_CAP60_R2880: step 27 ELEVATED pairs=37285 evals=400 246s
[603556.9] P4_A_FAMILY_CAP60_R2880: step 28 ELEVATED pairs=37126 evals=416 257s
[603568.1] P4_A_FAMILY_CAP60_R2880: step 29 ELEVATED pairs=36969 evals=432 268s
[603583.0] P4_A_FAMILY_CAP60_R2880: step 30 ELEVATED pairs=36778 evals=448 283s
[603594.2] P4_A_FAMILY_CAP60_R2880: step 31 ELEVATED pairs=36525 evals=464 294s
[603606.7] P4_A_FAMILY_CAP60_R2880: step 32 ELEVATED pairs=36365 evals=480 307s
[603606.9] P4_A_FAMILY_CAP60_R2880: step 33 NO_CANDIDATES_GENERATED pairs=36365 evals=480 307s
[603607.1] P4_A_FAMILY_CAP60_R2880: step 34 NO_CANDIDATES_GENERATED pairs=36365 evals=480 307s
[603616.4] P4_A_FAMILY_CAP60_R2880: step 35 ELEVATED pairs=36160 evals=496 317s
[603625.5] P4_A_FAMILY_CAP60_R2880: step 36 ELEVATED pairs=35958 evals=512 326s
[603634.1] P4_A_FAMILY_CAP60_R2880: step 37 ELEVATED pairs=35818 evals=528 334s
[603648.2] P4_A_FAMILY_CAP60_R2880: step 38 ELEVATED pairs=35612 evals=544 348s
[603654.9] P4_A_FAMILY_CAP60_R2880: step 39 ELEVATED pairs=35417 evals=560 355s
[603668.8] P4_A_FAMILY_CAP60_R2880: step 40 ELEVATED pairs=35213 evals=576 369s
[603682.2] P4_A_FAMILY_CAP60_R2880: step 41 ELEVATED pairs=35010 evals=592 382s
[603691.9] P4_A_FAMILY_CAP60_R2880: step 42 ELEVATED pairs=34768 evals=608 392s
[603705.5] P4_A_FAMILY_CAP60_R2880: step 43 ELEVATED pairs=34567 evals=624 406s
[603719.1] P4_A_FAMILY_CAP60_R2880: step 44 ELEVATED pairs=34447 evals=640 419s
[603732.4] P4_A_FAMILY_CAP60_R2880: step 45 ELEVATED pairs=34247 evals=656 433s
[603744.7] P4_A_FAMILY_CAP60_R2880: step 46 ELEVATED pairs=34042 evals=672 445s
[603757.9] P4_A_FAMILY_CAP60_R2880: step 47 ELEVATED pairs=33844 evals=688 458s
[603770.5] P4_A_FAMILY_CAP60_R2880: step 48 ELEVATED pairs=33726 evals=704 471s
[603783.5] P4_A_FAMILY_CAP60_R2880: step 49 ELEVATED pairs=33529 evals=720 484s
[603795.3] P4_A_FAMILY_CAP60_R2880: step 50 ELEVATED pairs=33337 evals=736 496s
[603808.3] P4_A_FAMILY_CAP60_R2880: step 51 ELEVATED pairs=33142 evals=752 509s
[603820.4] P4_A_FAMILY_CAP60_R2880: step 52 ELEVATED pairs=32952 evals=768 521s
[603833.2] P4_A_FAMILY_CAP60_R2880: step 53 ELEVATED pairs=32758 evals=784 533s
[603845.2] P4_A_FAMILY_CAP60_R2880: step 54 ELEVATED pairs=32569 evals=800 545s
[603858.0] P4_A_FAMILY_CAP60_R2880: step 55 ELEVATED pairs=32377 evals=816 558s
[603869.8] P4_A_FAMILY_CAP60_R2880: step 56 ELEVATED pairs=32190 evals=832 570s
[603882.9] P4_A_FAMILY_CAP60_R2880: step 57 ELEVATED pairs=32004 evals=848 583s
[603896.1] P4_A_FAMILY_CAP60_R2880: step 58 ELEVATED pairs=31882 evals=864 596s
[603911.9] P4_A_FAMILY_CAP60_R2880: step 59 ELEVATED pairs=31651 evals=880 612s
[603922.6] P4_A_FAMILY_CAP60_R2880: step 60 ELEVATED pairs=31440 evals=896 623s
[603933.1] P4_A_FAMILY_CAP60_R2880: step 61 ELEVATED pairs=31252 evals=912 633s
[603947.3] P4_A_FAMILY_CAP60_R2880: step 62 ELEVATED pairs=31023 evals=928 648s
[603957.7] P4_A_FAMILY_CAP60_R2880: step 63 ELEVATED pairs=30837 evals=944 658s
[603971.3] P4_A_FAMILY_CAP60_R2880: step 64 ELEVATED pairs=30610 evals=960 672s
[603981.6] P4_A_FAMILY_CAP60_R2880: step 65 ELEVATED pairs=30426 evals=976 682s
[603995.4] P4_A_FAMILY_CAP60_R2880: step 66 ELEVATED pairs=30201 evals=992 696s
[604005.9] P4_A_FAMILY_CAP60_R2880: step 67 ELEVATED pairs=30018 evals=1008 706s
[604019.7] P4_A_FAMILY_CAP60_R2880: step 68 ELEVATED pairs=29795 evals=1024 720s
[604033.3] P4_A_FAMILY_CAP60_R2880: step 69 ELEVATED pairs=29574 evals=1040 734s
[604040.3] P4_A_FAMILY_CAP60_R2880: step 70 ELEVATED pairs=29437 evals=1056 741s
[604052.9] P4_A_FAMILY_CAP60_R2880: step 71 ELEVATED pairs=29219 evals=1072 753s
[604060.5] P4_A_FAMILY_CAP60_R2880: step 72 ELEVATED pairs=29046 evals=1088 761s
[604067.5] P4_A_FAMILY_CAP60_R2880: step 73 ELEVATED pairs=28907 evals=1104 768s
[604079.5] P4_A_FAMILY_CAP60_R2880: step 74 ELEVATED pairs=28690 evals=1120 780s
[604086.7] P4_A_FAMILY_CAP60_R2880: step 75 ELEVATED pairs=28550 evals=1136 787s
[604093.7] P4_A_FAMILY_CAP60_R2880: step 76 ELEVATED pairs=28409 evals=1152 794s
[604104.0] P4_A_FAMILY_CAP60_R2880: step 77 ELEVATED pairs=28194 evals=1168 804s
[604109.6] P4_A_FAMILY_CAP60_R2880: step 78 ELEVATED pairs=28021 evals=1177 810s
[604116.4] P4_A_FAMILY_CAP60_R2880: step 79 ELEVATED pairs=27850 evals=1186 817s
[604126.7] P4_A_FAMILY_CAP60_R2880: step 80 ELEVATED pairs=27698 evals=1202 827s
[604132.1] P4_A_FAMILY_CAP60_R2880: step 81 ELEVATED pairs=27529 evals=1211 832s
[604143.9] P4_A_FAMILY_CAP60_R2880: step 82 ELEVATED pairs=27354 evals=1227 844s
[604149.2] P4_A_FAMILY_CAP60_R2880: step 83 ELEVATED pairs=27187 evals=1236 849s
[604158.5] P4_A_FAMILY_CAP60_R2880: step 84 ELEVATED pairs=26978 evals=1252 859s
[604168.6] P4_A_FAMILY_CAP60_R2880: step 85 ELEVATED pairs=26963 evals=1268 869s
[604178.6] P4_A_FAMILY_CAP60_R2880: step 86 ELEVATED pairs=26753 evals=1284 879s
[604188.3] P4_A_FAMILY_CAP60_R2880: step 87 ELEVATED pairs=26590 evals=1300 889s
[604193.8] P4_A_FAMILY_CAP60_R2880: step 88 ELEVATED pairs=26388 evals=1316 894s
[604194.0] P4_A_FAMILY_CAP60_R2880: step 89 NO_CANDIDATES_GENERATED pairs=26388 evals=1316 894s
[604194.1] P4_A_FAMILY_CAP60_R2880: step 90 NO_CANDIDATES_GENERATED pairs=26388 evals=1316 894s
[604205.6] P4_A_FAMILY_CAP60_R2880: step 91 ELEVATED pairs=26188 evals=1332 906s
[604216.9] P4_A_FAMILY_CAP60_R2880: step 92 ELEVATED pairs=26060 evals=1348 917s
[604228.2] P4_A_FAMILY_CAP60_R2880: step 93 ELEVATED pairs=25946 evals=1364 928s
[604237.6] P4_A_FAMILY_CAP60_R2880: step 94 ELEVATED pairs=25827 evals=1380 938s
[604251.4] P4_A_FAMILY_CAP60_R2880: step 95 ELEVATED pairs=25665 evals=1396 952s
[604265.2] P4_A_FAMILY_CAP60_R2880: step 96 ELEVATED pairs=25504 evals=1412 965s
[604265.4] P4_A_FAMILY_CAP60_R2880: step 97 NO_CANDIDATES_GENERATED pairs=25504 evals=1412 966s
[604265.6] P4_A_FAMILY_CAP60_R2880: step 98 NO_CANDIDATES_GENERATED pairs=25504 evals=1412 966s
[604265.8] P4_A_FAMILY_CAP60_R2880: step 99 NO_CANDIDATES_GENERATED pairs=25504 evals=1412 966s
[604266.0] P4_A_FAMILY_CAP60_R2880: step 100 NO_CANDIDATES_GENERATED pairs=25504 evals=1412 966s
[604266.1] P4_A_FAMILY_CAP60_R2880: step 101 NO_CANDIDATES_GENERATED pairs=25504 evals=1412 966s
[604266.3] P4_A_FAMILY_CAP60_R2880: step 102 NO_CANDIDATES_GENERATED pairs=25504 evals=1412 967s
[604279.8] P4_A_FAMILY_CAP60_R2880: step 103 ELEVATED pairs=25345 evals=1428 980s
[604295.3] P4_A_FAMILY_CAP60_R2880: step 104 ELEVATED pairs=25187 evals=1444 996s
[604306.6] P4_A_FAMILY_CAP60_R2880: step 105 ELEVATED pairs=24999 evals=1460 1007s
[604318.5] P4_A_FAMILY_CAP60_R2880: step 106 ELEVATED pairs=24813 evals=1476 1019s
[604326.6] P4_A_FAMILY_CAP60_R2880: step 107 ELEVATED pairs=24670 evals=1492 1027s
[604340.8] P4_A_FAMILY_CAP60_R2880: step 108 ELEVATED pairs=24486 evals=1508 1041s
[604353.1] P4_A_FAMILY_CAP60_R2880: step 109 ELEVATED pairs=24329 evals=1524 1053s
[604367.3] P4_A_FAMILY_CAP60_R2880: step 110 ELEVATED pairs=24147 evals=1540 1068s
[604379.5] P4_A_FAMILY_CAP60_R2880: step 111 ELEVATED pairs=23992 evals=1556 1080s
[604391.9] P4_A_FAMILY_CAP60_R2880: step 112 ELEVATED pairs=23839 evals=1572 1092s
[604402.2] P4_A_FAMILY_CAP60_R2880: step 113 ELEVATED pairs=23694 evals=1588 1102s
[604412.4] P4_A_FAMILY_CAP60_R2880: step 114 ELEVATED pairs=23552 evals=1604 1113s
[604426.5] P4_A_FAMILY_CAP60_R2880: step 115 ELEVATED pairs=23396 evals=1620 1127s
[604440.4] P4_A_FAMILY_CAP60_R2880: step 116 ELEVATED pairs=23290 evals=1636 1141s
[604454.0] P4_A_FAMILY_CAP60_R2880: step 117 ELEVATED pairs=23186 evals=1652 1154s
[604464.6] P4_A_FAMILY_CAP60_R2880: step 118 ELEVATED pairs=23054 evals=1668 1165s
[604472.8] P4_A_FAMILY_CAP60_R2880: step 119 ELEVATED pairs=22938 evals=1684 1173s
[604482.4] P4_A_FAMILY_CAP60_R2880: step 120 ELEVATED pairs=22837 evals=1693 1183s
[604490.6] P4_A_FAMILY_CAP60_R2880: step 121 ELEVATED pairs=22691 evals=1709 1191s
[604501.4] P4_A_FAMILY_CAP60_R2880: step 122 ELEVATED pairs=22553 evals=1725 1202s
[604511.9] P4_A_FAMILY_CAP60_R2880: step 123 ELEVATED pairs=22417 evals=1741 1212s
[604519.7] P4_A_FAMILY_CAP60_R2880: step 124 ELEVATED pairs=22274 evals=1757 1220s
[604529.8] P4_A_FAMILY_CAP60_R2880: step 125 ELEVATED pairs=22140 evals=1773 1230s
[604537.8] P4_A_FAMILY_CAP60_R2880: step 126 ELEVATED pairs=22000 evals=1789 1238s
[604560.6] P4_A_FAMILY_CAP60_R2880: step 127 ELEVATED pairs=21884 evals=1805 1261s
[604583.3] P4_A_FAMILY_CAP60_R2880: step 128 ELEVATED pairs=21762 evals=1821 1284s
[604603.4] P4_A_FAMILY_CAP60_R2880: step 129 ELEVATED pairs=21651 evals=1837 1304s
[604622.5] P4_A_FAMILY_CAP60_R2880: step 130 ELEVATED pairs=21539 evals=1853 1323s
[604631.7] P4_A_FAMILY_CAP60_R2880: step 131 ELEVATED pairs=21450 evals=1869 1332s
[604644.4] P4_A_FAMILY_CAP60_R2880: step 132 ELEVATED pairs=21312 evals=1885 1345s
[604656.4] P4_A_FAMILY_CAP60_R2880: step 133 ELEVATED pairs=21224 evals=1901 1357s
[604661.6] P4_A_FAMILY_CAP60_R2880: step 134 ELEVATED pairs=21076 evals=1917 1362s
[604666.9] P4_A_FAMILY_CAP60_R2880: step 135 ELEVATED pairs=20930 evals=1933 1367s
[604669.1] P4_A_FAMILY_CAP60_R2880: step 136 PREFIX_EVALUATED_NO_WINNER_DEFERRED pairs=20930 evals=1949 1369s
[604671.3] P4_A_FAMILY_CAP60_R2880: step 137 PREFIX_EVALUATED_NO_WINNER_DEFERRED pairs=20930 evals=1965 1372s
[604673.5] P4_A_FAMILY_CAP60_R2880: step 138 PREFIX_EVALUATED_NO_WINNER_DEFERRED pairs=20930 evals=1981 1374s
[604675.6] P4_A_FAMILY_CAP60_R2880: step 139 PREFIX_EVALUATED_NO_WINNER_DEFERRED pairs=20930 evals=1997 1376s
[604677.3] P4_A_FAMILY_CAP60_R2880: step 140 PREFIX_EVALUATED_NO_WINNER_DEFERRED pairs=20930 evals=2013 1378s
[604679.0] P4_A_FAMILY_CAP60_R2880: step 141 PREFIX_EVALUATED_NO_WINNER_DEFERRED pairs=20930 evals=2029 1379s
[604680.8] P4_A_FAMILY_CAP60_R2880: step 142 PREFIX_EVALUATED_NO_WINNER_DEFERRED pairs=20930 evals=2045 1381s
[604682.5] P4_A_FAMILY_CAP60_R2880: step 143 PREFIX_EVALUATED_NO_WINNER_DEFERRED pairs=20930 evals=2061 1383s
[604686.3] P4_A_FAMILY_CAP60_R2880: step 144 RELOCATED pairs=20909 evals=2077 1387s
[604690.6] P4_A_FAMILY_CAP60_R2880: step 145 PREFIX_EVALUATED_NO_WINNER_DEFERRED pairs=20909 evals=2093 1391s
[604694.9] P4_A_FAMILY_CAP60_R2880: step 146 PREFIX_EVALUATED_NO_WINNER_DEFERRED pairs=20909 evals=2109 1395s
[604699.1] P4_A_FAMILY_CAP60_R2880: step 147 PREFIX_EVALUATED_NO_WINNER_DEFERRED pairs=20909 evals=2125 1399s
[604701.3] P4_A_FAMILY_CAP60_R2880: step 148 PREFIX_EVALUATED_NO_WINNER_DEFERRED pairs=20909 evals=2141 1402s
[604703.4] P4_A_FAMILY_CAP60_R2880: step 149 PREFIX_EVALUATED_NO_WINNER_DEFERRED pairs=20909 evals=2157 1404s
[604705.5] P4_A_FAMILY_CAP60_R2880: step 150 PREFIX_EVALUATED_NO_WINNER_DEFERRED pairs=20909 evals=2173 1406s
[604707.6] P4_A_FAMILY_CAP60_R2880: step 151 PREFIX_EVALUATED_NO_WINNER_DEFERRED pairs=20909 evals=2189 1408s
[604709.3] P4_A_FAMILY_CAP60_R2880: step 152 PREFIX_EVALUATED_NO_WINNER_DEFERRED pairs=20909 evals=2205 1410s
[604711.1] P4_A_FAMILY_CAP60_R2880: step 153 PREFIX_EVALUATED_NO_WINNER_DEFERRED pairs=20909 evals=2221 1411s
[604712.9] P4_A_FAMILY_CAP60_R2880: step 154 PREFIX_EVALUATED_NO_WINNER_DEFERRED pairs=20909 evals=2237 1413s
[604714.6] P4_A_FAMILY_CAP60_R2880: step 155 PREFIX_EVALUATED_NO_WINNER_DEFERRED pairs=20909 evals=2253 1415s
[604714.8] P4_A_FAMILY_CAP60_R2880: step 156 NO_CANDIDATES_GENERATED pairs=20909 evals=2253 1415s
[604717.2] P4_A_FAMILY_CAP60_R2880: step 157 PREFIX_EVALUATED_NO_WINNER_DEFERRED pairs=20909 evals=2269 1417s
[604719.6] P4_A_FAMILY_CAP60_R2880: step 158 PREFIX_EVALUATED_NO_WINNER_DEFERRED pairs=20909 evals=2285 1420s
[604721.9] P4_A_FAMILY_CAP60_R2880: step 159 PREFIX_EVALUATED_NO_WINNER_DEFERRED pairs=20909 evals=2301 1422s
[604724.2] P4_A_FAMILY_CAP60_R2880: step 160 PREFIX_EVALUATED_NO_WINNER_DEFERRED pairs=20909 evals=2317 1424s
[604726.6] P4_A_FAMILY_CAP60_R2880: step 161 PREFIX_EVALUATED_NO_WINNER_DEFERRED pairs=20909 evals=2333 1427s
[604729.0] P4_A_FAMILY_CAP60_R2880: step 162 PREFIX_EVALUATED_NO_WINNER_DEFERRED pairs=20909 evals=2349 1429s
[604731.3] P4_A_FAMILY_CAP60_R2880: step 163 PREFIX_EVALUATED_NO_WINNER_DEFERRED pairs=20909 evals=2365 1432s
[604733.7] P4_A_FAMILY_CAP60_R2880: step 164 PREFIX_EVALUATED_NO_WINNER_DEFERRED pairs=20909 evals=2381 1434s
[604735.8] P4_A_FAMILY_CAP60_R2880: step 165 PREFIX_EVALUATED_NO_WINNER_DEFERRED pairs=20909 evals=2397 1436s
[604737.9] P4_A_FAMILY_CAP60_R2880: step 166 PREFIX_EVALUATED_NO_WINNER_DEFERRED pairs=20909 evals=2413 1438s
[604740.0] P4_A_FAMILY_CAP60_R2880: step 167 PREFIX_EVALUATED_NO_WINNER_DEFERRED pairs=20909 evals=2429 1440s
[604742.1] P4_A_FAMILY_CAP60_R2880: step 168 PREFIX_EVALUATED_NO_WINNER_DEFERRED pairs=20909 evals=2445 1442s
[604744.3] P4_A_FAMILY_CAP60_R2880: step 169 PREFIX_EVALUATED_NO_WINNER_DEFERRED pairs=20909 evals=2461 1445s
[604746.4] P4_A_FAMILY_CAP60_R2880: step 170 PREFIX_EVALUATED_NO_WINNER_DEFERRED pairs=20909 evals=2477 1447s
[604748.6] P4_A_FAMILY_CAP60_R2880: step 171 PREFIX_EVALUATED_NO_WINNER_DEFERRED pairs=20909 evals=2493 1449s
[604750.7] P4_A_FAMILY_CAP60_R2880: step 172 PREFIX_EVALUATED_NO_WINNER_DEFERRED pairs=20909 evals=2509 1451s
[604752.7] P4_A_FAMILY_CAP60_R2880: step 173 PREFIX_EVALUATED_NO_WINNER_DEFERRED pairs=20909 evals=2525 1453s
[604754.6] P4_A_FAMILY_CAP60_R2880: step 174 PREFIX_EVALUATED_NO_WINNER_DEFERRED pairs=20909 evals=2541 1455s
[604756.6] P4_A_FAMILY_CAP60_R2880: step 175 PREFIX_EVALUATED_NO_WINNER_DEFERRED pairs=20909 evals=2557 1457s
[604758.6] P4_A_FAMILY_CAP60_R2880: step 176 PREFIX_EVALUATED_NO_WINNER_DEFERRED pairs=20909 evals=2573 1459s
[604760.5] P4_A_FAMILY_CAP60_R2880: step 177 PREFIX_EVALUATED_NO_WINNER_DEFERRED pairs=20909 evals=2589 1461s
[604762.5] P4_A_FAMILY_CAP60_R2880: step 178 PREFIX_EVALUATED_NO_WINNER_DEFERRED pairs=20909 evals=2605 1463s
[604764.4] P4_A_FAMILY_CAP60_R2880: step 179 PREFIX_EVALUATED_NO_WINNER_DEFERRED pairs=20909 evals=2621 1465s
[604766.3] P4_A_FAMILY_CAP60_R2880: step 180 PREFIX_EVALUATED_NO_WINNER_DEFERRED pairs=20909 evals=2637 1467s
[604768.3] P4_A_FAMILY_CAP60_R2880: step 181 PREFIX_EVALUATED_NO_WINNER_DEFERRED pairs=20909 evals=2653 1469s
[604770.3] P4_A_FAMILY_CAP60_R2880: step 182 PREFIX_EVALUATED_NO_WINNER_DEFERRED pairs=20909 evals=2669 1471s
[604772.2] P4_A_FAMILY_CAP60_R2880: step 183 PREFIX_EVALUATED_NO_WINNER_DEFERRED pairs=20909 evals=2685 1472s
[604774.2] P4_A_FAMILY_CAP60_R2880: step 184 PREFIX_EVALUATED_NO_WINNER_DEFERRED pairs=20909 evals=2701 1474s
[604775.9] P4_A_FAMILY_CAP60_R2880: step 185 PREFIX_EVALUATED_NO_WINNER_DEFERRED pairs=20909 evals=2717 1476s
[604777.7] P4_A_FAMILY_CAP60_R2880: step 186 PREFIX_EVALUATED_NO_WINNER_DEFERRED pairs=20909 evals=2733 1478s
[604779.5] P4_A_FAMILY_CAP60_R2880: step 187 PREFIX_EVALUATED_NO_WINNER_DEFERRED pairs=20909 evals=2749 1480s
[604781.4] P4_A_FAMILY_CAP60_R2880: step 188 PREFIX_EVALUATED_NO_WINNER_DEFERRED pairs=20909 evals=2765 1482s
[604783.2] P4_A_FAMILY_CAP60_R2880: step 189 PREFIX_EVALUATED_NO_WINNER_DEFERRED pairs=20909 evals=2781 1483s
[604784.4] P4_A_FAMILY_CAP60_R2880: step 190 ALL_CANDIDATES_REJECTED pairs=20909 evals=2790 1485s
[604785.5] P4_A_FAMILY_CAP60_R2880: step 191 ALL_CANDIDATES_REJECTED pairs=20909 evals=2799 1486s
[604786.7] P4_A_FAMILY_CAP60_R2880: step 192 ALL_CANDIDATES_REJECTED pairs=20909 evals=2808 1487s
[604788.0] P4_A_FAMILY_CAP60_R2880: step 193 ALL_CANDIDATES_REJECTED pairs=20909 evals=2817 1488s
[604789.2] P4_A_FAMILY_CAP60_R2880: step 194 ALL_CANDIDATES_REJECTED pairs=20909 evals=2826 1489s
[604790.4] P4_A_FAMILY_CAP60_R2880: step 195 ALL_CANDIDATES_REJECTED pairs=20909 evals=2835 1491s
[604791.6] P4_A_FAMILY_CAP60_R2880: step 196 ALL_CANDIDATES_REJECTED pairs=20909 evals=2844 1492s
[604792.7] P4_A_FAMILY_CAP60_R2880: step 197 ALL_CANDIDATES_REJECTED pairs=20909 evals=2853 1493s
[604794.5] P4_A_FAMILY_CAP60_R2880: step 198 PREFIX_EVALUATED_NO_WINNER_DEFERRED pairs=20909 evals=2869 1495s
[604795.7] P4_A_FAMILY_CAP60_R2880: step 199 ABORTED_CANDIDATE_BUDGET pairs=20909 evals=2880 1496s
[604796.0] P4_A_FAMILY_CAP60_R2880: done final=20909 moves=124 first=123 reloc=1 ret=0 evals=2880 stop=CANDIDATE_BUDGET_EXHAUSTED
[604848.7] P4_A_FAMILY_CAP60_R2880: recheck PASS checks=130816
