[558647.9] IDEA_A_FAMILY_R2880: start mode=R budget=2880 spec={"name": "IDEA_A_FAMILY", "target_policy": "LEGACY", "evaluation_policy": "E2_ORDERED_K16", "traversal_policy": "BASE", "max_targets": 200, "k_per_target": 16, "family_round_robin": true, "relocation_side_reserve": 0, "waiting_age": false, "route_coverage": false, "multi_anchor": false, "exact_dedup": false, "decision_cache": false, "return_action": false, "cache_structural_skips": false, "window_slack_mm": 1e-05, "notes": ""}
[558647.9] IDEA_A_FAMILY_R2880: start state=main C:\Users\lihao\Desktop\Graduation Project\OpticalWaveguideRouter3D\outputs\3d_strategy_v3\512_ablation\D_both_enabled pairs=42909
[558655.8] IDEA_A_FAMILY_R2880: INITIAL_DONE pairs=42909
[558656.1] IDEA_A_FAMILY_R2880: step 1 NO_CANDIDATES_GENERATED pairs=42909 evals=0 1s
[558656.3] IDEA_A_FAMILY_R2880: step 2 NO_CANDIDATES_GENERATED pairs=42909 evals=0 1s
[558669.0] IDEA_A_FAMILY_R2880: step 3 ELEVATED pairs=42653 evals=16 14s
[558688.0] IDEA_A_FAMILY_R2880: step 4 ELEVATED pairs=42440 evals=32 33s
[558705.8] IDEA_A_FAMILY_R2880: step 5 ELEVATED pairs=42218 evals=48 50s
[558723.5] IDEA_A_FAMILY_R2880: step 6 ELEVATED pairs=41998 evals=64 68s
[558738.7] IDEA_A_FAMILY_R2880: step 7 ELEVATED pairs=41742 evals=80 83s
[558756.3] IDEA_A_FAMILY_R2880: step 8 ELEVATED pairs=41524 evals=96 101s
[558769.1] IDEA_A_FAMILY_R2880: step 9 ELEVATED pairs=41274 evals=112 114s
[558782.4] IDEA_A_FAMILY_R2880: step 10 ELEVATED pairs=41024 evals=128 127s
[558795.2] IDEA_A_FAMILY_R2880: step 11 ELEVATED pairs=40772 evals=144 140s
[558808.1] IDEA_A_FAMILY_R2880: step 12 ELEVATED pairs=40524 evals=160 153s
[558825.8] IDEA_A_FAMILY_R2880: step 13 ELEVATED pairs=40314 evals=176 170s
[558838.1] IDEA_A_FAMILY_R2880: step 14 ELEVATED pairs=40068 evals=192 183s
[558860.4] IDEA_A_FAMILY_R2880: step 15 ELEVATED pairs=39859 evals=208 205s
[558883.8] IDEA_A_FAMILY_R2880: step 16 ELEVATED pairs=39652 evals=224 228s
[558900.3] IDEA_A_FAMILY_R2880: step 17 ELEVATED pairs=39463 evals=240 245s
[558911.2] IDEA_A_FAMILY_R2880: step 18 ELEVATED pairs=39221 evals=256 256s
[558924.8] IDEA_A_FAMILY_R2880: step 19 ELEVATED pairs=38991 evals=272 269s
[558941.3] IDEA_A_FAMILY_R2880: step 20 ELEVATED pairs=38838 evals=288 286s
[558954.5] IDEA_A_FAMILY_R2880: step 21 ELEVATED pairs=38599 evals=304 299s
[558966.6] IDEA_A_FAMILY_R2880: step 22 ELEVATED pairs=38376 evals=320 311s
[558975.6] IDEA_A_FAMILY_R2880: step 23 ELEVATED pairs=38148 evals=336 320s
[558993.0] IDEA_A_FAMILY_R2880: step 24 ELEVATED pairs=37927 evals=352 338s
[559002.1] IDEA_A_FAMILY_R2880: step 25 ELEVATED pairs=37701 evals=368 347s
[559011.1] IDEA_A_FAMILY_R2880: step 26 ELEVATED pairs=37476 evals=384 356s
[559031.8] IDEA_A_FAMILY_R2880: step 27 ELEVATED pairs=37285 evals=400 376s
[559049.5] IDEA_A_FAMILY_R2880: step 28 ELEVATED pairs=37126 evals=416 394s
[559066.2] IDEA_A_FAMILY_R2880: step 29 ELEVATED pairs=36969 evals=432 411s
[559089.3] IDEA_A_FAMILY_R2880: step 30 ELEVATED pairs=36778 evals=448 434s
[559106.4] IDEA_A_FAMILY_R2880: step 31 ELEVATED pairs=36525 evals=464 451s
[559124.5] IDEA_A_FAMILY_R2880: step 32 ELEVATED pairs=36365 evals=480 469s
[559124.8] IDEA_A_FAMILY_R2880: step 33 NO_CANDIDATES_GENERATED pairs=36365 evals=480 469s
[559125.0] IDEA_A_FAMILY_R2880: step 34 NO_CANDIDATES_GENERATED pairs=36365 evals=480 470s
[559138.7] IDEA_A_FAMILY_R2880: step 35 ELEVATED pairs=36160 evals=496 483s
[559152.4] IDEA_A_FAMILY_R2880: step 36 ELEVATED pairs=35958 evals=512 497s
[559165.1] IDEA_A_FAMILY_R2880: step 37 ELEVATED pairs=35818 evals=528 510s
[559185.9] IDEA_A_FAMILY_R2880: step 38 ELEVATED pairs=35612 evals=544 531s
[559195.6] IDEA_A_FAMILY_R2880: step 39 ELEVATED pairs=35417 evals=560 540s
[559216.4] IDEA_A_FAMILY_R2880: step 40 ELEVATED pairs=35213 evals=576 561s
[559237.8] IDEA_A_FAMILY_R2880: step 41 ELEVATED pairs=35010 evals=592 582s
[559252.9] IDEA_A_FAMILY_R2880: step 42 ELEVATED pairs=34768 evals=608 598s
[559273.4] IDEA_A_FAMILY_R2880: step 43 ELEVATED pairs=34567 evals=624 618s
[559293.9] IDEA_A_FAMILY_R2880: step 44 ELEVATED pairs=34447 evals=640 639s
[559314.2] IDEA_A_FAMILY_R2880: step 45 ELEVATED pairs=34247 evals=656 659s
[559331.8] IDEA_A_FAMILY_R2880: step 46 ELEVATED pairs=34042 evals=672 676s
[559350.1] IDEA_A_FAMILY_R2880: step 47 ELEVATED pairs=33844 evals=688 695s
[559367.5] IDEA_A_FAMILY_R2880: step 48 ELEVATED pairs=33726 evals=704 712s
[559385.6] IDEA_A_FAMILY_R2880: step 49 ELEVATED pairs=33529 evals=720 730s
[559402.1] IDEA_A_FAMILY_R2880: step 50 ELEVATED pairs=33337 evals=736 747s
[559420.3] IDEA_A_FAMILY_R2880: step 51 ELEVATED pairs=33142 evals=752 765s
[559442.3] IDEA_A_FAMILY_R2880: step 52 ELEVATED pairs=32952 evals=768 787s
[559467.7] IDEA_A_FAMILY_R2880: step 53 ELEVATED pairs=32758 evals=784 812s
[559496.0] IDEA_A_FAMILY_R2880: step 54 ELEVATED pairs=32569 evals=800 841s
[559520.2] IDEA_A_FAMILY_R2880: step 55 ELEVATED pairs=32377 evals=816 865s
[559547.1] IDEA_A_FAMILY_R2880: step 56 ELEVATED pairs=32190 evals=832 892s
[559582.6] IDEA_A_FAMILY_R2880: step 57 ELEVATED pairs=32004 evals=848 927s
[559619.3] IDEA_A_FAMILY_R2880: step 58 ELEVATED pairs=31882 evals=864 964s
[559663.5] IDEA_A_FAMILY_R2880: step 59 ELEVATED pairs=31651 evals=880 1008s
[559691.3] IDEA_A_FAMILY_R2880: step 60 ELEVATED pairs=31440 evals=896 1036s
[559715.1] IDEA_A_FAMILY_R2880: step 61 ELEVATED pairs=31252 evals=912 1060s
[559745.5] IDEA_A_FAMILY_R2880: step 62 ELEVATED pairs=31023 evals=928 1090s
[559765.6] IDEA_A_FAMILY_R2880: step 63 ELEVATED pairs=30837 evals=944 1110s
[559795.9] IDEA_A_FAMILY_R2880: step 64 ELEVATED pairs=30610 evals=960 1141s
[559814.5] IDEA_A_FAMILY_R2880: step 65 ELEVATED pairs=30426 evals=976 1159s
[559845.7] IDEA_A_FAMILY_R2880: step 66 ELEVATED pairs=30201 evals=992 1190s
[559868.5] IDEA_A_FAMILY_R2880: step 67 ELEVATED pairs=30018 evals=1008 1213s
[559898.4] IDEA_A_FAMILY_R2880: step 68 ELEVATED pairs=29795 evals=1024 1243s
[559929.7] IDEA_A_FAMILY_R2880: step 69 ELEVATED pairs=29574 evals=1040 1274s
[559943.2] IDEA_A_FAMILY_R2880: step 70 ELEVATED pairs=29437 evals=1056 1288s
[559967.2] IDEA_A_FAMILY_R2880: step 71 ELEVATED pairs=29219 evals=1072 1312s
[559983.6] IDEA_A_FAMILY_R2880: step 72 ELEVATED pairs=29046 evals=1088 1328s
[559999.3] IDEA_A_FAMILY_R2880: step 73 ELEVATED pairs=28907 evals=1104 1344s
[560023.4] IDEA_A_FAMILY_R2880: step 74 ELEVATED pairs=28690 evals=1120 1368s
[560039.3] IDEA_A_FAMILY_R2880: step 75 ELEVATED pairs=28550 evals=1136 1384s
[560055.2] IDEA_A_FAMILY_R2880: step 76 ELEVATED pairs=28409 evals=1152 1400s
[560079.1] IDEA_A_FAMILY_R2880: step 77 ELEVATED pairs=28194 evals=1168 1424s
[560090.8] IDEA_A_FAMILY_R2880: step 78 ELEVATED pairs=28021 evals=1177 1435s
[560107.5] IDEA_A_FAMILY_R2880: step 79 ELEVATED pairs=27850 evals=1186 1452s
[560128.6] IDEA_A_FAMILY_R2880: step 80 ELEVATED pairs=27698 evals=1202 1473s
[560138.7] IDEA_A_FAMILY_R2880: step 81 ELEVATED pairs=27529 evals=1211 1483s
[560160.4] IDEA_A_FAMILY_R2880: step 82 ELEVATED pairs=27354 evals=1227 1505s
[560171.0] IDEA_A_FAMILY_R2880: step 83 ELEVATED pairs=27187 evals=1236 1516s
[560187.1] IDEA_A_FAMILY_R2880: step 84 ELEVATED pairs=26978 evals=1252 1532s
[560205.1] IDEA_A_FAMILY_R2880: step 85 ELEVATED pairs=26963 evals=1268 1550s
[560224.6] IDEA_A_FAMILY_R2880: step 86 ELEVATED pairs=26753 evals=1284 1569s
[560244.7] IDEA_A_FAMILY_R2880: step 87 ELEVATED pairs=26590 evals=1300 1589s
[560254.8] IDEA_A_FAMILY_R2880: step 88 ELEVATED pairs=26388 evals=1316 1599s
[560255.2] IDEA_A_FAMILY_R2880: step 89 NO_CANDIDATES_GENERATED pairs=26388 evals=1316 1600s
[560255.6] IDEA_A_FAMILY_R2880: step 90 NO_CANDIDATES_GENERATED pairs=26388 evals=1316 1600s
[560277.0] IDEA_A_FAMILY_R2880: step 91 ELEVATED pairs=26188 evals=1332 1622s
[560300.9] IDEA_A_FAMILY_R2880: step 92 ELEVATED pairs=26060 evals=1348 1646s
[560323.3] IDEA_A_FAMILY_R2880: step 93 ELEVATED pairs=25946 evals=1364 1668s
[560340.7] IDEA_A_FAMILY_R2880: step 94 ELEVATED pairs=25827 evals=1380 1685s
[560365.1] IDEA_A_FAMILY_R2880: step 95 ELEVATED pairs=25665 evals=1396 1710s
[560388.6] IDEA_A_FAMILY_R2880: step 96 ELEVATED pairs=25504 evals=1412 1733s
[560388.9] IDEA_A_FAMILY_R2880: step 97 NO_CANDIDATES_GENERATED pairs=25504 evals=1412 1734s
[560389.3] IDEA_A_FAMILY_R2880: step 98 NO_CANDIDATES_GENERATED pairs=25504 evals=1412 1734s
[560389.6] IDEA_A_FAMILY_R2880: step 99 NO_CANDIDATES_GENERATED pairs=25504 evals=1412 1734s
[560389.9] IDEA_A_FAMILY_R2880: step 100 NO_CANDIDATES_GENERATED pairs=25504 evals=1412 1735s
[560390.2] IDEA_A_FAMILY_R2880: step 101 NO_CANDIDATES_GENERATED pairs=25504 evals=1412 1735s
[560390.5] IDEA_A_FAMILY_R2880: step 102 NO_CANDIDATES_GENERATED pairs=25504 evals=1412 1735s
[560413.1] IDEA_A_FAMILY_R2880: step 103 ELEVATED pairs=25345 evals=1428 1758s
[560438.9] IDEA_A_FAMILY_R2880: step 104 ELEVATED pairs=25187 evals=1444 1784s
[560457.7] IDEA_A_FAMILY_R2880: step 105 ELEVATED pairs=24999 evals=1460 1802s
[560478.8] IDEA_A_FAMILY_R2880: step 106 ELEVATED pairs=24813 evals=1476 1823s
[560493.4] IDEA_A_FAMILY_R2880: step 107 ELEVATED pairs=24670 evals=1492 1838s
[560518.5] IDEA_A_FAMILY_R2880: step 108 ELEVATED pairs=24486 evals=1508 1863s
[560539.6] IDEA_A_FAMILY_R2880: step 109 ELEVATED pairs=24329 evals=1524 1884s
[560563.4] IDEA_A_FAMILY_R2880: step 110 ELEVATED pairs=24147 evals=1540 1908s
[560583.5] IDEA_A_FAMILY_R2880: step 111 ELEVATED pairs=23992 evals=1556 1928s
[560603.8] IDEA_A_FAMILY_R2880: step 112 ELEVATED pairs=23839 evals=1572 1948s
[560620.6] IDEA_A_FAMILY_R2880: step 113 ELEVATED pairs=23694 evals=1588 1965s
[560636.9] IDEA_A_FAMILY_R2880: step 114 ELEVATED pairs=23552 evals=1604 1981s
[560659.6] IDEA_A_FAMILY_R2880: step 115 ELEVATED pairs=23396 evals=1620 2004s
[560682.5] IDEA_A_FAMILY_R2880: step 116 ELEVATED pairs=23290 evals=1636 2027s
[560705.1] IDEA_A_FAMILY_R2880: step 117 ELEVATED pairs=23186 evals=1652 2050s
[560722.9] IDEA_A_FAMILY_R2880: step 118 ELEVATED pairs=23054 evals=1668 2067s
[560738.3] IDEA_A_FAMILY_R2880: step 119 ELEVATED pairs=22938 evals=1684 2083s
[560756.7] IDEA_A_FAMILY_R2880: step 120 ELEVATED pairs=22837 evals=1693 2101s
[560770.8] IDEA_A_FAMILY_R2880: step 121 ELEVATED pairs=22691 evals=1709 2115s
[560789.2] IDEA_A_FAMILY_R2880: step 122 ELEVATED pairs=22553 evals=1725 2134s
[560807.4] IDEA_A_FAMILY_R2880: step 123 ELEVATED pairs=22417 evals=1741 2152s
[560820.9] IDEA_A_FAMILY_R2880: step 124 ELEVATED pairs=22274 evals=1757 2166s
[560839.1] IDEA_A_FAMILY_R2880: step 125 ELEVATED pairs=22140 evals=1773 2184s
[560853.6] IDEA_A_FAMILY_R2880: step 126 ELEVATED pairs=22000 evals=1789 2198s
[560893.6] IDEA_A_FAMILY_R2880: step 127 ELEVATED pairs=21884 evals=1805 2238s
[560932.9] IDEA_A_FAMILY_R2880: step 128 ELEVATED pairs=21762 evals=1821 2278s
[560969.3] IDEA_A_FAMILY_R2880: step 129 ELEVATED pairs=21651 evals=1837 2314s
[561002.6] IDEA_A_FAMILY_R2880: step 130 ELEVATED pairs=21539 evals=1853 2347s
[561019.7] IDEA_A_FAMILY_R2880: step 131 ELEVATED pairs=21450 evals=1869 2364s
[561045.9] IDEA_A_FAMILY_R2880: step 132 ELEVATED pairs=21312 evals=1885 2391s
[561071.2] IDEA_A_FAMILY_R2880: step 133 ELEVATED pairs=21224 evals=1901 2416s
[561090.9] IDEA_A_FAMILY_R2880: step 134 ELEVATED pairs=21068 evals=1917 2436s
[561110.5] IDEA_A_FAMILY_R2880: step 135 ELEVATED pairs=20914 evals=1933 2455s
[561130.2] IDEA_A_FAMILY_R2880: step 136 ELEVATED pairs=20762 evals=1949 2475s
[561144.4] IDEA_A_FAMILY_R2880: step 137 ELEVATED pairs=20685 evals=1965 2489s
[561158.7] IDEA_A_FAMILY_R2880: step 138 ELEVATED pairs=20607 evals=1981 2503s
[561176.5] IDEA_A_FAMILY_R2880: step 139 ELEVATED pairs=20509 evals=1997 2521s
[561195.4] IDEA_A_FAMILY_R2880: step 140 ELEVATED pairs=20418 evals=2013 2540s
[561214.4] IDEA_A_FAMILY_R2880: step 141 ELEVATED pairs=20326 evals=2029 2559s
[561233.5] IDEA_A_FAMILY_R2880: step 142 ELEVATED pairs=20235 evals=2045 2578s
[561248.8] IDEA_A_FAMILY_R2880: step 143 ELEVATED pairs=20158 evals=2061 2593s
[561264.4] IDEA_A_FAMILY_R2880: step 144 ELEVATED pairs=20080 evals=2077 2609s
[561280.5] IDEA_A_FAMILY_R2880: step 145 ELEVATED pairs=19938 evals=2093 2625s
[561296.3] IDEA_A_FAMILY_R2880: step 146 RELOCATED pairs=19917 evals=2109 2641s
[561316.9] IDEA_A_FAMILY_R2880: step 147 PREFIX_EVALUATED_NO_WINNER_DEFERRED pairs=19917 evals=2125 2662s
[561337.2] IDEA_A_FAMILY_R2880: step 148 PREFIX_EVALUATED_NO_WINNER_DEFERRED pairs=19917 evals=2141 2682s
[561357.6] IDEA_A_FAMILY_R2880: step 149 ELEVATED pairs=19785 evals=2157 2702s
[561378.1] IDEA_A_FAMILY_R2880: step 150 PREFIX_EVALUATED_NO_WINNER_DEFERRED pairs=19785 evals=2173 2723s
[561397.5] IDEA_A_FAMILY_R2880: step 151 PREFIX_EVALUATED_NO_WINNER_DEFERRED pairs=19785 evals=2189 2742s
[561412.6] IDEA_A_FAMILY_R2880: step 152 ELEVATED pairs=19645 evals=2205 2757s
[561431.9] IDEA_A_FAMILY_R2880: step 153 PREFIX_EVALUATED_NO_WINNER_DEFERRED pairs=19645 evals=2221 2777s
[561451.4] IDEA_A_FAMILY_R2880: step 154 PREFIX_EVALUATED_NO_WINNER_DEFERRED pairs=19645 evals=2237 2796s
[561451.8] IDEA_A_FAMILY_R2880: step 155 NO_CANDIDATES_GENERATED pairs=19645 evals=2237 2796s
[561465.4] IDEA_A_FAMILY_R2880: step 156 ELEVATED pairs=19507 evals=2253 2810s
[561484.2] IDEA_A_FAMILY_R2880: step 157 PREFIX_EVALUATED_NO_WINNER_DEFERRED pairs=19507 evals=2269 2829s
[561502.4] IDEA_A_FAMILY_R2880: step 158 PREFIX_EVALUATED_NO_WINNER_DEFERRED pairs=19507 evals=2285 2847s
[561514.8] IDEA_A_FAMILY_R2880: step 159 ELEVATED pairs=19371 evals=2301 2859s
[561532.3] IDEA_A_FAMILY_R2880: step 160 PREFIX_EVALUATED_NO_WINNER_DEFERRED pairs=19371 evals=2317 2877s
[561549.5] IDEA_A_FAMILY_R2880: step 161 PREFIX_EVALUATED_NO_WINNER_DEFERRED pairs=19371 evals=2333 2894s
[561560.5] IDEA_A_FAMILY_R2880: step 162 ELEVATED pairs=19239 evals=2349 2905s
[561577.9] IDEA_A_FAMILY_R2880: step 163 PREFIX_EVALUATED_NO_WINNER_DEFERRED pairs=19239 evals=2365 2923s
[561595.4] IDEA_A_FAMILY_R2880: step 164 PREFIX_EVALUATED_NO_WINNER_DEFERRED pairs=19239 evals=2381 2940s
[561606.2] IDEA_A_FAMILY_R2880: step 165 ELEVATED pairs=19109 evals=2397 2951s
[561623.6] IDEA_A_FAMILY_R2880: step 166 PREFIX_EVALUATED_NO_WINNER_DEFERRED pairs=19109 evals=2413 2968s
[561640.8] IDEA_A_FAMILY_R2880: step 167 PREFIX_EVALUATED_NO_WINNER_DEFERRED pairs=19109 evals=2429 2985s
[561653.3] IDEA_A_FAMILY_R2880: step 168 ELEVATED pairs=19074 evals=2445 2998s
[561670.3] IDEA_A_FAMILY_R2880: step 169 PREFIX_EVALUATED_NO_WINNER_DEFERRED pairs=19074 evals=2461 3015s
[561687.1] IDEA_A_FAMILY_R2880: step 170 PREFIX_EVALUATED_NO_WINNER_DEFERRED pairs=19074 evals=2477 3032s
[561697.7] IDEA_A_FAMILY_R2880: step 171 ELEVATED pairs=18946 evals=2493 3042s
[561713.8] IDEA_A_FAMILY_R2880: step 172 PREFIX_EVALUATED_NO_WINNER_DEFERRED pairs=18946 evals=2509 3058s
[561729.9] IDEA_A_FAMILY_R2880: step 173 PREFIX_EVALUATED_NO_WINNER_DEFERRED pairs=18946 evals=2525 3074s
[561736.4] IDEA_A_FAMILY_R2880: step 174 ELEVATED pairs=18821 evals=2534 3081s
[561752.6] IDEA_A_FAMILY_R2880: step 175 PREFIX_EVALUATED_NO_WINNER_DEFERRED pairs=18821 evals=2550 3097s
[561768.6] IDEA_A_FAMILY_R2880: step 176 PREFIX_EVALUATED_NO_WINNER_DEFERRED pairs=18821 evals=2566 3113s
[561776.8] IDEA_A_FAMILY_R2880: step 177 ELEVATED pairs=18698 evals=2575 3121s
[561792.8] IDEA_A_FAMILY_R2880: step 178 PREFIX_EVALUATED_NO_WINNER_DEFERRED pairs=18698 evals=2591 3137s
[561808.9] IDEA_A_FAMILY_R2880: step 179 PREFIX_EVALUATED_NO_WINNER_DEFERRED pairs=18698 evals=2607 3154s
[561809.2] IDEA_A_FAMILY_R2880: step 180 NO_CANDIDATES_GENERATED pairs=18698 evals=2607 3154s
[561809.6] IDEA_A_FAMILY_R2880: step 181 NO_CANDIDATES_GENERATED pairs=18698 evals=2607 3154s
[561809.9] IDEA_A_FAMILY_R2880: step 182 NO_CANDIDATES_GENERATED pairs=18698 evals=2607 3155s
[561810.2] IDEA_A_FAMILY_R2880: step 183 NO_CANDIDATES_GENERATED pairs=18698 evals=2607 3155s
[561810.5] IDEA_A_FAMILY_R2880: step 184 NO_CANDIDATES_GENERATED pairs=18698 evals=2607 3155s
[561810.9] IDEA_A_FAMILY_R2880: step 185 NO_CANDIDATES_GENERATED pairs=18698 evals=2607 3155s
[561811.2] IDEA_A_FAMILY_R2880: step 186 NO_CANDIDATES_GENERATED pairs=18698 evals=2607 3156s
[561811.5] IDEA_A_FAMILY_R2880: step 187 NO_CANDIDATES_GENERATED pairs=18698 evals=2607 3156s
[561811.8] IDEA_A_FAMILY_R2880: step 188 NO_CANDIDATES_GENERATED pairs=18698 evals=2607 3156s
[561819.7] IDEA_A_FAMILY_R2880: step 189 ELEVATED pairs=18576 evals=2616 3164s
[561835.7] IDEA_A_FAMILY_R2880: step 190 PREFIX_EVALUATED_NO_WINNER_DEFERRED pairs=18576 evals=2632 3180s
[561851.3] IDEA_A_FAMILY_R2880: step 191 PREFIX_EVALUATED_NO_WINNER_DEFERRED pairs=18576 evals=2648 3196s
[561851.8] IDEA_A_FAMILY_R2880: step 192 NO_CANDIDATES_GENERATED pairs=18576 evals=2648 3196s
[561852.2] IDEA_A_FAMILY_R2880: step 193 NO_CANDIDATES_GENERATED pairs=18576 evals=2648 3197s
[561852.7] IDEA_A_FAMILY_R2880: step 194 NO_CANDIDATES_GENERATED pairs=18576 evals=2648 3197s
[561853.2] IDEA_A_FAMILY_R2880: step 195 NO_CANDIDATES_GENERATED pairs=18576 evals=2648 3198s
[561853.6] IDEA_A_FAMILY_R2880: step 196 NO_CANDIDATES_GENERATED pairs=18576 evals=2648 3198s
[561854.0] IDEA_A_FAMILY_R2880: step 197 NO_CANDIDATES_GENERATED pairs=18576 evals=2648 3199s
[561854.5] IDEA_A_FAMILY_R2880: step 198 NO_CANDIDATES_GENERATED pairs=18576 evals=2648 3199s
[561854.9] IDEA_A_FAMILY_R2880: step 199 NO_CANDIDATES_GENERATED pairs=18576 evals=2648 3200s
[561866.5] IDEA_A_FAMILY_R2880: step 200 ELEVATED pairs=18459 evals=2664 3211s
[561867.0] IDEA_A_FAMILY_R2880: done final=18459 moves=146 first=145 reloc=1 ret=0 evals=2664 stop=TARGET_LIMIT
[561946.8] IDEA_A_FAMILY_R2880: recheck PASS checks=130816
