[554371.8] V6_E2_R720: start mode=R budget=720 spec={"name": "V6_E2", "target_policy": "STRATIFIED", "evaluation_policy": "E2_ORDERED_K16", "traversal_policy": "BASE", "max_targets": 200, "k_per_target": 16, "family_round_robin": false, "relocation_side_reserve": 0, "waiting_age": false, "route_coverage": false, "multi_anchor": false, "exact_dedup": false, "decision_cache": false, "return_action": false, "cache_structural_skips": false, "window_slack_mm": 1e-05, "notes": ""}
[554371.8] V6_E2_R720: start state=main C:\Users\lihao\Desktop\Graduation Project\OpticalWaveguideRouter3D\outputs\3d_strategy_v3\512_ablation\D_both_enabled pairs=42909
[554378.9] V6_E2_R720: INITIAL_DONE pairs=42909
[554379.4] V6_E2_R720: step 1 NO_CANDIDATES_GENERATED pairs=42909 evals=0 1s
[554380.2] V6_E2_R720: step 2 NO_CANDIDATES_GENERATED pairs=42909 evals=0 2s
[554380.5] V6_E2_R720: step 3 NO_CANDIDATES_GENERATED pairs=42909 evals=0 2s
[554400.5] V6_E2_R720: step 4 ELEVATED pairs=42666 evals=16 22s
[554401.5] V6_E2_R720: step 5 NO_CANDIDATES_GENERATED pairs=42666 evals=16 23s
[554401.9] V6_E2_R720: step 6 NO_CANDIDATES_GENERATED pairs=42666 evals=16 23s
[554402.4] V6_E2_R720: step 7 NO_CANDIDATES_GENERATED pairs=42666 evals=16 24s
[554403.4] V6_E2_R720: step 8 NO_CANDIDATES_GENERATED pairs=42666 evals=16 25s
[554414.2] V6_E2_R720: step 9 ELEVATED pairs=42420 evals=32 35s
[554428.4] V6_E2_R720: step 10 RELOCATED pairs=42389 evals=48 50s
[554429.3] V6_E2_R720: step 11 NO_CANDIDATES_GENERATED pairs=42389 evals=48 51s
[554447.4] V6_E2_R720: step 12 ELEVATED pairs=42215 evals=64 69s
[554458.6] V6_E2_R720: step 13 PREFIX_EVALUATED_NO_WINNER_DEFERRED pairs=42215 evals=80 80s
[554483.7] V6_E2_R720: step 14 PREFIX_EVALUATED_NO_WINNER_DEFERRED pairs=42215 evals=96 105s
[554499.2] V6_E2_R720: step 15 ELEVATED pairs=42033 evals=112 121s
[554511.4] V6_E2_R720: step 16 PREFIX_EVALUATED_NO_WINNER_DEFERRED pairs=42033 evals=128 133s
[554521.6] V6_E2_R720: step 17 PREFIX_EVALUATED_NO_WINNER_DEFERRED pairs=42033 evals=144 143s
[554537.5] V6_E2_R720: step 18 ELEVATED pairs=41849 evals=160 159s
[554550.3] V6_E2_R720: step 19 PREFIX_EVALUATED_NO_WINNER_DEFERRED pairs=41849 evals=176 172s
[554560.2] V6_E2_R720: step 20 PREFIX_EVALUATED_NO_WINNER_DEFERRED pairs=41849 evals=192 182s
[554575.9] V6_E2_R720: step 21 ELEVATED pairs=41664 evals=208 197s
[554588.8] V6_E2_R720: step 22 PREFIX_EVALUATED_NO_WINNER_DEFERRED pairs=41664 evals=224 210s
[554598.5] V6_E2_R720: step 23 PREFIX_EVALUATED_NO_WINNER_DEFERRED pairs=41664 evals=240 220s
[554609.7] V6_E2_R720: step 24 ELEVATED pairs=41410 evals=256 231s
[554622.2] V6_E2_R720: step 25 PREFIX_EVALUATED_NO_WINNER_DEFERRED pairs=41410 evals=272 244s
[554631.7] V6_E2_R720: step 26 PREFIX_EVALUATED_NO_WINNER_DEFERRED pairs=41410 evals=288 253s
[554647.0] V6_E2_R720: step 27 ELEVATED pairs=41216 evals=304 268s
[554659.5] V6_E2_R720: step 28 PREFIX_EVALUATED_NO_WINNER_DEFERRED pairs=41216 evals=320 281s
[554669.1] V6_E2_R720: step 29 PREFIX_EVALUATED_NO_WINNER_DEFERRED pairs=41216 evals=336 290s
[554689.8] V6_E2_R720: step 30 ELEVATED pairs=41037 evals=352 311s
[554702.2] V6_E2_R720: step 31 PREFIX_EVALUATED_NO_WINNER_DEFERRED pairs=41037 evals=368 323s
[554711.5] V6_E2_R720: step 32 PREFIX_EVALUATED_NO_WINNER_DEFERRED pairs=41037 evals=384 333s
[554732.7] V6_E2_R720: step 33 ELEVATED pairs=40858 evals=400 354s
[554745.7] V6_E2_R720: step 34 PREFIX_EVALUATED_NO_WINNER_DEFERRED pairs=40858 evals=416 367s
[554754.8] V6_E2_R720: step 35 PREFIX_EVALUATED_NO_WINNER_DEFERRED pairs=40858 evals=432 376s
[554765.1] V6_E2_R720: step 36 ELEVATED pairs=40620 evals=448 386s
[554778.7] V6_E2_R720: step 37 PREFIX_EVALUATED_NO_WINNER_DEFERRED pairs=40620 evals=464 400s
[554788.5] V6_E2_R720: step 38 PREFIX_EVALUATED_NO_WINNER_DEFERRED pairs=40620 evals=480 410s
[554802.9] V6_E2_R720: step 39 ELEVATED pairs=40369 evals=496 424s
[554816.2] V6_E2_R720: step 40 PREFIX_EVALUATED_NO_WINNER_DEFERRED pairs=40369 evals=512 438s
[554825.8] V6_E2_R720: step 41 PREFIX_EVALUATED_NO_WINNER_DEFERRED pairs=40369 evals=528 447s
[554835.4] V6_E2_R720: step 42 ELEVATED pairs=40129 evals=544 457s
[554848.7] V6_E2_R720: step 43 PREFIX_EVALUATED_NO_WINNER_DEFERRED pairs=40129 evals=560 470s
[554857.9] V6_E2_R720: step 44 PREFIX_EVALUATED_NO_WINNER_DEFERRED pairs=40129 evals=576 479s
[554871.5] V6_E2_R720: step 45 ELEVATED pairs=39880 evals=592 493s
[554884.6] V6_E2_R720: step 46 PREFIX_EVALUATED_NO_WINNER_DEFERRED pairs=39880 evals=608 506s
[554894.0] V6_E2_R720: step 47 PREFIX_EVALUATED_NO_WINNER_DEFERRED pairs=39880 evals=624 515s
[554907.6] V6_E2_R720: step 48 ELEVATED pairs=39633 evals=640 529s
[554920.6] V6_E2_R720: step 49 PREFIX_EVALUATED_NO_WINNER_DEFERRED pairs=39633 evals=656 542s
[554929.9] V6_E2_R720: step 50 PREFIX_EVALUATED_NO_WINNER_DEFERRED pairs=39633 evals=672 551s
[554944.0] V6_E2_R720: step 51 ELEVATED pairs=39408 evals=688 565s
[554957.1] V6_E2_R720: step 52 PREFIX_EVALUATED_NO_WINNER_DEFERRED pairs=39408 evals=704 578s
[554966.7] V6_E2_R720: step 53 PREFIX_EVALUATED_NO_WINNER_DEFERRED pairs=39408 evals=720 588s
[554967.4] V6_E2_R720: step 54 ABORTED_CANDIDATE_BUDGET pairs=39408 evals=720 589s
[554967.9] V6_E2_R720: done final=39408 moves=17 first=16 reloc=1 ret=0 evals=720 stop=CANDIDATE_BUDGET_EXHAUSTED
[555035.2] V6_E2_R720: recheck PASS checks=130816
