[604998.3] V8_G1_RC2880_boundaryfix: start mode=R budget=2880 spec={"name": "V8_G1", "target_policy": "LEGACY", "evaluation_policy": "E2_ORDERED_K16", "traversal_policy": "BASE", "max_targets": 200, "k_per_target": 16, "family_round_robin": false, "relocation_side_reserve": 0, "waiting_age": false, "route_coverage": false, "multi_anchor": false, "exact_dedup": false, "decision_cache": false, "return_action": false, "cache_structural_skips": false, "window_slack_mm": 1e-05, "generation_domain": "PATH_WINDOWS", "path_window_settings": {"placements": [0.0, 0.5, 1.0], "length_factors": [1.0, 1.5, 2.0, 3.0], "cap": 4096}, "stage_length_cap_mm": null, "notes": ""}
[604998.3] V8_G1_RC2880_boundaryfix: start state=challenge C:\Users\lihao\Desktop\Graduation Project\OpticalWaveguideRouter3D\outputs\3d_strategy_v4\512_full_layout\N2880 pairs=30999
[605002.9] V8_G1_RC2880_boundaryfix: INITIAL_DONE pairs=30999
[605003.3] V8_G1_RC2880_boundaryfix: step 1 NO_CANDIDATES_GENERATED pairs=30999 evals=0 0s
[605003.4] V8_G1_RC2880_boundaryfix: step 2 NO_CANDIDATES_GENERATED pairs=30999 evals=0 1s
[605003.7] V8_G1_RC2880_boundaryfix: step 3 NO_CANDIDATES_GENERATED pairs=30999 evals=0 1s
[605003.9] V8_G1_RC2880_boundaryfix: step 4 NO_CANDIDATES_GENERATED pairs=30999 evals=0 1s
[605004.1] V8_G1_RC2880_boundaryfix: step 5 NO_CANDIDATES_GENERATED pairs=30999 evals=0 1s
[605004.3] V8_G1_RC2880_boundaryfix: step 6 NO_CANDIDATES_GENERATED pairs=30999 evals=0 1s
[605016.4] V8_G1_RC2880_boundaryfix: step 7 ELEVATED pairs=30804 evals=16 14s
[605028.3] V8_G1_RC2880_boundaryfix: step 8 ELEVATED pairs=30611 evals=32 25s
[605043.8] V8_G1_RC2880_boundaryfix: step 9 ELEVATED pairs=30417 evals=48 41s
[605060.1] V8_G1_RC2880_boundaryfix: step 10 ELEVATED pairs=30225 evals=64 57s
[605060.5] V8_G1_RC2880_boundaryfix: step 11 NO_CANDIDATES_GENERATED pairs=30225 evals=64 58s
[605074.7] V8_G1_RC2880_boundaryfix: step 12 ELEVATED pairs=30035 evals=80 72s
[605088.6] V8_G1_RC2880_boundaryfix: step 13 ELEVATED pairs=29847 evals=96 86s
[605105.5] V8_G1_RC2880_boundaryfix: step 14 ELEVATED pairs=29661 evals=112 103s
[605122.0] V8_G1_RC2880_boundaryfix: step 15 ELEVATED pairs=29471 evals=128 119s
[605142.5] V8_G1_RC2880_boundaryfix: step 16 ELEVATED pairs=29287 evals=144 140s
[605157.1] V8_G1_RC2880_boundaryfix: step 17 ELEVATED pairs=29099 evals=160 154s
[605166.0] V8_G1_RC2880_boundaryfix: step 18 ELEVATED pairs=28924 evals=176 163s
[605176.2] V8_G1_RC2880_boundaryfix: step 19 ELEVATED pairs=28751 evals=192 173s
[605188.4] V8_G1_RC2880_boundaryfix: step 20 ELEVATED pairs=28580 evals=208 186s
[605199.7] V8_G1_RC2880_boundaryfix: step 21 ELEVATED pairs=28398 evals=224 197s
[605217.3] V8_G1_RC2880_boundaryfix: step 22 ELEVATED pairs=28228 evals=240 214s
[605227.4] V8_G1_RC2880_boundaryfix: step 23 ELEVATED pairs=28048 evals=256 225s
[605245.6] V8_G1_RC2880_boundaryfix: step 24 ELEVATED pairs=27944 evals=272 243s
[605255.8] V8_G1_RC2880_boundaryfix: step 25 ELEVATED pairs=27766 evals=288 253s
[605268.1] V8_G1_RC2880_boundaryfix: step 26 ELEVATED pairs=27590 evals=304 265s
[605282.3] V8_G1_RC2880_boundaryfix: step 27 ELEVATED pairs=27424 evals=320 279s
[605287.5] V8_G1_RC2880_boundaryfix: step 28 ELEVATED pairs=27258 evals=329 285s
[605301.5] V8_G1_RC2880_boundaryfix: step 29 ELEVATED pairs=27094 evals=345 299s
[605306.8] V8_G1_RC2880_boundaryfix: step 30 ELEVATED pairs=26930 evals=354 304s
[605320.8] V8_G1_RC2880_boundaryfix: step 31 ELEVATED pairs=26768 evals=370 318s
[605325.8] V8_G1_RC2880_boundaryfix: step 32 ELEVATED pairs=26606 evals=379 323s
[605339.3] V8_G1_RC2880_boundaryfix: step 33 ELEVATED pairs=26446 evals=395 336s
[605339.5] V8_G1_RC2880_boundaryfix: step 34 NO_CANDIDATES_GENERATED pairs=26446 evals=395 337s
[605344.4] V8_G1_RC2880_boundaryfix: step 35 ELEVATED pairs=26286 evals=404 342s
[605356.7] V8_G1_RC2880_boundaryfix: step 36 ELEVATED pairs=26128 evals=420 354s
[605370.8] V8_G1_RC2880_boundaryfix: step 37 ELEVATED pairs=25972 evals=436 368s
[605384.8] V8_G1_RC2880_boundaryfix: step 38 ELEVATED pairs=25818 evals=452 382s
[605399.2] V8_G1_RC2880_boundaryfix: step 39 ELEVATED pairs=25667 evals=468 396s
[605414.0] V8_G1_RC2880_boundaryfix: step 40 ELEVATED pairs=25517 evals=484 411s
[605424.0] V8_G1_RC2880_boundaryfix: step 41 ELEVATED pairs=25382 evals=500 421s
[605438.5] V8_G1_RC2880_boundaryfix: step 42 ELEVATED pairs=25234 evals=516 436s
[605453.2] V8_G1_RC2880_boundaryfix: step 43 ELEVATED pairs=25088 evals=532 450s
[605468.0] V8_G1_RC2880_boundaryfix: step 44 ELEVATED pairs=24944 evals=548 465s
[605477.9] V8_G1_RC2880_boundaryfix: step 45 ELEVATED pairs=24812 evals=564 475s
[605487.2] V8_G1_RC2880_boundaryfix: step 46 ELEVATED pairs=24677 evals=580 484s
[605501.9] V8_G1_RC2880_boundaryfix: step 47 ELEVATED pairs=24531 evals=596 499s
[605513.8] V8_G1_RC2880_boundaryfix: step 48 ELEVATED pairs=24397 evals=612 511s
[605530.9] V8_G1_RC2880_boundaryfix: step 49 ELEVATED pairs=24253 evals=628 528s
[605546.7] V8_G1_RC2880_boundaryfix: step 50 ELEVATED pairs=24111 evals=644 544s
[605558.5] V8_G1_RC2880_boundaryfix: step 51 ELEVATED pairs=23971 evals=660 556s
[605570.7] V8_G1_RC2880_boundaryfix: step 52 ELEVATED pairs=23847 evals=676 568s
[605592.7] V8_G1_RC2880_boundaryfix: step 53 ELEVATED pairs=23707 evals=692 590s
[605604.5] V8_G1_RC2880_boundaryfix: step 54 ELEVATED pairs=23585 evals=708 602s
[605624.1] V8_G1_RC2880_boundaryfix: step 55 ELEVATED pairs=23447 evals=724 621s
[605632.5] V8_G1_RC2880_boundaryfix: step 56 ELEVATED pairs=23309 evals=740 630s
[605645.9] V8_G1_RC2880_boundaryfix: step 57 ELEVATED pairs=23173 evals=756 643s
[605658.3] V8_G1_RC2880_boundaryfix: step 58 ELEVATED pairs=23040 evals=772 655s
[605666.6] V8_G1_RC2880_boundaryfix: step 59 ELEVATED pairs=22903 evals=788 664s
[605678.9] V8_G1_RC2880_boundaryfix: step 60 ELEVATED pairs=22770 evals=804 676s
[605687.4] V8_G1_RC2880_boundaryfix: step 61 ELEVATED pairs=22633 evals=820 685s
[605699.9] V8_G1_RC2880_boundaryfix: step 62 ELEVATED pairs=22500 evals=836 697s
[605712.3] V8_G1_RC2880_boundaryfix: step 63 ELEVATED pairs=22367 evals=852 709s
[605721.9] V8_G1_RC2880_boundaryfix: step 64 ELEVATED pairs=22261 evals=868 719s
[605734.9] V8_G1_RC2880_boundaryfix: step 65 ELEVATED pairs=22128 evals=884 732s
[605747.8] V8_G1_RC2880_boundaryfix: step 66 ELEVATED pairs=22029 evals=900 745s
[605761.3] V8_G1_RC2880_boundaryfix: step 67 ELEVATED pairs=21932 evals=916 758s
[605772.7] V8_G1_RC2880_boundaryfix: step 68 ELEVATED pairs=21810 evals=932 770s
[605786.3] V8_G1_RC2880_boundaryfix: step 69 ELEVATED pairs=21715 evals=948 783s
[605797.6] V8_G1_RC2880_boundaryfix: step 70 ELEVATED pairs=21595 evals=964 795s
[605811.4] V8_G1_RC2880_boundaryfix: step 71 ELEVATED pairs=21502 evals=980 809s
[605822.4] V8_G1_RC2880_boundaryfix: step 72 ELEVATED pairs=21384 evals=996 820s
[605833.5] V8_G1_RC2880_boundaryfix: step 73 ELEVATED pairs=21289 evals=1012 831s
[605847.0] V8_G1_RC2880_boundaryfix: step 74 ELEVATED pairs=21207 evals=1028 844s
[605860.2] V8_G1_RC2880_boundaryfix: step 75 ELEVATED pairs=21127 evals=1044 857s
[605868.1] V8_G1_RC2880_boundaryfix: step 76 ELEVATED pairs=21047 evals=1060 865s
[605878.5] V8_G1_RC2880_boundaryfix: step 77 ELEVATED pairs=20973 evals=1069 876s
[605892.8] V8_G1_RC2880_boundaryfix: step 78 ELEVATED pairs=20878 evals=1085 890s
[605904.0] V8_G1_RC2880_boundaryfix: step 79 ELEVATED pairs=20806 evals=1101 901s
[605911.1] V8_G1_RC2880_boundaryfix: step 80 ELEVATED pairs=20682 evals=1117 908s
[605924.1] V8_G1_RC2880_boundaryfix: step 81 ELEVATED pairs=20578 evals=1133 921s
[605935.8] V8_G1_RC2880_boundaryfix: step 82 ELEVATED pairs=20476 evals=1149 933s
[605948.5] V8_G1_RC2880_boundaryfix: step 83 ELEVATED pairs=20374 evals=1165 946s
[605960.6] V8_G1_RC2880_boundaryfix: step 84 ELEVATED pairs=20274 evals=1181 958s
[605973.2] V8_G1_RC2880_boundaryfix: step 85 ELEVATED pairs=20174 evals=1197 970s
[605998.1] V8_G1_RC2880_boundaryfix: step 86 ELEVATED pairs=20081 evals=1213 995s
[606012.3] V8_G1_RC2880_boundaryfix: step 87 ELEVATED pairs=20019 evals=1229 1009s
[606026.2] V8_G1_RC2880_boundaryfix: step 88 ELEVATED pairs=19959 evals=1245 1023s
[606040.5] V8_G1_RC2880_boundaryfix: step 89 ELEVATED pairs=19901 evals=1261 1038s
[606054.0] V8_G1_RC2880_boundaryfix: step 90 ELEVATED pairs=19818 evals=1277 1051s
[606080.5] V8_G1_RC2880_boundaryfix: step 91 ELEVATED pairs=19708 evals=1293 1078s
[606117.8] V8_G1_RC2880_boundaryfix: step 92 ELEVATED pairs=19639 evals=1309 1115s
[606153.4] V8_G1_RC2880_boundaryfix: step 93 ELEVATED pairs=19571 evals=1325 1151s
[606189.1] V8_G1_RC2880_boundaryfix: step 94 ELEVATED pairs=19500 evals=1341 1186s
[606224.7] V8_G1_RC2880_boundaryfix: step 95 ELEVATED pairs=19429 evals=1357 1222s
[606234.7] V8_G1_RC2880_boundaryfix: step 96 ELEVATED pairs=19375 evals=1373 1232s
[606244.3] V8_G1_RC2880_boundaryfix: step 97 ELEVATED pairs=19321 evals=1389 1241s
[606253.5] V8_G1_RC2880_boundaryfix: step 98 ELEVATED pairs=19267 evals=1405 1251s
[606262.3] V8_G1_RC2880_boundaryfix: step 99 ELEVATED pairs=19213 evals=1421 1259s
[606269.4] V8_G1_RC2880_boundaryfix: step 100 ELEVATED pairs=19121 evals=1437 1267s
[606278.4] V8_G1_RC2880_boundaryfix: step 101 ELEVATED pairs=19068 evals=1453 1276s
[606289.3] V8_G1_RC2880_boundaryfix: step 102 ELEVATED pairs=18984 evals=1469 1286s
[606298.0] V8_G1_RC2880_boundaryfix: step 103 ELEVATED pairs=18847 evals=1485 1295s
[606309.2] V8_G1_RC2880_boundaryfix: step 104 ELEVATED pairs=18797 evals=1501 1306s
[606318.6] V8_G1_RC2880_boundaryfix: step 105 ELEVATED pairs=18662 evals=1517 1316s
[606329.4] V8_G1_RC2880_boundaryfix: step 106 ELEVATED pairs=18612 evals=1533 1327s
[606339.4] V8_G1_RC2880_boundaryfix: step 107 ELEVATED pairs=18562 evals=1549 1337s
[606346.7] V8_G1_RC2880_boundaryfix: step 108 ELEVATED pairs=18429 evals=1565 1344s
[606353.5] V8_G1_RC2880_boundaryfix: step 109 ELEVATED pairs=18380 evals=1581 1351s
[606362.9] V8_G1_RC2880_boundaryfix: step 110 ELEVATED pairs=18326 evals=1597 1360s
[606372.3] V8_G1_RC2880_boundaryfix: step 111 ELEVATED pairs=18272 evals=1613 1369s
[606381.6] V8_G1_RC2880_boundaryfix: step 112 ELEVATED pairs=18234 evals=1629 1379s
[606381.7] V8_G1_RC2880_boundaryfix: step 113 NO_CANDIDATES_GENERATED pairs=18234 evals=1629 1379s
[606385.6] V8_G1_RC2880_boundaryfix: step 114 ELEVATED pairs=18150 evals=1638 1383s
[606395.2] V8_G1_RC2880_boundaryfix: step 115 ELEVATED pairs=18078 evals=1654 1392s
[606400.0] V8_G1_RC2880_boundaryfix: step 116 ELEVATED pairs=17990 evals=1663 1397s
[606410.5] V8_G1_RC2880_boundaryfix: step 117 ELEVATED pairs=17936 evals=1679 1408s
[606421.3] V8_G1_RC2880_boundaryfix: step 118 ELEVATED pairs=17917 evals=1695 1418s
[606426.7] V8_G1_RC2880_boundaryfix: step 119 ELEVATED pairs=17831 evals=1705 1424s
[606437.2] V8_G1_RC2880_boundaryfix: step 120 ELEVATED pairs=17812 evals=1721 1434s
[606454.5] V8_G1_RC2880_boundaryfix: step 121 ELEVATED pairs=17691 evals=1737 1452s
[606471.4] V8_G1_RC2880_boundaryfix: step 122 ELEVATED pairs=17572 evals=1753 1469s
[606471.8] V8_G1_RC2880_boundaryfix: step 123 NO_CANDIDATES_GENERATED pairs=17572 evals=1753 1469s
[606472.2] V8_G1_RC2880_boundaryfix: step 124 NO_CANDIDATES_GENERATED pairs=17572 evals=1753 1469s
[606472.6] V8_G1_RC2880_boundaryfix: step 125 NO_CANDIDATES_GENERATED pairs=17572 evals=1753 1470s
[606473.0] V8_G1_RC2880_boundaryfix: step 126 NO_CANDIDATES_GENERATED pairs=17572 evals=1753 1470s
[606473.4] V8_G1_RC2880_boundaryfix: step 127 NO_CANDIDATES_GENERATED pairs=17572 evals=1753 1471s
[606473.9] V8_G1_RC2880_boundaryfix: step 128 NO_CANDIDATES_GENERATED pairs=17572 evals=1753 1471s
[606474.3] V8_G1_RC2880_boundaryfix: step 129 NO_CANDIDATES_GENERATED pairs=17572 evals=1753 1471s
[606474.6] V8_G1_RC2880_boundaryfix: step 130 NO_CANDIDATES_GENERATED pairs=17572 evals=1753 1472s
[606475.1] V8_G1_RC2880_boundaryfix: step 131 NO_CANDIDATES_GENERATED pairs=17572 evals=1753 1472s
[606475.5] V8_G1_RC2880_boundaryfix: step 132 NO_CANDIDATES_GENERATED pairs=17572 evals=1753 1473s
[606475.8] V8_G1_RC2880_boundaryfix: step 133 NO_CANDIDATES_GENERATED pairs=17572 evals=1753 1473s
[606476.2] V8_G1_RC2880_boundaryfix: step 134 NO_CANDIDATES_GENERATED pairs=17572 evals=1753 1473s
[606476.6] V8_G1_RC2880_boundaryfix: step 135 NO_CANDIDATES_GENERATED pairs=17572 evals=1753 1474s
[606477.0] V8_G1_RC2880_boundaryfix: step 136 NO_CANDIDATES_GENERATED pairs=17572 evals=1753 1474s
[606477.4] V8_G1_RC2880_boundaryfix: step 137 NO_CANDIDATES_GENERATED pairs=17572 evals=1753 1475s
[606477.7] V8_G1_RC2880_boundaryfix: step 138 NO_CANDIDATES_GENERATED pairs=17572 evals=1753 1475s
[606484.4] V8_G1_RC2880_boundaryfix: step 139 ELEVATED pairs=17528 evals=1769 1482s
[606493.5] V8_G1_RC2880_boundaryfix: step 140 ELEVATED pairs=17465 evals=1785 1491s
[606502.5] V8_G1_RC2880_boundaryfix: step 141 ELEVATED pairs=17404 evals=1801 1500s
[606510.5] V8_G1_RC2880_boundaryfix: step 142 ELEVATED pairs=17344 evals=1817 1508s
[606519.8] V8_G1_RC2880_boundaryfix: step 143 ELEVATED pairs=17285 evals=1833 1517s
[606531.3] V8_G1_RC2880_boundaryfix: step 144 ELEVATED pairs=17227 evals=1849 1528s
[606542.6] V8_G1_RC2880_boundaryfix: step 145 ELEVATED pairs=17171 evals=1865 1540s
[606554.0] V8_G1_RC2880_boundaryfix: step 146 ELEVATED pairs=17117 evals=1881 1551s
[606558.5] V8_G1_RC2880_boundaryfix: step 147 ELEVATED pairs=17052 evals=1897 1556s
[606569.8] V8_G1_RC2880_boundaryfix: step 148 ELEVATED pairs=17000 evals=1913 1567s
[606577.7] V8_G1_RC2880_boundaryfix: step 149 ELEVATED pairs=16937 evals=1929 1575s
[606585.6] V8_G1_RC2880_boundaryfix: step 150 ELEVATED pairs=16878 evals=1945 1583s
[606593.1] V8_G1_RC2880_boundaryfix: step 151 ELEVATED pairs=16817 evals=1961 1590s
[606593.9] V8_G1_RC2880_boundaryfix: step 152 NO_CANDIDATES_GENERATED pairs=16817 evals=1961 1591s
[606594.7] V8_G1_RC2880_boundaryfix: step 153 NO_CANDIDATES_GENERATED pairs=16817 evals=1961 1592s
[606595.5] V8_G1_RC2880_boundaryfix: step 154 NO_CANDIDATES_GENERATED pairs=16817 evals=1961 1593s
[606596.3] V8_G1_RC2880_boundaryfix: step 155 NO_CANDIDATES_GENERATED pairs=16817 evals=1961 1593s
[606597.1] V8_G1_RC2880_boundaryfix: step 156 NO_CANDIDATES_GENERATED pairs=16817 evals=1961 1594s
[606597.8] V8_G1_RC2880_boundaryfix: step 157 NO_CANDIDATES_GENERATED pairs=16817 evals=1961 1595s
[606598.5] V8_G1_RC2880_boundaryfix: step 158 NO_CANDIDATES_GENERATED pairs=16817 evals=1961 1596s
[606599.3] V8_G1_RC2880_boundaryfix: step 159 NO_CANDIDATES_GENERATED pairs=16817 evals=1961 1596s
[606600.1] V8_G1_RC2880_boundaryfix: step 160 NO_CANDIDATES_GENERATED pairs=16817 evals=1961 1597s
[606600.9] V8_G1_RC2880_boundaryfix: step 161 NO_CANDIDATES_GENERATED pairs=16817 evals=1961 1598s
[606601.6] V8_G1_RC2880_boundaryfix: step 162 NO_CANDIDATES_GENERATED pairs=16817 evals=1961 1599s
[606602.4] V8_G1_RC2880_boundaryfix: step 163 NO_CANDIDATES_GENERATED pairs=16817 evals=1961 1600s
[606603.1] V8_G1_RC2880_boundaryfix: step 164 NO_CANDIDATES_GENERATED pairs=16817 evals=1961 1600s
[606603.9] V8_G1_RC2880_boundaryfix: step 165 NO_CANDIDATES_GENERATED pairs=16817 evals=1961 1601s
[606604.7] V8_G1_RC2880_boundaryfix: step 166 NO_CANDIDATES_GENERATED pairs=16817 evals=1961 1602s
[606605.4] V8_G1_RC2880_boundaryfix: step 167 NO_CANDIDATES_GENERATED pairs=16817 evals=1961 1603s
[606614.2] V8_G1_RC2880_boundaryfix: step 168 ELEVATED pairs=16771 evals=1977 1611s
[606626.1] V8_G1_RC2880_boundaryfix: step 169 ELEVATED pairs=16753 evals=1993 1623s
[606636.6] V8_G1_RC2880_boundaryfix: step 170 ELEVATED pairs=16702 evals=2009 1634s
[606649.0] V8_G1_RC2880_boundaryfix: step 171 ELEVATED pairs=16686 evals=2025 1646s
[606660.8] V8_G1_RC2880_boundaryfix: step 172 ELEVATED pairs=16651 evals=2041 1658s
[606669.9] V8_G1_RC2880_boundaryfix: step 173 ELEVATED pairs=16605 evals=2057 1667s
[606680.3] V8_G1_RC2880_boundaryfix: step 174 ELEVATED pairs=16586 evals=2073 1677s
[606687.2] V8_G1_RC2880_boundaryfix: step 175 ELEVATED pairs=16555 evals=2089 1684s
[606698.7] V8_G1_RC2880_boundaryfix: step 176 ELEVATED pairs=16544 evals=2105 1696s
[606710.3] V8_G1_RC2880_boundaryfix: step 177 ELEVATED pairs=16533 evals=2121 1707s
[606719.0] V8_G1_RC2880_boundaryfix: step 178 ELEVATED pairs=16510 evals=2137 1716s
[606727.0] V8_G1_RC2880_boundaryfix: step 179 ELEVATED pairs=16487 evals=2153 1724s
[606733.3] V8_G1_RC2880_boundaryfix: step 180 ELEVATED pairs=16449 evals=2169 1730s
[606743.1] V8_G1_RC2880_boundaryfix: step 181 ELEVATED pairs=16436 evals=2185 1740s
[606750.2] V8_G1_RC2880_boundaryfix: step 182 ELEVATED pairs=16404 evals=2201 1747s
[606755.0] V8_G1_RC2880_boundaryfix: step 183 PREFIX_EVALUATED_NO_WINNER_DEFERRED pairs=16404 evals=2217 1752s
[606761.5] V8_G1_RC2880_boundaryfix: step 184 PREFIX_EVALUATED_NO_WINNER_DEFERRED pairs=16404 evals=2233 1759s
[606772.7] V8_G1_RC2880_boundaryfix: step 185 PREFIX_EVALUATED_NO_WINNER_DEFERRED pairs=16404 evals=2249 1770s
[606780.9] V8_G1_RC2880_boundaryfix: step 186 ELEVATED pairs=16379 evals=2265 1778s
[606787.0] V8_G1_RC2880_boundaryfix: step 187 PREFIX_EVALUATED_NO_WINNER_DEFERRED pairs=16379 evals=2281 1784s
[606795.2] V8_G1_RC2880_boundaryfix: step 188 PREFIX_EVALUATED_NO_WINNER_DEFERRED pairs=16379 evals=2297 1792s
[606808.6] V8_G1_RC2880_boundaryfix: step 189 PREFIX_EVALUATED_NO_WINNER_DEFERRED pairs=16379 evals=2313 1806s
[606815.1] V8_G1_RC2880_boundaryfix: step 190 PREFIX_EVALUATED_NO_WINNER_DEFERRED pairs=16379 evals=2329 1812s
[606821.3] V8_G1_RC2880_boundaryfix: step 191 PREFIX_EVALUATED_NO_WINNER_DEFERRED pairs=16379 evals=2345 1818s
[606830.7] V8_G1_RC2880_boundaryfix: step 192 ELEVATED pairs=16362 evals=2361 1828s
[606835.6] V8_G1_RC2880_boundaryfix: step 193 PREFIX_EVALUATED_NO_WINNER_DEFERRED pairs=16362 evals=2377 1833s
[606842.2] V8_G1_RC2880_boundaryfix: step 194 PREFIX_EVALUATED_NO_WINNER_DEFERRED pairs=16362 evals=2393 1839s
[606848.3] V8_G1_RC2880_boundaryfix: step 195 PREFIX_EVALUATED_NO_WINNER_DEFERRED pairs=16362 evals=2409 1845s
[606854.3] V8_G1_RC2880_boundaryfix: step 196 PREFIX_EVALUATED_NO_WINNER_DEFERRED pairs=16362 evals=2425 1851s
[606859.9] V8_G1_RC2880_boundaryfix: step 197 PREFIX_EVALUATED_NO_WINNER_DEFERRED pairs=16362 evals=2441 1857s
[606863.8] V8_G1_RC2880_boundaryfix: step 198 PREFIX_EVALUATED_NO_WINNER_DEFERRED pairs=16362 evals=2457 1861s
[606875.4] V8_G1_RC2880_boundaryfix: step 199 ELEVATED pairs=16344 evals=2473 1873s
[606880.3] V8_G1_RC2880_boundaryfix: step 200 PREFIX_EVALUATED_NO_WINNER_DEFERRED pairs=16344 evals=2489 1877s
[606880.6] V8_G1_RC2880_boundaryfix: done final=16344 moves=144 first=144 reloc=0 ret=0 evals=2489 stop=TARGET_LIMIT
[606979.4] V8_G1_RC2880_boundaryfix: recheck PASS checks=130816
