[556425.8] V7_T1_N2880: start mode=N budget=2880 spec={"name": "V7_T1", "target_policy": "LEGACY", "evaluation_policy": "E2_ORDERED_K16", "traversal_policy": "BASE", "max_targets": 2000, "k_per_target": 16, "family_round_robin": false, "relocation_side_reserve": 0, "waiting_age": false, "route_coverage": false, "multi_anchor": false, "exact_dedup": false, "decision_cache": false, "return_action": false, "cache_structural_skips": false, "window_slack_mm": 1e-05, "notes": ""}
[556425.8] V7_T1_N2880: start state=main C:\Users\lihao\Desktop\Graduation Project\OpticalWaveguideRouter3D\outputs\3d_strategy_v3\512_ablation\D_both_enabled pairs=42909
[556434.1] V7_T1_N2880: INITIAL_DONE pairs=42909
[556434.5] V7_T1_N2880: step 1 NO_CANDIDATES_GENERATED pairs=42909 evals=0 1s
[556434.7] V7_T1_N2880: step 2 NO_CANDIDATES_GENERATED pairs=42909 evals=0 1s
[556445.4] V7_T1_N2880: step 3 ELEVATED pairs=42661 evals=16 12s
[556465.7] V7_T1_N2880: step 4 ELEVATED pairs=42487 evals=32 32s
[556484.8] V7_T1_N2880: step 5 ELEVATED pairs=42305 evals=48 51s
[556502.4] V7_T1_N2880: step 6 ELEVATED pairs=42121 evals=64 69s
[556518.3] V7_T1_N2880: step 7 ELEVATED pairs=41936 evals=80 85s
[556531.5] V7_T1_N2880: step 8 ELEVATED pairs=41680 evals=96 98s
[556548.7] V7_T1_N2880: step 9 ELEVATED pairs=41486 evals=112 115s
[556562.5] V7_T1_N2880: step 10 ELEVATED pairs=41225 evals=128 129s
[556585.2] V7_T1_N2880: step 11 ELEVATED pairs=41046 evals=144 151s
[556606.5] V7_T1_N2880: step 12 ELEVATED pairs=40867 evals=160 173s
[556616.6] V7_T1_N2880: step 13 ELEVATED pairs=40628 evals=176 183s
[556630.1] V7_T1_N2880: step 14 ELEVATED pairs=40377 evals=192 196s
[556639.6] V7_T1_N2880: step 15 ELEVATED pairs=40136 evals=208 206s
[556653.4] V7_T1_N2880: step 16 ELEVATED pairs=39887 evals=224 220s
[556667.0] V7_T1_N2880: step 17 ELEVATED pairs=39640 evals=240 233s
[556679.9] V7_T1_N2880: step 18 ELEVATED pairs=39399 evals=256 246s
[556693.8] V7_T1_N2880: step 19 ELEVATED pairs=39175 evals=272 260s
[556707.2] V7_T1_N2880: step 20 ELEVATED pairs=38969 evals=288 273s
[556725.3] V7_T1_N2880: step 21 ELEVATED pairs=38811 evals=304 292s
[556738.9] V7_T1_N2880: step 22 ELEVATED pairs=38668 evals=320 305s
[556751.7] V7_T1_N2880: step 23 ELEVATED pairs=38466 evals=336 318s
[556764.7] V7_T1_N2880: step 24 ELEVATED pairs=38332 evals=352 331s
[556775.7] V7_T1_N2880: step 25 ELEVATED pairs=38108 evals=368 342s
[556790.3] V7_T1_N2880: step 26 ELEVATED pairs=37974 evals=384 357s
[556801.9] V7_T1_N2880: step 27 ELEVATED pairs=37771 evals=400 368s
[556813.6] V7_T1_N2880: step 28 ELEVATED pairs=37568 evals=416 380s
[556823.3] V7_T1_N2880: step 29 ELEVATED pairs=37338 evals=432 390s
[556833.0] V7_T1_N2880: step 30 ELEVATED pairs=37110 evals=448 399s
[556845.6] V7_T1_N2880: step 31 ELEVATED pairs=36910 evals=464 412s
[556855.0] V7_T1_N2880: step 32 ELEVATED pairs=36684 evals=480 421s
[556867.4] V7_T1_N2880: step 33 ELEVATED pairs=36466 evals=496 434s
[556879.4] V7_T1_N2880: step 34 ELEVATED pairs=36269 evals=512 446s
[556900.3] V7_T1_N2880: step 35 ELEVATED pairs=36073 evals=528 467s
[556915.0] V7_T1_N2880: step 36 ELEVATED pairs=35887 evals=544 481s
[556927.1] V7_T1_N2880: step 37 ELEVATED pairs=35774 evals=560 493s
[556940.7] V7_T1_N2880: step 38 ELEVATED pairs=35543 evals=576 507s
[556951.5] V7_T1_N2880: step 39 ELEVATED pairs=35343 evals=592 518s
[556965.1] V7_T1_N2880: step 40 ELEVATED pairs=35138 evals=608 531s
[556965.4] V7_T1_N2880: step 41 NO_CANDIDATES_GENERATED pairs=35138 evals=608 532s
[556965.6] V7_T1_N2880: step 42 NO_CANDIDATES_GENERATED pairs=35138 evals=608 532s
[556979.7] V7_T1_N2880: step 43 ELEVATED pairs=34935 evals=624 546s
[556994.6] V7_T1_N2880: step 44 ELEVATED pairs=34734 evals=640 561s
[557004.9] V7_T1_N2880: step 45 ELEVATED pairs=34539 evals=656 571s
[557020.7] V7_T1_N2880: step 46 ELEVATED pairs=34340 evals=672 587s
[557036.5] V7_T1_N2880: step 47 ELEVATED pairs=34143 evals=688 603s
[557051.2] V7_T1_N2880: step 48 ELEVATED pairs=33933 evals=704 617s
[557068.5] V7_T1_N2880: step 49 ELEVATED pairs=33738 evals=720 635s
[557082.5] V7_T1_N2880: step 50 ELEVATED pairs=33530 evals=736 649s
[557094.8] V7_T1_N2880: step 51 ELEVATED pairs=33326 evals=752 661s
[557113.1] V7_T1_N2880: step 52 ELEVATED pairs=33133 evals=768 679s
[557127.3] V7_T1_N2880: step 53 ELEVATED pairs=32926 evals=784 694s
[557146.5] V7_T1_N2880: step 54 ELEVATED pairs=32735 evals=800 713s
[557161.1] V7_T1_N2880: step 55 ELEVATED pairs=32530 evals=816 727s
[557180.7] V7_T1_N2880: step 56 ELEVATED pairs=32341 evals=832 747s
[557194.9] V7_T1_N2880: step 57 ELEVATED pairs=32137 evals=848 761s
[557213.4] V7_T1_N2880: step 58 ELEVATED pairs=31950 evals=864 780s
[557222.1] V7_T1_N2880: step 59 ELEVATED pairs=31792 evals=880 788s
[557235.3] V7_T1_N2880: step 60 ELEVATED pairs=31590 evals=896 802s
[557248.3] V7_T1_N2880: step 61 ELEVATED pairs=31389 evals=912 815s
[557260.1] V7_T1_N2880: step 62 ELEVATED pairs=31226 evals=928 826s
[557273.0] V7_T1_N2880: step 63 ELEVATED pairs=31027 evals=944 839s
[557286.2] V7_T1_N2880: step 64 ELEVATED pairs=30829 evals=960 852s
[557286.4] V7_T1_N2880: step 65 NO_CANDIDATES_GENERATED pairs=30829 evals=960 853s
[557286.7] V7_T1_N2880: step 66 NO_CANDIDATES_GENERATED pairs=30829 evals=960 853s
[557287.0] V7_T1_N2880: step 67 NO_CANDIDATES_GENERATED pairs=30829 evals=960 853s
[557299.8] V7_T1_N2880: step 68 ELEVATED pairs=30633 evals=976 866s
[557311.0] V7_T1_N2880: step 69 ELEVATED pairs=30481 evals=992 877s
[557322.2] V7_T1_N2880: step 70 ELEVATED pairs=30367 evals=1008 888s
[557335.3] V7_T1_N2880: step 71 ELEVATED pairs=30214 evals=1024 902s
[557343.9] V7_T1_N2880: step 72 ELEVATED pairs=30030 evals=1033 910s
[557356.5] V7_T1_N2880: step 73 ELEVATED pairs=29879 evals=1049 923s
[557365.1] V7_T1_N2880: step 74 ELEVATED pairs=29697 evals=1058 931s
[557377.2] V7_T1_N2880: step 75 ELEVATED pairs=29548 evals=1074 943s
[557385.8] V7_T1_N2880: step 76 ELEVATED pairs=29368 evals=1083 952s
[557393.9] V7_T1_N2880: step 77 ELEVATED pairs=29190 evals=1092 960s
[557415.9] V7_T1_N2880: step 78 ELEVATED pairs=28961 evals=1108 982s
[557423.3] V7_T1_N2880: step 79 ELEVATED pairs=28776 evals=1124 990s
[557430.8] V7_T1_N2880: step 80 ELEVATED pairs=28593 evals=1140 997s
[557438.2] V7_T1_N2880: step 81 ELEVATED pairs=28412 evals=1156 1005s
[557446.1] V7_T1_N2880: step 82 ELEVATED pairs=28233 evals=1172 1012s
[557454.2] V7_T1_N2880: step 83 ELEVATED pairs=28134 evals=1188 1020s
[557464.5] V7_T1_N2880: step 84 ELEVATED pairs=28022 evals=1204 1031s
[557472.4] V7_T1_N2880: step 85 ELEVATED pairs=27902 evals=1220 1039s
[557480.4] V7_T1_N2880: step 86 ELEVATED pairs=27782 evals=1236 1047s
[557488.5] V7_T1_N2880: step 87 ELEVATED pairs=27662 evals=1252 1055s
[557496.2] V7_T1_N2880: step 88 ELEVATED pairs=27514 evals=1268 1062s
[557504.1] V7_T1_N2880: step 89 ELEVATED pairs=27394 evals=1284 1070s
[557513.4] V7_T1_N2880: step 90 ELEVATED pairs=27248 evals=1300 1080s
[557523.3] V7_T1_N2880: step 91 ELEVATED pairs=27092 evals=1316 1090s
[557532.4] V7_T1_N2880: step 92 PREFIX_EVALUATED_NO_WINNER_DEFERRED pairs=27092 evals=1332 1099s
[557541.8] V7_T1_N2880: step 93 ELEVATED pairs=26951 evals=1348 1108s
[557550.9] V7_T1_N2880: step 94 PREFIX_EVALUATED_NO_WINNER_DEFERRED pairs=26951 evals=1364 1117s
[557560.6] V7_T1_N2880: step 95 ELEVATED pairs=26895 evals=1380 1127s
[557570.8] V7_T1_N2880: step 96 ELEVATED pairs=26781 evals=1396 1137s
[557583.7] V7_T1_N2880: step 97 ELEVATED pairs=26690 evals=1412 1150s
[557595.4] V7_T1_N2880: step 98 ELEVATED pairs=26525 evals=1428 1162s
[557604.9] V7_T1_N2880: step 99 ELEVATED pairs=26436 evals=1444 1171s
[557616.7] V7_T1_N2880: step 100 ELEVATED pairs=26273 evals=1460 1183s
[557628.6] V7_T1_N2880: step 101 ELEVATED pairs=26112 evals=1476 1195s
[557636.9] V7_T1_N2880: step 102 ELEVATED pairs=26016 evals=1492 1203s
[557652.4] V7_T1_N2880: step 103 ELEVATED pairs=25857 evals=1508 1219s
[557660.8] V7_T1_N2880: step 104 ELEVATED pairs=25803 evals=1524 1227s
[557673.0] V7_T1_N2880: step 105 ELEVATED pairs=25644 evals=1540 1239s
[557684.7] V7_T1_N2880: step 106 ELEVATED pairs=25487 evals=1556 1251s
[557691.2] V7_T1_N2880: step 107 ELEVATED pairs=25361 evals=1572 1258s
[557702.6] V7_T1_N2880: step 108 ELEVATED pairs=25207 evals=1588 1269s
[557712.4] V7_T1_N2880: step 109 ELEVATED pairs=25144 evals=1604 1279s
[557720.8] V7_T1_N2880: step 110 ELEVATED pairs=24969 evals=1620 1287s
[557728.4] V7_T1_N2880: step 111 ELEVATED pairs=24796 evals=1636 1295s
[557737.9] V7_T1_N2880: step 112 ELEVATED pairs=24735 evals=1652 1304s
[557756.9] V7_T1_N2880: step 113 ELEVATED pairs=24607 evals=1668 1323s
[557776.1] V7_T1_N2880: step 114 ELEVATED pairs=24481 evals=1684 1342s
[557785.7] V7_T1_N2880: step 115 ELEVATED pairs=24411 evals=1700 1352s
[557797.8] V7_T1_N2880: step 116 ELEVATED pairs=24317 evals=1709 1364s
[557814.9] V7_T1_N2880: step 117 ELEVATED pairs=24173 evals=1725 1381s
[557823.4] V7_T1_N2880: step 118 ELEVATED pairs=24079 evals=1741 1390s
[557840.0] V7_T1_N2880: step 119 ELEVATED pairs=23935 evals=1757 1406s
[557856.6] V7_T1_N2880: step 120 ELEVATED pairs=23791 evals=1773 1423s
[557864.9] V7_T1_N2880: step 121 ELEVATED pairs=23698 evals=1789 1431s
[557880.6] V7_T1_N2880: step 122 ELEVATED pairs=23554 evals=1805 1447s
[557907.0] V7_T1_N2880: step 123 ELEVATED pairs=23440 evals=1821 1473s
[557920.1] V7_T1_N2880: step 124 ELEVATED pairs=23259 evals=1837 1486s
[557945.9] V7_T1_N2880: step 125 ELEVATED pairs=23145 evals=1853 1512s
[557971.7] V7_T1_N2880: step 126 ELEVATED pairs=23031 evals=1869 1538s
[557987.5] V7_T1_N2880: step 127 ELEVATED pairs=22866 evals=1885 1554s
[558013.5] V7_T1_N2880: step 128 ELEVATED pairs=22752 evals=1901 1580s
[558031.0] V7_T1_N2880: step 129 ELEVATED pairs=22589 evals=1917 1597s
[558050.8] V7_T1_N2880: step 130 ELEVATED pairs=22428 evals=1933 1617s
[558071.9] V7_T1_N2880: step 131 ELEVATED pairs=22269 evals=1949 1638s
[558082.2] V7_T1_N2880: step 132 ELEVATED pairs=22187 evals=1965 1648s
[558091.5] V7_T1_N2880: step 133 ELEVATED pairs=22053 evals=1981 1658s
[558101.0] V7_T1_N2880: step 134 ELEVATED pairs=21921 evals=1997 1667s
[558115.8] V7_T1_N2880: step 135 ELEVATED pairs=21793 evals=2013 1682s
[558124.7] V7_T1_N2880: step 136 ELEVATED pairs=21663 evals=2029 1691s
[558133.3] V7_T1_N2880: step 137 ELEVATED pairs=21599 evals=2045 1700s
[558141.9] V7_T1_N2880: step 138 ELEVATED pairs=21536 evals=2061 1708s
[558150.1] V7_T1_N2880: step 139 ELEVATED pairs=21473 evals=2077 1716s
[558157.0] V7_T1_N2880: step 140 ELEVATED pairs=21404 evals=2093 1723s
[558163.8] V7_T1_N2880: step 141 ELEVATED pairs=21335 evals=2109 1730s
[558170.8] V7_T1_N2880: step 142 ELEVATED pairs=21266 evals=2125 1737s
[558177.8] V7_T1_N2880: step 143 ELEVATED pairs=21197 evals=2141 1744s
[558184.9] V7_T1_N2880: step 144 PREFIX_EVALUATED_NO_WINNER_DEFERRED pairs=21197 evals=2157 1751s
[558201.7] V7_T1_N2880: step 145 ELEVATED pairs=21078 evals=2173 1768s
[558209.0] V7_T1_N2880: step 146 PREFIX_EVALUATED_NO_WINNER_DEFERRED pairs=21078 evals=2189 1775s
[558217.6] V7_T1_N2880: step 147 ELEVATED pairs=21032 evals=2205 1784s
[558224.9] V7_T1_N2880: step 148 PREFIX_EVALUATED_NO_WINNER_DEFERRED pairs=21032 evals=2221 1791s
[558233.8] V7_T1_N2880: step 149 ELEVATED pairs=20986 evals=2237 1800s
[558241.1] V7_T1_N2880: step 150 PREFIX_EVALUATED_NO_WINNER_DEFERRED pairs=20986 evals=2253 1807s
[558247.8] V7_T1_N2880: step 151 ELEVATED pairs=20932 evals=2269 1814s
[558255.2] V7_T1_N2880: step 152 PREFIX_EVALUATED_NO_WINNER_DEFERRED pairs=20932 evals=2285 1822s
[558262.2] V7_T1_N2880: step 153 ELEVATED pairs=20865 evals=2301 1828s
[558269.1] V7_T1_N2880: step 154 PREFIX_EVALUATED_NO_WINNER_DEFERRED pairs=20865 evals=2317 1835s
[558275.8] V7_T1_N2880: step 155 ELEVATED pairs=20798 evals=2333 1842s
[558282.8] V7_T1_N2880: step 156 PREFIX_EVALUATED_NO_WINNER_DEFERRED pairs=20798 evals=2349 1849s
[558289.2] V7_T1_N2880: step 157 ELEVATED pairs=20731 evals=2365 1855s
[558296.3] V7_T1_N2880: step 158 PREFIX_EVALUATED_NO_WINNER_DEFERRED pairs=20731 evals=2381 1863s
[558308.3] V7_T1_N2880: step 159 ELEVATED pairs=20568 evals=2397 1875s
[558315.2] V7_T1_N2880: step 160 PREFIX_EVALUATED_NO_WINNER_DEFERRED pairs=20568 evals=2413 1882s
[558321.4] V7_T1_N2880: step 161 ELEVATED pairs=20508 evals=2429 1888s
[558328.3] V7_T1_N2880: step 162 PREFIX_EVALUATED_NO_WINNER_DEFERRED pairs=20508 evals=2445 1895s
[558334.7] V7_T1_N2880: step 163 ELEVATED pairs=20448 evals=2461 1901s
[558341.6] V7_T1_N2880: step 164 PREFIX_EVALUATED_NO_WINNER_DEFERRED pairs=20448 evals=2477 1908s
[558353.6] V7_T1_N2880: step 165 ELEVATED pairs=20287 evals=2493 1920s
[558360.4] V7_T1_N2880: step 166 PREFIX_EVALUATED_NO_WINNER_DEFERRED pairs=20287 evals=2509 1927s
[558366.2] V7_T1_N2880: step 167 ELEVATED pairs=20221 evals=2525 1932s
[558372.3] V7_T1_N2880: step 168 PREFIX_EVALUATED_NO_WINNER_DEFERRED pairs=20221 evals=2541 1939s
[558382.9] V7_T1_N2880: step 169 ELEVATED pairs=20062 evals=2557 1949s
[558389.0] V7_T1_N2880: step 170 PREFIX_EVALUATED_NO_WINNER_DEFERRED pairs=20062 evals=2573 1955s
[558403.1] V7_T1_N2880: step 171 ELEVATED pairs=19908 evals=2589 1969s
[558412.3] V7_T1_N2880: step 172 ELEVATED pairs=19759 evals=2605 1979s
[558421.4] V7_T1_N2880: step 173 ELEVATED pairs=19612 evals=2621 1988s
[558430.3] V7_T1_N2880: step 174 ELEVATED pairs=19467 evals=2637 1997s
[558439.3] V7_T1_N2880: step 175 ELEVATED pairs=19324 evals=2653 2006s
[558448.9] V7_T1_N2880: step 176 ELEVATED pairs=19185 evals=2669 2015s
[558458.6] V7_T1_N2880: step 177 ELEVATED pairs=19069 evals=2685 2025s
[558469.6] V7_T1_N2880: step 178 ELEVATED pairs=18955 evals=2701 2036s
[558488.2] V7_T1_N2880: step 179 ELEVATED pairs=18864 evals=2717 2055s
[558495.4] V7_T1_N2880: step 180 PREFIX_EVALUATED_NO_WINNER_DEFERRED pairs=18864 evals=2733 2062s
[558513.5] V7_T1_N2880: step 181 ELEVATED pairs=18774 evals=2749 2080s
[558520.5] V7_T1_N2880: step 182 PREFIX_EVALUATED_NO_WINNER_DEFERRED pairs=18774 evals=2765 2087s
[558537.5] V7_T1_N2880: step 183 ELEVATED pairs=18685 evals=2781 2104s
[558544.5] V7_T1_N2880: step 184 PREFIX_EVALUATED_NO_WINNER_DEFERRED pairs=18685 evals=2797 2111s
[558560.5] V7_T1_N2880: step 185 ELEVATED pairs=18596 evals=2813 2127s
[558567.7] V7_T1_N2880: step 186 PREFIX_EVALUATED_NO_WINNER_DEFERRED pairs=18596 evals=2829 2134s
[558584.0] V7_T1_N2880: step 187 ELEVATED pairs=18520 evals=2845 2150s
[558595.9] V7_T1_N2880: step 188 PREFIX_EVALUATED_NO_WINNER_DEFERRED pairs=18520 evals=2861 2162s
[558626.8] V7_T1_N2880: step 189 ELEVATED pairs=18444 evals=2877 2193s
[558630.4] V7_T1_N2880: step 190 ABORTED_CANDIDATE_BUDGET pairs=18444 evals=2880 2197s
[558631.3] V7_T1_N2880: done final=18444 moves=161 first=161 reloc=0 ret=0 evals=2880 stop=CANDIDATE_BUDGET_EXHAUSTED
[558755.8] V7_T1_N2880: recheck PASS checks=130816
