[559500.1] IDEA_D_R1440: start mode=R budget=1440 spec={"name": "IDEA_D", "target_policy": "STRATIFIED", "evaluation_policy": "E2_ORDERED_K16", "traversal_policy": "COVERAGE", "max_targets": 200, "k_per_target": 16, "family_round_robin": false, "relocation_side_reserve": 0, "waiting_age": false, "route_coverage": true, "multi_anchor": false, "exact_dedup": false, "decision_cache": false, "return_action": false, "cache_structural_skips": true, "window_slack_mm": 1e-05, "notes": ""}
[559500.1] IDEA_D_R1440: start state=main C:\Users\lihao\Desktop\Graduation Project\OpticalWaveguideRouter3D\outputs\3d_strategy_v3\512_ablation\D_both_enabled pairs=42909
[559510.3] IDEA_D_R1440: INITIAL_DONE pairs=42909
[559511.7] IDEA_D_R1440: step 1 NO_CANDIDATES_GENERATED pairs=42909 evals=0 2s
[559513.9] IDEA_D_R1440: step 2 NO_CANDIDATES_GENERATED pairs=42909 evals=0 4s
[559514.3] IDEA_D_R1440: step 3 NO_CANDIDATES_GENERATED pairs=42909 evals=0 4s
[559541.3] IDEA_D_R1440: step 4 ELEVATED pairs=42666 evals=16 31s
[559542.7] IDEA_D_R1440: step 5 NO_CANDIDATES_GENERATED pairs=42666 evals=16 33s
[559543.7] IDEA_D_R1440: step 6 NO_CANDIDATES_GENERATED pairs=42666 evals=16 34s
[559544.8] IDEA_D_R1440: step 7 NO_CANDIDATES_GENERATED pairs=42666 evals=16 35s
[559546.4] IDEA_D_R1440: step 8 NO_CANDIDATES_GENERATED pairs=42666 evals=16 36s
[559564.9] IDEA_D_R1440: step 9 ELEVATED pairs=42420 evals=32 55s
[559585.4] IDEA_D_R1440: step 10 ELEVATED pairs=42242 evals=48 75s
[559586.5] IDEA_D_R1440: step 11 NO_CANDIDATES_GENERATED pairs=42242 evals=48 77s
[559600.1] IDEA_D_R1440: step 12 ELEVATED pairs=41988 evals=64 90s
[559627.6] IDEA_D_R1440: step 13 ELEVATED pairs=41788 evals=80 118s
[559628.7] IDEA_D_R1440: step 14 NO_CANDIDATES_GENERATED pairs=41788 evals=80 119s
[559649.5] IDEA_D_R1440: step 15 ELEVATED pairs=41539 evals=96 139s
[559650.0] IDEA_D_R1440: step 16 NO_CANDIDATES_GENERATED pairs=41539 evals=96 140s
[559651.4] IDEA_D_R1440: step 17 NO_CANDIDATES_GENERATED pairs=41539 evals=96 141s
[559660.9] IDEA_D_R1440: step 18 ELEVATED pairs=41282 evals=112 151s
[559661.5] IDEA_D_R1440: step 19 NO_CANDIDATES_GENERATED pairs=41282 evals=112 152s
[559696.1] IDEA_D_R1440: step 20 PREFIX_EVALUATED_NO_WINNER_DEFERRED pairs=41282 evals=128 186s
[559715.0] IDEA_D_R1440: step 21 ELEVATED pairs=41054 evals=144 205s
[559735.7] IDEA_D_R1440: step 22 ELEVATED pairs=40823 evals=160 226s
[559738.5] IDEA_D_R1440: step 23 NO_CANDIDATES_GENERATED pairs=40823 evals=160 228s
[559750.9] IDEA_D_R1440: step 24 ELEVATED pairs=40610 evals=176 241s
[559791.6] IDEA_D_R1440: step 25 ELEVATED pairs=40484 evals=192 282s
[559793.2] IDEA_D_R1440: step 26 NO_CANDIDATES_GENERATED pairs=40484 evals=192 283s
[559814.0] IDEA_D_R1440: step 27 ELEVATED pairs=40267 evals=208 304s
[559855.3] IDEA_D_R1440: step 28 ELEVATED pairs=40141 evals=224 345s
[559864.8] IDEA_D_R1440: step 29 PREFIX_EVALUATED_NO_WINNER_DEFERRED pairs=40141 evals=240 355s
[559881.6] IDEA_D_R1440: step 30 ELEVATED pairs=39890 evals=256 372s
[559882.8] IDEA_D_R1440: step 31 NO_CANDIDATES_GENERATED pairs=39890 evals=256 373s
[559893.0] IDEA_D_R1440: step 32 PREFIX_EVALUATED_NO_WINNER_DEFERRED pairs=39890 evals=272 383s
[559917.3] IDEA_D_R1440: step 33 ELEVATED pairs=39734 evals=288 407s
[559918.5] IDEA_D_R1440: step 34 NO_CANDIDATES_GENERATED pairs=39734 evals=288 408s
[559926.0] IDEA_D_R1440: step 35 PREFIX_EVALUATED_NO_WINNER_DEFERRED pairs=39734 evals=304 416s
[559951.7] IDEA_D_R1440: step 36 ELEVATED pairs=39543 evals=320 442s
[559952.3] IDEA_D_R1440: step 37 NO_CANDIDATES_GENERATED pairs=39543 evals=320 442s
[559960.1] IDEA_D_R1440: step 38 PREFIX_EVALUATED_NO_WINNER_DEFERRED pairs=39543 evals=336 450s
[559983.2] IDEA_D_R1440: step 39 ELEVATED pairs=39354 evals=352 473s
[559984.4] IDEA_D_R1440: step 40 NO_CANDIDATES_GENERATED pairs=39354 evals=352 474s
[559990.2] IDEA_D_R1440: step 41 PREFIX_EVALUATED_NO_WINNER_DEFERRED pairs=39354 evals=368 480s
[560007.4] IDEA_D_R1440: step 42 ELEVATED pairs=39123 evals=384 497s
[560008.2] IDEA_D_R1440: step 43 NO_CANDIDATES_GENERATED pairs=39123 evals=384 498s
[560023.6] IDEA_D_R1440: step 44 PREFIX_EVALUATED_NO_WINNER_DEFERRED pairs=39123 evals=400 514s
[560043.0] IDEA_D_R1440: step 45 ELEVATED pairs=38980 evals=416 533s
[560044.2] IDEA_D_R1440: step 46 NO_CANDIDATES_GENERATED pairs=38980 evals=416 534s
[560074.8] IDEA_D_R1440: step 47 PREFIX_EVALUATED_NO_WINNER_DEFERRED pairs=38980 evals=432 565s
[560092.4] IDEA_D_R1440: step 48 ELEVATED pairs=38819 evals=448 582s
[560093.9] IDEA_D_R1440: step 49 NO_CANDIDATES_GENERATED pairs=38819 evals=448 584s
[560110.4] IDEA_D_R1440: step 50 PREFIX_EVALUATED_NO_WINNER_DEFERRED pairs=38819 evals=464 600s
[560126.3] IDEA_D_R1440: step 51 ELEVATED pairs=38614 evals=480 616s
[560127.9] IDEA_D_R1440: step 52 NO_CANDIDATES_GENERATED pairs=38614 evals=480 618s
[560129.4] IDEA_D_R1440: step 53 NO_CANDIDATES_GENERATED pairs=38614 evals=480 619s
[560149.5] IDEA_D_R1440: step 54 ELEVATED pairs=38474 evals=496 639s
[560150.6] IDEA_D_R1440: step 55 NO_CANDIDATES_GENERATED pairs=38474 evals=496 641s
[560167.8] IDEA_D_R1440: step 56 PREFIX_EVALUATED_NO_WINNER_DEFERRED pairs=38474 evals=512 658s
[560183.0] IDEA_D_R1440: step 57 ELEVATED pairs=38243 evals=528 673s
[560183.9] IDEA_D_R1440: step 58 NO_CANDIDATES_GENERATED pairs=38243 evals=528 674s
[560195.8] IDEA_D_R1440: step 59 PREFIX_EVALUATED_NO_WINNER_DEFERRED pairs=38243 evals=544 686s
[560207.4] IDEA_D_R1440: step 60 ELEVATED pairs=38041 evals=560 697s
[560208.8] IDEA_D_R1440: step 61 NO_CANDIDATES_GENERATED pairs=38041 evals=560 699s
[560221.7] IDEA_D_R1440: step 62 PREFIX_EVALUATED_NO_WINNER_DEFERRED pairs=38041 evals=576 712s
[560244.4] IDEA_D_R1440: step 63 ELEVATED pairs=37864 evals=592 734s
[560246.0] IDEA_D_R1440: step 64 NO_CANDIDATES_GENERATED pairs=37864 evals=592 736s
[560262.1] IDEA_D_R1440: step 65 RELOCATED pairs=37831 evals=608 752s
[560281.8] IDEA_D_R1440: step 66 ELEVATED pairs=37679 evals=624 772s
[560283.9] IDEA_D_R1440: step 67 NO_CANDIDATES_GENERATED pairs=37679 evals=624 774s
[560299.1] IDEA_D_R1440: step 68 PREFIX_EVALUATED_NO_WINNER_DEFERRED pairs=37679 evals=640 789s
[560320.4] IDEA_D_R1440: step 69 ELEVATED pairs=37463 evals=656 810s
[560321.6] IDEA_D_R1440: step 70 NO_CANDIDATES_GENERATED pairs=37463 evals=656 812s
[560341.5] IDEA_D_R1440: step 71 PREFIX_EVALUATED_NO_WINNER_DEFERRED pairs=37463 evals=672 831s
[560358.0] IDEA_D_R1440: step 72 ELEVATED pairs=37250 evals=688 848s
[560359.2] IDEA_D_R1440: step 73 NO_CANDIDATES_GENERATED pairs=37250 evals=688 849s
[560371.3] IDEA_D_R1440: step 74 PREFIX_EVALUATED_NO_WINNER_DEFERRED pairs=37250 evals=704 861s
[560387.8] IDEA_D_R1440: step 75 ELEVATED pairs=37039 evals=720 878s
[560389.0] IDEA_D_R1440: step 76 NO_CANDIDATES_GENERATED pairs=37039 evals=720 879s
[560401.0] IDEA_D_R1440: step 77 PREFIX_EVALUATED_NO_WINNER_DEFERRED pairs=37039 evals=736 891s
[560416.6] IDEA_D_R1440: step 78 ELEVATED pairs=36829 evals=752 907s
[560417.8] IDEA_D_R1440: step 79 NO_CANDIDATES_GENERATED pairs=36829 evals=752 908s
[560429.5] IDEA_D_R1440: step 80 PREFIX_EVALUATED_NO_WINNER_DEFERRED pairs=36829 evals=768 920s
[560444.1] IDEA_D_R1440: step 81 ELEVATED pairs=36621 evals=784 934s
[560445.2] IDEA_D_R1440: step 82 NO_CANDIDATES_GENERATED pairs=36621 evals=784 935s
[560446.5] IDEA_D_R1440: step 83 NO_CANDIDATES_GENERATED pairs=36621 evals=784 936s
[560456.0] IDEA_D_R1440: step 84 ELEVATED pairs=36447 evals=800 946s
[560457.2] IDEA_D_R1440: step 85 NO_CANDIDATES_GENERATED pairs=36447 evals=800 947s
[560458.4] IDEA_D_R1440: step 86 NO_CANDIDATES_GENERATED pairs=36447 evals=800 948s
[560467.8] IDEA_D_R1440: step 87 ELEVATED pairs=36275 evals=816 958s
[560469.3] IDEA_D_R1440: step 88 NO_CANDIDATES_GENERATED pairs=36275 evals=816 959s
[560477.6] IDEA_D_R1440: step 89 PREFIX_EVALUATED_NO_WINNER_DEFERRED pairs=36275 evals=832 968s
[560487.3] IDEA_D_R1440: step 90 ELEVATED pairs=36071 evals=848 977s
[560488.8] IDEA_D_R1440: step 91 NO_CANDIDATES_GENERATED pairs=36071 evals=848 979s
[560510.0] IDEA_D_R1440: step 92 RELOCATED pairs=35999 evals=864 1000s
[560521.1] IDEA_D_R1440: step 93 ELEVATED pairs=35813 evals=880 1011s
[560522.7] IDEA_D_R1440: step 94 NO_CANDIDATES_GENERATED pairs=35813 evals=880 1013s
[560524.0] IDEA_D_R1440: step 95 NO_CANDIDATES_GENERATED pairs=35813 evals=880 1014s
[560538.8] IDEA_D_R1440: step 96 ELEVATED pairs=35698 evals=896 1029s
[560540.2] IDEA_D_R1440: step 97 NO_CANDIDATES_GENERATED pairs=35698 evals=896 1030s
[560565.4] IDEA_D_R1440: step 98 PREFIX_EVALUATED_NO_WINNER_DEFERRED pairs=35698 evals=912 1055s
[560582.1] IDEA_D_R1440: step 99 ELEVATED pairs=35486 evals=928 1072s
[560583.5] IDEA_D_R1440: step 100 NO_CANDIDATES_GENERATED pairs=35486 evals=928 1073s
[560595.2] IDEA_D_R1440: step 101 PREFIX_EVALUATED_NO_WINNER_DEFERRED pairs=35486 evals=944 1085s
[560610.9] IDEA_D_R1440: step 102 ELEVATED pairs=35276 evals=960 1101s
[560616.4] IDEA_D_R1440: step 103 ALL_CANDIDATES_REJECTED pairs=35276 evals=969 1106s
[560627.5] IDEA_D_R1440: step 104 PREFIX_EVALUATED_NO_WINNER_DEFERRED pairs=35276 evals=985 1118s
[560642.6] IDEA_D_R1440: step 105 ELEVATED pairs=35068 evals=1001 1133s
[560643.9] IDEA_D_R1440: step 106 NO_CANDIDATES_GENERATED pairs=35068 evals=1001 1134s
[560645.4] IDEA_D_R1440: step 107 NO_CANDIDATES_GENERATED pairs=35068 evals=1001 1135s
[560659.9] IDEA_D_R1440: step 108 ELEVATED pairs=34862 evals=1017 1150s
[560661.3] IDEA_D_R1440: step 109 NO_CANDIDATES_GENERATED pairs=34862 evals=1017 1151s
[560674.4] IDEA_D_R1440: step 110 PREFIX_EVALUATED_NO_WINNER_DEFERRED pairs=34862 evals=1033 1164s
[560688.1] IDEA_D_R1440: step 111 ELEVATED pairs=34657 evals=1049 1178s
[560689.7] IDEA_D_R1440: step 112 NO_CANDIDATES_GENERATED pairs=34657 evals=1049 1180s
[560700.7] IDEA_D_R1440: step 113 PREFIX_EVALUATED_NO_WINNER_DEFERRED pairs=34657 evals=1065 1191s
[560712.8] IDEA_D_R1440: step 114 ELEVATED pairs=34583 evals=1081 1203s
[560714.2] IDEA_D_R1440: step 115 NO_CANDIDATES_GENERATED pairs=34583 evals=1081 1204s
[560728.3] IDEA_D_R1440: step 116 PREFIX_EVALUATED_NO_WINNER_DEFERRED pairs=34583 evals=1097 1218s
[560728.6] IDEA_D_R1440: step 117 NO_CANDIDATES_GENERATED pairs=34583 evals=1097 1219s
[560729.8] IDEA_D_R1440: step 118 NO_CANDIDATES_GENERATED pairs=34583 evals=1097 1220s
[560739.0] IDEA_D_R1440: step 119 PREFIX_EVALUATED_NO_WINNER_DEFERRED pairs=34583 evals=1113 1229s
[560739.2] IDEA_D_R1440: step 120 NO_CANDIDATES_GENERATED pairs=34583 evals=1113 1229s
[560740.5] IDEA_D_R1440: step 121 NO_CANDIDATES_GENERATED pairs=34583 evals=1113 1230s
[560749.6] IDEA_D_R1440: step 122 PREFIX_EVALUATED_NO_WINNER_DEFERRED pairs=34583 evals=1129 1240s
[560749.9] IDEA_D_R1440: step 123 NO_CANDIDATES_GENERATED pairs=34583 evals=1129 1240s
[560762.6] IDEA_D_R1440: step 124 ELEVATED pairs=34469 evals=1145 1253s
[560770.7] IDEA_D_R1440: step 125 PREFIX_EVALUATED_NO_WINNER_DEFERRED pairs=34469 evals=1161 1261s
[560787.1] IDEA_D_R1440: step 126 ELEVATED pairs=34276 evals=1177 1277s
[560788.3] IDEA_D_R1440: step 127 NO_CANDIDATES_GENERATED pairs=34276 evals=1177 1278s
[560797.6] IDEA_D_R1440: step 128 PREFIX_EVALUATED_NO_WINNER_DEFERRED pairs=34276 evals=1193 1288s
[560814.5] IDEA_D_R1440: step 129 ELEVATED pairs=34088 evals=1209 1305s
[560815.8] IDEA_D_R1440: step 130 NO_CANDIDATES_GENERATED pairs=34088 evals=1209 1306s
[560825.3] IDEA_D_R1440: step 131 PREFIX_EVALUATED_NO_WINNER_DEFERRED pairs=34088 evals=1225 1315s
[560840.7] IDEA_D_R1440: step 132 ELEVATED pairs=33897 evals=1241 1331s
[560842.0] IDEA_D_R1440: step 133 NO_CANDIDATES_GENERATED pairs=33897 evals=1241 1332s
[560850.0] IDEA_D_R1440: step 134 PREFIX_EVALUATED_NO_WINNER_DEFERRED pairs=33897 evals=1257 1340s
[560868.2] IDEA_D_R1440: step 135 ELEVATED pairs=33711 evals=1273 1358s
[560869.4] IDEA_D_R1440: step 136 NO_CANDIDATES_GENERATED pairs=33711 evals=1273 1359s
[560882.5] IDEA_D_R1440: step 137 PREFIX_EVALUATED_NO_WINNER_DEFERRED pairs=33711 evals=1289 1372s
[560894.2] IDEA_D_R1440: step 138 ELEVATED pairs=33623 evals=1305 1384s
[560895.5] IDEA_D_R1440: step 139 NO_CANDIDATES_GENERATED pairs=33623 evals=1305 1386s
[560909.1] IDEA_D_R1440: step 140 PREFIX_EVALUATED_NO_WINNER_DEFERRED pairs=33623 evals=1321 1399s
[560930.8] IDEA_D_R1440: step 141 ELEVATED pairs=33439 evals=1337 1421s
[560932.2] IDEA_D_R1440: step 142 NO_CANDIDATES_GENERATED pairs=33439 evals=1337 1422s
[560943.1] IDEA_D_R1440: step 143 PREFIX_EVALUATED_NO_WINNER_DEFERRED pairs=33439 evals=1353 1433s
[560953.5] IDEA_D_R1440: step 144 ELEVATED pairs=33249 evals=1369 1443s
[560969.7] IDEA_D_R1440: step 145 ELEVATED pairs=33108 evals=1385 1460s
[560986.1] IDEA_D_R1440: step 146 RELOCATED pairs=33089 evals=1401 1476s
[561004.1] IDEA_D_R1440: step 147 ELEVATED pairs=32927 evals=1417 1494s
[561020.1] IDEA_D_R1440: step 148 ELEVATED pairs=32764 evals=1433 1510s
[561030.0] IDEA_D_R1440: step 149 ABORTED_CANDIDATE_BUDGET pairs=32764 evals=1440 1520s
[561030.5] IDEA_D_R1440: done final=32764 moves=56 first=53 reloc=3 ret=0 evals=1440 stop=CANDIDATE_BUDGET_EXHAUSTED
[561103.4] IDEA_D_R1440: recheck PASS checks=130816
