[600277.2] P4_BASE_E2_CAP60_RC2880: start mode=R budget=2880 spec={"name": "P4_BASE_E2_CAP60", "target_policy": "LEGACY", "evaluation_policy": "E2_ORDERED_K16", "traversal_policy": "BASE", "max_targets": 2000, "k_per_target": 16, "family_round_robin": false, "relocation_side_reserve": 0, "waiting_age": false, "route_coverage": false, "multi_anchor": false, "exact_dedup": false, "decision_cache": false, "return_action": false, "cache_structural_skips": false, "window_slack_mm": 1e-05, "generation_domain": "LINE_ONLY", "path_window_settings": null, "stage_length_cap_mm": 60.0, "notes": ""}
[600277.2] P4_BASE_E2_CAP60_RC2880: start state=challenge C:\Users\lihao\Desktop\Graduation Project\OpticalWaveguideRouter3D\outputs\3d_strategy_v4\512_full_layout\N2880 pairs=30999
[600282.1] P4_BASE_E2_CAP60_RC2880: INITIAL_DONE pairs=30999
[600282.2] P4_BASE_E2_CAP60_RC2880: step 1 NO_CANDIDATES_GENERATED pairs=30999 evals=0 0s
[600282.3] P4_BASE_E2_CAP60_RC2880: step 2 NO_CANDIDATES_GENERATED pairs=30999 evals=0 0s
[600282.4] P4_BASE_E2_CAP60_RC2880: step 3 NO_CANDIDATES_GENERATED pairs=30999 evals=0 0s
[600282.5] P4_BASE_E2_CAP60_RC2880: step 4 NO_CANDIDATES_GENERATED pairs=30999 evals=0 0s
[600282.6] P4_BASE_E2_CAP60_RC2880: step 5 NO_CANDIDATES_GENERATED pairs=30999 evals=0 1s
[600282.7] P4_BASE_E2_CAP60_RC2880: step 6 NO_CANDIDATES_GENERATED pairs=30999 evals=0 1s
[600289.2] P4_BASE_E2_CAP60_RC2880: step 7 ELEVATED pairs=30804 evals=16 7s
[600296.4] P4_BASE_E2_CAP60_RC2880: step 8 ELEVATED pairs=30611 evals=32 14s
[600304.9] P4_BASE_E2_CAP60_RC2880: step 9 ELEVATED pairs=30460 evals=48 23s
[600313.6] P4_BASE_E2_CAP60_RC2880: step 10 ELEVATED pairs=30309 evals=64 32s
[600313.8] P4_BASE_E2_CAP60_RC2880: step 11 NO_CANDIDATES_GENERATED pairs=30309 evals=64 32s
[600326.2] P4_BASE_E2_CAP60_RC2880: step 12 ELEVATED pairs=30119 evals=80 44s
[600339.4] P4_BASE_E2_CAP60_RC2880: step 13 ELEVATED pairs=29931 evals=96 57s
[600355.0] P4_BASE_E2_CAP60_RC2880: step 14 ELEVATED pairs=29745 evals=112 73s
[600366.3] P4_BASE_E2_CAP60_RC2880: step 15 ELEVATED pairs=29554 evals=128 84s
[600382.6] P4_BASE_E2_CAP60_RC2880: step 16 ELEVATED pairs=29370 evals=144 101s
[600393.4] P4_BASE_E2_CAP60_RC2880: step 17 ELEVATED pairs=29181 evals=160 111s
[600401.0] P4_BASE_E2_CAP60_RC2880: step 18 ELEVATED pairs=29006 evals=176 119s
[600409.5] P4_BASE_E2_CAP60_RC2880: step 19 ELEVATED pairs=28833 evals=192 128s
[600419.7] P4_BASE_E2_CAP60_RC2880: step 20 ELEVATED pairs=28662 evals=208 138s
[600426.4] P4_BASE_E2_CAP60_RC2880: step 21 ELEVATED pairs=28479 evals=224 144s
[600433.9] P4_BASE_E2_CAP60_RC2880: step 22 ELEVATED pairs=28374 evals=240 152s
[600442.0] P4_BASE_E2_CAP60_RC2880: step 23 ELEVATED pairs=28193 evals=256 160s
[600457.8] P4_BASE_E2_CAP60_RC2880: step 24 ELEVATED pairs=28033 evals=272 176s
[600466.5] P4_BASE_E2_CAP60_RC2880: step 25 ELEVATED pairs=27854 evals=288 184s
[600475.9] P4_BASE_E2_CAP60_RC2880: step 26 ELEVATED pairs=27677 evals=304 194s
[600485.4] P4_BASE_E2_CAP60_RC2880: step 27 ELEVATED pairs=27511 evals=320 203s
[600491.7] P4_BASE_E2_CAP60_RC2880: step 28 ELEVATED pairs=27345 evals=329 210s
[600501.3] P4_BASE_E2_CAP60_RC2880: step 29 ELEVATED pairs=27181 evals=345 219s
[600507.7] P4_BASE_E2_CAP60_RC2880: step 30 ELEVATED pairs=27017 evals=354 226s
[600517.2] P4_BASE_E2_CAP60_RC2880: step 31 ELEVATED pairs=26856 evals=370 235s
[600523.2] P4_BASE_E2_CAP60_RC2880: step 32 ELEVATED pairs=26694 evals=379 241s
[600533.2] P4_BASE_E2_CAP60_RC2880: step 33 ELEVATED pairs=26535 evals=395 251s
[600533.5] P4_BASE_E2_CAP60_RC2880: step 34 NO_CANDIDATES_GENERATED pairs=26535 evals=395 251s
[600539.5] P4_BASE_E2_CAP60_RC2880: step 35 ELEVATED pairs=26375 evals=404 257s
[600550.4] P4_BASE_E2_CAP60_RC2880: step 36 ELEVATED pairs=26218 evals=420 268s
[600561.9] P4_BASE_E2_CAP60_RC2880: step 37 ELEVATED pairs=26063 evals=436 280s
[600574.0] P4_BASE_E2_CAP60_RC2880: step 38 ELEVATED pairs=25909 evals=452 292s
[600585.6] P4_BASE_E2_CAP60_RC2880: step 39 ELEVATED pairs=25757 evals=468 304s
[600593.1] P4_BASE_E2_CAP60_RC2880: step 40 ELEVATED pairs=25607 evals=484 311s
[600605.2] P4_BASE_E2_CAP60_RC2880: step 41 ELEVATED pairs=25457 evals=500 323s
[600613.5] P4_BASE_E2_CAP60_RC2880: step 42 ELEVATED pairs=25321 evals=516 332s
[600625.6] P4_BASE_E2_CAP60_RC2880: step 43 ELEVATED pairs=25173 evals=532 344s
[600633.7] P4_BASE_E2_CAP60_RC2880: step 44 ELEVATED pairs=25039 evals=548 352s
[600640.6] P4_BASE_E2_CAP60_RC2880: step 45 ELEVATED pairs=24954 evals=564 359s
[600653.6] P4_BASE_E2_CAP60_RC2880: step 46 ELEVATED pairs=24804 evals=580 372s
[600659.7] P4_BASE_E2_CAP60_RC2880: step 47 ELEVATED pairs=24685 evals=596 378s
[600674.3] P4_BASE_E2_CAP60_RC2880: step 48 ELEVATED pairs=24537 evals=612 392s
[600681.2] P4_BASE_E2_CAP60_RC2880: step 49 ELEVATED pairs=24398 evals=628 399s
[600694.2] P4_BASE_E2_CAP60_RC2880: step 50 ELEVATED pairs=24252 evals=644 412s
[600707.5] P4_BASE_E2_CAP60_RC2880: step 51 ELEVATED pairs=24108 evals=660 425s
[600717.1] P4_BASE_E2_CAP60_RC2880: step 52 ELEVATED pairs=23963 evals=676 435s
[600725.2] P4_BASE_E2_CAP60_RC2880: step 53 ELEVATED pairs=23864 evals=692 443s
[600733.0] P4_BASE_E2_CAP60_RC2880: step 54 ELEVATED pairs=23767 evals=708 451s
[600743.0] P4_BASE_E2_CAP60_RC2880: step 55 ELEVATED pairs=23624 evals=724 461s
[600750.4] P4_BASE_E2_CAP60_RC2880: step 56 ELEVATED pairs=23541 evals=740 468s
[600761.1] P4_BASE_E2_CAP60_RC2880: step 57 ELEVATED pairs=23400 evals=756 479s
[600768.5] P4_BASE_E2_CAP60_RC2880: step 58 ELEVATED pairs=23296 evals=772 486s
[600776.1] P4_BASE_E2_CAP60_RC2880: step 59 ELEVATED pairs=23194 evals=788 494s
[600783.7] P4_BASE_E2_CAP60_RC2880: step 60 ELEVATED pairs=23094 evals=804 502s
[600792.2] P4_BASE_E2_CAP60_RC2880: step 61 ELEVATED pairs=23009 evals=820 510s
[600800.8] P4_BASE_E2_CAP60_RC2880: step 62 ELEVATED pairs=22892 evals=836 519s
[600810.1] P4_BASE_E2_CAP60_RC2880: step 63 ELEVATED pairs=22779 evals=852 528s
[600818.2] P4_BASE_E2_CAP60_RC2880: step 64 ELEVATED pairs=22649 evals=868 536s
[600828.3] P4_BASE_E2_CAP60_RC2880: step 65 ELEVATED pairs=22529 evals=884 546s
[600835.7] P4_BASE_E2_CAP60_RC2880: step 66 ELEVATED pairs=22412 evals=900 554s
[600844.3] P4_BASE_E2_CAP60_RC2880: step 67 ELEVATED pairs=22298 evals=916 562s
[600853.6] P4_BASE_E2_CAP60_RC2880: step 68 ELEVATED pairs=22168 evals=932 572s
[600861.0] P4_BASE_E2_CAP60_RC2880: step 69 ELEVATED pairs=22044 evals=948 579s
[600870.6] P4_BASE_E2_CAP60_RC2880: step 70 ELEVATED pairs=21928 evals=964 589s
[600878.2] P4_BASE_E2_CAP60_RC2880: step 71 ELEVATED pairs=21809 evals=980 596s
[600885.2] P4_BASE_E2_CAP60_RC2880: step 72 ELEVATED pairs=21678 evals=996 603s
[600892.2] P4_BASE_E2_CAP60_RC2880: step 73 ELEVATED pairs=21556 evals=1012 610s
[600897.5] P4_BASE_E2_CAP60_RC2880: step 74 ELEVATED pairs=21461 evals=1028 615s
[600907.4] P4_BASE_E2_CAP60_RC2880: step 75 ELEVATED pairs=21381 evals=1037 625s
[600914.6] P4_BASE_E2_CAP60_RC2880: step 76 ELEVATED pairs=21330 evals=1053 633s
[600922.8] P4_BASE_E2_CAP60_RC2880: step 77 ELEVATED pairs=21212 evals=1069 641s
[600931.5] P4_BASE_E2_CAP60_RC2880: step 78 ELEVATED pairs=21096 evals=1085 649s
[600952.5] P4_BASE_E2_CAP60_RC2880: step 79 ELEVATED pairs=20988 evals=1101 670s
[600961.4] P4_BASE_E2_CAP60_RC2880: step 80 ELEVATED pairs=20874 evals=1117 679s
[600969.6] P4_BASE_E2_CAP60_RC2880: step 81 ELEVATED pairs=20765 evals=1133 688s
[600992.8] P4_BASE_E2_CAP60_RC2880: step 82 ELEVATED pairs=20657 evals=1149 711s
[601014.8] P4_BASE_E2_CAP60_RC2880: step 83 ELEVATED pairs=20550 evals=1165 733s
[601022.3] P4_BASE_E2_CAP60_RC2880: step 84 ELEVATED pairs=20466 evals=1181 740s
[601044.1] P4_BASE_E2_CAP60_RC2880: step 85 ELEVATED pairs=20360 evals=1197 762s
[601062.7] P4_BASE_E2_CAP60_RC2880: step 86 ELEVATED pairs=20240 evals=1213 781s
[601071.2] P4_BASE_E2_CAP60_RC2880: step 87 ELEVATED pairs=20154 evals=1229 789s
[601078.0] P4_BASE_E2_CAP60_RC2880: step 88 ELEVATED pairs=20099 evals=1245 796s
[601088.5] P4_BASE_E2_CAP60_RC2880: step 89 ELEVATED pairs=19950 evals=1261 807s
[601095.1] P4_BASE_E2_CAP60_RC2880: step 90 ELEVATED pairs=19898 evals=1277 813s
[601105.2] P4_BASE_E2_CAP60_RC2880: step 91 ELEVATED pairs=19751 evals=1293 823s
[601113.6] P4_BASE_E2_CAP60_RC2880: step 92 ELEVATED pairs=19666 evals=1309 832s
[601123.5] P4_BASE_E2_CAP60_RC2880: step 93 ELEVATED pairs=19521 evals=1325 841s
[601132.3] P4_BASE_E2_CAP60_RC2880: step 94 ELEVATED pairs=19437 evals=1341 850s
[601143.0] P4_BASE_E2_CAP60_RC2880: step 95 ELEVATED pairs=19294 evals=1357 861s
[601151.7] P4_BASE_E2_CAP60_RC2880: step 96 ELEVATED pairs=19217 evals=1373 870s
[601161.3] P4_BASE_E2_CAP60_RC2880: step 97 ELEVATED pairs=19140 evals=1389 879s
[601170.2] P4_BASE_E2_CAP60_RC2880: step 98 ELEVATED pairs=19063 evals=1405 888s
[601170.5] P4_BASE_E2_CAP60_RC2880: step 99 NO_CANDIDATES_GENERATED pairs=19063 evals=1405 888s
[601175.2] P4_BASE_E2_CAP60_RC2880: step 100 ELEVATED pairs=18958 evals=1414 893s
[601183.4] P4_BASE_E2_CAP60_RC2880: step 101 ELEVATED pairs=18893 evals=1430 901s
[601190.7] P4_BASE_E2_CAP60_RC2880: step 102 ELEVATED pairs=18828 evals=1446 909s
[601201.6] P4_BASE_E2_CAP60_RC2880: step 103 ELEVATED pairs=18739 evals=1462 920s
[601209.7] P4_BASE_E2_CAP60_RC2880: step 104 ELEVATED pairs=18674 evals=1478 928s
[601217.8] P4_BASE_E2_CAP60_RC2880: step 105 ELEVATED pairs=18609 evals=1494 936s
[601224.9] P4_BASE_E2_CAP60_RC2880: step 106 ELEVATED pairs=18572 evals=1510 943s
[601230.4] P4_BASE_E2_CAP60_RC2880: step 107 ELEVATED pairs=18480 evals=1519 948s
[601239.4] P4_BASE_E2_CAP60_RC2880: step 108 ELEVATED pairs=18409 evals=1535 957s
[601246.4] P4_BASE_E2_CAP60_RC2880: step 109 ELEVATED pairs=18374 evals=1551 964s
[601254.5] P4_BASE_E2_CAP60_RC2880: step 110 ELEVATED pairs=18309 evals=1567 972s
[601261.1] P4_BASE_E2_CAP60_RC2880: step 111 ELEVATED pairs=18265 evals=1583 979s
[601267.7] P4_BASE_E2_CAP60_RC2880: step 112 ELEVATED pairs=18175 evals=1592 986s
[601274.3] P4_BASE_E2_CAP60_RC2880: step 113 ELEVATED pairs=18131 evals=1608 992s
[601281.2] P4_BASE_E2_CAP60_RC2880: step 114 ELEVATED pairs=18097 evals=1624 999s
[601289.6] P4_BASE_E2_CAP60_RC2880: step 115 ELEVATED pairs=18029 evals=1640 1008s
[601301.4] P4_BASE_E2_CAP60_RC2880: step 116 ELEVATED pairs=17977 evals=1649 1019s
[601301.6] P4_BASE_E2_CAP60_RC2880: step 117 NO_CANDIDATES_GENERATED pairs=17977 evals=1649 1020s
[601301.7] P4_BASE_E2_CAP60_RC2880: step 118 NO_CANDIDATES_GENERATED pairs=17977 evals=1649 1020s
[601301.9] P4_BASE_E2_CAP60_RC2880: step 119 NO_CANDIDATES_GENERATED pairs=17977 evals=1649 1020s
[601302.1] P4_BASE_E2_CAP60_RC2880: step 120 NO_CANDIDATES_GENERATED pairs=17977 evals=1649 1020s
[601302.3] P4_BASE_E2_CAP60_RC2880: step 121 NO_CANDIDATES_GENERATED pairs=17977 evals=1649 1020s
[601302.5] P4_BASE_E2_CAP60_RC2880: step 122 NO_CANDIDATES_GENERATED pairs=17977 evals=1649 1020s
[601302.6] P4_BASE_E2_CAP60_RC2880: step 123 NO_CANDIDATES_GENERATED pairs=17977 evals=1649 1021s
[601302.8] P4_BASE_E2_CAP60_RC2880: step 124 NO_CANDIDATES_GENERATED pairs=17977 evals=1649 1021s
[601303.0] P4_BASE_E2_CAP60_RC2880: step 125 NO_CANDIDATES_GENERATED pairs=17977 evals=1649 1021s
[601303.2] P4_BASE_E2_CAP60_RC2880: step 126 NO_CANDIDATES_GENERATED pairs=17977 evals=1649 1021s
[601303.4] P4_BASE_E2_CAP60_RC2880: step 127 NO_CANDIDATES_GENERATED pairs=17977 evals=1649 1021s
[601303.6] P4_BASE_E2_CAP60_RC2880: step 128 NO_CANDIDATES_GENERATED pairs=17977 evals=1649 1022s
[601303.7] P4_BASE_E2_CAP60_RC2880: step 129 NO_CANDIDATES_GENERATED pairs=17977 evals=1649 1022s
[601303.9] P4_BASE_E2_CAP60_RC2880: step 130 NO_CANDIDATES_GENERATED pairs=17977 evals=1649 1022s
[601304.1] P4_BASE_E2_CAP60_RC2880: step 131 NO_CANDIDATES_GENERATED pairs=17977 evals=1649 1022s
[601304.2] P4_BASE_E2_CAP60_RC2880: step 132 NO_CANDIDATES_GENERATED pairs=17977 evals=1649 1022s
[601312.2] P4_BASE_E2_CAP60_RC2880: step 133 ELEVATED pairs=17916 evals=1665 1030s
[601326.4] P4_BASE_E2_CAP60_RC2880: step 134 ELEVATED pairs=17831 evals=1681 1044s
[601333.8] P4_BASE_E2_CAP60_RC2880: step 135 ELEVATED pairs=17765 evals=1697 1052s
[601348.5] P4_BASE_E2_CAP60_RC2880: step 136 ELEVATED pairs=17681 evals=1713 1066s
[601355.6] P4_BASE_E2_CAP60_RC2880: step 137 ELEVATED pairs=17615 evals=1729 1074s
[601362.7] P4_BASE_E2_CAP60_RC2880: step 138 ELEVATED pairs=17549 evals=1745 1081s
[601372.0] P4_BASE_E2_CAP60_RC2880: step 139 ELEVATED pairs=17483 evals=1761 1090s
[601384.4] P4_BASE_E2_CAP60_RC2880: step 140 RELOCATED pairs=17469 evals=1777 1102s
[601392.5] P4_BASE_E2_CAP60_RC2880: step 141 ELEVATED pairs=17430 evals=1793 1111s
[601392.9] P4_BASE_E2_CAP60_RC2880: step 142 NO_CANDIDATES_GENERATED pairs=17430 evals=1793 1111s
[601393.3] P4_BASE_E2_CAP60_RC2880: step 143 NO_CANDIDATES_GENERATED pairs=17430 evals=1793 1111s
[601393.7] P4_BASE_E2_CAP60_RC2880: step 144 NO_CANDIDATES_GENERATED pairs=17430 evals=1793 1112s
[601394.1] P4_BASE_E2_CAP60_RC2880: step 145 NO_CANDIDATES_GENERATED pairs=17430 evals=1793 1112s
[601394.5] P4_BASE_E2_CAP60_RC2880: step 146 NO_CANDIDATES_GENERATED pairs=17430 evals=1793 1112s
[601394.9] P4_BASE_E2_CAP60_RC2880: step 147 NO_CANDIDATES_GENERATED pairs=17430 evals=1793 1113s
[601395.2] P4_BASE_E2_CAP60_RC2880: step 148 NO_CANDIDATES_GENERATED pairs=17430 evals=1793 1113s
[601395.6] P4_BASE_E2_CAP60_RC2880: step 149 NO_CANDIDATES_GENERATED pairs=17430 evals=1793 1114s
[601396.0] P4_BASE_E2_CAP60_RC2880: step 150 NO_CANDIDATES_GENERATED pairs=17430 evals=1793 1114s
[601396.4] P4_BASE_E2_CAP60_RC2880: step 151 NO_CANDIDATES_GENERATED pairs=17430 evals=1793 1114s
[601396.7] P4_BASE_E2_CAP60_RC2880: step 152 NO_CANDIDATES_GENERATED pairs=17430 evals=1793 1115s
[601397.1] P4_BASE_E2_CAP60_RC2880: step 153 NO_CANDIDATES_GENERATED pairs=17430 evals=1793 1115s
[601405.4] P4_BASE_E2_CAP60_RC2880: step 154 ELEVATED pairs=17391 evals=1809 1123s
[601406.0] P4_BASE_E2_CAP60_RC2880: step 155 NO_CANDIDATES_GENERATED pairs=17391 evals=1809 1124s
[601406.5] P4_BASE_E2_CAP60_RC2880: step 156 NO_CANDIDATES_GENERATED pairs=17391 evals=1809 1124s
[601407.0] P4_BASE_E2_CAP60_RC2880: step 157 NO_CANDIDATES_GENERATED pairs=17391 evals=1809 1125s
[601407.6] P4_BASE_E2_CAP60_RC2880: step 158 NO_CANDIDATES_GENERATED pairs=17391 evals=1809 1126s
[601417.0] P4_BASE_E2_CAP60_RC2880: step 159 ELEVATED pairs=17275 evals=1825 1135s
[601429.7] P4_BASE_E2_CAP60_RC2880: step 160 RELOCATED pairs=17261 evals=1841 1148s
[601438.9] P4_BASE_E2_CAP60_RC2880: step 161 ELEVATED pairs=17146 evals=1857 1157s
[601447.4] P4_BASE_E2_CAP60_RC2880: step 162 ELEVATED pairs=17033 evals=1873 1165s
[601454.9] P4_BASE_E2_CAP60_RC2880: step 163 ELEVATED pairs=16970 evals=1889 1173s
[601463.0] P4_BASE_E2_CAP60_RC2880: step 164 ELEVATED pairs=16902 evals=1905 1181s
[601469.7] P4_BASE_E2_CAP60_RC2880: step 165 ELEVATED pairs=16796 evals=1921 1188s
[601478.3] P4_BASE_E2_CAP60_RC2880: step 166 ELEVATED pairs=16748 evals=1937 1196s
[601485.6] P4_BASE_E2_CAP60_RC2880: step 167 ELEVATED pairs=16700 evals=1953 1204s
[601492.7] P4_BASE_E2_CAP60_RC2880: step 168 ELEVATED pairs=16652 evals=1969 1211s
[601499.0] P4_BASE_E2_CAP60_RC2880: step 169 PREFIX_EVALUATED_NO_WINNER_DEFERRED pairs=16652 evals=1985 1217s
[601505.1] P4_BASE_E2_CAP60_RC2880: step 170 PREFIX_EVALUATED_NO_WINNER_DEFERRED pairs=16652 evals=2001 1223s
[601512.0] P4_BASE_E2_CAP60_RC2880: step 171 PREFIX_EVALUATED_NO_WINNER_DEFERRED pairs=16652 evals=2017 1230s
[601518.2] P4_BASE_E2_CAP60_RC2880: step 172 PREFIX_EVALUATED_NO_WINNER_DEFERRED pairs=16652 evals=2033 1236s
[601524.4] P4_BASE_E2_CAP60_RC2880: step 173 PREFIX_EVALUATED_NO_WINNER_DEFERRED pairs=16652 evals=2049 1242s
[601531.9] P4_BASE_E2_CAP60_RC2880: step 174 ELEVATED pairs=16614 evals=2065 1250s
[601538.9] P4_BASE_E2_CAP60_RC2880: step 175 PREFIX_EVALUATED_NO_WINNER_DEFERRED pairs=16614 evals=2081 1257s
[601545.1] P4_BASE_E2_CAP60_RC2880: step 176 PREFIX_EVALUATED_NO_WINNER_DEFERRED pairs=16614 evals=2097 1263s
[601552.7] P4_BASE_E2_CAP60_RC2880: step 177 PREFIX_EVALUATED_NO_WINNER_DEFERRED pairs=16614 evals=2113 1271s
[601559.5] P4_BASE_E2_CAP60_RC2880: step 178 PREFIX_EVALUATED_NO_WINNER_DEFERRED pairs=16614 evals=2129 1277s
[601566.5] P4_BASE_E2_CAP60_RC2880: step 179 PREFIX_EVALUATED_NO_WINNER_DEFERRED pairs=16614 evals=2145 1284s
[601574.6] P4_BASE_E2_CAP60_RC2880: step 180 PREFIX_EVALUATED_NO_WINNER_DEFERRED pairs=16614 evals=2161 1293s
[601583.1] P4_BASE_E2_CAP60_RC2880: step 181 PREFIX_EVALUATED_NO_WINNER_DEFERRED pairs=16614 evals=2177 1301s
[601591.8] P4_BASE_E2_CAP60_RC2880: step 182 ELEVATED pairs=16602 evals=2193 1310s
[601599.1] P4_BASE_E2_CAP60_RC2880: step 183 PREFIX_EVALUATED_NO_WINNER_DEFERRED pairs=16602 evals=2209 1317s
[601607.2] P4_BASE_E2_CAP60_RC2880: step 184 PREFIX_EVALUATED_NO_WINNER_DEFERRED pairs=16602 evals=2225 1325s
[601614.5] P4_BASE_E2_CAP60_RC2880: step 185 PREFIX_EVALUATED_NO_WINNER_DEFERRED pairs=16602 evals=2241 1332s
[601621.6] P4_BASE_E2_CAP60_RC2880: step 186 PREFIX_EVALUATED_NO_WINNER_DEFERRED pairs=16602 evals=2257 1340s
[601629.9] P4_BASE_E2_CAP60_RC2880: step 187 ELEVATED pairs=16588 evals=2273 1348s
[601637.5] P4_BASE_E2_CAP60_RC2880: step 188 PREFIX_EVALUATED_NO_WINNER_DEFERRED pairs=16588 evals=2289 1355s
[601645.9] P4_BASE_E2_CAP60_RC2880: step 189 PREFIX_EVALUATED_NO_WINNER_DEFERRED pairs=16588 evals=2305 1364s
[601653.2] P4_BASE_E2_CAP60_RC2880: step 190 PREFIX_EVALUATED_NO_WINNER_DEFERRED pairs=16588 evals=2321 1371s
[601660.3] P4_BASE_E2_CAP60_RC2880: step 191 PREFIX_EVALUATED_NO_WINNER_DEFERRED pairs=16588 evals=2337 1378s
[601669.5] P4_BASE_E2_CAP60_RC2880: step 192 RELOCATED pairs=16549 evals=2353 1387s
[601676.4] P4_BASE_E2_CAP60_RC2880: step 193 PREFIX_EVALUATED_NO_WINNER_DEFERRED pairs=16549 evals=2369 1394s
[601684.4] P4_BASE_E2_CAP60_RC2880: step 194 PREFIX_EVALUATED_NO_WINNER_DEFERRED pairs=16549 evals=2385 1402s
[601692.4] P4_BASE_E2_CAP60_RC2880: step 195 PREFIX_EVALUATED_NO_WINNER_DEFERRED pairs=16549 evals=2401 1410s
[601699.3] P4_BASE_E2_CAP60_RC2880: step 196 PREFIX_EVALUATED_NO_WINNER_DEFERRED pairs=16549 evals=2417 1417s
[601707.6] P4_BASE_E2_CAP60_RC2880: step 197 ELEVATED pairs=16537 evals=2433 1426s
[601714.7] P4_BASE_E2_CAP60_RC2880: step 198 PREFIX_EVALUATED_NO_WINNER_DEFERRED pairs=16537 evals=2449 1433s
[601722.2] P4_BASE_E2_CAP60_RC2880: step 199 PREFIX_EVALUATED_NO_WINNER_DEFERRED pairs=16537 evals=2465 1440s
[601729.4] P4_BASE_E2_CAP60_RC2880: step 200 PREFIX_EVALUATED_NO_WINNER_DEFERRED pairs=16537 evals=2481 1447s
[601737.8] P4_BASE_E2_CAP60_RC2880: step 201 PREFIX_EVALUATED_NO_WINNER_DEFERRED pairs=16537 evals=2497 1456s
[601746.5] P4_BASE_E2_CAP60_RC2880: step 202 ELEVATED pairs=16525 evals=2513 1464s
[601753.6] P4_BASE_E2_CAP60_RC2880: step 203 PREFIX_EVALUATED_NO_WINNER_DEFERRED pairs=16525 evals=2529 1472s
[601760.8] P4_BASE_E2_CAP60_RC2880: step 204 PREFIX_EVALUATED_NO_WINNER_DEFERRED pairs=16525 evals=2545 1479s
[601770.4] P4_BASE_E2_CAP60_RC2880: step 205 ELEVATED pairs=16497 evals=2561 1488s
[601777.5] P4_BASE_E2_CAP60_RC2880: step 206 PREFIX_EVALUATED_NO_WINNER_DEFERRED pairs=16497 evals=2577 1495s
[601784.6] P4_BASE_E2_CAP60_RC2880: step 207 PREFIX_EVALUATED_NO_WINNER_DEFERRED pairs=16497 evals=2593 1503s
[601793.4] P4_BASE_E2_CAP60_RC2880: step 208 ELEVATED pairs=16485 evals=2609 1511s
[601800.3] P4_BASE_E2_CAP60_RC2880: step 209 PREFIX_EVALUATED_NO_WINNER_DEFERRED pairs=16485 evals=2625 1518s
[601808.5] P4_BASE_E2_CAP60_RC2880: step 210 PREFIX_EVALUATED_NO_WINNER_DEFERRED pairs=16485 evals=2641 1526s
[601816.9] P4_BASE_E2_CAP60_RC2880: step 211 ELEVATED pairs=16473 evals=2657 1535s
[601823.4] P4_BASE_E2_CAP60_RC2880: step 212 ELEVATED pairs=16460 evals=2673 1541s
[601833.4] P4_BASE_E2_CAP60_RC2880: step 213 ELEVATED pairs=16439 evals=2689 1551s
[601844.1] P4_BASE_E2_CAP60_RC2880: step 214 ELEVATED pairs=16388 evals=2705 1562s
[601853.3] P4_BASE_E2_CAP60_RC2880: step 215 RELOCATED pairs=16352 evals=2721 1571s
[601863.7] P4_BASE_E2_CAP60_RC2880: step 216 PREFIX_EVALUATED_NO_WINNER_DEFERRED pairs=16352 evals=2737 1582s
[601874.1] P4_BASE_E2_CAP60_RC2880: step 217 RELOCATED pairs=16351 evals=2753 1592s
[601886.5] P4_BASE_E2_CAP60_RC2880: step 218 PREFIX_EVALUATED_NO_WINNER_DEFERRED pairs=16351 evals=2769 1605s
[601896.4] P4_BASE_E2_CAP60_RC2880: step 219 RELOCATED pairs=16309 evals=2785 1614s
[601908.9] P4_BASE_E2_CAP60_RC2880: step 220 PREFIX_EVALUATED_NO_WINNER_DEFERRED pairs=16309 evals=2801 1627s
[601919.0] P4_BASE_E2_CAP60_RC2880: step 221 PREFIX_EVALUATED_NO_WINNER_DEFERRED pairs=16309 evals=2817 1637s
[601929.0] P4_BASE_E2_CAP60_RC2880: step 222 PREFIX_EVALUATED_NO_WINNER_DEFERRED pairs=16309 evals=2833 1647s
[601939.2] P4_BASE_E2_CAP60_RC2880: step 223 PREFIX_EVALUATED_NO_WINNER_DEFERRED pairs=16309 evals=2849 1657s
[601949.0] P4_BASE_E2_CAP60_RC2880: step 224 PREFIX_EVALUATED_NO_WINNER_DEFERRED pairs=16309 evals=2865 1667s
[601955.8] P4_BASE_E2_CAP60_RC2880: step 225 ELEVATED pairs=16285 evals=2880 1674s
[601956.3] P4_BASE_E2_CAP60_RC2880: done final=16285 moves=143 first=137 reloc=6 ret=0 evals=2880 stop=CANDIDATE_BUDGET_EXHAUSTED
[602040.2] P4_BASE_E2_CAP60_RC2880: recheck PASS checks=130816
