[558646.8] IDEA_F_R720: start mode=R budget=720 spec={"name": "IDEA_F", "target_policy": "LEGACY", "evaluation_policy": "E2_ORDERED_K16", "traversal_policy": "BASE", "max_targets": 200, "k_per_target": 16, "family_round_robin": false, "relocation_side_reserve": 0, "waiting_age": false, "route_coverage": false, "multi_anchor": false, "exact_dedup": true, "decision_cache": false, "return_action": false, "cache_structural_skips": false, "window_slack_mm": 1e-05, "notes": ""}
[558646.8] IDEA_F_R720: start state=main C:\Users\lihao\Desktop\Graduation Project\OpticalWaveguideRouter3D\outputs\3d_strategy_v3\512_ablation\D_both_enabled pairs=42909
[558654.6] IDEA_F_R720: INITIAL_DONE pairs=42909
[558654.9] IDEA_F_R720: step 1 NO_CANDIDATES_GENERATED pairs=42909 evals=0 1s
[558655.3] IDEA_F_R720: step 2 NO_CANDIDATES_GENERATED pairs=42909 evals=0 1s
[558666.6] IDEA_F_R720: step 3 ELEVATED pairs=42661 evals=16 12s
[558685.6] IDEA_F_R720: step 4 ELEVATED pairs=42487 evals=32 31s
[558700.7] IDEA_F_R720: step 5 ELEVATED pairs=42305 evals=48 47s
[558715.4] IDEA_F_R720: step 6 ELEVATED pairs=42121 evals=64 61s
[558730.5] IDEA_F_R720: step 7 ELEVATED pairs=41936 evals=80 76s
[558741.4] IDEA_F_R720: step 8 ELEVATED pairs=41680 evals=96 87s
[558756.3] IDEA_F_R720: step 9 ELEVATED pairs=41486 evals=112 102s
[558766.6] IDEA_F_R720: step 10 ELEVATED pairs=41225 evals=128 112s
[558786.6] IDEA_F_R720: step 11 ELEVATED pairs=41046 evals=144 132s
[558806.5] IDEA_F_R720: step 12 ELEVATED pairs=40867 evals=160 152s
[558816.0] IDEA_F_R720: step 13 ELEVATED pairs=40628 evals=176 162s
[558828.9] IDEA_F_R720: step 14 ELEVATED pairs=40377 evals=192 175s
[558838.0] IDEA_F_R720: step 15 ELEVATED pairs=40136 evals=208 184s
[558851.0] IDEA_F_R720: step 16 ELEVATED pairs=39887 evals=224 197s
[558864.6] IDEA_F_R720: step 17 ELEVATED pairs=39640 evals=240 210s
[558877.7] IDEA_F_R720: step 18 ELEVATED pairs=39399 evals=256 224s
[558891.6] IDEA_F_R720: step 19 ELEVATED pairs=39175 evals=272 237s
[558904.9] IDEA_F_R720: step 20 ELEVATED pairs=38969 evals=288 251s
[558922.2] IDEA_F_R720: step 21 ELEVATED pairs=38811 evals=304 268s
[558935.6] IDEA_F_R720: step 22 ELEVATED pairs=38668 evals=320 281s
[558947.9] IDEA_F_R720: step 23 ELEVATED pairs=38466 evals=336 294s
[558960.6] IDEA_F_R720: step 24 ELEVATED pairs=38332 evals=352 306s
[558971.0] IDEA_F_R720: step 25 ELEVATED pairs=38108 evals=368 317s
[558983.9] IDEA_F_R720: step 26 ELEVATED pairs=37974 evals=384 330s
[558994.3] IDEA_F_R720: step 27 ELEVATED pairs=37771 evals=400 340s
[559004.7] IDEA_F_R720: step 28 ELEVATED pairs=37568 evals=416 351s
[559013.6] IDEA_F_R720: step 29 ELEVATED pairs=37338 evals=432 359s
[559022.3] IDEA_F_R720: step 30 ELEVATED pairs=37110 evals=448 368s
[559034.5] IDEA_F_R720: step 31 ELEVATED pairs=36910 evals=464 380s
[559043.3] IDEA_F_R720: step 32 ELEVATED pairs=36684 evals=480 389s
[559055.0] IDEA_F_R720: step 33 ELEVATED pairs=36466 evals=496 401s
[559066.2] IDEA_F_R720: step 34 ELEVATED pairs=36269 evals=512 412s
[559086.2] IDEA_F_R720: step 35 ELEVATED pairs=36073 evals=528 432s
[559100.2] IDEA_F_R720: step 36 ELEVATED pairs=35887 evals=544 446s
[559111.8] IDEA_F_R720: step 37 ELEVATED pairs=35774 evals=560 458s
[559124.9] IDEA_F_R720: step 38 ELEVATED pairs=35543 evals=576 471s
[559135.5] IDEA_F_R720: step 39 ELEVATED pairs=35343 evals=592 481s
[559148.4] IDEA_F_R720: step 40 ELEVATED pairs=35138 evals=608 494s
[559148.6] IDEA_F_R720: step 41 NO_CANDIDATES_GENERATED pairs=35138 evals=608 494s
[559148.8] IDEA_F_R720: step 42 NO_CANDIDATES_GENERATED pairs=35138 evals=608 495s
[559162.5] IDEA_F_R720: step 43 ELEVATED pairs=34935 evals=624 508s
[559176.5] IDEA_F_R720: step 44 ELEVATED pairs=34734 evals=640 522s
[559186.3] IDEA_F_R720: step 45 ELEVATED pairs=34539 evals=656 532s
[559201.5] IDEA_F_R720: step 46 ELEVATED pairs=34340 evals=672 547s
[559216.8] IDEA_F_R720: step 47 ELEVATED pairs=34143 evals=688 563s
[559231.5] IDEA_F_R720: step 48 ELEVATED pairs=33933 evals=704 577s
[559249.2] IDEA_F_R720: step 49 ELEVATED pairs=33738 evals=720 595s
[559249.7] IDEA_F_R720: step 50 ABORTED_CANDIDATE_BUDGET pairs=33738 evals=720 595s
[559250.1] IDEA_F_R720: done final=33738 moves=45 first=45 reloc=0 ret=0 evals=720 stop=CANDIDATE_BUDGET_EXHAUSTED
[559321.7] IDEA_F_R720: recheck PASS checks=130816
