[556431.6] V7_T2_N2880: start mode=N budget=2880 spec={"name": "V7_T2", "target_policy": "LEGACY", "evaluation_policy": "E2_ORDERED_K16", "traversal_policy": "COVERAGE", "max_targets": 2000, "k_per_target": 16, "family_round_robin": false, "relocation_side_reserve": 0, "waiting_age": false, "route_coverage": true, "multi_anchor": false, "exact_dedup": false, "decision_cache": false, "return_action": false, "cache_structural_skips": true, "window_slack_mm": 1e-05, "notes": ""}
[556431.6] V7_T2_N2880: start state=main C:\Users\lihao\Desktop\Graduation Project\OpticalWaveguideRouter3D\outputs\3d_strategy_v3\512_ablation\D_both_enabled pairs=42909
[556439.7] V7_T2_N2880: INITIAL_DONE pairs=42909
[556440.1] V7_T2_N2880: step 1 NO_CANDIDATES_GENERATED pairs=42909 evals=0 1s
[556440.5] V7_T2_N2880: step 2 NO_CANDIDATES_GENERATED pairs=42909 evals=0 1s
[556453.4] V7_T2_N2880: step 3 ELEVATED pairs=42661 evals=16 14s
[556466.4] V7_T2_N2880: step 4 ELEVATED pairs=42405 evals=32 27s
[556477.8] V7_T2_N2880: step 5 ELEVATED pairs=42144 evals=48 38s
[556496.6] V7_T2_N2880: step 6 ELEVATED pairs=41895 evals=64 57s
[556505.6] V7_T2_N2880: step 7 ELEVATED pairs=41639 evals=80 66s
[556518.6] V7_T2_N2880: step 8 ELEVATED pairs=41400 evals=96 79s
[556532.1] V7_T2_N2880: step 9 ELEVATED pairs=41182 evals=112 93s
[556544.1] V7_T2_N2880: step 10 ELEVATED pairs=40967 evals=128 105s
[556558.5] V7_T2_N2880: step 11 ELEVATED pairs=40716 evals=144 119s
[556571.8] V7_T2_N2880: step 12 ELEVATED pairs=40527 evals=160 132s
[556589.4] V7_T2_N2880: step 13 ELEVATED pairs=40359 evals=176 150s
[556600.8] V7_T2_N2880: step 14 ELEVATED pairs=40161 evals=192 161s
[556615.0] V7_T2_N2880: step 15 ELEVATED pairs=39967 evals=208 175s
[556627.1] V7_T2_N2880: step 16 ELEVATED pairs=39773 evals=224 188s
[556641.0] V7_T2_N2880: step 17 ELEVATED pairs=39609 evals=240 202s
[556652.5] V7_T2_N2880: step 18 ELEVATED pairs=39381 evals=256 213s
[556664.2] V7_T2_N2880: step 19 ELEVATED pairs=39242 evals=272 225s
[556679.7] V7_T2_N2880: step 20 ELEVATED pairs=39029 evals=288 240s
[556694.3] V7_T2_N2880: step 21 ELEVATED pairs=38864 evals=304 255s
[556707.2] V7_T2_N2880: step 22 ELEVATED pairs=38631 evals=320 268s
[556727.7] V7_T2_N2880: step 23 ELEVATED pairs=38452 evals=336 288s
[556746.2] V7_T2_N2880: step 24 ELEVATED pairs=38287 evals=352 307s
[556762.8] V7_T2_N2880: step 25 ELEVATED pairs=38071 evals=368 323s
[556777.7] V7_T2_N2880: step 26 ELEVATED pairs=37863 evals=384 338s
[556796.1] V7_T2_N2880: step 27 ELEVATED pairs=37652 evals=400 357s
[556813.6] V7_T2_N2880: step 28 ELEVATED pairs=37442 evals=416 374s
[556824.5] V7_T2_N2880: step 29 ELEVATED pairs=37268 evals=432 385s
[556840.7] V7_T2_N2880: step 30 ELEVATED pairs=37060 evals=448 401s
[556857.0] V7_T2_N2880: step 31 ELEVATED pairs=36921 evals=464 418s
[556865.7] V7_T2_N2880: step 32 ELEVATED pairs=36726 evals=480 426s
[556875.7] V7_T2_N2880: step 33 ELEVATED pairs=36523 evals=496 436s
[556885.9] V7_T2_N2880: step 34 ELEVATED pairs=36321 evals=512 446s
[556901.7] V7_T2_N2880: step 35 ELEVATED pairs=36205 evals=528 462s
[556920.0] V7_T2_N2880: step 36 ELEVATED pairs=35993 evals=544 481s
[556937.4] V7_T2_N2880: step 37 ELEVATED pairs=35783 evals=560 498s
[556954.0] V7_T2_N2880: step 38 ELEVATED pairs=35575 evals=576 515s
[556970.3] V7_T2_N2880: step 39 ELEVATED pairs=35369 evals=592 531s
[556981.6] V7_T2_N2880: step 40 ELEVATED pairs=35201 evals=608 542s
[556981.9] V7_T2_N2880: step 41 NO_CANDIDATES_GENERATED pairs=35201 evals=608 542s
[556982.1] V7_T2_N2880: step 42 NO_CANDIDATES_GENERATED pairs=35201 evals=608 543s
[556982.3] V7_T2_N2880: step 43 NO_CANDIDATES_GENERATED pairs=35201 evals=608 543s
[556982.5] V7_T2_N2880: step 44 NO_CANDIDATES_GENERATED pairs=35201 evals=608 543s
[556982.8] V7_T2_N2880: step 45 NO_CANDIDATES_GENERATED pairs=35201 evals=608 543s
[556983.0] V7_T2_N2880: step 46 NO_CANDIDATES_GENERATED pairs=35201 evals=608 544s
[556998.5] V7_T2_N2880: step 47 ELEVATED pairs=34996 evals=624 559s
[557012.8] V7_T2_N2880: step 48 ELEVATED pairs=34847 evals=640 573s
[557031.0] V7_T2_N2880: step 49 ELEVATED pairs=34650 evals=656 592s
[557048.3] V7_T2_N2880: step 50 ELEVATED pairs=34455 evals=672 609s
[557067.3] V7_T2_N2880: step 51 ELEVATED pairs=34265 evals=688 628s
[557088.2] V7_T2_N2880: step 52 ELEVATED pairs=34077 evals=704 649s
[557112.9] V7_T2_N2880: step 53 ELEVATED pairs=33891 evals=720 673s
[557124.6] V7_T2_N2880: step 54 ELEVATED pairs=33699 evals=736 685s
[557136.5] V7_T2_N2880: step 55 ELEVATED pairs=33536 evals=752 697s
[557149.5] V7_T2_N2880: step 56 ELEVATED pairs=33346 evals=768 710s
[557160.7] V7_T2_N2880: step 57 ELEVATED pairs=33185 evals=784 721s
[557171.6] V7_T2_N2880: step 58 ELEVATED pairs=33022 evals=800 732s
[557183.1] V7_T2_N2880: step 59 ELEVATED pairs=32937 evals=816 744s
[557195.8] V7_T2_N2880: step 60 ELEVATED pairs=32822 evals=832 756s
[557207.3] V7_T2_N2880: step 61 ELEVATED pairs=32675 evals=848 768s
[557216.2] V7_T2_N2880: step 62 ELEVATED pairs=32567 evals=864 777s
[557227.5] V7_T2_N2880: step 63 ELEVATED pairs=32480 evals=880 788s
[557227.7] V7_T2_N2880: step 64 NO_CANDIDATES_GENERATED pairs=32480 evals=880 788s
[557227.9] V7_T2_N2880: step 65 NO_CANDIDATES_GENERATED pairs=32480 evals=880 788s
[557228.1] V7_T2_N2880: step 66 NO_CANDIDATES_GENERATED pairs=32480 evals=880 789s
[557237.8] V7_T2_N2880: step 67 ELEVATED pairs=32414 evals=896 798s
[557249.2] V7_T2_N2880: step 68 ELEVATED pairs=32316 evals=912 810s
[557260.3] V7_T2_N2880: step 69 ELEVATED pairs=32239 evals=928 821s
[557274.0] V7_T2_N2880: step 70 ELEVATED pairs=32068 evals=944 835s
[557284.8] V7_T2_N2880: step 71 ELEVATED pairs=31938 evals=960 845s
[557297.2] V7_T2_N2880: step 72 ELEVATED pairs=31769 evals=976 858s
[557308.4] V7_T2_N2880: step 73 ELEVATED pairs=31641 evals=992 869s
[557323.0] V7_T2_N2880: step 74 ELEVATED pairs=31472 evals=1008 884s
[557334.0] V7_T2_N2880: step 75 ELEVATED pairs=31392 evals=1024 895s
[557349.0] V7_T2_N2880: step 76 ELEVATED pairs=31268 evals=1040 910s
[557349.2] V7_T2_N2880: step 77 NO_CANDIDATES_GENERATED pairs=31268 evals=1040 910s
[557349.4] V7_T2_N2880: step 78 NO_CANDIDATES_GENERATED pairs=31268 evals=1040 910s
[557366.8] V7_T2_N2880: step 79 ELEVATED pairs=31128 evals=1056 927s
[557366.9] V7_T2_N2880: step 80 NO_CANDIDATES_GENERATED pairs=31128 evals=1056 927s
[557378.4] V7_T2_N2880: step 81 ELEVATED pairs=31063 evals=1072 939s
[557390.2] V7_T2_N2880: step 82 ELEVATED pairs=30998 evals=1088 951s
[557398.9] V7_T2_N2880: step 83 ELEVATED pairs=30929 evals=1104 959s
[557413.9] V7_T2_N2880: step 84 ELEVATED pairs=30773 evals=1120 974s
[557422.9] V7_T2_N2880: step 85 ELEVATED pairs=30696 evals=1136 983s
[557436.1] V7_T2_N2880: step 86 ELEVATED pairs=30542 evals=1152 997s
[557450.1] V7_T2_N2880: step 87 ELEVATED pairs=30436 evals=1168 1011s
[557461.4] V7_T2_N2880: step 88 ELEVATED pairs=30285 evals=1184 1022s
[557481.7] V7_T2_N2880: step 89 ELEVATED pairs=30147 evals=1200 1042s
[557490.2] V7_T2_N2880: step 90 ELEVATED pairs=30109 evals=1216 1051s
[557503.7] V7_T2_N2880: step 91 ELEVATED pairs=30035 evals=1232 1064s
[557512.7] V7_T2_N2880: step 92 ELEVATED pairs=29941 evals=1248 1073s
[557521.5] V7_T2_N2880: step 93 ELEVATED pairs=29864 evals=1264 1082s
[557536.6] V7_T2_N2880: step 94 ELEVATED pairs=29766 evals=1280 1097s
[557547.0] V7_T2_N2880: step 95 ELEVATED pairs=29706 evals=1296 1108s
[557557.3] V7_T2_N2880: step 96 ELEVATED pairs=29572 evals=1312 1118s
[557570.4] V7_T2_N2880: step 97 ELEVATED pairs=29498 evals=1328 1131s
[557583.5] V7_T2_N2880: step 98 ELEVATED pairs=29408 evals=1344 1144s
[557595.2] V7_T2_N2880: step 99 ELEVATED pairs=29337 evals=1360 1156s
[557607.8] V7_T2_N2880: step 100 ELEVATED pairs=29254 evals=1376 1168s
[557619.4] V7_T2_N2880: step 101 ELEVATED pairs=29186 evals=1392 1180s
[557632.0] V7_T2_N2880: step 102 ELEVATED pairs=29048 evals=1408 1193s
[557645.5] V7_T2_N2880: step 103 ELEVATED pairs=28985 evals=1424 1206s
[557658.4] V7_T2_N2880: step 104 ELEVATED pairs=28944 evals=1440 1219s
[557669.2] V7_T2_N2880: step 105 PREFIX_EVALUATED_NO_WINNER_DEFERRED pairs=28944 evals=1456 1230s
[557678.6] V7_T2_N2880: step 106 ELEVATED pairs=28864 evals=1472 1239s
[557687.7] V7_T2_N2880: step 107 ELEVATED pairs=28793 evals=1488 1248s
[557703.1] V7_T2_N2880: step 108 ELEVATED pairs=28706 evals=1504 1264s
[557713.6] V7_T2_N2880: step 109 ELEVATED pairs=28619 evals=1520 1274s
[557724.6] V7_T2_N2880: step 110 ELEVATED pairs=28563 evals=1536 1285s
[557737.7] V7_T2_N2880: step 111 ELEVATED pairs=28478 evals=1552 1298s
[557746.9] V7_T2_N2880: step 112 ELEVATED pairs=28413 evals=1568 1307s
[557759.8] V7_T2_N2880: step 113 ELEVATED pairs=28304 evals=1584 1320s
[557770.9] V7_T2_N2880: step 114 ELEVATED pairs=28185 evals=1600 1331s
[557792.0] V7_T2_N2880: step 115 ELEVATED pairs=28097 evals=1616 1352s
[557801.5] V7_T2_N2880: step 116 ELEVATED pairs=28036 evals=1632 1362s
[557810.7] V7_T2_N2880: step 117 ELEVATED pairs=27978 evals=1648 1371s
[557818.7] V7_T2_N2880: step 118 ELEVATED pairs=27942 evals=1664 1379s
[557832.6] V7_T2_N2880: step 119 ELEVATED pairs=27868 evals=1680 1393s
[557832.7] V7_T2_N2880: step 120 NO_CANDIDATES_GENERATED pairs=27868 evals=1680 1393s
[557832.8] V7_T2_N2880: step 121 NO_CANDIDATES_GENERATED pairs=27868 evals=1680 1393s
[557833.0] V7_T2_N2880: step 122 NO_CANDIDATES_GENERATED pairs=27868 evals=1680 1394s
[557833.1] V7_T2_N2880: step 123 NO_CANDIDATES_GENERATED pairs=27868 evals=1680 1394s
[557843.0] V7_T2_N2880: step 124 ELEVATED pairs=27847 evals=1696 1404s
[557855.3] V7_T2_N2880: step 125 ELEVATED pairs=27809 evals=1712 1416s
[557864.7] V7_T2_N2880: step 126 ELEVATED pairs=27757 evals=1728 1425s
[557877.9] V7_T2_N2880: step 127 ELEVATED pairs=27687 evals=1744 1438s
[557878.1] V7_T2_N2880: step 128 NO_CANDIDATES_GENERATED pairs=27687 evals=1744 1439s
[557878.2] V7_T2_N2880: step 129 NO_CANDIDATES_GENERATED pairs=27687 evals=1744 1439s
[557878.4] V7_T2_N2880: step 130 NO_CANDIDATES_GENERATED pairs=27687 evals=1744 1439s
[557889.3] V7_T2_N2880: step 131 ELEVATED pairs=27553 evals=1760 1450s
[557896.4] V7_T2_N2880: step 132 ELEVATED pairs=27508 evals=1776 1457s
[557904.4] V7_T2_N2880: step 133 ELEVATED pairs=27479 evals=1792 1465s
[557914.6] V7_T2_N2880: step 134 ELEVATED pairs=27443 evals=1808 1475s
[557924.2] V7_T2_N2880: step 135 ELEVATED pairs=27340 evals=1824 1485s
[557933.2] V7_T2_N2880: step 136 ELEVATED pairs=27330 evals=1840 1494s
[557943.0] V7_T2_N2880: step 137 ELEVATED pairs=27299 evals=1856 1504s
[557943.2] V7_T2_N2880: step 138 NO_CANDIDATES_GENERATED pairs=27299 evals=1856 1504s
[557953.5] V7_T2_N2880: step 139 ELEVATED pairs=27262 evals=1872 1514s
[557964.7] V7_T2_N2880: step 140 ELEVATED pairs=27231 evals=1888 1525s
[557973.0] V7_T2_N2880: step 141 ELEVATED pairs=27143 evals=1904 1534s
[557979.6] V7_T2_N2880: step 142 ELEVATED pairs=27096 evals=1920 1540s
[557990.2] V7_T2_N2880: step 143 ELEVATED pairs=27072 evals=1936 1551s
[558002.3] V7_T2_N2880: step 144 ELEVATED pairs=26977 evals=1952 1563s
[558010.5] V7_T2_N2880: step 145 ELEVATED pairs=26951 evals=1968 1571s
[558018.7] V7_T2_N2880: step 146 ELEVATED pairs=26925 evals=1984 1579s
[558029.7] V7_T2_N2880: step 147 ELEVATED pairs=26904 evals=2000 1590s
[558040.1] V7_T2_N2880: step 148 ELEVATED pairs=26860 evals=2016 1601s
[558051.6] V7_T2_N2880: step 149 ELEVATED pairs=26769 evals=2032 1612s
[558061.0] V7_T2_N2880: step 150 ELEVATED pairs=26704 evals=2048 1622s
[558073.0] V7_T2_N2880: step 151 ELEVATED pairs=26614 evals=2064 1634s
[558084.7] V7_T2_N2880: step 152 ELEVATED pairs=26526 evals=2080 1645s
[558097.6] V7_T2_N2880: step 153 ELEVATED pairs=26437 evals=2096 1658s
[558110.7] V7_T2_N2880: step 154 ELEVATED pairs=26350 evals=2112 1671s
[558116.9] V7_T2_N2880: step 155 ELEVATED pairs=26267 evals=2128 1677s
[558130.3] V7_T2_N2880: step 156 ELEVATED pairs=26213 evals=2144 1691s
[558138.9] V7_T2_N2880: step 157 ELEVATED pairs=26191 evals=2160 1699s
[558143.8] V7_T2_N2880: step 158 ELEVATED pairs=26123 evals=2176 1704s
[558150.3] V7_T2_N2880: step 159 ELEVATED pairs=26056 evals=2192 1711s
[558157.9] V7_T2_N2880: step 160 ELEVATED pairs=26003 evals=2208 1718s
[558166.3] V7_T2_N2880: step 161 ELEVATED pairs=25922 evals=2224 1727s
[558175.3] V7_T2_N2880: step 162 ELEVATED pairs=25883 evals=2240 1736s
[558175.5] V7_T2_N2880: step 163 NO_CANDIDATES_GENERATED pairs=25883 evals=2240 1736s
[558188.1] V7_T2_N2880: step 164 ELEVATED pairs=25834 evals=2256 1749s
[558198.3] V7_T2_N2880: step 165 ELEVATED pairs=25762 evals=2272 1759s
[558205.4] V7_T2_N2880: step 166 ELEVATED pairs=25717 evals=2288 1766s
[558212.6] V7_T2_N2880: step 167 ELEVATED pairs=25672 evals=2304 1773s
[558222.9] V7_T2_N2880: step 168 ELEVATED pairs=25639 evals=2320 1783s
[558243.5] V7_T2_N2880: step 169 ELEVATED pairs=25580 evals=2336 1804s
[558253.6] V7_T2_N2880: step 170 ELEVATED pairs=25510 evals=2352 1814s
[558268.1] V7_T2_N2880: step 171 ELEVATED pairs=25459 evals=2368 1829s
[558273.6] V7_T2_N2880: step 172 ELEVATED pairs=25445 evals=2384 1834s
[558282.6] V7_T2_N2880: step 173 ELEVATED pairs=25424 evals=2400 1843s
[558288.9] V7_T2_N2880: step 174 ELEVATED pairs=25355 evals=2416 1849s
[558297.2] V7_T2_N2880: step 175 ELEVATED pairs=25329 evals=2432 1858s
[558308.0] V7_T2_N2880: step 176 ELEVATED pairs=25281 evals=2448 1869s
[558317.1] V7_T2_N2880: step 177 ELEVATED pairs=25207 evals=2464 1878s
[558329.1] V7_T2_N2880: step 178 ELEVATED pairs=25142 evals=2480 1890s
[558338.8] V7_T2_N2880: step 179 ELEVATED pairs=25071 evals=2496 1899s
[558347.7] V7_T2_N2880: step 180 ELEVATED pairs=25002 evals=2512 1908s
[558354.6] V7_T2_N2880: step 181 ELEVATED pairs=24960 evals=2528 1915s
[558363.8] V7_T2_N2880: step 182 ELEVATED pairs=24891 evals=2544 1924s
[558375.6] V7_T2_N2880: step 183 ELEVATED pairs=24852 evals=2560 1936s
[558385.3] V7_T2_N2880: step 184 ELEVATED pairs=24835 evals=2576 1946s
[558391.8] V7_T2_N2880: step 185 ELEVATED pairs=24762 evals=2592 1952s
[558401.2] V7_T2_N2880: step 186 ELEVATED pairs=24696 evals=2608 1962s
[558411.7] V7_T2_N2880: step 187 ELEVATED pairs=24644 evals=2624 1972s
[558422.1] V7_T2_N2880: step 188 ELEVATED pairs=24597 evals=2640 1983s
[558428.5] V7_T2_N2880: step 189 ELEVATED pairs=24570 evals=2656 1989s
[558431.7] V7_T2_N2880: step 190 ELEVATED pairs=24553 evals=2672 1992s
[558437.9] V7_T2_N2880: step 191 ELEVATED pairs=24505 evals=2688 1998s
[558444.2] V7_T2_N2880: step 192 ELEVATED pairs=24473 evals=2704 2005s
[558453.8] V7_T2_N2880: step 193 ELEVATED pairs=24428 evals=2720 2014s
[558459.5] V7_T2_N2880: step 194 ELEVATED pairs=24385 evals=2736 2020s
[558467.8] V7_T2_N2880: step 195 ELEVATED pairs=24322 evals=2752 2028s
[558476.4] V7_T2_N2880: step 196 ELEVATED pairs=24261 evals=2768 2037s
[558476.8] V7_T2_N2880: step 197 NO_CANDIDATES_GENERATED pairs=24261 evals=2768 2037s
[558477.2] V7_T2_N2880: step 198 NO_CANDIDATES_GENERATED pairs=24261 evals=2768 2038s
[558477.6] V7_T2_N2880: step 199 NO_CANDIDATES_GENERATED pairs=24261 evals=2768 2038s
[558489.0] V7_T2_N2880: step 200 ELEVATED pairs=24215 evals=2784 2050s
[558498.1] V7_T2_N2880: step 201 ELEVATED pairs=24156 evals=2800 2059s
[558498.6] V7_T2_N2880: step 202 NO_CANDIDATES_GENERATED pairs=24156 evals=2800 2059s
[558499.1] V7_T2_N2880: step 203 NO_CANDIDATES_GENERATED pairs=24156 evals=2800 2060s
[558513.9] V7_T2_N2880: step 204 ELEVATED pairs=24123 evals=2816 2074s
[558514.3] V7_T2_N2880: step 205 NO_CANDIDATES_GENERATED pairs=24123 evals=2816 2075s
[558514.8] V7_T2_N2880: step 206 NO_CANDIDATES_GENERATED pairs=24123 evals=2816 2075s
[558515.2] V7_T2_N2880: step 207 NO_CANDIDATES_GENERATED pairs=24123 evals=2816 2076s
[558527.3] V7_T2_N2880: step 208 ELEVATED pairs=24080 evals=2832 2088s
[558538.0] V7_T2_N2880: step 209 ELEVATED pairs=24038 evals=2848 2099s
[558544.0] V7_T2_N2880: step 210 ELEVATED pairs=24028 evals=2864 2105s
[558549.8] V7_T2_N2880: step 211 ELEVATED pairs=24014 evals=2880 2110s
[558550.8] V7_T2_N2880: step 212 ABORTED_CANDIDATE_BUDGET pairs=24014 evals=2880 2111s
[558551.2] V7_T2_N2880: done final=24014 moves=179 first=179 reloc=0 ret=0 evals=2880 stop=CANDIDATE_BUDGET_EXHAUSTED
[558670.4] V7_T2_N2880: recheck PASS checks=130816
