[605958.3] V8_G0_NEUTRALITY_N2880_refreeze: start mode=N budget=2880 spec={"name": "V8_G0_NEUTRALITY", "target_policy": "LEGACY", "evaluation_policy": "E2_ORDERED_K16", "traversal_policy": "BASE", "max_targets": 200, "k_per_target": 16, "family_round_robin": false, "relocation_side_reserve": 0, "waiting_age": false, "route_coverage": false, "multi_anchor": false, "exact_dedup": false, "decision_cache": false, "return_action": false, "cache_structural_skips": false, "window_slack_mm": 1e-05, "generation_domain": "LINE_ONLY", "path_window_settings": null, "stage_length_cap_mm": null, "notes": ""}
[605958.3] V8_G0_NEUTRALITY_N2880_refreeze: start state=main C:\Users\lihao\Desktop\Graduation Project\OpticalWaveguideRouter3D\outputs\3d_strategy_v3\512_ablation\D_both_enabled pairs=42909
[605961.7] V8_G0_NEUTRALITY_N2880_refreeze: INITIAL_DONE pairs=42909
[605961.8] V8_G0_NEUTRALITY_N2880_refreeze: step 1 NO_CANDIDATES_GENERATED pairs=42909 evals=0 0s
[605962.0] V8_G0_NEUTRALITY_N2880_refreeze: step 2 NO_CANDIDATES_GENERATED pairs=42909 evals=0 0s
[605966.8] V8_G0_NEUTRALITY_N2880_refreeze: step 3 ELEVATED pairs=42661 evals=16 5s
[605975.6] V8_G0_NEUTRALITY_N2880_refreeze: step 4 ELEVATED pairs=42487 evals=32 14s
[605982.5] V8_G0_NEUTRALITY_N2880_refreeze: step 5 ELEVATED pairs=42305 evals=48 21s
[605989.7] V8_G0_NEUTRALITY_N2880_refreeze: step 6 ELEVATED pairs=42121 evals=64 28s
[605996.9] V8_G0_NEUTRALITY_N2880_refreeze: step 7 ELEVATED pairs=41936 evals=80 35s
[606002.2] V8_G0_NEUTRALITY_N2880_refreeze: step 8 ELEVATED pairs=41680 evals=96 40s
[606010.0] V8_G0_NEUTRALITY_N2880_refreeze: step 9 ELEVATED pairs=41486 evals=112 48s
[606015.3] V8_G0_NEUTRALITY_N2880_refreeze: step 10 ELEVATED pairs=41225 evals=128 54s
[606025.3] V8_G0_NEUTRALITY_N2880_refreeze: step 11 ELEVATED pairs=41046 evals=144 64s
[606035.6] V8_G0_NEUTRALITY_N2880_refreeze: step 12 ELEVATED pairs=40867 evals=160 74s
[606040.5] V8_G0_NEUTRALITY_N2880_refreeze: step 13 ELEVATED pairs=40628 evals=176 79s
[606047.3] V8_G0_NEUTRALITY_N2880_refreeze: step 14 ELEVATED pairs=40377 evals=192 85s
[606051.9] V8_G0_NEUTRALITY_N2880_refreeze: step 15 ELEVATED pairs=40136 evals=208 90s
[606058.5] V8_G0_NEUTRALITY_N2880_refreeze: step 16 ELEVATED pairs=39887 evals=224 97s
[606065.1] V8_G0_NEUTRALITY_N2880_refreeze: step 17 ELEVATED pairs=39640 evals=240 103s
[606071.4] V8_G0_NEUTRALITY_N2880_refreeze: step 18 ELEVATED pairs=39399 evals=256 110s
[606078.1] V8_G0_NEUTRALITY_N2880_refreeze: step 19 ELEVATED pairs=39175 evals=272 116s
[606084.6] V8_G0_NEUTRALITY_N2880_refreeze: step 20 ELEVATED pairs=38969 evals=288 123s
[606093.1] V8_G0_NEUTRALITY_N2880_refreeze: step 21 ELEVATED pairs=38811 evals=304 131s
[606099.7] V8_G0_NEUTRALITY_N2880_refreeze: step 22 ELEVATED pairs=38668 evals=320 138s
[606105.9] V8_G0_NEUTRALITY_N2880_refreeze: step 23 ELEVATED pairs=38466 evals=336 144s
[606112.2] V8_G0_NEUTRALITY_N2880_refreeze: step 24 ELEVATED pairs=38332 evals=352 150s
[606117.3] V8_G0_NEUTRALITY_N2880_refreeze: step 25 ELEVATED pairs=38108 evals=368 156s
[606123.8] V8_G0_NEUTRALITY_N2880_refreeze: step 26 ELEVATED pairs=37974 evals=384 162s
[606129.1] V8_G0_NEUTRALITY_N2880_refreeze: step 27 ELEVATED pairs=37771 evals=400 167s
[606134.5] V8_G0_NEUTRALITY_N2880_refreeze: step 28 ELEVATED pairs=37568 evals=416 173s
[606139.0] V8_G0_NEUTRALITY_N2880_refreeze: step 29 ELEVATED pairs=37338 evals=432 177s
[606143.5] V8_G0_NEUTRALITY_N2880_refreeze: step 30 ELEVATED pairs=37110 evals=448 182s
[606149.7] V8_G0_NEUTRALITY_N2880_refreeze: step 31 ELEVATED pairs=36910 evals=464 188s
[606154.2] V8_G0_NEUTRALITY_N2880_refreeze: step 32 ELEVATED pairs=36684 evals=480 192s
[606160.2] V8_G0_NEUTRALITY_N2880_refreeze: step 33 ELEVATED pairs=36466 evals=496 198s
[606166.1] V8_G0_NEUTRALITY_N2880_refreeze: step 34 ELEVATED pairs=36269 evals=512 204s
[606176.6] V8_G0_NEUTRALITY_N2880_refreeze: step 35 ELEVATED pairs=36073 evals=528 215s
[606183.8] V8_G0_NEUTRALITY_N2880_refreeze: step 36 ELEVATED pairs=35887 evals=544 222s
[606189.8] V8_G0_NEUTRALITY_N2880_refreeze: step 37 ELEVATED pairs=35774 evals=560 228s
[606196.5] V8_G0_NEUTRALITY_N2880_refreeze: step 38 ELEVATED pairs=35543 evals=576 235s
[606201.9] V8_G0_NEUTRALITY_N2880_refreeze: step 39 ELEVATED pairs=35343 evals=592 240s
[606208.4] V8_G0_NEUTRALITY_N2880_refreeze: step 40 ELEVATED pairs=35138 evals=608 247s
[606208.5] V8_G0_NEUTRALITY_N2880_refreeze: step 41 NO_CANDIDATES_GENERATED pairs=35138 evals=608 247s
[606208.7] V8_G0_NEUTRALITY_N2880_refreeze: step 42 NO_CANDIDATES_GENERATED pairs=35138 evals=608 247s
[606215.6] V8_G0_NEUTRALITY_N2880_refreeze: step 43 ELEVATED pairs=34935 evals=624 254s
[606222.6] V8_G0_NEUTRALITY_N2880_refreeze: step 44 ELEVATED pairs=34734 evals=640 261s
[606227.5] V8_G0_NEUTRALITY_N2880_refreeze: step 45 ELEVATED pairs=34539 evals=656 266s
[606234.6] V8_G0_NEUTRALITY_N2880_refreeze: step 46 ELEVATED pairs=34340 evals=672 273s
[606241.8] V8_G0_NEUTRALITY_N2880_refreeze: step 47 ELEVATED pairs=34143 evals=688 280s
[606248.3] V8_G0_NEUTRALITY_N2880_refreeze: step 48 ELEVATED pairs=33933 evals=704 287s
[606255.8] V8_G0_NEUTRALITY_N2880_refreeze: step 49 ELEVATED pairs=33738 evals=720 294s
[606261.7] V8_G0_NEUTRALITY_N2880_refreeze: step 50 ELEVATED pairs=33530 evals=736 300s
[606266.9] V8_G0_NEUTRALITY_N2880_refreeze: step 51 ELEVATED pairs=33326 evals=752 305s
[606274.6] V8_G0_NEUTRALITY_N2880_refreeze: step 52 ELEVATED pairs=33133 evals=768 313s
[606280.7] V8_G0_NEUTRALITY_N2880_refreeze: step 53 ELEVATED pairs=32926 evals=784 319s
[606288.7] V8_G0_NEUTRALITY_N2880_refreeze: step 54 ELEVATED pairs=32735 evals=800 327s
[606294.7] V8_G0_NEUTRALITY_N2880_refreeze: step 55 ELEVATED pairs=32530 evals=816 333s
[606303.0] V8_G0_NEUTRALITY_N2880_refreeze: step 56 ELEVATED pairs=32341 evals=832 341s
[606309.3] V8_G0_NEUTRALITY_N2880_refreeze: step 57 ELEVATED pairs=32137 evals=848 348s
[606318.0] V8_G0_NEUTRALITY_N2880_refreeze: step 58 ELEVATED pairs=31950 evals=864 356s
[606322.1] V8_G0_NEUTRALITY_N2880_refreeze: step 59 ELEVATED pairs=31792 evals=880 360s
[606328.3] V8_G0_NEUTRALITY_N2880_refreeze: step 60 ELEVATED pairs=31590 evals=896 366s
[606334.4] V8_G0_NEUTRALITY_N2880_refreeze: step 61 ELEVATED pairs=31389 evals=912 373s
[606340.0] V8_G0_NEUTRALITY_N2880_refreeze: step 62 ELEVATED pairs=31226 evals=928 378s
[606346.1] V8_G0_NEUTRALITY_N2880_refreeze: step 63 ELEVATED pairs=31027 evals=944 384s
[606352.2] V8_G0_NEUTRALITY_N2880_refreeze: step 64 ELEVATED pairs=30829 evals=960 390s
[606352.3] V8_G0_NEUTRALITY_N2880_refreeze: step 65 NO_CANDIDATES_GENERATED pairs=30829 evals=960 391s
[606352.5] V8_G0_NEUTRALITY_N2880_refreeze: step 66 NO_CANDIDATES_GENERATED pairs=30829 evals=960 391s
[606352.6] V8_G0_NEUTRALITY_N2880_refreeze: step 67 NO_CANDIDATES_GENERATED pairs=30829 evals=960 391s
[606358.6] V8_G0_NEUTRALITY_N2880_refreeze: step 68 ELEVATED pairs=30633 evals=976 397s
[606364.0] V8_G0_NEUTRALITY_N2880_refreeze: step 69 ELEVATED pairs=30481 evals=992 402s
[606369.3] V8_G0_NEUTRALITY_N2880_refreeze: step 70 ELEVATED pairs=30367 evals=1008 407s
[606375.7] V8_G0_NEUTRALITY_N2880_refreeze: step 71 ELEVATED pairs=30214 evals=1024 414s
[606379.8] V8_G0_NEUTRALITY_N2880_refreeze: step 72 ELEVATED pairs=30030 evals=1033 418s
[606386.0] V8_G0_NEUTRALITY_N2880_refreeze: step 73 ELEVATED pairs=29879 evals=1049 424s
[606390.3] V8_G0_NEUTRALITY_N2880_refreeze: step 74 ELEVATED pairs=29697 evals=1058 428s
[606396.5] V8_G0_NEUTRALITY_N2880_refreeze: step 75 ELEVATED pairs=29548 evals=1074 435s
[606400.7] V8_G0_NEUTRALITY_N2880_refreeze: step 76 ELEVATED pairs=29368 evals=1083 439s
[606404.6] V8_G0_NEUTRALITY_N2880_refreeze: step 77 ELEVATED pairs=29190 evals=1092 443s
[606415.7] V8_G0_NEUTRALITY_N2880_refreeze: step 78 ELEVATED pairs=28961 evals=1108 454s
[606419.4] V8_G0_NEUTRALITY_N2880_refreeze: step 79 ELEVATED pairs=28776 evals=1124 458s
[606423.3] V8_G0_NEUTRALITY_N2880_refreeze: step 80 ELEVATED pairs=28593 evals=1140 461s
[606427.0] V8_G0_NEUTRALITY_N2880_refreeze: step 81 ELEVATED pairs=28412 evals=1156 465s
[606431.0] V8_G0_NEUTRALITY_N2880_refreeze: step 82 ELEVATED pairs=28233 evals=1172 469s
[606435.0] V8_G0_NEUTRALITY_N2880_refreeze: step 83 ELEVATED pairs=28134 evals=1188 473s
[606440.2] V8_G0_NEUTRALITY_N2880_refreeze: step 84 ELEVATED pairs=28022 evals=1204 478s
[606444.1] V8_G0_NEUTRALITY_N2880_refreeze: step 85 ELEVATED pairs=27902 evals=1220 482s
[606448.1] V8_G0_NEUTRALITY_N2880_refreeze: step 86 ELEVATED pairs=27782 evals=1236 486s
[606452.0] V8_G0_NEUTRALITY_N2880_refreeze: step 87 ELEVATED pairs=27662 evals=1252 490s
[606455.9] V8_G0_NEUTRALITY_N2880_refreeze: step 88 ELEVATED pairs=27514 evals=1268 494s
[606459.7] V8_G0_NEUTRALITY_N2880_refreeze: step 89 ELEVATED pairs=27394 evals=1284 498s
[606464.4] V8_G0_NEUTRALITY_N2880_refreeze: step 90 ELEVATED pairs=27248 evals=1300 503s
[606469.4] V8_G0_NEUTRALITY_N2880_refreeze: step 91 ELEVATED pairs=27092 evals=1316 508s
[606473.8] V8_G0_NEUTRALITY_N2880_refreeze: step 92 PREFIX_EVALUATED_NO_WINNER_DEFERRED pairs=27092 evals=1332 512s
[606478.3] V8_G0_NEUTRALITY_N2880_refreeze: step 93 ELEVATED pairs=26951 evals=1348 516s
[606482.5] V8_G0_NEUTRALITY_N2880_refreeze: step 94 PREFIX_EVALUATED_NO_WINNER_DEFERRED pairs=26951 evals=1364 521s
[606487.0] V8_G0_NEUTRALITY_N2880_refreeze: step 95 ELEVATED pairs=26895 evals=1380 525s
[606491.8] V8_G0_NEUTRALITY_N2880_refreeze: step 96 ELEVATED pairs=26781 evals=1396 530s
[606497.7] V8_G0_NEUTRALITY_N2880_refreeze: step 97 ELEVATED pairs=26690 evals=1412 536s
[606503.2] V8_G0_NEUTRALITY_N2880_refreeze: step 98 ELEVATED pairs=26525 evals=1428 541s
[606507.6] V8_G0_NEUTRALITY_N2880_refreeze: step 99 ELEVATED pairs=26436 evals=1444 546s
[606513.1] V8_G0_NEUTRALITY_N2880_refreeze: step 100 ELEVATED pairs=26273 evals=1460 551s
[606518.6] V8_G0_NEUTRALITY_N2880_refreeze: step 101 ELEVATED pairs=26112 evals=1476 557s
[606522.3] V8_G0_NEUTRALITY_N2880_refreeze: step 102 ELEVATED pairs=26016 evals=1492 561s
[606529.2] V8_G0_NEUTRALITY_N2880_refreeze: step 103 ELEVATED pairs=25857 evals=1508 567s
[606533.1] V8_G0_NEUTRALITY_N2880_refreeze: step 104 ELEVATED pairs=25803 evals=1524 571s
[606538.7] V8_G0_NEUTRALITY_N2880_refreeze: step 105 ELEVATED pairs=25644 evals=1540 577s
[606544.3] V8_G0_NEUTRALITY_N2880_refreeze: step 106 ELEVATED pairs=25487 evals=1556 582s
[606547.5] V8_G0_NEUTRALITY_N2880_refreeze: step 107 ELEVATED pairs=25361 evals=1572 586s
[606553.2] V8_G0_NEUTRALITY_N2880_refreeze: step 108 ELEVATED pairs=25207 evals=1588 591s
[606558.1] V8_G0_NEUTRALITY_N2880_refreeze: step 109 ELEVATED pairs=25144 evals=1604 596s
[606562.2] V8_G0_NEUTRALITY_N2880_refreeze: step 110 ELEVATED pairs=24969 evals=1620 600s
[606566.1] V8_G0_NEUTRALITY_N2880_refreeze: step 111 ELEVATED pairs=24796 evals=1636 604s
[606571.0] V8_G0_NEUTRALITY_N2880_refreeze: step 112 ELEVATED pairs=24735 evals=1652 609s
[606580.7] V8_G0_NEUTRALITY_N2880_refreeze: step 113 ELEVATED pairs=24607 evals=1668 619s
[606590.6] V8_G0_NEUTRALITY_N2880_refreeze: step 114 ELEVATED pairs=24481 evals=1684 629s
[606595.5] V8_G0_NEUTRALITY_N2880_refreeze: step 115 ELEVATED pairs=24411 evals=1700 634s
[606601.8] V8_G0_NEUTRALITY_N2880_refreeze: step 116 ELEVATED pairs=24317 evals=1709 640s
[606610.7] V8_G0_NEUTRALITY_N2880_refreeze: step 117 ELEVATED pairs=24173 evals=1725 649s
[606615.0] V8_G0_NEUTRALITY_N2880_refreeze: step 118 ELEVATED pairs=24079 evals=1741 653s
[606623.6] V8_G0_NEUTRALITY_N2880_refreeze: step 119 ELEVATED pairs=23935 evals=1757 662s
[606632.0] V8_G0_NEUTRALITY_N2880_refreeze: step 120 ELEVATED pairs=23791 evals=1773 670s
[606636.2] V8_G0_NEUTRALITY_N2880_refreeze: step 121 ELEVATED pairs=23698 evals=1789 674s
[606644.4] V8_G0_NEUTRALITY_N2880_refreeze: step 122 ELEVATED pairs=23554 evals=1805 683s
[606657.9] V8_G0_NEUTRALITY_N2880_refreeze: step 123 ELEVATED pairs=23440 evals=1821 696s
[606664.8] V8_G0_NEUTRALITY_N2880_refreeze: step 124 ELEVATED pairs=23259 evals=1837 703s
[606678.5] V8_G0_NEUTRALITY_N2880_refreeze: step 125 ELEVATED pairs=23145 evals=1853 717s
[606691.6] V8_G0_NEUTRALITY_N2880_refreeze: step 126 ELEVATED pairs=23031 evals=1869 730s
[606699.7] V8_G0_NEUTRALITY_N2880_refreeze: step 127 ELEVATED pairs=22866 evals=1885 738s
[606712.5] V8_G0_NEUTRALITY_N2880_refreeze: step 128 ELEVATED pairs=22752 evals=1901 751s
[606721.3] V8_G0_NEUTRALITY_N2880_refreeze: step 129 ELEVATED pairs=22589 evals=1917 759s
[606730.8] V8_G0_NEUTRALITY_N2880_refreeze: step 130 ELEVATED pairs=22428 evals=1933 769s
[606741.1] V8_G0_NEUTRALITY_N2880_refreeze: step 131 ELEVATED pairs=22269 evals=1949 779s
[606746.3] V8_G0_NEUTRALITY_N2880_refreeze: step 132 ELEVATED pairs=22187 evals=1965 784s
[606751.1] V8_G0_NEUTRALITY_N2880_refreeze: step 133 ELEVATED pairs=22053 evals=1981 789s
[606755.8] V8_G0_NEUTRALITY_N2880_refreeze: step 134 ELEVATED pairs=21921 evals=1997 794s
[606763.3] V8_G0_NEUTRALITY_N2880_refreeze: step 135 ELEVATED pairs=21793 evals=2013 802s
[606768.1] V8_G0_NEUTRALITY_N2880_refreeze: step 136 ELEVATED pairs=21663 evals=2029 806s
[606772.9] V8_G0_NEUTRALITY_N2880_refreeze: step 137 ELEVATED pairs=21599 evals=2045 811s
[606777.6] V8_G0_NEUTRALITY_N2880_refreeze: step 138 ELEVATED pairs=21536 evals=2061 816s
[606783.0] V8_G0_NEUTRALITY_N2880_refreeze: step 139 ELEVATED pairs=21473 evals=2077 821s
[606787.9] V8_G0_NEUTRALITY_N2880_refreeze: step 140 ELEVATED pairs=21404 evals=2093 826s
[606792.5] V8_G0_NEUTRALITY_N2880_refreeze: step 141 ELEVATED pairs=21335 evals=2109 831s
[606797.5] V8_G0_NEUTRALITY_N2880_refreeze: step 142 ELEVATED pairs=21266 evals=2125 836s
[606802.4] V8_G0_NEUTRALITY_N2880_refreeze: step 143 ELEVATED pairs=21197 evals=2141 841s
[606807.2] V8_G0_NEUTRALITY_N2880_refreeze: step 144 PREFIX_EVALUATED_NO_WINNER_DEFERRED pairs=21197 evals=2157 845s
[606816.9] V8_G0_NEUTRALITY_N2880_refreeze: step 145 ELEVATED pairs=21078 evals=2173 855s
[606821.0] V8_G0_NEUTRALITY_N2880_refreeze: step 146 PREFIX_EVALUATED_NO_WINNER_DEFERRED pairs=21078 evals=2189 859s
[606825.6] V8_G0_NEUTRALITY_N2880_refreeze: step 147 ELEVATED pairs=21032 evals=2205 864s
[606829.5] V8_G0_NEUTRALITY_N2880_refreeze: step 148 PREFIX_EVALUATED_NO_WINNER_DEFERRED pairs=21032 evals=2221 868s
[606834.8] V8_G0_NEUTRALITY_N2880_refreeze: step 149 ELEVATED pairs=20986 evals=2237 873s
[606839.1] V8_G0_NEUTRALITY_N2880_refreeze: step 150 PREFIX_EVALUATED_NO_WINNER_DEFERRED pairs=20986 evals=2253 877s
[606842.9] V8_G0_NEUTRALITY_N2880_refreeze: step 151 ELEVATED pairs=20932 evals=2269 881s
[606846.9] V8_G0_NEUTRALITY_N2880_refreeze: step 152 PREFIX_EVALUATED_NO_WINNER_DEFERRED pairs=20932 evals=2285 885s
[606850.6] V8_G0_NEUTRALITY_N2880_refreeze: step 153 ELEVATED pairs=20865 evals=2301 889s
[606854.5] V8_G0_NEUTRALITY_N2880_refreeze: step 154 PREFIX_EVALUATED_NO_WINNER_DEFERRED pairs=20865 evals=2317 893s
[606858.1] V8_G0_NEUTRALITY_N2880_refreeze: step 155 ELEVATED pairs=20798 evals=2333 896s
[606862.1] V8_G0_NEUTRALITY_N2880_refreeze: step 156 PREFIX_EVALUATED_NO_WINNER_DEFERRED pairs=20798 evals=2349 900s
[606865.6] V8_G0_NEUTRALITY_N2880_refreeze: step 157 ELEVATED pairs=20731 evals=2365 904s
[606869.5] V8_G0_NEUTRALITY_N2880_refreeze: step 158 PREFIX_EVALUATED_NO_WINNER_DEFERRED pairs=20731 evals=2381 908s
[606876.5] V8_G0_NEUTRALITY_N2880_refreeze: step 159 ELEVATED pairs=20568 evals=2397 915s
[606880.7] V8_G0_NEUTRALITY_N2880_refreeze: step 160 PREFIX_EVALUATED_NO_WINNER_DEFERRED pairs=20568 evals=2413 919s
[606884.3] V8_G0_NEUTRALITY_N2880_refreeze: step 161 ELEVATED pairs=20508 evals=2429 923s
[606888.5] V8_G0_NEUTRALITY_N2880_refreeze: step 162 PREFIX_EVALUATED_NO_WINNER_DEFERRED pairs=20508 evals=2445 927s
[606892.2] V8_G0_NEUTRALITY_N2880_refreeze: step 163 ELEVATED pairs=20448 evals=2461 930s
[606896.5] V8_G0_NEUTRALITY_N2880_refreeze: step 164 PREFIX_EVALUATED_NO_WINNER_DEFERRED pairs=20448 evals=2477 935s
[606903.8] V8_G0_NEUTRALITY_N2880_refreeze: step 165 ELEVATED pairs=20287 evals=2493 942s
[606908.1] V8_G0_NEUTRALITY_N2880_refreeze: step 166 PREFIX_EVALUATED_NO_WINNER_DEFERRED pairs=20287 evals=2509 946s
[606912.5] V8_G0_NEUTRALITY_N2880_refreeze: step 167 ELEVATED pairs=20221 evals=2525 951s
[606917.4] V8_G0_NEUTRALITY_N2880_refreeze: step 168 PREFIX_EVALUATED_NO_WINNER_DEFERRED pairs=20221 evals=2541 956s
[606925.8] V8_G0_NEUTRALITY_N2880_refreeze: step 169 ELEVATED pairs=20062 evals=2557 964s
[606930.7] V8_G0_NEUTRALITY_N2880_refreeze: step 170 PREFIX_EVALUATED_NO_WINNER_DEFERRED pairs=20062 evals=2573 969s
[606941.7] V8_G0_NEUTRALITY_N2880_refreeze: step 171 ELEVATED pairs=19908 evals=2589 980s
[606949.2] V8_G0_NEUTRALITY_N2880_refreeze: step 172 ELEVATED pairs=19759 evals=2605 987s
[606957.5] V8_G0_NEUTRALITY_N2880_refreeze: step 173 ELEVATED pairs=19612 evals=2621 996s
[606965.8] V8_G0_NEUTRALITY_N2880_refreeze: step 174 ELEVATED pairs=19467 evals=2637 1004s
[606974.5] V8_G0_NEUTRALITY_N2880_refreeze: step 175 ELEVATED pairs=19324 evals=2653 1013s
[606983.0] V8_G0_NEUTRALITY_N2880_refreeze: step 176 ELEVATED pairs=19185 evals=2669 1021s
[606991.6] V8_G0_NEUTRALITY_N2880_refreeze: step 177 ELEVATED pairs=19069 evals=2685 1030s
[607002.0] V8_G0_NEUTRALITY_N2880_refreeze: step 178 ELEVATED pairs=18955 evals=2701 1040s
[607017.2] V8_G0_NEUTRALITY_N2880_refreeze: step 179 ELEVATED pairs=18864 evals=2717 1055s
[607022.9] V8_G0_NEUTRALITY_N2880_refreeze: step 180 PREFIX_EVALUATED_NO_WINNER_DEFERRED pairs=18864 evals=2733 1061s
[607037.2] V8_G0_NEUTRALITY_N2880_refreeze: step 181 ELEVATED pairs=18774 evals=2749 1075s
[607042.5] V8_G0_NEUTRALITY_N2880_refreeze: step 182 PREFIX_EVALUATED_NO_WINNER_DEFERRED pairs=18774 evals=2765 1081s
[607053.3] V8_G0_NEUTRALITY_N2880_refreeze: step 183 ELEVATED pairs=18685 evals=2781 1092s
[607057.7] V8_G0_NEUTRALITY_N2880_refreeze: step 184 PREFIX_EVALUATED_NO_WINNER_DEFERRED pairs=18685 evals=2797 1096s
[607068.1] V8_G0_NEUTRALITY_N2880_refreeze: step 185 ELEVATED pairs=18596 evals=2813 1106s
[607072.9] V8_G0_NEUTRALITY_N2880_refreeze: step 186 PREFIX_EVALUATED_NO_WINNER_DEFERRED pairs=18596 evals=2829 1111s
[607083.5] V8_G0_NEUTRALITY_N2880_refreeze: step 187 ELEVATED pairs=18520 evals=2845 1122s
[607088.2] V8_G0_NEUTRALITY_N2880_refreeze: step 188 PREFIX_EVALUATED_NO_WINNER_DEFERRED pairs=18520 evals=2861 1126s
[607098.1] V8_G0_NEUTRALITY_N2880_refreeze: step 189 ELEVATED pairs=18444 evals=2877 1136s
[607099.1] V8_G0_NEUTRALITY_N2880_refreeze: step 190 ABORTED_CANDIDATE_BUDGET pairs=18444 evals=2880 1137s
[607099.3] V8_G0_NEUTRALITY_N2880_refreeze: done final=18444 moves=161 first=161 reloc=0 ret=0 evals=2880 stop=CANDIDATE_BUDGET_EXHAUSTED
[607140.8] V8_G0_NEUTRALITY_N2880_refreeze: recheck PASS checks=130816
