[602750.1] P4_A_FAMILY_CAP24_N2880: start mode=N budget=2880 spec={"name": "P4_A_FAMILY_CAP24", "target_policy": "LEGACY", "evaluation_policy": "E2_ORDERED_K16", "traversal_policy": "BASE", "max_targets": 2000, "k_per_target": 16, "family_round_robin": true, "relocation_side_reserve": 0, "waiting_age": false, "route_coverage": false, "multi_anchor": false, "exact_dedup": false, "decision_cache": false, "return_action": false, "cache_structural_skips": false, "window_slack_mm": 1e-05, "generation_domain": "LINE_ONLY", "path_window_settings": null, "stage_length_cap_mm": 24.0, "notes": ""}
[602750.1] P4_A_FAMILY_CAP24_N2880: start state=main C:\Users\lihao\Desktop\Graduation Project\OpticalWaveguideRouter3D\outputs\3d_strategy_v3\512_ablation\D_both_enabled pairs=42909
[602753.9] P4_A_FAMILY_CAP24_N2880: INITIAL_DONE pairs=42909
[602754.1] P4_A_FAMILY_CAP24_N2880: step 1 NO_CANDIDATES_GENERATED pairs=42909 evals=0 0s
[602754.2] P4_A_FAMILY_CAP24_N2880: step 2 NO_CANDIDATES_GENERATED pairs=42909 evals=0 0s
[602762.7] P4_A_FAMILY_CAP24_N2880: step 3 ELEVATED pairs=42653 evals=16 9s
[602774.0] P4_A_FAMILY_CAP24_N2880: step 4 ELEVATED pairs=42440 evals=32 20s
[602784.9] P4_A_FAMILY_CAP24_N2880: step 5 ELEVATED pairs=42218 evals=48 31s
[602796.5] P4_A_FAMILY_CAP24_N2880: step 6 ELEVATED pairs=41998 evals=64 42s
[602806.2] P4_A_FAMILY_CAP24_N2880: step 7 ELEVATED pairs=41742 evals=80 52s
[602816.8] P4_A_FAMILY_CAP24_N2880: step 8 ELEVATED pairs=41524 evals=96 63s
[602824.3] P4_A_FAMILY_CAP24_N2880: step 9 ELEVATED pairs=41274 evals=112 70s
[602831.9] P4_A_FAMILY_CAP24_N2880: step 10 ELEVATED pairs=41024 evals=128 78s
[602839.2] P4_A_FAMILY_CAP24_N2880: step 11 ELEVATED pairs=40772 evals=144 85s
[602846.3] P4_A_FAMILY_CAP24_N2880: step 12 ELEVATED pairs=40524 evals=160 92s
[602856.9] P4_A_FAMILY_CAP24_N2880: step 13 ELEVATED pairs=40314 evals=176 103s
[602864.1] P4_A_FAMILY_CAP24_N2880: step 14 ELEVATED pairs=40068 evals=192 110s
[602877.0] P4_A_FAMILY_CAP24_N2880: step 15 ELEVATED pairs=39859 evals=208 123s
[602889.8] P4_A_FAMILY_CAP24_N2880: step 16 ELEVATED pairs=39652 evals=224 136s
[602899.5] P4_A_FAMILY_CAP24_N2880: step 17 ELEVATED pairs=39463 evals=240 146s
[602905.9] P4_A_FAMILY_CAP24_N2880: step 18 ELEVATED pairs=39221 evals=256 152s
[602915.1] P4_A_FAMILY_CAP24_N2880: step 19 ELEVATED pairs=38991 evals=272 161s
[602925.8] P4_A_FAMILY_CAP24_N2880: step 20 ELEVATED pairs=38838 evals=288 172s
[602934.3] P4_A_FAMILY_CAP24_N2880: step 21 ELEVATED pairs=38599 evals=304 180s
[602942.2] P4_A_FAMILY_CAP24_N2880: step 22 ELEVATED pairs=38376 evals=320 188s
[602948.2] P4_A_FAMILY_CAP24_N2880: step 23 ELEVATED pairs=38148 evals=336 194s
[602960.2] P4_A_FAMILY_CAP24_N2880: step 24 ELEVATED pairs=37927 evals=352 206s
[602966.3] P4_A_FAMILY_CAP24_N2880: step 25 ELEVATED pairs=37701 evals=368 212s
[602972.2] P4_A_FAMILY_CAP24_N2880: step 26 ELEVATED pairs=37476 evals=384 218s
[602985.2] P4_A_FAMILY_CAP24_N2880: step 27 ELEVATED pairs=37285 evals=400 231s
[602996.4] P4_A_FAMILY_CAP24_N2880: step 28 ELEVATED pairs=37126 evals=416 242s
[603007.1] P4_A_FAMILY_CAP24_N2880: step 29 ELEVATED pairs=36969 evals=432 253s
[603021.4] P4_A_FAMILY_CAP24_N2880: step 30 ELEVATED pairs=36778 evals=448 267s
[603031.8] P4_A_FAMILY_CAP24_N2880: step 31 ELEVATED pairs=36525 evals=464 278s
[603043.1] P4_A_FAMILY_CAP24_N2880: step 32 ELEVATED pairs=36365 evals=480 289s
[603043.3] P4_A_FAMILY_CAP24_N2880: step 33 NO_CANDIDATES_GENERATED pairs=36365 evals=480 289s
[603043.4] P4_A_FAMILY_CAP24_N2880: step 34 NO_CANDIDATES_GENERATED pairs=36365 evals=480 289s
[603052.0] P4_A_FAMILY_CAP24_N2880: step 35 ELEVATED pairs=36160 evals=496 298s
[603060.9] P4_A_FAMILY_CAP24_N2880: step 36 ELEVATED pairs=35958 evals=512 307s
[603069.3] P4_A_FAMILY_CAP24_N2880: step 37 ELEVATED pairs=35818 evals=528 315s
[603081.5] P4_A_FAMILY_CAP24_N2880: step 38 ELEVATED pairs=35612 evals=544 328s
[603087.5] P4_A_FAMILY_CAP24_N2880: step 39 ELEVATED pairs=35417 evals=560 333s
[603100.2] P4_A_FAMILY_CAP24_N2880: step 40 ELEVATED pairs=35213 evals=576 346s
[603113.2] P4_A_FAMILY_CAP24_N2880: step 41 ELEVATED pairs=35010 evals=592 359s
[603122.6] P4_A_FAMILY_CAP24_N2880: step 42 ELEVATED pairs=34768 evals=608 369s
[603136.6] P4_A_FAMILY_CAP24_N2880: step 43 ELEVATED pairs=34567 evals=624 383s
[603150.7] P4_A_FAMILY_CAP24_N2880: step 44 ELEVATED pairs=34447 evals=640 397s
[603165.5] P4_A_FAMILY_CAP24_N2880: step 45 ELEVATED pairs=34247 evals=656 412s
[603178.6] P4_A_FAMILY_CAP24_N2880: step 46 ELEVATED pairs=34042 evals=672 425s
[603193.3] P4_A_FAMILY_CAP24_N2880: step 47 ELEVATED pairs=33844 evals=688 439s
[603208.0] P4_A_FAMILY_CAP24_N2880: step 48 ELEVATED pairs=33726 evals=704 454s
[603221.7] P4_A_FAMILY_CAP24_N2880: step 49 ELEVATED pairs=33529 evals=720 468s
[603234.0] P4_A_FAMILY_CAP24_N2880: step 50 ELEVATED pairs=33337 evals=736 480s
[603247.6] P4_A_FAMILY_CAP24_N2880: step 51 ELEVATED pairs=33142 evals=752 494s
[603259.6] P4_A_FAMILY_CAP24_N2880: step 52 ELEVATED pairs=32952 evals=768 506s
[603267.2] P4_A_FAMILY_CAP24_N2880: step 53 ELEVATED pairs=32759 evals=784 513s
[603273.9] P4_A_FAMILY_CAP24_N2880: step 54 ELEVATED pairs=32571 evals=800 520s
[603276.9] P4_A_FAMILY_CAP24_N2880: step 55 PREFIX_EVALUATED_NO_WINNER_DEFERRED pairs=32571 evals=816 523s
[603279.1] P4_A_FAMILY_CAP24_N2880: step 56 PREFIX_EVALUATED_NO_WINNER_DEFERRED pairs=32571 evals=832 525s
[603281.5] P4_A_FAMILY_CAP24_N2880: step 57 PREFIX_EVALUATED_NO_WINNER_DEFERRED pairs=32571 evals=848 528s
[603284.0] P4_A_FAMILY_CAP24_N2880: step 58 PREFIX_EVALUATED_NO_WINNER_DEFERRED pairs=32571 evals=864 530s
[603286.4] P4_A_FAMILY_CAP24_N2880: step 59 PREFIX_EVALUATED_NO_WINNER_DEFERRED pairs=32571 evals=880 532s
[603288.8] P4_A_FAMILY_CAP24_N2880: step 60 PREFIX_EVALUATED_NO_WINNER_DEFERRED pairs=32571 evals=896 535s
[603291.4] P4_A_FAMILY_CAP24_N2880: step 61 PREFIX_EVALUATED_NO_WINNER_DEFERRED pairs=32571 evals=912 537s
[603293.9] P4_A_FAMILY_CAP24_N2880: step 62 PREFIX_EVALUATED_NO_WINNER_DEFERRED pairs=32571 evals=928 540s
[603296.4] P4_A_FAMILY_CAP24_N2880: step 63 PREFIX_EVALUATED_NO_WINNER_DEFERRED pairs=32571 evals=944 542s
[603299.2] P4_A_FAMILY_CAP24_N2880: step 64 PREFIX_EVALUATED_NO_WINNER_DEFERRED pairs=32571 evals=960 545s
[603301.9] P4_A_FAMILY_CAP24_N2880: step 65 PREFIX_EVALUATED_NO_WINNER_DEFERRED pairs=32571 evals=976 548s
[603304.6] P4_A_FAMILY_CAP24_N2880: step 66 PREFIX_EVALUATED_NO_WINNER_DEFERRED pairs=32571 evals=992 551s
[603307.3] P4_A_FAMILY_CAP24_N2880: step 67 PREFIX_EVALUATED_NO_WINNER_DEFERRED pairs=32571 evals=1008 553s
[603309.9] P4_A_FAMILY_CAP24_N2880: step 68 PREFIX_EVALUATED_NO_WINNER_DEFERRED pairs=32571 evals=1024 556s
[603312.8] P4_A_FAMILY_CAP24_N2880: step 69 PREFIX_EVALUATED_NO_WINNER_DEFERRED pairs=32571 evals=1040 559s
[603315.5] P4_A_FAMILY_CAP24_N2880: step 70 PREFIX_EVALUATED_NO_WINNER_DEFERRED pairs=32571 evals=1056 561s
[603318.1] P4_A_FAMILY_CAP24_N2880: step 71 PREFIX_EVALUATED_NO_WINNER_DEFERRED pairs=32571 evals=1072 564s
[603320.7] P4_A_FAMILY_CAP24_N2880: step 72 PREFIX_EVALUATED_NO_WINNER_DEFERRED pairs=32571 evals=1088 567s
[603323.4] P4_A_FAMILY_CAP24_N2880: step 73 PREFIX_EVALUATED_NO_WINNER_DEFERRED pairs=32571 evals=1104 569s
[603326.3] P4_A_FAMILY_CAP24_N2880: step 74 PREFIX_EVALUATED_NO_WINNER_DEFERRED pairs=32571 evals=1120 572s
[603329.2] P4_A_FAMILY_CAP24_N2880: step 75 PREFIX_EVALUATED_NO_WINNER_DEFERRED pairs=32571 evals=1136 575s
[603331.8] P4_A_FAMILY_CAP24_N2880: step 76 PREFIX_EVALUATED_NO_WINNER_DEFERRED pairs=32571 evals=1152 578s
[603334.5] P4_A_FAMILY_CAP24_N2880: step 77 PREFIX_EVALUATED_NO_WINNER_DEFERRED pairs=32571 evals=1168 581s
[603337.3] P4_A_FAMILY_CAP24_N2880: step 78 PREFIX_EVALUATED_NO_WINNER_DEFERRED pairs=32571 evals=1184 583s
[603339.8] P4_A_FAMILY_CAP24_N2880: step 79 PREFIX_EVALUATED_NO_WINNER_DEFERRED pairs=32571 evals=1200 586s
[603342.4] P4_A_FAMILY_CAP24_N2880: step 80 PREFIX_EVALUATED_NO_WINNER_DEFERRED pairs=32571 evals=1216 588s
[603345.0] P4_A_FAMILY_CAP24_N2880: step 81 PREFIX_EVALUATED_NO_WINNER_DEFERRED pairs=32571 evals=1232 591s
[603347.6] P4_A_FAMILY_CAP24_N2880: step 82 PREFIX_EVALUATED_NO_WINNER_DEFERRED pairs=32571 evals=1248 594s
[603350.2] P4_A_FAMILY_CAP24_N2880: step 83 PREFIX_EVALUATED_NO_WINNER_DEFERRED pairs=32571 evals=1264 596s
[603353.1] P4_A_FAMILY_CAP24_N2880: step 84 PREFIX_EVALUATED_NO_WINNER_DEFERRED pairs=32571 evals=1280 599s
[603356.0] P4_A_FAMILY_CAP24_N2880: step 85 PREFIX_EVALUATED_NO_WINNER_DEFERRED pairs=32571 evals=1296 602s
[603359.0] P4_A_FAMILY_CAP24_N2880: step 86 PREFIX_EVALUATED_NO_WINNER_DEFERRED pairs=32571 evals=1312 605s
[603361.9] P4_A_FAMILY_CAP24_N2880: step 87 PREFIX_EVALUATED_NO_WINNER_DEFERRED pairs=32571 evals=1328 608s
[603364.3] P4_A_FAMILY_CAP24_N2880: step 88 PREFIX_EVALUATED_NO_WINNER_DEFERRED pairs=32571 evals=1344 610s
[603365.9] P4_A_FAMILY_CAP24_N2880: step 89 ALL_CANDIDATES_REJECTED pairs=32571 evals=1353 612s
[603367.6] P4_A_FAMILY_CAP24_N2880: step 90 ALL_CANDIDATES_REJECTED pairs=32571 evals=1362 614s
[603369.2] P4_A_FAMILY_CAP24_N2880: step 91 ALL_CANDIDATES_REJECTED pairs=32571 evals=1371 615s
[603370.6] P4_A_FAMILY_CAP24_N2880: step 92 ALL_CANDIDATES_REJECTED pairs=32571 evals=1380 617s
[603373.8] P4_A_FAMILY_CAP24_N2880: step 93 PREFIX_EVALUATED_NO_WINNER_DEFERRED pairs=32571 evals=1396 620s
[603376.7] P4_A_FAMILY_CAP24_N2880: step 94 PREFIX_EVALUATED_NO_WINNER_DEFERRED pairs=32571 evals=1412 623s
[603379.8] P4_A_FAMILY_CAP24_N2880: step 95 PREFIX_EVALUATED_NO_WINNER_DEFERRED pairs=32571 evals=1428 626s
[603383.1] P4_A_FAMILY_CAP24_N2880: step 96 PREFIX_EVALUATED_NO_WINNER_DEFERRED pairs=32571 evals=1444 629s
[603386.3] P4_A_FAMILY_CAP24_N2880: step 97 PREFIX_EVALUATED_NO_WINNER_DEFERRED pairs=32571 evals=1460 632s
[603389.3] P4_A_FAMILY_CAP24_N2880: step 98 PREFIX_EVALUATED_NO_WINNER_DEFERRED pairs=32571 evals=1476 635s
[603392.5] P4_A_FAMILY_CAP24_N2880: step 99 PREFIX_EVALUATED_NO_WINNER_DEFERRED pairs=32571 evals=1492 639s
[603395.5] P4_A_FAMILY_CAP24_N2880: step 100 PREFIX_EVALUATED_NO_WINNER_DEFERRED pairs=32571 evals=1508 642s
[603398.6] P4_A_FAMILY_CAP24_N2880: step 101 PREFIX_EVALUATED_NO_WINNER_DEFERRED pairs=32571 evals=1524 645s
[603401.7] P4_A_FAMILY_CAP24_N2880: step 102 PREFIX_EVALUATED_NO_WINNER_DEFERRED pairs=32571 evals=1540 648s
[603405.0] P4_A_FAMILY_CAP24_N2880: step 103 PREFIX_EVALUATED_NO_WINNER_DEFERRED pairs=32571 evals=1556 651s
[603408.3] P4_A_FAMILY_CAP24_N2880: step 104 PREFIX_EVALUATED_NO_WINNER_DEFERRED pairs=32571 evals=1572 654s
[603411.4] P4_A_FAMILY_CAP24_N2880: step 105 PREFIX_EVALUATED_NO_WINNER_DEFERRED pairs=32571 evals=1588 657s
[603414.5] P4_A_FAMILY_CAP24_N2880: step 106 PREFIX_EVALUATED_NO_WINNER_DEFERRED pairs=32571 evals=1604 660s
[603417.6] P4_A_FAMILY_CAP24_N2880: step 107 PREFIX_EVALUATED_NO_WINNER_DEFERRED pairs=32571 evals=1620 664s
[603420.6] P4_A_FAMILY_CAP24_N2880: step 108 PREFIX_EVALUATED_NO_WINNER_DEFERRED pairs=32571 evals=1636 667s
[603423.8] P4_A_FAMILY_CAP24_N2880: step 109 PREFIX_EVALUATED_NO_WINNER_DEFERRED pairs=32571 evals=1652 670s
[603426.7] P4_A_FAMILY_CAP24_N2880: step 110 PREFIX_EVALUATED_NO_WINNER_DEFERRED pairs=32571 evals=1668 673s
[603429.9] P4_A_FAMILY_CAP24_N2880: step 111 PREFIX_EVALUATED_NO_WINNER_DEFERRED pairs=32571 evals=1684 676s
[603432.8] P4_A_FAMILY_CAP24_N2880: step 112 PREFIX_EVALUATED_NO_WINNER_DEFERRED pairs=32571 evals=1700 679s
[603435.9] P4_A_FAMILY_CAP24_N2880: step 113 PREFIX_EVALUATED_NO_WINNER_DEFERRED pairs=32571 evals=1716 682s
[603439.0] P4_A_FAMILY_CAP24_N2880: step 114 PREFIX_EVALUATED_NO_WINNER_DEFERRED pairs=32571 evals=1732 685s
[603442.2] P4_A_FAMILY_CAP24_N2880: step 115 PREFIX_EVALUATED_NO_WINNER_DEFERRED pairs=32571 evals=1748 688s
[603445.2] P4_A_FAMILY_CAP24_N2880: step 116 PREFIX_EVALUATED_NO_WINNER_DEFERRED pairs=32571 evals=1764 691s
[603448.2] P4_A_FAMILY_CAP24_N2880: step 117 PREFIX_EVALUATED_NO_WINNER_DEFERRED pairs=32571 evals=1780 694s
[603451.4] P4_A_FAMILY_CAP24_N2880: step 118 PREFIX_EVALUATED_NO_WINNER_DEFERRED pairs=32571 evals=1796 697s
[603454.5] P4_A_FAMILY_CAP24_N2880: step 119 PREFIX_EVALUATED_NO_WINNER_DEFERRED pairs=32571 evals=1812 700s
[603457.8] P4_A_FAMILY_CAP24_N2880: step 120 PREFIX_EVALUATED_NO_WINNER_DEFERRED pairs=32571 evals=1828 704s
[603460.8] P4_A_FAMILY_CAP24_N2880: step 121 PREFIX_EVALUATED_NO_WINNER_DEFERRED pairs=32571 evals=1844 707s
[603463.8] P4_A_FAMILY_CAP24_N2880: step 122 PREFIX_EVALUATED_NO_WINNER_DEFERRED pairs=32571 evals=1860 710s
[603467.1] P4_A_FAMILY_CAP24_N2880: step 123 PREFIX_EVALUATED_NO_WINNER_DEFERRED pairs=32571 evals=1876 713s
[603470.4] P4_A_FAMILY_CAP24_N2880: step 124 PREFIX_EVALUATED_NO_WINNER_DEFERRED pairs=32571 evals=1892 716s
[603473.7] P4_A_FAMILY_CAP24_N2880: step 125 PREFIX_EVALUATED_NO_WINNER_DEFERRED pairs=32571 evals=1908 720s
[603476.9] P4_A_FAMILY_CAP24_N2880: step 126 PREFIX_EVALUATED_NO_WINNER_DEFERRED pairs=32571 evals=1924 723s
[603480.0] P4_A_FAMILY_CAP24_N2880: step 127 PREFIX_EVALUATED_NO_WINNER_DEFERRED pairs=32571 evals=1940 726s
[603483.1] P4_A_FAMILY_CAP24_N2880: step 128 PREFIX_EVALUATED_NO_WINNER_DEFERRED pairs=32571 evals=1956 729s
[603486.1] P4_A_FAMILY_CAP24_N2880: step 129 PREFIX_EVALUATED_NO_WINNER_DEFERRED pairs=32571 evals=1972 732s
[603489.3] P4_A_FAMILY_CAP24_N2880: step 130 PREFIX_EVALUATED_NO_WINNER_DEFERRED pairs=32571 evals=1988 735s
[603492.5] P4_A_FAMILY_CAP24_N2880: step 131 PREFIX_EVALUATED_NO_WINNER_DEFERRED pairs=32571 evals=2004 738s
[603495.9] P4_A_FAMILY_CAP24_N2880: step 132 PREFIX_EVALUATED_NO_WINNER_DEFERRED pairs=32571 evals=2020 742s
[603499.2] P4_A_FAMILY_CAP24_N2880: step 133 PREFIX_EVALUATED_NO_WINNER_DEFERRED pairs=32571 evals=2036 745s
[603502.4] P4_A_FAMILY_CAP24_N2880: step 134 PREFIX_EVALUATED_NO_WINNER_DEFERRED pairs=32571 evals=2052 748s
[603505.6] P4_A_FAMILY_CAP24_N2880: step 135 PREFIX_EVALUATED_NO_WINNER_DEFERRED pairs=32571 evals=2068 752s
[603508.9] P4_A_FAMILY_CAP24_N2880: step 136 PREFIX_EVALUATED_NO_WINNER_DEFERRED pairs=32571 evals=2084 755s
[603512.2] P4_A_FAMILY_CAP24_N2880: step 137 PREFIX_EVALUATED_NO_WINNER_DEFERRED pairs=32571 evals=2100 758s
[603514.6] P4_A_FAMILY_CAP24_N2880: step 138 PREFIX_EVALUATED_NO_WINNER_DEFERRED pairs=32571 evals=2116 761s
[603517.1] P4_A_FAMILY_CAP24_N2880: step 139 PREFIX_EVALUATED_NO_WINNER_DEFERRED pairs=32571 evals=2132 763s
[603519.5] P4_A_FAMILY_CAP24_N2880: step 140 PREFIX_EVALUATED_NO_WINNER_DEFERRED pairs=32571 evals=2148 765s
[603521.8] P4_A_FAMILY_CAP24_N2880: step 141 PREFIX_EVALUATED_NO_WINNER_DEFERRED pairs=32571 evals=2164 768s
[603524.0] P4_A_FAMILY_CAP24_N2880: step 142 PREFIX_EVALUATED_NO_WINNER_DEFERRED pairs=32571 evals=2180 770s
[603526.4] P4_A_FAMILY_CAP24_N2880: step 143 PREFIX_EVALUATED_NO_WINNER_DEFERRED pairs=32571 evals=2196 772s
[603528.7] P4_A_FAMILY_CAP24_N2880: step 144 PREFIX_EVALUATED_NO_WINNER_DEFERRED pairs=32571 evals=2212 775s
[603531.0] P4_A_FAMILY_CAP24_N2880: step 145 PREFIX_EVALUATED_NO_WINNER_DEFERRED pairs=32571 evals=2228 777s
[603533.3] P4_A_FAMILY_CAP24_N2880: step 146 PREFIX_EVALUATED_NO_WINNER_DEFERRED pairs=32571 evals=2244 779s
[603535.7] P4_A_FAMILY_CAP24_N2880: step 147 PREFIX_EVALUATED_NO_WINNER_DEFERRED pairs=32571 evals=2260 782s
[603538.0] P4_A_FAMILY_CAP24_N2880: step 148 PREFIX_EVALUATED_NO_WINNER_DEFERRED pairs=32571 evals=2276 784s
[603540.4] P4_A_FAMILY_CAP24_N2880: step 149 PREFIX_EVALUATED_NO_WINNER_DEFERRED pairs=32571 evals=2292 786s
[603542.9] P4_A_FAMILY_CAP24_N2880: step 150 PREFIX_EVALUATED_NO_WINNER_DEFERRED pairs=32571 evals=2308 789s
[603545.4] P4_A_FAMILY_CAP24_N2880: step 151 PREFIX_EVALUATED_NO_WINNER_DEFERRED pairs=32571 evals=2324 791s
[603547.9] P4_A_FAMILY_CAP24_N2880: step 152 PREFIX_EVALUATED_NO_WINNER_DEFERRED pairs=32571 evals=2340 794s
[603550.4] P4_A_FAMILY_CAP24_N2880: step 153 PREFIX_EVALUATED_NO_WINNER_DEFERRED pairs=32571 evals=2356 796s
[603552.8] P4_A_FAMILY_CAP24_N2880: step 154 PREFIX_EVALUATED_NO_WINNER_DEFERRED pairs=32571 evals=2372 799s
[603555.2] P4_A_FAMILY_CAP24_N2880: step 155 PREFIX_EVALUATED_NO_WINNER_DEFERRED pairs=32571 evals=2388 801s
[603557.6] P4_A_FAMILY_CAP24_N2880: step 156 PREFIX_EVALUATED_NO_WINNER_DEFERRED pairs=32571 evals=2404 804s
[603560.0] P4_A_FAMILY_CAP24_N2880: step 157 PREFIX_EVALUATED_NO_WINNER_DEFERRED pairs=32571 evals=2420 806s
[603562.4] P4_A_FAMILY_CAP24_N2880: step 158 PREFIX_EVALUATED_NO_WINNER_DEFERRED pairs=32571 evals=2436 808s
[603564.8] P4_A_FAMILY_CAP24_N2880: step 159 PREFIX_EVALUATED_NO_WINNER_DEFERRED pairs=32571 evals=2452 811s
[603567.1] P4_A_FAMILY_CAP24_N2880: step 160 PREFIX_EVALUATED_NO_WINNER_DEFERRED pairs=32571 evals=2468 813s
[603569.4] P4_A_FAMILY_CAP24_N2880: step 161 PREFIX_EVALUATED_NO_WINNER_DEFERRED pairs=32571 evals=2484 815s
[603571.8] P4_A_FAMILY_CAP24_N2880: step 162 PREFIX_EVALUATED_NO_WINNER_DEFERRED pairs=32571 evals=2500 818s
[603574.2] P4_A_FAMILY_CAP24_N2880: step 163 PREFIX_EVALUATED_NO_WINNER_DEFERRED pairs=32571 evals=2516 820s
[603576.6] P4_A_FAMILY_CAP24_N2880: step 164 PREFIX_EVALUATED_NO_WINNER_DEFERRED pairs=32571 evals=2532 823s
[603578.9] P4_A_FAMILY_CAP24_N2880: step 165 PREFIX_EVALUATED_NO_WINNER_DEFERRED pairs=32571 evals=2548 825s
[603581.3] P4_A_FAMILY_CAP24_N2880: step 166 PREFIX_EVALUATED_NO_WINNER_DEFERRED pairs=32571 evals=2564 827s
[603583.6] P4_A_FAMILY_CAP24_N2880: step 167 PREFIX_EVALUATED_NO_WINNER_DEFERRED pairs=32571 evals=2580 830s
[603586.0] P4_A_FAMILY_CAP24_N2880: step 168 PREFIX_EVALUATED_NO_WINNER_DEFERRED pairs=32571 evals=2596 832s
[603588.5] P4_A_FAMILY_CAP24_N2880: step 169 PREFIX_EVALUATED_NO_WINNER_DEFERRED pairs=32571 evals=2612 834s
[603591.0] P4_A_FAMILY_CAP24_N2880: step 170 PREFIX_EVALUATED_NO_WINNER_DEFERRED pairs=32571 evals=2628 837s
[603593.5] P4_A_FAMILY_CAP24_N2880: step 171 PREFIX_EVALUATED_NO_WINNER_DEFERRED pairs=32571 evals=2644 839s
[603596.0] P4_A_FAMILY_CAP24_N2880: step 172 PREFIX_EVALUATED_NO_WINNER_DEFERRED pairs=32571 evals=2660 842s
[603598.7] P4_A_FAMILY_CAP24_N2880: step 173 PREFIX_EVALUATED_NO_WINNER_DEFERRED pairs=32571 evals=2676 845s
[603601.4] P4_A_FAMILY_CAP24_N2880: step 174 PREFIX_EVALUATED_NO_WINNER_DEFERRED pairs=32571 evals=2692 847s
[603604.1] P4_A_FAMILY_CAP24_N2880: step 175 PREFIX_EVALUATED_NO_WINNER_DEFERRED pairs=32571 evals=2708 850s
[603606.7] P4_A_FAMILY_CAP24_N2880: step 176 PREFIX_EVALUATED_NO_WINNER_DEFERRED pairs=32571 evals=2724 853s
[603609.2] P4_A_FAMILY_CAP24_N2880: step 177 PREFIX_EVALUATED_NO_WINNER_DEFERRED pairs=32571 evals=2740 855s
[603611.8] P4_A_FAMILY_CAP24_N2880: step 178 PREFIX_EVALUATED_NO_WINNER_DEFERRED pairs=32571 evals=2756 858s
[603614.4] P4_A_FAMILY_CAP24_N2880: step 179 PREFIX_EVALUATED_NO_WINNER_DEFERRED pairs=32571 evals=2772 860s
[603617.1] P4_A_FAMILY_CAP24_N2880: step 180 PREFIX_EVALUATED_NO_WINNER_DEFERRED pairs=32571 evals=2788 863s
[603619.7] P4_A_FAMILY_CAP24_N2880: step 181 PREFIX_EVALUATED_NO_WINNER_DEFERRED pairs=32571 evals=2804 866s
[603622.3] P4_A_FAMILY_CAP24_N2880: step 182 PREFIX_EVALUATED_NO_WINNER_DEFERRED pairs=32571 evals=2820 868s
[603624.8] P4_A_FAMILY_CAP24_N2880: step 183 PREFIX_EVALUATED_NO_WINNER_DEFERRED pairs=32571 evals=2836 871s
[603627.4] P4_A_FAMILY_CAP24_N2880: step 184 PREFIX_EVALUATED_NO_WINNER_DEFERRED pairs=32571 evals=2852 873s
[603630.1] P4_A_FAMILY_CAP24_N2880: step 185 PREFIX_EVALUATED_NO_WINNER_DEFERRED pairs=32571 evals=2868 876s
[603632.1] P4_A_FAMILY_CAP24_N2880: step 186 ABORTED_CANDIDATE_BUDGET pairs=32571 evals=2880 878s
[603632.5] P4_A_FAMILY_CAP24_N2880: done final=32571 moves=50 first=50 reloc=0 ret=0 evals=2880 stop=CANDIDATE_BUDGET_EXHAUSTED
[603681.2] P4_A_FAMILY_CAP24_N2880: recheck PASS checks=130816
