[558641.7] IDEA_A_FAMILY_R720: start mode=R budget=720 spec={"name": "IDEA_A_FAMILY", "target_policy": "LEGACY", "evaluation_policy": "E2_ORDERED_K16", "traversal_policy": "BASE", "max_targets": 200, "k_per_target": 16, "family_round_robin": true, "relocation_side_reserve": 0, "waiting_age": false, "route_coverage": false, "multi_anchor": false, "exact_dedup": false, "decision_cache": false, "return_action": false, "cache_structural_skips": false, "window_slack_mm": 1e-05, "notes": ""}
[558641.7] IDEA_A_FAMILY_R720: start state=main C:\Users\lihao\Desktop\Graduation Project\OpticalWaveguideRouter3D\outputs\3d_strategy_v3\512_ablation\D_both_enabled pairs=42909
[558650.3] IDEA_A_FAMILY_R720: INITIAL_DONE pairs=42909
[558650.7] IDEA_A_FAMILY_R720: step 1 NO_CANDIDATES_GENERATED pairs=42909 evals=0 1s
[558651.0] IDEA_A_FAMILY_R720: step 2 NO_CANDIDATES_GENERATED pairs=42909 evals=0 1s
[558664.5] IDEA_A_FAMILY_R720: step 3 ELEVATED pairs=42653 evals=16 15s
[558683.0] IDEA_A_FAMILY_R720: step 4 ELEVATED pairs=42440 evals=32 33s
[558701.1] IDEA_A_FAMILY_R720: step 5 ELEVATED pairs=42218 evals=48 51s
[558718.8] IDEA_A_FAMILY_R720: step 6 ELEVATED pairs=41998 evals=64 69s
[558733.9] IDEA_A_FAMILY_R720: step 7 ELEVATED pairs=41742 evals=80 84s
[558751.6] IDEA_A_FAMILY_R720: step 8 ELEVATED pairs=41524 evals=96 102s
[558764.6] IDEA_A_FAMILY_R720: step 9 ELEVATED pairs=41274 evals=112 115s
[558777.9] IDEA_A_FAMILY_R720: step 10 ELEVATED pairs=41024 evals=128 128s
[558790.5] IDEA_A_FAMILY_R720: step 11 ELEVATED pairs=40772 evals=144 141s
[558803.4] IDEA_A_FAMILY_R720: step 12 ELEVATED pairs=40524 evals=160 154s
[558821.0] IDEA_A_FAMILY_R720: step 13 ELEVATED pairs=40314 evals=176 171s
[558833.3] IDEA_A_FAMILY_R720: step 14 ELEVATED pairs=40068 evals=192 183s
[558855.2] IDEA_A_FAMILY_R720: step 15 ELEVATED pairs=39859 evals=208 205s
[558878.4] IDEA_A_FAMILY_R720: step 16 ELEVATED pairs=39652 evals=224 229s
[558895.2] IDEA_A_FAMILY_R720: step 17 ELEVATED pairs=39463 evals=240 245s
[558906.2] IDEA_A_FAMILY_R720: step 18 ELEVATED pairs=39221 evals=256 256s
[558919.7] IDEA_A_FAMILY_R720: step 19 ELEVATED pairs=38991 evals=272 270s
[558936.1] IDEA_A_FAMILY_R720: step 20 ELEVATED pairs=38838 evals=288 286s
[558949.7] IDEA_A_FAMILY_R720: step 21 ELEVATED pairs=38599 evals=304 300s
[558961.9] IDEA_A_FAMILY_R720: step 22 ELEVATED pairs=38376 evals=320 312s
[558970.9] IDEA_A_FAMILY_R720: step 23 ELEVATED pairs=38148 evals=336 321s
[558988.3] IDEA_A_FAMILY_R720: step 24 ELEVATED pairs=37927 evals=352 338s
[558997.4] IDEA_A_FAMILY_R720: step 25 ELEVATED pairs=37701 evals=368 348s
[559006.6] IDEA_A_FAMILY_R720: step 26 ELEVATED pairs=37476 evals=384 357s
[559026.9] IDEA_A_FAMILY_R720: step 27 ELEVATED pairs=37285 evals=400 377s
[559044.2] IDEA_A_FAMILY_R720: step 28 ELEVATED pairs=37126 evals=416 394s
[559060.7] IDEA_A_FAMILY_R720: step 29 ELEVATED pairs=36969 evals=432 411s
[559083.6] IDEA_A_FAMILY_R720: step 30 ELEVATED pairs=36778 evals=448 434s
[559100.8] IDEA_A_FAMILY_R720: step 31 ELEVATED pairs=36525 evals=464 451s
[559118.8] IDEA_A_FAMILY_R720: step 32 ELEVATED pairs=36365 evals=480 469s
[559119.1] IDEA_A_FAMILY_R720: step 33 NO_CANDIDATES_GENERATED pairs=36365 evals=480 469s
[559119.3] IDEA_A_FAMILY_R720: step 34 NO_CANDIDATES_GENERATED pairs=36365 evals=480 469s
[559133.1] IDEA_A_FAMILY_R720: step 35 ELEVATED pairs=36160 evals=496 483s
[559146.8] IDEA_A_FAMILY_R720: step 36 ELEVATED pairs=35958 evals=512 497s
[559159.3] IDEA_A_FAMILY_R720: step 37 ELEVATED pairs=35818 evals=528 509s
[559180.1] IDEA_A_FAMILY_R720: step 38 ELEVATED pairs=35612 evals=544 530s
[559189.9] IDEA_A_FAMILY_R720: step 39 ELEVATED pairs=35417 evals=560 540s
[559210.2] IDEA_A_FAMILY_R720: step 40 ELEVATED pairs=35213 evals=576 560s
[559231.1] IDEA_A_FAMILY_R720: step 41 ELEVATED pairs=35010 evals=592 581s
[559246.1] IDEA_A_FAMILY_R720: step 42 ELEVATED pairs=34768 evals=608 596s
[559266.7] IDEA_A_FAMILY_R720: step 43 ELEVATED pairs=34567 evals=624 617s
[559287.0] IDEA_A_FAMILY_R720: step 44 ELEVATED pairs=34447 evals=640 637s
[559307.0] IDEA_A_FAMILY_R720: step 45 ELEVATED pairs=34247 evals=656 657s
[559325.3] IDEA_A_FAMILY_R720: step 46 ELEVATED pairs=34042 evals=672 675s
[559343.5] IDEA_A_FAMILY_R720: step 47 ELEVATED pairs=33844 evals=688 694s
[559361.3] IDEA_A_FAMILY_R720: step 48 ELEVATED pairs=33726 evals=704 711s
[559379.5] IDEA_A_FAMILY_R720: step 49 ELEVATED pairs=33529 evals=720 730s
[559379.9] IDEA_A_FAMILY_R720: step 50 ABORTED_CANDIDATE_BUDGET pairs=33529 evals=720 730s
[559380.3] IDEA_A_FAMILY_R720: done final=33529 moves=45 first=45 reloc=0 ret=0 evals=720 stop=CANDIDATE_BUDGET_EXHAUSTED
[559465.5] IDEA_A_FAMILY_R720: recheck PASS checks=130816
