[555869.6] V6_E1_R2880: start mode=R budget=2880 spec={"name": "V6_E1", "target_policy": "LEGACY", "evaluation_policy": "E1_ORDERED_EXHAUSTIVE", "traversal_policy": "BASE", "max_targets": 200, "k_per_target": 16, "family_round_robin": false, "relocation_side_reserve": 0, "waiting_age": false, "route_coverage": false, "multi_anchor": false, "exact_dedup": false, "decision_cache": false, "return_action": false, "cache_structural_skips": false, "window_slack_mm": 1e-05, "notes": ""}
[555869.6] V6_E1_R2880: start state=main C:\Users\lihao\Desktop\Graduation Project\OpticalWaveguideRouter3D\outputs\3d_strategy_v3\512_ablation\D_both_enabled pairs=42909
[555877.2] V6_E1_R2880: INITIAL_DONE pairs=42909
[555877.4] V6_E1_R2880: step 1 NO_CANDIDATES_GENERATED pairs=42909 evals=0 1s
[555877.7] V6_E1_R2880: step 2 NO_CANDIDATES_GENERATED pairs=42909 evals=0 1s
[555935.3] V6_E1_R2880: step 3 ELEVATED pairs=42648 evals=72 58s
[556012.4] V6_E1_R2880: step 4 ELEVATED pairs=42392 evals=144 136s
[556081.6] V6_E1_R2880: step 5 ELEVATED pairs=42139 evals=216 205s
[556152.0] V6_E1_R2880: step 6 ELEVATED pairs=41888 evals=288 275s
[556223.0] V6_E1_R2880: step 7 ELEVATED pairs=41639 evals=360 346s
[556258.5] V6_E1_R2880: step 8 ELEVATED pairs=41386 evals=396 382s
[556282.4] V6_E1_R2880: step 9 ELEVATED pairs=41111 evals=432 406s
[556334.4] V6_E1_R2880: step 10 ELEVATED pairs=40843 evals=486 458s
[556364.2] V6_E1_R2880: step 11 ELEVATED pairs=40583 evals=540 487s
[556459.6] V6_E1_R2880: step 12 ELEVATED pairs=40327 evals=639 583s
[556555.7] V6_E1_R2880: step 13 ELEVATED pairs=40072 evals=738 679s
[556660.6] V6_E1_R2880: step 14 ELEVATED pairs=39820 evals=837 784s
[556719.7] V6_E1_R2880: step 15 ELEVATED pairs=39573 evals=891 843s
[556779.5] V6_E1_R2880: step 16 ELEVATED pairs=39328 evals=945 903s
[556834.6] V6_E1_R2880: step 17 ELEVATED pairs=39089 evals=999 958s
[556895.6] V6_E1_R2880: step 18 ELEVATED pairs=38845 evals=1053 1019s
[556967.3] V6_E1_R2880: step 19 ELEVATED pairs=38610 evals=1107 1090s
[557039.6] V6_E1_R2880: step 20 ELEVATED pairs=38377 evals=1161 1163s
[557115.3] V6_E1_R2880: step 21 ELEVATED pairs=38148 evals=1233 1238s
[557142.9] V6_E1_R2880: step 22 ELEVATED pairs=37908 evals=1269 1266s
[557218.1] V6_E1_R2880: step 23 ELEVATED pairs=37686 evals=1341 1341s
[557240.3] V6_E1_R2880: step 24 ELEVATED pairs=37453 evals=1377 1363s
[557262.0] V6_E1_R2880: step 25 ELEVATED pairs=37222 evals=1413 1385s
[557304.6] V6_E1_R2880: step 26 ELEVATED pairs=36995 evals=1467 1428s
[557325.9] V6_E1_R2880: step 27 ELEVATED pairs=36766 evals=1503 1449s
[557367.1] V6_E1_R2880: step 28 ELEVATED pairs=36540 evals=1557 1490s
[557387.5] V6_E1_R2880: step 29 ELEVATED pairs=36313 evals=1593 1511s
[557428.5] V6_E1_R2880: step 30 ELEVATED pairs=36089 evals=1647 1552s
[557486.5] V6_E1_R2880: step 31 ELEVATED pairs=35873 evals=1719 1610s
[557553.2] V6_E1_R2880: step 32 ELEVATED pairs=35658 evals=1791 1676s
[557594.1] V6_E1_R2880: step 33 ELEVATED pairs=35435 evals=1845 1717s
[557594.3] V6_E1_R2880: step 34 NO_CANDIDATES_GENERATED pairs=35435 evals=1845 1717s
[557594.5] V6_E1_R2880: step 35 NO_CANDIDATES_GENERATED pairs=35435 evals=1845 1718s
[557656.7] V6_E1_R2880: step 36 ELEVATED pairs=35227 evals=1917 1780s
[557713.7] V6_E1_R2880: step 37 ELEVATED pairs=35021 evals=1989 1837s
[557774.4] V6_E1_R2880: step 38 ELEVATED pairs=34820 evals=2061 1898s
[557799.9] V6_E1_R2880: step 39 ELEVATED pairs=34617 evals=2115 1923s
[557836.8] V6_E1_R2880: step 40 ELEVATED pairs=34402 evals=2169 1960s
[557842.5] V6_E1_R2880: step 41 ELEVATED pairs=34196 evals=2178 1966s
[557848.3] V6_E1_R2880: step 42 ELEVATED pairs=33992 evals=2187 1971s
[557854.3] V6_E1_R2880: step 43 ELEVATED pairs=33790 evals=2196 1977s
[557955.7] V6_E1_R2880: step 44 ELEVATED pairs=33577 evals=2322 2079s
[557961.6] V6_E1_R2880: step 45 ELEVATED pairs=33377 evals=2331 2085s
[558005.7] V6_E1_R2880: step 46 ELEVATED pairs=33167 evals=2385 2129s
[558012.0] V6_E1_R2880: step 47 ELEVATED pairs=32969 evals=2394 2135s
[558018.2] V6_E1_R2880: step 48 ELEVATED pairs=32773 evals=2403 2141s
[558024.3] V6_E1_R2880: step 49 ELEVATED pairs=32579 evals=2412 2147s
[558051.8] V6_E1_R2880: step 50 ELEVATED pairs=32374 evals=2457 2175s
[558057.9] V6_E1_R2880: step 51 ELEVATED pairs=32182 evals=2466 2181s
[558058.1] V6_E1_R2880: step 52 NO_CANDIDATES_GENERATED pairs=32182 evals=2466 2181s
[558058.4] V6_E1_R2880: step 53 NO_CANDIDATES_GENERATED pairs=32182 evals=2466 2181s
[558127.9] V6_E1_R2880: step 54 ELEVATED pairs=31992 evals=2538 2251s
[558165.5] V6_E1_R2880: step 55 ELEVATED pairs=31790 evals=2610 2289s
[558165.6] V6_E1_R2880: step 56 NO_CANDIDATES_GENERATED pairs=31790 evals=2610 2289s
[558165.8] V6_E1_R2880: step 57 NO_CANDIDATES_GENERATED pairs=31790 evals=2610 2289s
[558165.9] V6_E1_R2880: step 58 NO_CANDIDATES_GENERATED pairs=31790 evals=2610 2289s
[558166.0] V6_E1_R2880: step 59 NO_CANDIDATES_GENERATED pairs=31790 evals=2610 2289s
[558166.2] V6_E1_R2880: step 60 NO_CANDIDATES_GENERATED pairs=31790 evals=2610 2289s
[558166.3] V6_E1_R2880: step 61 NO_CANDIDATES_GENERATED pairs=31790 evals=2610 2289s
[558210.4] V6_E1_R2880: step 62 ELEVATED pairs=31590 evals=2682 2334s
[558254.5] V6_E1_R2880: step 63 ELEVATED pairs=31392 evals=2754 2378s
[558296.9] V6_E1_R2880: step 64 ELEVATED pairs=31196 evals=2826 2420s
[558325.7] V6_E1_R2880: step 65 ELEVATED pairs=30999 evals=2880 2449s
[558326.2] V6_E1_R2880: step 66 ABORTED_CANDIDATE_BUDGET pairs=30999 evals=2880 2449s
[558326.5] V6_E1_R2880: done final=30999 moves=53 first=53 reloc=0 ret=0 evals=2880 stop=CANDIDATE_BUDGET_EXHAUSTED
[558374.2] V6_E1_R2880: recheck PASS checks=130816
