[552729.7] V5_STRATIFIED_R1440: start mode=R budget=1440 spec={"name": "V5_STRATIFIED", "target_policy": "STRATIFIED", "evaluation_policy": "E0_EXHAUSTIVE", "traversal_policy": "BASE", "max_targets": 200, "k_per_target": 16, "family_round_robin": false, "relocation_side_reserve": 0, "waiting_age": false, "route_coverage": false, "multi_anchor": false, "exact_dedup": false, "decision_cache": false, "return_action": false, "cache_structural_skips": false, "window_slack_mm": 1e-05, "notes": ""}
[552729.7] V5_STRATIFIED_R1440: start state=main C:\Users\lihao\Desktop\Graduation Project\OpticalWaveguideRouter3D\outputs\3d_strategy_v3\512_ablation\D_both_enabled pairs=42909
[552733.5] V5_STRATIFIED_R1440: INITIAL_DONE pairs=42909
[552733.8] V5_STRATIFIED_R1440: step 1 NO_CANDIDATES_GENERATED pairs=42909 evals=0 0s
[552734.2] V5_STRATIFIED_R1440: step 2 NO_CANDIDATES_GENERATED pairs=42909 evals=0 1s
[552734.3] V5_STRATIFIED_R1440: step 3 NO_CANDIDATES_GENERATED pairs=42909 evals=0 1s
[553073.9] V5_STRATIFIED_R1440: start mode=R budget=1440 spec={"name": "V5_STRATIFIED", "target_policy": "STRATIFIED", "evaluation_policy": "E0_EXHAUSTIVE", "traversal_policy": "BASE", "max_targets": 200, "k_per_target": 16, "family_round_robin": false, "relocation_side_reserve": 0, "waiting_age": false, "route_coverage": false, "multi_anchor": false, "exact_dedup": false, "decision_cache": false, "return_action": false, "cache_structural_skips": false, "window_slack_mm": 1e-05, "notes": ""}
[553073.9] V5_STRATIFIED_R1440: start state=main C:\Users\lihao\Desktop\Graduation Project\OpticalWaveguideRouter3D\outputs\3d_strategy_v3\512_ablation\D_both_enabled pairs=42909
[553079.6] V5_STRATIFIED_R1440: INITIAL_DONE pairs=42909
[553080.0] V5_STRATIFIED_R1440: step 1 NO_CANDIDATES_GENERATED pairs=42909 evals=0 0s
[553080.6] V5_STRATIFIED_R1440: step 2 NO_CANDIDATES_GENERATED pairs=42909 evals=0 1s
[553080.7] V5_STRATIFIED_R1440: step 3 NO_CANDIDATES_GENERATED pairs=42909 evals=0 1s
[553106.9] V5_STRATIFIED_R1440: step 4 ELEVATED pairs=42635 evals=27 27s
[553107.7] V5_STRATIFIED_R1440: step 5 NO_CANDIDATES_GENERATED pairs=42635 evals=27 28s
[553108.0] V5_STRATIFIED_R1440: step 6 NO_CANDIDATES_GENERATED pairs=42635 evals=27 28s
[553108.3] V5_STRATIFIED_R1440: step 7 NO_CANDIDATES_GENERATED pairs=42635 evals=27 29s
[553109.2] V5_STRATIFIED_R1440: step 8 NO_CANDIDATES_GENERATED pairs=42635 evals=27 30s
[553159.8] V5_STRATIFIED_R1440: step 9 ELEVATED pairs=42375 evals=99 80s
[553190.4] V5_STRATIFIED_R1440: step 10 ELEVATED pairs=42128 evals=126 111s
[553191.1] V5_STRATIFIED_R1440: step 11 NO_CANDIDATES_GENERATED pairs=42128 evals=126 112s
[553264.8] V5_STRATIFIED_R1440: step 12 ELEVATED pairs=41874 evals=198 185s
[553323.5] V5_STRATIFIED_R1440: step 13 ELEVATED pairs=41619 evals=252 244s
[553324.5] V5_STRATIFIED_R1440: step 14 NO_CANDIDATES_GENERATED pairs=41619 evals=252 245s
[553338.6] V5_STRATIFIED_R1440: step 15 ELEVATED pairs=41366 evals=270 259s
[553399.2] V5_STRATIFIED_R1440: step 16 ELEVATED pairs=41113 evals=324 320s
[553423.7] V5_STRATIFIED_R1440: step 17 RELOCATED pairs=41102 evals=342 344s
[553435.6] V5_STRATIFIED_R1440: step 18 ELEVATED pairs=40851 evals=360 356s
[553493.5] V5_STRATIFIED_R1440: step 19 ELEVATED pairs=40600 evals=414 414s
[553494.7] V5_STRATIFIED_R1440: step 20 NO_CANDIDATES_GENERATED pairs=40600 evals=414 415s
[553508.4] V5_STRATIFIED_R1440: step 21 ELEVATED pairs=40350 evals=432 429s
[553567.5] V5_STRATIFIED_R1440: step 22 ELEVATED pairs=40101 evals=486 488s
[553568.5] V5_STRATIFIED_R1440: step 23 NO_CANDIDATES_GENERATED pairs=40101 evals=486 489s
[553600.4] V5_STRATIFIED_R1440: step 24 ELEVATED pairs=39848 evals=522 521s
[553655.8] V5_STRATIFIED_R1440: step 25 ELEVATED pairs=39601 evals=576 576s
[553656.8] V5_STRATIFIED_R1440: step 26 NO_CANDIDATES_GENERATED pairs=39601 evals=576 577s
[553699.2] V5_STRATIFIED_R1440: step 27 ELEVATED pairs=39362 evals=630 620s
[553718.3] V5_STRATIFIED_R1440: step 28 ELEVATED pairs=39130 evals=657 639s
[553719.3] V5_STRATIFIED_R1440: step 29 NO_CANDIDATES_GENERATED pairs=39130 evals=657 640s
[553777.0] V5_STRATIFIED_R1440: step 30 ELEVATED pairs=38884 evals=729 697s
[553788.2] V5_STRATIFIED_R1440: step 31 ELEVATED pairs=38650 evals=747 709s
[553839.9] V5_STRATIFIED_R1440: step 32 RELOCATED pairs=38644 evals=819 760s
[553884.9] V5_STRATIFIED_R1440: step 33 ELEVATED pairs=38379 evals=873 805s
[553895.6] V5_STRATIFIED_R1440: step 34 ELEVATED pairs=38149 evals=891 816s
[553896.6] V5_STRATIFIED_R1440: step 35 NO_CANDIDATES_GENERATED pairs=38149 evals=891 817s
[553920.8] V5_STRATIFIED_R1440: step 36 ELEVATED pairs=37899 evals=945 841s
[553931.4] V5_STRATIFIED_R1440: step 37 ELEVATED pairs=37671 evals=963 852s
[553932.5] V5_STRATIFIED_R1440: step 38 NO_CANDIDATES_GENERATED pairs=37671 evals=963 853s
[553989.6] V5_STRATIFIED_R1440: step 39 ELEVATED pairs=37423 evals=1062 910s
[554041.5] V5_STRATIFIED_R1440: step 40 ELEVATED pairs=37193 evals=1116 962s
[554084.5] V5_STRATIFIED_R1440: step 41 RELOCATED pairs=37183 evals=1161 1005s
[554139.1] V5_STRATIFIED_R1440: step 42 ELEVATED pairs=36938 evals=1260 1060s
[554139.5] V5_STRATIFIED_R1440: step 43 NO_CANDIDATES_GENERATED pairs=36938 evals=1260 1060s
[554140.6] V5_STRATIFIED_R1440: step 44 NO_CANDIDATES_GENERATED pairs=36938 evals=1260 1061s
[554190.5] V5_STRATIFIED_R1440: step 45 ELEVATED pairs=36711 evals=1314 1111s
[554190.9] V5_STRATIFIED_R1440: step 46 NO_CANDIDATES_GENERATED pairs=36711 evals=1314 1111s
[554205.6] V5_STRATIFIED_R1440: step 47 ALL_CANDIDATES_REJECTED pairs=36711 evals=1332 1126s
[554258.5] V5_STRATIFIED_R1440: step 48 ELEVATED pairs=36486 evals=1386 1179s
[554258.9] V5_STRATIFIED_R1440: step 49 NO_CANDIDATES_GENERATED pairs=36486 evals=1386 1179s
[554272.8] V5_STRATIFIED_R1440: step 50 ALL_CANDIDATES_REJECTED pairs=36486 evals=1404 1193s
[554290.0] V5_STRATIFIED_R1440: step 51 ELEVATED pairs=36257 evals=1440 1210s
[554290.3] V5_STRATIFIED_R1440: done final=36257 moves=30 first=27 reloc=3 ret=0 evals=1440 stop=CANDIDATE_BUDGET_EXHAUSTED
[554341.0] V5_STRATIFIED_R1440: recheck PASS checks=130816
