[556432.7] V7_T2_N1440: start mode=N budget=1440 spec={"name": "V7_T2", "target_policy": "LEGACY", "evaluation_policy": "E2_ORDERED_K16", "traversal_policy": "COVERAGE", "max_targets": 2000, "k_per_target": 16, "family_round_robin": false, "relocation_side_reserve": 0, "waiting_age": false, "route_coverage": true, "multi_anchor": false, "exact_dedup": false, "decision_cache": false, "return_action": false, "cache_structural_skips": true, "window_slack_mm": 1e-05, "notes": ""}
[556432.7] V7_T2_N1440: start state=main C:\Users\lihao\Desktop\Graduation Project\OpticalWaveguideRouter3D\outputs\3d_strategy_v3\512_ablation\D_both_enabled pairs=42909
[556440.7] V7_T2_N1440: INITIAL_DONE pairs=42909
[556441.1] V7_T2_N1440: step 1 NO_CANDIDATES_GENERATED pairs=42909 evals=0 1s
[556441.4] V7_T2_N1440: step 2 NO_CANDIDATES_GENERATED pairs=42909 evals=0 1s
[556452.1] V7_T2_N1440: step 3 ELEVATED pairs=42661 evals=16 12s
[556465.5] V7_T2_N1440: step 4 ELEVATED pairs=42405 evals=32 25s
[556476.4] V7_T2_N1440: step 5 ELEVATED pairs=42144 evals=48 36s
[556493.6] V7_T2_N1440: step 6 ELEVATED pairs=41895 evals=64 53s
[556503.4] V7_T2_N1440: step 7 ELEVATED pairs=41639 evals=80 63s
[556516.8] V7_T2_N1440: step 8 ELEVATED pairs=41400 evals=96 76s
[556527.1] V7_T2_N1440: step 9 ELEVATED pairs=41182 evals=112 87s
[556538.8] V7_T2_N1440: step 10 ELEVATED pairs=40967 evals=128 98s
[556553.0] V7_T2_N1440: step 11 ELEVATED pairs=40716 evals=144 113s
[556566.5] V7_T2_N1440: step 12 ELEVATED pairs=40527 evals=160 126s
[556584.8] V7_T2_N1440: step 13 ELEVATED pairs=40359 evals=176 144s
[556596.6] V7_T2_N1440: step 14 ELEVATED pairs=40161 evals=192 156s
[556610.9] V7_T2_N1440: step 15 ELEVATED pairs=39967 evals=208 171s
[556623.0] V7_T2_N1440: step 16 ELEVATED pairs=39773 evals=224 183s
[556637.0] V7_T2_N1440: step 17 ELEVATED pairs=39609 evals=240 197s
[556648.6] V7_T2_N1440: step 18 ELEVATED pairs=39381 evals=256 208s
[556660.5] V7_T2_N1440: step 19 ELEVATED pairs=39242 evals=272 220s
[556675.9] V7_T2_N1440: step 20 ELEVATED pairs=39029 evals=288 236s
[556690.7] V7_T2_N1440: step 21 ELEVATED pairs=38864 evals=304 250s
[556703.5] V7_T2_N1440: step 22 ELEVATED pairs=38631 evals=320 263s
[556724.1] V7_T2_N1440: step 23 ELEVATED pairs=38452 evals=336 284s
[556742.4] V7_T2_N1440: step 24 ELEVATED pairs=38287 evals=352 302s
[556759.3] V7_T2_N1440: step 25 ELEVATED pairs=38071 evals=368 319s
[556773.8] V7_T2_N1440: step 26 ELEVATED pairs=37863 evals=384 333s
[556792.4] V7_T2_N1440: step 27 ELEVATED pairs=37652 evals=400 352s
[556810.1] V7_T2_N1440: step 28 ELEVATED pairs=37442 evals=416 370s
[556821.0] V7_T2_N1440: step 29 ELEVATED pairs=37268 evals=432 381s
[556837.5] V7_T2_N1440: step 30 ELEVATED pairs=37060 evals=448 397s
[556853.6] V7_T2_N1440: step 31 ELEVATED pairs=36921 evals=464 413s
[556862.2] V7_T2_N1440: step 32 ELEVATED pairs=36726 evals=480 422s
[556872.0] V7_T2_N1440: step 33 ELEVATED pairs=36523 evals=496 432s
[556882.2] V7_T2_N1440: step 34 ELEVATED pairs=36321 evals=512 442s
[556898.0] V7_T2_N1440: step 35 ELEVATED pairs=36205 evals=528 458s
[556916.3] V7_T2_N1440: step 36 ELEVATED pairs=35993 evals=544 476s
[556933.8] V7_T2_N1440: step 37 ELEVATED pairs=35783 evals=560 493s
[556950.8] V7_T2_N1440: step 38 ELEVATED pairs=35575 evals=576 510s
[556966.9] V7_T2_N1440: step 39 ELEVATED pairs=35369 evals=592 527s
[556978.2] V7_T2_N1440: step 40 ELEVATED pairs=35201 evals=608 538s
[556978.4] V7_T2_N1440: step 41 NO_CANDIDATES_GENERATED pairs=35201 evals=608 538s
[556978.7] V7_T2_N1440: step 42 NO_CANDIDATES_GENERATED pairs=35201 evals=608 538s
[556978.9] V7_T2_N1440: step 43 NO_CANDIDATES_GENERATED pairs=35201 evals=608 539s
[556979.1] V7_T2_N1440: step 44 NO_CANDIDATES_GENERATED pairs=35201 evals=608 539s
[556979.3] V7_T2_N1440: step 45 NO_CANDIDATES_GENERATED pairs=35201 evals=608 539s
[556979.5] V7_T2_N1440: step 46 NO_CANDIDATES_GENERATED pairs=35201 evals=608 539s
[556995.0] V7_T2_N1440: step 47 ELEVATED pairs=34996 evals=624 555s
[557009.2] V7_T2_N1440: step 48 ELEVATED pairs=34847 evals=640 569s
[557027.4] V7_T2_N1440: step 49 ELEVATED pairs=34650 evals=656 587s
[557044.9] V7_T2_N1440: step 50 ELEVATED pairs=34455 evals=672 605s
[557063.7] V7_T2_N1440: step 51 ELEVATED pairs=34265 evals=688 623s
[557084.8] V7_T2_N1440: step 52 ELEVATED pairs=34077 evals=704 644s
[557109.3] V7_T2_N1440: step 53 ELEVATED pairs=33891 evals=720 669s
[557121.2] V7_T2_N1440: step 54 ELEVATED pairs=33699 evals=736 681s
[557133.0] V7_T2_N1440: step 55 ELEVATED pairs=33536 evals=752 693s
[557145.7] V7_T2_N1440: step 56 ELEVATED pairs=33346 evals=768 705s
[557156.8] V7_T2_N1440: step 57 ELEVATED pairs=33185 evals=784 716s
[557167.5] V7_T2_N1440: step 58 ELEVATED pairs=33022 evals=800 727s
[557179.2] V7_T2_N1440: step 59 ELEVATED pairs=32937 evals=816 739s
[557191.9] V7_T2_N1440: step 60 ELEVATED pairs=32822 evals=832 752s
[557203.4] V7_T2_N1440: step 61 ELEVATED pairs=32675 evals=848 763s
[557212.3] V7_T2_N1440: step 62 ELEVATED pairs=32567 evals=864 772s
[557223.6] V7_T2_N1440: step 63 ELEVATED pairs=32480 evals=880 783s
[557223.8] V7_T2_N1440: step 64 NO_CANDIDATES_GENERATED pairs=32480 evals=880 783s
[557224.0] V7_T2_N1440: step 65 NO_CANDIDATES_GENERATED pairs=32480 evals=880 784s
[557224.1] V7_T2_N1440: step 66 NO_CANDIDATES_GENERATED pairs=32480 evals=880 784s
[557234.0] V7_T2_N1440: step 67 ELEVATED pairs=32414 evals=896 794s
[557245.2] V7_T2_N1440: step 68 ELEVATED pairs=32316 evals=912 805s
[557256.3] V7_T2_N1440: step 69 ELEVATED pairs=32239 evals=928 816s
[557270.1] V7_T2_N1440: step 70 ELEVATED pairs=32068 evals=944 830s
[557281.0] V7_T2_N1440: step 71 ELEVATED pairs=31938 evals=960 841s
[557293.0] V7_T2_N1440: step 72 ELEVATED pairs=31769 evals=976 853s
[557304.1] V7_T2_N1440: step 73 ELEVATED pairs=31641 evals=992 864s
[557318.9] V7_T2_N1440: step 74 ELEVATED pairs=31472 evals=1008 879s
[557329.8] V7_T2_N1440: step 75 ELEVATED pairs=31392 evals=1024 889s
[557344.8] V7_T2_N1440: step 76 ELEVATED pairs=31268 evals=1040 904s
[557345.0] V7_T2_N1440: step 77 NO_CANDIDATES_GENERATED pairs=31268 evals=1040 905s
[557345.2] V7_T2_N1440: step 78 NO_CANDIDATES_GENERATED pairs=31268 evals=1040 905s
[557362.8] V7_T2_N1440: step 79 ELEVATED pairs=31128 evals=1056 922s
[557363.0] V7_T2_N1440: step 80 NO_CANDIDATES_GENERATED pairs=31128 evals=1056 923s
[557374.3] V7_T2_N1440: step 81 ELEVATED pairs=31063 evals=1072 934s
[557386.0] V7_T2_N1440: step 82 ELEVATED pairs=30998 evals=1088 946s
[557394.6] V7_T2_N1440: step 83 ELEVATED pairs=30929 evals=1104 954s
[557409.4] V7_T2_N1440: step 84 ELEVATED pairs=30773 evals=1120 969s
[557418.4] V7_T2_N1440: step 85 ELEVATED pairs=30696 evals=1136 978s
[557431.6] V7_T2_N1440: step 86 ELEVATED pairs=30542 evals=1152 991s
[557445.7] V7_T2_N1440: step 87 ELEVATED pairs=30436 evals=1168 1005s
[557457.2] V7_T2_N1440: step 88 ELEVATED pairs=30285 evals=1184 1017s
[557477.5] V7_T2_N1440: step 89 ELEVATED pairs=30147 evals=1200 1037s
[557486.2] V7_T2_N1440: step 90 ELEVATED pairs=30109 evals=1216 1046s
[557499.5] V7_T2_N1440: step 91 ELEVATED pairs=30035 evals=1232 1059s
[557508.4] V7_T2_N1440: step 92 ELEVATED pairs=29941 evals=1248 1068s
[557517.2] V7_T2_N1440: step 93 ELEVATED pairs=29864 evals=1264 1077s
[557532.1] V7_T2_N1440: step 94 ELEVATED pairs=29766 evals=1280 1092s
[557542.2] V7_T2_N1440: step 95 ELEVATED pairs=29706 evals=1296 1102s
[557552.5] V7_T2_N1440: step 96 ELEVATED pairs=29572 evals=1312 1112s
[557565.9] V7_T2_N1440: step 97 ELEVATED pairs=29498 evals=1328 1126s
[557579.0] V7_T2_N1440: step 98 ELEVATED pairs=29408 evals=1344 1139s
[557590.5] V7_T2_N1440: step 99 ELEVATED pairs=29337 evals=1360 1150s
[557603.1] V7_T2_N1440: step 100 ELEVATED pairs=29254 evals=1376 1163s
[557614.5] V7_T2_N1440: step 101 ELEVATED pairs=29186 evals=1392 1174s
[557627.2] V7_T2_N1440: step 102 ELEVATED pairs=29048 evals=1408 1187s
[557640.5] V7_T2_N1440: step 103 ELEVATED pairs=28985 evals=1424 1200s
[557653.5] V7_T2_N1440: step 104 ELEVATED pairs=28944 evals=1440 1213s
[557654.0] V7_T2_N1440: step 105 ABORTED_CANDIDATE_BUDGET pairs=28944 evals=1440 1214s
[557654.5] V7_T2_N1440: done final=28944 moves=90 first=90 reloc=0 ret=0 evals=1440 stop=CANDIDATE_BUDGET_EXHAUSTED
[557732.0] V7_T2_N1440: recheck PASS checks=130816
