[604991.5] V8_G1_N1440_boundaryfix: start mode=N budget=1440 spec={"name": "V8_G1", "target_policy": "LEGACY", "evaluation_policy": "E2_ORDERED_K16", "traversal_policy": "BASE", "max_targets": 200, "k_per_target": 16, "family_round_robin": false, "relocation_side_reserve": 0, "waiting_age": false, "route_coverage": false, "multi_anchor": false, "exact_dedup": false, "decision_cache": false, "return_action": false, "cache_structural_skips": false, "window_slack_mm": 1e-05, "generation_domain": "PATH_WINDOWS", "path_window_settings": {"placements": [0.0, 0.5, 1.0], "length_factors": [1.0, 1.5, 2.0, 3.0], "cap": 4096}, "stage_length_cap_mm": null, "notes": ""}
[604991.5] V8_G1_N1440_boundaryfix: start state=main C:\Users\lihao\Desktop\Graduation Project\OpticalWaveguideRouter3D\outputs\3d_strategy_v3\512_ablation\D_both_enabled pairs=42909
[604994.9] V8_G1_N1440_boundaryfix: INITIAL_DONE pairs=42909
[604995.1] V8_G1_N1440_boundaryfix: step 1 NO_CANDIDATES_GENERATED pairs=42909 evals=0 0s
[604995.4] V8_G1_N1440_boundaryfix: step 2 NO_CANDIDATES_GENERATED pairs=42909 evals=0 0s
[605008.4] V8_G1_N1440_boundaryfix: step 3 ELEVATED pairs=42657 evals=16 13s
[605024.8] V8_G1_N1440_boundaryfix: step 4 ELEVATED pairs=42411 evals=32 30s
[605041.3] V8_G1_N1440_boundaryfix: step 5 ELEVATED pairs=42168 evals=48 46s
[605058.4] V8_G1_N1440_boundaryfix: step 6 ELEVATED pairs=41927 evals=64 63s
[605076.2] V8_G1_N1440_boundaryfix: step 7 ELEVATED pairs=41688 evals=80 81s
[605090.1] V8_G1_N1440_boundaryfix: step 8 ELEVATED pairs=41453 evals=96 95s
[605101.0] V8_G1_N1440_boundaryfix: step 9 ELEVATED pairs=41202 evals=112 106s
[605111.1] V8_G1_N1440_boundaryfix: step 10 ELEVATED pairs=40956 evals=128 116s
[605121.7] V8_G1_N1440_boundaryfix: step 11 ELEVATED pairs=40707 evals=144 127s
[605133.7] V8_G1_N1440_boundaryfix: step 12 ELEVATED pairs=40456 evals=160 139s
[605142.9] V8_G1_N1440_boundaryfix: step 13 ELEVATED pairs=40209 evals=176 148s
[605154.6] V8_G1_N1440_boundaryfix: step 14 ELEVATED pairs=39960 evals=192 160s
[605178.0] V8_G1_N1440_boundaryfix: step 15 ELEVATED pairs=39734 evals=208 183s
[605200.7] V8_G1_N1440_boundaryfix: step 16 ELEVATED pairs=39510 evals=224 206s
[605216.1] V8_G1_N1440_boundaryfix: step 17 ELEVATED pairs=39292 evals=240 221s
[605224.5] V8_G1_N1440_boundaryfix: step 18 ELEVATED pairs=39053 evals=256 229s
[605236.3] V8_G1_N1440_boundaryfix: step 19 ELEVATED pairs=38833 evals=272 241s
[605247.5] V8_G1_N1440_boundaryfix: step 20 ELEVATED pairs=38623 evals=288 252s
[605261.3] V8_G1_N1440_boundaryfix: step 21 ELEVATED pairs=38409 evals=304 266s
[605267.7] V8_G1_N1440_boundaryfix: step 22 ELEVATED pairs=38183 evals=320 273s
[605278.1] V8_G1_N1440_boundaryfix: step 23 ELEVATED pairs=37971 evals=336 283s
[605284.3] V8_G1_N1440_boundaryfix: step 24 ELEVATED pairs=37747 evals=352 289s
[605294.8] V8_G1_N1440_boundaryfix: step 25 ELEVATED pairs=37537 evals=368 300s
[605300.7] V8_G1_N1440_boundaryfix: step 26 ELEVATED pairs=37315 evals=384 306s
[605313.9] V8_G1_N1440_boundaryfix: step 27 ELEVATED pairs=37102 evals=400 319s
[605327.8] V8_G1_N1440_boundaryfix: step 28 ELEVATED pairs=36902 evals=416 333s
[605354.4] V8_G1_N1440_boundaryfix: step 29 ELEVATED pairs=36665 evals=432 359s
[605363.3] V8_G1_N1440_boundaryfix: step 30 ELEVATED pairs=36450 evals=448 368s
[605372.7] V8_G1_N1440_boundaryfix: step 31 ELEVATED pairs=36249 evals=464 378s
[605381.5] V8_G1_N1440_boundaryfix: step 32 ELEVATED pairs=36047 evals=480 386s
[605381.8] V8_G1_N1440_boundaryfix: step 33 NO_CANDIDATES_GENERATED pairs=36047 evals=480 387s
[605382.2] V8_G1_N1440_boundaryfix: step 34 NO_CANDIDATES_GENERATED pairs=36047 evals=480 387s
[605391.3] V8_G1_N1440_boundaryfix: step 35 ELEVATED pairs=35864 evals=496 396s
[605404.9] V8_G1_N1440_boundaryfix: step 36 ELEVATED pairs=35674 evals=512 410s
[605414.8] V8_G1_N1440_boundaryfix: step 37 ELEVATED pairs=35495 evals=528 420s
[605421.6] V8_G1_N1440_boundaryfix: step 38 ELEVATED pairs=35303 evals=544 426s
[605431.1] V8_G1_N1440_boundaryfix: step 39 ELEVATED pairs=35100 evals=560 436s
[605437.9] V8_G1_N1440_boundaryfix: step 40 ELEVATED pairs=34927 evals=576 443s
[605444.7] V8_G1_N1440_boundaryfix: step 41 ELEVATED pairs=34754 evals=592 450s
[605455.0] V8_G1_N1440_boundaryfix: step 42 ELEVATED pairs=34553 evals=608 460s
[605465.0] V8_G1_N1440_boundaryfix: step 43 ELEVATED pairs=34354 evals=624 470s
[605478.8] V8_G1_N1440_boundaryfix: step 44 ELEVATED pairs=34174 evals=640 484s
[605488.4] V8_G1_N1440_boundaryfix: step 45 ELEVATED pairs=33977 evals=656 493s
[605501.8] V8_G1_N1440_boundaryfix: step 46 ELEVATED pairs=33799 evals=672 507s
[605512.4] V8_G1_N1440_boundaryfix: step 47 ELEVATED pairs=33604 evals=688 517s
[605520.1] V8_G1_N1440_boundaryfix: step 48 ELEVATED pairs=33433 evals=704 525s
[605531.0] V8_G1_N1440_boundaryfix: step 49 ELEVATED pairs=33240 evals=720 536s
[605542.9] V8_G1_N1440_boundaryfix: step 50 ELEVATED pairs=33061 evals=736 548s
[605552.7] V8_G1_N1440_boundaryfix: step 51 ELEVATED pairs=32870 evals=752 558s
[605564.7] V8_G1_N1440_boundaryfix: step 52 ELEVATED pairs=32693 evals=768 570s
[605575.4] V8_G1_N1440_boundaryfix: step 53 ELEVATED pairs=32504 evals=784 580s
[605583.8] V8_G1_N1440_boundaryfix: step 54 ELEVATED pairs=32320 evals=800 589s
[605592.6] V8_G1_N1440_boundaryfix: step 55 ELEVATED pairs=32133 evals=816 598s
[605601.1] V8_G1_N1440_boundaryfix: step 56 ELEVATED pairs=31951 evals=832 606s
[605610.8] V8_G1_N1440_boundaryfix: step 57 ELEVATED pairs=31766 evals=848 616s
[605628.9] V8_G1_N1440_boundaryfix: step 58 ELEVATED pairs=31533 evals=864 634s
[605637.5] V8_G1_N1440_boundaryfix: step 59 ELEVATED pairs=31353 evals=880 642s
[605645.8] V8_G1_N1440_boundaryfix: step 60 ELEVATED pairs=31175 evals=896 651s
[605653.9] V8_G1_N1440_boundaryfix: step 61 ELEVATED pairs=30999 evals=912 659s
[605680.7] V8_G1_N1440_boundaryfix: step 62 ELEVATED pairs=30759 evals=928 686s
[605688.4] V8_G1_N1440_boundaryfix: step 63 ELEVATED pairs=30579 evals=944 693s
[605696.8] V8_G1_N1440_boundaryfix: step 64 ELEVATED pairs=30406 evals=960 702s
[605728.7] V8_G1_N1440_boundaryfix: step 65 ELEVATED pairs=30224 evals=976 734s
[605745.9] V8_G1_N1440_boundaryfix: step 66 ELEVATED pairs=30065 evals=992 751s
[605779.8] V8_G1_N1440_boundaryfix: step 67 ELEVATED pairs=29885 evals=1008 785s
[605792.1] V8_G1_N1440_boundaryfix: step 68 ELEVATED pairs=29720 evals=1024 797s
[605800.8] V8_G1_N1440_boundaryfix: step 69 ELEVATED pairs=29575 evals=1040 806s
[605813.3] V8_G1_N1440_boundaryfix: step 70 ELEVATED pairs=29412 evals=1056 818s
[605825.7] V8_G1_N1440_boundaryfix: step 71 ELEVATED pairs=29251 evals=1072 831s
[605837.6] V8_G1_N1440_boundaryfix: step 72 ELEVATED pairs=29092 evals=1088 843s
[605850.7] V8_G1_N1440_boundaryfix: step 73 ELEVATED pairs=28955 evals=1104 856s
[605858.5] V8_G1_N1440_boundaryfix: step 74 ELEVATED pairs=28766 evals=1120 863s
[605871.7] V8_G1_N1440_boundaryfix: step 75 ELEVATED pairs=28631 evals=1136 877s
[605885.5] V8_G1_N1440_boundaryfix: step 76 ELEVATED pairs=28498 evals=1152 890s
[605893.7] V8_G1_N1440_boundaryfix: step 77 ELEVATED pairs=28311 evals=1168 899s
[605907.7] V8_G1_N1440_boundaryfix: step 78 ELEVATED pairs=28180 evals=1184 913s
[605916.2] V8_G1_N1440_boundaryfix: step 79 ELEVATED pairs=27995 evals=1200 921s
[605925.1] V8_G1_N1440_boundaryfix: step 80 ELEVATED pairs=27812 evals=1216 930s
[605937.6] V8_G1_N1440_boundaryfix: step 81 ELEVATED pairs=27696 evals=1232 943s
[605950.1] V8_G1_N1440_boundaryfix: step 82 ELEVATED pairs=27574 evals=1248 955s
[605963.9] V8_G1_N1440_boundaryfix: step 83 ELEVATED pairs=27454 evals=1264 969s
[605977.6] V8_G1_N1440_boundaryfix: step 84 ELEVATED pairs=27336 evals=1280 983s
[605991.2] V8_G1_N1440_boundaryfix: step 85 ELEVATED pairs=27220 evals=1296 996s
[606000.2] V8_G1_N1440_boundaryfix: step 86 ELEVATED pairs=27098 evals=1312 1005s
[606010.8] V8_G1_N1440_boundaryfix: step 87 ELEVATED pairs=26943 evals=1328 1016s
[606021.0] V8_G1_N1440_boundaryfix: step 88 ELEVATED pairs=26827 evals=1344 1026s
[606030.7] V8_G1_N1440_boundaryfix: step 89 ELEVATED pairs=26711 evals=1360 1036s
[606041.2] V8_G1_N1440_boundaryfix: step 90 ELEVATED pairs=26595 evals=1376 1046s
[606051.5] V8_G1_N1440_boundaryfix: step 91 ELEVATED pairs=26479 evals=1392 1056s
[606061.5] V8_G1_N1440_boundaryfix: step 92 ELEVATED pairs=26363 evals=1408 1066s
[606071.9] V8_G1_N1440_boundaryfix: step 93 ELEVATED pairs=26210 evals=1424 1077s
[606081.0] V8_G1_N1440_boundaryfix: step 94 ELEVATED pairs=26097 evals=1440 1086s
[606082.4] V8_G1_N1440_boundaryfix: step 95 ABORTED_CANDIDATE_BUDGET pairs=26097 evals=1440 1087s
[606082.7] V8_G1_N1440_boundaryfix: done final=26097 moves=90 first=90 reloc=0 ret=0 evals=1440 stop=CANDIDATE_BUDGET_EXHAUSTED
[606149.1] V8_G1_N1440_boundaryfix: recheck PASS checks=130816
