[554372.1] V6_E2_N720: start mode=N budget=720 spec={"name": "V6_E2", "target_policy": "STRATIFIED", "evaluation_policy": "E2_ORDERED_K16", "traversal_policy": "BASE", "max_targets": 200, "k_per_target": 16, "family_round_robin": false, "relocation_side_reserve": 0, "waiting_age": false, "route_coverage": false, "multi_anchor": false, "exact_dedup": false, "decision_cache": false, "return_action": false, "cache_structural_skips": false, "window_slack_mm": 1e-05, "notes": ""}
[554372.1] V6_E2_N720: start state=main C:\Users\lihao\Desktop\Graduation Project\OpticalWaveguideRouter3D\outputs\3d_strategy_v3\512_ablation\D_both_enabled pairs=42909
[554379.3] V6_E2_N720: INITIAL_DONE pairs=42909
[554379.7] V6_E2_N720: step 1 NO_CANDIDATES_GENERATED pairs=42909 evals=0 1s
[554385.2] V6_E2_N720: step 2 NO_CANDIDATES_GENERATED pairs=42909 evals=0 6s
[554385.5] V6_E2_N720: step 3 NO_CANDIDATES_GENERATED pairs=42909 evals=0 6s
[554405.3] V6_E2_N720: step 4 ELEVATED pairs=42666 evals=16 26s
[554421.6] V6_E2_N720: step 5 ELEVATED pairs=42420 evals=32 42s
[554439.8] V6_E2_N720: step 6 ELEVATED pairs=42246 evals=48 61s
[554465.5] V6_E2_N720: step 7 ELEVATED pairs=41992 evals=64 86s
[554488.5] V6_E2_N720: step 8 ELEVATED pairs=41810 evals=80 109s
[554504.2] V6_E2_N720: step 9 ELEVATED pairs=41626 evals=96 125s
[554522.3] V6_E2_N720: step 10 ELEVATED pairs=41446 evals=112 143s
[554547.9] V6_E2_N720: step 11 ELEVATED pairs=41261 evals=128 169s
[554564.1] V6_E2_N720: step 12 ELEVATED pairs=41067 evals=144 185s
[554573.4] V6_E2_N720: step 13 ELEVATED pairs=40813 evals=160 194s
[554598.3] V6_E2_N720: step 14 ELEVATED pairs=40562 evals=176 219s
[554619.5] V6_E2_N720: step 15 ELEVATED pairs=40384 evals=192 240s
[554628.0] V6_E2_N720: step 16 ELEVATED pairs=40133 evals=208 249s
[554653.2] V6_E2_N720: step 17 ELEVATED pairs=39884 evals=224 274s
[554674.1] V6_E2_N720: step 18 ELEVATED pairs=39707 evals=240 295s
[554692.5] V6_E2_N720: step 19 ELEVATED pairs=39469 evals=256 313s
[554719.2] V6_E2_N720: step 20 ELEVATED pairs=39222 evals=272 340s
[554733.5] V6_E2_N720: step 21 ELEVATED pairs=38998 evals=288 354s
[554753.5] V6_E2_N720: step 22 ELEVATED pairs=38856 evals=304 374s
[554785.9] V6_E2_N720: step 23 ELEVATED pairs=38696 evals=320 407s
[554799.8] V6_E2_N720: step 24 ELEVATED pairs=38560 evals=336 421s
[554817.6] V6_E2_N720: step 25 ELEVATED pairs=38366 evals=352 438s
[554844.8] V6_E2_N720: step 26 ELEVATED pairs=38145 evals=368 466s
[554858.6] V6_E2_N720: step 27 ELEVATED pairs=38009 evals=384 479s
[554875.7] V6_E2_N720: step 28 ELEVATED pairs=37842 evals=400 497s
[554902.5] V6_E2_N720: step 29 ELEVATED pairs=37613 evals=416 523s
[554912.1] V6_E2_N720: step 30 ELEVATED pairs=37386 evals=432 533s
[554929.3] V6_E2_N720: step 31 ELEVATED pairs=37219 evals=448 550s
[554956.7] V6_E2_N720: step 32 ELEVATED pairs=36994 evals=464 578s
[554969.2] V6_E2_N720: step 33 ELEVATED pairs=36878 evals=480 590s
[554988.0] V6_E2_N720: step 34 ELEVATED pairs=36737 evals=496 609s
[555030.2] V6_E2_N720: step 35 ELEVATED pairs=36543 evals=512 651s
[555040.4] V6_E2_N720: step 36 ELEVATED pairs=36330 evals=528 661s
[555062.7] V6_E2_N720: step 37 ELEVATED pairs=36198 evals=544 684s
[555083.1] V6_E2_N720: step 38 NO_CANDIDATES_GENERATED pairs=36198 evals=544 704s
[555083.4] V6_E2_N720: step 39 NO_CANDIDATES_GENERATED pairs=36198 evals=544 704s
[555093.7] V6_E2_N720: step 40 ELEVATED pairs=35979 evals=560 715s
[555125.7] V6_E2_N720: step 41 ELEVATED pairs=35770 evals=576 747s
[555135.0] V6_E2_N720: step 42 ELEVATED pairs=35601 evals=592 756s
[555145.4] V6_E2_N720: step 43 ELEVATED pairs=35386 evals=608 766s
[555180.2] V6_E2_N720: step 44 ELEVATED pairs=35254 evals=624 801s
[555194.7] V6_E2_N720: step 45 ELEVATED pairs=35046 evals=640 816s
[555205.3] V6_E2_N720: step 46 ELEVATED pairs=34833 evals=656 826s
[555242.1] V6_E2_N720: step 47 ELEVATED pairs=34626 evals=672 863s
[555256.0] V6_E2_N720: step 48 ELEVATED pairs=34421 evals=688 877s
[555266.0] V6_E2_N720: step 49 ELEVATED pairs=34210 evals=704 887s
[555301.2] V6_E2_N720: step 50 ELEVATED pairs=34006 evals=720 922s
[555301.7] V6_E2_N720: step 51 ABORTED_CANDIDATE_BUDGET pairs=34006 evals=720 923s
[555302.3] V6_E2_N720: done final=34006 moves=45 first=45 reloc=0 ret=0 evals=720 stop=CANDIDATE_BUDGET_EXHAUSTED
[555373.6] V6_E2_N720: recheck PASS checks=130816
