[559513.0] IDEA_E_R2880: start mode=R budget=2880 spec={"name": "IDEA_E", "target_policy": "LEGACY", "evaluation_policy": "E2_ORDERED_K16", "traversal_policy": "BASE", "max_targets": 200, "k_per_target": 16, "family_round_robin": false, "relocation_side_reserve": 0, "waiting_age": false, "route_coverage": false, "multi_anchor": true, "exact_dedup": false, "decision_cache": false, "return_action": false, "cache_structural_skips": false, "window_slack_mm": 1e-05, "notes": ""}
[559513.0] IDEA_E_R2880: start state=main C:\Users\lihao\Desktop\Graduation Project\OpticalWaveguideRouter3D\outputs\3d_strategy_v3\512_ablation\D_both_enabled pairs=42909
[559521.1] IDEA_E_R2880: INITIAL_DONE pairs=42909
[559521.9] IDEA_E_R2880: step 1 NO_CANDIDATES_GENERATED pairs=42909 evals=0 1s
[559522.7] IDEA_E_R2880: step 2 NO_CANDIDATES_GENERATED pairs=42909 evals=0 2s
[559530.8] IDEA_E_R2880: step 3 ELEVATED pairs=42648 evals=16 10s
[559531.7] IDEA_E_R2880: step 4 NO_CANDIDATES_GENERATED pairs=42648 evals=16 11s
[559532.2] IDEA_E_R2880: step 5 NO_CANDIDATES_GENERATED pairs=42648 evals=16 11s
[559540.0] IDEA_E_R2880: step 6 ELEVATED pairs=42403 evals=25 19s
[559540.8] IDEA_E_R2880: step 7 NO_CANDIDATES_GENERATED pairs=42403 evals=25 20s
[559541.6] IDEA_E_R2880: step 8 NO_CANDIDATES_GENERATED pairs=42403 evals=25 21s
[559547.9] IDEA_E_R2880: step 9 ELEVATED pairs=42161 evals=34 27s
[559548.5] IDEA_E_R2880: step 10 NO_CANDIDATES_GENERATED pairs=42161 evals=34 28s
[559549.3] IDEA_E_R2880: step 11 NO_CANDIDATES_GENERATED pairs=42161 evals=34 28s
[559554.7] IDEA_E_R2880: step 12 ELEVATED pairs=41921 evals=43 34s
[559555.1] IDEA_E_R2880: step 13 NO_CANDIDATES_GENERATED pairs=41921 evals=43 34s
[559555.4] IDEA_E_R2880: step 14 NO_CANDIDATES_GENERATED pairs=41921 evals=43 35s
[559563.0] IDEA_E_R2880: step 15 ELEVATED pairs=41683 evals=52 42s
[559563.5] IDEA_E_R2880: step 16 NO_CANDIDATES_GENERATED pairs=41683 evals=52 43s
[559564.0] IDEA_E_R2880: step 17 NO_CANDIDATES_GENERATED pairs=41683 evals=52 43s
[559580.8] IDEA_E_R2880: step 18 ELEVATED pairs=41434 evals=68 60s
[559581.5] IDEA_E_R2880: step 19 NO_CANDIDATES_GENERATED pairs=41434 evals=68 61s
[559582.0] IDEA_E_R2880: step 20 NO_CANDIDATES_GENERATED pairs=41434 evals=68 61s
[559600.6] IDEA_E_R2880: step 21 ELEVATED pairs=41184 evals=84 80s
[559601.3] IDEA_E_R2880: step 22 NO_CANDIDATES_GENERATED pairs=41184 evals=84 80s
[559602.1] IDEA_E_R2880: step 23 NO_CANDIDATES_GENERATED pairs=41184 evals=84 81s
[559624.4] IDEA_E_R2880: step 24 ELEVATED pairs=40937 evals=100 104s
[559624.8] IDEA_E_R2880: step 25 NO_CANDIDATES_GENERATED pairs=40937 evals=100 104s
[559625.1] IDEA_E_R2880: step 26 NO_CANDIDATES_GENERATED pairs=40937 evals=100 104s
[559641.0] IDEA_E_R2880: step 27 ELEVATED pairs=40689 evals=116 120s
[559641.9] IDEA_E_R2880: step 28 NO_CANDIDATES_GENERATED pairs=40689 evals=116 121s
[559642.6] IDEA_E_R2880: step 29 NO_CANDIDATES_GENERATED pairs=40689 evals=116 122s
[559657.3] IDEA_E_R2880: step 30 ELEVATED pairs=40444 evals=132 136s
[559657.9] IDEA_E_R2880: step 31 NO_CANDIDATES_GENERATED pairs=40444 evals=132 137s
[559658.3] IDEA_E_R2880: step 32 NO_CANDIDATES_GENERATED pairs=40444 evals=132 137s
[559677.8] IDEA_E_R2880: step 33 ELEVATED pairs=40198 evals=148 157s
[559678.5] IDEA_E_R2880: step 34 NO_CANDIDATES_GENERATED pairs=40198 evals=148 158s
[559679.3] IDEA_E_R2880: step 35 NO_CANDIDATES_GENERATED pairs=40198 evals=148 158s
[559691.8] IDEA_E_R2880: step 36 ELEVATED pairs=39951 evals=164 171s
[559692.4] IDEA_E_R2880: step 37 NO_CANDIDATES_GENERATED pairs=39951 evals=164 172s
[559693.1] IDEA_E_R2880: step 38 NO_CANDIDATES_GENERATED pairs=39951 evals=164 172s
[559702.5] IDEA_E_R2880: step 39 ELEVATED pairs=39725 evals=173 182s
[559702.7] IDEA_E_R2880: step 40 NO_CANDIDATES_GENERATED pairs=39725 evals=173 182s
[559703.2] IDEA_E_R2880: step 41 NO_CANDIDATES_GENERATED pairs=39725 evals=173 182s
[559715.7] IDEA_E_R2880: step 42 ELEVATED pairs=39501 evals=182 195s
[559716.5] IDEA_E_R2880: step 43 NO_CANDIDATES_GENERATED pairs=39501 evals=182 196s
[559717.2] IDEA_E_R2880: step 44 NO_CANDIDATES_GENERATED pairs=39501 evals=182 196s
[559725.7] IDEA_E_R2880: step 45 ELEVATED pairs=39283 evals=191 205s
[559726.4] IDEA_E_R2880: step 46 NO_CANDIDATES_GENERATED pairs=39283 evals=191 206s
[559727.2] IDEA_E_R2880: step 47 NO_CANDIDATES_GENERATED pairs=39283 evals=191 206s
[559739.9] IDEA_E_R2880: step 48 ELEVATED pairs=39034 evals=207 219s
[559740.5] IDEA_E_R2880: step 49 NO_CANDIDATES_GENERATED pairs=39034 evals=207 220s
[559740.9] IDEA_E_R2880: step 50 NO_CANDIDATES_GENERATED pairs=39034 evals=207 220s
[559746.5] IDEA_E_R2880: step 51 ELEVATED pairs=38813 evals=216 226s
[559746.9] IDEA_E_R2880: step 52 NO_CANDIDATES_GENERATED pairs=38813 evals=216 226s
[559747.6] IDEA_E_R2880: step 53 NO_CANDIDATES_GENERATED pairs=38813 evals=216 227s
[559756.2] IDEA_E_R2880: step 54 ELEVATED pairs=38586 evals=232 235s
[559756.9] IDEA_E_R2880: step 55 NO_CANDIDATES_GENERATED pairs=38586 evals=232 236s
[559757.7] IDEA_E_R2880: step 56 NO_CANDIDATES_GENERATED pairs=38586 evals=232 237s
[559765.5] IDEA_E_R2880: step 57 ELEVATED pairs=38370 evals=241 245s
[559766.3] IDEA_E_R2880: step 58 NO_CANDIDATES_GENERATED pairs=38370 evals=241 245s
[559767.0] IDEA_E_R2880: step 59 NO_CANDIDATES_GENERATED pairs=38370 evals=241 246s
[559781.6] IDEA_E_R2880: step 60 ELEVATED pairs=38142 evals=257 261s
[559782.1] IDEA_E_R2880: step 61 NO_CANDIDATES_GENERATED pairs=38142 evals=257 261s
[559782.9] IDEA_E_R2880: step 62 NO_CANDIDATES_GENERATED pairs=38142 evals=257 262s
[559786.9] IDEA_E_R2880: step 63 ELEVATED pairs=37928 evals=266 266s
[559787.3] IDEA_E_R2880: step 64 NO_CANDIDATES_GENERATED pairs=37928 evals=266 266s
[559787.6] IDEA_E_R2880: step 65 NO_CANDIDATES_GENERATED pairs=37928 evals=266 267s
[559799.5] IDEA_E_R2880: step 66 ELEVATED pairs=37702 evals=282 279s
[559799.9] IDEA_E_R2880: step 67 NO_CANDIDATES_GENERATED pairs=37702 evals=282 279s
[559800.6] IDEA_E_R2880: step 68 NO_CANDIDATES_GENERATED pairs=37702 evals=282 280s
[559806.0] IDEA_E_R2880: step 69 ELEVATED pairs=37490 evals=291 285s
[559806.8] IDEA_E_R2880: step 70 NO_CANDIDATES_GENERATED pairs=37490 evals=291 286s
[559807.3] IDEA_E_R2880: step 71 NO_CANDIDATES_GENERATED pairs=37490 evals=291 286s
[559821.1] IDEA_E_R2880: step 72 ELEVATED pairs=37265 evals=307 300s
[559821.8] IDEA_E_R2880: step 73 NO_CANDIDATES_GENERATED pairs=37265 evals=307 301s
[559822.6] IDEA_E_R2880: step 74 NO_CANDIDATES_GENERATED pairs=37265 evals=307 302s
[559841.8] IDEA_E_R2880: step 75 ELEVATED pairs=37052 evals=323 321s
[559842.6] IDEA_E_R2880: step 76 NO_CANDIDATES_GENERATED pairs=37052 evals=323 322s
[559843.1] IDEA_E_R2880: step 77 NO_CANDIDATES_GENERATED pairs=37052 evals=323 322s
[559850.0] IDEA_E_R2880: step 78 ELEVATED pairs=36852 evals=332 329s
[559850.7] IDEA_E_R2880: step 79 NO_CANDIDATES_GENERATED pairs=36852 evals=332 330s
[559851.2] IDEA_E_R2880: step 80 NO_CANDIDATES_GENERATED pairs=36852 evals=332 330s
[559851.9] IDEA_E_R2880: step 81 NO_CANDIDATES_GENERATED pairs=36852 evals=332 331s
[559868.0] IDEA_E_R2880: step 82 ELEVATED pairs=36638 evals=348 347s
[559868.7] IDEA_E_R2880: step 83 NO_CANDIDATES_GENERATED pairs=36638 evals=348 348s
[559869.4] IDEA_E_R2880: step 84 NO_CANDIDATES_GENERATED pairs=36638 evals=348 349s
[559870.1] IDEA_E_R2880: step 85 NO_CANDIDATES_GENERATED pairs=36638 evals=348 349s
[559886.6] IDEA_E_R2880: step 86 ELEVATED pairs=36437 evals=364 366s
[559887.3] IDEA_E_R2880: step 87 NO_CANDIDATES_GENERATED pairs=36437 evals=364 366s
[559888.0] IDEA_E_R2880: step 88 NO_CANDIDATES_GENERATED pairs=36437 evals=364 367s
[559888.4] IDEA_E_R2880: step 89 NO_CANDIDATES_GENERATED pairs=36437 evals=364 368s
[559888.8] IDEA_E_R2880: step 90 NO_CANDIDATES_GENERATED pairs=36437 evals=364 368s
[559889.5] IDEA_E_R2880: step 91 NO_CANDIDATES_GENERATED pairs=36437 evals=364 369s
[559904.6] IDEA_E_R2880: step 92 ELEVATED pairs=36235 evals=380 384s
[559904.9] IDEA_E_R2880: step 93 NO_CANDIDATES_GENERATED pairs=36235 evals=380 384s
[559905.4] IDEA_E_R2880: step 94 NO_CANDIDATES_GENERATED pairs=36235 evals=380 385s
[559905.8] IDEA_E_R2880: step 95 NO_CANDIDATES_GENERATED pairs=36235 evals=380 385s
[559906.4] IDEA_E_R2880: step 96 NO_CANDIDATES_GENERATED pairs=36235 evals=380 386s
[559907.2] IDEA_E_R2880: step 97 NO_CANDIDATES_GENERATED pairs=36235 evals=380 386s
[559917.5] IDEA_E_R2880: step 98 ELEVATED pairs=36026 evals=396 397s
[559918.1] IDEA_E_R2880: step 99 NO_CANDIDATES_GENERATED pairs=36026 evals=396 397s
[559918.8] IDEA_E_R2880: step 100 NO_CANDIDATES_GENERATED pairs=36026 evals=396 398s
[559919.5] IDEA_E_R2880: step 101 NO_CANDIDATES_GENERATED pairs=36026 evals=396 399s
[559920.1] IDEA_E_R2880: step 102 NO_CANDIDATES_GENERATED pairs=36026 evals=396 399s
[559920.8] IDEA_E_R2880: step 103 NO_CANDIDATES_GENERATED pairs=36026 evals=396 400s
[559929.9] IDEA_E_R2880: step 104 ELEVATED pairs=35817 evals=412 409s
[559930.6] IDEA_E_R2880: step 105 NO_CANDIDATES_GENERATED pairs=35817 evals=412 410s
[559931.0] IDEA_E_R2880: step 106 NO_CANDIDATES_GENERATED pairs=35817 evals=412 410s
[559931.7] IDEA_E_R2880: step 107 NO_CANDIDATES_GENERATED pairs=35817 evals=412 411s
[559932.2] IDEA_E_R2880: step 108 NO_CANDIDATES_GENERATED pairs=35817 evals=412 411s
[559932.7] IDEA_E_R2880: step 109 NO_CANDIDATES_GENERATED pairs=35817 evals=412 412s
[559948.0] IDEA_E_R2880: step 110 ELEVATED pairs=35591 evals=428 427s
[559948.7] IDEA_E_R2880: step 111 NO_CANDIDATES_GENERATED pairs=35591 evals=428 428s
[559949.4] IDEA_E_R2880: step 112 NO_CANDIDATES_GENERATED pairs=35591 evals=428 429s
[559949.9] IDEA_E_R2880: step 113 NO_CANDIDATES_GENERATED pairs=35591 evals=428 429s
[559950.6] IDEA_E_R2880: step 114 NO_CANDIDATES_GENERATED pairs=35591 evals=428 430s
[559951.2] IDEA_E_R2880: step 115 NO_CANDIDATES_GENERATED pairs=35591 evals=428 430s
[559969.4] IDEA_E_R2880: step 116 ELEVATED pairs=35382 evals=444 449s
[559970.1] IDEA_E_R2880: step 117 NO_CANDIDATES_GENERATED pairs=35382 evals=444 449s
[559970.4] IDEA_E_R2880: step 118 NO_CANDIDATES_GENERATED pairs=35382 evals=444 450s
[559971.1] IDEA_E_R2880: step 119 NO_CANDIDATES_GENERATED pairs=35382 evals=444 450s
[559971.8] IDEA_E_R2880: step 120 NO_CANDIDATES_GENERATED pairs=35382 evals=444 451s
[559972.5] IDEA_E_R2880: step 121 NO_CANDIDATES_GENERATED pairs=35382 evals=444 452s
[559985.9] IDEA_E_R2880: step 122 ELEVATED pairs=35180 evals=460 465s
[559986.5] IDEA_E_R2880: step 123 NO_CANDIDATES_GENERATED pairs=35180 evals=460 466s
[559987.0] IDEA_E_R2880: step 124 NO_CANDIDATES_GENERATED pairs=35180 evals=460 466s
[559987.6] IDEA_E_R2880: step 125 NO_CANDIDATES_GENERATED pairs=35180 evals=460 467s
[559988.3] IDEA_E_R2880: step 126 NO_CANDIDATES_GENERATED pairs=35180 evals=460 467s
[559988.7] IDEA_E_R2880: step 127 NO_CANDIDATES_GENERATED pairs=35180 evals=460 468s
[560006.0] IDEA_E_R2880: step 128 ELEVATED pairs=34973 evals=476 485s
[560006.7] IDEA_E_R2880: step 129 NO_CANDIDATES_GENERATED pairs=34973 evals=476 486s
[560007.5] IDEA_E_R2880: step 130 NO_CANDIDATES_GENERATED pairs=34973 evals=476 487s
[560007.8] IDEA_E_R2880: step 131 NO_CANDIDATES_GENERATED pairs=34973 evals=476 487s
[560008.2] IDEA_E_R2880: step 132 NO_CANDIDATES_GENERATED pairs=34973 evals=476 487s
[560008.8] IDEA_E_R2880: step 133 NO_CANDIDATES_GENERATED pairs=34973 evals=476 488s
[560021.7] IDEA_E_R2880: step 134 ELEVATED pairs=34773 evals=492 501s
[560022.4] IDEA_E_R2880: step 135 NO_CANDIDATES_GENERATED pairs=34773 evals=492 502s
[560023.1] IDEA_E_R2880: step 136 NO_CANDIDATES_GENERATED pairs=34773 evals=492 502s
[560023.8] IDEA_E_R2880: step 137 NO_CANDIDATES_GENERATED pairs=34773 evals=492 503s
[560024.2] IDEA_E_R2880: step 138 NO_CANDIDATES_GENERATED pairs=34773 evals=492 503s
[560024.9] IDEA_E_R2880: step 139 NO_CANDIDATES_GENERATED pairs=34773 evals=492 504s
[560041.1] IDEA_E_R2880: step 140 ELEVATED pairs=34567 evals=508 520s
[560041.8] IDEA_E_R2880: step 141 NO_CANDIDATES_GENERATED pairs=34567 evals=508 521s
[560042.5] IDEA_E_R2880: step 142 NO_CANDIDATES_GENERATED pairs=34567 evals=508 522s
[560043.2] IDEA_E_R2880: step 143 NO_CANDIDATES_GENERATED pairs=34567 evals=508 522s
[560043.7] IDEA_E_R2880: step 144 NO_CANDIDATES_GENERATED pairs=34567 evals=508 523s
[560044.5] IDEA_E_R2880: step 145 NO_CANDIDATES_GENERATED pairs=34567 evals=508 524s
[560066.0] IDEA_E_R2880: step 146 ELEVATED pairs=34368 evals=524 545s
[560066.7] IDEA_E_R2880: step 147 NO_CANDIDATES_GENERATED pairs=34368 evals=524 546s
[560067.2] IDEA_E_R2880: step 148 NO_CANDIDATES_GENERATED pairs=34368 evals=524 546s
[560068.0] IDEA_E_R2880: step 149 NO_CANDIDATES_GENERATED pairs=34368 evals=524 547s
[560068.3] IDEA_E_R2880: step 150 NO_CANDIDATES_GENERATED pairs=34368 evals=524 547s
[560069.1] IDEA_E_R2880: step 151 NO_CANDIDATES_GENERATED pairs=34368 evals=524 548s
[560088.8] IDEA_E_R2880: step 152 ELEVATED pairs=34164 evals=540 568s
[560089.4] IDEA_E_R2880: step 153 NO_CANDIDATES_GENERATED pairs=34164 evals=540 569s
[560090.1] IDEA_E_R2880: step 154 NO_CANDIDATES_GENERATED pairs=34164 evals=540 569s
[560090.4] IDEA_E_R2880: step 155 NO_CANDIDATES_GENERATED pairs=34164 evals=540 570s
[560091.0] IDEA_E_R2880: step 156 NO_CANDIDATES_GENERATED pairs=34164 evals=540 570s
[560091.6] IDEA_E_R2880: step 157 NO_CANDIDATES_GENERATED pairs=34164 evals=540 571s
[560108.0] IDEA_E_R2880: step 158 ELEVATED pairs=33967 evals=556 587s
[560108.5] IDEA_E_R2880: step 159 NO_CANDIDATES_GENERATED pairs=33967 evals=556 588s
[560108.8] IDEA_E_R2880: step 160 NO_CANDIDATES_GENERATED pairs=33967 evals=556 588s
[560109.3] IDEA_E_R2880: step 161 NO_CANDIDATES_GENERATED pairs=33967 evals=556 588s
[560109.9] IDEA_E_R2880: step 162 NO_CANDIDATES_GENERATED pairs=33967 evals=556 589s
[560110.4] IDEA_E_R2880: step 163 NO_CANDIDATES_GENERATED pairs=33967 evals=556 590s
[560129.4] IDEA_E_R2880: step 164 ELEVATED pairs=33764 evals=572 609s
[560129.7] IDEA_E_R2880: step 165 NO_CANDIDATES_GENERATED pairs=33764 evals=572 609s
[560130.1] IDEA_E_R2880: step 166 NO_CANDIDATES_GENERATED pairs=33764 evals=572 609s
[560130.5] IDEA_E_R2880: step 167 NO_CANDIDATES_GENERATED pairs=33764 evals=572 610s
[560130.9] IDEA_E_R2880: step 168 NO_CANDIDATES_GENERATED pairs=33764 evals=572 610s
[560131.2] IDEA_E_R2880: step 169 NO_CANDIDATES_GENERATED pairs=33764 evals=572 610s
[560143.4] IDEA_E_R2880: step 170 ELEVATED pairs=33568 evals=588 623s
[560143.9] IDEA_E_R2880: step 171 NO_CANDIDATES_GENERATED pairs=33568 evals=588 623s
[560144.2] IDEA_E_R2880: step 172 NO_CANDIDATES_GENERATED pairs=33568 evals=588 623s
[560144.6] IDEA_E_R2880: step 173 NO_CANDIDATES_GENERATED pairs=33568 evals=588 624s
[560145.1] IDEA_E_R2880: step 174 NO_CANDIDATES_GENERATED pairs=33568 evals=588 624s
[560145.5] IDEA_E_R2880: step 175 NO_CANDIDATES_GENERATED pairs=33568 evals=588 625s
[560162.6] IDEA_E_R2880: step 176 ELEVATED pairs=33367 evals=604 642s
[560163.0] IDEA_E_R2880: step 177 NO_CANDIDATES_GENERATED pairs=33367 evals=604 642s
[560163.3] IDEA_E_R2880: step 178 NO_CANDIDATES_GENERATED pairs=33367 evals=604 642s
[560163.7] IDEA_E_R2880: step 179 NO_CANDIDATES_GENERATED pairs=33367 evals=604 643s
[560164.2] IDEA_E_R2880: step 180 NO_CANDIDATES_GENERATED pairs=33367 evals=604 643s
[560164.6] IDEA_E_R2880: step 181 NO_CANDIDATES_GENERATED pairs=33367 evals=604 644s
[560181.2] IDEA_E_R2880: step 182 ELEVATED pairs=33167 evals=620 660s
[560181.6] IDEA_E_R2880: step 183 NO_CANDIDATES_GENERATED pairs=33167 evals=620 661s
[560182.0] IDEA_E_R2880: step 184 NO_CANDIDATES_GENERATED pairs=33167 evals=620 661s
[560182.3] IDEA_E_R2880: step 185 NO_CANDIDATES_GENERATED pairs=33167 evals=620 661s
[560182.6] IDEA_E_R2880: step 186 NO_CANDIDATES_GENERATED pairs=33167 evals=620 662s
[560183.0] IDEA_E_R2880: step 187 NO_CANDIDATES_GENERATED pairs=33167 evals=620 662s
[560194.3] IDEA_E_R2880: step 188 ELEVATED pairs=32960 evals=636 673s
[560194.7] IDEA_E_R2880: step 189 NO_CANDIDATES_GENERATED pairs=32960 evals=636 674s
[560195.0] IDEA_E_R2880: step 190 NO_CANDIDATES_GENERATED pairs=32960 evals=636 674s
[560195.4] IDEA_E_R2880: step 191 NO_CANDIDATES_GENERATED pairs=32960 evals=636 675s
[560195.7] IDEA_E_R2880: step 192 NO_CANDIDATES_GENERATED pairs=32960 evals=636 675s
[560196.2] IDEA_E_R2880: step 193 NO_CANDIDATES_GENERATED pairs=32960 evals=636 675s
[560212.3] IDEA_E_R2880: step 194 ELEVATED pairs=32762 evals=652 691s
[560212.7] IDEA_E_R2880: step 195 NO_CANDIDATES_GENERATED pairs=32762 evals=652 692s
[560213.0] IDEA_E_R2880: step 196 NO_CANDIDATES_GENERATED pairs=32762 evals=652 692s
[560213.4] IDEA_E_R2880: step 197 NO_CANDIDATES_GENERATED pairs=32762 evals=652 693s
[560213.7] IDEA_E_R2880: step 198 NO_CANDIDATES_GENERATED pairs=32762 evals=652 693s
[560214.0] IDEA_E_R2880: step 199 NO_CANDIDATES_GENERATED pairs=32762 evals=652 693s
[560230.5] IDEA_E_R2880: step 200 ELEVATED pairs=32565 evals=668 710s
[560231.2] IDEA_E_R2880: done final=32565 moves=47 first=47 reloc=0 ret=0 evals=668 stop=TARGET_LIMIT
[560311.1] IDEA_E_R2880: recheck PASS checks=130816
