[554387.4] V6_E1_RC2880: start mode=R budget=2880 spec={"name": "V6_E1", "target_policy": "STRATIFIED", "evaluation_policy": "E1_ORDERED_EXHAUSTIVE", "traversal_policy": "BASE", "max_targets": 200, "k_per_target": 16, "family_round_robin": false, "relocation_side_reserve": 0, "waiting_age": false, "route_coverage": false, "multi_anchor": false, "exact_dedup": false, "decision_cache": false, "return_action": false, "cache_structural_skips": false, "window_slack_mm": 1e-05, "notes": ""}
[554387.4] V6_E1_RC2880: start state=challenge C:\Users\lihao\Desktop\Graduation Project\OpticalWaveguideRouter3D\outputs\3d_strategy_v4\512_full_layout\N2880 pairs=30999
[554395.3] V6_E1_RC2880: INITIAL_DONE pairs=30999
[554395.8] V6_E1_RC2880: step 1 NO_CANDIDATES_GENERATED pairs=30999 evals=0 1s
[554396.7] V6_E1_RC2880: step 2 NO_CANDIDATES_GENERATED pairs=30999 evals=0 2s
[554396.9] V6_E1_RC2880: step 3 NO_CANDIDATES_GENERATED pairs=30999 evals=0 2s
[554397.4] V6_E1_RC2880: step 4 NO_CANDIDATES_GENERATED pairs=30999 evals=0 2s
[554469.4] V6_E1_RC2880: step 5 RELOCATED pairs=30987 evals=72 74s
[554469.7] V6_E1_RC2880: step 6 NO_CANDIDATES_GENERATED pairs=30987 evals=72 75s
[554470.2] V6_E1_RC2880: step 7 NO_CANDIDATES_GENERATED pairs=30987 evals=72 75s
[554471.0] V6_E1_RC2880: step 8 NO_CANDIDATES_GENERATED pairs=30987 evals=72 76s
[554471.3] V6_E1_RC2880: step 9 NO_CANDIDATES_GENERATED pairs=30987 evals=72 76s
[554471.9] V6_E1_RC2880: step 10 NO_CANDIDATES_GENERATED pairs=30987 evals=72 77s
[554552.2] V6_E1_RC2880: step 11 RELOCATED pairs=30980 evals=144 157s
[554552.7] V6_E1_RC2880: step 12 NO_CANDIDATES_GENERATED pairs=30980 evals=144 158s
[554553.2] V6_E1_RC2880: step 13 NO_CANDIDATES_GENERATED pairs=30980 evals=144 158s
[554630.0] V6_E1_RC2880: step 14 ALL_CANDIDATES_REJECTED pairs=30980 evals=216 235s
[554630.5] V6_E1_RC2880: step 15 NO_CANDIDATES_GENERATED pairs=30980 evals=216 236s
[554631.0] V6_E1_RC2880: step 16 NO_CANDIDATES_GENERATED pairs=30980 evals=216 236s
[554707.2] V6_E1_RC2880: step 17 ALL_CANDIDATES_REJECTED pairs=30980 evals=288 312s
[554707.7] V6_E1_RC2880: step 18 NO_CANDIDATES_GENERATED pairs=30980 evals=288 313s
[554708.3] V6_E1_RC2880: step 19 NO_CANDIDATES_GENERATED pairs=30980 evals=288 313s
[554796.9] V6_E1_RC2880: step 20 ALL_CANDIDATES_REJECTED pairs=30980 evals=360 402s
[554842.3] V6_E1_RC2880: step 21 ELEVATED pairs=30785 evals=414 447s
[554843.0] V6_E1_RC2880: step 22 NO_CANDIDATES_GENERATED pairs=30785 evals=414 448s
[554917.9] V6_E1_RC2880: step 23 ALL_CANDIDATES_REJECTED pairs=30785 evals=486 523s
[554965.1] V6_E1_RC2880: step 24 ELEVATED pairs=30591 evals=540 570s
[554965.8] V6_E1_RC2880: step 25 NO_CANDIDATES_GENERATED pairs=30591 evals=540 571s
[555041.9] V6_E1_RC2880: step 26 ALL_CANDIDATES_REJECTED pairs=30591 evals=612 647s
[555109.0] V6_E1_RC2880: step 27 ELEVATED pairs=30395 evals=684 714s
[555109.8] V6_E1_RC2880: step 28 NO_CANDIDATES_GENERATED pairs=30395 evals=684 715s
[555183.3] V6_E1_RC2880: step 29 ALL_CANDIDATES_REJECTED pairs=30395 evals=756 788s
[555250.7] V6_E1_RC2880: step 30 ELEVATED pairs=30201 evals=828 856s
[555251.3] V6_E1_RC2880: step 31 NO_CANDIDATES_GENERATED pairs=30201 evals=828 856s
[555321.8] V6_E1_RC2880: step 32 ALL_CANDIDATES_REJECTED pairs=30201 evals=900 927s
[555322.4] V6_E1_RC2880: step 33 NO_CANDIDATES_GENERATED pairs=30201 evals=900 928s
[555322.9] V6_E1_RC2880: step 34 NO_CANDIDATES_GENERATED pairs=30201 evals=900 928s
[555392.8] V6_E1_RC2880: step 35 ALL_CANDIDATES_REJECTED pairs=30201 evals=972 998s
[555411.6] V6_E1_RC2880: step 36 ELEVATED pairs=30010 evals=990 1017s
[555412.3] V6_E1_RC2880: step 37 NO_CANDIDATES_GENERATED pairs=30010 evals=990 1017s
[555479.6] V6_E1_RC2880: step 38 ALL_CANDIDATES_REJECTED pairs=30010 evals=1062 1085s
[555500.5] V6_E1_RC2880: step 39 ELEVATED pairs=29821 evals=1080 1106s
[555501.2] V6_E1_RC2880: step 40 NO_CANDIDATES_GENERATED pairs=29821 evals=1080 1106s
[555569.7] V6_E1_RC2880: step 41 ALL_CANDIDATES_REJECTED pairs=29821 evals=1152 1175s
[555592.8] V6_E1_RC2880: step 42 ELEVATED pairs=29634 evals=1170 1198s
[555593.5] V6_E1_RC2880: step 43 NO_CANDIDATES_GENERATED pairs=29634 evals=1170 1199s
[555655.8] V6_E1_RC2880: step 44 ALL_CANDIDATES_REJECTED pairs=29634 evals=1242 1261s
[555711.4] V6_E1_RC2880: step 45 ELEVATED pairs=29437 evals=1296 1316s
[555712.1] V6_E1_RC2880: step 46 NO_CANDIDATES_GENERATED pairs=29437 evals=1296 1317s
[555774.2] V6_E1_RC2880: step 47 ALL_CANDIDATES_REJECTED pairs=29437 evals=1368 1379s
