[555884.2] V6_E2_RC2880: start mode=R budget=2880 spec={"name": "V6_E2", "target_policy": "LEGACY", "evaluation_policy": "E2_ORDERED_K16", "traversal_policy": "BASE", "max_targets": 200, "k_per_target": 16, "family_round_robin": false, "relocation_side_reserve": 0, "waiting_age": false, "route_coverage": false, "multi_anchor": false, "exact_dedup": false, "decision_cache": false, "return_action": false, "cache_structural_skips": false, "window_slack_mm": 1e-05, "notes": ""}
[555884.2] V6_E2_RC2880: start state=challenge C:\Users\lihao\Desktop\Graduation Project\OpticalWaveguideRouter3D\outputs\3d_strategy_v4\512_full_layout\N2880 pairs=30999
[555892.2] V6_E2_RC2880: INITIAL_DONE pairs=30999
[555892.4] V6_E2_RC2880: step 1 NO_CANDIDATES_GENERATED pairs=30999 evals=0 1s
[555892.6] V6_E2_RC2880: step 2 NO_CANDIDATES_GENERATED pairs=30999 evals=0 1s
[555892.7] V6_E2_RC2880: step 3 NO_CANDIDATES_GENERATED pairs=30999 evals=0 1s
[555892.9] V6_E2_RC2880: step 4 NO_CANDIDATES_GENERATED pairs=30999 evals=0 1s
[555893.1] V6_E2_RC2880: step 5 NO_CANDIDATES_GENERATED pairs=30999 evals=0 1s
[555893.3] V6_E2_RC2880: step 6 NO_CANDIDATES_GENERATED pairs=30999 evals=0 1s
[555903.6] V6_E2_RC2880: step 7 ELEVATED pairs=30804 evals=16 12s
[555914.7] V6_E2_RC2880: step 8 ELEVATED pairs=30611 evals=32 23s
[555927.5] V6_E2_RC2880: step 9 ELEVATED pairs=30460 evals=48 36s
[555939.8] V6_E2_RC2880: step 10 ELEVATED pairs=30309 evals=64 48s
[555940.2] V6_E2_RC2880: step 11 NO_CANDIDATES_GENERATED pairs=30309 evals=64 48s
[555958.5] V6_E2_RC2880: step 12 ELEVATED pairs=30119 evals=80 67s
[555978.3] V6_E2_RC2880: step 13 ELEVATED pairs=29931 evals=96 86s
[556001.7] V6_E2_RC2880: step 14 ELEVATED pairs=29745 evals=112 110s
[556018.5] V6_E2_RC2880: step 15 ELEVATED pairs=29554 evals=128 127s
[556042.8] V6_E2_RC2880: step 16 ELEVATED pairs=29370 evals=144 151s
[556059.6] V6_E2_RC2880: step 17 ELEVATED pairs=29181 evals=160 168s
[556070.4] V6_E2_RC2880: step 18 ELEVATED pairs=29006 evals=176 179s
[556083.7] V6_E2_RC2880: step 19 ELEVATED pairs=28833 evals=192 192s
[556100.9] V6_E2_RC2880: step 20 ELEVATED pairs=28662 evals=208 209s
[556111.9] V6_E2_RC2880: step 21 ELEVATED pairs=28479 evals=224 220s
[556124.1] V6_E2_RC2880: step 22 ELEVATED pairs=28374 evals=240 232s
[556136.3] V6_E2_RC2880: step 23 ELEVATED pairs=28193 evals=256 244s
[556160.7] V6_E2_RC2880: step 24 ELEVATED pairs=28033 evals=272 269s
[556174.4] V6_E2_RC2880: step 25 ELEVATED pairs=27854 evals=288 283s
[556189.0] V6_E2_RC2880: step 26 ELEVATED pairs=27677 evals=304 297s
[556203.7] V6_E2_RC2880: step 27 ELEVATED pairs=27511 evals=320 312s
[556213.4] V6_E2_RC2880: step 28 ELEVATED pairs=27345 evals=329 322s
[556227.9] V6_E2_RC2880: step 29 ELEVATED pairs=27181 evals=345 336s
[556237.5] V6_E2_RC2880: step 30 ELEVATED pairs=27017 evals=354 346s
[556251.9] V6_E2_RC2880: step 31 ELEVATED pairs=26856 evals=370 360s
[556261.4] V6_E2_RC2880: step 32 ELEVATED pairs=26694 evals=379 370s
[556276.4] V6_E2_RC2880: step 33 ELEVATED pairs=26535 evals=395 385s
[556276.8] V6_E2_RC2880: step 34 NO_CANDIDATES_GENERATED pairs=26535 evals=395 385s
[556285.8] V6_E2_RC2880: step 35 ELEVATED pairs=26375 evals=404 394s
[556301.2] V6_E2_RC2880: step 36 ELEVATED pairs=26218 evals=420 409s
[556317.8] V6_E2_RC2880: step 37 ELEVATED pairs=26063 evals=436 426s
[556334.7] V6_E2_RC2880: step 38 ELEVATED pairs=25909 evals=452 443s
[556351.5] V6_E2_RC2880: step 39 ELEVATED pairs=25757 evals=468 460s
[556362.4] V6_E2_RC2880: step 40 ELEVATED pairs=25607 evals=484 471s
[556383.9] V6_E2_RC2880: step 41 ELEVATED pairs=25457 evals=500 492s
[556399.4] V6_E2_RC2880: step 42 ELEVATED pairs=25321 evals=516 508s
[556420.6] V6_E2_RC2880: step 43 ELEVATED pairs=25173 evals=532 529s
[556434.7] V6_E2_RC2880: step 44 ELEVATED pairs=25039 evals=548 543s
[556447.4] V6_E2_RC2880: step 45 ELEVATED pairs=24954 evals=564 556s
[556468.5] V6_E2_RC2880: step 46 ELEVATED pairs=24804 evals=580 577s
[556477.8] V6_E2_RC2880: step 47 ELEVATED pairs=24685 evals=596 586s
[556502.7] V6_E2_RC2880: step 48 ELEVATED pairs=24537 evals=612 611s
[556516.6] V6_E2_RC2880: step 49 ELEVATED pairs=24398 evals=628 625s
[556542.0] V6_E2_RC2880: step 50 ELEVATED pairs=24252 evals=644 650s
[556565.1] V6_E2_RC2880: step 51 ELEVATED pairs=24108 evals=660 673s
[556582.0] V6_E2_RC2880: step 52 ELEVATED pairs=23963 evals=676 690s
[556595.6] V6_E2_RC2880: step 53 ELEVATED pairs=23864 evals=692 704s
[556607.8] V6_E2_RC2880: step 54 ELEVATED pairs=23767 evals=708 716s
[556623.8] V6_E2_RC2880: step 55 ELEVATED pairs=23624 evals=724 732s
[556635.5] V6_E2_RC2880: step 56 ELEVATED pairs=23541 evals=740 744s
[556652.3] V6_E2_RC2880: step 57 ELEVATED pairs=23400 evals=756 761s
[556663.8] V6_E2_RC2880: step 58 ELEVATED pairs=23296 evals=772 772s
[556676.1] V6_E2_RC2880: step 59 ELEVATED pairs=23194 evals=788 784s
[556687.9] V6_E2_RC2880: step 60 ELEVATED pairs=23094 evals=804 796s
[556701.3] V6_E2_RC2880: step 61 ELEVATED pairs=23009 evals=820 809s
[556714.0] V6_E2_RC2880: step 62 ELEVATED pairs=22892 evals=836 822s
[556728.4] V6_E2_RC2880: step 63 ELEVATED pairs=22779 evals=852 837s
[556740.3] V6_E2_RC2880: step 64 ELEVATED pairs=22649 evals=868 848s
[556754.9] V6_E2_RC2880: step 65 ELEVATED pairs=22529 evals=884 863s
[556765.7] V6_E2_RC2880: step 66 ELEVATED pairs=22412 evals=900 874s
[556778.4] V6_E2_RC2880: step 67 ELEVATED pairs=22298 evals=916 887s
[556793.3] V6_E2_RC2880: step 68 ELEVATED pairs=22168 evals=932 902s
[556805.1] V6_E2_RC2880: step 69 ELEVATED pairs=22044 evals=948 913s
[556819.8] V6_E2_RC2880: step 70 ELEVATED pairs=21928 evals=964 928s
[556831.9] V6_E2_RC2880: step 71 ELEVATED pairs=21809 evals=980 940s
[556842.9] V6_E2_RC2880: step 72 ELEVATED pairs=21678 evals=996 951s
[556854.4] V6_E2_RC2880: step 73 ELEVATED pairs=21556 evals=1012 963s
[556863.8] V6_E2_RC2880: step 74 ELEVATED pairs=21461 evals=1028 972s
[556881.2] V6_E2_RC2880: step 75 ELEVATED pairs=21381 evals=1037 989s
[556894.0] V6_E2_RC2880: step 76 ELEVATED pairs=21330 evals=1053 1002s
[556909.1] V6_E2_RC2880: step 77 ELEVATED pairs=21212 evals=1069 1017s
[556924.6] V6_E2_RC2880: step 78 ELEVATED pairs=21096 evals=1085 1033s
[556962.7] V6_E2_RC2880: step 79 ELEVATED pairs=20988 evals=1101 1071s
[556978.7] V6_E2_RC2880: step 80 ELEVATED pairs=20874 evals=1117 1087s
[556992.8] V6_E2_RC2880: step 81 ELEVATED pairs=20765 evals=1133 1101s
[557030.0] V6_E2_RC2880: step 82 ELEVATED pairs=20657 evals=1149 1138s
[557064.8] V6_E2_RC2880: step 83 ELEVATED pairs=20550 evals=1165 1173s
[557077.1] V6_E2_RC2880: step 84 ELEVATED pairs=20466 evals=1181 1185s
[557112.2] V6_E2_RC2880: step 85 ELEVATED pairs=20360 evals=1197 1220s
[557141.5] V6_E2_RC2880: step 86 ELEVATED pairs=20240 evals=1213 1250s
[557155.3] V6_E2_RC2880: step 87 ELEVATED pairs=20154 evals=1229 1264s
[557166.1] V6_E2_RC2880: step 88 ELEVATED pairs=20099 evals=1245 1274s
[557183.2] V6_E2_RC2880: step 89 ELEVATED pairs=19950 evals=1261 1291s
[557193.6] V6_E2_RC2880: step 90 ELEVATED pairs=19898 evals=1277 1302s
[557209.3] V6_E2_RC2880: step 91 ELEVATED pairs=19751 evals=1293 1317s
[557222.8] V6_E2_RC2880: step 92 ELEVATED pairs=19666 evals=1309 1331s
[557237.8] V6_E2_RC2880: step 93 ELEVATED pairs=19521 evals=1325 1346s
[557250.9] V6_E2_RC2880: step 94 ELEVATED pairs=19437 evals=1341 1359s
[557266.1] V6_E2_RC2880: step 95 ELEVATED pairs=19294 evals=1357 1374s
[557277.5] V6_E2_RC2880: step 96 ELEVATED pairs=19217 evals=1373 1386s
[557289.0] V6_E2_RC2880: step 97 ELEVATED pairs=19140 evals=1389 1397s
[557300.4] V6_E2_RC2880: step 98 ELEVATED pairs=19063 evals=1405 1409s
[557300.6] V6_E2_RC2880: step 99 NO_CANDIDATES_GENERATED pairs=19063 evals=1405 1409s
[557306.6] V6_E2_RC2880: step 100 ELEVATED pairs=18958 evals=1414 1415s
[557317.2] V6_E2_RC2880: step 101 ELEVATED pairs=18893 evals=1430 1425s
[557327.6] V6_E2_RC2880: step 102 ELEVATED pairs=18828 evals=1446 1436s
[557341.5] V6_E2_RC2880: step 103 ELEVATED pairs=18739 evals=1462 1450s
[557351.6] V6_E2_RC2880: step 104 ELEVATED pairs=18674 evals=1478 1460s
[557361.6] V6_E2_RC2880: step 105 ELEVATED pairs=18609 evals=1494 1470s
[557370.4] V6_E2_RC2880: step 106 ELEVATED pairs=18572 evals=1510 1479s
[557377.1] V6_E2_RC2880: step 107 ELEVATED pairs=18480 evals=1519 1485s
[557388.5] V6_E2_RC2880: step 108 ELEVATED pairs=18409 evals=1535 1497s
[557397.5] V6_E2_RC2880: step 109 ELEVATED pairs=18374 evals=1551 1506s
[557407.4] V6_E2_RC2880: step 110 ELEVATED pairs=18309 evals=1567 1516s
[557415.8] V6_E2_RC2880: step 111 ELEVATED pairs=18265 evals=1583 1524s
[557424.3] V6_E2_RC2880: step 112 ELEVATED pairs=18175 evals=1592 1533s
[557432.7] V6_E2_RC2880: step 113 ELEVATED pairs=18131 evals=1608 1541s
[557441.6] V6_E2_RC2880: step 114 ELEVATED pairs=18097 evals=1624 1550s
[557452.2] V6_E2_RC2880: step 115 ELEVATED pairs=18029 evals=1640 1560s
[557467.4] V6_E2_RC2880: step 116 ELEVATED pairs=17977 evals=1649 1576s
[557467.6] V6_E2_RC2880: step 117 NO_CANDIDATES_GENERATED pairs=17977 evals=1649 1576s
[557467.9] V6_E2_RC2880: step 118 NO_CANDIDATES_GENERATED pairs=17977 evals=1649 1576s
[557468.2] V6_E2_RC2880: step 119 NO_CANDIDATES_GENERATED pairs=17977 evals=1649 1576s
[557468.4] V6_E2_RC2880: step 120 NO_CANDIDATES_GENERATED pairs=17977 evals=1649 1577s
[557468.6] V6_E2_RC2880: step 121 NO_CANDIDATES_GENERATED pairs=17977 evals=1649 1577s
[557468.8] V6_E2_RC2880: step 122 NO_CANDIDATES_GENERATED pairs=17977 evals=1649 1577s
[557469.1] V6_E2_RC2880: step 123 NO_CANDIDATES_GENERATED pairs=17977 evals=1649 1577s
[557469.3] V6_E2_RC2880: step 124 NO_CANDIDATES_GENERATED pairs=17977 evals=1649 1577s
[557469.5] V6_E2_RC2880: step 125 NO_CANDIDATES_GENERATED pairs=17977 evals=1649 1578s
[557469.8] V6_E2_RC2880: step 126 NO_CANDIDATES_GENERATED pairs=17977 evals=1649 1578s
[557470.1] V6_E2_RC2880: step 127 NO_CANDIDATES_GENERATED pairs=17977 evals=1649 1578s
[557470.3] V6_E2_RC2880: step 128 NO_CANDIDATES_GENERATED pairs=17977 evals=1649 1579s
[557470.6] V6_E2_RC2880: step 129 NO_CANDIDATES_GENERATED pairs=17977 evals=1649 1579s
[557470.8] V6_E2_RC2880: step 130 NO_CANDIDATES_GENERATED pairs=17977 evals=1649 1579s
[557471.0] V6_E2_RC2880: step 131 NO_CANDIDATES_GENERATED pairs=17977 evals=1649 1579s
[557471.3] V6_E2_RC2880: step 132 NO_CANDIDATES_GENERATED pairs=17977 evals=1649 1579s
[557481.6] V6_E2_RC2880: step 133 ELEVATED pairs=17916 evals=1665 1590s
[557500.5] V6_E2_RC2880: step 134 ELEVATED pairs=17831 evals=1681 1609s
[557510.7] V6_E2_RC2880: step 135 ELEVATED pairs=17765 evals=1697 1619s
[557530.4] V6_E2_RC2880: step 136 ELEVATED pairs=17681 evals=1713 1639s
[557539.9] V6_E2_RC2880: step 137 ELEVATED pairs=17615 evals=1729 1648s
[557549.5] V6_E2_RC2880: step 138 ELEVATED pairs=17549 evals=1745 1658s
[557562.5] V6_E2_RC2880: step 139 ELEVATED pairs=17483 evals=1761 1671s
[557579.3] V6_E2_RC2880: step 140 RELOCATED pairs=17469 evals=1777 1687s
[557590.4] V6_E2_RC2880: step 141 ELEVATED pairs=17430 evals=1793 1699s
[557590.9] V6_E2_RC2880: step 142 NO_CANDIDATES_GENERATED pairs=17430 evals=1793 1699s
[557591.5] V6_E2_RC2880: step 143 NO_CANDIDATES_GENERATED pairs=17430 evals=1793 1700s
[557592.0] V6_E2_RC2880: step 144 NO_CANDIDATES_GENERATED pairs=17430 evals=1793 1700s
[557592.6] V6_E2_RC2880: step 145 NO_CANDIDATES_GENERATED pairs=17430 evals=1793 1701s
[557593.1] V6_E2_RC2880: step 146 NO_CANDIDATES_GENERATED pairs=17430 evals=1793 1701s
[557593.6] V6_E2_RC2880: step 147 NO_CANDIDATES_GENERATED pairs=17430 evals=1793 1702s
[557594.2] V6_E2_RC2880: step 148 NO_CANDIDATES_GENERATED pairs=17430 evals=1793 1702s
[557594.7] V6_E2_RC2880: step 149 NO_CANDIDATES_GENERATED pairs=17430 evals=1793 1703s
[557595.3] V6_E2_RC2880: step 150 NO_CANDIDATES_GENERATED pairs=17430 evals=1793 1703s
[557595.8] V6_E2_RC2880: step 151 NO_CANDIDATES_GENERATED pairs=17430 evals=1793 1704s
[557596.4] V6_E2_RC2880: step 152 NO_CANDIDATES_GENERATED pairs=17430 evals=1793 1705s
[557597.0] V6_E2_RC2880: step 153 NO_CANDIDATES_GENERATED pairs=17430 evals=1793 1705s
[557608.3] V6_E2_RC2880: step 154 ELEVATED pairs=17391 evals=1809 1717s
[557609.1] V6_E2_RC2880: step 155 NO_CANDIDATES_GENERATED pairs=17391 evals=1809 1717s
[557609.9] V6_E2_RC2880: step 156 NO_CANDIDATES_GENERATED pairs=17391 evals=1809 1718s
[557610.7] V6_E2_RC2880: step 157 NO_CANDIDATES_GENERATED pairs=17391 evals=1809 1719s
[557611.5] V6_E2_RC2880: step 158 NO_CANDIDATES_GENERATED pairs=17391 evals=1809 1720s
[557624.8] V6_E2_RC2880: step 159 ELEVATED pairs=17275 evals=1825 1733s
[557642.5] V6_E2_RC2880: step 160 RELOCATED pairs=17261 evals=1841 1751s
[557655.1] V6_E2_RC2880: step 161 ELEVATED pairs=17146 evals=1857 1763s
[557666.8] V6_E2_RC2880: step 162 ELEVATED pairs=17033 evals=1873 1775s
[557677.3] V6_E2_RC2880: step 163 ELEVATED pairs=16970 evals=1889 1786s
[557688.8] V6_E2_RC2880: step 164 ELEVATED pairs=16902 evals=1905 1797s
[557698.3] V6_E2_RC2880: step 165 ELEVATED pairs=16796 evals=1921 1806s
[557710.5] V6_E2_RC2880: step 166 ELEVATED pairs=16748 evals=1937 1819s
[557720.5] V6_E2_RC2880: step 167 ELEVATED pairs=16700 evals=1953 1829s
[557730.5] V6_E2_RC2880: step 168 ELEVATED pairs=16652 evals=1969 1839s
[557738.9] V6_E2_RC2880: step 169 PREFIX_EVALUATED_NO_WINNER_DEFERRED pairs=16652 evals=1985 1847s
[557747.0] V6_E2_RC2880: step 170 PREFIX_EVALUATED_NO_WINNER_DEFERRED pairs=16652 evals=2001 1855s
[557756.1] V6_E2_RC2880: step 171 PREFIX_EVALUATED_NO_WINNER_DEFERRED pairs=16652 evals=2017 1864s
[557764.4] V6_E2_RC2880: step 172 PREFIX_EVALUATED_NO_WINNER_DEFERRED pairs=16652 evals=2033 1873s
[557772.6] V6_E2_RC2880: step 173 PREFIX_EVALUATED_NO_WINNER_DEFERRED pairs=16652 evals=2049 1881s
[557781.7] V6_E2_RC2880: step 174 ELEVATED pairs=16614 evals=2065 1890s
[557790.0] V6_E2_RC2880: step 175 PREFIX_EVALUATED_NO_WINNER_DEFERRED pairs=16614 evals=2081 1898s
[557798.1] V6_E2_RC2880: step 176 PREFIX_EVALUATED_NO_WINNER_DEFERRED pairs=16614 evals=2097 1906s
[557807.4] V6_E2_RC2880: step 177 PREFIX_EVALUATED_NO_WINNER_DEFERRED pairs=16614 evals=2113 1916s
[557815.6] V6_E2_RC2880: step 178 PREFIX_EVALUATED_NO_WINNER_DEFERRED pairs=16614 evals=2129 1924s
[557823.8] V6_E2_RC2880: step 179 PREFIX_EVALUATED_NO_WINNER_DEFERRED pairs=16614 evals=2145 1932s
[557833.8] V6_E2_RC2880: step 180 PREFIX_EVALUATED_NO_WINNER_DEFERRED pairs=16614 evals=2161 1942s
[557843.1] V6_E2_RC2880: step 181 PREFIX_EVALUATED_NO_WINNER_DEFERRED pairs=16614 evals=2177 1951s
[557853.3] V6_E2_RC2880: step 182 ELEVATED pairs=16602 evals=2193 1962s
[557861.6] V6_E2_RC2880: step 183 PREFIX_EVALUATED_NO_WINNER_DEFERRED pairs=16602 evals=2209 1970s
[557870.7] V6_E2_RC2880: step 184 PREFIX_EVALUATED_NO_WINNER_DEFERRED pairs=16602 evals=2225 1979s
[557878.8] V6_E2_RC2880: step 185 PREFIX_EVALUATED_NO_WINNER_DEFERRED pairs=16602 evals=2241 1987s
[557887.1] V6_E2_RC2880: step 186 PREFIX_EVALUATED_NO_WINNER_DEFERRED pairs=16602 evals=2257 1995s
[557896.4] V6_E2_RC2880: step 187 ELEVATED pairs=16588 evals=2273 2005s
[557904.7] V6_E2_RC2880: step 188 PREFIX_EVALUATED_NO_WINNER_DEFERRED pairs=16588 evals=2289 2013s
[557913.9] V6_E2_RC2880: step 189 PREFIX_EVALUATED_NO_WINNER_DEFERRED pairs=16588 evals=2305 2022s
[557922.1] V6_E2_RC2880: step 190 PREFIX_EVALUATED_NO_WINNER_DEFERRED pairs=16588 evals=2321 2030s
[557930.3] V6_E2_RC2880: step 191 PREFIX_EVALUATED_NO_WINNER_DEFERRED pairs=16588 evals=2337 2039s
[557941.1] V6_E2_RC2880: step 192 RELOCATED pairs=16549 evals=2353 2049s
[557949.3] V6_E2_RC2880: step 193 PREFIX_EVALUATED_NO_WINNER_DEFERRED pairs=16549 evals=2369 2058s
[557958.5] V6_E2_RC2880: step 194 PREFIX_EVALUATED_NO_WINNER_DEFERRED pairs=16549 evals=2385 2067s
[557966.7] V6_E2_RC2880: step 195 PREFIX_EVALUATED_NO_WINNER_DEFERRED pairs=16549 evals=2401 2075s
[557975.0] V6_E2_RC2880: step 196 PREFIX_EVALUATED_NO_WINNER_DEFERRED pairs=16549 evals=2417 2083s
[557985.7] V6_E2_RC2880: step 197 ELEVATED pairs=16537 evals=2433 2094s
[557995.1] V6_E2_RC2880: step 198 PREFIX_EVALUATED_NO_WINNER_DEFERRED pairs=16537 evals=2449 2103s
[558003.6] V6_E2_RC2880: step 199 PREFIX_EVALUATED_NO_WINNER_DEFERRED pairs=16537 evals=2465 2112s
[558012.3] V6_E2_RC2880: step 200 PREFIX_EVALUATED_NO_WINNER_DEFERRED pairs=16537 evals=2481 2120s
[558012.8] V6_E2_RC2880: done final=16537 moves=132 first=129 reloc=3 ret=0 evals=2481 stop=TARGET_LIMIT
[558111.6] V6_E2_RC2880: recheck PASS checks=130816
