[597566.7] P5_CACHE_ON_R1440_seq2: start mode=R budget=1440 spec={"name": "P5_CACHE_ON", "target_policy": "LEGACY", "evaluation_policy": "E2_ORDERED_K16", "traversal_policy": "BASE", "max_targets": 200, "k_per_target": 16, "family_round_robin": false, "relocation_side_reserve": 0, "waiting_age": false, "route_coverage": false, "multi_anchor": false, "exact_dedup": false, "decision_cache": true, "return_action": false, "cache_structural_skips": false, "window_slack_mm": 1e-05, "generation_domain": "LINE_ONLY", "path_window_settings": null, "stage_length_cap_mm": null, "notes": ""}
[597566.7] P5_CACHE_ON_R1440_seq2: start state=main C:\Users\lihao\Desktop\Graduation Project\OpticalWaveguideRouter3D\outputs\3d_strategy_v3\512_ablation\D_both_enabled pairs=42909
[597570.1] P5_CACHE_ON_R1440_seq2: INITIAL_DONE pairs=42909
[597570.2] P5_CACHE_ON_R1440_seq2: step 1 NO_CANDIDATES_GENERATED pairs=42909 evals=0 0s
[597570.3] P5_CACHE_ON_R1440_seq2: step 2 NO_CANDIDATES_GENERATED pairs=42909 evals=0 0s
[597575.1] P5_CACHE_ON_R1440_seq2: step 3 ELEVATED pairs=42661 evals=16 5s
[597583.3] P5_CACHE_ON_R1440_seq2: step 4 ELEVATED pairs=42487 evals=32 13s
[597587.9] P5_CACHE_ON_R1440_seq2: step 5 ELEVATED pairs=42305 evals=48 18s
[597591.6] P5_CACHE_ON_R1440_seq2: step 6 ELEVATED pairs=42121 evals=64 21s
[597595.5] P5_CACHE_ON_R1440_seq2: step 7 ELEVATED pairs=41936 evals=80 25s
[597598.3] P5_CACHE_ON_R1440_seq2: step 8 ELEVATED pairs=41680 evals=96 28s
[597602.2] P5_CACHE_ON_R1440_seq2: step 9 ELEVATED pairs=41486 evals=112 32s
[597605.0] P5_CACHE_ON_R1440_seq2: step 10 ELEVATED pairs=41225 evals=128 35s
[597610.3] P5_CACHE_ON_R1440_seq2: step 11 ELEVATED pairs=41046 evals=144 40s
[597615.6] P5_CACHE_ON_R1440_seq2: step 12 ELEVATED pairs=40867 evals=160 45s
[597618.2] P5_CACHE_ON_R1440_seq2: step 13 ELEVATED pairs=40628 evals=176 48s
[597621.7] P5_CACHE_ON_R1440_seq2: step 14 ELEVATED pairs=40377 evals=192 51s
[597624.2] P5_CACHE_ON_R1440_seq2: step 15 ELEVATED pairs=40136 evals=208 54s
[597627.7] P5_CACHE_ON_R1440_seq2: step 16 ELEVATED pairs=39887 evals=224 57s
[597631.1] P5_CACHE_ON_R1440_seq2: step 17 ELEVATED pairs=39640 evals=240 61s
[597634.5] P5_CACHE_ON_R1440_seq2: step 18 ELEVATED pairs=39399 evals=256 64s
[597638.1] P5_CACHE_ON_R1440_seq2: step 19 ELEVATED pairs=39175 evals=272 68s
[597641.5] P5_CACHE_ON_R1440_seq2: step 20 ELEVATED pairs=38969 evals=288 71s
[597646.0] P5_CACHE_ON_R1440_seq2: step 21 ELEVATED pairs=38811 evals=304 76s
[597649.6] P5_CACHE_ON_R1440_seq2: step 22 ELEVATED pairs=38668 evals=320 79s
[597652.9] P5_CACHE_ON_R1440_seq2: step 23 ELEVATED pairs=38466 evals=336 83s
[597656.2] P5_CACHE_ON_R1440_seq2: step 24 ELEVATED pairs=38332 evals=352 86s
[597658.9] P5_CACHE_ON_R1440_seq2: step 25 ELEVATED pairs=38108 evals=368 89s
[597662.3] P5_CACHE_ON_R1440_seq2: step 26 ELEVATED pairs=37974 evals=384 92s
[597665.1] P5_CACHE_ON_R1440_seq2: step 27 ELEVATED pairs=37771 evals=400 95s
[597667.9] P5_CACHE_ON_R1440_seq2: step 28 ELEVATED pairs=37568 evals=416 98s
[597670.3] P5_CACHE_ON_R1440_seq2: step 29 ELEVATED pairs=37338 evals=432 100s
[597672.7] P5_CACHE_ON_R1440_seq2: step 30 ELEVATED pairs=37110 evals=448 102s
[597676.0] P5_CACHE_ON_R1440_seq2: step 31 ELEVATED pairs=36910 evals=464 106s
[597678.4] P5_CACHE_ON_R1440_seq2: step 32 ELEVATED pairs=36684 evals=480 108s
[597681.5] P5_CACHE_ON_R1440_seq2: step 33 ELEVATED pairs=36466 evals=496 111s
[597684.5] P5_CACHE_ON_R1440_seq2: step 34 ELEVATED pairs=36269 evals=512 114s
[597689.8] P5_CACHE_ON_R1440_seq2: step 35 ELEVATED pairs=36073 evals=528 120s
[597693.6] P5_CACHE_ON_R1440_seq2: step 36 ELEVATED pairs=35887 evals=544 123s
[597696.7] P5_CACHE_ON_R1440_seq2: step 37 ELEVATED pairs=35774 evals=560 126s
[597700.2] P5_CACHE_ON_R1440_seq2: step 38 ELEVATED pairs=35543 evals=576 130s
[597703.0] P5_CACHE_ON_R1440_seq2: step 39 ELEVATED pairs=35343 evals=592 133s
[597706.5] P5_CACHE_ON_R1440_seq2: step 40 ELEVATED pairs=35138 evals=608 136s
[597706.5] P5_CACHE_ON_R1440_seq2: step 41 NO_CANDIDATES_GENERATED pairs=35138 evals=608 136s
[597706.6] P5_CACHE_ON_R1440_seq2: step 42 NO_CANDIDATES_GENERATED pairs=35138 evals=608 136s
[597710.2] P5_CACHE_ON_R1440_seq2: step 43 ELEVATED pairs=34935 evals=624 140s
[597714.0] P5_CACHE_ON_R1440_seq2: step 44 ELEVATED pairs=34734 evals=640 144s
[597716.6] P5_CACHE_ON_R1440_seq2: step 45 ELEVATED pairs=34539 evals=656 146s
[597720.7] P5_CACHE_ON_R1440_seq2: step 46 ELEVATED pairs=34340 evals=672 150s
[597724.7] P5_CACHE_ON_R1440_seq2: step 47 ELEVATED pairs=34143 evals=688 154s
[597728.4] P5_CACHE_ON_R1440_seq2: step 48 ELEVATED pairs=33933 evals=704 158s
[597732.8] P5_CACHE_ON_R1440_seq2: step 49 ELEVATED pairs=33738 evals=720 163s
[597736.4] P5_CACHE_ON_R1440_seq2: step 50 ELEVATED pairs=33530 evals=736 166s
[597739.6] P5_CACHE_ON_R1440_seq2: step 51 ELEVATED pairs=33326 evals=752 169s
[597744.3] P5_CACHE_ON_R1440_seq2: step 52 ELEVATED pairs=33133 evals=768 174s
[597747.9] P5_CACHE_ON_R1440_seq2: step 53 ELEVATED pairs=32926 evals=784 178s
[597752.7] P5_CACHE_ON_R1440_seq2: step 54 ELEVATED pairs=32735 evals=800 182s
[597756.4] P5_CACHE_ON_R1440_seq2: step 55 ELEVATED pairs=32530 evals=816 186s
[597761.3] P5_CACHE_ON_R1440_seq2: step 56 ELEVATED pairs=32341 evals=832 191s
[597765.0] P5_CACHE_ON_R1440_seq2: step 57 ELEVATED pairs=32137 evals=848 195s
[597770.1] P5_CACHE_ON_R1440_seq2: step 58 ELEVATED pairs=31950 evals=864 200s
[597772.6] P5_CACHE_ON_R1440_seq2: step 59 ELEVATED pairs=31792 evals=880 202s
[597776.2] P5_CACHE_ON_R1440_seq2: step 60 ELEVATED pairs=31590 evals=896 206s
[597779.9] P5_CACHE_ON_R1440_seq2: step 61 ELEVATED pairs=31389 evals=912 210s
[597783.2] P5_CACHE_ON_R1440_seq2: step 62 ELEVATED pairs=31226 evals=928 213s
[597786.9] P5_CACHE_ON_R1440_seq2: step 63 ELEVATED pairs=31027 evals=944 217s
[597790.5] P5_CACHE_ON_R1440_seq2: step 64 ELEVATED pairs=30829 evals=960 220s
[597790.5] P5_CACHE_ON_R1440_seq2: step 65 NO_CANDIDATES_GENERATED pairs=30829 evals=960 220s
[597790.6] P5_CACHE_ON_R1440_seq2: step 66 NO_CANDIDATES_GENERATED pairs=30829 evals=960 220s
[597790.7] P5_CACHE_ON_R1440_seq2: step 67 NO_CANDIDATES_GENERATED pairs=30829 evals=960 220s
[597794.3] P5_CACHE_ON_R1440_seq2: step 68 ELEVATED pairs=30633 evals=976 224s
[597797.5] P5_CACHE_ON_R1440_seq2: step 69 ELEVATED pairs=30481 evals=992 227s
[597800.6] P5_CACHE_ON_R1440_seq2: step 70 ELEVATED pairs=30367 evals=1008 230s
[597804.4] P5_CACHE_ON_R1440_seq2: step 71 ELEVATED pairs=30214 evals=1024 234s
[597806.9] P5_CACHE_ON_R1440_seq2: step 72 ELEVATED pairs=30030 evals=1033 237s
[597810.5] P5_CACHE_ON_R1440_seq2: step 73 ELEVATED pairs=29879 evals=1049 240s
[597813.1] P5_CACHE_ON_R1440_seq2: step 74 ELEVATED pairs=29697 evals=1058 243s
[597816.7] P5_CACHE_ON_R1440_seq2: step 75 ELEVATED pairs=29548 evals=1074 246s
[597819.2] P5_CACHE_ON_R1440_seq2: step 76 ELEVATED pairs=29368 evals=1083 249s
[597821.7] P5_CACHE_ON_R1440_seq2: step 77 ELEVATED pairs=29190 evals=1092 251s
[597828.3] P5_CACHE_ON_R1440_seq2: step 78 ELEVATED pairs=28961 evals=1108 258s
[597830.6] P5_CACHE_ON_R1440_seq2: step 79 ELEVATED pairs=28776 evals=1124 260s
[597832.9] P5_CACHE_ON_R1440_seq2: step 80 ELEVATED pairs=28593 evals=1140 263s
[597835.2] P5_CACHE_ON_R1440_seq2: step 81 ELEVATED pairs=28412 evals=1156 265s
[597837.7] P5_CACHE_ON_R1440_seq2: step 82 ELEVATED pairs=28233 evals=1172 267s
[597840.2] P5_CACHE_ON_R1440_seq2: step 83 ELEVATED pairs=28134 evals=1188 270s
[597843.9] P5_CACHE_ON_R1440_seq2: step 84 ELEVATED pairs=28022 evals=1204 274s
[597848.2] P5_CACHE_ON_R1440_seq2: step 85 ELEVATED pairs=27902 evals=1220 278s
[597852.6] P5_CACHE_ON_R1440_seq2: step 86 ELEVATED pairs=27782 evals=1236 282s
[597856.9] P5_CACHE_ON_R1440_seq2: step 87 ELEVATED pairs=27662 evals=1252 287s
[597861.2] P5_CACHE_ON_R1440_seq2: step 88 ELEVATED pairs=27514 evals=1268 291s
[597865.5] P5_CACHE_ON_R1440_seq2: step 89 ELEVATED pairs=27394 evals=1284 295s
[597870.7] P5_CACHE_ON_R1440_seq2: step 90 ELEVATED pairs=27248 evals=1300 300s
[597876.4] P5_CACHE_ON_R1440_seq2: step 91 ELEVATED pairs=27092 evals=1316 306s
[597881.5] P5_CACHE_ON_R1440_seq2: step 92 PREFIX_EVALUATED_NO_WINNER_DEFERRED pairs=27092 evals=1332 311s
[597886.7] P5_CACHE_ON_R1440_seq2: step 93 ELEVATED pairs=26951 evals=1348 316s
[597888.7] P5_CACHE_ON_R1440_seq2: step 94 PREFIX_EVALUATED_NO_WINNER_DEFERRED pairs=26951 evals=1364 319s
[597893.9] P5_CACHE_ON_R1440_seq2: step 95 ELEVATED pairs=26895 evals=1380 324s
[597899.3] P5_CACHE_ON_R1440_seq2: step 96 ELEVATED pairs=26781 evals=1396 329s
[597906.1] P5_CACHE_ON_R1440_seq2: step 97 ELEVATED pairs=26690 evals=1412 336s
[597912.7] P5_CACHE_ON_R1440_seq2: step 98 ELEVATED pairs=26525 evals=1428 342s
[597916.6] P5_CACHE_ON_R1440_seq2: step 99 ELEVATED pairs=26437 evals=1440 346s
[597916.9] P5_CACHE_ON_R1440_seq2: done final=26437 moves=90 first=90 reloc=0 ret=0 evals=1440 stop=CANDIDATE_BUDGET_EXHAUSTED
[597951.7] P5_CACHE_ON_R1440_seq2: recheck PASS checks=130816
