[554372.1] V6_E1_R2880: start mode=R budget=2880 spec={"name": "V6_E1", "target_policy": "STRATIFIED", "evaluation_policy": "E1_ORDERED_EXHAUSTIVE", "traversal_policy": "BASE", "max_targets": 200, "k_per_target": 16, "family_round_robin": false, "relocation_side_reserve": 0, "waiting_age": false, "route_coverage": false, "multi_anchor": false, "exact_dedup": false, "decision_cache": false, "return_action": false, "cache_structural_skips": false, "window_slack_mm": 1e-05, "notes": ""}
[554372.1] V6_E1_R2880: start state=main C:\Users\lihao\Desktop\Graduation Project\OpticalWaveguideRouter3D\outputs\3d_strategy_v3\512_ablation\D_both_enabled pairs=42909
[554379.3] V6_E1_R2880: INITIAL_DONE pairs=42909
[554379.9] V6_E1_R2880: step 1 NO_CANDIDATES_GENERATED pairs=42909 evals=0 1s
[554380.6] V6_E1_R2880: step 2 NO_CANDIDATES_GENERATED pairs=42909 evals=0 2s
[554380.9] V6_E1_R2880: step 3 NO_CANDIDATES_GENERATED pairs=42909 evals=0 2s
[554412.0] V6_E1_R2880: step 4 ELEVATED pairs=42635 evals=27 33s
[554412.9] V6_E1_R2880: step 5 NO_CANDIDATES_GENERATED pairs=42635 evals=27 34s
[554413.3] V6_E1_R2880: step 6 NO_CANDIDATES_GENERATED pairs=42635 evals=27 34s
[554413.8] V6_E1_R2880: step 7 NO_CANDIDATES_GENERATED pairs=42635 evals=27 35s
[554414.8] V6_E1_R2880: step 8 NO_CANDIDATES_GENERATED pairs=42635 evals=27 36s
[554473.0] V6_E1_R2880: step 9 ELEVATED pairs=42375 evals=99 94s
[554505.6] V6_E1_R2880: step 10 ELEVATED pairs=42128 evals=126 127s
[554506.4] V6_E1_R2880: step 11 NO_CANDIDATES_GENERATED pairs=42128 evals=126 127s
[554590.2] V6_E1_R2880: step 12 ELEVATED pairs=41874 evals=198 211s
[554656.3] V6_E1_R2880: step 13 ELEVATED pairs=41619 evals=252 277s
[554657.5] V6_E1_R2880: step 14 NO_CANDIDATES_GENERATED pairs=41619 evals=252 278s
[554673.0] V6_E1_R2880: step 15 ELEVATED pairs=41366 evals=270 294s
[554738.0] V6_E1_R2880: step 16 ELEVATED pairs=41113 evals=324 359s
[554765.1] V6_E1_R2880: step 17 RELOCATED pairs=41102 evals=342 386s
[554780.4] V6_E1_R2880: step 18 ELEVATED pairs=40851 evals=360 401s
[554847.6] V6_E1_R2880: step 19 ELEVATED pairs=40600 evals=414 469s
[554848.9] V6_E1_R2880: step 20 NO_CANDIDATES_GENERATED pairs=40600 evals=414 470s
[554863.2] V6_E1_R2880: step 21 ELEVATED pairs=40350 evals=432 484s
[554928.0] V6_E1_R2880: step 22 ELEVATED pairs=40101 evals=486 549s
[554929.2] V6_E1_R2880: step 23 NO_CANDIDATES_GENERATED pairs=40101 evals=486 550s
[554965.8] V6_E1_R2880: step 24 ELEVATED pairs=39848 evals=522 587s
[555032.1] V6_E1_R2880: step 25 ELEVATED pairs=39601 evals=576 653s
[555033.4] V6_E1_R2880: step 26 NO_CANDIDATES_GENERATED pairs=39601 evals=576 654s
[555082.9] V6_E1_R2880: step 27 ELEVATED pairs=39362 evals=630 704s
[555106.4] V6_E1_R2880: step 28 ELEVATED pairs=39130 evals=657 727s
[555107.8] V6_E1_R2880: step 29 NO_CANDIDATES_GENERATED pairs=39130 evals=657 729s
[555176.4] V6_E1_R2880: step 30 ELEVATED pairs=38884 evals=729 797s
[555189.9] V6_E1_R2880: step 31 ELEVATED pairs=38650 evals=747 811s
[555256.9] V6_E1_R2880: step 32 RELOCATED pairs=38644 evals=819 878s
[555311.6] V6_E1_R2880: step 33 ELEVATED pairs=38379 evals=873 933s
[555324.2] V6_E1_R2880: step 34 ELEVATED pairs=38149 evals=891 945s
[555325.6] V6_E1_R2880: step 35 NO_CANDIDATES_GENERATED pairs=38149 evals=891 947s
[555355.3] V6_E1_R2880: step 36 ELEVATED pairs=37899 evals=945 976s
[555367.9] V6_E1_R2880: step 37 ELEVATED pairs=37671 evals=963 989s
[555369.3] V6_E1_R2880: step 38 NO_CANDIDATES_GENERATED pairs=37671 evals=963 990s
[555439.6] V6_E1_R2880: step 39 ELEVATED pairs=37423 evals=1062 1061s
[555502.4] V6_E1_R2880: step 40 ELEVATED pairs=37193 evals=1116 1123s
[555554.5] V6_E1_R2880: step 41 RELOCATED pairs=37183 evals=1161 1176s
[555619.9] V6_E1_R2880: step 42 ELEVATED pairs=36938 evals=1260 1241s
[555620.3] V6_E1_R2880: step 43 NO_CANDIDATES_GENERATED pairs=36938 evals=1260 1241s
[555621.6] V6_E1_R2880: step 44 NO_CANDIDATES_GENERATED pairs=36938 evals=1260 1243s
[555679.3] V6_E1_R2880: step 45 ELEVATED pairs=36711 evals=1314 1300s
[555679.8] V6_E1_R2880: step 46 NO_CANDIDATES_GENERATED pairs=36711 evals=1314 1301s
[555696.7] V6_E1_R2880: step 47 ALL_CANDIDATES_REJECTED pairs=36711 evals=1332 1318s
[555754.1] V6_E1_R2880: step 48 ELEVATED pairs=36486 evals=1386 1375s
[555754.7] V6_E1_R2880: step 49 NO_CANDIDATES_GENERATED pairs=36486 evals=1386 1376s
[555772.1] V6_E1_R2880: step 50 ALL_CANDIDATES_REJECTED pairs=36486 evals=1404 1393s
