=== 512 通道：Step 14 ===
[F56] 产生 base 逐路半径表 ...
[D56] 保护对象来源 ...
[base] 冻结半径对照 ...
[spacing] 冻结半径对照 ...
[small] 冻结半径对照 ...
[touch] 冻结半径对照 ...
[both] 冻结半径对照 ...
保护集合：{"base_worst": 34, "d56_worst": 287, "crossed_u_routes": [177, 34, 309, 310, 311, 154, 153, 151, 152, 265], "all_ids": [34, 287, 177, 309, 310, 311, 154, 153, 151, 152, 265]}
[opt:base] 保护性局部优化（压力情景 ×5）...
  [accept] route 177 u scenario_max=5.6854 (-0.0410) mean-0.0002
  [accept] route 290 u scenario_max=5.6822 (-0.0032) mean-0.0000
  [accept] route 190 freeform scenario_max=5.6820 (-0.0002) mean+0.0003
  [accept] route 402 freeform scenario_max=5.6790 (-0.0031) mean-0.0002
  [accept] route 105 freeform scenario_max=5.6392 (-0.0398) mean-0.0005
  [accept] route 44 freeform scenario_max=5.6340 (-0.0052) mean-0.0005
  scheme  complete_connection  mean_loss_db  p95_loss_db  max_loss_db  worst_route_id  scenario5_mean_loss_db  scenario5_max_loss_db  scenario5_worst_route_id  crossings_under_5_deg  crossings_under_10_deg  crossings_under_20_deg  spacing_violation_count  raw_segment_touch_count  physical_route_touch_count  contact_overlap_count  geometry_issue_count  endpoint_changes  mean_bend_total_deg    radius_distribution  runtime_s                                                                                                                                                                                                                                                                                                                                                                                                                                                                                         optimize
    base                 True      3.294685     4.900387     5.499483              34                3.720094               5.726388                       177                     53                     842                    2939                     1231                        0                           0                      0                     0                 0           100.917969 {"6.0": 510, "5.0": 2} 116.320939                                                                                                                                                                                                                                                                                                                                                                                                                                                                                              NaN
 spacing                 True      3.362348     5.032852     5.540917              34                3.824784               5.965712                       287                    106                     912                    3263                      821                        0                           0                      0                     0                 0           101.484375 {"6.0": 510, "5.0": 2} 110.207392                                                                                                                                                                                                                                                                                                                                                                                                                                                                                              NaN
   small                 True      3.349192     4.917804     5.474138              34                3.528572               5.629614                        34                     92                     295                    1125                     1153                        0                           0                      0                     0                 0           105.156250 {"6.0": 510, "5.0": 2} 113.720717                                                                                                                                                                                                                                                                                                                                                                                                                                                                                              NaN
   touch                 True      3.294685     4.900387     5.499483              34                3.720094               5.726388                       177                     53                     842                    2939                     1231                        0                           0                      0                     0                 0           100.917969 {"6.0": 510, "5.0": 2} 115.428349                                                                                                                                                                                                                                                                                                                                                                                                                                                                                              NaN
    both                 True      3.402776     4.997989     5.487679              34                3.593362               6.194600                       437                     88                     327                    1209                      851                        0                           0                      0                     0                 0           106.152344 {"6.0": 510, "5.0": 2} 143.793144                                                                                                                                                                                                                                                                                                                                                                                                                                                                                              NaN
opt_base                 True      3.293626     4.907631     5.465376              34                3.705238               5.633959                       291                     53                     839                    2876                     1228                        0                           0                      0                     0                 0           101.152344 {"6.0": 510, "5.0": 2}   0.000000 {"candidates_tried": 74, "accepted": 6, "rejected": {"max_worse": 21, "protected_worse_34": 21, "scenario_not_improved": 64, "protected_worse_265": 32, "protected_worse_154": 18, "protected_worse_153": 14, "protected_worse_151": 6, "protected_worse_152": 10, "protected_worse_287": 8, "protected_worse_311": 9, "protected_worse_310": 7, "protected_worse_309": 4}, "evaluations": 74, "runtime_s": 762.2401490000193, "stop_reason": "completed", "rollback_fingerprint_mismatches": 0}
DONE
