[558649.1] IDEA_F_N720: start mode=N budget=720 spec={"name": "IDEA_F", "target_policy": "LEGACY", "evaluation_policy": "E2_ORDERED_K16", "traversal_policy": "BASE", "max_targets": 200, "k_per_target": 16, "family_round_robin": false, "relocation_side_reserve": 0, "waiting_age": false, "route_coverage": false, "multi_anchor": false, "exact_dedup": true, "decision_cache": false, "return_action": false, "cache_structural_skips": false, "window_slack_mm": 1e-05, "notes": ""}
[558649.1] IDEA_F_N720: start state=main C:\Users\lihao\Desktop\Graduation Project\OpticalWaveguideRouter3D\outputs\3d_strategy_v3\512_ablation\D_both_enabled pairs=42909
[558657.3] IDEA_F_N720: INITIAL_DONE pairs=42909
[558657.7] IDEA_F_N720: step 1 NO_CANDIDATES_GENERATED pairs=42909 evals=0 1s
[558658.0] IDEA_F_N720: step 2 NO_CANDIDATES_GENERATED pairs=42909 evals=0 1s
[558668.8] IDEA_F_N720: step 3 ELEVATED pairs=42661 evals=16 12s
[558687.7] IDEA_F_N720: step 4 ELEVATED pairs=42487 evals=32 31s
[558702.7] IDEA_F_N720: step 5 ELEVATED pairs=42305 evals=48 46s
[558717.4] IDEA_F_N720: step 6 ELEVATED pairs=42121 evals=64 61s
[558732.4] IDEA_F_N720: step 7 ELEVATED pairs=41936 evals=80 76s
[558743.2] IDEA_F_N720: step 8 ELEVATED pairs=41680 evals=96 86s
[558758.2] IDEA_F_N720: step 9 ELEVATED pairs=41486 evals=112 101s
[558768.4] IDEA_F_N720: step 10 ELEVATED pairs=41225 evals=128 112s
[558788.2] IDEA_F_N720: step 11 ELEVATED pairs=41046 evals=144 131s
[558808.2] IDEA_F_N720: step 12 ELEVATED pairs=40867 evals=160 151s
[558817.5] IDEA_F_N720: step 13 ELEVATED pairs=40628 evals=176 161s
[558830.4] IDEA_F_N720: step 14 ELEVATED pairs=40377 evals=192 174s
[558839.4] IDEA_F_N720: step 15 ELEVATED pairs=40136 evals=208 183s
[558852.3] IDEA_F_N720: step 16 ELEVATED pairs=39887 evals=224 195s
[558865.7] IDEA_F_N720: step 17 ELEVATED pairs=39640 evals=240 209s
[558878.8] IDEA_F_N720: step 18 ELEVATED pairs=39399 evals=256 222s
[558892.7] IDEA_F_N720: step 19 ELEVATED pairs=39175 evals=272 236s
[558905.6] IDEA_F_N720: step 20 ELEVATED pairs=38969 evals=288 249s
[558922.8] IDEA_F_N720: step 21 ELEVATED pairs=38811 evals=304 266s
[558936.1] IDEA_F_N720: step 22 ELEVATED pairs=38668 evals=320 279s
[558948.6] IDEA_F_N720: step 23 ELEVATED pairs=38466 evals=336 292s
[558961.0] IDEA_F_N720: step 24 ELEVATED pairs=38332 evals=352 304s
[558971.4] IDEA_F_N720: step 25 ELEVATED pairs=38108 evals=368 315s
[558984.1] IDEA_F_N720: step 26 ELEVATED pairs=37974 evals=384 327s
[558994.5] IDEA_F_N720: step 27 ELEVATED pairs=37771 evals=400 338s
[559005.0] IDEA_F_N720: step 28 ELEVATED pairs=37568 evals=416 348s
[559013.9] IDEA_F_N720: step 29 ELEVATED pairs=37338 evals=432 357s
[559022.9] IDEA_F_N720: step 30 ELEVATED pairs=37110 evals=448 366s
[559034.9] IDEA_F_N720: step 31 ELEVATED pairs=36910 evals=464 378s
[559043.7] IDEA_F_N720: step 32 ELEVATED pairs=36684 evals=480 387s
[559055.3] IDEA_F_N720: step 33 ELEVATED pairs=36466 evals=496 398s
[559066.6] IDEA_F_N720: step 34 ELEVATED pairs=36269 evals=512 410s
[559086.6] IDEA_F_N720: step 35 ELEVATED pairs=36073 evals=528 430s
[559100.7] IDEA_F_N720: step 36 ELEVATED pairs=35887 evals=544 444s
[559112.3] IDEA_F_N720: step 37 ELEVATED pairs=35774 evals=560 455s
[559125.1] IDEA_F_N720: step 38 ELEVATED pairs=35543 evals=576 468s
[559135.6] IDEA_F_N720: step 39 ELEVATED pairs=35343 evals=592 479s
[559148.4] IDEA_F_N720: step 40 ELEVATED pairs=35138 evals=608 492s
[559148.7] IDEA_F_N720: step 41 NO_CANDIDATES_GENERATED pairs=35138 evals=608 492s
[559148.9] IDEA_F_N720: step 42 NO_CANDIDATES_GENERATED pairs=35138 evals=608 492s
[559162.4] IDEA_F_N720: step 43 ELEVATED pairs=34935 evals=624 506s
[559176.5] IDEA_F_N720: step 44 ELEVATED pairs=34734 evals=640 520s
[559186.2] IDEA_F_N720: step 45 ELEVATED pairs=34539 evals=656 529s
[559201.1] IDEA_F_N720: step 46 ELEVATED pairs=34340 evals=672 544s
[559216.2] IDEA_F_N720: step 47 ELEVATED pairs=34143 evals=688 559s
[559230.6] IDEA_F_N720: step 48 ELEVATED pairs=33933 evals=704 574s
[559247.9] IDEA_F_N720: step 49 ELEVATED pairs=33738 evals=720 591s
[559248.4] IDEA_F_N720: step 50 ABORTED_CANDIDATE_BUDGET pairs=33738 evals=720 592s
[559249.0] IDEA_F_N720: done final=33738 moves=45 first=45 reloc=0 ret=0 evals=720 stop=CANDIDATE_BUDGET_EXHAUSTED
[559319.7] IDEA_F_N720: recheck PASS checks=130816
