[599033.4] V8_G1_NC2880: start mode=N budget=2880 spec={"name": "V8_G1", "target_policy": "LEGACY", "evaluation_policy": "E2_ORDERED_K16", "traversal_policy": "BASE", "max_targets": 200, "k_per_target": 16, "family_round_robin": false, "relocation_side_reserve": 0, "waiting_age": false, "route_coverage": false, "multi_anchor": false, "exact_dedup": false, "decision_cache": false, "return_action": false, "cache_structural_skips": false, "window_slack_mm": 1e-05, "generation_domain": "PATH_WINDOWS", "path_window_settings": {"placements": [0.0, 0.5, 1.0], "length_factors": [1.0, 1.5, 2.0, 3.0], "cap": 4096}, "stage_length_cap_mm": null, "notes": ""}
[599033.4] V8_G1_NC2880: start state=challenge C:\Users\lihao\Desktop\Graduation Project\OpticalWaveguideRouter3D\outputs\3d_strategy_v4\512_full_layout\N2880 pairs=30999
[599038.4] V8_G1_NC2880: INITIAL_DONE pairs=30999
[599038.7] V8_G1_NC2880: step 1 NO_CANDIDATES_GENERATED pairs=30999 evals=0 0s
[599039.0] V8_G1_NC2880: step 2 NO_CANDIDATES_GENERATED pairs=30999 evals=0 1s
[599039.2] V8_G1_NC2880: step 3 NO_CANDIDATES_GENERATED pairs=30999 evals=0 1s
[599039.4] V8_G1_NC2880: step 4 NO_CANDIDATES_GENERATED pairs=30999 evals=0 1s
[599039.7] V8_G1_NC2880: step 5 NO_CANDIDATES_GENERATED pairs=30999 evals=0 1s
[599039.9] V8_G1_NC2880: step 6 NO_CANDIDATES_GENERATED pairs=30999 evals=0 2s
[599053.0] V8_G1_NC2880: step 7 ELEVATED pairs=30804 evals=16 15s
[599065.6] V8_G1_NC2880: step 8 ELEVATED pairs=30611 evals=32 27s
[599081.7] V8_G1_NC2880: step 9 ELEVATED pairs=30417 evals=48 43s
[599097.5] V8_G1_NC2880: step 10 ELEVATED pairs=30225 evals=64 59s
[599097.9] V8_G1_NC2880: step 11 NO_CANDIDATES_GENERATED pairs=30225 evals=64 60s
[599110.2] V8_G1_NC2880: step 12 ELEVATED pairs=30035 evals=80 72s
[599123.7] V8_G1_NC2880: step 13 ELEVATED pairs=29847 evals=96 85s
[599139.8] V8_G1_NC2880: step 14 ELEVATED pairs=29661 evals=112 101s
[599154.1] V8_G1_NC2880: step 15 ELEVATED pairs=29471 evals=128 116s
[599172.6] V8_G1_NC2880: step 16 ELEVATED pairs=29287 evals=144 134s
[599185.6] V8_G1_NC2880: step 17 ELEVATED pairs=29099 evals=160 147s
[599193.5] V8_G1_NC2880: step 18 ELEVATED pairs=28924 evals=176 155s
[599203.5] V8_G1_NC2880: step 19 ELEVATED pairs=28751 evals=192 165s
[599218.0] V8_G1_NC2880: step 20 ELEVATED pairs=28580 evals=208 180s
[599230.6] V8_G1_NC2880: step 21 ELEVATED pairs=28398 evals=224 192s
[599250.7] V8_G1_NC2880: step 22 ELEVATED pairs=28228 evals=240 212s
[599262.9] V8_G1_NC2880: step 23 ELEVATED pairs=28048 evals=256 225s
[599284.9] V8_G1_NC2880: step 24 ELEVATED pairs=27944 evals=272 247s
[599297.4] V8_G1_NC2880: step 25 ELEVATED pairs=27766 evals=288 259s
[599311.9] V8_G1_NC2880: step 26 ELEVATED pairs=27590 evals=304 274s
[599329.1] V8_G1_NC2880: step 27 ELEVATED pairs=27424 evals=320 291s
[599335.8] V8_G1_NC2880: step 28 ELEVATED pairs=27258 evals=329 298s
[599355.9] V8_G1_NC2880: step 29 ELEVATED pairs=27094 evals=345 318s
[599362.9] V8_G1_NC2880: step 30 ELEVATED pairs=26930 evals=354 325s
[599368.7] V8_G1_NC2880: step 31 PREFIX_EVALUATED_NO_WINNER_DEFERRED pairs=26930 evals=370 330s
[599374.0] V8_G1_NC2880: step 32 PREFIX_EVALUATED_NO_WINNER_DEFERRED pairs=26930 evals=386 336s
[599379.6] V8_G1_NC2880: step 33 PREFIX_EVALUATED_NO_WINNER_DEFERRED pairs=26930 evals=402 341s
[599384.9] V8_G1_NC2880: step 34 PREFIX_EVALUATED_NO_WINNER_DEFERRED pairs=26930 evals=418 347s
[599390.0] V8_G1_NC2880: step 35 PREFIX_EVALUATED_NO_WINNER_DEFERRED pairs=26930 evals=434 352s
[599395.1] V8_G1_NC2880: step 36 PREFIX_EVALUATED_NO_WINNER_DEFERRED pairs=26930 evals=450 357s
[599400.3] V8_G1_NC2880: step 37 PREFIX_EVALUATED_NO_WINNER_DEFERRED pairs=26930 evals=466 362s
[599405.5] V8_G1_NC2880: step 38 PREFIX_EVALUATED_NO_WINNER_DEFERRED pairs=26930 evals=482 367s
[599421.1] V8_G1_NC2880: step 39 ELEVATED pairs=26768 evals=498 383s
[599427.7] V8_G1_NC2880: step 40 ELEVATED pairs=26606 evals=507 389s
[599432.8] V8_G1_NC2880: step 41 PREFIX_EVALUATED_NO_WINNER_DEFERRED pairs=26606 evals=523 395s
[599437.8] V8_G1_NC2880: step 42 PREFIX_EVALUATED_NO_WINNER_DEFERRED pairs=26606 evals=539 399s
[599442.8] V8_G1_NC2880: step 43 PREFIX_EVALUATED_NO_WINNER_DEFERRED pairs=26606 evals=555 404s
[599447.9] V8_G1_NC2880: step 44 PREFIX_EVALUATED_NO_WINNER_DEFERRED pairs=26606 evals=571 410s
[599453.0] V8_G1_NC2880: step 45 PREFIX_EVALUATED_NO_WINNER_DEFERRED pairs=26606 evals=587 415s
[599458.1] V8_G1_NC2880: step 46 PREFIX_EVALUATED_NO_WINNER_DEFERRED pairs=26606 evals=603 420s
[599463.1] V8_G1_NC2880: step 47 PREFIX_EVALUATED_NO_WINNER_DEFERRED pairs=26606 evals=619 425s
[599468.1] V8_G1_NC2880: step 48 PREFIX_EVALUATED_NO_WINNER_DEFERRED pairs=26606 evals=635 430s
[599484.6] V8_G1_NC2880: step 49 ELEVATED pairs=26446 evals=651 446s
[599484.9] V8_G1_NC2880: step 50 NO_CANDIDATES_GENERATED pairs=26446 evals=651 447s
[599490.9] V8_G1_NC2880: step 51 ELEVATED pairs=26286 evals=660 453s
[599496.1] V8_G1_NC2880: step 52 PREFIX_EVALUATED_NO_WINNER_DEFERRED pairs=26286 evals=676 458s
[599500.9] V8_G1_NC2880: step 53 PREFIX_EVALUATED_NO_WINNER_DEFERRED pairs=26286 evals=692 463s
[599505.7] V8_G1_NC2880: step 54 PREFIX_EVALUATED_NO_WINNER_DEFERRED pairs=26286 evals=708 467s
[599511.0] V8_G1_NC2880: step 55 PREFIX_EVALUATED_NO_WINNER_DEFERRED pairs=26286 evals=724 473s
[599516.3] V8_G1_NC2880: step 56 PREFIX_EVALUATED_NO_WINNER_DEFERRED pairs=26286 evals=740 478s
[599521.7] V8_G1_NC2880: step 57 PREFIX_EVALUATED_NO_WINNER_DEFERRED pairs=26286 evals=756 483s
[599527.0] V8_G1_NC2880: step 58 PREFIX_EVALUATED_NO_WINNER_DEFERRED pairs=26286 evals=772 489s
[599532.3] V8_G1_NC2880: step 59 PREFIX_EVALUATED_NO_WINNER_DEFERRED pairs=26286 evals=788 494s
[599550.5] V8_G1_NC2880: step 60 ELEVATED pairs=26128 evals=804 512s
[599556.0] V8_G1_NC2880: step 61 PREFIX_EVALUATED_NO_WINNER_DEFERRED pairs=26128 evals=820 518s
[599561.3] V8_G1_NC2880: step 62 PREFIX_EVALUATED_NO_WINNER_DEFERRED pairs=26128 evals=836 523s
[599566.4] V8_G1_NC2880: step 63 PREFIX_EVALUATED_NO_WINNER_DEFERRED pairs=26128 evals=852 528s
[599571.6] V8_G1_NC2880: step 64 PREFIX_EVALUATED_NO_WINNER_DEFERRED pairs=26128 evals=868 533s
[599576.8] V8_G1_NC2880: step 65 PREFIX_EVALUATED_NO_WINNER_DEFERRED pairs=26128 evals=884 539s
[599581.8] V8_G1_NC2880: step 66 PREFIX_EVALUATED_NO_WINNER_DEFERRED pairs=26128 evals=900 543s
[599587.1] V8_G1_NC2880: step 67 PREFIX_EVALUATED_NO_WINNER_DEFERRED pairs=26128 evals=916 549s
[599592.3] V8_G1_NC2880: step 68 PREFIX_EVALUATED_NO_WINNER_DEFERRED pairs=26128 evals=932 554s
[599597.5] V8_G1_NC2880: step 69 PREFIX_EVALUATED_NO_WINNER_DEFERRED pairs=26128 evals=948 559s
[599602.6] V8_G1_NC2880: step 70 PREFIX_EVALUATED_NO_WINNER_DEFERRED pairs=26128 evals=964 564s
[599608.1] V8_G1_NC2880: step 71 ELEVATED pairs=26095 evals=980 570s
[599613.2] V8_G1_NC2880: step 72 PREFIX_EVALUATED_NO_WINNER_DEFERRED pairs=26095 evals=996 575s
[599618.2] V8_G1_NC2880: step 73 PREFIX_EVALUATED_NO_WINNER_DEFERRED pairs=26095 evals=1012 580s
[599623.1] V8_G1_NC2880: step 74 PREFIX_EVALUATED_NO_WINNER_DEFERRED pairs=26095 evals=1028 585s
[599627.9] V8_G1_NC2880: step 75 PREFIX_EVALUATED_NO_WINNER_DEFERRED pairs=26095 evals=1044 590s
[599632.9] V8_G1_NC2880: step 76 PREFIX_EVALUATED_NO_WINNER_DEFERRED pairs=26095 evals=1060 595s
[599637.6] V8_G1_NC2880: step 77 PREFIX_EVALUATED_NO_WINNER_DEFERRED pairs=26095 evals=1076 599s
[599642.3] V8_G1_NC2880: step 78 PREFIX_EVALUATED_NO_WINNER_DEFERRED pairs=26095 evals=1092 604s
[599647.2] V8_G1_NC2880: step 79 PREFIX_EVALUATED_NO_WINNER_DEFERRED pairs=26095 evals=1108 609s
[599652.1] V8_G1_NC2880: step 80 PREFIX_EVALUATED_NO_WINNER_DEFERRED pairs=26095 evals=1124 614s
[599657.7] V8_G1_NC2880: step 81 ELEVATED pairs=26062 evals=1140 619s
[599663.0] V8_G1_NC2880: step 82 PREFIX_EVALUATED_NO_WINNER_DEFERRED pairs=26062 evals=1156 625s
[599668.4] V8_G1_NC2880: step 83 PREFIX_EVALUATED_NO_WINNER_DEFERRED pairs=26062 evals=1172 630s
[599673.7] V8_G1_NC2880: step 84 PREFIX_EVALUATED_NO_WINNER_DEFERRED pairs=26062 evals=1188 635s
[599679.0] V8_G1_NC2880: step 85 PREFIX_EVALUATED_NO_WINNER_DEFERRED pairs=26062 evals=1204 641s
[599684.4] V8_G1_NC2880: step 86 PREFIX_EVALUATED_NO_WINNER_DEFERRED pairs=26062 evals=1220 646s
[599689.7] V8_G1_NC2880: step 87 PREFIX_EVALUATED_NO_WINNER_DEFERRED pairs=26062 evals=1236 651s
[599694.8] V8_G1_NC2880: step 88 PREFIX_EVALUATED_NO_WINNER_DEFERRED pairs=26062 evals=1252 656s
[599699.8] V8_G1_NC2880: step 89 PREFIX_EVALUATED_NO_WINNER_DEFERRED pairs=26062 evals=1268 662s
[599717.6] V8_G1_NC2880: step 90 ELEVATED pairs=25908 evals=1284 679s
[599722.7] V8_G1_NC2880: step 91 PREFIX_EVALUATED_NO_WINNER_DEFERRED pairs=25908 evals=1300 684s
[599727.8] V8_G1_NC2880: step 92 PREFIX_EVALUATED_NO_WINNER_DEFERRED pairs=25908 evals=1316 689s
[599732.9] V8_G1_NC2880: step 93 PREFIX_EVALUATED_NO_WINNER_DEFERRED pairs=25908 evals=1332 695s
[599737.9] V8_G1_NC2880: step 94 PREFIX_EVALUATED_NO_WINNER_DEFERRED pairs=25908 evals=1348 700s
[599743.2] V8_G1_NC2880: step 95 PREFIX_EVALUATED_NO_WINNER_DEFERRED pairs=25908 evals=1364 705s
[599748.4] V8_G1_NC2880: step 96 PREFIX_EVALUATED_NO_WINNER_DEFERRED pairs=25908 evals=1380 710s
[599753.2] V8_G1_NC2880: step 97 PREFIX_EVALUATED_NO_WINNER_DEFERRED pairs=25908 evals=1396 715s
[599758.1] V8_G1_NC2880: step 98 PREFIX_EVALUATED_NO_WINNER_DEFERRED pairs=25908 evals=1412 720s
[599772.4] V8_G1_NC2880: step 99 ELEVATED pairs=25760 evals=1428 734s
[599777.6] V8_G1_NC2880: step 100 PREFIX_EVALUATED_NO_WINNER_DEFERRED pairs=25760 evals=1444 739s
[599782.4] V8_G1_NC2880: step 101 PREFIX_EVALUATED_NO_WINNER_DEFERRED pairs=25760 evals=1460 744s
[599787.1] V8_G1_NC2880: step 102 PREFIX_EVALUATED_NO_WINNER_DEFERRED pairs=25760 evals=1476 749s
[599791.9] V8_G1_NC2880: step 103 PREFIX_EVALUATED_NO_WINNER_DEFERRED pairs=25760 evals=1492 754s
[599796.7] V8_G1_NC2880: step 104 PREFIX_EVALUATED_NO_WINNER_DEFERRED pairs=25760 evals=1508 758s
[599801.4] V8_G1_NC2880: step 105 PREFIX_EVALUATED_NO_WINNER_DEFERRED pairs=25760 evals=1524 763s
[599806.1] V8_G1_NC2880: step 106 PREFIX_EVALUATED_NO_WINNER_DEFERRED pairs=25760 evals=1540 768s
[599810.9] V8_G1_NC2880: step 107 PREFIX_EVALUATED_NO_WINNER_DEFERRED pairs=25760 evals=1556 773s
[599824.2] V8_G1_NC2880: step 108 ELEVATED pairs=25627 evals=1572 786s
[599829.4] V8_G1_NC2880: step 109 PREFIX_EVALUATED_NO_WINNER_DEFERRED pairs=25627 evals=1588 791s
[599834.4] V8_G1_NC2880: step 110 PREFIX_EVALUATED_NO_WINNER_DEFERRED pairs=25627 evals=1604 796s
[599839.8] V8_G1_NC2880: step 111 PREFIX_EVALUATED_NO_WINNER_DEFERRED pairs=25627 evals=1620 801s
[599844.9] V8_G1_NC2880: step 112 PREFIX_EVALUATED_NO_WINNER_DEFERRED pairs=25627 evals=1636 807s
[599850.2] V8_G1_NC2880: step 113 PREFIX_EVALUATED_NO_WINNER_DEFERRED pairs=25627 evals=1652 812s
[599855.5] V8_G1_NC2880: step 114 PREFIX_EVALUATED_NO_WINNER_DEFERRED pairs=25627 evals=1668 817s
[599860.5] V8_G1_NC2880: step 115 PREFIX_EVALUATED_NO_WINNER_DEFERRED pairs=25627 evals=1684 822s
[599865.6] V8_G1_NC2880: step 116 PREFIX_EVALUATED_NO_WINNER_DEFERRED pairs=25627 evals=1700 827s
[599871.1] V8_G1_NC2880: step 117 ELEVATED pairs=25478 evals=1716 833s
[599876.3] V8_G1_NC2880: step 118 PREFIX_EVALUATED_NO_WINNER_DEFERRED pairs=25478 evals=1732 838s
[599881.3] V8_G1_NC2880: step 119 PREFIX_EVALUATED_NO_WINNER_DEFERRED pairs=25478 evals=1748 843s
[599886.4] V8_G1_NC2880: step 120 PREFIX_EVALUATED_NO_WINNER_DEFERRED pairs=25478 evals=1764 848s
[599891.4] V8_G1_NC2880: step 121 PREFIX_EVALUATED_NO_WINNER_DEFERRED pairs=25478 evals=1780 853s
[599907.3] V8_G1_NC2880: step 122 ELEVATED pairs=25346 evals=1796 869s
[599912.1] V8_G1_NC2880: step 123 PREFIX_EVALUATED_NO_WINNER_DEFERRED pairs=25346 evals=1812 874s
[599917.1] V8_G1_NC2880: step 124 PREFIX_EVALUATED_NO_WINNER_DEFERRED pairs=25346 evals=1828 879s
[599921.9] V8_G1_NC2880: step 125 PREFIX_EVALUATED_NO_WINNER_DEFERRED pairs=25346 evals=1844 884s
[599926.9] V8_G1_NC2880: step 126 PREFIX_EVALUATED_NO_WINNER_DEFERRED pairs=25346 evals=1860 889s
[599944.3] V8_G1_NC2880: step 127 ELEVATED pairs=25202 evals=1876 906s
[599949.2] V8_G1_NC2880: step 128 PREFIX_EVALUATED_NO_WINNER_DEFERRED pairs=25202 evals=1892 911s
[599953.7] V8_G1_NC2880: step 129 PREFIX_EVALUATED_NO_WINNER_DEFERRED pairs=25202 evals=1908 915s
[599958.4] V8_G1_NC2880: step 130 PREFIX_EVALUATED_NO_WINNER_DEFERRED pairs=25202 evals=1924 920s
[599963.2] V8_G1_NC2880: step 131 PREFIX_EVALUATED_NO_WINNER_DEFERRED pairs=25202 evals=1940 925s
[599972.9] V8_G1_NC2880: step 132 ELEVATED pairs=25073 evals=1956 935s
[599977.5] V8_G1_NC2880: step 133 PREFIX_EVALUATED_NO_WINNER_DEFERRED pairs=25073 evals=1972 939s
[599982.7] V8_G1_NC2880: step 134 PREFIX_EVALUATED_NO_WINNER_DEFERRED pairs=25073 evals=1988 944s
[599987.9] V8_G1_NC2880: step 135 PREFIX_EVALUATED_NO_WINNER_DEFERRED pairs=25073 evals=2004 950s
[599993.0] V8_G1_NC2880: step 136 PREFIX_EVALUATED_NO_WINNER_DEFERRED pairs=25073 evals=2020 955s
[600011.6] V8_G1_NC2880: step 137 ELEVATED pairs=24927 evals=2036 973s
[600016.8] V8_G1_NC2880: step 138 PREFIX_EVALUATED_NO_WINNER_DEFERRED pairs=24927 evals=2052 979s
[600021.9] V8_G1_NC2880: step 139 PREFIX_EVALUATED_NO_WINNER_DEFERRED pairs=24927 evals=2068 984s
[600026.9] V8_G1_NC2880: step 140 PREFIX_EVALUATED_NO_WINNER_DEFERRED pairs=24927 evals=2084 989s
[600031.9] V8_G1_NC2880: step 141 PREFIX_EVALUATED_NO_WINNER_DEFERRED pairs=24927 evals=2100 994s
[600040.0] V8_G1_NC2880: step 142 ELEVATED pairs=24798 evals=2116 1002s
[600045.0] V8_G1_NC2880: step 143 PREFIX_EVALUATED_NO_WINNER_DEFERRED pairs=24798 evals=2132 1007s
[600050.0] V8_G1_NC2880: step 144 PREFIX_EVALUATED_NO_WINNER_DEFERRED pairs=24798 evals=2148 1012s
[600054.9] V8_G1_NC2880: step 145 PREFIX_EVALUATED_NO_WINNER_DEFERRED pairs=24798 evals=2164 1017s
[600059.7] V8_G1_NC2880: step 146 PREFIX_EVALUATED_NO_WINNER_DEFERRED pairs=24798 evals=2180 1021s
[600080.9] V8_G1_NC2880: step 147 ELEVATED pairs=24654 evals=2196 1043s
[600085.9] V8_G1_NC2880: step 148 PREFIX_EVALUATED_NO_WINNER_DEFERRED pairs=24654 evals=2212 1048s
[600090.5] V8_G1_NC2880: step 149 PREFIX_EVALUATED_NO_WINNER_DEFERRED pairs=24654 evals=2228 1052s
[600095.3] V8_G1_NC2880: step 150 PREFIX_EVALUATED_NO_WINNER_DEFERRED pairs=24654 evals=2244 1057s
[600100.0] V8_G1_NC2880: step 151 PREFIX_EVALUATED_NO_WINNER_DEFERRED pairs=24654 evals=2260 1062s
[600120.0] V8_G1_NC2880: step 152 ELEVATED pairs=24512 evals=2276 1082s
[600124.8] V8_G1_NC2880: step 153 PREFIX_EVALUATED_NO_WINNER_DEFERRED pairs=24512 evals=2292 1086s
[600129.8] V8_G1_NC2880: step 154 PREFIX_EVALUATED_NO_WINNER_DEFERRED pairs=24512 evals=2308 1091s
[600134.7] V8_G1_NC2880: step 155 PREFIX_EVALUATED_NO_WINNER_DEFERRED pairs=24512 evals=2324 1096s
[600139.6] V8_G1_NC2880: step 156 PREFIX_EVALUATED_NO_WINNER_DEFERRED pairs=24512 evals=2340 1101s
[600143.9] V8_G1_NC2880: step 157 PREFIX_EVALUATED_NO_WINNER_DEFERRED pairs=24512 evals=2356 1106s
[600152.7] V8_G1_NC2880: step 158 ELEVATED pairs=24387 evals=2372 1114s
[600157.6] V8_G1_NC2880: step 159 PREFIX_EVALUATED_NO_WINNER_DEFERRED pairs=24387 evals=2388 1119s
[600162.5] V8_G1_NC2880: step 160 PREFIX_EVALUATED_NO_WINNER_DEFERRED pairs=24387 evals=2404 1124s
[600167.4] V8_G1_NC2880: step 161 PREFIX_EVALUATED_NO_WINNER_DEFERRED pairs=24387 evals=2420 1129s
[600172.1] V8_G1_NC2880: step 162 PREFIX_EVALUATED_NO_WINNER_DEFERRED pairs=24387 evals=2436 1134s
[600186.6] V8_G1_NC2880: step 163 ELEVATED pairs=24247 evals=2452 1148s
[600191.3] V8_G1_NC2880: step 164 PREFIX_EVALUATED_NO_WINNER_DEFERRED pairs=24247 evals=2468 1153s
[600196.1] V8_G1_NC2880: step 165 PREFIX_EVALUATED_NO_WINNER_DEFERRED pairs=24247 evals=2484 1158s
[600200.9] V8_G1_NC2880: step 166 PREFIX_EVALUATED_NO_WINNER_DEFERRED pairs=24247 evals=2500 1163s
[600205.6] V8_G1_NC2880: step 167 PREFIX_EVALUATED_NO_WINNER_DEFERRED pairs=24247 evals=2516 1167s
[600209.6] V8_G1_NC2880: step 168 PREFIX_EVALUATED_NO_WINNER_DEFERRED pairs=24247 evals=2532 1171s
[600222.7] V8_G1_NC2880: step 169 ELEVATED pairs=24146 evals=2548 1184s
[600227.7] V8_G1_NC2880: step 170 PREFIX_EVALUATED_NO_WINNER_DEFERRED pairs=24146 evals=2564 1189s
[600232.4] V8_G1_NC2880: step 171 PREFIX_EVALUATED_NO_WINNER_DEFERRED pairs=24146 evals=2580 1194s
[600237.1] V8_G1_NC2880: step 172 PREFIX_EVALUATED_NO_WINNER_DEFERRED pairs=24146 evals=2596 1199s
[600241.8] V8_G1_NC2880: step 173 PREFIX_EVALUATED_NO_WINNER_DEFERRED pairs=24146 evals=2612 1204s
[600246.0] V8_G1_NC2880: step 174 PREFIX_EVALUATED_NO_WINNER_DEFERRED pairs=24146 evals=2628 1208s
[600273.7] V8_G1_NC2880: step 175 ELEVATED pairs=24006 evals=2644 1235s
[600278.5] V8_G1_NC2880: step 176 PREFIX_EVALUATED_NO_WINNER_DEFERRED pairs=24006 evals=2660 1240s
[600283.1] V8_G1_NC2880: step 177 PREFIX_EVALUATED_NO_WINNER_DEFERRED pairs=24006 evals=2676 1245s
[600287.7] V8_G1_NC2880: step 178 PREFIX_EVALUATED_NO_WINNER_DEFERRED pairs=24006 evals=2692 1249s
[600292.3] V8_G1_NC2880: step 179 PREFIX_EVALUATED_NO_WINNER_DEFERRED pairs=24006 evals=2708 1254s
[600296.5] V8_G1_NC2880: step 180 PREFIX_EVALUATED_NO_WINNER_DEFERRED pairs=24006 evals=2724 1258s
[600314.6] V8_G1_NC2880: step 181 ELEVATED pairs=23883 evals=2740 1276s
[600319.6] V8_G1_NC2880: step 182 PREFIX_EVALUATED_NO_WINNER_DEFERRED pairs=23883 evals=2756 1281s
[600324.5] V8_G1_NC2880: step 183 PREFIX_EVALUATED_NO_WINNER_DEFERRED pairs=23883 evals=2772 1286s
[600329.3] V8_G1_NC2880: step 184 PREFIX_EVALUATED_NO_WINNER_DEFERRED pairs=23883 evals=2788 1291s
[600334.0] V8_G1_NC2880: step 185 PREFIX_EVALUATED_NO_WINNER_DEFERRED pairs=23883 evals=2804 1296s
[600338.4] V8_G1_NC2880: step 186 PREFIX_EVALUATED_NO_WINNER_DEFERRED pairs=23883 evals=2820 1300s
[600363.5] V8_G1_NC2880: step 187 ELEVATED pairs=23745 evals=2836 1325s
[600368.3] V8_G1_NC2880: step 188 PREFIX_EVALUATED_NO_WINNER_DEFERRED pairs=23745 evals=2852 1330s
[600373.1] V8_G1_NC2880: step 189 PREFIX_EVALUATED_NO_WINNER_DEFERRED pairs=23745 evals=2868 1335s
[600376.9] V8_G1_NC2880: step 190 ABORTED_CANDIDATE_BUDGET pairs=23745 evals=2880 1339s
[600377.4] V8_G1_NC2880: done final=23745 moves=47 first=47 reloc=0 ret=0 evals=2880 stop=CANDIDATE_BUDGET_EXHAUSTED
[600440.6] V8_G1_NC2880: recheck PASS checks=130816
