[606248.0] V8_G0_NEUTRALITY_R2880_refreeze: start mode=R budget=2880 spec={"name": "V8_G0_NEUTRALITY", "target_policy": "LEGACY", "evaluation_policy": "E2_ORDERED_K16", "traversal_policy": "BASE", "max_targets": 200, "k_per_target": 16, "family_round_robin": false, "relocation_side_reserve": 0, "waiting_age": false, "route_coverage": false, "multi_anchor": false, "exact_dedup": false, "decision_cache": false, "return_action": false, "cache_structural_skips": false, "window_slack_mm": 1e-05, "generation_domain": "LINE_ONLY", "path_window_settings": null, "stage_length_cap_mm": null, "notes": ""}
[606248.0] V8_G0_NEUTRALITY_R2880_refreeze: start state=main C:\Users\lihao\Desktop\Graduation Project\OpticalWaveguideRouter3D\outputs\3d_strategy_v3\512_ablation\D_both_enabled pairs=42909
[606250.9] V8_G0_NEUTRALITY_R2880_refreeze: INITIAL_DONE pairs=42909
[606251.0] V8_G0_NEUTRALITY_R2880_refreeze: step 1 NO_CANDIDATES_GENERATED pairs=42909 evals=0 0s
[606251.1] V8_G0_NEUTRALITY_R2880_refreeze: step 2 NO_CANDIDATES_GENERATED pairs=42909 evals=0 0s
[606255.4] V8_G0_NEUTRALITY_R2880_refreeze: step 3 ELEVATED pairs=42661 evals=16 4s
[606262.8] V8_G0_NEUTRALITY_R2880_refreeze: step 4 ELEVATED pairs=42487 evals=32 12s
[606269.0] V8_G0_NEUTRALITY_R2880_refreeze: step 5 ELEVATED pairs=42305 evals=48 18s
[606275.3] V8_G0_NEUTRALITY_R2880_refreeze: step 6 ELEVATED pairs=42121 evals=64 24s
[606281.7] V8_G0_NEUTRALITY_R2880_refreeze: step 7 ELEVATED pairs=41936 evals=80 31s
[606286.4] V8_G0_NEUTRALITY_R2880_refreeze: step 8 ELEVATED pairs=41680 evals=96 35s
[606292.9] V8_G0_NEUTRALITY_R2880_refreeze: step 9 ELEVATED pairs=41486 evals=112 42s
[606297.4] V8_G0_NEUTRALITY_R2880_refreeze: step 10 ELEVATED pairs=41225 evals=128 46s
[606306.3] V8_G0_NEUTRALITY_R2880_refreeze: step 11 ELEVATED pairs=41046 evals=144 55s
[606315.2] V8_G0_NEUTRALITY_R2880_refreeze: step 12 ELEVATED pairs=40867 evals=160 64s
[606319.6] V8_G0_NEUTRALITY_R2880_refreeze: step 13 ELEVATED pairs=40628 evals=176 69s
[606325.5] V8_G0_NEUTRALITY_R2880_refreeze: step 14 ELEVATED pairs=40377 evals=192 74s
[606329.5] V8_G0_NEUTRALITY_R2880_refreeze: step 15 ELEVATED pairs=40136 evals=208 78s
[606335.3] V8_G0_NEUTRALITY_R2880_refreeze: step 16 ELEVATED pairs=39887 evals=224 84s
[606341.2] V8_G0_NEUTRALITY_R2880_refreeze: step 17 ELEVATED pairs=39640 evals=240 90s
[606346.8] V8_G0_NEUTRALITY_R2880_refreeze: step 18 ELEVATED pairs=39399 evals=256 96s
[606352.7] V8_G0_NEUTRALITY_R2880_refreeze: step 19 ELEVATED pairs=39175 evals=272 102s
[606358.4] V8_G0_NEUTRALITY_R2880_refreeze: step 20 ELEVATED pairs=38969 evals=288 107s
[606366.2] V8_G0_NEUTRALITY_R2880_refreeze: step 21 ELEVATED pairs=38811 evals=304 115s
[606372.1] V8_G0_NEUTRALITY_R2880_refreeze: step 22 ELEVATED pairs=38668 evals=320 121s
[606377.6] V8_G0_NEUTRALITY_R2880_refreeze: step 23 ELEVATED pairs=38466 evals=336 127s
[606383.2] V8_G0_NEUTRALITY_R2880_refreeze: step 24 ELEVATED pairs=38332 evals=352 132s
[606387.8] V8_G0_NEUTRALITY_R2880_refreeze: step 25 ELEVATED pairs=38108 evals=368 137s
[606393.6] V8_G0_NEUTRALITY_R2880_refreeze: step 26 ELEVATED pairs=37974 evals=384 143s
[606398.3] V8_G0_NEUTRALITY_R2880_refreeze: step 27 ELEVATED pairs=37771 evals=400 147s
[606403.1] V8_G0_NEUTRALITY_R2880_refreeze: step 28 ELEVATED pairs=37568 evals=416 152s
[606407.1] V8_G0_NEUTRALITY_R2880_refreeze: step 29 ELEVATED pairs=37338 evals=432 156s
[606411.0] V8_G0_NEUTRALITY_R2880_refreeze: step 30 ELEVATED pairs=37110 evals=448 160s
[606416.6] V8_G0_NEUTRALITY_R2880_refreeze: step 31 ELEVATED pairs=36910 evals=464 166s
[606420.7] V8_G0_NEUTRALITY_R2880_refreeze: step 32 ELEVATED pairs=36684 evals=480 170s
[606426.0] V8_G0_NEUTRALITY_R2880_refreeze: step 33 ELEVATED pairs=36466 evals=496 175s
[606431.1] V8_G0_NEUTRALITY_R2880_refreeze: step 34 ELEVATED pairs=36269 evals=512 180s
[606439.9] V8_G0_NEUTRALITY_R2880_refreeze: step 35 ELEVATED pairs=36073 evals=528 189s
[606446.2] V8_G0_NEUTRALITY_R2880_refreeze: step 36 ELEVATED pairs=35887 evals=544 195s
[606451.3] V8_G0_NEUTRALITY_R2880_refreeze: step 37 ELEVATED pairs=35774 evals=560 200s
[606457.1] V8_G0_NEUTRALITY_R2880_refreeze: step 38 ELEVATED pairs=35543 evals=576 206s
[606461.8] V8_G0_NEUTRALITY_R2880_refreeze: step 39 ELEVATED pairs=35343 evals=592 211s
[606467.7] V8_G0_NEUTRALITY_R2880_refreeze: step 40 ELEVATED pairs=35138 evals=608 217s
[606467.8] V8_G0_NEUTRALITY_R2880_refreeze: step 41 NO_CANDIDATES_GENERATED pairs=35138 evals=608 217s
[606467.9] V8_G0_NEUTRALITY_R2880_refreeze: step 42 NO_CANDIDATES_GENERATED pairs=35138 evals=608 217s
[606473.8] V8_G0_NEUTRALITY_R2880_refreeze: step 43 ELEVATED pairs=34935 evals=624 223s
[606479.7] V8_G0_NEUTRALITY_R2880_refreeze: step 44 ELEVATED pairs=34734 evals=640 229s
[606483.7] V8_G0_NEUTRALITY_R2880_refreeze: step 45 ELEVATED pairs=34539 evals=656 233s
[606490.0] V8_G0_NEUTRALITY_R2880_refreeze: step 46 ELEVATED pairs=34340 evals=672 239s
[606496.5] V8_G0_NEUTRALITY_R2880_refreeze: step 47 ELEVATED pairs=34143 evals=688 245s
[606502.3] V8_G0_NEUTRALITY_R2880_refreeze: step 48 ELEVATED pairs=33933 evals=704 251s
[606509.3] V8_G0_NEUTRALITY_R2880_refreeze: step 49 ELEVATED pairs=33738 evals=720 258s
[606515.1] V8_G0_NEUTRALITY_R2880_refreeze: step 50 ELEVATED pairs=33530 evals=736 264s
[606519.9] V8_G0_NEUTRALITY_R2880_refreeze: step 51 ELEVATED pairs=33326 evals=752 269s
[606527.1] V8_G0_NEUTRALITY_R2880_refreeze: step 52 ELEVATED pairs=33133 evals=768 276s
[606532.8] V8_G0_NEUTRALITY_R2880_refreeze: step 53 ELEVATED pairs=32926 evals=784 282s
[606540.3] V8_G0_NEUTRALITY_R2880_refreeze: step 54 ELEVATED pairs=32735 evals=800 289s
[606546.0] V8_G0_NEUTRALITY_R2880_refreeze: step 55 ELEVATED pairs=32530 evals=816 295s
[606553.7] V8_G0_NEUTRALITY_R2880_refreeze: step 56 ELEVATED pairs=32341 evals=832 303s
[606559.6] V8_G0_NEUTRALITY_R2880_refreeze: step 57 ELEVATED pairs=32137 evals=848 309s
[606567.5] V8_G0_NEUTRALITY_R2880_refreeze: step 58 ELEVATED pairs=31950 evals=864 316s
[606571.4] V8_G0_NEUTRALITY_R2880_refreeze: step 59 ELEVATED pairs=31792 evals=880 320s
[606577.3] V8_G0_NEUTRALITY_R2880_refreeze: step 60 ELEVATED pairs=31590 evals=896 326s
[606582.9] V8_G0_NEUTRALITY_R2880_refreeze: step 61 ELEVATED pairs=31389 evals=912 332s
[606588.1] V8_G0_NEUTRALITY_R2880_refreeze: step 62 ELEVATED pairs=31226 evals=928 337s
[606593.8] V8_G0_NEUTRALITY_R2880_refreeze: step 63 ELEVATED pairs=31027 evals=944 343s
[606599.4] V8_G0_NEUTRALITY_R2880_refreeze: step 64 ELEVATED pairs=30829 evals=960 348s
[606599.5] V8_G0_NEUTRALITY_R2880_refreeze: step 65 NO_CANDIDATES_GENERATED pairs=30829 evals=960 348s
[606599.7] V8_G0_NEUTRALITY_R2880_refreeze: step 66 NO_CANDIDATES_GENERATED pairs=30829 evals=960 349s
[606599.8] V8_G0_NEUTRALITY_R2880_refreeze: step 67 NO_CANDIDATES_GENERATED pairs=30829 evals=960 349s
[606605.4] V8_G0_NEUTRALITY_R2880_refreeze: step 68 ELEVATED pairs=30633 evals=976 354s
[606610.3] V8_G0_NEUTRALITY_R2880_refreeze: step 69 ELEVATED pairs=30481 evals=992 359s
[606615.1] V8_G0_NEUTRALITY_R2880_refreeze: step 70 ELEVATED pairs=30367 evals=1008 364s
[606620.9] V8_G0_NEUTRALITY_R2880_refreeze: step 71 ELEVATED pairs=30214 evals=1024 370s
[606624.7] V8_G0_NEUTRALITY_R2880_refreeze: step 72 ELEVATED pairs=30030 evals=1033 374s
[606630.3] V8_G0_NEUTRALITY_R2880_refreeze: step 73 ELEVATED pairs=29879 evals=1049 379s
[606634.2] V8_G0_NEUTRALITY_R2880_refreeze: step 74 ELEVATED pairs=29697 evals=1058 383s
[606639.8] V8_G0_NEUTRALITY_R2880_refreeze: step 75 ELEVATED pairs=29548 evals=1074 389s
[606643.8] V8_G0_NEUTRALITY_R2880_refreeze: step 76 ELEVATED pairs=29368 evals=1083 393s
[606647.6] V8_G0_NEUTRALITY_R2880_refreeze: step 77 ELEVATED pairs=29190 evals=1092 397s
[606657.8] V8_G0_NEUTRALITY_R2880_refreeze: step 78 ELEVATED pairs=28961 evals=1108 407s
[606661.2] V8_G0_NEUTRALITY_R2880_refreeze: step 79 ELEVATED pairs=28776 evals=1124 410s
[606664.8] V8_G0_NEUTRALITY_R2880_refreeze: step 80 ELEVATED pairs=28593 evals=1140 414s
[606668.5] V8_G0_NEUTRALITY_R2880_refreeze: step 81 ELEVATED pairs=28412 evals=1156 417s
[606672.3] V8_G0_NEUTRALITY_R2880_refreeze: step 82 ELEVATED pairs=28233 evals=1172 421s
[606676.1] V8_G0_NEUTRALITY_R2880_refreeze: step 83 ELEVATED pairs=28134 evals=1188 425s
[606680.8] V8_G0_NEUTRALITY_R2880_refreeze: step 84 ELEVATED pairs=28022 evals=1204 430s
[606684.6] V8_G0_NEUTRALITY_R2880_refreeze: step 85 ELEVATED pairs=27902 evals=1220 434s
[606688.3] V8_G0_NEUTRALITY_R2880_refreeze: step 86 ELEVATED pairs=27782 evals=1236 437s
[606692.0] V8_G0_NEUTRALITY_R2880_refreeze: step 87 ELEVATED pairs=27662 evals=1252 441s
[606695.6] V8_G0_NEUTRALITY_R2880_refreeze: step 88 ELEVATED pairs=27514 evals=1268 445s
[606699.2] V8_G0_NEUTRALITY_R2880_refreeze: step 89 ELEVATED pairs=27394 evals=1284 448s
[606703.6] V8_G0_NEUTRALITY_R2880_refreeze: step 90 ELEVATED pairs=27248 evals=1300 452s
[606708.3] V8_G0_NEUTRALITY_R2880_refreeze: step 91 ELEVATED pairs=27092 evals=1316 457s
[606712.6] V8_G0_NEUTRALITY_R2880_refreeze: step 92 PREFIX_EVALUATED_NO_WINNER_DEFERRED pairs=27092 evals=1332 462s
[606717.1] V8_G0_NEUTRALITY_R2880_refreeze: step 93 ELEVATED pairs=26951 evals=1348 466s
[606721.2] V8_G0_NEUTRALITY_R2880_refreeze: step 94 PREFIX_EVALUATED_NO_WINNER_DEFERRED pairs=26951 evals=1364 470s
[606725.4] V8_G0_NEUTRALITY_R2880_refreeze: step 95 ELEVATED pairs=26895 evals=1380 474s
[606729.9] V8_G0_NEUTRALITY_R2880_refreeze: step 96 ELEVATED pairs=26781 evals=1396 479s
[606735.5] V8_G0_NEUTRALITY_R2880_refreeze: step 97 ELEVATED pairs=26690 evals=1412 484s
[606740.7] V8_G0_NEUTRALITY_R2880_refreeze: step 98 ELEVATED pairs=26525 evals=1428 490s
[606744.9] V8_G0_NEUTRALITY_R2880_refreeze: step 99 ELEVATED pairs=26436 evals=1444 494s
[606750.0] V8_G0_NEUTRALITY_R2880_refreeze: step 100 ELEVATED pairs=26273 evals=1460 499s
[606755.3] V8_G0_NEUTRALITY_R2880_refreeze: step 101 ELEVATED pairs=26112 evals=1476 504s
[606759.0] V8_G0_NEUTRALITY_R2880_refreeze: step 102 ELEVATED pairs=26016 evals=1492 508s
[606765.6] V8_G0_NEUTRALITY_R2880_refreeze: step 103 ELEVATED pairs=25857 evals=1508 515s
[606769.6] V8_G0_NEUTRALITY_R2880_refreeze: step 104 ELEVATED pairs=25803 evals=1524 519s
[606775.0] V8_G0_NEUTRALITY_R2880_refreeze: step 105 ELEVATED pairs=25644 evals=1540 524s
[606780.7] V8_G0_NEUTRALITY_R2880_refreeze: step 106 ELEVATED pairs=25487 evals=1556 530s
[606784.5] V8_G0_NEUTRALITY_R2880_refreeze: step 107 ELEVATED pairs=25361 evals=1572 533s
[606791.4] V8_G0_NEUTRALITY_R2880_refreeze: step 108 ELEVATED pairs=25207 evals=1588 540s
[606797.3] V8_G0_NEUTRALITY_R2880_refreeze: step 109 ELEVATED pairs=25144 evals=1604 546s
[606802.0] V8_G0_NEUTRALITY_R2880_refreeze: step 110 ELEVATED pairs=24969 evals=1620 551s
[606806.4] V8_G0_NEUTRALITY_R2880_refreeze: step 111 ELEVATED pairs=24796 evals=1636 555s
[606811.5] V8_G0_NEUTRALITY_R2880_refreeze: step 112 ELEVATED pairs=24735 evals=1652 560s
[606820.8] V8_G0_NEUTRALITY_R2880_refreeze: step 113 ELEVATED pairs=24607 evals=1668 570s
[606829.9] V8_G0_NEUTRALITY_R2880_refreeze: step 114 ELEVATED pairs=24481 evals=1684 579s
[606834.9] V8_G0_NEUTRALITY_R2880_refreeze: step 115 ELEVATED pairs=24411 evals=1700 584s
[606841.3] V8_G0_NEUTRALITY_R2880_refreeze: step 116 ELEVATED pairs=24317 evals=1709 590s
[606849.5] V8_G0_NEUTRALITY_R2880_refreeze: step 117 ELEVATED pairs=24173 evals=1725 598s
[606853.7] V8_G0_NEUTRALITY_R2880_refreeze: step 118 ELEVATED pairs=24079 evals=1741 603s
[606861.4] V8_G0_NEUTRALITY_R2880_refreeze: step 119 ELEVATED pairs=23935 evals=1757 610s
[606869.0] V8_G0_NEUTRALITY_R2880_refreeze: step 120 ELEVATED pairs=23791 evals=1773 618s
[606873.0] V8_G0_NEUTRALITY_R2880_refreeze: step 121 ELEVATED pairs=23698 evals=1789 622s
[606881.0] V8_G0_NEUTRALITY_R2880_refreeze: step 122 ELEVATED pairs=23554 evals=1805 630s
[606894.3] V8_G0_NEUTRALITY_R2880_refreeze: step 123 ELEVATED pairs=23440 evals=1821 643s
[606901.2] V8_G0_NEUTRALITY_R2880_refreeze: step 124 ELEVATED pairs=23259 evals=1837 650s
[606915.3] V8_G0_NEUTRALITY_R2880_refreeze: step 125 ELEVATED pairs=23145 evals=1853 664s
[606930.5] V8_G0_NEUTRALITY_R2880_refreeze: step 126 ELEVATED pairs=23031 evals=1869 679s
[606939.8] V8_G0_NEUTRALITY_R2880_refreeze: step 127 ELEVATED pairs=22866 evals=1885 689s
[606955.1] V8_G0_NEUTRALITY_R2880_refreeze: step 128 ELEVATED pairs=22752 evals=1901 704s
[606966.8] V8_G0_NEUTRALITY_R2880_refreeze: step 129 ELEVATED pairs=22589 evals=1917 716s
[606980.5] V8_G0_NEUTRALITY_R2880_refreeze: step 130 ELEVATED pairs=22428 evals=1933 729s
[606994.7] V8_G0_NEUTRALITY_R2880_refreeze: step 131 ELEVATED pairs=22269 evals=1949 744s
[607002.1] V8_G0_NEUTRALITY_R2880_refreeze: step 132 ELEVATED pairs=22187 evals=1965 751s
[607008.0] V8_G0_NEUTRALITY_R2880_refreeze: step 133 ELEVATED pairs=22053 evals=1981 757s
[607013.7] V8_G0_NEUTRALITY_R2880_refreeze: step 134 ELEVATED pairs=21921 evals=1997 763s
[607023.1] V8_G0_NEUTRALITY_R2880_refreeze: step 135 ELEVATED pairs=21793 evals=2013 772s
[607028.8] V8_G0_NEUTRALITY_R2880_refreeze: step 136 ELEVATED pairs=21663 evals=2029 778s
[607033.8] V8_G0_NEUTRALITY_R2880_refreeze: step 137 ELEVATED pairs=21599 evals=2045 783s
[607039.9] V8_G0_NEUTRALITY_R2880_refreeze: step 138 ELEVATED pairs=21536 evals=2061 789s
[607044.4] V8_G0_NEUTRALITY_R2880_refreeze: step 139 ELEVATED pairs=21473 evals=2077 793s
[607048.1] V8_G0_NEUTRALITY_R2880_refreeze: step 140 ELEVATED pairs=21404 evals=2093 797s
[607051.9] V8_G0_NEUTRALITY_R2880_refreeze: step 141 ELEVATED pairs=21335 evals=2109 801s
[607055.8] V8_G0_NEUTRALITY_R2880_refreeze: step 142 ELEVATED pairs=21266 evals=2125 805s
[607059.7] V8_G0_NEUTRALITY_R2880_refreeze: step 143 ELEVATED pairs=21197 evals=2141 809s
[607063.6] V8_G0_NEUTRALITY_R2880_refreeze: step 144 PREFIX_EVALUATED_NO_WINNER_DEFERRED pairs=21197 evals=2157 813s
[607073.2] V8_G0_NEUTRALITY_R2880_refreeze: step 145 ELEVATED pairs=21078 evals=2173 822s
[607077.3] V8_G0_NEUTRALITY_R2880_refreeze: step 146 PREFIX_EVALUATED_NO_WINNER_DEFERRED pairs=21078 evals=2189 826s
[607082.3] V8_G0_NEUTRALITY_R2880_refreeze: step 147 ELEVATED pairs=21032 evals=2205 831s
[607086.4] V8_G0_NEUTRALITY_R2880_refreeze: step 148 PREFIX_EVALUATED_NO_WINNER_DEFERRED pairs=21032 evals=2221 835s
[607091.4] V8_G0_NEUTRALITY_R2880_refreeze: step 149 ELEVATED pairs=20986 evals=2237 840s
[607095.3] V8_G0_NEUTRALITY_R2880_refreeze: step 150 PREFIX_EVALUATED_NO_WINNER_DEFERRED pairs=20986 evals=2253 844s
[607098.6] V8_G0_NEUTRALITY_R2880_refreeze: step 151 ELEVATED pairs=20932 evals=2269 848s
[607102.2] V8_G0_NEUTRALITY_R2880_refreeze: step 152 PREFIX_EVALUATED_NO_WINNER_DEFERRED pairs=20932 evals=2285 851s
[607105.7] V8_G0_NEUTRALITY_R2880_refreeze: step 153 ELEVATED pairs=20865 evals=2301 855s
[607109.4] V8_G0_NEUTRALITY_R2880_refreeze: step 154 PREFIX_EVALUATED_NO_WINNER_DEFERRED pairs=20865 evals=2317 858s
[607112.9] V8_G0_NEUTRALITY_R2880_refreeze: step 155 ELEVATED pairs=20798 evals=2333 862s
[607116.4] V8_G0_NEUTRALITY_R2880_refreeze: step 156 PREFIX_EVALUATED_NO_WINNER_DEFERRED pairs=20798 evals=2349 865s
[607119.8] V8_G0_NEUTRALITY_R2880_refreeze: step 157 ELEVATED pairs=20731 evals=2365 869s
[607123.5] V8_G0_NEUTRALITY_R2880_refreeze: step 158 PREFIX_EVALUATED_NO_WINNER_DEFERRED pairs=20731 evals=2381 872s
[607129.9] V8_G0_NEUTRALITY_R2880_refreeze: step 159 ELEVATED pairs=20568 evals=2397 879s
[607133.7] V8_G0_NEUTRALITY_R2880_refreeze: step 160 PREFIX_EVALUATED_NO_WINNER_DEFERRED pairs=20568 evals=2413 883s
[607137.1] V8_G0_NEUTRALITY_R2880_refreeze: step 161 ELEVATED pairs=20508 evals=2429 886s
[607140.8] V8_G0_NEUTRALITY_R2880_refreeze: step 162 PREFIX_EVALUATED_NO_WINNER_DEFERRED pairs=20508 evals=2445 890s
[607144.0] V8_G0_NEUTRALITY_R2880_refreeze: step 163 ELEVATED pairs=20448 evals=2461 893s
[607147.5] V8_G0_NEUTRALITY_R2880_refreeze: step 164 PREFIX_EVALUATED_NO_WINNER_DEFERRED pairs=20448 evals=2477 896s
[607153.5] V8_G0_NEUTRALITY_R2880_refreeze: step 165 ELEVATED pairs=20287 evals=2493 902s
[607157.0] V8_G0_NEUTRALITY_R2880_refreeze: step 166 PREFIX_EVALUATED_NO_WINNER_DEFERRED pairs=20287 evals=2509 906s
[607160.3] V8_G0_NEUTRALITY_R2880_refreeze: step 167 ELEVATED pairs=20221 evals=2525 909s
[607163.8] V8_G0_NEUTRALITY_R2880_refreeze: step 168 PREFIX_EVALUATED_NO_WINNER_DEFERRED pairs=20221 evals=2541 913s
[607169.8] V8_G0_NEUTRALITY_R2880_refreeze: step 169 ELEVATED pairs=20062 evals=2557 919s
[607173.5] V8_G0_NEUTRALITY_R2880_refreeze: step 170 PREFIX_EVALUATED_NO_WINNER_DEFERRED pairs=20062 evals=2573 922s
[607177.7] V8_G0_NEUTRALITY_R2880_refreeze: step 171 PREFIX_EVALUATED_NO_WINNER_DEFERRED pairs=20062 evals=2589 927s
[607183.3] V8_G0_NEUTRALITY_R2880_refreeze: step 172 ELEVATED pairs=19997 evals=2598 932s
[607186.9] V8_G0_NEUTRALITY_R2880_refreeze: step 173 PREFIX_EVALUATED_NO_WINNER_DEFERRED pairs=19997 evals=2614 936s
[607191.0] V8_G0_NEUTRALITY_R2880_refreeze: step 174 PREFIX_EVALUATED_NO_WINNER_DEFERRED pairs=19997 evals=2630 940s
[607196.3] V8_G0_NEUTRALITY_R2880_refreeze: step 175 ELEVATED pairs=19848 evals=2646 945s
[607199.9] V8_G0_NEUTRALITY_R2880_refreeze: step 176 PREFIX_EVALUATED_NO_WINNER_DEFERRED pairs=19848 evals=2662 949s
[607204.0] V8_G0_NEUTRALITY_R2880_refreeze: step 177 PREFIX_EVALUATED_NO_WINNER_DEFERRED pairs=19848 evals=2678 953s
[607207.7] V8_G0_NEUTRALITY_R2880_refreeze: step 178 ELEVATED pairs=19770 evals=2694 957s
[607211.4] V8_G0_NEUTRALITY_R2880_refreeze: step 179 PREFIX_EVALUATED_NO_WINNER_DEFERRED pairs=19770 evals=2710 960s
[607215.8] V8_G0_NEUTRALITY_R2880_refreeze: step 180 PREFIX_EVALUATED_NO_WINNER_DEFERRED pairs=19770 evals=2726 965s
[607221.4] V8_G0_NEUTRALITY_R2880_refreeze: step 181 ELEVATED pairs=19623 evals=2742 970s
[607225.0] V8_G0_NEUTRALITY_R2880_refreeze: step 182 PREFIX_EVALUATED_NO_WINNER_DEFERRED pairs=19623 evals=2758 974s
[607229.3] V8_G0_NEUTRALITY_R2880_refreeze: step 183 PREFIX_EVALUATED_NO_WINNER_DEFERRED pairs=19623 evals=2774 978s
[607234.6] V8_G0_NEUTRALITY_R2880_refreeze: step 184 ELEVATED pairs=19478 evals=2790 984s
[607238.4] V8_G0_NEUTRALITY_R2880_refreeze: step 185 PREFIX_EVALUATED_NO_WINNER_DEFERRED pairs=19478 evals=2806 987s
[607242.7] V8_G0_NEUTRALITY_R2880_refreeze: step 186 PREFIX_EVALUATED_NO_WINNER_DEFERRED pairs=19478 evals=2822 992s
[607248.2] V8_G0_NEUTRALITY_R2880_refreeze: step 187 ELEVATED pairs=19335 evals=2838 997s
[607251.7] V8_G0_NEUTRALITY_R2880_refreeze: step 188 PREFIX_EVALUATED_NO_WINNER_DEFERRED pairs=19335 evals=2854 1001s
[607256.0] V8_G0_NEUTRALITY_R2880_refreeze: step 189 PREFIX_EVALUATED_NO_WINNER_DEFERRED pairs=19335 evals=2870 1005s
[607258.0] V8_G0_NEUTRALITY_R2880_refreeze: step 190 ELEVATED pairs=19233 evals=2880 1007s
[607258.2] V8_G0_NEUTRALITY_R2880_refreeze: done final=19233 moves=154 first=154 reloc=0 ret=0 evals=2880 stop=CANDIDATE_BUDGET_EXHAUSTED
[607295.3] V8_G0_NEUTRALITY_R2880_refreeze: recheck PASS checks=130816
