[606168.8] V8_G0_NEUTRALITY_R720_refreeze: start mode=R budget=720 spec={"name": "V8_G0_NEUTRALITY", "target_policy": "LEGACY", "evaluation_policy": "E2_ORDERED_K16", "traversal_policy": "BASE", "max_targets": 200, "k_per_target": 16, "family_round_robin": false, "relocation_side_reserve": 0, "waiting_age": false, "route_coverage": false, "multi_anchor": false, "exact_dedup": false, "decision_cache": false, "return_action": false, "cache_structural_skips": false, "window_slack_mm": 1e-05, "generation_domain": "LINE_ONLY", "path_window_settings": null, "stage_length_cap_mm": null, "notes": ""}
[606168.8] V8_G0_NEUTRALITY_R720_refreeze: start state=main C:\Users\lihao\Desktop\Graduation Project\OpticalWaveguideRouter3D\outputs\3d_strategy_v3\512_ablation\D_both_enabled pairs=42909
[606172.1] V8_G0_NEUTRALITY_R720_refreeze: INITIAL_DONE pairs=42909
[606172.2] V8_G0_NEUTRALITY_R720_refreeze: step 1 NO_CANDIDATES_GENERATED pairs=42909 evals=0 0s
[606172.3] V8_G0_NEUTRALITY_R720_refreeze: step 2 NO_CANDIDATES_GENERATED pairs=42909 evals=0 0s
[606177.4] V8_G0_NEUTRALITY_R720_refreeze: step 3 ELEVATED pairs=42661 evals=16 5s
[606186.0] V8_G0_NEUTRALITY_R720_refreeze: step 4 ELEVATED pairs=42487 evals=32 14s
[606193.0] V8_G0_NEUTRALITY_R720_refreeze: step 5 ELEVATED pairs=42305 evals=48 21s
[606200.0] V8_G0_NEUTRALITY_R720_refreeze: step 6 ELEVATED pairs=42121 evals=64 28s
[606207.3] V8_G0_NEUTRALITY_R720_refreeze: step 7 ELEVATED pairs=41936 evals=80 35s
[606212.7] V8_G0_NEUTRALITY_R720_refreeze: step 8 ELEVATED pairs=41680 evals=96 41s
[606220.2] V8_G0_NEUTRALITY_R720_refreeze: step 9 ELEVATED pairs=41486 evals=112 48s
[606225.3] V8_G0_NEUTRALITY_R720_refreeze: step 10 ELEVATED pairs=41225 evals=128 53s
[606234.5] V8_G0_NEUTRALITY_R720_refreeze: step 11 ELEVATED pairs=41046 evals=144 62s
[606243.7] V8_G0_NEUTRALITY_R720_refreeze: step 12 ELEVATED pairs=40867 evals=160 72s
[606248.2] V8_G0_NEUTRALITY_R720_refreeze: step 13 ELEVATED pairs=40628 evals=176 76s
[606254.0] V8_G0_NEUTRALITY_R720_refreeze: step 14 ELEVATED pairs=40377 evals=192 82s
[606258.1] V8_G0_NEUTRALITY_R720_refreeze: step 15 ELEVATED pairs=40136 evals=208 86s
[606263.8] V8_G0_NEUTRALITY_R720_refreeze: step 16 ELEVATED pairs=39887 evals=224 92s
[606269.7] V8_G0_NEUTRALITY_R720_refreeze: step 17 ELEVATED pairs=39640 evals=240 97s
[606275.1] V8_G0_NEUTRALITY_R720_refreeze: step 18 ELEVATED pairs=39399 evals=256 103s
[606281.2] V8_G0_NEUTRALITY_R720_refreeze: step 19 ELEVATED pairs=39175 evals=272 109s
[606286.9] V8_G0_NEUTRALITY_R720_refreeze: step 20 ELEVATED pairs=38969 evals=288 115s
[606294.5] V8_G0_NEUTRALITY_R720_refreeze: step 21 ELEVATED pairs=38811 evals=304 122s
[606300.4] V8_G0_NEUTRALITY_R720_refreeze: step 22 ELEVATED pairs=38668 evals=320 128s
[606305.8] V8_G0_NEUTRALITY_R720_refreeze: step 23 ELEVATED pairs=38466 evals=336 134s
[606311.4] V8_G0_NEUTRALITY_R720_refreeze: step 24 ELEVATED pairs=38332 evals=352 139s
[606316.1] V8_G0_NEUTRALITY_R720_refreeze: step 25 ELEVATED pairs=38108 evals=368 144s
[606321.9] V8_G0_NEUTRALITY_R720_refreeze: step 26 ELEVATED pairs=37974 evals=384 150s
[606326.5] V8_G0_NEUTRALITY_R720_refreeze: step 27 ELEVATED pairs=37771 evals=400 154s
[606331.3] V8_G0_NEUTRALITY_R720_refreeze: step 28 ELEVATED pairs=37568 evals=416 159s
[606335.2] V8_G0_NEUTRALITY_R720_refreeze: step 29 ELEVATED pairs=37338 evals=432 163s
[606339.2] V8_G0_NEUTRALITY_R720_refreeze: step 30 ELEVATED pairs=37110 evals=448 167s
[606344.7] V8_G0_NEUTRALITY_R720_refreeze: step 31 ELEVATED pairs=36910 evals=464 172s
[606348.5] V8_G0_NEUTRALITY_R720_refreeze: step 32 ELEVATED pairs=36684 evals=480 176s
[606353.8] V8_G0_NEUTRALITY_R720_refreeze: step 33 ELEVATED pairs=36466 evals=496 182s
[606359.0] V8_G0_NEUTRALITY_R720_refreeze: step 34 ELEVATED pairs=36269 evals=512 187s
[606368.0] V8_G0_NEUTRALITY_R720_refreeze: step 35 ELEVATED pairs=36073 evals=528 196s
[606374.5] V8_G0_NEUTRALITY_R720_refreeze: step 36 ELEVATED pairs=35887 evals=544 202s
[606379.7] V8_G0_NEUTRALITY_R720_refreeze: step 37 ELEVATED pairs=35774 evals=560 207s
[606385.5] V8_G0_NEUTRALITY_R720_refreeze: step 38 ELEVATED pairs=35543 evals=576 213s
[606390.2] V8_G0_NEUTRALITY_R720_refreeze: step 39 ELEVATED pairs=35343 evals=592 218s
[606396.0] V8_G0_NEUTRALITY_R720_refreeze: step 40 ELEVATED pairs=35138 evals=608 224s
[606396.1] V8_G0_NEUTRALITY_R720_refreeze: step 41 NO_CANDIDATES_GENERATED pairs=35138 evals=608 224s
[606396.2] V8_G0_NEUTRALITY_R720_refreeze: step 42 NO_CANDIDATES_GENERATED pairs=35138 evals=608 224s
[606402.1] V8_G0_NEUTRALITY_R720_refreeze: step 43 ELEVATED pairs=34935 evals=624 230s
[606408.5] V8_G0_NEUTRALITY_R720_refreeze: step 44 ELEVATED pairs=34734 evals=640 236s
[606412.9] V8_G0_NEUTRALITY_R720_refreeze: step 45 ELEVATED pairs=34539 evals=656 241s
[606419.9] V8_G0_NEUTRALITY_R720_refreeze: step 46 ELEVATED pairs=34340 evals=672 248s
[606426.8] V8_G0_NEUTRALITY_R720_refreeze: step 47 ELEVATED pairs=34143 evals=688 255s
[606433.0] V8_G0_NEUTRALITY_R720_refreeze: step 48 ELEVATED pairs=33933 evals=704 261s
[606440.4] V8_G0_NEUTRALITY_R720_refreeze: step 49 ELEVATED pairs=33738 evals=720 268s
[606440.6] V8_G0_NEUTRALITY_R720_refreeze: step 50 ABORTED_CANDIDATE_BUDGET pairs=33738 evals=720 268s
[606440.8] V8_G0_NEUTRALITY_R720_refreeze: done final=33738 moves=45 first=45 reloc=0 ret=0 evals=720 stop=CANDIDATE_BUDGET_EXHAUSTED
[606472.1] V8_G0_NEUTRALITY_R720_refreeze: recheck PASS checks=130816
