start-state rescan (main) ...
  main PASS pairs=42909 unresolved=3 elevated=24
[558645.4] IDEA_A_FAMILY_N2880: start mode=N budget=2880 spec={"name": "IDEA_A_FAMILY", "target_policy": "LEGACY", "evaluation_policy": "E2_ORDERED_K16", "traversal_policy": "BASE", "max_targets": 200, "k_per_target": 16, "family_round_robin": true, "relocation_side_reserve": 0, "waiting_age": false, "route_coverage": false, "multi_anchor": false, "exact_dedup": false, "decision_cache": false, "return_action": false, "cache_structural_skips": false, "window_slack_mm": 1e-05, "notes": ""}
[558645.4] IDEA_A_FAMILY_N2880: start state=main C:\Users\lihao\Desktop\Graduation Project\OpticalWaveguideRouter3D\outputs\3d_strategy_v3\512_ablation\D_both_enabled pairs=42909
[558653.8] IDEA_A_FAMILY_N2880: INITIAL_DONE pairs=42909
[558654.2] IDEA_A_FAMILY_N2880: step 1 NO_CANDIDATES_GENERATED pairs=42909 evals=0 1s
[558654.4] IDEA_A_FAMILY_N2880: step 2 NO_CANDIDATES_GENERATED pairs=42909 evals=0 1s
[558668.2] IDEA_A_FAMILY_N2880: step 3 ELEVATED pairs=42653 evals=16 15s
[558686.5] IDEA_A_FAMILY_N2880: step 4 ELEVATED pairs=42440 evals=32 33s
[558704.4] IDEA_A_FAMILY_N2880: step 5 ELEVATED pairs=42218 evals=48 51s
[558721.8] IDEA_A_FAMILY_N2880: step 6 ELEVATED pairs=41998 evals=64 68s
[558737.0] IDEA_A_FAMILY_N2880: step 7 ELEVATED pairs=41742 evals=80 84s
[558754.8] IDEA_A_FAMILY_N2880: step 8 ELEVATED pairs=41524 evals=96 101s
[558767.6] IDEA_A_FAMILY_N2880: step 9 ELEVATED pairs=41274 evals=112 114s
[558780.9] IDEA_A_FAMILY_N2880: step 10 ELEVATED pairs=41024 evals=128 128s
[558793.7] IDEA_A_FAMILY_N2880: step 11 ELEVATED pairs=40772 evals=144 140s
[558806.5] IDEA_A_FAMILY_N2880: step 12 ELEVATED pairs=40524 evals=160 153s
[558824.1] IDEA_A_FAMILY_N2880: step 13 ELEVATED pairs=40314 evals=176 171s
[558836.4] IDEA_A_FAMILY_N2880: step 14 ELEVATED pairs=40068 evals=192 183s
[558858.5] IDEA_A_FAMILY_N2880: step 15 ELEVATED pairs=39859 evals=208 205s
[558881.8] IDEA_A_FAMILY_N2880: step 16 ELEVATED pairs=39652 evals=224 228s
[558898.4] IDEA_A_FAMILY_N2880: step 17 ELEVATED pairs=39463 evals=240 245s
[558909.2] IDEA_A_FAMILY_N2880: step 18 ELEVATED pairs=39221 evals=256 256s
[558922.8] IDEA_A_FAMILY_N2880: step 19 ELEVATED pairs=38991 evals=272 269s
[558939.3] IDEA_A_FAMILY_N2880: step 20 ELEVATED pairs=38838 evals=288 286s
[558952.5] IDEA_A_FAMILY_N2880: step 21 ELEVATED pairs=38599 evals=304 299s
[558964.5] IDEA_A_FAMILY_N2880: step 22 ELEVATED pairs=38376 evals=320 311s
[558973.7] IDEA_A_FAMILY_N2880: step 23 ELEVATED pairs=38148 evals=336 320s
[558991.0] IDEA_A_FAMILY_N2880: step 24 ELEVATED pairs=37927 evals=352 338s
[559000.1] IDEA_A_FAMILY_N2880: step 25 ELEVATED pairs=37701 evals=368 347s
[559009.2] IDEA_A_FAMILY_N2880: step 26 ELEVATED pairs=37476 evals=384 356s
[559029.8] IDEA_A_FAMILY_N2880: step 27 ELEVATED pairs=37285 evals=400 376s
[559047.4] IDEA_A_FAMILY_N2880: step 28 ELEVATED pairs=37126 evals=416 394s
[559064.0] IDEA_A_FAMILY_N2880: step 29 ELEVATED pairs=36969 evals=432 411s
[559087.0] IDEA_A_FAMILY_N2880: step 30 ELEVATED pairs=36778 evals=448 434s
[559104.1] IDEA_A_FAMILY_N2880: step 31 ELEVATED pairs=36525 evals=464 451s
[559122.3] IDEA_A_FAMILY_N2880: step 32 ELEVATED pairs=36365 evals=480 469s
[559122.5] IDEA_A_FAMILY_N2880: step 33 NO_CANDIDATES_GENERATED pairs=36365 evals=480 469s
[559122.8] IDEA_A_FAMILY_N2880: step 34 NO_CANDIDATES_GENERATED pairs=36365 evals=480 469s
[559136.5] IDEA_A_FAMILY_N2880: step 35 ELEVATED pairs=36160 evals=496 483s
[559150.3] IDEA_A_FAMILY_N2880: step 36 ELEVATED pairs=35958 evals=512 497s
[559162.8] IDEA_A_FAMILY_N2880: step 37 ELEVATED pairs=35818 evals=528 509s
[559183.7] IDEA_A_FAMILY_N2880: step 38 ELEVATED pairs=35612 evals=544 530s
[559193.6] IDEA_A_FAMILY_N2880: step 39 ELEVATED pairs=35417 evals=560 540s
[559213.9] IDEA_A_FAMILY_N2880: step 40 ELEVATED pairs=35213 evals=576 561s
[559234.9] IDEA_A_FAMILY_N2880: step 41 ELEVATED pairs=35010 evals=592 582s
[559249.8] IDEA_A_FAMILY_N2880: step 42 ELEVATED pairs=34768 evals=608 596s
[559270.6] IDEA_A_FAMILY_N2880: step 43 ELEVATED pairs=34567 evals=624 617s
[559291.0] IDEA_A_FAMILY_N2880: step 44 ELEVATED pairs=34447 evals=640 638s
[559311.1] IDEA_A_FAMILY_N2880: step 45 ELEVATED pairs=34247 evals=656 658s
[559329.0] IDEA_A_FAMILY_N2880: step 46 ELEVATED pairs=34042 evals=672 676s
[559347.1] IDEA_A_FAMILY_N2880: step 47 ELEVATED pairs=33844 evals=688 694s
[559364.7] IDEA_A_FAMILY_N2880: step 48 ELEVATED pairs=33726 evals=704 711s
[559382.6] IDEA_A_FAMILY_N2880: step 49 ELEVATED pairs=33529 evals=720 729s
[559399.0] IDEA_A_FAMILY_N2880: step 50 ELEVATED pairs=33337 evals=736 746s
[559417.2] IDEA_A_FAMILY_N2880: step 51 ELEVATED pairs=33142 evals=752 764s
[559441.1] IDEA_A_FAMILY_N2880: step 52 ELEVATED pairs=32952 evals=768 788s
[559467.5] IDEA_A_FAMILY_N2880: step 53 ELEVATED pairs=32758 evals=784 814s
[559492.9] IDEA_A_FAMILY_N2880: step 54 ELEVATED pairs=32569 evals=800 840s
[559522.9] IDEA_A_FAMILY_N2880: step 55 ELEVATED pairs=32377 evals=816 870s
[559545.3] IDEA_A_FAMILY_N2880: step 56 ELEVATED pairs=32190 evals=832 892s
[559568.8] IDEA_A_FAMILY_N2880: step 57 ELEVATED pairs=32004 evals=848 915s
[559603.9] IDEA_A_FAMILY_N2880: step 58 ELEVATED pairs=31882 evals=864 951s
[559642.8] IDEA_A_FAMILY_N2880: step 59 ELEVATED pairs=31651 evals=880 989s
[559666.0] IDEA_A_FAMILY_N2880: step 60 ELEVATED pairs=31440 evals=896 1013s
[559695.7] IDEA_A_FAMILY_N2880: step 61 ELEVATED pairs=31252 evals=912 1042s
[559727.1] IDEA_A_FAMILY_N2880: step 62 ELEVATED pairs=31023 evals=928 1074s
[559750.0] IDEA_A_FAMILY_N2880: step 63 ELEVATED pairs=30837 evals=944 1097s
[559780.4] IDEA_A_FAMILY_N2880: step 64 ELEVATED pairs=30610 evals=960 1127s
[559800.3] IDEA_A_FAMILY_N2880: step 65 ELEVATED pairs=30426 evals=976 1147s
[559830.2] IDEA_A_FAMILY_N2880: step 66 ELEVATED pairs=30201 evals=992 1177s
[559852.8] IDEA_A_FAMILY_N2880: step 67 ELEVATED pairs=30018 evals=1008 1199s
[559882.4] IDEA_A_FAMILY_N2880: step 68 ELEVATED pairs=29795 evals=1024 1229s
[559916.6] IDEA_A_FAMILY_N2880: step 69 ELEVATED pairs=29574 evals=1040 1263s
[559930.7] IDEA_A_FAMILY_N2880: step 70 ELEVATED pairs=29437 evals=1056 1277s
[559960.2] IDEA_A_FAMILY_N2880: step 71 ELEVATED pairs=29219 evals=1072 1307s
[559976.7] IDEA_A_FAMILY_N2880: step 72 ELEVATED pairs=29046 evals=1088 1323s
[559993.4] IDEA_A_FAMILY_N2880: step 73 ELEVATED pairs=28907 evals=1104 1340s
[560023.3] IDEA_A_FAMILY_N2880: step 74 ELEVATED pairs=28690 evals=1120 1370s
[560041.1] IDEA_A_FAMILY_N2880: step 75 ELEVATED pairs=28550 evals=1136 1388s
[560059.8] IDEA_A_FAMILY_N2880: step 76 ELEVATED pairs=28409 evals=1152 1406s
[560086.5] IDEA_A_FAMILY_N2880: step 77 ELEVATED pairs=28194 evals=1168 1433s
[560099.2] IDEA_A_FAMILY_N2880: step 78 ELEVATED pairs=28021 evals=1177 1446s
[560114.6] IDEA_A_FAMILY_N2880: step 79 ELEVATED pairs=27850 evals=1186 1461s
[560134.7] IDEA_A_FAMILY_N2880: step 80 ELEVATED pairs=27698 evals=1202 1481s
[560147.3] IDEA_A_FAMILY_N2880: step 81 ELEVATED pairs=27529 evals=1211 1494s
[560170.2] IDEA_A_FAMILY_N2880: step 82 ELEVATED pairs=27354 evals=1227 1517s
[560180.5] IDEA_A_FAMILY_N2880: step 83 ELEVATED pairs=27187 evals=1236 1527s
[560194.8] IDEA_A_FAMILY_N2880: step 84 ELEVATED pairs=26978 evals=1252 1541s
[560213.8] IDEA_A_FAMILY_N2880: step 85 ELEVATED pairs=26963 evals=1268 1560s
[560233.2] IDEA_A_FAMILY_N2880: step 86 ELEVATED pairs=26753 evals=1284 1580s
[560252.7] IDEA_A_FAMILY_N2880: step 87 ELEVATED pairs=26590 evals=1300 1599s
[560264.1] IDEA_A_FAMILY_N2880: step 88 ELEVATED pairs=26388 evals=1316 1611s
[560264.4] IDEA_A_FAMILY_N2880: step 89 NO_CANDIDATES_GENERATED pairs=26388 evals=1316 1611s
[560264.8] IDEA_A_FAMILY_N2880: step 90 NO_CANDIDATES_GENERATED pairs=26388 evals=1316 1611s
[560287.6] IDEA_A_FAMILY_N2880: step 91 ELEVATED pairs=26188 evals=1332 1634s
[560307.3] IDEA_A_FAMILY_N2880: step 92 ELEVATED pairs=26060 evals=1348 1654s
[560327.1] IDEA_A_FAMILY_N2880: step 93 ELEVATED pairs=25946 evals=1364 1674s
[560341.9] IDEA_A_FAMILY_N2880: step 94 ELEVATED pairs=25827 evals=1380 1689s
[560361.1] IDEA_A_FAMILY_N2880: step 95 ELEVATED pairs=25665 evals=1396 1708s
[560379.5] IDEA_A_FAMILY_N2880: step 96 ELEVATED pairs=25504 evals=1412 1726s
[560379.9] IDEA_A_FAMILY_N2880: step 97 NO_CANDIDATES_GENERATED pairs=25504 evals=1412 1727s
[560380.2] IDEA_A_FAMILY_N2880: step 98 NO_CANDIDATES_GENERATED pairs=25504 evals=1412 1727s
[560380.5] IDEA_A_FAMILY_N2880: step 99 NO_CANDIDATES_GENERATED pairs=25504 evals=1412 1727s
[560380.9] IDEA_A_FAMILY_N2880: step 100 NO_CANDIDATES_GENERATED pairs=25504 evals=1412 1728s
[560381.2] IDEA_A_FAMILY_N2880: step 101 NO_CANDIDATES_GENERATED pairs=25504 evals=1412 1728s
[560381.5] IDEA_A_FAMILY_N2880: step 102 NO_CANDIDATES_GENERATED pairs=25504 evals=1412 1728s
[560399.8] IDEA_A_FAMILY_N2880: step 103 ELEVATED pairs=25345 evals=1428 1746s
[560424.3] IDEA_A_FAMILY_N2880: step 104 ELEVATED pairs=25187 evals=1444 1771s
[560443.2] IDEA_A_FAMILY_N2880: step 105 ELEVATED pairs=24999 evals=1460 1790s
[560463.7] IDEA_A_FAMILY_N2880: step 106 ELEVATED pairs=24813 evals=1476 1810s
[560476.6] IDEA_A_FAMILY_N2880: step 107 ELEVATED pairs=24670 evals=1492 1823s
[560501.4] IDEA_A_FAMILY_N2880: step 108 ELEVATED pairs=24486 evals=1508 1848s
[560519.2] IDEA_A_FAMILY_N2880: step 109 ELEVATED pairs=24329 evals=1524 1866s
[560543.4] IDEA_A_FAMILY_N2880: step 110 ELEVATED pairs=24147 evals=1540 1890s
[560560.0] IDEA_A_FAMILY_N2880: step 111 ELEVATED pairs=23992 evals=1556 1907s
[560576.7] IDEA_A_FAMILY_N2880: step 112 ELEVATED pairs=23839 evals=1572 1923s
[560593.3] IDEA_A_FAMILY_N2880: step 113 ELEVATED pairs=23694 evals=1588 1940s
[560609.8] IDEA_A_FAMILY_N2880: step 114 ELEVATED pairs=23552 evals=1604 1956s
[560632.7] IDEA_A_FAMILY_N2880: step 115 ELEVATED pairs=23396 evals=1620 1979s
[560654.6] IDEA_A_FAMILY_N2880: step 116 ELEVATED pairs=23290 evals=1636 2001s
[560676.1] IDEA_A_FAMILY_N2880: step 117 ELEVATED pairs=23186 evals=1652 2023s
[560693.9] IDEA_A_FAMILY_N2880: step 118 ELEVATED pairs=23054 evals=1668 2041s
[560709.2] IDEA_A_FAMILY_N2880: step 119 ELEVATED pairs=22938 evals=1684 2056s
[560727.3] IDEA_A_FAMILY_N2880: step 120 ELEVATED pairs=22837 evals=1693 2074s
[560741.2] IDEA_A_FAMILY_N2880: step 121 ELEVATED pairs=22691 evals=1709 2088s
[560754.5] IDEA_A_FAMILY_N2880: step 122 ELEVATED pairs=22553 evals=1725 2101s
[560767.9] IDEA_A_FAMILY_N2880: step 123 ELEVATED pairs=22417 evals=1741 2115s
[560781.2] IDEA_A_FAMILY_N2880: step 124 ELEVATED pairs=22274 evals=1757 2128s
[560794.4] IDEA_A_FAMILY_N2880: step 125 ELEVATED pairs=22140 evals=1773 2141s
[560808.9] IDEA_A_FAMILY_N2880: step 126 ELEVATED pairs=22000 evals=1789 2156s
[560848.3] IDEA_A_FAMILY_N2880: step 127 ELEVATED pairs=21884 evals=1805 2195s
[560886.3] IDEA_A_FAMILY_N2880: step 128 ELEVATED pairs=21762 evals=1821 2233s
[560925.8] IDEA_A_FAMILY_N2880: step 129 ELEVATED pairs=21651 evals=1837 2272s
[560961.5] IDEA_A_FAMILY_N2880: step 130 ELEVATED pairs=21539 evals=1853 2308s
[560976.3] IDEA_A_FAMILY_N2880: step 131 ELEVATED pairs=21450 evals=1869 2323s
[560998.2] IDEA_A_FAMILY_N2880: step 132 ELEVATED pairs=21312 evals=1885 2345s
[561018.8] IDEA_A_FAMILY_N2880: step 133 ELEVATED pairs=21224 evals=1901 2365s
[561038.5] IDEA_A_FAMILY_N2880: step 134 ELEVATED pairs=21068 evals=1917 2385s
[561058.4] IDEA_A_FAMILY_N2880: step 135 ELEVATED pairs=20914 evals=1933 2405s
[561078.3] IDEA_A_FAMILY_N2880: step 136 ELEVATED pairs=20762 evals=1949 2425s
[561090.7] IDEA_A_FAMILY_N2880: step 137 ELEVATED pairs=20685 evals=1965 2437s
[561103.1] IDEA_A_FAMILY_N2880: step 138 ELEVATED pairs=20607 evals=1981 2450s
[561120.8] IDEA_A_FAMILY_N2880: step 139 ELEVATED pairs=20509 evals=1997 2467s
[561139.7] IDEA_A_FAMILY_N2880: step 140 ELEVATED pairs=20418 evals=2013 2486s
[561158.3] IDEA_A_FAMILY_N2880: step 141 ELEVATED pairs=20326 evals=2029 2505s
[561177.4] IDEA_A_FAMILY_N2880: step 142 ELEVATED pairs=20235 evals=2045 2524s
[561191.3] IDEA_A_FAMILY_N2880: step 143 ELEVATED pairs=20158 evals=2061 2538s
[561205.6] IDEA_A_FAMILY_N2880: step 144 ELEVATED pairs=20080 evals=2077 2552s
[561222.0] IDEA_A_FAMILY_N2880: step 145 ELEVATED pairs=19938 evals=2093 2569s
[561236.2] IDEA_A_FAMILY_N2880: step 146 PREFIX_EVALUATED_NO_WINNER_DEFERRED pairs=19938 evals=2109 2583s
[561248.9] IDEA_A_FAMILY_N2880: step 147 ELEVATED pairs=19863 evals=2125 2596s
[561263.0] IDEA_A_FAMILY_N2880: step 148 PREFIX_EVALUATED_NO_WINNER_DEFERRED pairs=19863 evals=2141 2610s
[561278.8] IDEA_A_FAMILY_N2880: step 149 ELEVATED pairs=19723 evals=2157 2625s
[561292.8] IDEA_A_FAMILY_N2880: step 150 PREFIX_EVALUATED_NO_WINNER_DEFERRED pairs=19723 evals=2173 2639s
[561306.0] IDEA_A_FAMILY_N2880: step 151 ELEVATED pairs=19649 evals=2189 2653s
[561320.3] IDEA_A_FAMILY_N2880: step 152 PREFIX_EVALUATED_NO_WINNER_DEFERRED pairs=19649 evals=2205 2667s
[561333.4] IDEA_A_FAMILY_N2880: step 153 ELEVATED pairs=19575 evals=2221 2680s
[561347.7] IDEA_A_FAMILY_N2880: step 154 PREFIX_EVALUATED_NO_WINNER_DEFERRED pairs=19575 evals=2237 2694s
[561362.5] IDEA_A_FAMILY_N2880: step 155 ELEVATED pairs=19437 evals=2253 2709s
[561376.7] IDEA_A_FAMILY_N2880: step 156 PREFIX_EVALUATED_NO_WINNER_DEFERRED pairs=19437 evals=2269 2723s
[561389.0] IDEA_A_FAMILY_N2880: step 157 ELEVATED pairs=19363 evals=2285 2736s
[561402.5] IDEA_A_FAMILY_N2880: step 158 PREFIX_EVALUATED_NO_WINNER_DEFERRED pairs=19363 evals=2301 2749s
[561414.6] IDEA_A_FAMILY_N2880: step 159 ELEVATED pairs=19289 evals=2317 2761s
[561427.9] IDEA_A_FAMILY_N2880: step 160 PREFIX_EVALUATED_NO_WINNER_DEFERRED pairs=19289 evals=2333 2775s
[561441.6] IDEA_A_FAMILY_N2880: step 161 ELEVATED pairs=19153 evals=2349 2788s
[561455.2] IDEA_A_FAMILY_N2880: step 162 PREFIX_EVALUATED_NO_WINNER_DEFERRED pairs=19153 evals=2365 2802s
[561466.9] IDEA_A_FAMILY_N2880: step 163 ELEVATED pairs=19079 evals=2381 2814s
[561480.1] IDEA_A_FAMILY_N2880: step 164 PREFIX_EVALUATED_NO_WINNER_DEFERRED pairs=19079 evals=2397 2827s
[561492.0] IDEA_A_FAMILY_N2880: step 165 ELEVATED pairs=19005 evals=2413 2839s
[561504.2] IDEA_A_FAMILY_N2880: step 166 PREFIX_EVALUATED_NO_WINNER_DEFERRED pairs=19005 evals=2429 2851s
[561515.1] IDEA_A_FAMILY_N2880: step 167 ELEVATED pairs=18873 evals=2445 2862s
[561527.0] IDEA_A_FAMILY_N2880: step 168 PREFIX_EVALUATED_NO_WINNER_DEFERRED pairs=18873 evals=2461 2874s
[561537.8] IDEA_A_FAMILY_N2880: step 169 ELEVATED pairs=18743 evals=2477 2884s
[561549.8] IDEA_A_FAMILY_N2880: step 170 PREFIX_EVALUATED_NO_WINNER_DEFERRED pairs=18743 evals=2493 2896s
[561561.0] IDEA_A_FAMILY_N2880: step 171 ELEVATED pairs=18615 evals=2509 2908s
[561573.0] IDEA_A_FAMILY_N2880: step 172 PREFIX_EVALUATED_NO_WINNER_DEFERRED pairs=18615 evals=2525 2920s
[561584.7] IDEA_A_FAMILY_N2880: step 173 ELEVATED pairs=18526 evals=2541 2931s
[561596.8] IDEA_A_FAMILY_N2880: step 174 PREFIX_EVALUATED_NO_WINNER_DEFERRED pairs=18526 evals=2557 2943s
[561607.3] IDEA_A_FAMILY_N2880: step 175 ELEVATED pairs=18451 evals=2573 2954s
[561619.5] IDEA_A_FAMILY_N2880: step 176 PREFIX_EVALUATED_NO_WINNER_DEFERRED pairs=18451 evals=2589 2966s
[561626.6] IDEA_A_FAMILY_N2880: step 177 ELEVATED pairs=18326 evals=2598 2973s
[561638.5] IDEA_A_FAMILY_N2880: step 178 PREFIX_EVALUATED_NO_WINNER_DEFERRED pairs=18326 evals=2614 2985s
[561648.8] IDEA_A_FAMILY_N2880: step 179 ELEVATED pairs=18250 evals=2630 2995s
[561660.5] IDEA_A_FAMILY_N2880: step 180 PREFIX_EVALUATED_NO_WINNER_DEFERRED pairs=18250 evals=2646 3007s
[561669.0] IDEA_A_FAMILY_N2880: step 181 ELEVATED pairs=18127 evals=2655 3016s
[561680.6] IDEA_A_FAMILY_N2880: step 182 PREFIX_EVALUATED_NO_WINNER_DEFERRED pairs=18127 evals=2671 3027s
[561697.5] IDEA_A_FAMILY_N2880: step 183 ELEVATED pairs=18052 evals=2680 3044s
[561708.8] IDEA_A_FAMILY_N2880: step 184 PREFIX_EVALUATED_NO_WINNER_DEFERRED pairs=18052 evals=2696 3055s
[561709.1] IDEA_A_FAMILY_N2880: step 185 NO_CANDIDATES_GENERATED pairs=18052 evals=2696 3056s
[561709.3] IDEA_A_FAMILY_N2880: step 186 NO_CANDIDATES_GENERATED pairs=18052 evals=2696 3056s
[561709.6] IDEA_A_FAMILY_N2880: step 187 NO_CANDIDATES_GENERATED pairs=18052 evals=2696 3056s
[561709.9] IDEA_A_FAMILY_N2880: step 188 NO_CANDIDATES_GENERATED pairs=18052 evals=2696 3057s
[561710.2] IDEA_A_FAMILY_N2880: step 189 NO_CANDIDATES_GENERATED pairs=18052 evals=2696 3057s
[561710.5] IDEA_A_FAMILY_N2880: step 190 NO_CANDIDATES_GENERATED pairs=18052 evals=2696 3057s
[561710.8] IDEA_A_FAMILY_N2880: step 191 NO_CANDIDATES_GENERATED pairs=18052 evals=2696 3057s
[561711.1] IDEA_A_FAMILY_N2880: step 192 NO_CANDIDATES_GENERATED pairs=18052 evals=2696 3058s
[561711.3] IDEA_A_FAMILY_N2880: step 193 NO_CANDIDATES_GENERATED pairs=18052 evals=2696 3058s
[561719.1] IDEA_A_FAMILY_N2880: step 194 ELEVATED pairs=17930 evals=2705 3066s
[561730.3] IDEA_A_FAMILY_N2880: step 195 PREFIX_EVALUATED_NO_WINNER_DEFERRED pairs=17930 evals=2721 3077s
[561730.6] IDEA_A_FAMILY_N2880: step 196 NO_CANDIDATES_GENERATED pairs=17930 evals=2721 3077s
[561742.6] IDEA_A_FAMILY_N2880: step 197 ELEVATED pairs=17905 evals=2737 3089s
[561753.8] IDEA_A_FAMILY_N2880: step 198 PREFIX_EVALUATED_NO_WINNER_DEFERRED pairs=17905 evals=2753 3100s
[561754.2] IDEA_A_FAMILY_N2880: step 199 NO_CANDIDATES_GENERATED pairs=17905 evals=2753 3101s
[561754.7] IDEA_A_FAMILY_N2880: step 200 NO_CANDIDATES_GENERATED pairs=17905 evals=2753 3101s
[561755.1] IDEA_A_FAMILY_N2880: done final=17905 moves=154 first=154 reloc=0 ret=0 evals=2753 stop=TARGET_LIMIT
[561844.0] IDEA_A_FAMILY_N2880: recheck PASS checks=130816
GROUP DONE IDEA_A_FAMILY_N2880 PASS
