start-state rescan (challenge) ...
  challenge PASS pairs=30999 unresolved=3 elevated=77
[555884.4] V6_E2_NC2880: start mode=N budget=2880 spec={"name": "V6_E2", "target_policy": "LEGACY", "evaluation_policy": "E2_ORDERED_K16", "traversal_policy": "BASE", "max_targets": 200, "k_per_target": 16, "family_round_robin": false, "relocation_side_reserve": 0, "waiting_age": false, "route_coverage": false, "multi_anchor": false, "exact_dedup": false, "decision_cache": false, "return_action": false, "cache_structural_skips": false, "window_slack_mm": 1e-05, "notes": ""}
[555884.4] V6_E2_NC2880: start state=challenge C:\Users\lihao\Desktop\Graduation Project\OpticalWaveguideRouter3D\outputs\3d_strategy_v4\512_full_layout\N2880 pairs=30999
[555892.4] V6_E2_NC2880: INITIAL_DONE pairs=30999
[555892.6] V6_E2_NC2880: step 1 NO_CANDIDATES_GENERATED pairs=30999 evals=0 1s
[555892.8] V6_E2_NC2880: step 2 NO_CANDIDATES_GENERATED pairs=30999 evals=0 1s
[555893.0] V6_E2_NC2880: step 3 NO_CANDIDATES_GENERATED pairs=30999 evals=0 1s
[555893.1] V6_E2_NC2880: step 4 NO_CANDIDATES_GENERATED pairs=30999 evals=0 1s
[555893.3] V6_E2_NC2880: step 5 NO_CANDIDATES_GENERATED pairs=30999 evals=0 1s
[555893.5] V6_E2_NC2880: step 6 NO_CANDIDATES_GENERATED pairs=30999 evals=0 2s
[555903.9] V6_E2_NC2880: step 7 ELEVATED pairs=30804 evals=16 12s
[555914.9] V6_E2_NC2880: step 8 ELEVATED pairs=30611 evals=32 23s
[555927.6] V6_E2_NC2880: step 9 ELEVATED pairs=30460 evals=48 36s
[555940.1] V6_E2_NC2880: step 10 ELEVATED pairs=30309 evals=64 48s
[555940.5] V6_E2_NC2880: step 11 NO_CANDIDATES_GENERATED pairs=30309 evals=64 49s
[555958.3] V6_E2_NC2880: step 12 ELEVATED pairs=30119 evals=80 66s
[555978.4] V6_E2_NC2880: step 13 ELEVATED pairs=29931 evals=96 86s
[556001.5] V6_E2_NC2880: step 14 ELEVATED pairs=29745 evals=112 109s
[556018.1] V6_E2_NC2880: step 15 ELEVATED pairs=29554 evals=128 126s
[556042.6] V6_E2_NC2880: step 16 ELEVATED pairs=29370 evals=144 151s
[556059.8] V6_E2_NC2880: step 17 ELEVATED pairs=29181 evals=160 168s
[556070.9] V6_E2_NC2880: step 18 ELEVATED pairs=29006 evals=176 179s
[556084.4] V6_E2_NC2880: step 19 ELEVATED pairs=28833 evals=192 192s
[556101.3] V6_E2_NC2880: step 20 ELEVATED pairs=28662 evals=208 209s
[556112.7] V6_E2_NC2880: step 21 ELEVATED pairs=28479 evals=224 221s
[556125.3] V6_E2_NC2880: step 22 ELEVATED pairs=28374 evals=240 233s
[556137.7] V6_E2_NC2880: step 23 ELEVATED pairs=28193 evals=256 246s
[556162.3] V6_E2_NC2880: step 24 ELEVATED pairs=28033 evals=272 270s
[556175.6] V6_E2_NC2880: step 25 ELEVATED pairs=27854 evals=288 284s
[556190.3] V6_E2_NC2880: step 26 ELEVATED pairs=27677 evals=304 298s
[556205.0] V6_E2_NC2880: step 27 ELEVATED pairs=27511 evals=320 313s
[556214.4] V6_E2_NC2880: step 28 ELEVATED pairs=27345 evals=329 322s
[556229.4] V6_E2_NC2880: step 29 ELEVATED pairs=27181 evals=345 337s
[556239.0] V6_E2_NC2880: step 30 ELEVATED pairs=27017 evals=354 347s
[556253.6] V6_E2_NC2880: step 31 ELEVATED pairs=26856 evals=370 362s
[556262.9] V6_E2_NC2880: step 32 ELEVATED pairs=26694 evals=379 371s
[556278.1] V6_E2_NC2880: step 33 ELEVATED pairs=26535 evals=395 386s
[556278.6] V6_E2_NC2880: step 34 NO_CANDIDATES_GENERATED pairs=26535 evals=395 387s
[556287.8] V6_E2_NC2880: step 35 ELEVATED pairs=26375 evals=404 396s
[556303.2] V6_E2_NC2880: step 36 ELEVATED pairs=26218 evals=420 411s
[556319.8] V6_E2_NC2880: step 37 ELEVATED pairs=26063 evals=436 428s
[556336.8] V6_E2_NC2880: step 38 ELEVATED pairs=25909 evals=452 445s
[556353.5] V6_E2_NC2880: step 39 ELEVATED pairs=25757 evals=468 462s
[556364.5] V6_E2_NC2880: step 40 ELEVATED pairs=25607 evals=484 473s
[556390.0] V6_E2_NC2880: step 41 ELEVATED pairs=25457 evals=500 498s
[556407.1] V6_E2_NC2880: step 42 ELEVATED pairs=25321 evals=516 515s
[556427.6] V6_E2_NC2880: step 43 ELEVATED pairs=25173 evals=532 536s
[556440.2] V6_E2_NC2880: step 44 ELEVATED pairs=25039 evals=548 548s
[556451.9] V6_E2_NC2880: step 45 ELEVATED pairs=24954 evals=564 560s
[556475.6] V6_E2_NC2880: step 46 ELEVATED pairs=24804 evals=580 584s
[556486.8] V6_E2_NC2880: step 47 ELEVATED pairs=24685 evals=596 595s
[556511.7] V6_E2_NC2880: step 48 ELEVATED pairs=24537 evals=612 620s
[556525.8] V6_E2_NC2880: step 49 ELEVATED pairs=24398 evals=628 634s
[556549.7] V6_E2_NC2880: step 50 ELEVATED pairs=24252 evals=644 658s
[556572.9] V6_E2_NC2880: step 51 ELEVATED pairs=24108 evals=660 681s
[556589.5] V6_E2_NC2880: step 52 ELEVATED pairs=23963 evals=676 698s
[556602.7] V6_E2_NC2880: step 53 ELEVATED pairs=23864 evals=692 711s
[556615.1] V6_E2_NC2880: step 54 ELEVATED pairs=23767 evals=708 723s
[556631.1] V6_E2_NC2880: step 55 ELEVATED pairs=23624 evals=724 739s
[556643.1] V6_E2_NC2880: step 56 ELEVATED pairs=23541 evals=740 751s
[556659.7] V6_E2_NC2880: step 57 ELEVATED pairs=23400 evals=756 768s
[556671.2] V6_E2_NC2880: step 58 ELEVATED pairs=23296 evals=772 779s
[556683.4] V6_E2_NC2880: step 59 ELEVATED pairs=23194 evals=788 791s
[556695.4] V6_E2_NC2880: step 60 ELEVATED pairs=23094 evals=804 803s
[556709.0] V6_E2_NC2880: step 61 ELEVATED pairs=23009 evals=820 817s
[556721.7] V6_E2_NC2880: step 62 ELEVATED pairs=22892 evals=836 830s
[556736.1] V6_E2_NC2880: step 63 ELEVATED pairs=22779 evals=852 844s
[556747.8] V6_E2_NC2880: step 64 ELEVATED pairs=22649 evals=868 856s
[556762.6] V6_E2_NC2880: step 65 ELEVATED pairs=22529 evals=884 871s
[556773.3] V6_E2_NC2880: step 66 ELEVATED pairs=22412 evals=900 881s
[556786.9] V6_E2_NC2880: step 67 ELEVATED pairs=22298 evals=916 895s
[556801.6] V6_E2_NC2880: step 68 ELEVATED pairs=22168 evals=932 910s
[556813.2] V6_E2_NC2880: step 69 ELEVATED pairs=22044 evals=948 921s
[556827.7] V6_E2_NC2880: step 70 ELEVATED pairs=21928 evals=964 936s
[556839.7] V6_E2_NC2880: step 71 ELEVATED pairs=21809 evals=980 948s
[556850.7] V6_E2_NC2880: step 72 ELEVATED pairs=21678 evals=996 959s
[556862.1] V6_E2_NC2880: step 73 ELEVATED pairs=21556 evals=1012 970s
[556871.3] V6_E2_NC2880: step 74 ELEVATED pairs=21461 evals=1028 979s
[556889.1] V6_E2_NC2880: step 75 ELEVATED pairs=21381 evals=1037 997s
[556902.2] V6_E2_NC2880: step 76 ELEVATED pairs=21330 evals=1053 1010s
[556917.3] V6_E2_NC2880: step 77 ELEVATED pairs=21212 evals=1069 1025s
[556932.7] V6_E2_NC2880: step 78 ELEVATED pairs=21096 evals=1085 1041s
[556970.7] V6_E2_NC2880: step 79 ELEVATED pairs=20988 evals=1101 1079s
[556986.7] V6_E2_NC2880: step 80 ELEVATED pairs=20874 evals=1117 1095s
[557000.9] V6_E2_NC2880: step 81 ELEVATED pairs=20765 evals=1133 1109s
[557038.1] V6_E2_NC2880: step 82 ELEVATED pairs=20657 evals=1149 1146s
[557074.0] V6_E2_NC2880: step 83 ELEVATED pairs=20550 evals=1165 1182s
[557086.2] V6_E2_NC2880: step 84 ELEVATED pairs=20466 evals=1181 1194s
[557121.5] V6_E2_NC2880: step 85 ELEVATED pairs=20360 evals=1197 1230s
[557151.7] V6_E2_NC2880: step 86 ELEVATED pairs=20240 evals=1213 1260s
[557165.7] V6_E2_NC2880: step 87 ELEVATED pairs=20154 evals=1229 1274s
[557176.4] V6_E2_NC2880: step 88 ELEVATED pairs=20099 evals=1245 1284s
[557193.1] V6_E2_NC2880: step 89 ELEVATED pairs=19950 evals=1261 1301s
[557202.9] V6_E2_NC2880: step 90 ELEVATED pairs=19898 evals=1277 1311s
[557218.5] V6_E2_NC2880: step 91 ELEVATED pairs=19751 evals=1293 1327s
[557232.4] V6_E2_NC2880: step 92 ELEVATED pairs=19666 evals=1309 1340s
[557247.7] V6_E2_NC2880: step 93 ELEVATED pairs=19521 evals=1325 1356s
[557260.8] V6_E2_NC2880: step 94 ELEVATED pairs=19437 evals=1341 1369s
[557276.1] V6_E2_NC2880: step 95 ELEVATED pairs=19294 evals=1357 1384s
[557287.5] V6_E2_NC2880: step 96 ELEVATED pairs=19217 evals=1373 1395s
[557299.0] V6_E2_NC2880: step 97 ELEVATED pairs=19140 evals=1389 1407s
[557310.5] V6_E2_NC2880: step 98 ELEVATED pairs=19063 evals=1405 1419s
[557310.8] V6_E2_NC2880: step 99 NO_CANDIDATES_GENERATED pairs=19063 evals=1405 1419s
[557317.0] V6_E2_NC2880: step 100 ELEVATED pairs=18958 evals=1414 1425s
[557327.4] V6_E2_NC2880: step 101 ELEVATED pairs=18893 evals=1430 1435s
[557337.5] V6_E2_NC2880: step 102 ELEVATED pairs=18828 evals=1446 1445s
[557351.5] V6_E2_NC2880: step 103 ELEVATED pairs=18739 evals=1462 1459s
[557361.4] V6_E2_NC2880: step 104 ELEVATED pairs=18674 evals=1478 1469s
[557371.4] V6_E2_NC2880: step 105 ELEVATED pairs=18609 evals=1494 1479s
[557380.2] V6_E2_NC2880: step 106 ELEVATED pairs=18572 evals=1510 1488s
[557387.1] V6_E2_NC2880: step 107 ELEVATED pairs=18480 evals=1519 1495s
[557398.3] V6_E2_NC2880: step 108 ELEVATED pairs=18409 evals=1535 1506s
[557407.4] V6_E2_NC2880: step 109 ELEVATED pairs=18374 evals=1551 1515s
[557417.5] V6_E2_NC2880: step 110 ELEVATED pairs=18309 evals=1567 1525s
[557425.9] V6_E2_NC2880: step 111 ELEVATED pairs=18265 evals=1583 1534s
[557434.5] V6_E2_NC2880: step 112 ELEVATED pairs=18175 evals=1592 1543s
[557443.1] V6_E2_NC2880: step 113 ELEVATED pairs=18131 evals=1608 1551s
[557451.8] V6_E2_NC2880: step 114 ELEVATED pairs=18097 evals=1624 1560s
[557462.6] V6_E2_NC2880: step 115 ELEVATED pairs=18029 evals=1640 1571s
[557478.3] V6_E2_NC2880: step 116 ELEVATED pairs=17977 evals=1649 1586s
[557478.5] V6_E2_NC2880: step 117 NO_CANDIDATES_GENERATED pairs=17977 evals=1649 1587s
[557478.8] V6_E2_NC2880: step 118 NO_CANDIDATES_GENERATED pairs=17977 evals=1649 1587s
[557479.0] V6_E2_NC2880: step 119 NO_CANDIDATES_GENERATED pairs=17977 evals=1649 1587s
[557479.3] V6_E2_NC2880: step 120 NO_CANDIDATES_GENERATED pairs=17977 evals=1649 1587s
[557479.5] V6_E2_NC2880: step 121 NO_CANDIDATES_GENERATED pairs=17977 evals=1649 1587s
[557479.7] V6_E2_NC2880: step 122 NO_CANDIDATES_GENERATED pairs=17977 evals=1649 1588s
[557480.0] V6_E2_NC2880: step 123 NO_CANDIDATES_GENERATED pairs=17977 evals=1649 1588s
[557480.2] V6_E2_NC2880: step 124 NO_CANDIDATES_GENERATED pairs=17977 evals=1649 1588s
[557480.4] V6_E2_NC2880: step 125 NO_CANDIDATES_GENERATED pairs=17977 evals=1649 1588s
[557480.7] V6_E2_NC2880: step 126 NO_CANDIDATES_GENERATED pairs=17977 evals=1649 1589s
[557480.9] V6_E2_NC2880: step 127 NO_CANDIDATES_GENERATED pairs=17977 evals=1649 1589s
[557481.2] V6_E2_NC2880: step 128 NO_CANDIDATES_GENERATED pairs=17977 evals=1649 1589s
[557481.4] V6_E2_NC2880: step 129 NO_CANDIDATES_GENERATED pairs=17977 evals=1649 1589s
[557481.7] V6_E2_NC2880: step 130 NO_CANDIDATES_GENERATED pairs=17977 evals=1649 1590s
[557481.9] V6_E2_NC2880: step 131 NO_CANDIDATES_GENERATED pairs=17977 evals=1649 1590s
[557482.2] V6_E2_NC2880: step 132 NO_CANDIDATES_GENERATED pairs=17977 evals=1649 1590s
[557492.8] V6_E2_NC2880: step 133 ELEVATED pairs=17916 evals=1665 1601s
[557511.7] V6_E2_NC2880: step 134 ELEVATED pairs=17831 evals=1681 1620s
[557521.9] V6_E2_NC2880: step 135 ELEVATED pairs=17765 evals=1697 1630s
[557541.6] V6_E2_NC2880: step 136 ELEVATED pairs=17681 evals=1713 1650s
[557551.2] V6_E2_NC2880: step 137 ELEVATED pairs=17615 evals=1729 1659s
[557560.9] V6_E2_NC2880: step 138 ELEVATED pairs=17549 evals=1745 1669s
[557574.0] V6_E2_NC2880: step 139 ELEVATED pairs=17483 evals=1761 1682s
[557585.4] V6_E2_NC2880: step 140 ELEVATED pairs=17363 evals=1777 1693s
[557586.0] V6_E2_NC2880: step 141 NO_CANDIDATES_GENERATED pairs=17363 evals=1777 1694s
[557586.6] V6_E2_NC2880: step 142 NO_CANDIDATES_GENERATED pairs=17363 evals=1777 1695s
[557587.1] V6_E2_NC2880: step 143 NO_CANDIDATES_GENERATED pairs=17363 evals=1777 1695s
[557587.6] V6_E2_NC2880: step 144 NO_CANDIDATES_GENERATED pairs=17363 evals=1777 1696s
[557588.2] V6_E2_NC2880: step 145 NO_CANDIDATES_GENERATED pairs=17363 evals=1777 1696s
[557588.8] V6_E2_NC2880: step 146 NO_CANDIDATES_GENERATED pairs=17363 evals=1777 1697s
[557589.3] V6_E2_NC2880: step 147 NO_CANDIDATES_GENERATED pairs=17363 evals=1777 1697s
[557589.8] V6_E2_NC2880: step 148 NO_CANDIDATES_GENERATED pairs=17363 evals=1777 1698s
[557590.3] V6_E2_NC2880: step 149 NO_CANDIDATES_GENERATED pairs=17363 evals=1777 1698s
[557590.9] V6_E2_NC2880: step 150 NO_CANDIDATES_GENERATED pairs=17363 evals=1777 1699s
[557591.4] V6_E2_NC2880: step 151 NO_CANDIDATES_GENERATED pairs=17363 evals=1777 1699s
[557592.0] V6_E2_NC2880: step 152 NO_CANDIDATES_GENERATED pairs=17363 evals=1777 1700s
[557592.5] V6_E2_NC2880: step 153 NO_CANDIDATES_GENERATED pairs=17363 evals=1777 1700s
[557593.0] V6_E2_NC2880: step 154 NO_CANDIDATES_GENERATED pairs=17363 evals=1777 1701s
[557593.6] V6_E2_NC2880: step 155 NO_CANDIDATES_GENERATED pairs=17363 evals=1777 1702s
[557594.1] V6_E2_NC2880: step 156 NO_CANDIDATES_GENERATED pairs=17363 evals=1777 1702s
[557606.9] V6_E2_NC2880: step 157 ELEVATED pairs=17248 evals=1793 1715s
[557619.8] V6_E2_NC2880: step 158 ELEVATED pairs=17135 evals=1809 1728s
[557632.0] V6_E2_NC2880: step 159 ELEVATED pairs=17024 evals=1825 1740s
[557642.8] V6_E2_NC2880: step 160 ELEVATED pairs=16989 evals=1841 1751s
[557654.7] V6_E2_NC2880: step 161 ELEVATED pairs=16967 evals=1857 1763s
[557667.9] V6_E2_NC2880: step 162 ELEVATED pairs=16918 evals=1873 1776s
[557678.6] V6_E2_NC2880: step 163 ELEVATED pairs=16845 evals=1889 1787s
[557688.3] V6_E2_NC2880: step 164 ELEVATED pairs=16744 evals=1905 1796s
[557698.2] V6_E2_NC2880: step 165 ELEVATED pairs=16706 evals=1921 1806s
[557708.3] V6_E2_NC2880: step 166 ELEVATED pairs=16660 evals=1937 1816s
[557718.6] V6_E2_NC2880: step 167 ELEVATED pairs=16614 evals=1953 1827s
[557729.2] V6_E2_NC2880: step 168 ELEVATED pairs=16588 evals=1969 1837s
[557737.4] V6_E2_NC2880: step 169 PREFIX_EVALUATED_NO_WINNER_DEFERRED pairs=16588 evals=1985 1845s
[557747.2] V6_E2_NC2880: step 170 PREFIX_EVALUATED_NO_WINNER_DEFERRED pairs=16588 evals=2001 1855s
[557756.8] V6_E2_NC2880: step 171 PREFIX_EVALUATED_NO_WINNER_DEFERRED pairs=16588 evals=2017 1865s
[557766.7] V6_E2_NC2880: step 172 ELEVATED pairs=16576 evals=2033 1875s
[557774.5] V6_E2_NC2880: step 173 PREFIX_EVALUATED_NO_WINNER_DEFERRED pairs=16576 evals=2049 1883s
[557783.3] V6_E2_NC2880: step 174 PREFIX_EVALUATED_NO_WINNER_DEFERRED pairs=16576 evals=2065 1891s
[557791.3] V6_E2_NC2880: step 175 PREFIX_EVALUATED_NO_WINNER_DEFERRED pairs=16576 evals=2081 1899s
[557799.3] V6_E2_NC2880: step 176 PREFIX_EVALUATED_NO_WINNER_DEFERRED pairs=16576 evals=2097 1907s
[557807.2] V6_E2_NC2880: step 177 ELEVATED pairs=16565 evals=2113 1915s
[557817.7] V6_E2_NC2880: step 178 ELEVATED pairs=16518 evals=2129 1926s
[557829.6] V6_E2_NC2880: step 179 ELEVATED pairs=16420 evals=2145 1938s
[557840.5] V6_E2_NC2880: step 180 ELEVATED pairs=16375 evals=2161 1949s
[557852.4] V6_E2_NC2880: step 181 ELEVATED pairs=16332 evals=2177 1960s
[557864.3] V6_E2_NC2880: step 182 ELEVATED pairs=16291 evals=2193 1972s
[557873.4] V6_E2_NC2880: step 183 ELEVATED pairs=16277 evals=2209 1981s
[557882.2] V6_E2_NC2880: step 184 ELEVATED pairs=16259 evals=2225 1990s
[557892.9] V6_E2_NC2880: step 185 ELEVATED pairs=16246 evals=2241 2001s
[557903.7] V6_E2_NC2880: step 186 ELEVATED pairs=16229 evals=2257 2012s
[557928.3] V6_E2_NC2880: step 187 ELEVATED pairs=16155 evals=2273 2036s
[557928.8] V6_E2_NC2880: step 188 NO_CANDIDATES_GENERATED pairs=16155 evals=2273 2037s
[557929.4] V6_E2_NC2880: step 189 NO_CANDIDATES_GENERATED pairs=16155 evals=2273 2037s
[557929.9] V6_E2_NC2880: step 190 NO_CANDIDATES_GENERATED pairs=16155 evals=2273 2038s
[557930.4] V6_E2_NC2880: step 191 NO_CANDIDATES_GENERATED pairs=16155 evals=2273 2038s
[557931.0] V6_E2_NC2880: step 192 NO_CANDIDATES_GENERATED pairs=16155 evals=2273 2039s
[557931.6] V6_E2_NC2880: step 193 NO_CANDIDATES_GENERATED pairs=16155 evals=2273 2040s
[557960.0] V6_E2_NC2880: step 194 ELEVATED pairs=16080 evals=2289 2068s
[557968.5] V6_E2_NC2880: step 195 ELEVATED pairs=16053 evals=2305 2076s
[557997.7] V6_E2_NC2880: step 196 ELEVATED pairs=15978 evals=2321 2106s
[558026.8] V6_E2_NC2880: step 197 ELEVATED pairs=15902 evals=2337 2135s
[558037.4] V6_E2_NC2880: step 198 ELEVATED pairs=15837 evals=2353 2145s
[558037.8] V6_E2_NC2880: step 199 NO_CANDIDATES_GENERATED pairs=15837 evals=2353 2146s
[558038.1] V6_E2_NC2880: step 200 NO_CANDIDATES_GENERATED pairs=15837 evals=2353 2146s
[558038.7] V6_E2_NC2880: done final=15837 moves=144 first=144 reloc=0 ret=0 evals=2353 stop=TARGET_LIMIT
[558141.3] V6_E2_NC2880: recheck PASS checks=130816
GROUP DONE V6_E2_NC2880 PASS
