start-state rescan (main) ...
  main PASS pairs=42909 unresolved=3 elevated=24
[559498.4] IDEA_E_N1440: start mode=N budget=1440 spec={"name": "IDEA_E", "target_policy": "LEGACY", "evaluation_policy": "E2_ORDERED_K16", "traversal_policy": "BASE", "max_targets": 200, "k_per_target": 16, "family_round_robin": false, "relocation_side_reserve": 0, "waiting_age": false, "route_coverage": false, "multi_anchor": true, "exact_dedup": false, "decision_cache": false, "return_action": false, "cache_structural_skips": false, "window_slack_mm": 1e-05, "notes": ""}
[559498.4] IDEA_E_N1440: start state=main C:\Users\lihao\Desktop\Graduation Project\OpticalWaveguideRouter3D\outputs\3d_strategy_v3\512_ablation\D_both_enabled pairs=42909
[559508.4] IDEA_E_N1440: INITIAL_DONE pairs=42909
[559509.2] IDEA_E_N1440: step 1 NO_CANDIDATES_GENERATED pairs=42909 evals=0 1s
[559510.0] IDEA_E_N1440: step 2 NO_CANDIDATES_GENERATED pairs=42909 evals=0 2s
[559518.2] IDEA_E_N1440: step 3 ELEVATED pairs=42648 evals=16 10s
[559518.7] IDEA_E_N1440: step 4 NO_CANDIDATES_GENERATED pairs=42648 evals=16 11s
[559519.6] IDEA_E_N1440: step 5 NO_CANDIDATES_GENERATED pairs=42648 evals=16 11s
[559530.8] IDEA_E_N1440: step 6 ELEVATED pairs=42403 evals=25 23s
[559531.3] IDEA_E_N1440: step 7 NO_CANDIDATES_GENERATED pairs=42403 evals=25 23s
[559532.1] IDEA_E_N1440: step 8 NO_CANDIDATES_GENERATED pairs=42403 evals=25 24s
[559538.8] IDEA_E_N1440: step 9 ELEVATED pairs=42161 evals=34 31s
[559539.2] IDEA_E_N1440: step 10 NO_CANDIDATES_GENERATED pairs=42161 evals=34 31s
[559540.0] IDEA_E_N1440: step 11 NO_CANDIDATES_GENERATED pairs=42161 evals=34 32s
[559546.5] IDEA_E_N1440: step 12 ELEVATED pairs=41921 evals=43 38s
[559546.9] IDEA_E_N1440: step 13 NO_CANDIDATES_GENERATED pairs=41921 evals=43 39s
[559547.2] IDEA_E_N1440: step 14 NO_CANDIDATES_GENERATED pairs=41921 evals=43 39s
[559555.4] IDEA_E_N1440: step 15 ELEVATED pairs=41683 evals=52 47s
[559555.9] IDEA_E_N1440: step 16 NO_CANDIDATES_GENERATED pairs=41683 evals=52 48s
[559556.7] IDEA_E_N1440: step 17 NO_CANDIDATES_GENERATED pairs=41683 evals=52 49s
[559577.2] IDEA_E_N1440: step 18 ELEVATED pairs=41434 evals=68 69s
[559577.6] IDEA_E_N1440: step 19 NO_CANDIDATES_GENERATED pairs=41434 evals=68 69s
[559578.4] IDEA_E_N1440: step 20 NO_CANDIDATES_GENERATED pairs=41434 evals=68 70s
[559598.7] IDEA_E_N1440: step 21 ELEVATED pairs=41184 evals=84 91s
[559599.5] IDEA_E_N1440: step 22 NO_CANDIDATES_GENERATED pairs=41184 evals=84 91s
[559600.3] IDEA_E_N1440: step 23 NO_CANDIDATES_GENERATED pairs=41184 evals=84 92s
[559623.8] IDEA_E_N1440: step 24 ELEVATED pairs=40937 evals=100 116s
[559624.7] IDEA_E_N1440: step 25 NO_CANDIDATES_GENERATED pairs=40937 evals=100 117s
[559625.5] IDEA_E_N1440: step 26 NO_CANDIDATES_GENERATED pairs=40937 evals=100 117s
[559646.2] IDEA_E_N1440: step 27 ELEVATED pairs=40689 evals=116 138s
[559647.0] IDEA_E_N1440: step 28 NO_CANDIDATES_GENERATED pairs=40689 evals=116 139s
[559647.7] IDEA_E_N1440: step 29 NO_CANDIDATES_GENERATED pairs=40689 evals=116 140s
[559662.5] IDEA_E_N1440: step 30 ELEVATED pairs=40444 evals=132 154s
[559663.2] IDEA_E_N1440: step 31 NO_CANDIDATES_GENERATED pairs=40444 evals=132 155s
[559663.9] IDEA_E_N1440: step 32 NO_CANDIDATES_GENERATED pairs=40444 evals=132 156s
[559679.7] IDEA_E_N1440: step 33 ELEVATED pairs=40198 evals=148 172s
[559680.3] IDEA_E_N1440: step 34 NO_CANDIDATES_GENERATED pairs=40198 evals=148 172s
[559681.1] IDEA_E_N1440: step 35 NO_CANDIDATES_GENERATED pairs=40198 evals=148 173s
[559700.9] IDEA_E_N1440: step 36 ELEVATED pairs=39951 evals=164 193s
[559701.6] IDEA_E_N1440: step 37 NO_CANDIDATES_GENERATED pairs=39951 evals=164 193s
[559702.1] IDEA_E_N1440: step 38 NO_CANDIDATES_GENERATED pairs=39951 evals=164 194s
[559714.4] IDEA_E_N1440: step 39 ELEVATED pairs=39725 evals=173 206s
[559714.8] IDEA_E_N1440: step 40 NO_CANDIDATES_GENERATED pairs=39725 evals=173 207s
[559715.5] IDEA_E_N1440: step 41 NO_CANDIDATES_GENERATED pairs=39725 evals=173 207s
[559725.4] IDEA_E_N1440: step 42 ELEVATED pairs=39501 evals=182 217s
[559725.8] IDEA_E_N1440: step 43 NO_CANDIDATES_GENERATED pairs=39501 evals=182 218s
[559726.6] IDEA_E_N1440: step 44 NO_CANDIDATES_GENERATED pairs=39501 evals=182 218s
[559734.4] IDEA_E_N1440: step 45 ELEVATED pairs=39283 evals=191 226s
[559735.2] IDEA_E_N1440: step 46 NO_CANDIDATES_GENERATED pairs=39283 evals=191 227s
[559735.7] IDEA_E_N1440: step 47 NO_CANDIDATES_GENERATED pairs=39283 evals=191 228s
[559752.8] IDEA_E_N1440: step 48 ELEVATED pairs=39034 evals=207 245s
[559753.5] IDEA_E_N1440: step 49 NO_CANDIDATES_GENERATED pairs=39034 evals=207 245s
[559754.1] IDEA_E_N1440: step 50 NO_CANDIDATES_GENERATED pairs=39034 evals=207 246s
[559758.7] IDEA_E_N1440: step 51 ELEVATED pairs=38813 evals=216 251s
[559759.0] IDEA_E_N1440: step 52 NO_CANDIDATES_GENERATED pairs=38813 evals=216 251s
[559759.8] IDEA_E_N1440: step 53 NO_CANDIDATES_GENERATED pairs=38813 evals=216 252s
[559768.9] IDEA_E_N1440: step 54 ELEVATED pairs=38586 evals=232 261s
[559769.7] IDEA_E_N1440: step 55 NO_CANDIDATES_GENERATED pairs=38586 evals=232 262s
[559770.1] IDEA_E_N1440: step 56 NO_CANDIDATES_GENERATED pairs=38586 evals=232 262s
[559779.6] IDEA_E_N1440: step 57 ELEVATED pairs=38370 evals=241 271s
[559779.9] IDEA_E_N1440: step 58 NO_CANDIDATES_GENERATED pairs=38370 evals=241 272s
[559780.6] IDEA_E_N1440: step 59 NO_CANDIDATES_GENERATED pairs=38370 evals=241 272s
[559792.5] IDEA_E_N1440: step 60 ELEVATED pairs=38142 evals=257 284s
[559792.8] IDEA_E_N1440: step 61 NO_CANDIDATES_GENERATED pairs=38142 evals=257 285s
[559793.3] IDEA_E_N1440: step 62 NO_CANDIDATES_GENERATED pairs=38142 evals=257 285s
[559800.9] IDEA_E_N1440: step 63 ELEVATED pairs=37928 evals=266 293s
[559801.6] IDEA_E_N1440: step 64 NO_CANDIDATES_GENERATED pairs=37928 evals=266 293s
[559802.0] IDEA_E_N1440: step 65 NO_CANDIDATES_GENERATED pairs=37928 evals=266 294s
[559814.9] IDEA_E_N1440: step 66 ELEVATED pairs=37702 evals=282 307s
[559815.3] IDEA_E_N1440: step 67 NO_CANDIDATES_GENERATED pairs=37702 evals=282 307s
[559815.9] IDEA_E_N1440: step 68 NO_CANDIDATES_GENERATED pairs=37702 evals=282 308s
[559822.6] IDEA_E_N1440: step 69 ELEVATED pairs=37490 evals=291 315s
[559823.4] IDEA_E_N1440: step 70 NO_CANDIDATES_GENERATED pairs=37490 evals=291 315s
[559824.1] IDEA_E_N1440: step 71 NO_CANDIDATES_GENERATED pairs=37490 evals=291 316s
[559837.2] IDEA_E_N1440: step 72 ELEVATED pairs=37265 evals=307 329s
[559838.0] IDEA_E_N1440: step 73 NO_CANDIDATES_GENERATED pairs=37265 evals=307 330s
[559838.6] IDEA_E_N1440: step 74 NO_CANDIDATES_GENERATED pairs=37265 evals=307 330s
[559857.0] IDEA_E_N1440: step 75 ELEVATED pairs=37052 evals=323 349s
[559857.7] IDEA_E_N1440: step 76 NO_CANDIDATES_GENERATED pairs=37052 evals=323 350s
[559858.4] IDEA_E_N1440: step 77 NO_CANDIDATES_GENERATED pairs=37052 evals=323 350s
[559869.1] IDEA_E_N1440: step 78 ELEVATED pairs=36852 evals=332 361s
[559869.8] IDEA_E_N1440: step 79 NO_CANDIDATES_GENERATED pairs=36852 evals=332 362s
[559870.4] IDEA_E_N1440: step 80 NO_CANDIDATES_GENERATED pairs=36852 evals=332 362s
[559871.0] IDEA_E_N1440: step 81 NO_CANDIDATES_GENERATED pairs=36852 evals=332 363s
[559891.6] IDEA_E_N1440: step 82 ELEVATED pairs=36638 evals=348 383s
[559891.9] IDEA_E_N1440: step 83 NO_CANDIDATES_GENERATED pairs=36638 evals=348 384s
[559892.3] IDEA_E_N1440: step 84 NO_CANDIDATES_GENERATED pairs=36638 evals=348 384s
[559892.8] IDEA_E_N1440: step 85 NO_CANDIDATES_GENERATED pairs=36638 evals=348 385s
[559905.4] IDEA_E_N1440: step 86 ELEVATED pairs=36437 evals=364 397s
[559906.1] IDEA_E_N1440: step 87 NO_CANDIDATES_GENERATED pairs=36437 evals=364 398s
[559906.9] IDEA_E_N1440: step 88 NO_CANDIDATES_GENERATED pairs=36437 evals=364 399s
[559907.2] IDEA_E_N1440: step 89 NO_CANDIDATES_GENERATED pairs=36437 evals=364 399s
[559907.5] IDEA_E_N1440: step 90 NO_CANDIDATES_GENERATED pairs=36437 evals=364 399s
[559908.2] IDEA_E_N1440: step 91 NO_CANDIDATES_GENERATED pairs=36437 evals=364 400s
[559923.4] IDEA_E_N1440: step 92 ELEVATED pairs=36235 evals=380 415s
[559924.1] IDEA_E_N1440: step 93 NO_CANDIDATES_GENERATED pairs=36235 evals=380 416s
[559924.8] IDEA_E_N1440: step 94 NO_CANDIDATES_GENERATED pairs=36235 evals=380 417s
[559925.5] IDEA_E_N1440: step 95 NO_CANDIDATES_GENERATED pairs=36235 evals=380 417s
[559925.8] IDEA_E_N1440: step 96 NO_CANDIDATES_GENERATED pairs=36235 evals=380 418s
[559926.5] IDEA_E_N1440: step 97 NO_CANDIDATES_GENERATED pairs=36235 evals=380 418s
[559936.3] IDEA_E_N1440: step 98 ELEVATED pairs=36026 evals=396 428s
[559937.0] IDEA_E_N1440: step 99 NO_CANDIDATES_GENERATED pairs=36026 evals=396 429s
[559937.3] IDEA_E_N1440: step 100 NO_CANDIDATES_GENERATED pairs=36026 evals=396 429s
[559938.0] IDEA_E_N1440: step 101 NO_CANDIDATES_GENERATED pairs=36026 evals=396 430s
[559938.2] IDEA_E_N1440: step 102 NO_CANDIDATES_GENERATED pairs=36026 evals=396 430s
[559938.5] IDEA_E_N1440: step 103 NO_CANDIDATES_GENERATED pairs=36026 evals=396 430s
[559947.7] IDEA_E_N1440: step 104 ELEVATED pairs=35817 evals=412 440s
[559948.4] IDEA_E_N1440: step 105 NO_CANDIDATES_GENERATED pairs=35817 evals=412 440s
[559949.1] IDEA_E_N1440: step 106 NO_CANDIDATES_GENERATED pairs=35817 evals=412 441s
[559949.7] IDEA_E_N1440: step 107 NO_CANDIDATES_GENERATED pairs=35817 evals=412 442s
[559950.3] IDEA_E_N1440: step 108 NO_CANDIDATES_GENERATED pairs=35817 evals=412 442s
[559950.8] IDEA_E_N1440: step 109 NO_CANDIDATES_GENERATED pairs=35817 evals=412 443s
[559967.8] IDEA_E_N1440: step 110 ELEVATED pairs=35591 evals=428 460s
[559968.2] IDEA_E_N1440: step 111 NO_CANDIDATES_GENERATED pairs=35591 evals=428 460s
[559968.6] IDEA_E_N1440: step 112 NO_CANDIDATES_GENERATED pairs=35591 evals=428 460s
[559969.3] IDEA_E_N1440: step 113 NO_CANDIDATES_GENERATED pairs=35591 evals=428 461s
[559969.6] IDEA_E_N1440: step 114 NO_CANDIDATES_GENERATED pairs=35591 evals=428 461s
[559969.9] IDEA_E_N1440: step 115 NO_CANDIDATES_GENERATED pairs=35591 evals=428 462s
[559986.5] IDEA_E_N1440: step 116 ELEVATED pairs=35382 evals=444 478s
[559987.1] IDEA_E_N1440: step 117 NO_CANDIDATES_GENERATED pairs=35382 evals=444 479s
[559987.8] IDEA_E_N1440: step 118 NO_CANDIDATES_GENERATED pairs=35382 evals=444 480s
[559988.2] IDEA_E_N1440: step 119 NO_CANDIDATES_GENERATED pairs=35382 evals=444 480s
[559988.8] IDEA_E_N1440: step 120 NO_CANDIDATES_GENERATED pairs=35382 evals=444 481s
[559989.4] IDEA_E_N1440: step 121 NO_CANDIDATES_GENERATED pairs=35382 evals=444 481s
[560005.9] IDEA_E_N1440: step 122 ELEVATED pairs=35180 evals=460 498s
[560006.2] IDEA_E_N1440: step 123 NO_CANDIDATES_GENERATED pairs=35180 evals=460 498s
[560006.7] IDEA_E_N1440: step 124 NO_CANDIDATES_GENERATED pairs=35180 evals=460 499s
[560007.4] IDEA_E_N1440: step 125 NO_CANDIDATES_GENERATED pairs=35180 evals=460 499s
[560008.1] IDEA_E_N1440: step 126 NO_CANDIDATES_GENERATED pairs=35180 evals=460 500s
[560008.7] IDEA_E_N1440: step 127 NO_CANDIDATES_GENERATED pairs=35180 evals=460 501s
[560030.3] IDEA_E_N1440: step 128 ELEVATED pairs=34973 evals=476 522s
[560031.0] IDEA_E_N1440: step 129 NO_CANDIDATES_GENERATED pairs=34973 evals=476 523s
[560031.4] IDEA_E_N1440: step 130 NO_CANDIDATES_GENERATED pairs=34973 evals=476 523s
[560032.0] IDEA_E_N1440: step 131 NO_CANDIDATES_GENERATED pairs=34973 evals=476 524s
[560032.8] IDEA_E_N1440: step 132 NO_CANDIDATES_GENERATED pairs=34973 evals=476 525s
[560033.5] IDEA_E_N1440: step 133 NO_CANDIDATES_GENERATED pairs=34973 evals=476 525s
[560044.8] IDEA_E_N1440: step 134 ELEVATED pairs=34773 evals=492 537s
[560045.5] IDEA_E_N1440: step 135 NO_CANDIDATES_GENERATED pairs=34773 evals=492 537s
[560046.2] IDEA_E_N1440: step 136 NO_CANDIDATES_GENERATED pairs=34773 evals=492 538s
[560046.9] IDEA_E_N1440: step 137 NO_CANDIDATES_GENERATED pairs=34773 evals=492 539s
[560047.3] IDEA_E_N1440: step 138 NO_CANDIDATES_GENERATED pairs=34773 evals=492 539s
[560048.1] IDEA_E_N1440: step 139 NO_CANDIDATES_GENERATED pairs=34773 evals=492 540s
[560066.5] IDEA_E_N1440: step 140 ELEVATED pairs=34567 evals=508 558s
[560066.8] IDEA_E_N1440: step 141 NO_CANDIDATES_GENERATED pairs=34567 evals=508 559s
[560067.5] IDEA_E_N1440: step 142 NO_CANDIDATES_GENERATED pairs=34567 evals=508 559s
[560067.9] IDEA_E_N1440: step 143 NO_CANDIDATES_GENERATED pairs=34567 evals=508 560s
[560068.7] IDEA_E_N1440: step 144 NO_CANDIDATES_GENERATED pairs=34567 evals=508 561s
[560069.4] IDEA_E_N1440: step 145 NO_CANDIDATES_GENERATED pairs=34567 evals=508 561s
[560084.5] IDEA_E_N1440: step 146 ELEVATED pairs=34368 evals=524 576s
[560085.2] IDEA_E_N1440: step 147 NO_CANDIDATES_GENERATED pairs=34368 evals=524 577s
[560085.6] IDEA_E_N1440: step 148 NO_CANDIDATES_GENERATED pairs=34368 evals=524 577s
[560086.3] IDEA_E_N1440: step 149 NO_CANDIDATES_GENERATED pairs=34368 evals=524 578s
[560086.9] IDEA_E_N1440: step 150 NO_CANDIDATES_GENERATED pairs=34368 evals=524 579s
[560087.6] IDEA_E_N1440: step 151 NO_CANDIDATES_GENERATED pairs=34368 evals=524 579s
[560107.2] IDEA_E_N1440: step 152 ELEVATED pairs=34164 evals=540 599s
[560107.6] IDEA_E_N1440: step 153 NO_CANDIDATES_GENERATED pairs=34164 evals=540 599s
[560108.2] IDEA_E_N1440: step 154 NO_CANDIDATES_GENERATED pairs=34164 evals=540 600s
[560108.7] IDEA_E_N1440: step 155 NO_CANDIDATES_GENERATED pairs=34164 evals=540 601s
[560109.1] IDEA_E_N1440: step 156 NO_CANDIDATES_GENERATED pairs=34164 evals=540 601s
[560109.6] IDEA_E_N1440: step 157 NO_CANDIDATES_GENERATED pairs=34164 evals=540 601s
[560122.9] IDEA_E_N1440: step 158 ELEVATED pairs=33967 evals=556 615s
[560123.3] IDEA_E_N1440: step 159 NO_CANDIDATES_GENERATED pairs=33967 evals=556 615s
[560123.8] IDEA_E_N1440: step 160 NO_CANDIDATES_GENERATED pairs=33967 evals=556 616s
[560124.3] IDEA_E_N1440: step 161 NO_CANDIDATES_GENERATED pairs=33967 evals=556 616s
[560124.8] IDEA_E_N1440: step 162 NO_CANDIDATES_GENERATED pairs=33967 evals=556 617s
[560125.3] IDEA_E_N1440: step 163 NO_CANDIDATES_GENERATED pairs=33967 evals=556 617s
[560142.5] IDEA_E_N1440: step 164 ELEVATED pairs=33764 evals=572 634s
[560142.9] IDEA_E_N1440: step 165 NO_CANDIDATES_GENERATED pairs=33764 evals=572 635s
[560143.3] IDEA_E_N1440: step 166 NO_CANDIDATES_GENERATED pairs=33764 evals=572 635s
[560143.6] IDEA_E_N1440: step 167 NO_CANDIDATES_GENERATED pairs=33764 evals=572 635s
[560144.1] IDEA_E_N1440: step 168 NO_CANDIDATES_GENERATED pairs=33764 evals=572 636s
[560144.3] IDEA_E_N1440: step 169 NO_CANDIDATES_GENERATED pairs=33764 evals=572 636s
[560158.2] IDEA_E_N1440: step 170 ELEVATED pairs=33568 evals=588 650s
[560158.6] IDEA_E_N1440: step 171 NO_CANDIDATES_GENERATED pairs=33568 evals=588 650s
[560159.0] IDEA_E_N1440: step 172 NO_CANDIDATES_GENERATED pairs=33568 evals=588 651s
[560159.5] IDEA_E_N1440: step 173 NO_CANDIDATES_GENERATED pairs=33568 evals=588 651s
[560159.9] IDEA_E_N1440: step 174 NO_CANDIDATES_GENERATED pairs=33568 evals=588 652s
[560160.3] IDEA_E_N1440: step 175 NO_CANDIDATES_GENERATED pairs=33568 evals=588 652s
[560178.2] IDEA_E_N1440: step 176 ELEVATED pairs=33367 evals=604 670s
[560178.5] IDEA_E_N1440: step 177 NO_CANDIDATES_GENERATED pairs=33367 evals=604 670s
[560179.0] IDEA_E_N1440: step 178 NO_CANDIDATES_GENERATED pairs=33367 evals=604 671s
[560179.3] IDEA_E_N1440: step 179 NO_CANDIDATES_GENERATED pairs=33367 evals=604 671s
[560179.7] IDEA_E_N1440: step 180 NO_CANDIDATES_GENERATED pairs=33367 evals=604 672s
[560179.9] IDEA_E_N1440: step 181 NO_CANDIDATES_GENERATED pairs=33367 evals=604 672s
[560196.6] IDEA_E_N1440: step 182 ELEVATED pairs=33167 evals=620 688s
[560197.0] IDEA_E_N1440: step 183 NO_CANDIDATES_GENERATED pairs=33167 evals=620 689s
[560197.4] IDEA_E_N1440: step 184 NO_CANDIDATES_GENERATED pairs=33167 evals=620 689s
[560197.8] IDEA_E_N1440: step 185 NO_CANDIDATES_GENERATED pairs=33167 evals=620 690s
[560198.2] IDEA_E_N1440: step 186 NO_CANDIDATES_GENERATED pairs=33167 evals=620 690s
[560198.5] IDEA_E_N1440: step 187 NO_CANDIDATES_GENERATED pairs=33167 evals=620 690s
[560212.0] IDEA_E_N1440: step 188 ELEVATED pairs=32960 evals=636 704s
[560212.4] IDEA_E_N1440: step 189 NO_CANDIDATES_GENERATED pairs=32960 evals=636 704s
[560212.8] IDEA_E_N1440: step 190 NO_CANDIDATES_GENERATED pairs=32960 evals=636 705s
[560213.2] IDEA_E_N1440: step 191 NO_CANDIDATES_GENERATED pairs=32960 evals=636 705s
[560213.6] IDEA_E_N1440: step 192 NO_CANDIDATES_GENERATED pairs=32960 evals=636 705s
[560213.9] IDEA_E_N1440: step 193 NO_CANDIDATES_GENERATED pairs=32960 evals=636 706s
[560232.7] IDEA_E_N1440: step 194 ELEVATED pairs=32762 evals=652 725s
[560233.1] IDEA_E_N1440: step 195 NO_CANDIDATES_GENERATED pairs=32762 evals=652 725s
[560233.4] IDEA_E_N1440: step 196 NO_CANDIDATES_GENERATED pairs=32762 evals=652 725s
[560233.7] IDEA_E_N1440: step 197 NO_CANDIDATES_GENERATED pairs=32762 evals=652 726s
[560234.0] IDEA_E_N1440: step 198 NO_CANDIDATES_GENERATED pairs=32762 evals=652 726s
[560234.3] IDEA_E_N1440: step 199 NO_CANDIDATES_GENERATED pairs=32762 evals=652 726s
[560252.6] IDEA_E_N1440: step 200 ELEVATED pairs=32565 evals=668 744s
[560253.5] IDEA_E_N1440: done final=32565 moves=47 first=47 reloc=0 ret=0 evals=668 stop=TARGET_LIMIT
[560333.2] IDEA_E_N1440: recheck PASS checks=130816
GROUP DONE IDEA_E_N1440 PASS
