start-state rescan (main) ...
  main PASS pairs=42909 unresolved=3 elevated=24
[556422.8] V7_T1_R720: start mode=R budget=720 spec={"name": "V7_T1", "target_policy": "LEGACY", "evaluation_policy": "E2_ORDERED_K16", "traversal_policy": "BASE", "max_targets": 2000, "k_per_target": 16, "family_round_robin": false, "relocation_side_reserve": 0, "waiting_age": false, "route_coverage": false, "multi_anchor": false, "exact_dedup": false, "decision_cache": false, "return_action": false, "cache_structural_skips": false, "window_slack_mm": 1e-05, "notes": ""}
[556422.8] V7_T1_R720: start state=main C:\Users\lihao\Desktop\Graduation Project\OpticalWaveguideRouter3D\outputs\3d_strategy_v3\512_ablation\D_both_enabled pairs=42909
[556431.4] V7_T1_R720: INITIAL_DONE pairs=42909
[556431.7] V7_T1_R720: step 1 NO_CANDIDATES_GENERATED pairs=42909 evals=0 1s
[556431.9] V7_T1_R720: step 2 NO_CANDIDATES_GENERATED pairs=42909 evals=0 1s
[556443.1] V7_T1_R720: step 3 ELEVATED pairs=42661 evals=16 12s
[556463.2] V7_T1_R720: step 4 ELEVATED pairs=42487 evals=32 32s
[556478.5] V7_T1_R720: step 5 ELEVATED pairs=42305 evals=48 47s
[556494.7] V7_T1_R720: step 6 ELEVATED pairs=42121 evals=64 64s
[556512.7] V7_T1_R720: step 7 ELEVATED pairs=41936 evals=80 82s
[556526.6] V7_T1_R720: step 8 ELEVATED pairs=41680 evals=96 96s
[556544.6] V7_T1_R720: step 9 ELEVATED pairs=41486 evals=112 114s
[556556.3] V7_T1_R720: step 10 ELEVATED pairs=41225 evals=128 125s
[556579.4] V7_T1_R720: step 11 ELEVATED pairs=41046 evals=144 148s
[556601.0] V7_T1_R720: step 12 ELEVATED pairs=40867 evals=160 170s
[556611.0] V7_T1_R720: step 13 ELEVATED pairs=40628 evals=176 180s
[556624.6] V7_T1_R720: step 14 ELEVATED pairs=40377 evals=192 194s
[556634.0] V7_T1_R720: step 15 ELEVATED pairs=40136 evals=208 203s
[556647.6] V7_T1_R720: step 16 ELEVATED pairs=39887 evals=224 217s
[556661.2] V7_T1_R720: step 17 ELEVATED pairs=39640 evals=240 230s
[556674.4] V7_T1_R720: step 18 ELEVATED pairs=39399 evals=256 243s
[556688.5] V7_T1_R720: step 19 ELEVATED pairs=39175 evals=272 258s
[556702.1] V7_T1_R720: step 20 ELEVATED pairs=38969 evals=288 271s
[556719.9] V7_T1_R720: step 21 ELEVATED pairs=38811 evals=304 289s
[556734.0] V7_T1_R720: step 22 ELEVATED pairs=38668 evals=320 303s
[556747.0] V7_T1_R720: step 23 ELEVATED pairs=38466 evals=336 316s
[556760.2] V7_T1_R720: step 24 ELEVATED pairs=38332 evals=352 329s
[556770.9] V7_T1_R720: step 25 ELEVATED pairs=38108 evals=368 340s
[556785.5] V7_T1_R720: step 26 ELEVATED pairs=37974 evals=384 354s
[556797.3] V7_T1_R720: step 27 ELEVATED pairs=37771 evals=400 366s
[556809.1] V7_T1_R720: step 28 ELEVATED pairs=37568 evals=416 378s
[556819.1] V7_T1_R720: step 29 ELEVATED pairs=37338 evals=432 388s
[556828.6] V7_T1_R720: step 30 ELEVATED pairs=37110 evals=448 398s
[556841.6] V7_T1_R720: step 31 ELEVATED pairs=36910 evals=464 411s
[556850.9] V7_T1_R720: step 32 ELEVATED pairs=36684 evals=480 420s
[556863.2] V7_T1_R720: step 33 ELEVATED pairs=36466 evals=496 432s
[556875.2] V7_T1_R720: step 34 ELEVATED pairs=36269 evals=512 444s
[556896.3] V7_T1_R720: step 35 ELEVATED pairs=36073 evals=528 465s
[556911.1] V7_T1_R720: step 36 ELEVATED pairs=35887 evals=544 480s
[556923.5] V7_T1_R720: step 37 ELEVATED pairs=35774 evals=560 493s
[556936.9] V7_T1_R720: step 38 ELEVATED pairs=35543 evals=576 506s
[556947.9] V7_T1_R720: step 39 ELEVATED pairs=35343 evals=592 517s
[556961.4] V7_T1_R720: step 40 ELEVATED pairs=35138 evals=608 530s
[556961.7] V7_T1_R720: step 41 NO_CANDIDATES_GENERATED pairs=35138 evals=608 531s
[556961.9] V7_T1_R720: step 42 NO_CANDIDATES_GENERATED pairs=35138 evals=608 531s
[556975.9] V7_T1_R720: step 43 ELEVATED pairs=34935 evals=624 545s
[556990.9] V7_T1_R720: step 44 ELEVATED pairs=34734 evals=640 560s
[557001.3] V7_T1_R720: step 45 ELEVATED pairs=34539 evals=656 570s
[557017.1] V7_T1_R720: step 46 ELEVATED pairs=34340 evals=672 586s
[557033.0] V7_T1_R720: step 47 ELEVATED pairs=34143 evals=688 602s
[557047.8] V7_T1_R720: step 48 ELEVATED pairs=33933 evals=704 617s
[557065.2] V7_T1_R720: step 49 ELEVATED pairs=33738 evals=720 634s
[557065.6] V7_T1_R720: step 50 ABORTED_CANDIDATE_BUDGET pairs=33738 evals=720 635s
[557066.2] V7_T1_R720: done final=33738 moves=45 first=45 reloc=0 ret=0 evals=720 stop=CANDIDATE_BUDGET_EXHAUSTED
[557140.7] V7_T1_R720: recheck PASS checks=130816
GROUP DONE V7_T1_R720 PASS
