start-state rescan (main) ...
  main PASS pairs=42909 unresolved=3 elevated=24
[558646.7] IDEA_C_R1440: start mode=R budget=1440 spec={"name": "IDEA_C", "target_policy": "LEGACY", "evaluation_policy": "E2_ORDERED_K16", "traversal_policy": "BASE", "max_targets": 200, "k_per_target": 16, "family_round_robin": false, "relocation_side_reserve": 0, "waiting_age": true, "route_coverage": false, "multi_anchor": false, "exact_dedup": false, "decision_cache": false, "return_action": false, "cache_structural_skips": false, "window_slack_mm": 1e-05, "notes": ""}
[558646.7] IDEA_C_R1440: start state=main C:\Users\lihao\Desktop\Graduation Project\OpticalWaveguideRouter3D\outputs\3d_strategy_v3\512_ablation\D_both_enabled pairs=42909
[558654.1] IDEA_C_R1440: INITIAL_DONE pairs=42909
[558654.4] IDEA_C_R1440: step 1 NO_CANDIDATES_GENERATED pairs=42909 evals=0 1s
[558654.8] IDEA_C_R1440: step 2 NO_CANDIDATES_GENERATED pairs=42909 evals=0 1s
[558665.5] IDEA_C_R1440: step 3 ELEVATED pairs=42661 evals=16 12s
[558684.8] IDEA_C_R1440: step 4 ELEVATED pairs=42487 evals=32 31s
[558700.1] IDEA_C_R1440: step 5 ELEVATED pairs=42305 evals=48 46s
[558714.9] IDEA_C_R1440: step 6 ELEVATED pairs=42121 evals=64 61s
[558730.0] IDEA_C_R1440: step 7 ELEVATED pairs=41936 evals=80 76s
[558740.8] IDEA_C_R1440: step 8 ELEVATED pairs=41680 evals=96 87s
[558755.5] IDEA_C_R1440: step 9 ELEVATED pairs=41486 evals=112 102s
[558765.6] IDEA_C_R1440: step 10 ELEVATED pairs=41225 evals=128 112s
[558785.4] IDEA_C_R1440: step 11 ELEVATED pairs=41046 evals=144 132s
[558805.2] IDEA_C_R1440: step 12 ELEVATED pairs=40867 evals=160 151s
[558814.7] IDEA_C_R1440: step 13 ELEVATED pairs=40628 evals=176 161s
[558827.5] IDEA_C_R1440: step 14 ELEVATED pairs=40377 evals=192 174s
[558836.7] IDEA_C_R1440: step 15 ELEVATED pairs=40136 evals=208 183s
[558849.6] IDEA_C_R1440: step 16 ELEVATED pairs=39887 evals=224 196s
[558863.2] IDEA_C_R1440: step 17 ELEVATED pairs=39640 evals=240 209s
[558876.5] IDEA_C_R1440: step 18 ELEVATED pairs=39399 evals=256 223s
[558890.3] IDEA_C_R1440: step 19 ELEVATED pairs=39175 evals=272 236s
[558903.4] IDEA_C_R1440: step 20 ELEVATED pairs=38969 evals=288 250s
[558920.6] IDEA_C_R1440: step 21 ELEVATED pairs=38811 evals=304 267s
[558934.0] IDEA_C_R1440: step 22 ELEVATED pairs=38668 evals=320 280s
[558946.4] IDEA_C_R1440: step 23 ELEVATED pairs=38466 evals=336 293s
[558958.9] IDEA_C_R1440: step 24 ELEVATED pairs=38332 evals=352 305s
[558969.1] IDEA_C_R1440: step 25 ELEVATED pairs=38108 evals=368 315s
[558981.8] IDEA_C_R1440: step 26 ELEVATED pairs=37974 evals=384 328s
[558992.1] IDEA_C_R1440: step 27 ELEVATED pairs=37771 evals=400 338s
[559002.5] IDEA_C_R1440: step 28 ELEVATED pairs=37568 evals=416 349s
[559011.5] IDEA_C_R1440: step 29 ELEVATED pairs=37338 evals=432 358s
[559020.2] IDEA_C_R1440: step 30 ELEVATED pairs=37110 evals=448 366s
[559032.3] IDEA_C_R1440: step 31 ELEVATED pairs=36910 evals=464 378s
[559041.1] IDEA_C_R1440: step 32 ELEVATED pairs=36684 evals=480 387s
[559052.9] IDEA_C_R1440: step 33 ELEVATED pairs=36466 evals=496 399s
[559064.4] IDEA_C_R1440: step 34 ELEVATED pairs=36269 evals=512 411s
[559084.6] IDEA_C_R1440: step 35 ELEVATED pairs=36073 evals=528 431s
[559098.6] IDEA_C_R1440: step 36 ELEVATED pairs=35887 evals=544 445s
[559110.1] IDEA_C_R1440: step 37 ELEVATED pairs=35774 evals=560 456s
[559122.8] IDEA_C_R1440: step 38 ELEVATED pairs=35543 evals=576 469s
[559133.3] IDEA_C_R1440: step 39 ELEVATED pairs=35343 evals=592 479s
[559146.1] IDEA_C_R1440: step 40 ELEVATED pairs=35138 evals=608 492s
[559146.4] IDEA_C_R1440: step 41 NO_CANDIDATES_GENERATED pairs=35138 evals=608 493s
[559146.6] IDEA_C_R1440: step 42 NO_CANDIDATES_GENERATED pairs=35138 evals=608 493s
[559160.1] IDEA_C_R1440: step 43 ELEVATED pairs=34935 evals=624 506s
[559174.2] IDEA_C_R1440: step 44 ELEVATED pairs=34734 evals=640 520s
[559183.8] IDEA_C_R1440: step 45 ELEVATED pairs=34539 evals=656 530s
[559198.8] IDEA_C_R1440: step 46 ELEVATED pairs=34340 evals=672 545s
[559213.9] IDEA_C_R1440: step 47 ELEVATED pairs=34143 evals=688 560s
[559228.2] IDEA_C_R1440: step 48 ELEVATED pairs=33933 evals=704 574s
[559245.6] IDEA_C_R1440: step 49 ELEVATED pairs=33738 evals=720 592s
[559259.7] IDEA_C_R1440: step 50 ELEVATED pairs=33530 evals=736 606s
[559271.5] IDEA_C_R1440: step 51 ELEVATED pairs=33326 evals=752 618s
[559289.1] IDEA_C_R1440: step 52 ELEVATED pairs=33133 evals=768 635s
[559302.7] IDEA_C_R1440: step 53 ELEVATED pairs=32926 evals=784 649s
[559320.5] IDEA_C_R1440: step 54 ELEVATED pairs=32735 evals=800 667s
[559332.7] IDEA_C_R1440: step 55 ELEVATED pairs=32530 evals=816 679s
[559349.5] IDEA_C_R1440: step 56 ELEVATED pairs=32341 evals=832 696s
[559362.1] IDEA_C_R1440: step 57 ELEVATED pairs=32137 evals=848 708s
[559379.2] IDEA_C_R1440: step 58 ELEVATED pairs=31950 evals=864 725s
[559387.5] IDEA_C_R1440: step 59 ELEVATED pairs=31792 evals=880 734s
[559400.0] IDEA_C_R1440: step 60 ELEVATED pairs=31590 evals=896 746s
[559412.4] IDEA_C_R1440: step 61 ELEVATED pairs=31389 evals=912 759s
[559426.2] IDEA_C_R1440: step 62 ELEVATED pairs=31226 evals=928 772s
[559444.0] IDEA_C_R1440: step 63 ELEVATED pairs=31027 evals=944 790s
[559462.7] IDEA_C_R1440: step 64 ELEVATED pairs=30829 evals=960 809s
[559463.9] IDEA_C_R1440: step 65 NO_CANDIDATES_GENERATED pairs=30829 evals=960 810s
[559464.9] IDEA_C_R1440: step 66 NO_CANDIDATES_GENERATED pairs=30829 evals=960 811s
[559466.0] IDEA_C_R1440: step 67 NO_CANDIDATES_GENERATED pairs=30829 evals=960 812s
[559487.8] IDEA_C_R1440: step 68 ELEVATED pairs=30633 evals=976 834s
[559504.1] IDEA_C_R1440: step 69 ELEVATED pairs=30481 evals=992 850s
[559518.3] IDEA_C_R1440: step 70 ELEVATED pairs=30367 evals=1008 865s
[559541.2] IDEA_C_R1440: step 71 ELEVATED pairs=30214 evals=1024 887s
[559556.1] IDEA_C_R1440: step 72 ELEVATED pairs=30030 evals=1033 902s
[559573.2] IDEA_C_R1440: step 73 ELEVATED pairs=29879 evals=1049 919s
[559584.3] IDEA_C_R1440: step 74 ELEVATED pairs=29697 evals=1058 931s
[559603.1] IDEA_C_R1440: step 75 ELEVATED pairs=29548 evals=1074 949s
[559618.1] IDEA_C_R1440: step 76 ELEVATED pairs=29368 evals=1083 964s
[559629.6] IDEA_C_R1440: step 77 ELEVATED pairs=29190 evals=1092 976s
[559668.2] IDEA_C_R1440: step 78 ELEVATED pairs=28961 evals=1108 1014s
[559679.7] IDEA_C_R1440: step 79 ELEVATED pairs=28776 evals=1124 1026s
[559691.1] IDEA_C_R1440: step 80 ELEVATED pairs=28593 evals=1140 1037s
[559700.9] IDEA_C_R1440: step 81 ELEVATED pairs=28412 evals=1156 1047s
[559711.8] IDEA_C_R1440: step 82 ELEVATED pairs=28233 evals=1172 1058s
[559726.5] IDEA_C_R1440: step 83 ELEVATED pairs=28134 evals=1188 1073s
[559739.4] IDEA_C_R1440: step 84 ELEVATED pairs=28022 evals=1204 1086s
[559752.2] IDEA_C_R1440: step 85 ELEVATED pairs=27902 evals=1220 1098s
[559764.7] IDEA_C_R1440: step 86 ELEVATED pairs=27782 evals=1236 1111s
[559776.9] IDEA_C_R1440: step 87 ELEVATED pairs=27662 evals=1252 1123s
[559786.5] IDEA_C_R1440: step 88 ELEVATED pairs=27514 evals=1268 1133s
[559796.6] IDEA_C_R1440: step 89 ELEVATED pairs=27394 evals=1284 1143s
[559811.2] IDEA_C_R1440: step 90 ELEVATED pairs=27248 evals=1300 1157s
[559825.6] IDEA_C_R1440: step 91 ELEVATED pairs=27092 evals=1316 1172s
[559840.3] IDEA_C_R1440: step 92 PREFIX_EVALUATED_NO_WINNER_DEFERRED pairs=27092 evals=1332 1186s
[559854.2] IDEA_C_R1440: step 93 ELEVATED pairs=26951 evals=1348 1200s
[559869.5] IDEA_C_R1440: step 94 PREFIX_EVALUATED_NO_WINNER_DEFERRED pairs=26951 evals=1364 1216s
[559885.6] IDEA_C_R1440: step 95 ELEVATED pairs=26895 evals=1380 1232s
[559900.8] IDEA_C_R1440: step 96 ELEVATED pairs=26781 evals=1396 1247s
[559922.3] IDEA_C_R1440: step 97 ELEVATED pairs=26690 evals=1412 1268s
[559942.8] IDEA_C_R1440: step 98 ELEVATED pairs=26525 evals=1428 1289s
[559952.1] IDEA_C_R1440: step 99 ELEVATED pairs=26437 evals=1440 1298s
[559953.4] IDEA_C_R1440: done final=26437 moves=90 first=90 reloc=0 ret=0 evals=1440 stop=CANDIDATE_BUDGET_EXHAUSTED
[560068.6] IDEA_C_R1440: recheck PASS checks=130816
GROUP DONE IDEA_C_R1440 PASS
