start-state rescan (challenge) ...
  challenge PASS pairs=30999 unresolved=3 elevated=77
[553086.1] V5_STRATIFIED_NC2880: start mode=N budget=2880 spec={"name": "V5_STRATIFIED", "target_policy": "STRATIFIED", "evaluation_policy": "E0_EXHAUSTIVE", "traversal_policy": "BASE", "max_targets": 200, "k_per_target": 16, "family_round_robin": false, "relocation_side_reserve": 0, "waiting_age": false, "route_coverage": false, "multi_anchor": false, "exact_dedup": false, "decision_cache": false, "return_action": false, "cache_structural_skips": false, "window_slack_mm": 1e-05, "notes": ""}
[553086.1] V5_STRATIFIED_NC2880: start state=challenge C:\Users\lihao\Desktop\Graduation Project\OpticalWaveguideRouter3D\outputs\3d_strategy_v4\512_full_layout\N2880 pairs=30999
[553092.4] V5_STRATIFIED_NC2880: INITIAL_DONE pairs=30999
[553092.6] V5_STRATIFIED_NC2880: step 1 NO_CANDIDATES_GENERATED pairs=30999 evals=0 0s
[553118.1] V5_STRATIFIED_NC2880: step 2 NO_CANDIDATES_GENERATED pairs=30999 evals=0 26s
[553118.2] V5_STRATIFIED_NC2880: step 3 NO_CANDIDATES_GENERATED pairs=30999 evals=0 26s
[553118.4] V5_STRATIFIED_NC2880: step 4 NO_CANDIDATES_GENERATED pairs=30999 evals=0 26s
[553143.3] V5_STRATIFIED_NC2880: step 5 NO_CANDIDATES_GENERATED pairs=30999 evals=0 51s
[553143.5] V5_STRATIFIED_NC2880: step 6 NO_CANDIDATES_GENERATED pairs=30999 evals=0 51s
[553143.7] V5_STRATIFIED_NC2880: step 7 NO_CANDIDATES_GENERATED pairs=30999 evals=0 51s
[553172.3] V5_STRATIFIED_NC2880: step 8 NO_CANDIDATES_GENERATED pairs=30999 evals=0 80s
[553172.5] V5_STRATIFIED_NC2880: step 9 NO_CANDIDATES_GENERATED pairs=30999 evals=0 80s
[553172.7] V5_STRATIFIED_NC2880: step 10 NO_CANDIDATES_GENERATED pairs=30999 evals=0 81s
[553242.2] V5_STRATIFIED_NC2880: step 11 ELEVATED pairs=30804 evals=54 150s
[553283.9] V5_STRATIFIED_NC2880: step 12 ELEVATED pairs=30610 evals=108 192s
[553284.2] V5_STRATIFIED_NC2880: step 13 NO_CANDIDATES_GENERATED pairs=30610 evals=108 192s
[553373.0] V5_STRATIFIED_NC2880: step 14 ELEVATED pairs=30415 evals=180 281s
[553434.2] V5_STRATIFIED_NC2880: step 15 ELEVATED pairs=30222 evals=252 342s
[553434.6] V5_STRATIFIED_NC2880: step 16 NO_CANDIDATES_GENERATED pairs=30222 evals=252 342s
[553460.2] V5_STRATIFIED_NC2880: step 17 NO_CANDIDATES_GENERATED pairs=30222 evals=252 368s
[553479.9] V5_STRATIFIED_NC2880: step 18 ELEVATED pairs=30031 evals=270 388s
[553480.3] V5_STRATIFIED_NC2880: step 19 NO_CANDIDATES_GENERATED pairs=30031 evals=270 388s
[553531.6] V5_STRATIFIED_NC2880: step 20 ELEVATED pairs=29842 evals=288 439s
[553556.4] V5_STRATIFIED_NC2880: step 21 ELEVATED pairs=29655 evals=306 464s
[553556.7] V5_STRATIFIED_NC2880: step 22 NO_CANDIDATES_GENERATED pairs=29655 evals=306 464s
[553642.9] V5_STRATIFIED_NC2880: step 23 ELEVATED pairs=29456 evals=360 551s
[553667.2] V5_STRATIFIED_NC2880: step 24 ELEVATED pairs=29271 evals=378 575s
[553707.2] V5_STRATIFIED_NC2880: step 25 ELEVATED pairs=29084 evals=432 615s
[553788.6] V5_STRATIFIED_NC2880: step 26 ELEVATED pairs=28887 evals=486 696s
[553833.7] V5_STRATIFIED_NC2880: step 27 ELEVATED pairs=28692 evals=540 742s
[553834.1] V5_STRATIFIED_NC2880: step 28 NO_CANDIDATES_GENERATED pairs=28692 evals=540 742s
[553893.6] V5_STRATIFIED_NC2880: step 29 ELEVATED pairs=28517 evals=576 801s
[553930.3] V5_STRATIFIED_NC2880: step 30 ELEVATED pairs=28344 evals=612 838s
[553930.7] V5_STRATIFIED_NC2880: step 31 NO_CANDIDATES_GENERATED pairs=28344 evals=612 839s
[553994.0] V5_STRATIFIED_NC2880: step 32 ELEVATED pairs=28155 evals=666 902s
[554033.4] V5_STRATIFIED_NC2880: step 33 ELEVATED pairs=27968 evals=720 941s
[554033.8] V5_STRATIFIED_NC2880: step 34 NO_CANDIDATES_GENERATED pairs=27968 evals=720 942s
[554108.4] V5_STRATIFIED_NC2880: step 35 ELEVATED pairs=27787 evals=774 1016s
[554147.3] V5_STRATIFIED_NC2880: step 36 ELEVATED pairs=27602 evals=828 1055s
[554147.6] V5_STRATIFIED_NC2880: step 37 NO_CANDIDATES_GENERATED pairs=27602 evals=828 1055s
[554220.4] V5_STRATIFIED_NC2880: step 38 ELEVATED pairs=27423 evals=882 1128s
[554265.4] V5_STRATIFIED_NC2880: step 39 ELEVATED pairs=27240 evals=936 1173s
[554265.7] V5_STRATIFIED_NC2880: step 40 NO_CANDIDATES_GENERATED pairs=27240 evals=936 1173s
[554334.7] V5_STRATIFIED_NC2880: step 41 ELEVATED pairs=27063 evals=990 1242s
[554345.2] V5_STRATIFIED_NC2880: step 42 ELEVATED pairs=26891 evals=999 1253s
[554345.7] V5_STRATIFIED_NC2880: step 43 NO_CANDIDATES_GENERATED pairs=26891 evals=999 1253s
[554446.8] V5_STRATIFIED_NC2880: step 44 ELEVATED pairs=26716 evals=1053 1355s
[554457.0] V5_STRATIFIED_NC2880: step 45 ELEVATED pairs=26546 evals=1062 1365s
[554457.5] V5_STRATIFIED_NC2880: step 46 NO_CANDIDATES_GENERATED pairs=26546 evals=1062 1365s
[554565.1] V5_STRATIFIED_NC2880: step 47 ELEVATED pairs=26373 evals=1116 1473s
[554575.8] V5_STRATIFIED_NC2880: step 48 ELEVATED pairs=26205 evals=1125 1484s
[554595.0] V5_STRATIFIED_NC2880: step 49 ELEVATED pairs=26093 evals=1134 1503s
[554699.3] V5_STRATIFIED_NC2880: step 50 ELEVATED pairs=25922 evals=1188 1607s
[554762.5] V5_STRATIFIED_NC2880: step 51 ELEVATED pairs=25753 evals=1242 1670s
[554824.6] V5_STRATIFIED_NC2880: step 52 ELEVATED pairs=25594 evals=1296 1732s
[554866.8] V5_STRATIFIED_NC2880: step 53 NO_CANDIDATES_GENERATED pairs=25594 evals=1296 1775s
[554876.7] V5_STRATIFIED_NC2880: step 54 ELEVATED pairs=25430 evals=1305 1784s
[554904.9] V5_STRATIFIED_NC2880: step 55 ELEVATED pairs=25281 evals=1332 1813s
[555013.3] V5_STRATIFIED_NC2880: step 56 ELEVATED pairs=25114 evals=1386 1921s
[555074.5] V5_STRATIFIED_NC2880: step 57 ELEVATED pairs=24949 evals=1440 1982s
[555101.7] V5_STRATIFIED_NC2880: step 58 ELEVATED pairs=24797 evals=1467 2010s
[555206.4] V5_STRATIFIED_NC2880: step 59 ELEVATED pairs=24634 evals=1521 2114s
[555242.6] V5_STRATIFIED_NC2880: step 60 ELEVATED pairs=24478 evals=1575 2150s
[555287.7] V5_STRATIFIED_NC2880: step 61 ELEVATED pairs=24348 evals=1593 2195s
[555357.7] V5_STRATIFIED_NC2880: step 62 ELEVATED pairs=24197 evals=1611 2265s
[555403.5] V5_STRATIFIED_NC2880: step 63 ELEVATED pairs=24048 evals=1665 2311s
[555445.6] V5_STRATIFIED_NC2880: step 64 ELEVATED pairs=23919 evals=1683 2353s
[555554.5] V5_STRATIFIED_NC2880: step 65 ELEVATED pairs=23757 evals=1737 2462s
[555601.4] V5_STRATIFIED_NC2880: step 66 ELEVATED pairs=23602 evals=1791 2509s
[555639.9] V5_STRATIFIED_NC2880: step 67 ELEVATED pairs=23467 evals=1809 2548s
[555723.1] V5_STRATIFIED_NC2880: step 68 ELEVATED pairs=23312 evals=1863 2631s
[555766.7] V5_STRATIFIED_NC2880: step 69 ELEVATED pairs=23157 evals=1917 2675s
[555794.0] V5_STRATIFIED_NC2880: step 70 ELEVATED pairs=23022 evals=1935 2702s
[555874.0] V5_STRATIFIED_NC2880: step 71 ELEVATED pairs=22867 evals=1989 2782s
[555936.9] V5_STRATIFIED_NC2880: step 72 ELEVATED pairs=22712 evals=2052 2845s
[555963.5] V5_STRATIFIED_NC2880: step 73 ELEVATED pairs=22549 evals=2079 2871s
[556079.0] V5_STRATIFIED_NC2880: step 74 ELEVATED pairs=22391 evals=2133 2987s
[556149.7] V5_STRATIFIED_NC2880: step 75 ELEVATED pairs=22235 evals=2187 3058s
[556150.1] V5_STRATIFIED_NC2880: step 76 NO_CANDIDATES_GENERATED pairs=22235 evals=2187 3058s
[556269.8] V5_STRATIFIED_NC2880: step 77 ELEVATED pairs=22081 evals=2241 3178s
[556334.8] V5_STRATIFIED_NC2880: step 78 ELEVATED pairs=21929 evals=2295 3243s
[556395.5] V5_STRATIFIED_NC2880: step 79 ELEVATED pairs=21794 evals=2349 3303s
[556528.7] V5_STRATIFIED_NC2880: step 80 ELEVATED pairs=21644 evals=2403 3436s
[556607.0] V5_STRATIFIED_NC2880: step 81 ELEVATED pairs=21496 evals=2457 3515s
[556664.5] V5_STRATIFIED_NC2880: step 82 ELEVATED pairs=21361 evals=2511 3572s
[556744.6] V5_STRATIFIED_NC2880: step 83 ELEVATED pairs=21224 evals=2565 3652s
[556801.3] V5_STRATIFIED_NC2880: step 84 ELEVATED pairs=21086 evals=2619 3709s
[556801.7] V5_STRATIFIED_NC2880: step 85 NO_CANDIDATES_GENERATED pairs=21086 evals=2619 3709s
[556918.0] V5_STRATIFIED_NC2880: step 86 ELEVATED pairs=20941 evals=2673 3826s
[556980.2] V5_STRATIFIED_NC2880: step 87 ELEVATED pairs=20798 evals=2727 3888s
[556980.6] V5_STRATIFIED_NC2880: step 88 NO_CANDIDATES_GENERATED pairs=20798 evals=2727 3888s
[557076.3] V5_STRATIFIED_NC2880: step 89 ELEVATED pairs=20684 evals=2781 3984s
[557141.5] V5_STRATIFIED_NC2880: step 90 ELEVATED pairs=20543 evals=2835 4049s
[557142.0] V5_STRATIFIED_NC2880: step 91 NO_CANDIDATES_GENERATED pairs=20543 evals=2835 4050s
[557234.4] V5_STRATIFIED_NC2880: step 92 ELEVATED pairs=20421 evals=2880 4142s
[557234.9] V5_STRATIFIED_NC2880: done final=20421 moves=65 first=65 reloc=0 ret=0 evals=2880 stop=CANDIDATE_BUDGET_EXHAUSTED
[557334.3] V5_STRATIFIED_NC2880: recheck PASS checks=130816
GROUP DONE V5_STRATIFIED_NC2880 PASS
