start-state rescan (main) ...
  main PASS pairs=42909 unresolved=3 elevated=24
[559499.3] IDEA_G_N720: start mode=N budget=720 spec={"name": "IDEA_G", "target_policy": "LEGACY", "evaluation_policy": "E2_ORDERED_K16", "traversal_policy": "BASE", "max_targets": 200, "k_per_target": 16, "family_round_robin": false, "relocation_side_reserve": 0, "waiting_age": false, "route_coverage": false, "multi_anchor": false, "exact_dedup": false, "decision_cache": true, "return_action": false, "cache_structural_skips": false, "window_slack_mm": 1e-05, "notes": ""}
[559499.3] IDEA_G_N720: start state=main C:\Users\lihao\Desktop\Graduation Project\OpticalWaveguideRouter3D\outputs\3d_strategy_v3\512_ablation\D_both_enabled pairs=42909
[559509.6] IDEA_G_N720: INITIAL_DONE pairs=42909
[559510.2] IDEA_G_N720: step 1 NO_CANDIDATES_GENERATED pairs=42909 evals=0 2s
[559510.9] IDEA_G_N720: step 2 NO_CANDIDATES_GENERATED pairs=42909 evals=0 3s
[559524.3] IDEA_G_N720: step 3 ELEVATED pairs=42661 evals=16 16s
[559545.7] IDEA_G_N720: step 4 ELEVATED pairs=42487 evals=32 37s
[559567.1] IDEA_G_N720: step 5 ELEVATED pairs=42305 evals=48 59s
[559583.7] IDEA_G_N720: step 6 ELEVATED pairs=42121 evals=64 75s
[559608.3] IDEA_G_N720: step 7 ELEVATED pairs=41936 evals=80 100s
[559629.9] IDEA_G_N720: step 8 ELEVATED pairs=41680 evals=96 122s
[559652.5] IDEA_G_N720: step 9 ELEVATED pairs=41486 evals=112 144s
[559665.0] IDEA_G_N720: step 10 ELEVATED pairs=41225 evals=128 157s
[559692.5] IDEA_G_N720: step 11 ELEVATED pairs=41046 evals=144 184s
[559722.9] IDEA_G_N720: step 12 ELEVATED pairs=40867 evals=160 215s
[559738.1] IDEA_G_N720: step 13 ELEVATED pairs=40628 evals=176 230s
[559756.6] IDEA_G_N720: step 14 ELEVATED pairs=40377 evals=192 248s
[559770.2] IDEA_G_N720: step 15 ELEVATED pairs=40136 evals=208 262s
[559791.9] IDEA_G_N720: step 16 ELEVATED pairs=39887 evals=224 284s
[559810.9] IDEA_G_N720: step 17 ELEVATED pairs=39640 evals=240 303s
[559830.9] IDEA_G_N720: step 18 ELEVATED pairs=39399 evals=256 323s
[559855.6] IDEA_G_N720: step 19 ELEVATED pairs=39175 evals=272 347s
[559871.0] IDEA_G_N720: step 20 ELEVATED pairs=38969 evals=288 363s
[559898.9] IDEA_G_N720: step 21 ELEVATED pairs=38811 evals=304 391s
[559919.3] IDEA_G_N720: step 22 ELEVATED pairs=38668 evals=320 411s
[559935.9] IDEA_G_N720: step 23 ELEVATED pairs=38466 evals=336 428s
[559953.2] IDEA_G_N720: step 24 ELEVATED pairs=38332 evals=352 445s
[559969.1] IDEA_G_N720: step 25 ELEVATED pairs=38108 evals=368 461s
[559990.7] IDEA_G_N720: step 26 ELEVATED pairs=37974 evals=384 482s
[560003.8] IDEA_G_N720: step 27 ELEVATED pairs=37771 evals=400 495s
[560017.7] IDEA_G_N720: step 28 ELEVATED pairs=37568 evals=416 509s
[560030.2] IDEA_G_N720: step 29 ELEVATED pairs=37338 evals=432 522s
[560044.9] IDEA_G_N720: step 30 ELEVATED pairs=37110 evals=448 537s
[560061.0] IDEA_G_N720: step 31 ELEVATED pairs=36910 evals=464 553s
[560076.4] IDEA_G_N720: step 32 ELEVATED pairs=36684 evals=480 568s
[560096.6] IDEA_G_N720: step 33 ELEVATED pairs=36466 evals=496 588s
[560112.0] IDEA_G_N720: step 34 ELEVATED pairs=36269 evals=512 604s
[560137.6] IDEA_G_N720: step 35 ELEVATED pairs=36073 evals=528 629s
[560154.0] IDEA_G_N720: step 36 ELEVATED pairs=35887 evals=544 646s
[560167.9] IDEA_G_N720: step 37 ELEVATED pairs=35774 evals=560 660s
[560183.6] IDEA_G_N720: step 38 ELEVATED pairs=35543 evals=576 675s
[560196.1] IDEA_G_N720: step 39 ELEVATED pairs=35343 evals=592 688s
[560213.5] IDEA_G_N720: step 40 ELEVATED pairs=35138 evals=608 705s
[560213.8] IDEA_G_N720: step 41 NO_CANDIDATES_GENERATED pairs=35138 evals=608 706s
[560214.2] IDEA_G_N720: step 42 NO_CANDIDATES_GENERATED pairs=35138 evals=608 706s
[560229.6] IDEA_G_N720: step 43 ELEVATED pairs=34935 evals=624 721s
[560245.0] IDEA_G_N720: step 44 ELEVATED pairs=34734 evals=640 737s
[560256.6] IDEA_G_N720: step 45 ELEVATED pairs=34539 evals=656 748s
[560274.0] IDEA_G_N720: step 46 ELEVATED pairs=34340 evals=672 766s
[560294.1] IDEA_G_N720: step 47 ELEVATED pairs=34143 evals=688 786s
[560312.3] IDEA_G_N720: step 48 ELEVATED pairs=33933 evals=704 804s
[560333.4] IDEA_G_N720: step 49 ELEVATED pairs=33738 evals=720 825s
[560333.9] IDEA_G_N720: step 50 ABORTED_CANDIDATE_BUDGET pairs=33738 evals=720 826s
[560334.4] IDEA_G_N720: done final=33738 moves=45 first=45 reloc=0 ret=0 evals=720 stop=CANDIDATE_BUDGET_EXHAUSTED
[560408.7] IDEA_G_N720: recheck PASS checks=130816
GROUP DONE IDEA_G_N720 PASS
