start-state rescan (main) ...
  main PASS pairs=42909 unresolved=3 elevated=24
[558642.2] IDEA_B_N1440: start mode=N budget=1440 spec={"name": "IDEA_B", "target_policy": "LEGACY", "evaluation_policy": "E2_ORDERED_K16", "traversal_policy": "BASE", "max_targets": 200, "k_per_target": 16, "family_round_robin": false, "relocation_side_reserve": 8, "waiting_age": false, "route_coverage": false, "multi_anchor": false, "exact_dedup": false, "decision_cache": false, "return_action": false, "cache_structural_skips": false, "window_slack_mm": 1e-05, "notes": ""}
[558642.2] IDEA_B_N1440: start state=main C:\Users\lihao\Desktop\Graduation Project\OpticalWaveguideRouter3D\outputs\3d_strategy_v3\512_ablation\D_both_enabled pairs=42909
[558650.3] IDEA_B_N1440: INITIAL_DONE pairs=42909
[558650.7] IDEA_B_N1440: step 1 NO_CANDIDATES_GENERATED pairs=42909 evals=0 1s
[558651.0] IDEA_B_N1440: step 2 NO_CANDIDATES_GENERATED pairs=42909 evals=0 1s
[558662.7] IDEA_B_N1440: step 3 ELEVATED pairs=42661 evals=16 13s
[558681.3] IDEA_B_N1440: step 4 ELEVATED pairs=42487 evals=32 31s
[558696.5] IDEA_B_N1440: step 5 ELEVATED pairs=42305 evals=48 47s
[558711.3] IDEA_B_N1440: step 6 ELEVATED pairs=42121 evals=64 61s
[558726.1] IDEA_B_N1440: step 7 ELEVATED pairs=41936 evals=80 76s
[558737.2] IDEA_B_N1440: step 8 ELEVATED pairs=41680 evals=96 87s
[558752.2] IDEA_B_N1440: step 9 ELEVATED pairs=41486 evals=112 102s
[558762.3] IDEA_B_N1440: step 10 ELEVATED pairs=41225 evals=128 112s
[558782.1] IDEA_B_N1440: step 11 ELEVATED pairs=41046 evals=144 132s
[558802.0] IDEA_B_N1440: step 12 ELEVATED pairs=40867 evals=160 152s
[558811.3] IDEA_B_N1440: step 13 ELEVATED pairs=40628 evals=176 161s
[558824.1] IDEA_B_N1440: step 14 ELEVATED pairs=40377 evals=192 174s
[558833.2] IDEA_B_N1440: step 15 ELEVATED pairs=40136 evals=208 183s
[558846.0] IDEA_B_N1440: step 16 ELEVATED pairs=39887 evals=224 196s
[558859.0] IDEA_B_N1440: step 17 ELEVATED pairs=39640 evals=240 209s
[558872.0] IDEA_B_N1440: step 18 ELEVATED pairs=39399 evals=256 222s
[558885.9] IDEA_B_N1440: step 19 ELEVATED pairs=39175 evals=272 236s
[558898.9] IDEA_B_N1440: step 20 ELEVATED pairs=38969 evals=288 249s
[558916.0] IDEA_B_N1440: step 21 ELEVATED pairs=38811 evals=304 266s
[558929.2] IDEA_B_N1440: step 22 ELEVATED pairs=38668 evals=320 279s
[558941.4] IDEA_B_N1440: step 23 ELEVATED pairs=38466 evals=336 291s
[558953.8] IDEA_B_N1440: step 24 ELEVATED pairs=38332 evals=352 304s
[558964.0] IDEA_B_N1440: step 25 ELEVATED pairs=38108 evals=368 314s
[558976.9] IDEA_B_N1440: step 26 ELEVATED pairs=37974 evals=384 327s
[558987.3] IDEA_B_N1440: step 27 ELEVATED pairs=37771 evals=400 337s
[558997.6] IDEA_B_N1440: step 28 ELEVATED pairs=37568 evals=416 348s
[559006.5] IDEA_B_N1440: step 29 ELEVATED pairs=37338 evals=432 357s
[559015.3] IDEA_B_N1440: step 30 ELEVATED pairs=37110 evals=448 365s
[559027.2] IDEA_B_N1440: step 31 ELEVATED pairs=36910 evals=464 377s
[559035.9] IDEA_B_N1440: step 32 ELEVATED pairs=36684 evals=480 386s
[559047.5] IDEA_B_N1440: step 33 ELEVATED pairs=36466 evals=496 398s
[559058.9] IDEA_B_N1440: step 34 ELEVATED pairs=36269 evals=512 409s
[559078.6] IDEA_B_N1440: step 35 ELEVATED pairs=36073 evals=528 429s
[559092.5] IDEA_B_N1440: step 36 ELEVATED pairs=35887 evals=544 443s
[559104.0] IDEA_B_N1440: step 37 ELEVATED pairs=35774 evals=560 454s
[559116.8] IDEA_B_N1440: step 38 ELEVATED pairs=35543 evals=576 467s
[559127.3] IDEA_B_N1440: step 39 ELEVATED pairs=35343 evals=592 477s
[559140.1] IDEA_B_N1440: step 40 ELEVATED pairs=35138 evals=608 490s
[559140.4] IDEA_B_N1440: step 41 NO_CANDIDATES_GENERATED pairs=35138 evals=608 490s
[559140.6] IDEA_B_N1440: step 42 NO_CANDIDATES_GENERATED pairs=35138 evals=608 491s
[559154.0] IDEA_B_N1440: step 43 ELEVATED pairs=34935 evals=624 504s
[559167.8] IDEA_B_N1440: step 44 ELEVATED pairs=34734 evals=640 518s
[559177.6] IDEA_B_N1440: step 45 ELEVATED pairs=34539 evals=656 528s
[559192.6] IDEA_B_N1440: step 46 ELEVATED pairs=34340 evals=672 543s
[559207.8] IDEA_B_N1440: step 47 ELEVATED pairs=34143 evals=688 558s
[559221.7] IDEA_B_N1440: step 48 ELEVATED pairs=33933 evals=704 572s
[559239.1] IDEA_B_N1440: step 49 ELEVATED pairs=33738 evals=720 589s
[559253.4] IDEA_B_N1440: step 50 ELEVATED pairs=33530 evals=736 603s
[559265.1] IDEA_B_N1440: step 51 ELEVATED pairs=33326 evals=752 615s
[559282.6] IDEA_B_N1440: step 52 ELEVATED pairs=33133 evals=768 633s
[559296.1] IDEA_B_N1440: step 53 ELEVATED pairs=32926 evals=784 646s
[559313.8] IDEA_B_N1440: step 54 ELEVATED pairs=32735 evals=800 664s
[559326.4] IDEA_B_N1440: step 55 ELEVATED pairs=32530 evals=816 677s
[559343.0] IDEA_B_N1440: step 56 ELEVATED pairs=32341 evals=832 693s
[559355.3] IDEA_B_N1440: step 57 ELEVATED pairs=32137 evals=848 705s
[559372.4] IDEA_B_N1440: step 58 ELEVATED pairs=31950 evals=864 723s
[559380.6] IDEA_B_N1440: step 59 ELEVATED pairs=31792 evals=880 731s
[559392.9] IDEA_B_N1440: step 60 ELEVATED pairs=31590 evals=896 743s
[559405.3] IDEA_B_N1440: step 61 ELEVATED pairs=31389 evals=912 755s
[559416.2] IDEA_B_N1440: step 62 ELEVATED pairs=31226 evals=928 766s
[559434.2] IDEA_B_N1440: step 63 ELEVATED pairs=31027 evals=944 784s
[559453.7] IDEA_B_N1440: step 64 ELEVATED pairs=30829 evals=960 804s
[559454.6] IDEA_B_N1440: step 65 NO_CANDIDATES_GENERATED pairs=30829 evals=960 805s
[559455.2] IDEA_B_N1440: step 66 NO_CANDIDATES_GENERATED pairs=30829 evals=960 805s
[559456.2] IDEA_B_N1440: step 67 NO_CANDIDATES_GENERATED pairs=30829 evals=960 806s
[559478.5] IDEA_B_N1440: step 68 ELEVATED pairs=30633 evals=976 829s
[559494.7] IDEA_B_N1440: step 69 ELEVATED pairs=30481 evals=992 845s
[559513.9] IDEA_B_N1440: step 70 ELEVATED pairs=30367 evals=1008 864s
[559531.6] IDEA_B_N1440: step 71 ELEVATED pairs=30214 evals=1024 882s
[559544.1] IDEA_B_N1440: step 72 ELEVATED pairs=30030 evals=1033 894s
[559566.3] IDEA_B_N1440: step 73 ELEVATED pairs=29879 evals=1049 916s
[559580.8] IDEA_B_N1440: step 74 ELEVATED pairs=29697 evals=1058 931s
[559601.5] IDEA_B_N1440: step 75 ELEVATED pairs=29548 evals=1074 952s
[559612.0] IDEA_B_N1440: step 76 ELEVATED pairs=29368 evals=1083 962s
[559631.1] IDEA_B_N1440: step 77 ELEVATED pairs=29190 evals=1092 981s
[559660.9] IDEA_B_N1440: step 78 ELEVATED pairs=28961 evals=1108 1011s
[559672.3] IDEA_B_N1440: step 79 ELEVATED pairs=28776 evals=1124 1022s
[559686.7] IDEA_B_N1440: step 80 ELEVATED pairs=28593 evals=1140 1037s
[559699.3] IDEA_B_N1440: step 81 ELEVATED pairs=28412 evals=1156 1049s
[559715.0] IDEA_B_N1440: step 82 ELEVATED pairs=28233 evals=1172 1065s
[559727.0] IDEA_B_N1440: step 83 ELEVATED pairs=28134 evals=1188 1077s
[559741.9] IDEA_B_N1440: step 84 ELEVATED pairs=28022 evals=1204 1092s
[559754.1] IDEA_B_N1440: step 85 ELEVATED pairs=27902 evals=1220 1104s
[559767.9] IDEA_B_N1440: step 86 ELEVATED pairs=27782 evals=1236 1118s
[559778.9] IDEA_B_N1440: step 87 ELEVATED pairs=27662 evals=1252 1129s
[559791.5] IDEA_B_N1440: step 88 ELEVATED pairs=27514 evals=1268 1142s
[559802.7] IDEA_B_N1440: step 89 ELEVATED pairs=27394 evals=1284 1153s
[559814.4] IDEA_B_N1440: step 90 ELEVATED pairs=27248 evals=1300 1164s
[559833.5] IDEA_B_N1440: step 91 ELEVATED pairs=27092 evals=1316 1184s
[559852.0] IDEA_B_N1440: step 92 PREFIX_EVALUATED_NO_WINNER_DEFERRED pairs=27092 evals=1332 1202s
[559867.9] IDEA_B_N1440: step 93 ELEVATED pairs=26951 evals=1348 1218s
[559887.8] IDEA_B_N1440: step 94 PREFIX_EVALUATED_NO_WINNER_DEFERRED pairs=26951 evals=1364 1238s
[559905.0] IDEA_B_N1440: step 95 ELEVATED pairs=26895 evals=1380 1255s
[559921.4] IDEA_B_N1440: step 96 ELEVATED pairs=26781 evals=1396 1272s
[559940.9] IDEA_B_N1440: step 97 ELEVATED pairs=26690 evals=1412 1291s
[559963.0] IDEA_B_N1440: step 98 ELEVATED pairs=26525 evals=1428 1313s
[559974.0] IDEA_B_N1440: step 99 ELEVATED pairs=26437 evals=1440 1324s
[559974.8] IDEA_B_N1440: done final=26437 moves=90 first=90 reloc=0 ret=0 evals=1440 stop=CANDIDATE_BUDGET_EXHAUSTED
[560090.0] IDEA_B_N1440: recheck PASS checks=130816
GROUP DONE IDEA_B_N1440 PASS
