start-state rescan (main) ...
  main PASS pairs=42909 unresolved=3 elevated=24
[558650.7] IDEA_F_R1440: start mode=R budget=1440 spec={"name": "IDEA_F", "target_policy": "LEGACY", "evaluation_policy": "E2_ORDERED_K16", "traversal_policy": "BASE", "max_targets": 200, "k_per_target": 16, "family_round_robin": false, "relocation_side_reserve": 0, "waiting_age": false, "route_coverage": false, "multi_anchor": false, "exact_dedup": true, "decision_cache": false, "return_action": false, "cache_structural_skips": false, "window_slack_mm": 1e-05, "notes": ""}
[558650.7] IDEA_F_R1440: start state=main C:\Users\lihao\Desktop\Graduation Project\OpticalWaveguideRouter3D\outputs\3d_strategy_v3\512_ablation\D_both_enabled pairs=42909
[558658.6] IDEA_F_R1440: INITIAL_DONE pairs=42909
[558658.9] IDEA_F_R1440: step 1 NO_CANDIDATES_GENERATED pairs=42909 evals=0 1s
[558659.2] IDEA_F_R1440: step 2 NO_CANDIDATES_GENERATED pairs=42909 evals=0 1s
[558670.9] IDEA_F_R1440: step 3 ELEVATED pairs=42661 evals=16 13s
[558689.4] IDEA_F_R1440: step 4 ELEVATED pairs=42487 evals=32 31s
[558704.3] IDEA_F_R1440: step 5 ELEVATED pairs=42305 evals=48 46s
[558719.1] IDEA_F_R1440: step 6 ELEVATED pairs=42121 evals=64 61s
[558734.0] IDEA_F_R1440: step 7 ELEVATED pairs=41936 evals=80 76s
[558744.9] IDEA_F_R1440: step 8 ELEVATED pairs=41680 evals=96 87s
[558759.9] IDEA_F_R1440: step 9 ELEVATED pairs=41486 evals=112 102s
[558770.1] IDEA_F_R1440: step 10 ELEVATED pairs=41225 evals=128 112s
[558789.8] IDEA_F_R1440: step 11 ELEVATED pairs=41046 evals=144 131s
[558809.6] IDEA_F_R1440: step 12 ELEVATED pairs=40867 evals=160 151s
[558819.1] IDEA_F_R1440: step 13 ELEVATED pairs=40628 evals=176 161s
[558832.0] IDEA_F_R1440: step 14 ELEVATED pairs=40377 evals=192 174s
[558841.1] IDEA_F_R1440: step 15 ELEVATED pairs=40136 evals=208 183s
[558854.1] IDEA_F_R1440: step 16 ELEVATED pairs=39887 evals=224 196s
[558867.6] IDEA_F_R1440: step 17 ELEVATED pairs=39640 evals=240 209s
[558880.8] IDEA_F_R1440: step 18 ELEVATED pairs=39399 evals=256 222s
[558894.3] IDEA_F_R1440: step 19 ELEVATED pairs=39175 evals=272 236s
[558907.4] IDEA_F_R1440: step 20 ELEVATED pairs=38969 evals=288 249s
[558924.4] IDEA_F_R1440: step 21 ELEVATED pairs=38811 evals=304 266s
[558937.7] IDEA_F_R1440: step 22 ELEVATED pairs=38668 evals=320 279s
[558950.0] IDEA_F_R1440: step 23 ELEVATED pairs=38466 evals=336 292s
[558962.4] IDEA_F_R1440: step 24 ELEVATED pairs=38332 evals=352 304s
[558972.7] IDEA_F_R1440: step 25 ELEVATED pairs=38108 evals=368 314s
[558985.6] IDEA_F_R1440: step 26 ELEVATED pairs=37974 evals=384 327s
[558995.8] IDEA_F_R1440: step 27 ELEVATED pairs=37771 evals=400 338s
[559006.4] IDEA_F_R1440: step 28 ELEVATED pairs=37568 evals=416 348s
[559015.1] IDEA_F_R1440: step 29 ELEVATED pairs=37338 evals=432 357s
[559023.8] IDEA_F_R1440: step 30 ELEVATED pairs=37110 evals=448 366s
[559035.8] IDEA_F_R1440: step 31 ELEVATED pairs=36910 evals=464 378s
[559044.5] IDEA_F_R1440: step 32 ELEVATED pairs=36684 evals=480 386s
[559056.0] IDEA_F_R1440: step 33 ELEVATED pairs=36466 evals=496 398s
[559067.3] IDEA_F_R1440: step 34 ELEVATED pairs=36269 evals=512 409s
[559087.3] IDEA_F_R1440: step 35 ELEVATED pairs=36073 evals=528 429s
[559101.4] IDEA_F_R1440: step 36 ELEVATED pairs=35887 evals=544 443s
[559112.9] IDEA_F_R1440: step 37 ELEVATED pairs=35774 evals=560 455s
[559125.8] IDEA_F_R1440: step 38 ELEVATED pairs=35543 evals=576 467s
[559136.3] IDEA_F_R1440: step 39 ELEVATED pairs=35343 evals=592 478s
[559149.2] IDEA_F_R1440: step 40 ELEVATED pairs=35138 evals=608 491s
[559149.4] IDEA_F_R1440: step 41 NO_CANDIDATES_GENERATED pairs=35138 evals=608 491s
[559149.6] IDEA_F_R1440: step 42 NO_CANDIDATES_GENERATED pairs=35138 evals=608 491s
[559163.1] IDEA_F_R1440: step 43 ELEVATED pairs=34935 evals=624 505s
[559177.2] IDEA_F_R1440: step 44 ELEVATED pairs=34734 evals=640 519s
[559187.0] IDEA_F_R1440: step 45 ELEVATED pairs=34539 evals=656 529s
[559201.9] IDEA_F_R1440: step 46 ELEVATED pairs=34340 evals=672 544s
[559216.9] IDEA_F_R1440: step 47 ELEVATED pairs=34143 evals=688 559s
[559231.6] IDEA_F_R1440: step 48 ELEVATED pairs=33933 evals=704 573s
[559249.1] IDEA_F_R1440: step 49 ELEVATED pairs=33738 evals=720 591s
[559262.7] IDEA_F_R1440: step 50 ELEVATED pairs=33530 evals=736 604s
[559274.3] IDEA_F_R1440: step 51 ELEVATED pairs=33326 evals=752 616s
[559292.0] IDEA_F_R1440: step 52 ELEVATED pairs=33133 evals=768 634s
[559305.7] IDEA_F_R1440: step 53 ELEVATED pairs=32926 evals=784 647s
[559323.3] IDEA_F_R1440: step 54 ELEVATED pairs=32735 evals=800 665s
[559335.5] IDEA_F_R1440: step 55 ELEVATED pairs=32530 evals=816 677s
[559352.5] IDEA_F_R1440: step 56 ELEVATED pairs=32341 evals=832 694s
[559364.8] IDEA_F_R1440: step 57 ELEVATED pairs=32137 evals=848 707s
[559381.9] IDEA_F_R1440: step 58 ELEVATED pairs=31950 evals=864 724s
[559389.9] IDEA_F_R1440: step 59 ELEVATED pairs=31792 evals=880 732s
[559402.2] IDEA_F_R1440: step 60 ELEVATED pairs=31590 evals=896 744s
[559414.7] IDEA_F_R1440: step 61 ELEVATED pairs=31389 evals=912 756s
[559427.6] IDEA_F_R1440: step 62 ELEVATED pairs=31226 evals=928 769s
[559447.2] IDEA_F_R1440: step 63 ELEVATED pairs=31027 evals=944 789s
[559478.9] IDEA_F_R1440: step 64 ELEVATED pairs=30829 evals=960 821s
[559479.9] IDEA_F_R1440: step 65 NO_CANDIDATES_GENERATED pairs=30829 evals=960 822s
[559480.6] IDEA_F_R1440: step 66 NO_CANDIDATES_GENERATED pairs=30829 evals=960 822s
[559481.5] IDEA_F_R1440: step 67 NO_CANDIDATES_GENERATED pairs=30829 evals=960 823s
[559501.1] IDEA_F_R1440: step 68 ELEVATED pairs=30633 evals=976 843s
[559520.9] IDEA_F_R1440: step 69 ELEVATED pairs=30481 evals=992 863s
[559537.1] IDEA_F_R1440: step 70 ELEVATED pairs=30367 evals=1008 879s
[559558.0] IDEA_F_R1440: step 71 ELEVATED pairs=30214 evals=1024 900s
[559570.0] IDEA_F_R1440: step 72 ELEVATED pairs=30030 evals=1033 912s
[559590.3] IDEA_F_R1440: step 73 ELEVATED pairs=29879 evals=1049 932s
[559604.1] IDEA_F_R1440: step 74 ELEVATED pairs=29697 evals=1058 946s
[559622.9] IDEA_F_R1440: step 75 ELEVATED pairs=29548 evals=1074 965s
[559637.5] IDEA_F_R1440: step 76 ELEVATED pairs=29368 evals=1083 979s
[559652.2] IDEA_F_R1440: step 77 ELEVATED pairs=29190 evals=1092 994s
[559685.5] IDEA_F_R1440: step 78 ELEVATED pairs=28961 evals=1108 1027s
[559698.0] IDEA_F_R1440: step 79 ELEVATED pairs=28776 evals=1124 1040s
[559711.4] IDEA_F_R1440: step 80 ELEVATED pairs=28593 evals=1140 1053s
[559724.2] IDEA_F_R1440: step 81 ELEVATED pairs=28412 evals=1156 1066s
[559736.4] IDEA_F_R1440: step 82 ELEVATED pairs=28233 evals=1172 1078s
[559748.0] IDEA_F_R1440: step 83 ELEVATED pairs=28134 evals=1188 1090s
[559764.9] IDEA_F_R1440: step 84 ELEVATED pairs=28022 evals=1204 1107s
[559777.5] IDEA_F_R1440: step 85 ELEVATED pairs=27902 evals=1220 1119s
[559791.2] IDEA_F_R1440: step 86 ELEVATED pairs=27782 evals=1236 1133s
[559803.7] IDEA_F_R1440: step 87 ELEVATED pairs=27662 evals=1252 1145s
[559818.7] IDEA_F_R1440: step 88 ELEVATED pairs=27514 evals=1268 1160s
[559833.4] IDEA_F_R1440: step 89 ELEVATED pairs=27394 evals=1284 1175s
[559852.0] IDEA_F_R1440: step 90 ELEVATED pairs=27248 evals=1300 1194s
[559870.0] IDEA_F_R1440: step 91 ELEVATED pairs=27092 evals=1316 1212s
[559885.8] IDEA_F_R1440: step 92 PREFIX_EVALUATED_NO_WINNER_DEFERRED pairs=27092 evals=1332 1227s
[559901.5] IDEA_F_R1440: step 93 ELEVATED pairs=26951 evals=1348 1243s
[559916.5] IDEA_F_R1440: step 94 PREFIX_EVALUATED_NO_WINNER_DEFERRED pairs=26951 evals=1364 1258s
[559935.1] IDEA_F_R1440: step 95 ELEVATED pairs=26895 evals=1380 1277s
[559948.0] IDEA_F_R1440: step 96 ELEVATED pairs=26781 evals=1396 1290s
[559970.5] IDEA_F_R1440: step 97 ELEVATED pairs=26690 evals=1412 1312s
[559988.9] IDEA_F_R1440: step 98 ELEVATED pairs=26525 evals=1428 1331s
[559999.2] IDEA_F_R1440: step 99 ELEVATED pairs=26437 evals=1440 1341s
[560000.9] IDEA_F_R1440: done final=26437 moves=90 first=90 reloc=0 ret=0 evals=1440 stop=CANDIDATE_BUDGET_EXHAUSTED
[560125.7] IDEA_F_R1440: recheck PASS checks=130816
GROUP DONE IDEA_F_R1440 PASS
