start-state rescan (main) ...
  main PASS pairs=42909 unresolved=3 elevated=24
[559498.1] IDEA_G_R720: start mode=R budget=720 spec={"name": "IDEA_G", "target_policy": "LEGACY", "evaluation_policy": "E2_ORDERED_K16", "traversal_policy": "BASE", "max_targets": 200, "k_per_target": 16, "family_round_robin": false, "relocation_side_reserve": 0, "waiting_age": false, "route_coverage": false, "multi_anchor": false, "exact_dedup": false, "decision_cache": true, "return_action": false, "cache_structural_skips": false, "window_slack_mm": 1e-05, "notes": ""}
[559498.1] IDEA_G_R720: start state=main C:\Users\lihao\Desktop\Graduation Project\OpticalWaveguideRouter3D\outputs\3d_strategy_v3\512_ablation\D_both_enabled pairs=42909
[559507.2] IDEA_G_R720: INITIAL_DONE pairs=42909
[559507.8] IDEA_G_R720: step 1 NO_CANDIDATES_GENERATED pairs=42909 evals=0 1s
[559508.5] IDEA_G_R720: step 2 NO_CANDIDATES_GENERATED pairs=42909 evals=0 2s
[559520.3] IDEA_G_R720: step 3 ELEVATED pairs=42661 evals=16 13s
[559547.1] IDEA_G_R720: step 4 ELEVATED pairs=42487 evals=32 40s
[559570.2] IDEA_G_R720: step 5 ELEVATED pairs=42305 evals=48 63s
[559588.2] IDEA_G_R720: step 6 ELEVATED pairs=42121 evals=64 81s
[559609.1] IDEA_G_R720: step 7 ELEVATED pairs=41936 evals=80 102s
[559624.5] IDEA_G_R720: step 8 ELEVATED pairs=41680 evals=96 118s
[559643.4] IDEA_G_R720: step 9 ELEVATED pairs=41486 evals=112 137s
[559657.1] IDEA_G_R720: step 10 ELEVATED pairs=41225 evals=128 150s
[559691.1] IDEA_G_R720: step 11 ELEVATED pairs=41046 evals=144 184s
[559726.6] IDEA_G_R720: step 12 ELEVATED pairs=40867 evals=160 220s
[559738.9] IDEA_G_R720: step 13 ELEVATED pairs=40628 evals=176 232s
[559758.2] IDEA_G_R720: step 14 ELEVATED pairs=40377 evals=192 251s
[559771.2] IDEA_G_R720: step 15 ELEVATED pairs=40136 evals=208 264s
[559787.7] IDEA_G_R720: step 16 ELEVATED pairs=39887 evals=224 281s
[559804.4] IDEA_G_R720: step 17 ELEVATED pairs=39640 evals=240 298s
[559820.5] IDEA_G_R720: step 18 ELEVATED pairs=39399 evals=256 314s
[559844.4] IDEA_G_R720: step 19 ELEVATED pairs=39175 evals=272 338s
[559862.2] IDEA_G_R720: step 20 ELEVATED pairs=38969 evals=288 355s
[559885.6] IDEA_G_R720: step 21 ELEVATED pairs=38811 evals=304 379s
[559911.2] IDEA_G_R720: step 22 ELEVATED pairs=38668 evals=320 404s
[559927.8] IDEA_G_R720: step 23 ELEVATED pairs=38466 evals=336 421s
[559944.0] IDEA_G_R720: step 24 ELEVATED pairs=38332 evals=352 437s
[559958.7] IDEA_G_R720: step 25 ELEVATED pairs=38108 evals=368 452s
[559979.2] IDEA_G_R720: step 26 ELEVATED pairs=37974 evals=384 472s
[559992.2] IDEA_G_R720: step 27 ELEVATED pairs=37771 evals=400 485s
[560007.6] IDEA_G_R720: step 28 ELEVATED pairs=37568 evals=416 501s
[560018.5] IDEA_G_R720: step 29 ELEVATED pairs=37338 evals=432 512s
[560032.0] IDEA_G_R720: step 30 ELEVATED pairs=37110 evals=448 525s
[560048.0] IDEA_G_R720: step 31 ELEVATED pairs=36910 evals=464 541s
[560061.3] IDEA_G_R720: step 32 ELEVATED pairs=36684 evals=480 554s
[560080.8] IDEA_G_R720: step 33 ELEVATED pairs=36466 evals=496 574s
[560098.0] IDEA_G_R720: step 34 ELEVATED pairs=36269 evals=512 591s
[560126.6] IDEA_G_R720: step 35 ELEVATED pairs=36073 evals=528 620s
[560143.0] IDEA_G_R720: step 36 ELEVATED pairs=35887 evals=544 636s
[560157.5] IDEA_G_R720: step 37 ELEVATED pairs=35774 evals=560 651s
[560172.9] IDEA_G_R720: step 38 ELEVATED pairs=35543 evals=576 666s
[560186.9] IDEA_G_R720: step 39 ELEVATED pairs=35343 evals=592 680s
[560201.5] IDEA_G_R720: step 40 ELEVATED pairs=35138 evals=608 695s
[560201.9] IDEA_G_R720: step 41 NO_CANDIDATES_GENERATED pairs=35138 evals=608 695s
[560202.3] IDEA_G_R720: step 42 NO_CANDIDATES_GENERATED pairs=35138 evals=608 695s
[560217.6] IDEA_G_R720: step 43 ELEVATED pairs=34935 evals=624 711s
[560233.1] IDEA_G_R720: step 44 ELEVATED pairs=34734 evals=640 726s
[560245.6] IDEA_G_R720: step 45 ELEVATED pairs=34539 evals=656 739s
[560264.7] IDEA_G_R720: step 46 ELEVATED pairs=34340 evals=672 758s
[560284.2] IDEA_G_R720: step 47 ELEVATED pairs=34143 evals=688 777s
[560303.3] IDEA_G_R720: step 48 ELEVATED pairs=33933 evals=704 796s
[560323.8] IDEA_G_R720: step 49 ELEVATED pairs=33738 evals=720 817s
[560324.5] IDEA_G_R720: step 50 ABORTED_CANDIDATE_BUDGET pairs=33738 evals=720 818s
[560325.2] IDEA_G_R720: done final=33738 moves=45 first=45 reloc=0 ret=0 evals=720 stop=CANDIDATE_BUDGET_EXHAUSTED
[560399.9] IDEA_G_R720: recheck PASS checks=130816
GROUP DONE IDEA_G_R720 PASS
