start-state rescan (main) ...
  main PASS pairs=42909 unresolved=3 elevated=24
[559487.7] IDEA_D_R720: start mode=R budget=720 spec={"name": "IDEA_D", "target_policy": "STRATIFIED", "evaluation_policy": "E2_ORDERED_K16", "traversal_policy": "COVERAGE", "max_targets": 200, "k_per_target": 16, "family_round_robin": false, "relocation_side_reserve": 0, "waiting_age": false, "route_coverage": true, "multi_anchor": false, "exact_dedup": false, "decision_cache": false, "return_action": false, "cache_structural_skips": true, "window_slack_mm": 1e-05, "notes": ""}
[559487.7] IDEA_D_R720: start state=main C:\Users\lihao\Desktop\Graduation Project\OpticalWaveguideRouter3D\outputs\3d_strategy_v3\512_ablation\D_both_enabled pairs=42909
[559500.0] IDEA_D_R720: INITIAL_DONE pairs=42909
[559500.7] IDEA_D_R720: step 1 NO_CANDIDATES_GENERATED pairs=42909 evals=0 1s
[559501.8] IDEA_D_R720: step 2 NO_CANDIDATES_GENERATED pairs=42909 evals=0 2s
[559502.7] IDEA_D_R720: step 3 NO_CANDIDATES_GENERATED pairs=42909 evals=0 3s
[559527.8] IDEA_D_R720: step 4 ELEVATED pairs=42666 evals=16 28s
[559530.5] IDEA_D_R720: step 5 NO_CANDIDATES_GENERATED pairs=42666 evals=16 31s
[559531.4] IDEA_D_R720: step 6 NO_CANDIDATES_GENERATED pairs=42666 evals=16 32s
[559531.9] IDEA_D_R720: step 7 NO_CANDIDATES_GENERATED pairs=42666 evals=16 32s
[559534.5] IDEA_D_R720: step 8 NO_CANDIDATES_GENERATED pairs=42666 evals=16 35s
[559549.2] IDEA_D_R720: step 9 ELEVATED pairs=42420 evals=32 50s
[559574.8] IDEA_D_R720: step 10 ELEVATED pairs=42242 evals=48 75s
[559575.7] IDEA_D_R720: step 11 NO_CANDIDATES_GENERATED pairs=42242 evals=48 76s
[559591.4] IDEA_D_R720: step 12 ELEVATED pairs=41988 evals=64 92s
[559623.4] IDEA_D_R720: step 13 ELEVATED pairs=41788 evals=80 124s
[559625.0] IDEA_D_R720: step 14 NO_CANDIDATES_GENERATED pairs=41788 evals=80 125s
[559646.1] IDEA_D_R720: step 15 ELEVATED pairs=41539 evals=96 146s
[559646.9] IDEA_D_R720: step 16 NO_CANDIDATES_GENERATED pairs=41539 evals=96 147s
[559648.9] IDEA_D_R720: step 17 NO_CANDIDATES_GENERATED pairs=41539 evals=96 149s
[559661.0] IDEA_D_R720: step 18 ELEVATED pairs=41282 evals=112 161s
[559662.3] IDEA_D_R720: step 19 NO_CANDIDATES_GENERATED pairs=41282 evals=112 163s
[559697.7] IDEA_D_R720: step 20 PREFIX_EVALUATED_NO_WINNER_DEFERRED pairs=41282 evals=128 198s
[559722.0] IDEA_D_R720: step 21 ELEVATED pairs=41054 evals=144 222s
[559740.4] IDEA_D_R720: step 22 ELEVATED pairs=40823 evals=160 241s
[559741.6] IDEA_D_R720: step 23 NO_CANDIDATES_GENERATED pairs=40823 evals=160 242s
[559755.7] IDEA_D_R720: step 24 ELEVATED pairs=40610 evals=176 256s
[559788.3] IDEA_D_R720: step 25 ELEVATED pairs=40484 evals=192 289s
[559790.1] IDEA_D_R720: step 26 NO_CANDIDATES_GENERATED pairs=40484 evals=192 290s
[559812.6] IDEA_D_R720: step 27 ELEVATED pairs=40267 evals=208 313s
[559848.9] IDEA_D_R720: step 28 ELEVATED pairs=40141 evals=224 349s
[559857.4] IDEA_D_R720: step 29 PREFIX_EVALUATED_NO_WINNER_DEFERRED pairs=40141 evals=240 358s
[559875.4] IDEA_D_R720: step 30 ELEVATED pairs=39890 evals=256 376s
[559876.6] IDEA_D_R720: step 31 NO_CANDIDATES_GENERATED pairs=39890 evals=256 377s
[559887.3] IDEA_D_R720: step 32 PREFIX_EVALUATED_NO_WINNER_DEFERRED pairs=39890 evals=272 388s
[559914.4] IDEA_D_R720: step 33 ELEVATED pairs=39734 evals=288 415s
[559916.0] IDEA_D_R720: step 34 NO_CANDIDATES_GENERATED pairs=39734 evals=288 416s
[559921.9] IDEA_D_R720: step 35 PREFIX_EVALUATED_NO_WINNER_DEFERRED pairs=39734 evals=304 422s
[559947.7] IDEA_D_R720: step 36 ELEVATED pairs=39543 evals=320 448s
[559948.3] IDEA_D_R720: step 37 NO_CANDIDATES_GENERATED pairs=39543 evals=320 449s
[559954.0] IDEA_D_R720: step 38 PREFIX_EVALUATED_NO_WINNER_DEFERRED pairs=39543 evals=336 454s
[559978.0] IDEA_D_R720: step 39 ELEVATED pairs=39354 evals=352 478s
[559980.0] IDEA_D_R720: step 40 NO_CANDIDATES_GENERATED pairs=39354 evals=352 480s
[559986.5] IDEA_D_R720: step 41 PREFIX_EVALUATED_NO_WINNER_DEFERRED pairs=39354 evals=368 487s
[560003.5] IDEA_D_R720: step 42 ELEVATED pairs=39123 evals=384 504s
[560004.4] IDEA_D_R720: step 43 NO_CANDIDATES_GENERATED pairs=39123 evals=384 505s
[560022.6] IDEA_D_R720: step 44 PREFIX_EVALUATED_NO_WINNER_DEFERRED pairs=39123 evals=400 523s
[560042.3] IDEA_D_R720: step 45 ELEVATED pairs=38980 evals=416 543s
[560044.5] IDEA_D_R720: step 46 NO_CANDIDATES_GENERATED pairs=38980 evals=416 545s
[560079.0] IDEA_D_R720: step 47 PREFIX_EVALUATED_NO_WINNER_DEFERRED pairs=38980 evals=432 579s
[560104.9] IDEA_D_R720: step 48 ELEVATED pairs=38819 evals=448 605s
[560105.8] IDEA_D_R720: step 49 NO_CANDIDATES_GENERATED pairs=38819 evals=448 606s
[560123.3] IDEA_D_R720: step 50 PREFIX_EVALUATED_NO_WINNER_DEFERRED pairs=38819 evals=464 624s
[560139.2] IDEA_D_R720: step 51 ELEVATED pairs=38614 evals=480 640s
[560140.3] IDEA_D_R720: step 52 NO_CANDIDATES_GENERATED pairs=38614 evals=480 641s
[560141.5] IDEA_D_R720: step 53 NO_CANDIDATES_GENERATED pairs=38614 evals=480 642s
[560159.9] IDEA_D_R720: step 54 ELEVATED pairs=38474 evals=496 660s
[560161.4] IDEA_D_R720: step 55 NO_CANDIDATES_GENERATED pairs=38474 evals=496 662s
[560179.0] IDEA_D_R720: step 56 PREFIX_EVALUATED_NO_WINNER_DEFERRED pairs=38474 evals=512 679s
[560192.2] IDEA_D_R720: step 57 ELEVATED pairs=38243 evals=528 693s
[560193.7] IDEA_D_R720: step 58 NO_CANDIDATES_GENERATED pairs=38243 evals=528 694s
[560205.4] IDEA_D_R720: step 59 PREFIX_EVALUATED_NO_WINNER_DEFERRED pairs=38243 evals=544 706s
[560215.7] IDEA_D_R720: step 60 ELEVATED pairs=38041 evals=560 716s
[560217.3] IDEA_D_R720: step 61 NO_CANDIDATES_GENERATED pairs=38041 evals=560 718s
[560229.3] IDEA_D_R720: step 62 PREFIX_EVALUATED_NO_WINNER_DEFERRED pairs=38041 evals=576 730s
[560251.5] IDEA_D_R720: step 63 ELEVATED pairs=37864 evals=592 752s
[560252.5] IDEA_D_R720: step 64 NO_CANDIDATES_GENERATED pairs=37864 evals=592 753s
[560268.5] IDEA_D_R720: step 65 RELOCATED pairs=37831 evals=608 769s
[560284.5] IDEA_D_R720: step 66 ELEVATED pairs=37679 evals=624 785s
[560285.7] IDEA_D_R720: step 67 NO_CANDIDATES_GENERATED pairs=37679 evals=624 786s
[560300.7] IDEA_D_R720: step 68 PREFIX_EVALUATED_NO_WINNER_DEFERRED pairs=37679 evals=640 801s
[560320.0] IDEA_D_R720: step 69 ELEVATED pairs=37463 evals=656 820s
[560321.5] IDEA_D_R720: step 70 NO_CANDIDATES_GENERATED pairs=37463 evals=656 822s
[560342.9] IDEA_D_R720: step 71 PREFIX_EVALUATED_NO_WINNER_DEFERRED pairs=37463 evals=672 843s
[560359.3] IDEA_D_R720: step 72 ELEVATED pairs=37250 evals=688 860s
[560360.6] IDEA_D_R720: step 73 NO_CANDIDATES_GENERATED pairs=37250 evals=688 861s
[560372.6] IDEA_D_R720: step 74 PREFIX_EVALUATED_NO_WINNER_DEFERRED pairs=37250 evals=704 873s
[560389.3] IDEA_D_R720: step 75 ELEVATED pairs=37039 evals=720 890s
[560390.5] IDEA_D_R720: step 76 NO_CANDIDATES_GENERATED pairs=37039 evals=720 891s
[560391.7] IDEA_D_R720: step 77 ABORTED_CANDIDATE_BUDGET pairs=37039 evals=720 892s
[560392.1] IDEA_D_R720: done final=37039 moves=30 first=29 reloc=1 ret=0 evals=720 stop=CANDIDATE_BUDGET_EXHAUSTED
[560457.6] IDEA_D_R720: recheck PASS checks=130816
GROUP DONE IDEA_D_R720 PASS
