start-state rescan (main) ...
  main PASS pairs=42909 unresolved=3 elevated=24
[559491.6] IDEA_H_N1440: start mode=N budget=1440 spec={"name": "IDEA_H", "target_policy": "LEGACY", "evaluation_policy": "E2_ORDERED_K16", "traversal_policy": "BASE", "max_targets": 200, "k_per_target": 16, "family_round_robin": false, "relocation_side_reserve": 0, "waiting_age": false, "route_coverage": false, "multi_anchor": false, "exact_dedup": false, "decision_cache": false, "return_action": true, "cache_structural_skips": false, "window_slack_mm": 1e-05, "notes": ""}
[559491.6] IDEA_H_N1440: start state=main C:\Users\lihao\Desktop\Graduation Project\OpticalWaveguideRouter3D\outputs\3d_strategy_v3\512_ablation\D_both_enabled pairs=42909
[559503.1] IDEA_H_N1440: INITIAL_DONE pairs=42909
[559503.4] IDEA_H_N1440: step 1 NO_CANDIDATES_GENERATED pairs=42909 evals=0 1s
[559504.0] IDEA_H_N1440: step 2 NO_CANDIDATES_GENERATED pairs=42909 evals=0 1s
[559516.5] IDEA_H_N1440: step 3 ELEVATED pairs=42661 evals=16 14s
[559541.7] IDEA_H_N1440: step 4 ELEVATED pairs=42487 evals=32 39s
[559560.3] IDEA_H_N1440: step 5 ELEVATED pairs=42305 evals=48 57s
[559579.6] IDEA_H_N1440: step 6 ELEVATED pairs=42121 evals=64 77s
[559599.1] IDEA_H_N1440: step 7 ELEVATED pairs=41936 evals=80 96s
[559618.0] IDEA_H_N1440: step 8 ELEVATED pairs=41680 evals=96 115s
[559644.8] IDEA_H_N1440: step 9 ELEVATED pairs=41486 evals=112 142s
[559661.1] IDEA_H_N1440: step 10 ELEVATED pairs=41225 evals=128 158s
[559685.8] IDEA_H_N1440: step 11 ELEVATED pairs=41046 evals=144 183s
[559709.3] IDEA_H_N1440: step 12 ELEVATED pairs=40867 evals=160 207s
[559726.4] IDEA_H_N1440: step 13 ELEVATED pairs=40628 evals=176 224s
[559749.7] IDEA_H_N1440: step 14 ELEVATED pairs=40377 evals=192 247s
[559760.0] IDEA_H_N1440: step 15 ELEVATED pairs=40136 evals=208 257s
[559775.1] IDEA_H_N1440: step 16 ELEVATED pairs=39887 evals=224 272s
[559793.6] IDEA_H_N1440: step 17 ELEVATED pairs=39640 evals=240 291s
[559811.2] IDEA_H_N1440: step 18 ELEVATED pairs=39399 evals=256 308s
[559830.4] IDEA_H_N1440: step 19 ELEVATED pairs=39175 evals=272 328s
[559850.1] IDEA_H_N1440: step 20 ELEVATED pairs=38969 evals=288 347s
[559873.9] IDEA_H_N1440: step 21 ELEVATED pairs=38811 evals=304 371s
[559891.4] IDEA_H_N1440: step 22 ELEVATED pairs=38668 evals=320 389s
[559907.9] IDEA_H_N1440: step 23 ELEVATED pairs=38466 evals=336 405s
[559927.5] IDEA_H_N1440: step 24 ELEVATED pairs=38332 evals=352 425s
[559940.8] IDEA_H_N1440: step 25 ELEVATED pairs=38108 evals=368 438s
[559955.4] IDEA_H_N1440: step 26 ELEVATED pairs=37974 evals=384 453s
[559971.0] IDEA_H_N1440: step 27 ELEVATED pairs=37771 evals=400 468s
[559983.1] IDEA_H_N1440: step 28 ELEVATED pairs=37568 evals=416 480s
[559995.9] IDEA_H_N1440: step 29 ELEVATED pairs=37338 evals=432 493s
[560007.4] IDEA_H_N1440: step 30 ELEVATED pairs=37110 evals=448 505s
[560022.6] IDEA_H_N1440: step 31 ELEVATED pairs=36910 evals=464 520s
[560036.4] IDEA_H_N1440: step 32 ELEVATED pairs=36684 evals=480 534s
[560056.9] IDEA_H_N1440: step 33 ELEVATED pairs=36466 evals=496 554s
[560073.5] IDEA_H_N1440: step 34 ELEVATED pairs=36269 evals=512 571s
[560100.0] IDEA_H_N1440: step 35 ELEVATED pairs=36073 evals=528 597s
[560122.2] IDEA_H_N1440: step 36 ELEVATED pairs=35887 evals=544 619s
[560137.5] IDEA_H_N1440: step 37 ELEVATED pairs=35774 evals=560 635s
[560151.7] IDEA_H_N1440: step 38 ELEVATED pairs=35543 evals=576 649s
[560164.5] IDEA_H_N1440: step 39 ELEVATED pairs=35343 evals=592 662s
[560180.7] IDEA_H_N1440: step 40 ELEVATED pairs=35138 evals=608 678s
[560181.1] IDEA_H_N1440: step 41 NO_CANDIDATES_GENERATED pairs=35138 evals=608 678s
[560181.5] IDEA_H_N1440: step 42 NO_CANDIDATES_GENERATED pairs=35138 evals=608 679s
[560197.2] IDEA_H_N1440: step 43 ELEVATED pairs=34935 evals=624 694s
[560214.4] IDEA_H_N1440: step 44 ELEVATED pairs=34734 evals=640 712s
[560228.4] IDEA_H_N1440: step 45 ELEVATED pairs=34539 evals=656 726s
[560246.3] IDEA_H_N1440: step 46 ELEVATED pairs=34340 evals=672 743s
[560263.8] IDEA_H_N1440: step 47 ELEVATED pairs=34143 evals=688 761s
[560280.1] IDEA_H_N1440: step 48 ELEVATED pairs=33933 evals=704 777s
[560300.0] IDEA_H_N1440: step 49 ELEVATED pairs=33738 evals=720 797s
[560317.2] IDEA_H_N1440: step 50 ELEVATED pairs=33530 evals=736 814s
[560330.6] IDEA_H_N1440: step 51 ELEVATED pairs=33326 evals=752 828s
[560349.3] IDEA_H_N1440: step 52 ELEVATED pairs=33133 evals=768 846s
[560363.8] IDEA_H_N1440: step 53 ELEVATED pairs=32926 evals=784 861s
[560382.3] IDEA_H_N1440: step 54 ELEVATED pairs=32735 evals=800 879s
[560396.1] IDEA_H_N1440: step 55 ELEVATED pairs=32530 evals=816 893s
[560414.7] IDEA_H_N1440: step 56 ELEVATED pairs=32341 evals=832 912s
[560428.5] IDEA_H_N1440: step 57 ELEVATED pairs=32137 evals=848 926s
[560447.4] IDEA_H_N1440: step 58 ELEVATED pairs=31950 evals=864 945s
[560456.4] IDEA_H_N1440: step 59 ELEVATED pairs=31792 evals=880 954s
[560469.8] IDEA_H_N1440: step 60 ELEVATED pairs=31590 evals=896 967s
[560484.0] IDEA_H_N1440: step 61 ELEVATED pairs=31389 evals=912 981s
[560496.5] IDEA_H_N1440: step 62 ELEVATED pairs=31226 evals=928 994s
[560510.6] IDEA_H_N1440: step 63 ELEVATED pairs=31027 evals=944 1008s
[560524.2] IDEA_H_N1440: step 64 ELEVATED pairs=30829 evals=960 1021s
[560524.5] IDEA_H_N1440: step 65 NO_CANDIDATES_GENERATED pairs=30829 evals=960 1022s
[560524.8] IDEA_H_N1440: step 66 NO_CANDIDATES_GENERATED pairs=30829 evals=960 1022s
[560525.1] IDEA_H_N1440: step 67 NO_CANDIDATES_GENERATED pairs=30829 evals=960 1022s
[560538.0] IDEA_H_N1440: step 68 ELEVATED pairs=30633 evals=976 1035s
[560549.4] IDEA_H_N1440: step 69 ELEVATED pairs=30481 evals=992 1047s
[560560.4] IDEA_H_N1440: step 70 ELEVATED pairs=30367 evals=1008 1058s
[560573.8] IDEA_H_N1440: step 71 ELEVATED pairs=30214 evals=1024 1071s
[560582.6] IDEA_H_N1440: step 72 ELEVATED pairs=30030 evals=1033 1080s
[560595.5] IDEA_H_N1440: step 73 ELEVATED pairs=29879 evals=1049 1093s
[560604.4] IDEA_H_N1440: step 74 ELEVATED pairs=29697 evals=1058 1102s
[560617.3] IDEA_H_N1440: step 75 ELEVATED pairs=29548 evals=1074 1114s
[560625.9] IDEA_H_N1440: step 76 ELEVATED pairs=29368 evals=1083 1123s
[560634.1] IDEA_H_N1440: step 77 ELEVATED pairs=29190 evals=1092 1131s
[560656.9] IDEA_H_N1440: step 78 ELEVATED pairs=28961 evals=1108 1154s
[560664.6] IDEA_H_N1440: step 79 ELEVATED pairs=28776 evals=1124 1162s
[560672.3] IDEA_H_N1440: step 80 ELEVATED pairs=28593 evals=1140 1170s
[560680.1] IDEA_H_N1440: step 81 ELEVATED pairs=28412 evals=1156 1177s
[560688.5] IDEA_H_N1440: step 82 ELEVATED pairs=28233 evals=1172 1186s
[560696.7] IDEA_H_N1440: step 83 ELEVATED pairs=28134 evals=1188 1194s
[560707.4] IDEA_H_N1440: step 84 ELEVATED pairs=28022 evals=1204 1205s
[560715.6] IDEA_H_N1440: step 85 ELEVATED pairs=27902 evals=1220 1213s
[560723.7] IDEA_H_N1440: step 86 ELEVATED pairs=27782 evals=1236 1221s
[560732.0] IDEA_H_N1440: step 87 ELEVATED pairs=27662 evals=1252 1229s
[560740.0] IDEA_H_N1440: step 88 ELEVATED pairs=27514 evals=1268 1237s
[560748.2] IDEA_H_N1440: step 89 ELEVATED pairs=27394 evals=1284 1245s
[560757.8] IDEA_H_N1440: step 90 ELEVATED pairs=27248 evals=1300 1255s
[560768.3] IDEA_H_N1440: step 91 ELEVATED pairs=27092 evals=1316 1265s
[560777.9] IDEA_H_N1440: step 92 PREFIX_EVALUATED_NO_WINNER_DEFERRED pairs=27092 evals=1332 1275s
[560787.8] IDEA_H_N1440: step 93 ELEVATED pairs=26951 evals=1348 1285s
[560797.3] IDEA_H_N1440: step 94 PREFIX_EVALUATED_NO_WINNER_DEFERRED pairs=26951 evals=1364 1294s
[560807.4] IDEA_H_N1440: step 95 ELEVATED pairs=26895 evals=1380 1305s
[560818.2] IDEA_H_N1440: step 96 ELEVATED pairs=26781 evals=1396 1315s
[560831.5] IDEA_H_N1440: step 97 ELEVATED pairs=26690 evals=1412 1329s
[560843.7] IDEA_H_N1440: step 98 ELEVATED pairs=26525 evals=1428 1341s
[560851.2] IDEA_H_N1440: step 99 ELEVATED pairs=26437 evals=1440 1348s
[560851.7] IDEA_H_N1440: done final=26437 moves=90 first=90 reloc=0 ret=0 evals=1440 stop=CANDIDATE_BUDGET_EXHAUSTED
[560929.0] IDEA_H_N1440: recheck PASS checks=130816
GROUP DONE IDEA_H_N1440 PASS
