start-state rescan (main) ...
  main PASS pairs=42909 unresolved=3 elevated=24
[559503.6] IDEA_H_R1440: start mode=R budget=1440 spec={"name": "IDEA_H", "target_policy": "LEGACY", "evaluation_policy": "E2_ORDERED_K16", "traversal_policy": "BASE", "max_targets": 200, "k_per_target": 16, "family_round_robin": false, "relocation_side_reserve": 0, "waiting_age": false, "route_coverage": false, "multi_anchor": false, "exact_dedup": false, "decision_cache": false, "return_action": true, "cache_structural_skips": false, "window_slack_mm": 1e-05, "notes": ""}
[559503.6] IDEA_H_R1440: start state=main C:\Users\lihao\Desktop\Graduation Project\OpticalWaveguideRouter3D\outputs\3d_strategy_v3\512_ablation\D_both_enabled pairs=42909
[559514.6] IDEA_H_R1440: INITIAL_DONE pairs=42909
[559515.3] IDEA_H_R1440: step 1 NO_CANDIDATES_GENERATED pairs=42909 evals=0 1s
[559515.9] IDEA_H_R1440: step 2 NO_CANDIDATES_GENERATED pairs=42909 evals=0 2s
[559531.9] IDEA_H_R1440: step 3 ELEVATED pairs=42661 evals=16 18s
[559558.3] IDEA_H_R1440: step 4 ELEVATED pairs=42487 evals=32 44s
[559581.5] IDEA_H_R1440: step 5 ELEVATED pairs=42305 evals=48 67s
[559600.2] IDEA_H_R1440: step 6 ELEVATED pairs=42121 evals=64 86s
[559619.0] IDEA_H_R1440: step 7 ELEVATED pairs=41936 evals=80 105s
[559634.2] IDEA_H_R1440: step 8 ELEVATED pairs=41680 evals=96 120s
[559657.1] IDEA_H_R1440: step 9 ELEVATED pairs=41486 evals=112 143s
[559669.9] IDEA_H_R1440: step 10 ELEVATED pairs=41225 evals=128 156s
[559694.7] IDEA_H_R1440: step 11 ELEVATED pairs=41046 evals=144 180s
[559723.1] IDEA_H_R1440: step 12 ELEVATED pairs=40867 evals=160 209s
[559735.0] IDEA_H_R1440: step 13 ELEVATED pairs=40628 evals=176 221s
[559755.3] IDEA_H_R1440: step 14 ELEVATED pairs=40377 evals=192 241s
[559770.1] IDEA_H_R1440: step 15 ELEVATED pairs=40136 evals=208 256s
[559786.9] IDEA_H_R1440: step 16 ELEVATED pairs=39887 evals=224 273s
[559801.7] IDEA_H_R1440: step 17 ELEVATED pairs=39640 evals=240 287s
[559816.9] IDEA_H_R1440: step 18 ELEVATED pairs=39399 evals=256 303s
[559835.1] IDEA_H_R1440: step 19 ELEVATED pairs=39175 evals=272 321s
[559854.2] IDEA_H_R1440: step 20 ELEVATED pairs=38969 evals=288 340s
[559881.1] IDEA_H_R1440: step 21 ELEVATED pairs=38811 evals=304 367s
[559902.5] IDEA_H_R1440: step 22 ELEVATED pairs=38668 evals=320 388s
[559922.1] IDEA_H_R1440: step 23 ELEVATED pairs=38466 evals=336 408s
[559941.3] IDEA_H_R1440: step 24 ELEVATED pairs=38332 evals=352 427s
[559957.3] IDEA_H_R1440: step 25 ELEVATED pairs=38108 evals=368 443s
[559974.0] IDEA_H_R1440: step 26 ELEVATED pairs=37974 evals=384 460s
[559985.9] IDEA_H_R1440: step 27 ELEVATED pairs=37771 evals=400 472s
[560001.3] IDEA_H_R1440: step 28 ELEVATED pairs=37568 evals=416 487s
[560014.1] IDEA_H_R1440: step 29 ELEVATED pairs=37338 evals=432 500s
[560025.5] IDEA_H_R1440: step 30 ELEVATED pairs=37110 evals=448 511s
[560043.5] IDEA_H_R1440: step 31 ELEVATED pairs=36910 evals=464 529s
[560055.8] IDEA_H_R1440: step 32 ELEVATED pairs=36684 evals=480 541s
[560069.1] IDEA_H_R1440: step 33 ELEVATED pairs=36466 evals=496 555s
[560087.1] IDEA_H_R1440: step 34 ELEVATED pairs=36269 evals=512 573s
[560119.0] IDEA_H_R1440: step 35 ELEVATED pairs=36073 evals=528 605s
[560138.6] IDEA_H_R1440: step 36 ELEVATED pairs=35887 evals=544 624s
[560154.5] IDEA_H_R1440: step 37 ELEVATED pairs=35774 evals=560 640s
[560169.6] IDEA_H_R1440: step 38 ELEVATED pairs=35543 evals=576 655s
[560181.6] IDEA_H_R1440: step 39 ELEVATED pairs=35343 evals=592 667s
[560197.7] IDEA_H_R1440: step 40 ELEVATED pairs=35138 evals=608 683s
[560198.1] IDEA_H_R1440: step 41 NO_CANDIDATES_GENERATED pairs=35138 evals=608 684s
[560198.5] IDEA_H_R1440: step 42 NO_CANDIDATES_GENERATED pairs=35138 evals=608 684s
[560216.5] IDEA_H_R1440: step 43 ELEVATED pairs=34935 evals=624 702s
[560233.1] IDEA_H_R1440: step 44 ELEVATED pairs=34734 evals=640 719s
[560246.4] IDEA_H_R1440: step 45 ELEVATED pairs=34539 evals=656 732s
[560264.9] IDEA_H_R1440: step 46 ELEVATED pairs=34340 evals=672 751s
[560282.8] IDEA_H_R1440: step 47 ELEVATED pairs=34143 evals=688 768s
[560301.9] IDEA_H_R1440: step 48 ELEVATED pairs=33933 evals=704 788s
[560323.7] IDEA_H_R1440: step 49 ELEVATED pairs=33738 evals=720 809s
[560339.8] IDEA_H_R1440: step 50 ELEVATED pairs=33530 evals=736 825s
[560352.3] IDEA_H_R1440: step 51 ELEVATED pairs=33326 evals=752 838s
[560370.7] IDEA_H_R1440: step 52 ELEVATED pairs=33133 evals=768 856s
[560384.7] IDEA_H_R1440: step 53 ELEVATED pairs=32926 evals=784 870s
[560403.0] IDEA_H_R1440: step 54 ELEVATED pairs=32735 evals=800 889s
[560416.5] IDEA_H_R1440: step 55 ELEVATED pairs=32530 evals=816 902s
[560434.8] IDEA_H_R1440: step 56 ELEVATED pairs=32341 evals=832 920s
[560448.6] IDEA_H_R1440: step 57 ELEVATED pairs=32137 evals=848 934s
[560467.3] IDEA_H_R1440: step 58 ELEVATED pairs=31950 evals=864 953s
[560476.7] IDEA_H_R1440: step 59 ELEVATED pairs=31792 evals=880 962s
[560490.5] IDEA_H_R1440: step 60 ELEVATED pairs=31590 evals=896 976s
[560504.7] IDEA_H_R1440: step 61 ELEVATED pairs=31389 evals=912 990s
[560516.9] IDEA_H_R1440: step 62 ELEVATED pairs=31226 evals=928 1003s
[560530.6] IDEA_H_R1440: step 63 ELEVATED pairs=31027 evals=944 1016s
[560543.8] IDEA_H_R1440: step 64 ELEVATED pairs=30829 evals=960 1029s
[560544.1] IDEA_H_R1440: step 65 NO_CANDIDATES_GENERATED pairs=30829 evals=960 1030s
[560544.4] IDEA_H_R1440: step 66 NO_CANDIDATES_GENERATED pairs=30829 evals=960 1030s
[560544.7] IDEA_H_R1440: step 67 NO_CANDIDATES_GENERATED pairs=30829 evals=960 1030s
[560557.6] IDEA_H_R1440: step 68 ELEVATED pairs=30633 evals=976 1043s
[560568.9] IDEA_H_R1440: step 69 ELEVATED pairs=30481 evals=992 1054s
[560579.8] IDEA_H_R1440: step 70 ELEVATED pairs=30367 evals=1008 1065s
[560593.2] IDEA_H_R1440: step 71 ELEVATED pairs=30214 evals=1024 1079s
[560602.1] IDEA_H_R1440: step 72 ELEVATED pairs=30030 evals=1033 1088s
[560614.8] IDEA_H_R1440: step 73 ELEVATED pairs=29879 evals=1049 1100s
[560623.7] IDEA_H_R1440: step 74 ELEVATED pairs=29697 evals=1058 1109s
[560636.2] IDEA_H_R1440: step 75 ELEVATED pairs=29548 evals=1074 1122s
[560645.0] IDEA_H_R1440: step 76 ELEVATED pairs=29368 evals=1083 1131s
[560653.3] IDEA_H_R1440: step 77 ELEVATED pairs=29190 evals=1092 1139s
[560676.4] IDEA_H_R1440: step 78 ELEVATED pairs=28961 evals=1108 1162s
[560684.1] IDEA_H_R1440: step 79 ELEVATED pairs=28776 evals=1124 1170s
[560691.9] IDEA_H_R1440: step 80 ELEVATED pairs=28593 evals=1140 1178s
[560699.6] IDEA_H_R1440: step 81 ELEVATED pairs=28412 evals=1156 1185s
[560708.0] IDEA_H_R1440: step 82 ELEVATED pairs=28233 evals=1172 1194s
[560716.4] IDEA_H_R1440: step 83 ELEVATED pairs=28134 evals=1188 1202s
[560727.1] IDEA_H_R1440: step 84 ELEVATED pairs=28022 evals=1204 1213s
[560735.6] IDEA_H_R1440: step 85 ELEVATED pairs=27902 evals=1220 1221s
[560743.8] IDEA_H_R1440: step 86 ELEVATED pairs=27782 evals=1236 1229s
[560752.1] IDEA_H_R1440: step 87 ELEVATED pairs=27662 evals=1252 1238s
[560759.9] IDEA_H_R1440: step 88 ELEVATED pairs=27514 evals=1268 1246s
[560768.2] IDEA_H_R1440: step 89 ELEVATED pairs=27394 evals=1284 1254s
[560778.1] IDEA_H_R1440: step 90 ELEVATED pairs=27248 evals=1300 1264s
[560788.6] IDEA_H_R1440: step 91 ELEVATED pairs=27092 evals=1316 1274s
[560798.2] IDEA_H_R1440: step 92 PREFIX_EVALUATED_NO_WINNER_DEFERRED pairs=27092 evals=1332 1284s
[560808.0] IDEA_H_R1440: step 93 ELEVATED pairs=26951 evals=1348 1294s
[560817.6] IDEA_H_R1440: step 94 PREFIX_EVALUATED_NO_WINNER_DEFERRED pairs=26951 evals=1364 1303s
[560827.6] IDEA_H_R1440: step 95 ELEVATED pairs=26895 evals=1380 1313s
[560838.4] IDEA_H_R1440: step 96 ELEVATED pairs=26781 evals=1396 1324s
[560851.7] IDEA_H_R1440: step 97 ELEVATED pairs=26690 evals=1412 1337s
[560864.1] IDEA_H_R1440: step 98 ELEVATED pairs=26525 evals=1428 1350s
[560871.4] IDEA_H_R1440: step 99 ELEVATED pairs=26437 evals=1440 1357s
[560871.9] IDEA_H_R1440: done final=26437 moves=90 first=90 reloc=0 ret=0 evals=1440 stop=CANDIDATE_BUDGET_EXHAUSTED
[560948.8] IDEA_H_R1440: recheck PASS checks=130816
GROUP DONE IDEA_H_R1440 PASS
