start-state rescan (main) ...
  main PASS pairs=42909 unresolved=3 elevated=24
[553074.2] V5_STRATIFIED_N720: start mode=N budget=720 spec={"name": "V5_STRATIFIED", "target_policy": "STRATIFIED", "evaluation_policy": "E0_EXHAUSTIVE", "traversal_policy": "BASE", "max_targets": 200, "k_per_target": 16, "family_round_robin": false, "relocation_side_reserve": 0, "waiting_age": false, "route_coverage": false, "multi_anchor": false, "exact_dedup": false, "decision_cache": false, "return_action": false, "cache_structural_skips": false, "window_slack_mm": 1e-05, "notes": ""}
[553074.2] V5_STRATIFIED_N720: start state=main C:\Users\lihao\Desktop\Graduation Project\OpticalWaveguideRouter3D\outputs\3d_strategy_v3\512_ablation\D_both_enabled pairs=42909
[553080.0] V5_STRATIFIED_N720: INITIAL_DONE pairs=42909
[553080.3] V5_STRATIFIED_N720: step 1 NO_CANDIDATES_GENERATED pairs=42909 evals=0 0s
[553085.0] V5_STRATIFIED_N720: step 2 NO_CANDIDATES_GENERATED pairs=42909 evals=0 5s
[553085.2] V5_STRATIFIED_N720: step 3 NO_CANDIDATES_GENERATED pairs=42909 evals=0 5s
[553111.6] V5_STRATIFIED_N720: step 4 ELEVATED pairs=42635 evals=27 32s
[553168.7] V5_STRATIFIED_N720: step 5 ELEVATED pairs=42375 evals=99 89s
[553245.3] V5_STRATIFIED_N720: step 6 ELEVATED pairs=42120 evals=171 165s
[553245.6] V5_STRATIFIED_N720: step 7 NO_CANDIDATES_GENERATED pairs=42120 evals=171 166s
[553316.1] V5_STRATIFIED_N720: step 8 ELEVATED pairs=41868 evals=243 236s
[553384.3] V5_STRATIFIED_N720: step 9 ELEVATED pairs=41618 evals=315 304s
[553413.6] V5_STRATIFIED_N720: step 10 ELEVATED pairs=41373 evals=342 334s
[553449.6] V5_STRATIFIED_N720: step 11 ELEVATED pairs=41120 evals=378 370s
[553500.1] V5_STRATIFIED_N720: step 12 ELEVATED pairs=40851 evals=432 420s
[553560.2] V5_STRATIFIED_N720: step 13 ELEVATED pairs=40598 evals=486 480s
[553595.5] V5_STRATIFIED_N720: step 14 ELEVATED pairs=40338 evals=540 516s
[553663.5] V5_STRATIFIED_N720: step 15 ELEVATED pairs=40082 evals=639 584s
[553722.1] V5_STRATIFIED_N720: step 16 ELEVATED pairs=39841 evals=693 642s
[553741.7] V5_STRATIFIED_N720: step 17 ELEVATED pairs=39590 evals=720 662s
[553742.1] V5_STRATIFIED_N720: done final=39590 moves=13 first=13 reloc=0 ret=0 evals=720 stop=CANDIDATE_BUDGET_EXHAUSTED
[553795.8] V5_STRATIFIED_N720: recheck PASS checks=130816
GROUP DONE V5_STRATIFIED_N720 PASS
