start-state rescan (main) ...
  main PASS pairs=42909 unresolved=3 elevated=24
[559500.4] IDEA_G_R1440: start mode=R budget=1440 spec={"name": "IDEA_G", "target_policy": "LEGACY", "evaluation_policy": "E2_ORDERED_K16", "traversal_policy": "BASE", "max_targets": 200, "k_per_target": 16, "family_round_robin": false, "relocation_side_reserve": 0, "waiting_age": false, "route_coverage": false, "multi_anchor": false, "exact_dedup": false, "decision_cache": true, "return_action": false, "cache_structural_skips": false, "window_slack_mm": 1e-05, "notes": ""}
[559500.4] IDEA_G_R1440: start state=main C:\Users\lihao\Desktop\Graduation Project\OpticalWaveguideRouter3D\outputs\3d_strategy_v3\512_ablation\D_both_enabled pairs=42909
[559510.5] IDEA_G_R1440: INITIAL_DONE pairs=42909
[559511.2] IDEA_G_R1440: step 1 NO_CANDIDATES_GENERATED pairs=42909 evals=0 1s
[559511.6] IDEA_G_R1440: step 2 NO_CANDIDATES_GENERATED pairs=42909 evals=0 1s
[559523.7] IDEA_G_R1440: step 3 ELEVATED pairs=42661 evals=16 14s
[559548.3] IDEA_G_R1440: step 4 ELEVATED pairs=42487 evals=32 38s
[559571.2] IDEA_G_R1440: step 5 ELEVATED pairs=42305 evals=48 61s
[559595.0] IDEA_G_R1440: step 6 ELEVATED pairs=42121 evals=64 85s
[559618.3] IDEA_G_R1440: step 7 ELEVATED pairs=41936 evals=80 108s
[559633.3] IDEA_G_R1440: step 8 ELEVATED pairs=41680 evals=96 123s
[559657.9] IDEA_G_R1440: step 9 ELEVATED pairs=41486 evals=112 148s
[559673.5] IDEA_G_R1440: step 10 ELEVATED pairs=41225 evals=128 163s
[559701.1] IDEA_G_R1440: step 11 ELEVATED pairs=41046 evals=144 191s
[559728.7] IDEA_G_R1440: step 12 ELEVATED pairs=40867 evals=160 219s
[559745.0] IDEA_G_R1440: step 13 ELEVATED pairs=40628 evals=176 235s
[559763.9] IDEA_G_R1440: step 14 ELEVATED pairs=40377 evals=192 254s
[559775.3] IDEA_G_R1440: step 15 ELEVATED pairs=40136 evals=208 265s
[559794.7] IDEA_G_R1440: step 16 ELEVATED pairs=39887 evals=224 285s
[559815.1] IDEA_G_R1440: step 17 ELEVATED pairs=39640 evals=240 305s
[559835.1] IDEA_G_R1440: step 18 ELEVATED pairs=39399 evals=256 325s
[559856.6] IDEA_G_R1440: step 19 ELEVATED pairs=39175 evals=272 346s
[559877.9] IDEA_G_R1440: step 20 ELEVATED pairs=38969 evals=288 368s
[559904.6] IDEA_G_R1440: step 21 ELEVATED pairs=38811 evals=304 395s
[559924.5] IDEA_G_R1440: step 22 ELEVATED pairs=38668 evals=320 414s
[559942.3] IDEA_G_R1440: step 23 ELEVATED pairs=38466 evals=336 432s
[559958.4] IDEA_G_R1440: step 24 ELEVATED pairs=38332 evals=352 448s
[559972.7] IDEA_G_R1440: step 25 ELEVATED pairs=38108 evals=368 463s
[559993.3] IDEA_G_R1440: step 26 ELEVATED pairs=37974 evals=384 483s
[560012.5] IDEA_G_R1440: step 27 ELEVATED pairs=37771 evals=400 502s
[560025.3] IDEA_G_R1440: step 28 ELEVATED pairs=37568 evals=416 515s
[560036.8] IDEA_G_R1440: step 29 ELEVATED pairs=37338 evals=432 527s
[560049.1] IDEA_G_R1440: step 30 ELEVATED pairs=37110 evals=448 539s
[560069.9] IDEA_G_R1440: step 31 ELEVATED pairs=36910 evals=464 560s
[560084.6] IDEA_G_R1440: step 32 ELEVATED pairs=36684 evals=480 574s
[560102.8] IDEA_G_R1440: step 33 ELEVATED pairs=36466 evals=496 593s
[560119.5] IDEA_G_R1440: step 34 ELEVATED pairs=36269 evals=512 609s
[560146.5] IDEA_G_R1440: step 35 ELEVATED pairs=36073 evals=528 636s
[560164.7] IDEA_G_R1440: step 36 ELEVATED pairs=35887 evals=544 655s
[560180.9] IDEA_G_R1440: step 37 ELEVATED pairs=35774 evals=560 671s
[560196.3] IDEA_G_R1440: step 38 ELEVATED pairs=35543 evals=576 686s
[560209.8] IDEA_G_R1440: step 39 ELEVATED pairs=35343 evals=592 700s
[560224.4] IDEA_G_R1440: step 40 ELEVATED pairs=35138 evals=608 714s
[560224.8] IDEA_G_R1440: step 41 NO_CANDIDATES_GENERATED pairs=35138 evals=608 715s
[560225.2] IDEA_G_R1440: step 42 NO_CANDIDATES_GENERATED pairs=35138 evals=608 715s
[560242.0] IDEA_G_R1440: step 43 ELEVATED pairs=34935 evals=624 732s
[560258.0] IDEA_G_R1440: step 44 ELEVATED pairs=34734 evals=640 748s
[560270.3] IDEA_G_R1440: step 45 ELEVATED pairs=34539 evals=656 760s
[560289.0] IDEA_G_R1440: step 46 ELEVATED pairs=34340 evals=672 779s
[560309.5] IDEA_G_R1440: step 47 ELEVATED pairs=34143 evals=688 799s
[560326.3] IDEA_G_R1440: step 48 ELEVATED pairs=33933 evals=704 816s
[560345.1] IDEA_G_R1440: step 49 ELEVATED pairs=33738 evals=720 835s
[560359.5] IDEA_G_R1440: step 50 ELEVATED pairs=33530 evals=736 849s
[560372.0] IDEA_G_R1440: step 51 ELEVATED pairs=33326 evals=752 862s
[560390.1] IDEA_G_R1440: step 52 ELEVATED pairs=33133 evals=768 880s
[560404.3] IDEA_G_R1440: step 53 ELEVATED pairs=32926 evals=784 894s
[560422.4] IDEA_G_R1440: step 54 ELEVATED pairs=32735 evals=800 912s
[560436.2] IDEA_G_R1440: step 55 ELEVATED pairs=32530 evals=816 926s
[560454.8] IDEA_G_R1440: step 56 ELEVATED pairs=32341 evals=832 945s
[560468.6] IDEA_G_R1440: step 57 ELEVATED pairs=32137 evals=848 958s
[560488.3] IDEA_G_R1440: step 58 ELEVATED pairs=31950 evals=864 978s
[560497.8] IDEA_G_R1440: step 59 ELEVATED pairs=31792 evals=880 988s
[560512.1] IDEA_G_R1440: step 60 ELEVATED pairs=31590 evals=896 1002s
[560526.2] IDEA_G_R1440: step 61 ELEVATED pairs=31389 evals=912 1016s
[560538.2] IDEA_G_R1440: step 62 ELEVATED pairs=31226 evals=928 1028s
[560551.5] IDEA_G_R1440: step 63 ELEVATED pairs=31027 evals=944 1041s
[560564.9] IDEA_G_R1440: step 64 ELEVATED pairs=30829 evals=960 1055s
[560565.2] IDEA_G_R1440: step 65 NO_CANDIDATES_GENERATED pairs=30829 evals=960 1055s
[560565.5] IDEA_G_R1440: step 66 NO_CANDIDATES_GENERATED pairs=30829 evals=960 1055s
[560565.8] IDEA_G_R1440: step 67 NO_CANDIDATES_GENERATED pairs=30829 evals=960 1056s
[560578.7] IDEA_G_R1440: step 68 ELEVATED pairs=30633 evals=976 1069s
[560590.0] IDEA_G_R1440: step 69 ELEVATED pairs=30481 evals=992 1080s
[560601.1] IDEA_G_R1440: step 70 ELEVATED pairs=30367 evals=1008 1091s
[560614.8] IDEA_G_R1440: step 71 ELEVATED pairs=30214 evals=1024 1105s
[560623.4] IDEA_G_R1440: step 72 ELEVATED pairs=30030 evals=1033 1113s
[560636.3] IDEA_G_R1440: step 73 ELEVATED pairs=29879 evals=1049 1126s
[560645.2] IDEA_G_R1440: step 74 ELEVATED pairs=29697 evals=1058 1135s
[560658.2] IDEA_G_R1440: step 75 ELEVATED pairs=29548 evals=1074 1148s
[560667.2] IDEA_G_R1440: step 76 ELEVATED pairs=29368 evals=1083 1157s
[560675.8] IDEA_G_R1440: step 77 ELEVATED pairs=29190 evals=1092 1166s
[560699.1] IDEA_G_R1440: step 78 ELEVATED pairs=28961 evals=1108 1189s
[560706.9] IDEA_G_R1440: step 79 ELEVATED pairs=28776 evals=1124 1197s
[560714.9] IDEA_G_R1440: step 80 ELEVATED pairs=28593 evals=1140 1205s
[560722.9] IDEA_G_R1440: step 81 ELEVATED pairs=28412 evals=1156 1213s
[560731.4] IDEA_G_R1440: step 82 ELEVATED pairs=28233 evals=1172 1221s
[560739.9] IDEA_G_R1440: step 83 ELEVATED pairs=28134 evals=1188 1230s
[560750.9] IDEA_G_R1440: step 84 ELEVATED pairs=28022 evals=1204 1241s
[560759.4] IDEA_G_R1440: step 85 ELEVATED pairs=27902 evals=1220 1249s
[560767.8] IDEA_G_R1440: step 86 ELEVATED pairs=27782 evals=1236 1258s
[560776.2] IDEA_G_R1440: step 87 ELEVATED pairs=27662 evals=1252 1266s
[560784.5] IDEA_G_R1440: step 88 ELEVATED pairs=27514 evals=1268 1274s
[560793.0] IDEA_G_R1440: step 89 ELEVATED pairs=27394 evals=1284 1283s
[560803.0] IDEA_G_R1440: step 90 ELEVATED pairs=27248 evals=1300 1293s
[560813.5] IDEA_G_R1440: step 91 ELEVATED pairs=27092 evals=1316 1303s
[560823.2] IDEA_G_R1440: step 92 PREFIX_EVALUATED_NO_WINNER_DEFERRED pairs=27092 evals=1332 1313s
[560833.1] IDEA_G_R1440: step 93 ELEVATED pairs=26951 evals=1348 1323s
[560837.0] IDEA_G_R1440: step 94 PREFIX_EVALUATED_NO_WINNER_DEFERRED pairs=26951 evals=1364 1327s
[560847.1] IDEA_G_R1440: step 95 ELEVATED pairs=26895 evals=1380 1337s
[560858.1] IDEA_G_R1440: step 96 ELEVATED pairs=26781 evals=1396 1348s
[560871.7] IDEA_G_R1440: step 97 ELEVATED pairs=26690 evals=1412 1362s
[560884.2] IDEA_G_R1440: step 98 ELEVATED pairs=26525 evals=1428 1374s
[560891.8] IDEA_G_R1440: step 99 ELEVATED pairs=26437 evals=1440 1382s
[560892.4] IDEA_G_R1440: done final=26437 moves=90 first=90 reloc=0 ret=0 evals=1440 stop=CANDIDATE_BUDGET_EXHAUSTED
[560968.4] IDEA_G_R1440: recheck PASS checks=130816
GROUP DONE IDEA_G_R1440 PASS
