start-state rescan (main) ...
  main PASS pairs=42909 unresolved=3 elevated=24
[555868.6] V6_E2_R1440: start mode=R budget=1440 spec={"name": "V6_E2", "target_policy": "LEGACY", "evaluation_policy": "E2_ORDERED_K16", "traversal_policy": "BASE", "max_targets": 200, "k_per_target": 16, "family_round_robin": false, "relocation_side_reserve": 0, "waiting_age": false, "route_coverage": false, "multi_anchor": false, "exact_dedup": false, "decision_cache": false, "return_action": false, "cache_structural_skips": false, "window_slack_mm": 1e-05, "notes": ""}
[555868.6] V6_E2_R1440: start state=main C:\Users\lihao\Desktop\Graduation Project\OpticalWaveguideRouter3D\outputs\3d_strategy_v3\512_ablation\D_both_enabled pairs=42909
[555876.1] V6_E2_R1440: INITIAL_DONE pairs=42909
[555876.3] V6_E2_R1440: step 1 NO_CANDIDATES_GENERATED pairs=42909 evals=0 1s
[555876.6] V6_E2_R1440: step 2 NO_CANDIDATES_GENERATED pairs=42909 evals=0 1s
[555887.1] V6_E2_R1440: step 3 ELEVATED pairs=42661 evals=16 11s
[555905.3] V6_E2_R1440: step 4 ELEVATED pairs=42487 evals=32 29s
[555919.4] V6_E2_R1440: step 5 ELEVATED pairs=42305 evals=48 44s
[555934.1] V6_E2_R1440: step 6 ELEVATED pairs=42121 evals=64 58s
[555948.8] V6_E2_R1440: step 7 ELEVATED pairs=41936 evals=80 73s
[555959.3] V6_E2_R1440: step 8 ELEVATED pairs=41680 evals=96 84s
[555974.0] V6_E2_R1440: step 9 ELEVATED pairs=41486 evals=112 98s
[555984.1] V6_E2_R1440: step 10 ELEVATED pairs=41225 evals=128 108s
[556004.0] V6_E2_R1440: step 11 ELEVATED pairs=41046 evals=144 128s
[556024.2] V6_E2_R1440: step 12 ELEVATED pairs=40867 evals=160 148s
[556033.8] V6_E2_R1440: step 13 ELEVATED pairs=40628 evals=176 158s
[556047.0] V6_E2_R1440: step 14 ELEVATED pairs=40377 evals=192 171s
[556056.2] V6_E2_R1440: step 15 ELEVATED pairs=40136 evals=208 180s
[556069.2] V6_E2_R1440: step 16 ELEVATED pairs=39887 evals=224 193s
[556082.3] V6_E2_R1440: step 17 ELEVATED pairs=39640 evals=240 207s
[556094.8] V6_E2_R1440: step 18 ELEVATED pairs=39399 evals=256 219s
[556108.1] V6_E2_R1440: step 19 ELEVATED pairs=39175 evals=272 232s
[556120.9] V6_E2_R1440: step 20 ELEVATED pairs=38969 evals=288 245s
[556138.3] V6_E2_R1440: step 21 ELEVATED pairs=38811 evals=304 262s
[556152.5] V6_E2_R1440: step 22 ELEVATED pairs=38668 evals=320 277s
[556165.3] V6_E2_R1440: step 23 ELEVATED pairs=38466 evals=336 289s
[556178.3] V6_E2_R1440: step 24 ELEVATED pairs=38332 evals=352 303s
[556188.8] V6_E2_R1440: step 25 ELEVATED pairs=38108 evals=368 313s
[556201.7] V6_E2_R1440: step 26 ELEVATED pairs=37974 evals=384 326s
[556212.0] V6_E2_R1440: step 27 ELEVATED pairs=37771 evals=400 336s
[556222.4] V6_E2_R1440: step 28 ELEVATED pairs=37568 evals=416 347s
[556231.2] V6_E2_R1440: step 29 ELEVATED pairs=37338 evals=432 355s
[556240.0] V6_E2_R1440: step 30 ELEVATED pairs=37110 evals=448 364s
[556251.8] V6_E2_R1440: step 31 ELEVATED pairs=36910 evals=464 376s
[556260.4] V6_E2_R1440: step 32 ELEVATED pairs=36684 evals=480 385s
[556271.7] V6_E2_R1440: step 33 ELEVATED pairs=36466 evals=496 396s
[556283.1] V6_E2_R1440: step 34 ELEVATED pairs=36269 evals=512 407s
[556302.8] V6_E2_R1440: step 35 ELEVATED pairs=36073 evals=528 427s
[556316.8] V6_E2_R1440: step 36 ELEVATED pairs=35887 evals=544 441s
[556328.3] V6_E2_R1440: step 37 ELEVATED pairs=35774 evals=560 453s
[556341.1] V6_E2_R1440: step 38 ELEVATED pairs=35543 evals=576 465s
[556351.5] V6_E2_R1440: step 39 ELEVATED pairs=35343 evals=592 476s
[556365.0] V6_E2_R1440: step 40 ELEVATED pairs=35138 evals=608 489s
[556365.4] V6_E2_R1440: step 41 NO_CANDIDATES_GENERATED pairs=35138 evals=608 490s
[556365.6] V6_E2_R1440: step 42 NO_CANDIDATES_GENERATED pairs=35138 evals=608 490s
[556386.7] V6_E2_R1440: step 43 ELEVATED pairs=34935 evals=624 511s
[556402.3] V6_E2_R1440: step 44 ELEVATED pairs=34734 evals=640 527s
[556414.5] V6_E2_R1440: step 45 ELEVATED pairs=34539 evals=656 539s
[556430.5] V6_E2_R1440: step 46 ELEVATED pairs=34340 evals=672 555s
[556447.2] V6_E2_R1440: step 47 ELEVATED pairs=34143 evals=688 571s
[556464.3] V6_E2_R1440: step 48 ELEVATED pairs=33933 evals=704 589s
[556484.6] V6_E2_R1440: step 49 ELEVATED pairs=33738 evals=720 609s
[556500.8] V6_E2_R1440: step 50 ELEVATED pairs=33530 evals=736 625s
[556517.1] V6_E2_R1440: step 51 ELEVATED pairs=33326 evals=752 641s
[556537.0] V6_E2_R1440: step 52 ELEVATED pairs=33133 evals=768 661s
[556554.3] V6_E2_R1440: step 53 ELEVATED pairs=32926 evals=784 678s
[556576.0] V6_E2_R1440: step 54 ELEVATED pairs=32735 evals=800 700s
[556591.9] V6_E2_R1440: step 55 ELEVATED pairs=32530 evals=816 716s
[556611.6] V6_E2_R1440: step 56 ELEVATED pairs=32341 evals=832 736s
[556626.1] V6_E2_R1440: step 57 ELEVATED pairs=32137 evals=848 750s
[556646.2] V6_E2_R1440: step 58 ELEVATED pairs=31950 evals=864 770s
[556655.6] V6_E2_R1440: step 59 ELEVATED pairs=31792 evals=880 780s
[556669.9] V6_E2_R1440: step 60 ELEVATED pairs=31590 evals=896 794s
[556684.1] V6_E2_R1440: step 61 ELEVATED pairs=31389 evals=912 808s
[556696.8] V6_E2_R1440: step 62 ELEVATED pairs=31226 evals=928 821s
[556711.3] V6_E2_R1440: step 63 ELEVATED pairs=31027 evals=944 836s
[556725.6] V6_E2_R1440: step 64 ELEVATED pairs=30829 evals=960 850s
[556725.9] V6_E2_R1440: step 65 NO_CANDIDATES_GENERATED pairs=30829 evals=960 850s
[556726.2] V6_E2_R1440: step 66 NO_CANDIDATES_GENERATED pairs=30829 evals=960 850s
[556726.5] V6_E2_R1440: step 67 NO_CANDIDATES_GENERATED pairs=30829 evals=960 851s
[556740.6] V6_E2_R1440: step 68 ELEVATED pairs=30633 evals=976 865s
[556753.0] V6_E2_R1440: step 69 ELEVATED pairs=30481 evals=992 877s
[556765.1] V6_E2_R1440: step 70 ELEVATED pairs=30367 evals=1008 889s
[556780.8] V6_E2_R1440: step 71 ELEVATED pairs=30214 evals=1024 905s
[556791.5] V6_E2_R1440: step 72 ELEVATED pairs=30030 evals=1033 916s
[556806.8] V6_E2_R1440: step 73 ELEVATED pairs=29879 evals=1049 931s
[556817.3] V6_E2_R1440: step 74 ELEVATED pairs=29697 evals=1058 942s
[556832.1] V6_E2_R1440: step 75 ELEVATED pairs=29548 evals=1074 956s
[556842.2] V6_E2_R1440: step 76 ELEVATED pairs=29368 evals=1083 966s
[556851.6] V6_E2_R1440: step 77 ELEVATED pairs=29190 evals=1092 976s
[556877.7] V6_E2_R1440: step 78 ELEVATED pairs=28961 evals=1108 1002s
[556886.3] V6_E2_R1440: step 79 ELEVATED pairs=28776 evals=1124 1011s
[556894.8] V6_E2_R1440: step 80 ELEVATED pairs=28593 evals=1140 1019s
[556903.4] V6_E2_R1440: step 81 ELEVATED pairs=28412 evals=1156 1028s
[556912.6] V6_E2_R1440: step 82 ELEVATED pairs=28233 evals=1172 1037s
[556922.0] V6_E2_R1440: step 83 ELEVATED pairs=28134 evals=1188 1046s
[556934.1] V6_E2_R1440: step 84 ELEVATED pairs=28022 evals=1204 1058s
[556943.3] V6_E2_R1440: step 85 ELEVATED pairs=27902 evals=1220 1068s
[556952.6] V6_E2_R1440: step 86 ELEVATED pairs=27782 evals=1236 1077s
[556961.9] V6_E2_R1440: step 87 ELEVATED pairs=27662 evals=1252 1086s
[556970.9] V6_E2_R1440: step 88 ELEVATED pairs=27514 evals=1268 1095s
[556980.0] V6_E2_R1440: step 89 ELEVATED pairs=27394 evals=1284 1104s
[556990.9] V6_E2_R1440: step 90 ELEVATED pairs=27248 evals=1300 1115s
[557002.6] V6_E2_R1440: step 91 ELEVATED pairs=27092 evals=1316 1127s
[557013.2] V6_E2_R1440: step 92 PREFIX_EVALUATED_NO_WINNER_DEFERRED pairs=27092 evals=1332 1137s
[557024.3] V6_E2_R1440: step 93 ELEVATED pairs=26951 evals=1348 1148s
[557035.2] V6_E2_R1440: step 94 PREFIX_EVALUATED_NO_WINNER_DEFERRED pairs=26951 evals=1364 1159s
[557046.6] V6_E2_R1440: step 95 ELEVATED pairs=26895 evals=1380 1171s
[557058.7] V6_E2_R1440: step 96 ELEVATED pairs=26781 evals=1396 1183s
[557073.9] V6_E2_R1440: step 97 ELEVATED pairs=26690 evals=1412 1198s
[557087.5] V6_E2_R1440: step 98 ELEVATED pairs=26525 evals=1428 1212s
[557095.7] V6_E2_R1440: step 99 ELEVATED pairs=26437 evals=1440 1220s
[557096.2] V6_E2_R1440: done final=26437 moves=90 first=90 reloc=0 ret=0 evals=1440 stop=CANDIDATE_BUDGET_EXHAUSTED
[557183.0] V6_E2_R1440: recheck PASS checks=130816
GROUP DONE V6_E2_R1440 PASS
