start-state rescan (challenge) ...
  challenge PASS pairs=30999 unresolved=3 elevated=77
[561078.1] IDEA_D_CONTROL_NC2880: start mode=N budget=2880 spec={"name": "IDEA_D_CONTROL", "target_policy": "STRATIFIED", "evaluation_policy": "E2_ORDERED_K16", "traversal_policy": "BASE", "max_targets": 200, "k_per_target": 16, "family_round_robin": false, "relocation_side_reserve": 0, "waiting_age": false, "route_coverage": false, "multi_anchor": false, "exact_dedup": false, "decision_cache": false, "return_action": false, "cache_structural_skips": false, "window_slack_mm": 1e-05, "notes": ""}
[561078.1] IDEA_D_CONTROL_NC2880: start state=challenge C:\Users\lihao\Desktop\Graduation Project\OpticalWaveguideRouter3D\outputs\3d_strategy_v4\512_full_layout\N2880 pairs=30999
[561085.2] IDEA_D_CONTROL_NC2880: INITIAL_DONE pairs=30999
[561085.5] IDEA_D_CONTROL_NC2880: step 1 NO_CANDIDATES_GENERATED pairs=30999 evals=0 1s
[561112.9] IDEA_D_CONTROL_NC2880: step 2 NO_CANDIDATES_GENERATED pairs=30999 evals=0 28s
[561113.1] IDEA_D_CONTROL_NC2880: step 3 NO_CANDIDATES_GENERATED pairs=30999 evals=0 28s
[561113.4] IDEA_D_CONTROL_NC2880: step 4 NO_CANDIDATES_GENERATED pairs=30999 evals=0 29s
[561140.5] IDEA_D_CONTROL_NC2880: step 5 NO_CANDIDATES_GENERATED pairs=30999 evals=0 56s
[561140.7] IDEA_D_CONTROL_NC2880: step 6 NO_CANDIDATES_GENERATED pairs=30999 evals=0 56s
[561141.0] IDEA_D_CONTROL_NC2880: step 7 NO_CANDIDATES_GENERATED pairs=30999 evals=0 56s
[561167.7] IDEA_D_CONTROL_NC2880: step 8 NO_CANDIDATES_GENERATED pairs=30999 evals=0 83s
[561167.9] IDEA_D_CONTROL_NC2880: step 9 NO_CANDIDATES_GENERATED pairs=30999 evals=0 83s
[561168.2] IDEA_D_CONTROL_NC2880: step 10 NO_CANDIDATES_GENERATED pairs=30999 evals=0 83s
[561204.4] IDEA_D_CONTROL_NC2880: step 11 ELEVATED pairs=30804 evals=16 120s
[561214.9] IDEA_D_CONTROL_NC2880: step 12 ELEVATED pairs=30611 evals=32 130s
[561215.3] IDEA_D_CONTROL_NC2880: step 13 NO_CANDIDATES_GENERATED pairs=30611 evals=32 130s
[561255.0] IDEA_D_CONTROL_NC2880: step 14 ELEVATED pairs=30460 evals=48 170s
[561267.0] IDEA_D_CONTROL_NC2880: step 15 ELEVATED pairs=30309 evals=64 182s
[561278.6] IDEA_D_CONTROL_NC2880: step 16 ELEVATED pairs=30125 evals=80 194s
[561308.8] IDEA_D_CONTROL_NC2880: step 17 NO_CANDIDATES_GENERATED pairs=30125 evals=80 224s
[561326.4] IDEA_D_CONTROL_NC2880: step 18 ELEVATED pairs=29935 evals=96 241s
[561326.8] IDEA_D_CONTROL_NC2880: step 19 NO_CANDIDATES_GENERATED pairs=29935 evals=96 242s
[561376.4] IDEA_D_CONTROL_NC2880: step 20 ELEVATED pairs=29747 evals=112 292s
[561398.5] IDEA_D_CONTROL_NC2880: step 21 ELEVATED pairs=29561 evals=128 314s
[561409.9] IDEA_D_CONTROL_NC2880: step 22 ELEVATED pairs=29398 evals=144 325s
[561455.4] IDEA_D_CONTROL_NC2880: step 23 ELEVATED pairs=29208 evals=160 370s
[561477.6] IDEA_D_CONTROL_NC2880: step 24 ELEVATED pairs=29024 evals=176 393s
[561478.0] IDEA_D_CONTROL_NC2880: step 25 NO_CANDIDATES_GENERATED pairs=29024 evals=176 393s
[561521.5] IDEA_D_CONTROL_NC2880: step 26 ELEVATED pairs=28836 evals=192 437s
[561530.9] IDEA_D_CONTROL_NC2880: step 27 ELEVATED pairs=28661 evals=208 446s
[561531.3] IDEA_D_CONTROL_NC2880: step 28 NO_CANDIDATES_GENERATED pairs=28661 evals=208 446s
[561571.1] IDEA_D_CONTROL_NC2880: step 29 ELEVATED pairs=28488 evals=224 486s
[561585.4] IDEA_D_CONTROL_NC2880: step 30 ELEVATED pairs=28317 evals=240 500s
[561585.8] IDEA_D_CONTROL_NC2880: step 31 NO_CANDIDATES_GENERATED pairs=28317 evals=240 501s
[561625.2] IDEA_D_CONTROL_NC2880: step 32 ELEVATED pairs=28134 evals=256 540s
[561635.8] IDEA_D_CONTROL_NC2880: step 33 ELEVATED pairs=27953 evals=272 551s
[561636.3] IDEA_D_CONTROL_NC2880: step 34 NO_CANDIDATES_GENERATED pairs=27953 evals=272 551s
[561677.7] IDEA_D_CONTROL_NC2880: step 35 ELEVATED pairs=27784 evals=288 593s
[561688.8] IDEA_D_CONTROL_NC2880: step 36 ELEVATED pairs=27605 evals=304 604s
[561689.2] IDEA_D_CONTROL_NC2880: step 37 NO_CANDIDATES_GENERATED pairs=27605 evals=304 604s
[561730.7] IDEA_D_CONTROL_NC2880: step 38 ELEVATED pairs=27438 evals=320 646s
[561738.0] IDEA_D_CONTROL_NC2880: step 39 ELEVATED pairs=27270 evals=329 653s
[561738.4] IDEA_D_CONTROL_NC2880: step 40 NO_CANDIDATES_GENERATED pairs=27270 evals=329 654s
[561779.7] IDEA_D_CONTROL_NC2880: step 41 ELEVATED pairs=27106 evals=345 695s
[561787.1] IDEA_D_CONTROL_NC2880: step 42 ELEVATED pairs=26940 evals=354 702s
[561787.6] IDEA_D_CONTROL_NC2880: step 43 NO_CANDIDATES_GENERATED pairs=26940 evals=354 703s
[561830.8] IDEA_D_CONTROL_NC2880: step 44 ELEVATED pairs=26778 evals=370 746s
[561838.2] IDEA_D_CONTROL_NC2880: step 45 ELEVATED pairs=26614 evals=379 753s
[561838.6] IDEA_D_CONTROL_NC2880: step 46 NO_CANDIDATES_GENERATED pairs=26614 evals=379 754s
[561881.7] IDEA_D_CONTROL_NC2880: step 47 ELEVATED pairs=26454 evals=395 797s
[561882.1] IDEA_D_CONTROL_NC2880: step 48 NO_CANDIDATES_GENERATED pairs=26454 evals=395 797s
[561891.4] IDEA_D_CONTROL_NC2880: step 49 ELEVATED pairs=26306 evals=411 807s
[561928.4] IDEA_D_CONTROL_NC2880: step 50 ELEVATED pairs=26144 evals=420 844s
[561939.7] IDEA_D_CONTROL_NC2880: step 51 ELEVATED pairs=25986 evals=436 855s
[561950.8] IDEA_D_CONTROL_NC2880: step 52 ELEVATED pairs=25880 evals=445 866s
[561990.1] IDEA_D_CONTROL_NC2880: step 53 ELEVATED pairs=25723 evals=461 905s
[562000.6] IDEA_D_CONTROL_NC2880: step 54 ELEVATED pairs=25568 evals=477 916s
[562010.7] IDEA_D_CONTROL_NC2880: step 55 ELEVATED pairs=25418 evals=493 926s
[562044.5] IDEA_D_CONTROL_NC2880: step 56 ELEVATED pairs=25253 evals=509 960s
[562054.3] IDEA_D_CONTROL_NC2880: step 57 ELEVATED pairs=25100 evals=525 969s
[562054.5] IDEA_D_CONTROL_NC2880: step 58 NO_CANDIDATES_GENERATED pairs=25100 evals=525 970s
[562090.2] IDEA_D_CONTROL_NC2880: step 59 ELEVATED pairs=24949 evals=541 1005s
[562102.7] IDEA_D_CONTROL_NC2880: step 60 ELEVATED pairs=24800 evals=557 1018s
[562102.8] IDEA_D_CONTROL_NC2880: step 61 NO_CANDIDATES_GENERATED pairs=24800 evals=557 1018s
[562134.7] IDEA_D_CONTROL_NC2880: step 62 ELEVATED pairs=24711 evals=573 1050s
[562145.3] IDEA_D_CONTROL_NC2880: step 63 ELEVATED pairs=24561 evals=589 1060s
[562145.4] IDEA_D_CONTROL_NC2880: step 64 NO_CANDIDATES_GENERATED pairs=24561 evals=589 1060s
[562182.1] IDEA_D_CONTROL_NC2880: step 65 ELEVATED pairs=24413 evals=605 1097s
[562192.7] IDEA_D_CONTROL_NC2880: step 66 ELEVATED pairs=24267 evals=621 1108s
[562192.8] IDEA_D_CONTROL_NC2880: step 67 NO_CANDIDATES_GENERATED pairs=24267 evals=621 1108s
[562224.8] IDEA_D_CONTROL_NC2880: step 68 ELEVATED pairs=24124 evals=637 1140s
[562235.4] IDEA_D_CONTROL_NC2880: step 69 ELEVATED pairs=23980 evals=653 1151s
[562235.6] IDEA_D_CONTROL_NC2880: step 70 NO_CANDIDATES_GENERATED pairs=23980 evals=653 1151s
[562268.7] IDEA_D_CONTROL_NC2880: step 71 ELEVATED pairs=23840 evals=669 1184s
[562274.0] IDEA_D_CONTROL_NC2880: step 72 ELEVATED pairs=23685 evals=685 1189s
[562274.2] IDEA_D_CONTROL_NC2880: step 73 NO_CANDIDATES_GENERATED pairs=23685 evals=685 1189s
[562309.3] IDEA_D_CONTROL_NC2880: step 74 ELEVATED pairs=23553 evals=701 1224s
[562316.6] IDEA_D_CONTROL_NC2880: step 75 ELEVATED pairs=23413 evals=717 1232s
[562326.0] IDEA_D_CONTROL_NC2880: step 76 ELEVATED pairs=23314 evals=733 1241s
[562362.3] IDEA_D_CONTROL_NC2880: step 77 ELEVATED pairs=23166 evals=749 1277s
[562369.0] IDEA_D_CONTROL_NC2880: step 78 ELEVATED pairs=23034 evals=765 1284s
[562378.4] IDEA_D_CONTROL_NC2880: step 79 ELEVATED pairs=22941 evals=781 1293s
[562415.4] IDEA_D_CONTROL_NC2880: step 80 ELEVATED pairs=22799 evals=797 1330s
[562423.3] IDEA_D_CONTROL_NC2880: step 81 ELEVATED pairs=22659 evals=813 1338s
[562433.3] IDEA_D_CONTROL_NC2880: step 82 ELEVATED pairs=22562 evals=829 1348s
[562468.4] IDEA_D_CONTROL_NC2880: step 83 ELEVATED pairs=22423 evals=845 1384s
[562473.2] IDEA_D_CONTROL_NC2880: step 84 ELEVATED pairs=22322 evals=861 1388s
[562482.9] IDEA_D_CONTROL_NC2880: step 85 ELEVATED pairs=22225 evals=877 1398s
[562515.8] IDEA_D_CONTROL_NC2880: step 86 ELEVATED pairs=22102 evals=893 1431s
[562522.3] IDEA_D_CONTROL_NC2880: step 87 ELEVATED pairs=22036 evals=909 1437s
[562529.7] IDEA_D_CONTROL_NC2880: step 88 ELEVATED pairs=21875 evals=925 1445s
[562564.8] IDEA_D_CONTROL_NC2880: step 89 ELEVATED pairs=21763 evals=941 1480s
[562569.8] IDEA_D_CONTROL_NC2880: step 90 ELEVATED pairs=21641 evals=957 1485s
[562579.2] IDEA_D_CONTROL_NC2880: step 91 ELEVATED pairs=21544 evals=973 1494s
[562615.6] IDEA_D_CONTROL_NC2880: step 92 ELEVATED pairs=21478 evals=989 1531s
[562620.7] IDEA_D_CONTROL_NC2880: step 93 ELEVATED pairs=21358 evals=1005 1536s
[562630.4] IDEA_D_CONTROL_NC2880: step 94 ELEVATED pairs=21220 evals=1021 1546s
[562666.6] IDEA_D_CONTROL_NC2880: step 95 ELEVATED pairs=21131 evals=1037 1582s
[562679.9] IDEA_D_CONTROL_NC2880: step 96 ELEVATED pairs=21005 evals=1053 1595s
[562690.7] IDEA_D_CONTROL_NC2880: step 97 ELEVATED pairs=20868 evals=1069 1606s
[562737.5] IDEA_D_CONTROL_NC2880: step 98 ELEVATED pairs=20754 evals=1085 1653s
[562754.1] IDEA_D_CONTROL_NC2880: step 99 ELEVATED pairs=20642 evals=1101 1669s
[562765.4] IDEA_D_CONTROL_NC2880: step 100 ELEVATED pairs=20505 evals=1117 1681s
[562811.1] IDEA_D_CONTROL_NC2880: step 101 ELEVATED pairs=20394 evals=1133 1726s
[562826.4] IDEA_D_CONTROL_NC2880: step 102 ELEVATED pairs=20282 evals=1149 1742s
[562837.5] IDEA_D_CONTROL_NC2880: step 103 ELEVATED pairs=20145 evals=1165 1753s
[562872.6] IDEA_D_CONTROL_NC2880: step 104 ELEVATED pairs=20086 evals=1181 1788s
[562879.3] IDEA_D_CONTROL_NC2880: step 105 ELEVATED pairs=19996 evals=1197 1794s
[562887.9] IDEA_D_CONTROL_NC2880: step 106 ELEVATED pairs=19876 evals=1213 1803s
[562924.4] IDEA_D_CONTROL_NC2880: step 107 ELEVATED pairs=19796 evals=1229 1839s
[562931.7] IDEA_D_CONTROL_NC2880: step 108 ELEVATED pairs=19749 evals=1245 1847s
[562940.6] IDEA_D_CONTROL_NC2880: step 109 ELEVATED pairs=19631 evals=1261 1856s
[562975.7] IDEA_D_CONTROL_NC2880: step 110 ELEVATED pairs=19572 evals=1277 1891s
[562980.3] IDEA_D_CONTROL_NC2880: step 111 ELEVATED pairs=19513 evals=1293 1895s
[562989.3] IDEA_D_CONTROL_NC2880: step 112 ELEVATED pairs=19397 evals=1309 1904s
[563025.2] IDEA_D_CONTROL_NC2880: step 113 ELEVATED pairs=19346 evals=1325 1940s
[563029.5] IDEA_D_CONTROL_NC2880: step 114 ELEVATED pairs=19286 evals=1341 1945s
[563038.8] IDEA_D_CONTROL_NC2880: step 115 ELEVATED pairs=19172 evals=1357 1954s
[563077.5] IDEA_D_CONTROL_NC2880: step 116 PREFIX_EVALUATED_NO_WINNER_DEFERRED pairs=19172 evals=1373 1993s
[563082.2] IDEA_D_CONTROL_NC2880: step 117 PREFIX_EVALUATED_NO_WINNER_DEFERRED pairs=19172 evals=1389 1997s
[563090.9] IDEA_D_CONTROL_NC2880: step 118 ELEVATED pairs=19063 evals=1405 2006s
[563129.6] IDEA_D_CONTROL_NC2880: step 119 PREFIX_EVALUATED_NO_WINNER_DEFERRED pairs=19063 evals=1421 2045s
[563134.4] IDEA_D_CONTROL_NC2880: step 120 PREFIX_EVALUATED_NO_WINNER_DEFERRED pairs=19063 evals=1437 2050s
[563142.3] IDEA_D_CONTROL_NC2880: step 121 ELEVATED pairs=18992 evals=1453 2057s
[563180.7] IDEA_D_CONTROL_NC2880: step 122 PREFIX_EVALUATED_NO_WINNER_DEFERRED pairs=18992 evals=1469 2096s
[563185.4] IDEA_D_CONTROL_NC2880: step 123 PREFIX_EVALUATED_NO_WINNER_DEFERRED pairs=18992 evals=1485 2100s
[563193.0] IDEA_D_CONTROL_NC2880: step 124 ELEVATED pairs=18909 evals=1501 2108s
[563231.2] IDEA_D_CONTROL_NC2880: step 125 ELEVATED pairs=18854 evals=1517 2146s
[563235.6] IDEA_D_CONTROL_NC2880: step 126 ELEVATED pairs=18794 evals=1533 2151s
[563243.3] IDEA_D_CONTROL_NC2880: step 127 ELEVATED pairs=18713 evals=1549 2158s
[563282.9] IDEA_D_CONTROL_NC2880: step 128 ELEVATED pairs=18653 evals=1565 2198s
[563287.3] IDEA_D_CONTROL_NC2880: step 129 ELEVATED pairs=18593 evals=1581 2202s
[563294.8] IDEA_D_CONTROL_NC2880: step 130 ELEVATED pairs=18515 evals=1597 2210s
[563335.3] IDEA_D_CONTROL_NC2880: step 131 ELEVATED pairs=18453 evals=1613 2250s
[563339.5] IDEA_D_CONTROL_NC2880: step 132 ELEVATED pairs=18391 evals=1629 2255s
[563345.6] IDEA_D_CONTROL_NC2880: step 133 ELEVATED pairs=18305 evals=1645 2261s
[563388.3] IDEA_D_CONTROL_NC2880: step 134 ELEVATED pairs=18247 evals=1661 2303s
[563395.0] IDEA_D_CONTROL_NC2880: step 135 ELEVATED pairs=18189 evals=1677 2310s
[563402.6] IDEA_D_CONTROL_NC2880: step 136 ELEVATED pairs=18114 evals=1693 2318s
[563446.8] IDEA_D_CONTROL_NC2880: step 137 ELEVATED pairs=18057 evals=1709 2362s
[563454.2] IDEA_D_CONTROL_NC2880: step 138 ELEVATED pairs=18009 evals=1718 2369s
[563454.3] IDEA_D_CONTROL_NC2880: step 139 NO_CANDIDATES_GENERATED pairs=18009 evals=1718 2369s
[563499.6] IDEA_D_CONTROL_NC2880: step 140 ELEVATED pairs=17989 evals=1734 2415s
[563505.3] IDEA_D_CONTROL_NC2880: step 141 ELEVATED pairs=17970 evals=1750 2420s
[563505.4] IDEA_D_CONTROL_NC2880: step 142 NO_CANDIDATES_GENERATED pairs=17970 evals=1750 2420s
[563553.0] IDEA_D_CONTROL_NC2880: step 143 ELEVATED pairs=17952 evals=1766 2468s
[563563.6] IDEA_D_CONTROL_NC2880: step 144 ELEVATED pairs=17886 evals=1782 2479s
[563563.7] IDEA_D_CONTROL_NC2880: step 145 NO_CANDIDATES_GENERATED pairs=17886 evals=1782 2479s
[563618.5] IDEA_D_CONTROL_NC2880: step 146 ELEVATED pairs=17822 evals=1798 2534s
[563633.4] IDEA_D_CONTROL_NC2880: step 147 ELEVATED pairs=17747 evals=1814 2549s
[563633.5] IDEA_D_CONTROL_NC2880: step 148 NO_CANDIDATES_GENERATED pairs=17747 evals=1814 2549s
[563692.9] IDEA_D_CONTROL_NC2880: step 149 ELEVATED pairs=17673 evals=1830 2608s
[563707.2] IDEA_D_CONTROL_NC2880: step 150 ELEVATED pairs=17600 evals=1846 2622s
[563707.3] IDEA_D_CONTROL_NC2880: step 151 NO_CANDIDATES_GENERATED pairs=17600 evals=1846 2622s
[563763.6] IDEA_D_CONTROL_NC2880: step 152 ELEVATED pairs=17527 evals=1862 2679s
[563776.8] IDEA_D_CONTROL_NC2880: step 153 ELEVATED pairs=17452 evals=1878 2692s
[563776.9] IDEA_D_CONTROL_NC2880: step 154 NO_CANDIDATES_GENERATED pairs=17452 evals=1878 2692s
[563835.9] IDEA_D_CONTROL_NC2880: step 155 ELEVATED pairs=17375 evals=1894 2751s
[563836.0] IDEA_D_CONTROL_NC2880: step 156 NO_CANDIDATES_GENERATED pairs=17375 evals=1894 2751s
[563836.1] IDEA_D_CONTROL_NC2880: step 157 NO_CANDIDATES_GENERATED pairs=17375 evals=1894 2751s
[563890.8] IDEA_D_CONTROL_NC2880: step 158 ELEVATED pairs=17307 evals=1910 2806s
[563900.5] IDEA_D_CONTROL_NC2880: step 159 ELEVATED pairs=17226 evals=1926 2816s
[563900.7] IDEA_D_CONTROL_NC2880: step 160 NO_CANDIDATES_GENERATED pairs=17226 evals=1926 2816s
[563958.5] IDEA_D_CONTROL_NC2880: step 161 ELEVATED pairs=17147 evals=1942 2874s
[563964.9] IDEA_D_CONTROL_NC2880: step 162 ELEVATED pairs=17144 evals=1958 2880s
[563965.0] IDEA_D_CONTROL_NC2880: step 163 NO_CANDIDATES_GENERATED pairs=17144 evals=1958 2880s
[564018.0] IDEA_D_CONTROL_NC2880: step 164 ELEVATED pairs=17139 evals=1974 2933s
[564024.0] IDEA_D_CONTROL_NC2880: step 165 ELEVATED pairs=17136 evals=1990 2939s
[564024.2] IDEA_D_CONTROL_NC2880: step 166 NO_CANDIDATES_GENERATED pairs=17136 evals=1990 2939s
[564080.0] IDEA_D_CONTROL_NC2880: step 167 ELEVATED pairs=17135 evals=2006 2995s
[564087.6] IDEA_D_CONTROL_NC2880: step 168 ELEVATED pairs=17074 evals=2022 3003s
[564087.7] IDEA_D_CONTROL_NC2880: step 169 NO_CANDIDATES_GENERATED pairs=17074 evals=2022 3003s
[564145.9] IDEA_D_CONTROL_NC2880: step 170 ELEVATED pairs=17015 evals=2038 3061s
[564153.4] IDEA_D_CONTROL_NC2880: step 171 ELEVATED pairs=16958 evals=2054 3069s
[564153.6] IDEA_D_CONTROL_NC2880: step 172 NO_CANDIDATES_GENERATED pairs=16958 evals=2054 3069s
[564229.5] IDEA_D_CONTROL_NC2880: step 173 ELEVATED pairs=16877 evals=2070 3145s
[564229.6] IDEA_D_CONTROL_NC2880: step 174 NO_CANDIDATES_GENERATED pairs=16877 evals=2070 3145s
[564229.7] IDEA_D_CONTROL_NC2880: step 175 NO_CANDIDATES_GENERATED pairs=16877 evals=2070 3145s
[564280.9] IDEA_D_CONTROL_NC2880: step 176 NO_CANDIDATES_GENERATED pairs=16877 evals=2070 3196s
[564281.0] IDEA_D_CONTROL_NC2880: step 177 NO_CANDIDATES_GENERATED pairs=16877 evals=2070 3196s
[564288.9] IDEA_D_CONTROL_NC2880: step 178 ELEVATED pairs=16811 evals=2086 3204s
[564339.2] IDEA_D_CONTROL_NC2880: step 179 NO_CANDIDATES_GENERATED pairs=16811 evals=2086 3254s
[564363.5] IDEA_D_CONTROL_NC2880: step 180 ELEVATED pairs=16731 evals=2102 3279s
[564370.1] IDEA_D_CONTROL_NC2880: step 181 ELEVATED pairs=16663 evals=2118 3285s
[564425.8] IDEA_D_CONTROL_NC2880: step 182 ELEVATED pairs=16661 evals=2134 3341s
[564431.0] IDEA_D_CONTROL_NC2880: step 183 ELEVATED pairs=16658 evals=2150 3346s
[564440.3] IDEA_D_CONTROL_NC2880: step 184 ELEVATED pairs=16605 evals=2166 3355s
[564499.9] IDEA_D_CONTROL_NC2880: step 185 ELEVATED pairs=16551 evals=2182 3415s
[564506.1] IDEA_D_CONTROL_NC2880: step 186 ELEVATED pairs=16509 evals=2198 3421s
[564530.5] IDEA_D_CONTROL_NC2880: step 187 ELEVATED pairs=16429 evals=2214 3446s
[564594.9] IDEA_D_CONTROL_NC2880: step 188 ELEVATED pairs=16377 evals=2230 3510s
[564601.4] IDEA_D_CONTROL_NC2880: step 189 ELEVATED pairs=16363 evals=2246 3516s
[564601.5] IDEA_D_CONTROL_NC2880: step 190 NO_CANDIDATES_GENERATED pairs=16363 evals=2246 3517s
[564661.3] IDEA_D_CONTROL_NC2880: step 191 ELEVATED pairs=16360 evals=2262 3576s
[564667.2] IDEA_D_CONTROL_NC2880: step 192 ELEVATED pairs=16328 evals=2278 3582s
[564691.5] IDEA_D_CONTROL_NC2880: step 193 ELEVATED pairs=16249 evals=2294 3607s
[564751.0] IDEA_D_CONTROL_NC2880: step 194 ELEVATED pairs=16217 evals=2310 3666s
[564756.7] IDEA_D_CONTROL_NC2880: step 195 ELEVATED pairs=16186 evals=2326 3672s
[564762.3] IDEA_D_CONTROL_NC2880: step 196 ELEVATED pairs=16104 evals=2342 3677s
[564822.2] IDEA_D_CONTROL_NC2880: step 197 ELEVATED pairs=16074 evals=2358 3737s
[564829.6] IDEA_D_CONTROL_NC2880: step 198 ELEVATED pairs=16023 evals=2374 3745s
[564836.5] IDEA_D_CONTROL_NC2880: step 199 ELEVATED pairs=15968 evals=2390 3752s
[564898.1] IDEA_D_CONTROL_NC2880: step 200 ELEVATED pairs=15913 evals=2406 3813s
[564898.5] IDEA_D_CONTROL_NC2880: done final=15913 moves=147 first=147 reloc=0 ret=0 evals=2406 stop=TARGET_LIMIT
[564966.2] IDEA_D_CONTROL_NC2880: recheck PASS checks=130816
GROUP DONE IDEA_D_CONTROL_NC2880 PASS
