start-state rescan (main) ...
  main PASS pairs=42909 unresolved=3 elevated=24
[558648.9] IDEA_F_N1440: start mode=N budget=1440 spec={"name": "IDEA_F", "target_policy": "LEGACY", "evaluation_policy": "E2_ORDERED_K16", "traversal_policy": "BASE", "max_targets": 200, "k_per_target": 16, "family_round_robin": false, "relocation_side_reserve": 0, "waiting_age": false, "route_coverage": false, "multi_anchor": false, "exact_dedup": true, "decision_cache": false, "return_action": false, "cache_structural_skips": false, "window_slack_mm": 1e-05, "notes": ""}
[558648.9] IDEA_F_N1440: start state=main C:\Users\lihao\Desktop\Graduation Project\OpticalWaveguideRouter3D\outputs\3d_strategy_v3\512_ablation\D_both_enabled pairs=42909
[558656.1] IDEA_F_N1440: INITIAL_DONE pairs=42909
[558656.3] IDEA_F_N1440: step 1 NO_CANDIDATES_GENERATED pairs=42909 evals=0 1s
[558656.6] IDEA_F_N1440: step 2 NO_CANDIDATES_GENERATED pairs=42909 evals=0 1s
[558668.8] IDEA_F_N1440: step 3 ELEVATED pairs=42661 evals=16 13s
[558688.1] IDEA_F_N1440: step 4 ELEVATED pairs=42487 evals=32 32s
[558702.7] IDEA_F_N1440: step 5 ELEVATED pairs=42305 evals=48 47s
[558717.6] IDEA_F_N1440: step 6 ELEVATED pairs=42121 evals=64 62s
[558732.1] IDEA_F_N1440: step 7 ELEVATED pairs=41936 evals=80 76s
[558742.7] IDEA_F_N1440: step 8 ELEVATED pairs=41680 evals=96 87s
[558757.5] IDEA_F_N1440: step 9 ELEVATED pairs=41486 evals=112 102s
[558767.5] IDEA_F_N1440: step 10 ELEVATED pairs=41225 evals=128 112s
[558787.3] IDEA_F_N1440: step 11 ELEVATED pairs=41046 evals=144 132s
[558807.3] IDEA_F_N1440: step 12 ELEVATED pairs=40867 evals=160 152s
[558816.8] IDEA_F_N1440: step 13 ELEVATED pairs=40628 evals=176 161s
[558829.8] IDEA_F_N1440: step 14 ELEVATED pairs=40377 evals=192 174s
[558838.9] IDEA_F_N1440: step 15 ELEVATED pairs=40136 evals=208 183s
[558851.8] IDEA_F_N1440: step 16 ELEVATED pairs=39887 evals=224 196s
[558865.4] IDEA_F_N1440: step 17 ELEVATED pairs=39640 evals=240 210s
[558878.6] IDEA_F_N1440: step 18 ELEVATED pairs=39399 evals=256 223s
[558892.3] IDEA_F_N1440: step 19 ELEVATED pairs=39175 evals=272 237s
[558905.1] IDEA_F_N1440: step 20 ELEVATED pairs=38969 evals=288 249s
[558922.2] IDEA_F_N1440: step 21 ELEVATED pairs=38811 evals=304 266s
[558935.5] IDEA_F_N1440: step 22 ELEVATED pairs=38668 evals=320 280s
[558947.8] IDEA_F_N1440: step 23 ELEVATED pairs=38466 evals=336 292s
[558960.1] IDEA_F_N1440: step 24 ELEVATED pairs=38332 evals=352 304s
[558970.3] IDEA_F_N1440: step 25 ELEVATED pairs=38108 evals=368 315s
[558983.2] IDEA_F_N1440: step 26 ELEVATED pairs=37974 evals=384 327s
[558993.6] IDEA_F_N1440: step 27 ELEVATED pairs=37771 evals=400 338s
[559004.1] IDEA_F_N1440: step 28 ELEVATED pairs=37568 evals=416 348s
[559012.9] IDEA_F_N1440: step 29 ELEVATED pairs=37338 evals=432 357s
[559021.8] IDEA_F_N1440: step 30 ELEVATED pairs=37110 evals=448 366s
[559033.8] IDEA_F_N1440: step 31 ELEVATED pairs=36910 evals=464 378s
[559042.5] IDEA_F_N1440: step 32 ELEVATED pairs=36684 evals=480 387s
[559054.1] IDEA_F_N1440: step 33 ELEVATED pairs=36466 evals=496 398s
[559065.4] IDEA_F_N1440: step 34 ELEVATED pairs=36269 evals=512 410s
[559085.3] IDEA_F_N1440: step 35 ELEVATED pairs=36073 evals=528 430s
[559099.4] IDEA_F_N1440: step 36 ELEVATED pairs=35887 evals=544 444s
[559111.0] IDEA_F_N1440: step 37 ELEVATED pairs=35774 evals=560 455s
[559123.9] IDEA_F_N1440: step 38 ELEVATED pairs=35543 evals=576 468s
[559134.4] IDEA_F_N1440: step 39 ELEVATED pairs=35343 evals=592 479s
[559147.4] IDEA_F_N1440: step 40 ELEVATED pairs=35138 evals=608 492s
[559147.7] IDEA_F_N1440: step 41 NO_CANDIDATES_GENERATED pairs=35138 evals=608 492s
[559147.9] IDEA_F_N1440: step 42 NO_CANDIDATES_GENERATED pairs=35138 evals=608 492s
[559161.4] IDEA_F_N1440: step 43 ELEVATED pairs=34935 evals=624 506s
[559175.5] IDEA_F_N1440: step 44 ELEVATED pairs=34734 evals=640 520s
[559185.0] IDEA_F_N1440: step 45 ELEVATED pairs=34539 evals=656 529s
[559200.1] IDEA_F_N1440: step 46 ELEVATED pairs=34340 evals=672 544s
[559215.0] IDEA_F_N1440: step 47 ELEVATED pairs=34143 evals=688 559s
[559229.4] IDEA_F_N1440: step 48 ELEVATED pairs=33933 evals=704 574s
[559246.6] IDEA_F_N1440: step 49 ELEVATED pairs=33738 evals=720 591s
[559260.4] IDEA_F_N1440: step 50 ELEVATED pairs=33530 evals=736 605s
[559272.4] IDEA_F_N1440: step 51 ELEVATED pairs=33326 evals=752 617s
[559289.9] IDEA_F_N1440: step 52 ELEVATED pairs=33133 evals=768 634s
[559303.6] IDEA_F_N1440: step 53 ELEVATED pairs=32926 evals=784 648s
[559321.3] IDEA_F_N1440: step 54 ELEVATED pairs=32735 evals=800 666s
[559333.6] IDEA_F_N1440: step 55 ELEVATED pairs=32530 evals=816 678s
[559350.4] IDEA_F_N1440: step 56 ELEVATED pairs=32341 evals=832 695s
[559362.9] IDEA_F_N1440: step 57 ELEVATED pairs=32137 evals=848 707s
[559380.2] IDEA_F_N1440: step 58 ELEVATED pairs=31950 evals=864 724s
[559388.3] IDEA_F_N1440: step 59 ELEVATED pairs=31792 evals=880 733s
[559400.7] IDEA_F_N1440: step 60 ELEVATED pairs=31590 evals=896 745s
[559413.3] IDEA_F_N1440: step 61 ELEVATED pairs=31389 evals=912 758s
[559426.3] IDEA_F_N1440: step 62 ELEVATED pairs=31226 evals=928 771s
[559444.2] IDEA_F_N1440: step 63 ELEVATED pairs=31027 evals=944 788s
[559476.1] IDEA_F_N1440: step 64 ELEVATED pairs=30829 evals=960 820s
[559477.1] IDEA_F_N1440: step 65 NO_CANDIDATES_GENERATED pairs=30829 evals=960 821s
[559477.8] IDEA_F_N1440: step 66 NO_CANDIDATES_GENERATED pairs=30829 evals=960 822s
[559478.7] IDEA_F_N1440: step 67 NO_CANDIDATES_GENERATED pairs=30829 evals=960 823s
[559501.5] IDEA_F_N1440: step 68 ELEVATED pairs=30633 evals=976 846s
[559517.6] IDEA_F_N1440: step 69 ELEVATED pairs=30481 evals=992 862s
[559532.7] IDEA_F_N1440: step 70 ELEVATED pairs=30367 evals=1008 877s
[559552.8] IDEA_F_N1440: step 71 ELEVATED pairs=30214 evals=1024 897s
[559567.6] IDEA_F_N1440: step 72 ELEVATED pairs=30030 evals=1033 912s
[559588.3] IDEA_F_N1440: step 73 ELEVATED pairs=29879 evals=1049 933s
[559605.7] IDEA_F_N1440: step 74 ELEVATED pairs=29697 evals=1058 950s
[559629.6] IDEA_F_N1440: step 75 ELEVATED pairs=29548 evals=1074 974s
[559642.8] IDEA_F_N1440: step 76 ELEVATED pairs=29368 evals=1083 987s
[559653.6] IDEA_F_N1440: step 77 ELEVATED pairs=29190 evals=1092 998s
[559687.0] IDEA_F_N1440: step 78 ELEVATED pairs=28961 evals=1108 1031s
[559697.8] IDEA_F_N1440: step 79 ELEVATED pairs=28776 evals=1124 1042s
[559709.4] IDEA_F_N1440: step 80 ELEVATED pairs=28593 evals=1140 1054s
[559719.6] IDEA_F_N1440: step 81 ELEVATED pairs=28412 evals=1156 1064s
[559737.8] IDEA_F_N1440: step 82 ELEVATED pairs=28233 evals=1172 1082s
[559749.3] IDEA_F_N1440: step 83 ELEVATED pairs=28134 evals=1188 1094s
[559765.8] IDEA_F_N1440: step 84 ELEVATED pairs=28022 evals=1204 1110s
[559777.5] IDEA_F_N1440: step 85 ELEVATED pairs=27902 evals=1220 1122s
[559790.6] IDEA_F_N1440: step 86 ELEVATED pairs=27782 evals=1236 1135s
[559806.1] IDEA_F_N1440: step 87 ELEVATED pairs=27662 evals=1252 1150s
[559819.7] IDEA_F_N1440: step 88 ELEVATED pairs=27514 evals=1268 1164s
[559838.1] IDEA_F_N1440: step 89 ELEVATED pairs=27394 evals=1284 1182s
[559852.5] IDEA_F_N1440: step 90 ELEVATED pairs=27248 evals=1300 1197s
[559868.3] IDEA_F_N1440: step 91 ELEVATED pairs=27092 evals=1316 1213s
[559886.0] IDEA_F_N1440: step 92 PREFIX_EVALUATED_NO_WINNER_DEFERRED pairs=27092 evals=1332 1230s
[559901.1] IDEA_F_N1440: step 93 ELEVATED pairs=26951 evals=1348 1245s
[559915.4] IDEA_F_N1440: step 94 PREFIX_EVALUATED_NO_WINNER_DEFERRED pairs=26951 evals=1364 1260s
[559930.9] IDEA_F_N1440: step 95 ELEVATED pairs=26895 evals=1380 1275s
[559946.4] IDEA_F_N1440: step 96 ELEVATED pairs=26781 evals=1396 1291s
[559966.3] IDEA_F_N1440: step 97 ELEVATED pairs=26690 evals=1412 1311s
[559982.7] IDEA_F_N1440: step 98 ELEVATED pairs=26525 evals=1428 1327s
[559993.3] IDEA_F_N1440: step 99 ELEVATED pairs=26437 evals=1440 1338s
[559993.9] IDEA_F_N1440: done final=26437 moves=90 first=90 reloc=0 ret=0 evals=1440 stop=CANDIDATE_BUDGET_EXHAUSTED
[560119.4] IDEA_F_N1440: recheck PASS checks=130816
GROUP DONE IDEA_F_N1440 PASS
