start-state rescan (main) ...
  main PASS pairs=42909 unresolved=3 elevated=24
[556429.0] V7_T2_R720: start mode=R budget=720 spec={"name": "V7_T2", "target_policy": "LEGACY", "evaluation_policy": "E2_ORDERED_K16", "traversal_policy": "COVERAGE", "max_targets": 2000, "k_per_target": 16, "family_round_robin": false, "relocation_side_reserve": 0, "waiting_age": false, "route_coverage": true, "multi_anchor": false, "exact_dedup": false, "decision_cache": false, "return_action": false, "cache_structural_skips": true, "window_slack_mm": 1e-05, "notes": ""}
[556429.0] V7_T2_R720: start state=main C:\Users\lihao\Desktop\Graduation Project\OpticalWaveguideRouter3D\outputs\3d_strategy_v3\512_ablation\D_both_enabled pairs=42909
[556437.2] V7_T2_R720: INITIAL_DONE pairs=42909
[556437.5] V7_T2_R720: step 1 NO_CANDIDATES_GENERATED pairs=42909 evals=0 0s
[556437.8] V7_T2_R720: step 2 NO_CANDIDATES_GENERATED pairs=42909 evals=0 1s
[556449.0] V7_T2_R720: step 3 ELEVATED pairs=42661 evals=16 12s
[556461.8] V7_T2_R720: step 4 ELEVATED pairs=42405 evals=32 25s
[556474.2] V7_T2_R720: step 5 ELEVATED pairs=42144 evals=48 37s
[556492.8] V7_T2_R720: step 6 ELEVATED pairs=41895 evals=64 56s
[556501.9] V7_T2_R720: step 7 ELEVATED pairs=41639 evals=80 65s
[556515.5] V7_T2_R720: step 8 ELEVATED pairs=41400 evals=96 79s
[556527.2] V7_T2_R720: step 9 ELEVATED pairs=41182 evals=112 90s
[556539.7] V7_T2_R720: step 10 ELEVATED pairs=40967 evals=128 103s
[556555.6] V7_T2_R720: step 11 ELEVATED pairs=40716 evals=144 119s
[556569.2] V7_T2_R720: step 12 ELEVATED pairs=40527 evals=160 132s
[556586.0] V7_T2_R720: step 13 ELEVATED pairs=40359 evals=176 149s
[556597.6] V7_T2_R720: step 14 ELEVATED pairs=40161 evals=192 161s
[556611.6] V7_T2_R720: step 15 ELEVATED pairs=39967 evals=208 175s
[556623.9] V7_T2_R720: step 16 ELEVATED pairs=39773 evals=224 187s
[556637.9] V7_T2_R720: step 17 ELEVATED pairs=39609 evals=240 201s
[556649.4] V7_T2_R720: step 18 ELEVATED pairs=39381 evals=256 212s
[556661.2] V7_T2_R720: step 19 ELEVATED pairs=39242 evals=272 224s
[556676.6] V7_T2_R720: step 20 ELEVATED pairs=39029 evals=288 240s
[556691.2] V7_T2_R720: step 21 ELEVATED pairs=38864 evals=304 254s
[556704.2] V7_T2_R720: step 22 ELEVATED pairs=38631 evals=320 267s
[556724.7] V7_T2_R720: step 23 ELEVATED pairs=38452 evals=336 288s
[556742.9] V7_T2_R720: step 24 ELEVATED pairs=38287 evals=352 306s
[556759.8] V7_T2_R720: step 25 ELEVATED pairs=38071 evals=368 323s
[556774.2] V7_T2_R720: step 26 ELEVATED pairs=37863 evals=384 337s
[556792.8] V7_T2_R720: step 27 ELEVATED pairs=37652 evals=400 356s
[556810.3] V7_T2_R720: step 28 ELEVATED pairs=37442 evals=416 373s
[556821.2] V7_T2_R720: step 29 ELEVATED pairs=37268 evals=432 384s
[556837.5] V7_T2_R720: step 30 ELEVATED pairs=37060 evals=448 400s
[556853.8] V7_T2_R720: step 31 ELEVATED pairs=36921 evals=464 417s
[556862.3] V7_T2_R720: step 32 ELEVATED pairs=36726 evals=480 425s
[556872.1] V7_T2_R720: step 33 ELEVATED pairs=36523 evals=496 435s
[556882.1] V7_T2_R720: step 34 ELEVATED pairs=36321 evals=512 445s
[556898.0] V7_T2_R720: step 35 ELEVATED pairs=36205 evals=528 461s
[556916.5] V7_T2_R720: step 36 ELEVATED pairs=35993 evals=544 480s
[556934.0] V7_T2_R720: step 37 ELEVATED pairs=35783 evals=560 497s
[556950.8] V7_T2_R720: step 38 ELEVATED pairs=35575 evals=576 514s
[556967.3] V7_T2_R720: step 39 ELEVATED pairs=35369 evals=592 530s
[556978.4] V7_T2_R720: step 40 ELEVATED pairs=35201 evals=608 541s
[556978.7] V7_T2_R720: step 41 NO_CANDIDATES_GENERATED pairs=35201 evals=608 542s
[556978.9] V7_T2_R720: step 42 NO_CANDIDATES_GENERATED pairs=35201 evals=608 542s
[556979.1] V7_T2_R720: step 43 NO_CANDIDATES_GENERATED pairs=35201 evals=608 542s
[556979.4] V7_T2_R720: step 44 NO_CANDIDATES_GENERATED pairs=35201 evals=608 542s
[556979.6] V7_T2_R720: step 45 NO_CANDIDATES_GENERATED pairs=35201 evals=608 543s
[556979.8] V7_T2_R720: step 46 NO_CANDIDATES_GENERATED pairs=35201 evals=608 543s
[556995.5] V7_T2_R720: step 47 ELEVATED pairs=34996 evals=624 558s
[557009.5] V7_T2_R720: step 48 ELEVATED pairs=34847 evals=640 573s
[557027.5] V7_T2_R720: step 49 ELEVATED pairs=34650 evals=656 591s
[557045.0] V7_T2_R720: step 50 ELEVATED pairs=34455 evals=672 608s
[557063.9] V7_T2_R720: step 51 ELEVATED pairs=34265 evals=688 627s
[557084.9] V7_T2_R720: step 52 ELEVATED pairs=34077 evals=704 648s
[557109.2] V7_T2_R720: step 53 ELEVATED pairs=33891 evals=720 672s
[557109.6] V7_T2_R720: step 54 ABORTED_CANDIDATE_BUDGET pairs=33891 evals=720 673s
[557110.1] V7_T2_R720: done final=33891 moves=45 first=45 reloc=0 ret=0 evals=720 stop=CANDIDATE_BUDGET_EXHAUSTED
[557185.0] V7_T2_R720: recheck PASS checks=130816
GROUP DONE V7_T2_R720 PASS
