start-state rescan (main) ...
  main PASS pairs=42909 unresolved=3 elevated=24
[559504.8] IDEA_E_N720: start mode=N budget=720 spec={"name": "IDEA_E", "target_policy": "LEGACY", "evaluation_policy": "E2_ORDERED_K16", "traversal_policy": "BASE", "max_targets": 200, "k_per_target": 16, "family_round_robin": false, "relocation_side_reserve": 0, "waiting_age": false, "route_coverage": false, "multi_anchor": true, "exact_dedup": false, "decision_cache": false, "return_action": false, "cache_structural_skips": false, "window_slack_mm": 1e-05, "notes": ""}
[559504.8] IDEA_E_N720: start state=main C:\Users\lihao\Desktop\Graduation Project\OpticalWaveguideRouter3D\outputs\3d_strategy_v3\512_ablation\D_both_enabled pairs=42909
[559512.6] IDEA_E_N720: INITIAL_DONE pairs=42909
[559512.9] IDEA_E_N720: step 1 NO_CANDIDATES_GENERATED pairs=42909 evals=0 1s
[559513.7] IDEA_E_N720: step 2 NO_CANDIDATES_GENERATED pairs=42909 evals=0 1s
[559524.0] IDEA_E_N720: step 3 ELEVATED pairs=42648 evals=16 12s
[559524.4] IDEA_E_N720: step 4 NO_CANDIDATES_GENERATED pairs=42648 evals=16 12s
[559525.2] IDEA_E_N720: step 5 NO_CANDIDATES_GENERATED pairs=42648 evals=16 13s
[559535.4] IDEA_E_N720: step 6 ELEVATED pairs=42403 evals=25 23s
[559536.2] IDEA_E_N720: step 7 NO_CANDIDATES_GENERATED pairs=42403 evals=25 24s
[559537.0] IDEA_E_N720: step 8 NO_CANDIDATES_GENERATED pairs=42403 evals=25 25s
[559545.3] IDEA_E_N720: step 9 ELEVATED pairs=42161 evals=34 33s
[559545.7] IDEA_E_N720: step 10 NO_CANDIDATES_GENERATED pairs=42161 evals=34 33s
[559546.5] IDEA_E_N720: step 11 NO_CANDIDATES_GENERATED pairs=42161 evals=34 34s
[559553.3] IDEA_E_N720: step 12 ELEVATED pairs=41921 evals=43 41s
[559553.9] IDEA_E_N720: step 13 NO_CANDIDATES_GENERATED pairs=41921 evals=43 42s
[559554.4] IDEA_E_N720: step 14 NO_CANDIDATES_GENERATED pairs=41921 evals=43 42s
[559562.8] IDEA_E_N720: step 15 ELEVATED pairs=41683 evals=52 50s
[559563.6] IDEA_E_N720: step 16 NO_CANDIDATES_GENERATED pairs=41683 evals=52 51s
[559564.3] IDEA_E_N720: step 17 NO_CANDIDATES_GENERATED pairs=41683 evals=52 52s
[559585.5] IDEA_E_N720: step 18 ELEVATED pairs=41434 evals=68 73s
[559586.0] IDEA_E_N720: step 19 NO_CANDIDATES_GENERATED pairs=41434 evals=68 74s
[559586.3] IDEA_E_N720: step 20 NO_CANDIDATES_GENERATED pairs=41434 evals=68 74s
[559606.3] IDEA_E_N720: step 21 ELEVATED pairs=41184 evals=84 94s
[559607.1] IDEA_E_N720: step 22 NO_CANDIDATES_GENERATED pairs=41184 evals=84 95s
[559608.0] IDEA_E_N720: step 23 NO_CANDIDATES_GENERATED pairs=41184 evals=84 96s
[559628.3] IDEA_E_N720: step 24 ELEVATED pairs=40937 evals=100 116s
[559628.9] IDEA_E_N720: step 25 NO_CANDIDATES_GENERATED pairs=40937 evals=100 117s
[559629.7] IDEA_E_N720: step 26 NO_CANDIDATES_GENERATED pairs=40937 evals=100 117s
[559651.3] IDEA_E_N720: step 27 ELEVATED pairs=40689 evals=116 139s
[559652.0] IDEA_E_N720: step 28 NO_CANDIDATES_GENERATED pairs=40689 evals=116 140s
[559652.8] IDEA_E_N720: step 29 NO_CANDIDATES_GENERATED pairs=40689 evals=116 140s
[559671.4] IDEA_E_N720: step 30 ELEVATED pairs=40444 evals=132 159s
[559672.2] IDEA_E_N720: step 31 NO_CANDIDATES_GENERATED pairs=40444 evals=132 160s
[559672.6] IDEA_E_N720: step 32 NO_CANDIDATES_GENERATED pairs=40444 evals=132 160s
[559688.0] IDEA_E_N720: step 33 ELEVATED pairs=40198 evals=148 176s
[559688.9] IDEA_E_N720: step 34 NO_CANDIDATES_GENERATED pairs=40198 evals=148 176s
[559689.6] IDEA_E_N720: step 35 NO_CANDIDATES_GENERATED pairs=40198 evals=148 177s
[559701.5] IDEA_E_N720: step 36 ELEVATED pairs=39951 evals=164 189s
[559701.8] IDEA_E_N720: step 37 NO_CANDIDATES_GENERATED pairs=39951 evals=164 189s
[559702.6] IDEA_E_N720: step 38 NO_CANDIDATES_GENERATED pairs=39951 evals=164 190s
[559715.9] IDEA_E_N720: step 39 ELEVATED pairs=39725 evals=173 203s
[559716.7] IDEA_E_N720: step 40 NO_CANDIDATES_GENERATED pairs=39725 evals=173 204s
[559717.4] IDEA_E_N720: step 41 NO_CANDIDATES_GENERATED pairs=39725 evals=173 205s
[559728.6] IDEA_E_N720: step 42 ELEVATED pairs=39501 evals=182 216s
[559729.4] IDEA_E_N720: step 43 NO_CANDIDATES_GENERATED pairs=39501 evals=182 217s
[559730.1] IDEA_E_N720: step 44 NO_CANDIDATES_GENERATED pairs=39501 evals=182 218s
[559742.1] IDEA_E_N720: step 45 ELEVATED pairs=39283 evals=191 230s
[559742.9] IDEA_E_N720: step 46 NO_CANDIDATES_GENERATED pairs=39283 evals=191 231s
[559743.7] IDEA_E_N720: step 47 NO_CANDIDATES_GENERATED pairs=39283 evals=191 231s
[559758.1] IDEA_E_N720: step 48 ELEVATED pairs=39034 evals=207 246s
[559758.9] IDEA_E_N720: step 49 NO_CANDIDATES_GENERATED pairs=39034 evals=207 247s
[559759.7] IDEA_E_N720: step 50 NO_CANDIDATES_GENERATED pairs=39034 evals=207 247s
[559765.1] IDEA_E_N720: step 51 ELEVATED pairs=38813 evals=216 253s
[559765.4] IDEA_E_N720: step 52 NO_CANDIDATES_GENERATED pairs=38813 evals=216 253s
[559765.8] IDEA_E_N720: step 53 NO_CANDIDATES_GENERATED pairs=38813 evals=216 253s
[559774.0] IDEA_E_N720: step 54 ELEVATED pairs=38586 evals=232 262s
[559774.7] IDEA_E_N720: step 55 NO_CANDIDATES_GENERATED pairs=38586 evals=232 262s
[559775.0] IDEA_E_N720: step 56 NO_CANDIDATES_GENERATED pairs=38586 evals=232 263s
[559781.8] IDEA_E_N720: step 57 ELEVATED pairs=38370 evals=241 269s
[559782.5] IDEA_E_N720: step 58 NO_CANDIDATES_GENERATED pairs=38370 evals=241 270s
[559782.8] IDEA_E_N720: step 59 NO_CANDIDATES_GENERATED pairs=38370 evals=241 270s
[559795.2] IDEA_E_N720: step 60 ELEVATED pairs=38142 evals=257 283s
[559795.5] IDEA_E_N720: step 61 NO_CANDIDATES_GENERATED pairs=38142 evals=257 283s
[559796.2] IDEA_E_N720: step 62 NO_CANDIDATES_GENERATED pairs=38142 evals=257 284s
[559800.9] IDEA_E_N720: step 63 ELEVATED pairs=37928 evals=266 288s
[559801.3] IDEA_E_N720: step 64 NO_CANDIDATES_GENERATED pairs=37928 evals=266 289s
[559802.0] IDEA_E_N720: step 65 NO_CANDIDATES_GENERATED pairs=37928 evals=266 290s
[559811.5] IDEA_E_N720: step 66 ELEVATED pairs=37702 evals=282 299s
[559811.8] IDEA_E_N720: step 67 NO_CANDIDATES_GENERATED pairs=37702 evals=282 299s
[559812.5] IDEA_E_N720: step 68 NO_CANDIDATES_GENERATED pairs=37702 evals=282 300s
[559817.0] IDEA_E_N720: step 69 ELEVATED pairs=37490 evals=291 305s
[559817.5] IDEA_E_N720: step 70 NO_CANDIDATES_GENERATED pairs=37490 evals=291 305s
[559818.2] IDEA_E_N720: step 71 NO_CANDIDATES_GENERATED pairs=37490 evals=291 306s
[559828.9] IDEA_E_N720: step 72 ELEVATED pairs=37265 evals=307 316s
[559829.7] IDEA_E_N720: step 73 NO_CANDIDATES_GENERATED pairs=37265 evals=307 317s
[559830.4] IDEA_E_N720: step 74 NO_CANDIDATES_GENERATED pairs=37265 evals=307 318s
[559849.6] IDEA_E_N720: step 75 ELEVATED pairs=37052 evals=323 337s
[559850.4] IDEA_E_N720: step 76 NO_CANDIDATES_GENERATED pairs=37052 evals=323 338s
[559851.1] IDEA_E_N720: step 77 NO_CANDIDATES_GENERATED pairs=37052 evals=323 339s
[559858.5] IDEA_E_N720: step 78 ELEVATED pairs=36852 evals=332 346s
[559858.8] IDEA_E_N720: step 79 NO_CANDIDATES_GENERATED pairs=36852 evals=332 346s
[559859.5] IDEA_E_N720: step 80 NO_CANDIDATES_GENERATED pairs=36852 evals=332 347s
[559860.2] IDEA_E_N720: step 81 NO_CANDIDATES_GENERATED pairs=36852 evals=332 348s
[559878.1] IDEA_E_N720: step 82 ELEVATED pairs=36638 evals=348 366s
[559878.8] IDEA_E_N720: step 83 NO_CANDIDATES_GENERATED pairs=36638 evals=348 366s
[559879.4] IDEA_E_N720: step 84 NO_CANDIDATES_GENERATED pairs=36638 evals=348 367s
[559880.0] IDEA_E_N720: step 85 NO_CANDIDATES_GENERATED pairs=36638 evals=348 368s
[559894.8] IDEA_E_N720: step 86 ELEVATED pairs=36437 evals=364 382s
[559895.5] IDEA_E_N720: step 87 NO_CANDIDATES_GENERATED pairs=36437 evals=364 383s
[559896.2] IDEA_E_N720: step 88 NO_CANDIDATES_GENERATED pairs=36437 evals=364 384s
[559897.0] IDEA_E_N720: step 89 NO_CANDIDATES_GENERATED pairs=36437 evals=364 385s
[559897.7] IDEA_E_N720: step 90 NO_CANDIDATES_GENERATED pairs=36437 evals=364 385s
[559898.2] IDEA_E_N720: step 91 NO_CANDIDATES_GENERATED pairs=36437 evals=364 386s
[559912.6] IDEA_E_N720: step 92 ELEVATED pairs=36235 evals=380 400s
[559912.9] IDEA_E_N720: step 93 NO_CANDIDATES_GENERATED pairs=36235 evals=380 400s
[559913.6] IDEA_E_N720: step 94 NO_CANDIDATES_GENERATED pairs=36235 evals=380 401s
[559914.4] IDEA_E_N720: step 95 NO_CANDIDATES_GENERATED pairs=36235 evals=380 402s
[559914.7] IDEA_E_N720: step 96 NO_CANDIDATES_GENERATED pairs=36235 evals=380 402s
[559915.0] IDEA_E_N720: step 97 NO_CANDIDATES_GENERATED pairs=36235 evals=380 403s
[559924.0] IDEA_E_N720: step 98 ELEVATED pairs=36026 evals=396 412s
[559924.7] IDEA_E_N720: step 99 NO_CANDIDATES_GENERATED pairs=36026 evals=396 412s
[559925.4] IDEA_E_N720: step 100 NO_CANDIDATES_GENERATED pairs=36026 evals=396 413s
[559926.0] IDEA_E_N720: step 101 NO_CANDIDATES_GENERATED pairs=36026 evals=396 414s
[559926.7] IDEA_E_N720: step 102 NO_CANDIDATES_GENERATED pairs=36026 evals=396 414s
[559927.4] IDEA_E_N720: step 103 NO_CANDIDATES_GENERATED pairs=36026 evals=396 415s
[559936.2] IDEA_E_N720: step 104 ELEVATED pairs=35817 evals=412 424s
[559936.8] IDEA_E_N720: step 105 NO_CANDIDATES_GENERATED pairs=35817 evals=412 424s
[559937.1] IDEA_E_N720: step 106 NO_CANDIDATES_GENERATED pairs=35817 evals=412 425s
[559937.8] IDEA_E_N720: step 107 NO_CANDIDATES_GENERATED pairs=35817 evals=412 425s
[559938.5] IDEA_E_N720: step 108 NO_CANDIDATES_GENERATED pairs=35817 evals=412 426s
[559938.8] IDEA_E_N720: step 109 NO_CANDIDATES_GENERATED pairs=35817 evals=412 426s
[559954.6] IDEA_E_N720: step 110 ELEVATED pairs=35591 evals=428 442s
[559954.8] IDEA_E_N720: step 111 NO_CANDIDATES_GENERATED pairs=35591 evals=428 442s
[559955.5] IDEA_E_N720: step 112 NO_CANDIDATES_GENERATED pairs=35591 evals=428 443s
[559956.1] IDEA_E_N720: step 113 NO_CANDIDATES_GENERATED pairs=35591 evals=428 444s
[559956.5] IDEA_E_N720: step 114 NO_CANDIDATES_GENERATED pairs=35591 evals=428 444s
[559957.2] IDEA_E_N720: step 115 NO_CANDIDATES_GENERATED pairs=35591 evals=428 445s
[559980.9] IDEA_E_N720: step 116 ELEVATED pairs=35382 evals=444 469s
[559981.2] IDEA_E_N720: step 117 NO_CANDIDATES_GENERATED pairs=35382 evals=444 469s
[559981.6] IDEA_E_N720: step 118 NO_CANDIDATES_GENERATED pairs=35382 evals=444 469s
[559982.0] IDEA_E_N720: step 119 NO_CANDIDATES_GENERATED pairs=35382 evals=444 470s
[559982.7] IDEA_E_N720: step 120 NO_CANDIDATES_GENERATED pairs=35382 evals=444 470s
[559983.4] IDEA_E_N720: step 121 NO_CANDIDATES_GENERATED pairs=35382 evals=444 471s
[559997.8] IDEA_E_N720: step 122 ELEVATED pairs=35180 evals=460 485s
[559998.4] IDEA_E_N720: step 123 NO_CANDIDATES_GENERATED pairs=35180 evals=460 486s
[559998.9] IDEA_E_N720: step 124 NO_CANDIDATES_GENERATED pairs=35180 evals=460 486s
[559999.2] IDEA_E_N720: step 125 NO_CANDIDATES_GENERATED pairs=35180 evals=460 487s
[559999.5] IDEA_E_N720: step 126 NO_CANDIDATES_GENERATED pairs=35180 evals=460 487s
[560000.2] IDEA_E_N720: step 127 NO_CANDIDATES_GENERATED pairs=35180 evals=460 488s
[560020.8] IDEA_E_N720: step 128 ELEVATED pairs=34973 evals=476 508s
[560021.1] IDEA_E_N720: step 129 NO_CANDIDATES_GENERATED pairs=34973 evals=476 509s
[560021.8] IDEA_E_N720: step 130 NO_CANDIDATES_GENERATED pairs=34973 evals=476 509s
[560022.5] IDEA_E_N720: step 131 NO_CANDIDATES_GENERATED pairs=34973 evals=476 510s
[560023.3] IDEA_E_N720: step 132 NO_CANDIDATES_GENERATED pairs=34973 evals=476 511s
[560023.6] IDEA_E_N720: step 133 NO_CANDIDATES_GENERATED pairs=34973 evals=476 511s
[560038.1] IDEA_E_N720: step 134 ELEVATED pairs=34773 evals=492 526s
[560038.8] IDEA_E_N720: step 135 NO_CANDIDATES_GENERATED pairs=34773 evals=492 526s
[560039.4] IDEA_E_N720: step 136 NO_CANDIDATES_GENERATED pairs=34773 evals=492 527s
[560040.1] IDEA_E_N720: step 137 NO_CANDIDATES_GENERATED pairs=34773 evals=492 528s
[560040.6] IDEA_E_N720: step 138 NO_CANDIDATES_GENERATED pairs=34773 evals=492 528s
[560041.3] IDEA_E_N720: step 139 NO_CANDIDATES_GENERATED pairs=34773 evals=492 529s
[560056.1] IDEA_E_N720: step 140 ELEVATED pairs=34567 evals=508 544s
[560056.8] IDEA_E_N720: step 141 NO_CANDIDATES_GENERATED pairs=34567 evals=508 544s
[560057.5] IDEA_E_N720: step 142 NO_CANDIDATES_GENERATED pairs=34567 evals=508 545s
[560058.3] IDEA_E_N720: step 143 NO_CANDIDATES_GENERATED pairs=34567 evals=508 546s
[560059.0] IDEA_E_N720: step 144 NO_CANDIDATES_GENERATED pairs=34567 evals=508 547s
[560059.7] IDEA_E_N720: step 145 NO_CANDIDATES_GENERATED pairs=34567 evals=508 547s
[560075.8] IDEA_E_N720: step 146 ELEVATED pairs=34368 evals=524 563s
[560076.5] IDEA_E_N720: step 147 NO_CANDIDATES_GENERATED pairs=34368 evals=524 564s
[560077.2] IDEA_E_N720: step 148 NO_CANDIDATES_GENERATED pairs=34368 evals=524 565s
[560077.9] IDEA_E_N720: step 149 NO_CANDIDATES_GENERATED pairs=34368 evals=524 566s
[560078.6] IDEA_E_N720: step 150 NO_CANDIDATES_GENERATED pairs=34368 evals=524 566s
[560079.2] IDEA_E_N720: step 151 NO_CANDIDATES_GENERATED pairs=34368 evals=524 567s
[560097.2] IDEA_E_N720: step 152 ELEVATED pairs=34164 evals=540 585s
[560097.9] IDEA_E_N720: step 153 NO_CANDIDATES_GENERATED pairs=34164 evals=540 585s
[560098.5] IDEA_E_N720: step 154 NO_CANDIDATES_GENERATED pairs=34164 evals=540 586s
[560098.8] IDEA_E_N720: step 155 NO_CANDIDATES_GENERATED pairs=34164 evals=540 586s
[560099.5] IDEA_E_N720: step 156 NO_CANDIDATES_GENERATED pairs=34164 evals=540 587s
[560100.2] IDEA_E_N720: step 157 NO_CANDIDATES_GENERATED pairs=34164 evals=540 588s
[560112.9] IDEA_E_N720: step 158 ELEVATED pairs=33967 evals=556 601s
[560113.5] IDEA_E_N720: step 159 NO_CANDIDATES_GENERATED pairs=33967 evals=556 601s
[560113.9] IDEA_E_N720: step 160 NO_CANDIDATES_GENERATED pairs=33967 evals=556 602s
[560114.5] IDEA_E_N720: step 161 NO_CANDIDATES_GENERATED pairs=33967 evals=556 602s
[560115.0] IDEA_E_N720: step 162 NO_CANDIDATES_GENERATED pairs=33967 evals=556 603s
[560115.4] IDEA_E_N720: step 163 NO_CANDIDATES_GENERATED pairs=33967 evals=556 603s
[560134.3] IDEA_E_N720: step 164 ELEVATED pairs=33764 evals=572 622s
[560134.7] IDEA_E_N720: step 165 NO_CANDIDATES_GENERATED pairs=33764 evals=572 622s
[560135.1] IDEA_E_N720: step 166 NO_CANDIDATES_GENERATED pairs=33764 evals=572 623s
[560135.5] IDEA_E_N720: step 167 NO_CANDIDATES_GENERATED pairs=33764 evals=572 623s
[560135.8] IDEA_E_N720: step 168 NO_CANDIDATES_GENERATED pairs=33764 evals=572 623s
[560136.3] IDEA_E_N720: step 169 NO_CANDIDATES_GENERATED pairs=33764 evals=572 624s
[560149.2] IDEA_E_N720: step 170 ELEVATED pairs=33568 evals=588 637s
[560149.6] IDEA_E_N720: step 171 NO_CANDIDATES_GENERATED pairs=33568 evals=588 637s
[560149.9] IDEA_E_N720: step 172 NO_CANDIDATES_GENERATED pairs=33568 evals=588 637s
[560150.2] IDEA_E_N720: step 173 NO_CANDIDATES_GENERATED pairs=33568 evals=588 638s
[560150.6] IDEA_E_N720: step 174 NO_CANDIDATES_GENERATED pairs=33568 evals=588 638s
[560151.1] IDEA_E_N720: step 175 NO_CANDIDATES_GENERATED pairs=33568 evals=588 639s
[560166.9] IDEA_E_N720: step 176 ELEVATED pairs=33367 evals=604 655s
[560167.3] IDEA_E_N720: step 177 NO_CANDIDATES_GENERATED pairs=33367 evals=604 655s
[560167.7] IDEA_E_N720: step 178 NO_CANDIDATES_GENERATED pairs=33367 evals=604 655s
[560168.0] IDEA_E_N720: step 179 NO_CANDIDATES_GENERATED pairs=33367 evals=604 656s
[560168.4] IDEA_E_N720: step 180 NO_CANDIDATES_GENERATED pairs=33367 evals=604 656s
[560168.8] IDEA_E_N720: step 181 NO_CANDIDATES_GENERATED pairs=33367 evals=604 656s
[560184.0] IDEA_E_N720: step 182 ELEVATED pairs=33167 evals=620 672s
[560184.3] IDEA_E_N720: step 183 NO_CANDIDATES_GENERATED pairs=33167 evals=620 672s
[560184.6] IDEA_E_N720: step 184 NO_CANDIDATES_GENERATED pairs=33167 evals=620 672s
[560185.0] IDEA_E_N720: step 185 NO_CANDIDATES_GENERATED pairs=33167 evals=620 673s
[560185.4] IDEA_E_N720: step 186 NO_CANDIDATES_GENERATED pairs=33167 evals=620 673s
[560185.8] IDEA_E_N720: step 187 NO_CANDIDATES_GENERATED pairs=33167 evals=620 673s
[560197.3] IDEA_E_N720: step 188 ELEVATED pairs=32960 evals=636 685s
[560197.7] IDEA_E_N720: step 189 NO_CANDIDATES_GENERATED pairs=32960 evals=636 685s
[560197.9] IDEA_E_N720: step 190 NO_CANDIDATES_GENERATED pairs=32960 evals=636 686s
[560198.3] IDEA_E_N720: step 191 NO_CANDIDATES_GENERATED pairs=32960 evals=636 686s
[560198.7] IDEA_E_N720: step 192 NO_CANDIDATES_GENERATED pairs=32960 evals=636 686s
[560199.2] IDEA_E_N720: step 193 NO_CANDIDATES_GENERATED pairs=32960 evals=636 687s
[560216.7] IDEA_E_N720: step 194 ELEVATED pairs=32762 evals=652 704s
[560217.1] IDEA_E_N720: step 195 NO_CANDIDATES_GENERATED pairs=32762 evals=652 705s
[560217.5] IDEA_E_N720: step 196 NO_CANDIDATES_GENERATED pairs=32762 evals=652 705s
[560217.9] IDEA_E_N720: step 197 NO_CANDIDATES_GENERATED pairs=32762 evals=652 706s
[560218.3] IDEA_E_N720: step 198 NO_CANDIDATES_GENERATED pairs=32762 evals=652 706s
[560218.6] IDEA_E_N720: step 199 NO_CANDIDATES_GENERATED pairs=32762 evals=652 706s
[560234.3] IDEA_E_N720: step 200 ELEVATED pairs=32565 evals=668 722s
[560235.1] IDEA_E_N720: done final=32565 moves=47 first=47 reloc=0 ret=0 evals=668 stop=TARGET_LIMIT
[560318.5] IDEA_E_N720: recheck PASS checks=130816
GROUP DONE IDEA_E_N720 PASS
