start-state rescan (main) ...
  main PASS pairs=42909 unresolved=3 elevated=24
[555869.2] V6_E2_N2880: start mode=N budget=2880 spec={"name": "V6_E2", "target_policy": "LEGACY", "evaluation_policy": "E2_ORDERED_K16", "traversal_policy": "BASE", "max_targets": 200, "k_per_target": 16, "family_round_robin": false, "relocation_side_reserve": 0, "waiting_age": false, "route_coverage": false, "multi_anchor": false, "exact_dedup": false, "decision_cache": false, "return_action": false, "cache_structural_skips": false, "window_slack_mm": 1e-05, "notes": ""}
[555869.2] V6_E2_N2880: start state=main C:\Users\lihao\Desktop\Graduation Project\OpticalWaveguideRouter3D\outputs\3d_strategy_v3\512_ablation\D_both_enabled pairs=42909
[555876.8] V6_E2_N2880: INITIAL_DONE pairs=42909
[555877.1] V6_E2_N2880: step 1 NO_CANDIDATES_GENERATED pairs=42909 evals=0 1s
[555877.3] V6_E2_N2880: step 2 NO_CANDIDATES_GENERATED pairs=42909 evals=0 1s
[555888.1] V6_E2_N2880: step 3 ELEVATED pairs=42661 evals=16 12s
[555906.4] V6_E2_N2880: step 4 ELEVATED pairs=42487 evals=32 30s
[555920.7] V6_E2_N2880: step 5 ELEVATED pairs=42305 evals=48 44s
[555935.4] V6_E2_N2880: step 6 ELEVATED pairs=42121 evals=64 59s
[555950.2] V6_E2_N2880: step 7 ELEVATED pairs=41936 evals=80 74s
[555960.8] V6_E2_N2880: step 8 ELEVATED pairs=41680 evals=96 84s
[555975.7] V6_E2_N2880: step 9 ELEVATED pairs=41486 evals=112 99s
[555985.8] V6_E2_N2880: step 10 ELEVATED pairs=41225 evals=128 109s
[556005.5] V6_E2_N2880: step 11 ELEVATED pairs=41046 evals=144 129s
[556025.7] V6_E2_N2880: step 12 ELEVATED pairs=40867 evals=160 149s
[556035.2] V6_E2_N2880: step 13 ELEVATED pairs=40628 evals=176 159s
[556048.3] V6_E2_N2880: step 14 ELEVATED pairs=40377 evals=192 172s
[556057.5] V6_E2_N2880: step 15 ELEVATED pairs=40136 evals=208 181s
[556070.8] V6_E2_N2880: step 16 ELEVATED pairs=39887 evals=224 194s
[556083.9] V6_E2_N2880: step 17 ELEVATED pairs=39640 evals=240 207s
[556096.4] V6_E2_N2880: step 18 ELEVATED pairs=39399 evals=256 220s
[556110.0] V6_E2_N2880: step 19 ELEVATED pairs=39175 evals=272 233s
[556123.0] V6_E2_N2880: step 20 ELEVATED pairs=38969 evals=288 246s
[556140.5] V6_E2_N2880: step 21 ELEVATED pairs=38811 evals=304 264s
[556154.5] V6_E2_N2880: step 22 ELEVATED pairs=38668 evals=320 278s
[556167.2] V6_E2_N2880: step 23 ELEVATED pairs=38466 evals=336 291s
[556180.1] V6_E2_N2880: step 24 ELEVATED pairs=38332 evals=352 304s
[556190.7] V6_E2_N2880: step 25 ELEVATED pairs=38108 evals=368 314s
[556203.8] V6_E2_N2880: step 26 ELEVATED pairs=37974 evals=384 327s
[556214.3] V6_E2_N2880: step 27 ELEVATED pairs=37771 evals=400 338s
[556224.9] V6_E2_N2880: step 28 ELEVATED pairs=37568 evals=416 348s
[556233.6] V6_E2_N2880: step 29 ELEVATED pairs=37338 evals=432 357s
[556242.4] V6_E2_N2880: step 30 ELEVATED pairs=37110 evals=448 366s
[556254.2] V6_E2_N2880: step 31 ELEVATED pairs=36910 evals=464 378s
[556263.0] V6_E2_N2880: step 32 ELEVATED pairs=36684 evals=480 386s
[556274.5] V6_E2_N2880: step 33 ELEVATED pairs=36466 evals=496 398s
[556285.8] V6_E2_N2880: step 34 ELEVATED pairs=36269 evals=512 409s
[556305.6] V6_E2_N2880: step 35 ELEVATED pairs=36073 evals=528 429s
[556319.7] V6_E2_N2880: step 36 ELEVATED pairs=35887 evals=544 443s
[556331.2] V6_E2_N2880: step 37 ELEVATED pairs=35774 evals=560 455s
[556344.0] V6_E2_N2880: step 38 ELEVATED pairs=35543 evals=576 467s
[556354.3] V6_E2_N2880: step 39 ELEVATED pairs=35343 evals=592 478s
[556368.7] V6_E2_N2880: step 40 ELEVATED pairs=35138 evals=608 492s
[556369.4] V6_E2_N2880: step 41 NO_CANDIDATES_GENERATED pairs=35138 evals=608 493s
[556370.1] V6_E2_N2880: step 42 NO_CANDIDATES_GENERATED pairs=35138 evals=608 494s
[556386.8] V6_E2_N2880: step 43 ELEVATED pairs=34935 evals=624 510s
[556403.4] V6_E2_N2880: step 44 ELEVATED pairs=34734 evals=640 527s
[556415.4] V6_E2_N2880: step 45 ELEVATED pairs=34539 evals=656 539s
[556433.1] V6_E2_N2880: step 46 ELEVATED pairs=34340 evals=672 557s
[556451.6] V6_E2_N2880: step 47 ELEVATED pairs=34143 evals=688 575s
[556466.9] V6_E2_N2880: step 48 ELEVATED pairs=33933 evals=704 590s
[556484.9] V6_E2_N2880: step 49 ELEVATED pairs=33738 evals=720 608s
[556500.8] V6_E2_N2880: step 50 ELEVATED pairs=33530 evals=736 624s
[556516.9] V6_E2_N2880: step 51 ELEVATED pairs=33326 evals=752 640s
[556536.9] V6_E2_N2880: step 52 ELEVATED pairs=33133 evals=768 660s
[556553.6] V6_E2_N2880: step 53 ELEVATED pairs=32926 evals=784 677s
[556575.4] V6_E2_N2880: step 54 ELEVATED pairs=32735 evals=800 699s
[556590.2] V6_E2_N2880: step 55 ELEVATED pairs=32530 evals=816 714s
[556610.0] V6_E2_N2880: step 56 ELEVATED pairs=32341 evals=832 733s
[556624.5] V6_E2_N2880: step 57 ELEVATED pairs=32137 evals=848 748s
[556644.4] V6_E2_N2880: step 58 ELEVATED pairs=31950 evals=864 768s
[556654.0] V6_E2_N2880: step 59 ELEVATED pairs=31792 evals=880 778s
[556668.4] V6_E2_N2880: step 60 ELEVATED pairs=31590 evals=896 792s
[556682.7] V6_E2_N2880: step 61 ELEVATED pairs=31389 evals=912 806s
[556695.6] V6_E2_N2880: step 62 ELEVATED pairs=31226 evals=928 819s
[556710.1] V6_E2_N2880: step 63 ELEVATED pairs=31027 evals=944 834s
[556724.4] V6_E2_N2880: step 64 ELEVATED pairs=30829 evals=960 848s
[556724.7] V6_E2_N2880: step 65 NO_CANDIDATES_GENERATED pairs=30829 evals=960 848s
[556725.0] V6_E2_N2880: step 66 NO_CANDIDATES_GENERATED pairs=30829 evals=960 849s
[556725.3] V6_E2_N2880: step 67 NO_CANDIDATES_GENERATED pairs=30829 evals=960 849s
[556739.4] V6_E2_N2880: step 68 ELEVATED pairs=30633 evals=976 863s
[556752.0] V6_E2_N2880: step 69 ELEVATED pairs=30481 evals=992 875s
[556764.4] V6_E2_N2880: step 70 ELEVATED pairs=30367 evals=1008 888s
[556779.9] V6_E2_N2880: step 71 ELEVATED pairs=30214 evals=1024 903s
[556790.5] V6_E2_N2880: step 72 ELEVATED pairs=30030 evals=1033 914s
[556806.0] V6_E2_N2880: step 73 ELEVATED pairs=29879 evals=1049 929s
[556816.5] V6_E2_N2880: step 74 ELEVATED pairs=29697 evals=1058 940s
[556831.5] V6_E2_N2880: step 75 ELEVATED pairs=29548 evals=1074 955s
[556841.7] V6_E2_N2880: step 76 ELEVATED pairs=29368 evals=1083 965s
[556851.4] V6_E2_N2880: step 77 ELEVATED pairs=29190 evals=1092 975s
[556877.6] V6_E2_N2880: step 78 ELEVATED pairs=28961 evals=1108 1001s
[556886.5] V6_E2_N2880: step 79 ELEVATED pairs=28776 evals=1124 1010s
[556895.1] V6_E2_N2880: step 80 ELEVATED pairs=28593 evals=1140 1019s
[556903.7] V6_E2_N2880: step 81 ELEVATED pairs=28412 evals=1156 1027s
[556913.2] V6_E2_N2880: step 82 ELEVATED pairs=28233 evals=1172 1037s
[556922.5] V6_E2_N2880: step 83 ELEVATED pairs=28134 evals=1188 1046s
[556934.6] V6_E2_N2880: step 84 ELEVATED pairs=28022 evals=1204 1058s
[556943.9] V6_E2_N2880: step 85 ELEVATED pairs=27902 evals=1220 1067s
[556953.4] V6_E2_N2880: step 86 ELEVATED pairs=27782 evals=1236 1077s
[556962.6] V6_E2_N2880: step 87 ELEVATED pairs=27662 evals=1252 1086s
[556971.6] V6_E2_N2880: step 88 ELEVATED pairs=27514 evals=1268 1095s
[556980.9] V6_E2_N2880: step 89 ELEVATED pairs=27394 evals=1284 1104s
[556991.8] V6_E2_N2880: step 90 ELEVATED pairs=27248 evals=1300 1115s
[557003.6] V6_E2_N2880: step 91 ELEVATED pairs=27092 evals=1316 1127s
[557014.2] V6_E2_N2880: step 92 PREFIX_EVALUATED_NO_WINNER_DEFERRED pairs=27092 evals=1332 1138s
[557025.3] V6_E2_N2880: step 93 ELEVATED pairs=26951 evals=1348 1149s
[557035.9] V6_E2_N2880: step 94 PREFIX_EVALUATED_NO_WINNER_DEFERRED pairs=26951 evals=1364 1159s
[557047.4] V6_E2_N2880: step 95 ELEVATED pairs=26895 evals=1380 1171s
[557059.5] V6_E2_N2880: step 96 ELEVATED pairs=26781 evals=1396 1183s
[557074.7] V6_E2_N2880: step 97 ELEVATED pairs=26690 evals=1412 1198s
[557088.5] V6_E2_N2880: step 98 ELEVATED pairs=26525 evals=1428 1212s
[557099.6] V6_E2_N2880: step 99 ELEVATED pairs=26436 evals=1444 1223s
[557113.4] V6_E2_N2880: step 100 ELEVATED pairs=26273 evals=1460 1237s
[557127.1] V6_E2_N2880: step 101 ELEVATED pairs=26112 evals=1476 1251s
[557136.7] V6_E2_N2880: step 102 ELEVATED pairs=26016 evals=1492 1260s
[557154.8] V6_E2_N2880: step 103 ELEVATED pairs=25857 evals=1508 1278s
[557164.9] V6_E2_N2880: step 104 ELEVATED pairs=25803 evals=1524 1288s
[557179.2] V6_E2_N2880: step 105 ELEVATED pairs=25644 evals=1540 1303s
[557192.8] V6_E2_N2880: step 106 ELEVATED pairs=25487 evals=1556 1316s
[557200.3] V6_E2_N2880: step 107 ELEVATED pairs=25361 evals=1572 1324s
[557213.4] V6_E2_N2880: step 108 ELEVATED pairs=25207 evals=1588 1337s
[557224.7] V6_E2_N2880: step 109 ELEVATED pairs=25144 evals=1604 1348s
[557234.1] V6_E2_N2880: step 110 ELEVATED pairs=24969 evals=1620 1358s
[557242.8] V6_E2_N2880: step 111 ELEVATED pairs=24796 evals=1636 1366s
[557254.0] V6_E2_N2880: step 112 ELEVATED pairs=24735 evals=1652 1377s
[557276.8] V6_E2_N2880: step 113 ELEVATED pairs=24607 evals=1668 1400s
[557299.8] V6_E2_N2880: step 114 ELEVATED pairs=24481 evals=1684 1423s
[557311.2] V6_E2_N2880: step 115 ELEVATED pairs=24411 evals=1700 1435s
[557325.6] V6_E2_N2880: step 116 ELEVATED pairs=24317 evals=1709 1449s
[557345.2] V6_E2_N2880: step 117 ELEVATED pairs=24173 evals=1725 1469s
[557355.0] V6_E2_N2880: step 118 ELEVATED pairs=24079 evals=1741 1478s
[557373.9] V6_E2_N2880: step 119 ELEVATED pairs=23935 evals=1757 1497s
[557392.5] V6_E2_N2880: step 120 ELEVATED pairs=23791 evals=1773 1516s
[557401.8] V6_E2_N2880: step 121 ELEVATED pairs=23698 evals=1789 1525s
[557419.8] V6_E2_N2880: step 122 ELEVATED pairs=23554 evals=1805 1543s
[557449.6] V6_E2_N2880: step 123 ELEVATED pairs=23440 evals=1821 1573s
[557464.5] V6_E2_N2880: step 124 ELEVATED pairs=23259 evals=1837 1588s
[557493.9] V6_E2_N2880: step 125 ELEVATED pairs=23145 evals=1853 1617s
[557522.9] V6_E2_N2880: step 126 ELEVATED pairs=23031 evals=1869 1646s
[557540.7] V6_E2_N2880: step 127 ELEVATED pairs=22866 evals=1885 1664s
[557568.8] V6_E2_N2880: step 128 ELEVATED pairs=22752 evals=1901 1692s
[557588.4] V6_E2_N2880: step 129 ELEVATED pairs=22589 evals=1917 1712s
[557610.8] V6_E2_N2880: step 130 ELEVATED pairs=22428 evals=1933 1734s
[557634.9] V6_E2_N2880: step 131 ELEVATED pairs=22269 evals=1949 1758s
[557647.0] V6_E2_N2880: step 132 ELEVATED pairs=22187 evals=1965 1771s
[557657.9] V6_E2_N2880: step 133 ELEVATED pairs=22053 evals=1981 1781s
[557668.7] V6_E2_N2880: step 134 ELEVATED pairs=21921 evals=1997 1792s
[557685.4] V6_E2_N2880: step 135 ELEVATED pairs=21793 evals=2013 1809s
[557695.4] V6_E2_N2880: step 136 ELEVATED pairs=21663 evals=2029 1819s
[557705.2] V6_E2_N2880: step 137 ELEVATED pairs=21599 evals=2045 1829s
[557714.9] V6_E2_N2880: step 138 ELEVATED pairs=21536 evals=2061 1838s
[557724.7] V6_E2_N2880: step 139 ELEVATED pairs=21473 evals=2077 1848s
[557732.7] V6_E2_N2880: step 140 ELEVATED pairs=21404 evals=2093 1856s
[557740.4] V6_E2_N2880: step 141 ELEVATED pairs=21335 evals=2109 1864s
[557748.1] V6_E2_N2880: step 142 ELEVATED pairs=21266 evals=2125 1872s
[557756.0] V6_E2_N2880: step 143 ELEVATED pairs=21197 evals=2141 1880s
[557764.3] V6_E2_N2880: step 144 PREFIX_EVALUATED_NO_WINNER_DEFERRED pairs=21197 evals=2157 1888s
[557783.3] V6_E2_N2880: step 145 ELEVATED pairs=21078 evals=2173 1907s
[557791.4] V6_E2_N2880: step 146 PREFIX_EVALUATED_NO_WINNER_DEFERRED pairs=21078 evals=2189 1915s
[557801.2] V6_E2_N2880: step 147 ELEVATED pairs=21032 evals=2205 1925s
[557809.3] V6_E2_N2880: step 148 PREFIX_EVALUATED_NO_WINNER_DEFERRED pairs=21032 evals=2221 1933s
[557819.2] V6_E2_N2880: step 149 ELEVATED pairs=20986 evals=2237 1943s
[557827.4] V6_E2_N2880: step 150 PREFIX_EVALUATED_NO_WINNER_DEFERRED pairs=20986 evals=2253 1951s
[557835.0] V6_E2_N2880: step 151 ELEVATED pairs=20932 evals=2269 1958s
[557843.1] V6_E2_N2880: step 152 PREFIX_EVALUATED_NO_WINNER_DEFERRED pairs=20932 evals=2285 1967s
[557851.3] V6_E2_N2880: step 153 ELEVATED pairs=20865 evals=2301 1975s
[557859.7] V6_E2_N2880: step 154 PREFIX_EVALUATED_NO_WINNER_DEFERRED pairs=20865 evals=2317 1983s
[557867.6] V6_E2_N2880: step 155 ELEVATED pairs=20798 evals=2333 1991s
[557875.6] V6_E2_N2880: step 156 PREFIX_EVALUATED_NO_WINNER_DEFERRED pairs=20798 evals=2349 1999s
[557882.9] V6_E2_N2880: step 157 ELEVATED pairs=20731 evals=2365 2006s
[557891.1] V6_E2_N2880: step 158 PREFIX_EVALUATED_NO_WINNER_DEFERRED pairs=20731 evals=2381 2015s
[557905.4] V6_E2_N2880: step 159 ELEVATED pairs=20568 evals=2397 2029s
[557913.7] V6_E2_N2880: step 160 PREFIX_EVALUATED_NO_WINNER_DEFERRED pairs=20568 evals=2413 2037s
[557921.0] V6_E2_N2880: step 161 ELEVATED pairs=20508 evals=2429 2044s
[557929.4] V6_E2_N2880: step 162 PREFIX_EVALUATED_NO_WINNER_DEFERRED pairs=20508 evals=2445 2053s
[557936.8] V6_E2_N2880: step 163 ELEVATED pairs=20448 evals=2461 2060s
[557944.9] V6_E2_N2880: step 164 PREFIX_EVALUATED_NO_WINNER_DEFERRED pairs=20448 evals=2477 2068s
[557959.6] V6_E2_N2880: step 165 ELEVATED pairs=20287 evals=2493 2083s
[557967.8] V6_E2_N2880: step 166 PREFIX_EVALUATED_NO_WINNER_DEFERRED pairs=20287 evals=2509 2091s
[557975.4] V6_E2_N2880: step 167 ELEVATED pairs=20221 evals=2525 2099s
[557983.8] V6_E2_N2880: step 168 PREFIX_EVALUATED_NO_WINNER_DEFERRED pairs=20221 evals=2541 2107s
[557998.4] V6_E2_N2880: step 169 ELEVATED pairs=20062 evals=2557 2122s
[558006.9] V6_E2_N2880: step 170 PREFIX_EVALUATED_NO_WINNER_DEFERRED pairs=20062 evals=2573 2130s
[558026.2] V6_E2_N2880: step 171 ELEVATED pairs=19908 evals=2589 2150s
[558038.9] V6_E2_N2880: step 172 ELEVATED pairs=19759 evals=2605 2162s
[558051.8] V6_E2_N2880: step 173 ELEVATED pairs=19612 evals=2621 2175s
[558064.2] V6_E2_N2880: step 174 ELEVATED pairs=19467 evals=2637 2188s
[558076.8] V6_E2_N2880: step 175 ELEVATED pairs=19324 evals=2653 2200s
[558089.4] V6_E2_N2880: step 176 ELEVATED pairs=19185 evals=2669 2213s
[558102.1] V6_E2_N2880: step 177 ELEVATED pairs=19069 evals=2685 2226s
[558116.5] V6_E2_N2880: step 178 ELEVATED pairs=18955 evals=2701 2240s
[558139.9] V6_E2_N2880: step 179 ELEVATED pairs=18864 evals=2717 2263s
[558148.4] V6_E2_N2880: step 180 PREFIX_EVALUATED_NO_WINNER_DEFERRED pairs=18864 evals=2733 2272s
[558169.4] V6_E2_N2880: step 181 ELEVATED pairs=18774 evals=2749 2293s
[558177.7] V6_E2_N2880: step 182 PREFIX_EVALUATED_NO_WINNER_DEFERRED pairs=18774 evals=2765 2301s
[558198.0] V6_E2_N2880: step 183 ELEVATED pairs=18685 evals=2781 2321s
[558206.2] V6_E2_N2880: step 184 PREFIX_EVALUATED_NO_WINNER_DEFERRED pairs=18685 evals=2797 2330s
[558225.1] V6_E2_N2880: step 185 ELEVATED pairs=18596 evals=2813 2349s
[558233.4] V6_E2_N2880: step 186 PREFIX_EVALUATED_NO_WINNER_DEFERRED pairs=18596 evals=2829 2357s
[558252.6] V6_E2_N2880: step 187 ELEVATED pairs=18520 evals=2845 2376s
[558261.0] V6_E2_N2880: step 188 PREFIX_EVALUATED_NO_WINNER_DEFERRED pairs=18520 evals=2861 2384s
[558278.9] V6_E2_N2880: step 189 ELEVATED pairs=18444 evals=2877 2402s
[558280.9] V6_E2_N2880: step 190 ABORTED_CANDIDATE_BUDGET pairs=18444 evals=2880 2404s
[558281.4] V6_E2_N2880: done final=18444 moves=161 first=161 reloc=0 ret=0 evals=2880 stop=CANDIDATE_BUDGET_EXHAUSTED
[558360.8] V6_E2_N2880: recheck PASS checks=130816
GROUP DONE V6_E2_N2880 PASS
