start-state rescan (main) ...
  main PASS pairs=42909 unresolved=3 elevated=24
[558648.2] IDEA_F_R2880: start mode=R budget=2880 spec={"name": "IDEA_F", "target_policy": "LEGACY", "evaluation_policy": "E2_ORDERED_K16", "traversal_policy": "BASE", "max_targets": 200, "k_per_target": 16, "family_round_robin": false, "relocation_side_reserve": 0, "waiting_age": false, "route_coverage": false, "multi_anchor": false, "exact_dedup": true, "decision_cache": false, "return_action": false, "cache_structural_skips": false, "window_slack_mm": 1e-05, "notes": ""}
[558648.2] IDEA_F_R2880: start state=main C:\Users\lihao\Desktop\Graduation Project\OpticalWaveguideRouter3D\outputs\3d_strategy_v3\512_ablation\D_both_enabled pairs=42909
[558656.2] IDEA_F_R2880: INITIAL_DONE pairs=42909
[558656.4] IDEA_F_R2880: step 1 NO_CANDIDATES_GENERATED pairs=42909 evals=0 1s
[558656.7] IDEA_F_R2880: step 2 NO_CANDIDATES_GENERATED pairs=42909 evals=0 1s
[558667.1] IDEA_F_R2880: step 3 ELEVATED pairs=42661 evals=16 11s
[558686.5] IDEA_F_R2880: step 4 ELEVATED pairs=42487 evals=32 31s
[558701.1] IDEA_F_R2880: step 5 ELEVATED pairs=42305 evals=48 45s
[558715.7] IDEA_F_R2880: step 6 ELEVATED pairs=42121 evals=64 60s
[558730.6] IDEA_F_R2880: step 7 ELEVATED pairs=41936 evals=80 75s
[558741.3] IDEA_F_R2880: step 8 ELEVATED pairs=41680 evals=96 85s
[558756.2] IDEA_F_R2880: step 9 ELEVATED pairs=41486 evals=112 100s
[558766.5] IDEA_F_R2880: step 10 ELEVATED pairs=41225 evals=128 111s
[558786.3] IDEA_F_R2880: step 11 ELEVATED pairs=41046 evals=144 130s
[558805.9] IDEA_F_R2880: step 12 ELEVATED pairs=40867 evals=160 150s
[558815.3] IDEA_F_R2880: step 13 ELEVATED pairs=40628 evals=176 159s
[558828.0] IDEA_F_R2880: step 14 ELEVATED pairs=40377 evals=192 172s
[558837.1] IDEA_F_R2880: step 15 ELEVATED pairs=40136 evals=208 181s
[558849.9] IDEA_F_R2880: step 16 ELEVATED pairs=39887 evals=224 194s
[558863.4] IDEA_F_R2880: step 17 ELEVATED pairs=39640 evals=240 208s
[558876.3] IDEA_F_R2880: step 18 ELEVATED pairs=39399 evals=256 220s
[558890.3] IDEA_F_R2880: step 19 ELEVATED pairs=39175 evals=272 234s
[558903.3] IDEA_F_R2880: step 20 ELEVATED pairs=38969 evals=288 247s
[558920.3] IDEA_F_R2880: step 21 ELEVATED pairs=38811 evals=304 264s
[558933.3] IDEA_F_R2880: step 22 ELEVATED pairs=38668 evals=320 277s
[558945.9] IDEA_F_R2880: step 23 ELEVATED pairs=38466 evals=336 290s
[558958.2] IDEA_F_R2880: step 24 ELEVATED pairs=38332 evals=352 302s
[558968.4] IDEA_F_R2880: step 25 ELEVATED pairs=38108 evals=368 312s
[558981.2] IDEA_F_R2880: step 26 ELEVATED pairs=37974 evals=384 325s
[558991.6] IDEA_F_R2880: step 27 ELEVATED pairs=37771 evals=400 336s
[559002.0] IDEA_F_R2880: step 28 ELEVATED pairs=37568 evals=416 346s
[559010.9] IDEA_F_R2880: step 29 ELEVATED pairs=37338 evals=432 355s
[559019.6] IDEA_F_R2880: step 30 ELEVATED pairs=37110 evals=448 364s
[559031.4] IDEA_F_R2880: step 31 ELEVATED pairs=36910 evals=464 376s
[559040.2] IDEA_F_R2880: step 32 ELEVATED pairs=36684 evals=480 384s
[559051.6] IDEA_F_R2880: step 33 ELEVATED pairs=36466 evals=496 396s
[559063.0] IDEA_F_R2880: step 34 ELEVATED pairs=36269 evals=512 407s
[559082.8] IDEA_F_R2880: step 35 ELEVATED pairs=36073 evals=528 427s
[559096.9] IDEA_F_R2880: step 36 ELEVATED pairs=35887 evals=544 441s
[559108.4] IDEA_F_R2880: step 37 ELEVATED pairs=35774 evals=560 453s
[559121.2] IDEA_F_R2880: step 38 ELEVATED pairs=35543 evals=576 465s
[559131.9] IDEA_F_R2880: step 39 ELEVATED pairs=35343 evals=592 476s
[559144.6] IDEA_F_R2880: step 40 ELEVATED pairs=35138 evals=608 489s
[559144.9] IDEA_F_R2880: step 41 NO_CANDIDATES_GENERATED pairs=35138 evals=608 489s
[559145.1] IDEA_F_R2880: step 42 NO_CANDIDATES_GENERATED pairs=35138 evals=608 489s
[559158.4] IDEA_F_R2880: step 43 ELEVATED pairs=34935 evals=624 502s
[559172.0] IDEA_F_R2880: step 44 ELEVATED pairs=34734 evals=640 516s
[559181.8] IDEA_F_R2880: step 45 ELEVATED pairs=34539 evals=656 526s
[559196.9] IDEA_F_R2880: step 46 ELEVATED pairs=34340 evals=672 541s
[559211.9] IDEA_F_R2880: step 47 ELEVATED pairs=34143 evals=688 556s
[559226.2] IDEA_F_R2880: step 48 ELEVATED pairs=33933 evals=704 570s
[559243.4] IDEA_F_R2880: step 49 ELEVATED pairs=33738 evals=720 588s
[559257.3] IDEA_F_R2880: step 50 ELEVATED pairs=33530 evals=736 601s
[559269.1] IDEA_F_R2880: step 51 ELEVATED pairs=33326 evals=752 613s
[559286.5] IDEA_F_R2880: step 52 ELEVATED pairs=33133 evals=768 631s
[559300.0] IDEA_F_R2880: step 53 ELEVATED pairs=32926 evals=784 644s
[559317.7] IDEA_F_R2880: step 54 ELEVATED pairs=32735 evals=800 662s
[559330.2] IDEA_F_R2880: step 55 ELEVATED pairs=32530 evals=816 674s
[559346.8] IDEA_F_R2880: step 56 ELEVATED pairs=32341 evals=832 691s
[559359.1] IDEA_F_R2880: step 57 ELEVATED pairs=32137 evals=848 703s
[559376.2] IDEA_F_R2880: step 58 ELEVATED pairs=31950 evals=864 720s
[559384.2] IDEA_F_R2880: step 59 ELEVATED pairs=31792 evals=880 728s
[559396.4] IDEA_F_R2880: step 60 ELEVATED pairs=31590 evals=896 741s
[559408.6] IDEA_F_R2880: step 61 ELEVATED pairs=31389 evals=912 753s
[559419.5] IDEA_F_R2880: step 62 ELEVATED pairs=31226 evals=928 764s
[559439.3] IDEA_F_R2880: step 63 ELEVATED pairs=31027 evals=944 783s
[559459.9] IDEA_F_R2880: step 64 ELEVATED pairs=30829 evals=960 804s
[559460.4] IDEA_F_R2880: step 65 NO_CANDIDATES_GENERATED pairs=30829 evals=960 804s
[559461.4] IDEA_F_R2880: step 66 NO_CANDIDATES_GENERATED pairs=30829 evals=960 805s
[559462.4] IDEA_F_R2880: step 67 NO_CANDIDATES_GENERATED pairs=30829 evals=960 806s
[559483.2] IDEA_F_R2880: step 68 ELEVATED pairs=30633 evals=976 827s
[559497.6] IDEA_F_R2880: step 69 ELEVATED pairs=30481 evals=992 842s
[559512.1] IDEA_F_R2880: step 70 ELEVATED pairs=30367 evals=1008 856s
[559532.7] IDEA_F_R2880: step 71 ELEVATED pairs=30214 evals=1024 877s
[559545.7] IDEA_F_R2880: step 72 ELEVATED pairs=30030 evals=1033 890s
[559565.3] IDEA_F_R2880: step 73 ELEVATED pairs=29879 evals=1049 909s
[559575.9] IDEA_F_R2880: step 74 ELEVATED pairs=29697 evals=1058 920s
[559593.0] IDEA_F_R2880: step 75 ELEVATED pairs=29548 evals=1074 937s
[559606.1] IDEA_F_R2880: step 76 ELEVATED pairs=29368 evals=1083 950s
[559619.3] IDEA_F_R2880: step 77 ELEVATED pairs=29190 evals=1092 963s
[559656.4] IDEA_F_R2880: step 78 ELEVATED pairs=28961 evals=1108 1000s
[559677.0] IDEA_F_R2880: step 79 ELEVATED pairs=28776 evals=1124 1021s
[559690.8] IDEA_F_R2880: step 80 ELEVATED pairs=28593 evals=1140 1035s
[559702.7] IDEA_F_R2880: step 81 ELEVATED pairs=28412 evals=1156 1047s
[559715.6] IDEA_F_R2880: step 82 ELEVATED pairs=28233 evals=1172 1060s
[559728.6] IDEA_F_R2880: step 83 ELEVATED pairs=28134 evals=1188 1073s
[559745.6] IDEA_F_R2880: step 84 ELEVATED pairs=28022 evals=1204 1090s
[559758.2] IDEA_F_R2880: step 85 ELEVATED pairs=27902 evals=1220 1102s
[559774.6] IDEA_F_R2880: step 86 ELEVATED pairs=27782 evals=1236 1119s
[559786.7] IDEA_F_R2880: step 87 ELEVATED pairs=27662 evals=1252 1131s
[559800.7] IDEA_F_R2880: step 88 ELEVATED pairs=27514 evals=1268 1145s
[559813.6] IDEA_F_R2880: step 89 ELEVATED pairs=27394 evals=1284 1158s
[559825.2] IDEA_F_R2880: step 90 ELEVATED pairs=27248 evals=1300 1169s
[559841.3] IDEA_F_R2880: step 91 ELEVATED pairs=27092 evals=1316 1185s
[559858.4] IDEA_F_R2880: step 92 PREFIX_EVALUATED_NO_WINNER_DEFERRED pairs=27092 evals=1332 1202s
[559872.6] IDEA_F_R2880: step 93 ELEVATED pairs=26951 evals=1348 1217s
[559886.5] IDEA_F_R2880: step 94 PREFIX_EVALUATED_NO_WINNER_DEFERRED pairs=26951 evals=1364 1231s
[559901.2] IDEA_F_R2880: step 95 ELEVATED pairs=26895 evals=1380 1245s
[559921.0] IDEA_F_R2880: step 96 ELEVATED pairs=26781 evals=1396 1265s
[559941.1] IDEA_F_R2880: step 97 ELEVATED pairs=26690 evals=1412 1285s
[559957.4] IDEA_F_R2880: step 98 ELEVATED pairs=26525 evals=1428 1302s
[559975.3] IDEA_F_R2880: step 99 ELEVATED pairs=26436 evals=1444 1319s
[559997.3] IDEA_F_R2880: step 100 ELEVATED pairs=26273 evals=1460 1341s
[560019.9] IDEA_F_R2880: step 101 ELEVATED pairs=26112 evals=1476 1364s
[560033.8] IDEA_F_R2880: step 102 ELEVATED pairs=26016 evals=1492 1378s
[560055.9] IDEA_F_R2880: step 103 ELEVATED pairs=25857 evals=1508 1400s
[560070.0] IDEA_F_R2880: step 104 ELEVATED pairs=25803 evals=1524 1414s
[560095.8] IDEA_F_R2880: step 105 ELEVATED pairs=25644 evals=1540 1440s
[560113.7] IDEA_F_R2880: step 106 ELEVATED pairs=25487 evals=1556 1458s
[560124.1] IDEA_F_R2880: step 107 ELEVATED pairs=25361 evals=1572 1468s
[560140.5] IDEA_F_R2880: step 108 ELEVATED pairs=25207 evals=1588 1485s
[560155.2] IDEA_F_R2880: step 109 ELEVATED pairs=25144 evals=1604 1499s
[560166.4] IDEA_F_R2880: step 110 ELEVATED pairs=24969 evals=1620 1511s
[560176.0] IDEA_F_R2880: step 111 ELEVATED pairs=24796 evals=1636 1520s
[560190.8] IDEA_F_R2880: step 112 ELEVATED pairs=24735 evals=1652 1535s
[560217.3] IDEA_F_R2880: step 113 ELEVATED pairs=24607 evals=1668 1561s
[560244.5] IDEA_F_R2880: step 114 ELEVATED pairs=24481 evals=1684 1589s
[560259.1] IDEA_F_R2880: step 115 ELEVATED pairs=24411 evals=1700 1603s
[560277.2] IDEA_F_R2880: step 116 ELEVATED pairs=24317 evals=1709 1621s
[560302.4] IDEA_F_R2880: step 117 ELEVATED pairs=24173 evals=1725 1646s
[560314.1] IDEA_F_R2880: step 118 ELEVATED pairs=24079 evals=1741 1658s
[560337.4] IDEA_F_R2880: step 119 ELEVATED pairs=23935 evals=1757 1681s
[560359.0] IDEA_F_R2880: step 120 ELEVATED pairs=23791 evals=1773 1703s
[560369.6] IDEA_F_R2880: step 121 ELEVATED pairs=23698 evals=1789 1714s
[560390.1] IDEA_F_R2880: step 122 ELEVATED pairs=23554 evals=1805 1734s
[560423.1] IDEA_F_R2880: step 123 ELEVATED pairs=23440 evals=1821 1767s
[560439.3] IDEA_F_R2880: step 124 ELEVATED pairs=23259 evals=1837 1783s
[560470.9] IDEA_F_R2880: step 125 ELEVATED pairs=23145 evals=1853 1815s
[560503.0] IDEA_F_R2880: step 126 ELEVATED pairs=23031 evals=1869 1847s
[560522.9] IDEA_F_R2880: step 127 ELEVATED pairs=22866 evals=1885 1867s
[560552.6] IDEA_F_R2880: step 128 ELEVATED pairs=22752 evals=1901 1897s
[560572.7] IDEA_F_R2880: step 129 ELEVATED pairs=22589 evals=1917 1917s
[560595.6] IDEA_F_R2880: step 130 ELEVATED pairs=22428 evals=1933 1940s
[560620.0] IDEA_F_R2880: step 131 ELEVATED pairs=22269 evals=1949 1964s
[560631.9] IDEA_F_R2880: step 132 ELEVATED pairs=22187 evals=1965 1976s
[560642.9] IDEA_F_R2880: step 133 ELEVATED pairs=22053 evals=1981 1987s
[560653.8] IDEA_F_R2880: step 134 ELEVATED pairs=21921 evals=1997 1998s
[560671.3] IDEA_F_R2880: step 135 ELEVATED pairs=21793 evals=2013 2015s
[560682.1] IDEA_F_R2880: step 136 ELEVATED pairs=21663 evals=2029 2026s
[560692.6] IDEA_F_R2880: step 137 ELEVATED pairs=21599 evals=2045 2037s
[560703.3] IDEA_F_R2880: step 138 ELEVATED pairs=21536 evals=2061 2047s
[560713.7] IDEA_F_R2880: step 139 ELEVATED pairs=21473 evals=2077 2058s
[560722.4] IDEA_F_R2880: step 140 ELEVATED pairs=21404 evals=2093 2067s
[560731.3] IDEA_F_R2880: step 141 ELEVATED pairs=21335 evals=2109 2075s
[560740.6] IDEA_F_R2880: step 142 ELEVATED pairs=21266 evals=2125 2085s
[560749.8] IDEA_F_R2880: step 143 ELEVATED pairs=21197 evals=2141 2094s
[560759.1] IDEA_F_R2880: step 144 PREFIX_EVALUATED_NO_WINNER_DEFERRED pairs=21197 evals=2157 2103s
[560780.9] IDEA_F_R2880: step 145 ELEVATED pairs=21078 evals=2173 2125s
[560790.3] IDEA_F_R2880: step 146 PREFIX_EVALUATED_NO_WINNER_DEFERRED pairs=21078 evals=2189 2134s
[560801.5] IDEA_F_R2880: step 147 ELEVATED pairs=21032 evals=2205 2146s
[560811.0] IDEA_F_R2880: step 148 PREFIX_EVALUATED_NO_WINNER_DEFERRED pairs=21032 evals=2221 2155s
[560822.5] IDEA_F_R2880: step 149 ELEVATED pairs=20986 evals=2237 2167s
[560832.1] IDEA_F_R2880: step 150 PREFIX_EVALUATED_NO_WINNER_DEFERRED pairs=20986 evals=2253 2176s
[560840.9] IDEA_F_R2880: step 151 ELEVATED pairs=20932 evals=2269 2185s
[560850.3] IDEA_F_R2880: step 152 PREFIX_EVALUATED_NO_WINNER_DEFERRED pairs=20932 evals=2285 2194s
[560859.4] IDEA_F_R2880: step 153 ELEVATED pairs=20865 evals=2301 2204s
[560868.8] IDEA_F_R2880: step 154 PREFIX_EVALUATED_NO_WINNER_DEFERRED pairs=20865 evals=2317 2213s
[560878.0] IDEA_F_R2880: step 155 ELEVATED pairs=20798 evals=2333 2222s
[560887.3] IDEA_F_R2880: step 156 PREFIX_EVALUATED_NO_WINNER_DEFERRED pairs=20798 evals=2349 2231s
[560896.2] IDEA_F_R2880: step 157 ELEVATED pairs=20731 evals=2365 2240s
[560905.9] IDEA_F_R2880: step 158 PREFIX_EVALUATED_NO_WINNER_DEFERRED pairs=20731 evals=2381 2250s
[560922.8] IDEA_F_R2880: step 159 ELEVATED pairs=20568 evals=2397 2267s
[560932.2] IDEA_F_R2880: step 160 PREFIX_EVALUATED_NO_WINNER_DEFERRED pairs=20568 evals=2413 2276s
[560940.3] IDEA_F_R2880: step 161 ELEVATED pairs=20508 evals=2429 2284s
[560949.5] IDEA_F_R2880: step 162 PREFIX_EVALUATED_NO_WINNER_DEFERRED pairs=20508 evals=2445 2294s
[560957.1] IDEA_F_R2880: step 163 ELEVATED pairs=20448 evals=2461 2301s
[560965.7] IDEA_F_R2880: step 164 PREFIX_EVALUATED_NO_WINNER_DEFERRED pairs=20448 evals=2477 2310s
[560980.7] IDEA_F_R2880: step 165 ELEVATED pairs=20287 evals=2493 2325s
[560988.8] IDEA_F_R2880: step 166 PREFIX_EVALUATED_NO_WINNER_DEFERRED pairs=20287 evals=2509 2333s
[560996.5] IDEA_F_R2880: step 167 ELEVATED pairs=20221 evals=2525 2341s
[561004.7] IDEA_F_R2880: step 168 PREFIX_EVALUATED_NO_WINNER_DEFERRED pairs=20221 evals=2541 2349s
[561020.7] IDEA_F_R2880: step 169 ELEVATED pairs=20062 evals=2557 2365s
[561030.9] IDEA_F_R2880: step 170 PREFIX_EVALUATED_NO_WINNER_DEFERRED pairs=20062 evals=2573 2375s
[561042.7] IDEA_F_R2880: step 171 PREFIX_EVALUATED_NO_WINNER_DEFERRED pairs=20062 evals=2589 2387s
[561058.2] IDEA_F_R2880: step 172 ELEVATED pairs=19997 evals=2598 2402s
[561068.0] IDEA_F_R2880: step 173 PREFIX_EVALUATED_NO_WINNER_DEFERRED pairs=19997 evals=2614 2412s
[561079.9] IDEA_F_R2880: step 174 PREFIX_EVALUATED_NO_WINNER_DEFERRED pairs=19997 evals=2630 2424s
[561095.2] IDEA_F_R2880: step 175 ELEVATED pairs=19848 evals=2646 2439s
[561105.2] IDEA_F_R2880: step 176 PREFIX_EVALUATED_NO_WINNER_DEFERRED pairs=19848 evals=2662 2449s
[561116.9] IDEA_F_R2880: step 177 PREFIX_EVALUATED_NO_WINNER_DEFERRED pairs=19848 evals=2678 2461s
[561127.3] IDEA_F_R2880: step 178 ELEVATED pairs=19770 evals=2694 2471s
[561137.2] IDEA_F_R2880: step 179 PREFIX_EVALUATED_NO_WINNER_DEFERRED pairs=19770 evals=2710 2481s
[561149.0] IDEA_F_R2880: step 180 PREFIX_EVALUATED_NO_WINNER_DEFERRED pairs=19770 evals=2726 2493s
[561163.8] IDEA_F_R2880: step 181 ELEVATED pairs=19623 evals=2742 2508s
[561173.3] IDEA_F_R2880: step 182 PREFIX_EVALUATED_NO_WINNER_DEFERRED pairs=19623 evals=2758 2517s
[561185.0] IDEA_F_R2880: step 183 PREFIX_EVALUATED_NO_WINNER_DEFERRED pairs=19623 evals=2774 2529s
[561199.8] IDEA_F_R2880: step 184 ELEVATED pairs=19478 evals=2790 2544s
[561209.6] IDEA_F_R2880: step 185 PREFIX_EVALUATED_NO_WINNER_DEFERRED pairs=19478 evals=2806 2554s
[561221.6] IDEA_F_R2880: step 186 PREFIX_EVALUATED_NO_WINNER_DEFERRED pairs=19478 evals=2822 2566s
[561236.5] IDEA_F_R2880: step 187 ELEVATED pairs=19335 evals=2838 2581s
[561246.3] IDEA_F_R2880: step 188 PREFIX_EVALUATED_NO_WINNER_DEFERRED pairs=19335 evals=2854 2590s
[561257.8] IDEA_F_R2880: step 189 PREFIX_EVALUATED_NO_WINNER_DEFERRED pairs=19335 evals=2870 2602s
[561263.5] IDEA_F_R2880: step 190 ELEVATED pairs=19233 evals=2880 2608s
[561264.1] IDEA_F_R2880: done final=19233 moves=154 first=154 reloc=0 ret=0 evals=2880 stop=CANDIDATE_BUDGET_EXHAUSTED
[561369.4] IDEA_F_R2880: recheck PASS checks=130816
GROUP DONE IDEA_F_R2880 PASS
