start-state rescan (challenge) ...
  challenge PASS pairs=30999 unresolved=3 elevated=77
[553086.0] V5_STRATIFIED_RC2880: start mode=R budget=2880 spec={"name": "V5_STRATIFIED", "target_policy": "STRATIFIED", "evaluation_policy": "E0_EXHAUSTIVE", "traversal_policy": "BASE", "max_targets": 200, "k_per_target": 16, "family_round_robin": false, "relocation_side_reserve": 0, "waiting_age": false, "route_coverage": false, "multi_anchor": false, "exact_dedup": false, "decision_cache": false, "return_action": false, "cache_structural_skips": false, "window_slack_mm": 1e-05, "notes": ""}
[553086.0] V5_STRATIFIED_RC2880: start state=challenge C:\Users\lihao\Desktop\Graduation Project\OpticalWaveguideRouter3D\outputs\3d_strategy_v4\512_full_layout\N2880 pairs=30999
[553092.3] V5_STRATIFIED_RC2880: INITIAL_DONE pairs=30999
[553092.7] V5_STRATIFIED_RC2880: step 1 NO_CANDIDATES_GENERATED pairs=30999 evals=0 1s
[553093.3] V5_STRATIFIED_RC2880: step 2 NO_CANDIDATES_GENERATED pairs=30999 evals=0 1s
[553093.5] V5_STRATIFIED_RC2880: step 3 NO_CANDIDATES_GENERATED pairs=30999 evals=0 1s
[553093.8] V5_STRATIFIED_RC2880: step 4 NO_CANDIDATES_GENERATED pairs=30999 evals=0 2s
[553154.4] V5_STRATIFIED_RC2880: step 5 RELOCATED pairs=30987 evals=72 62s
[553154.7] V5_STRATIFIED_RC2880: step 6 NO_CANDIDATES_GENERATED pairs=30987 evals=72 63s
[553155.2] V5_STRATIFIED_RC2880: step 7 NO_CANDIDATES_GENERATED pairs=30987 evals=72 63s
[553156.0] V5_STRATIFIED_RC2880: step 8 NO_CANDIDATES_GENERATED pairs=30987 evals=72 64s
[553156.3] V5_STRATIFIED_RC2880: step 9 NO_CANDIDATES_GENERATED pairs=30987 evals=72 64s
[553156.7] V5_STRATIFIED_RC2880: step 10 NO_CANDIDATES_GENERATED pairs=30987 evals=72 65s
[553228.9] V5_STRATIFIED_RC2880: step 11 RELOCATED pairs=30980 evals=144 137s
[553229.3] V5_STRATIFIED_RC2880: step 12 NO_CANDIDATES_GENERATED pairs=30980 evals=144 137s
[553229.8] V5_STRATIFIED_RC2880: step 13 NO_CANDIDATES_GENERATED pairs=30980 evals=144 138s
[553297.0] V5_STRATIFIED_RC2880: step 14 ALL_CANDIDATES_REJECTED pairs=30980 evals=216 205s
[553297.4] V5_STRATIFIED_RC2880: step 15 NO_CANDIDATES_GENERATED pairs=30980 evals=216 205s
[553297.8] V5_STRATIFIED_RC2880: step 16 NO_CANDIDATES_GENERATED pairs=30980 evals=216 206s
[553366.8] V5_STRATIFIED_RC2880: step 17 ALL_CANDIDATES_REJECTED pairs=30980 evals=288 275s
[553367.2] V5_STRATIFIED_RC2880: step 18 NO_CANDIDATES_GENERATED pairs=30980 evals=288 275s
[553367.7] V5_STRATIFIED_RC2880: step 19 NO_CANDIDATES_GENERATED pairs=30980 evals=288 276s
[553443.8] V5_STRATIFIED_RC2880: step 20 ALL_CANDIDATES_REJECTED pairs=30980 evals=360 352s
[553483.6] V5_STRATIFIED_RC2880: step 21 ELEVATED pairs=30785 evals=414 392s
[553484.3] V5_STRATIFIED_RC2880: step 22 NO_CANDIDATES_GENERATED pairs=30785 evals=414 392s
[553553.5] V5_STRATIFIED_RC2880: step 23 ALL_CANDIDATES_REJECTED pairs=30785 evals=486 461s
[553593.9] V5_STRATIFIED_RC2880: step 24 ELEVATED pairs=30591 evals=540 502s
[553594.5] V5_STRATIFIED_RC2880: step 25 NO_CANDIDATES_GENERATED pairs=30591 evals=540 502s
[553658.7] V5_STRATIFIED_RC2880: step 26 ALL_CANDIDATES_REJECTED pairs=30591 evals=612 567s
[553714.2] V5_STRATIFIED_RC2880: step 27 ELEVATED pairs=30395 evals=684 622s
[553714.7] V5_STRATIFIED_RC2880: step 28 NO_CANDIDATES_GENERATED pairs=30395 evals=684 623s
[553774.9] V5_STRATIFIED_RC2880: step 29 ALL_CANDIDATES_REJECTED pairs=30395 evals=756 683s
[553828.0] V5_STRATIFIED_RC2880: step 30 ELEVATED pairs=30201 evals=828 736s
[553828.4] V5_STRATIFIED_RC2880: step 31 NO_CANDIDATES_GENERATED pairs=30201 evals=828 736s
[553885.0] V5_STRATIFIED_RC2880: step 32 ALL_CANDIDATES_REJECTED pairs=30201 evals=900 793s
[553885.5] V5_STRATIFIED_RC2880: step 33 NO_CANDIDATES_GENERATED pairs=30201 evals=900 793s
[553885.9] V5_STRATIFIED_RC2880: step 34 NO_CANDIDATES_GENERATED pairs=30201 evals=900 794s
[553942.7] V5_STRATIFIED_RC2880: step 35 ALL_CANDIDATES_REJECTED pairs=30201 evals=972 851s
[553958.4] V5_STRATIFIED_RC2880: step 36 ELEVATED pairs=30010 evals=990 866s
[553959.1] V5_STRATIFIED_RC2880: step 37 NO_CANDIDATES_GENERATED pairs=30010 evals=990 867s
[554011.5] V5_STRATIFIED_RC2880: step 38 ALL_CANDIDATES_REJECTED pairs=30010 evals=1062 919s
[554029.1] V5_STRATIFIED_RC2880: step 39 ELEVATED pairs=29821 evals=1080 937s
[554029.8] V5_STRATIFIED_RC2880: step 40 NO_CANDIDATES_GENERATED pairs=29821 evals=1080 938s
[554086.8] V5_STRATIFIED_RC2880: step 41 ALL_CANDIDATES_REJECTED pairs=29821 evals=1152 995s
[554106.4] V5_STRATIFIED_RC2880: step 42 ELEVATED pairs=29634 evals=1170 1014s
[554107.0] V5_STRATIFIED_RC2880: step 43 NO_CANDIDATES_GENERATED pairs=29634 evals=1170 1015s
[554159.1] V5_STRATIFIED_RC2880: step 44 ALL_CANDIDATES_REJECTED pairs=29634 evals=1242 1067s
[554206.7] V5_STRATIFIED_RC2880: step 45 ELEVATED pairs=29437 evals=1296 1115s
[554207.3] V5_STRATIFIED_RC2880: step 46 NO_CANDIDATES_GENERATED pairs=29437 evals=1296 1115s
[554264.3] V5_STRATIFIED_RC2880: step 47 ALL_CANDIDATES_REJECTED pairs=29437 evals=1368 1172s
[554282.6] V5_STRATIFIED_RC2880: step 48 ELEVATED pairs=29252 evals=1386 1190s
[554312.4] V5_STRATIFIED_RC2880: step 49 ELEVATED pairs=29063 evals=1440 1220s
[554384.8] V5_STRATIFIED_RC2880: step 50 ALL_CANDIDATES_REJECTED pairs=29063 evals=1512 1293s
[554451.8] V5_STRATIFIED_RC2880: step 51 ELEVATED pairs=28868 evals=1566 1360s
[554466.9] V5_STRATIFIED_RC2880: step 52 ELEVATED pairs=28682 evals=1584 1375s
[554545.5] V5_STRATIFIED_RC2880: step 53 ALL_CANDIDATES_REJECTED pairs=28682 evals=1656 1453s
[554606.7] V5_STRATIFIED_RC2880: step 54 ELEVATED pairs=28487 evals=1710 1515s
[554620.9] V5_STRATIFIED_RC2880: step 55 ELEVATED pairs=28303 evals=1728 1529s
[554695.7] V5_STRATIFIED_RC2880: step 56 ALL_CANDIDATES_REJECTED pairs=28303 evals=1800 1604s
[554739.8] V5_STRATIFIED_RC2880: step 57 ELEVATED pairs=28128 evals=1836 1648s
[554753.6] V5_STRATIFIED_RC2880: step 58 ELEVATED pairs=27946 evals=1854 1662s
[554830.6] V5_STRATIFIED_RC2880: step 59 ALL_CANDIDATES_REJECTED pairs=27946 evals=1926 1738s
[554879.2] V5_STRATIFIED_RC2880: step 60 ELEVATED pairs=27773 evals=1962 1787s
[554893.2] V5_STRATIFIED_RC2880: step 61 ELEVATED pairs=27593 evals=1980 1801s
[554997.2] V5_STRATIFIED_RC2880: step 62 RELOCATED pairs=27586 evals=2052 1905s
[555060.7] V5_STRATIFIED_RC2880: step 63 ELEVATED pairs=27406 evals=2106 1969s
[555120.0] V5_STRATIFIED_RC2880: step 64 ELEVATED pairs=27250 evals=2160 2028s
[555191.8] V5_STRATIFIED_RC2880: step 65 ALL_CANDIDATES_REJECTED pairs=27250 evals=2232 2100s
[555254.7] V5_STRATIFIED_RC2880: step 66 ELEVATED pairs=27072 evals=2286 2163s
[555272.4] V5_STRATIFIED_RC2880: step 67 ELEVATED pairs=26957 evals=2295 2180s
[555273.1] V5_STRATIFIED_RC2880: step 68 NO_CANDIDATES_GENERATED pairs=26957 evals=2295 2181s
[555331.6] V5_STRATIFIED_RC2880: step 69 ELEVATED pairs=26781 evals=2349 2240s
[555359.6] V5_STRATIFIED_RC2880: step 70 ELEVATED pairs=26640 evals=2376 2268s
[555426.8] V5_STRATIFIED_RC2880: step 71 ALL_CANDIDATES_REJECTED pairs=26640 evals=2448 2335s
[555436.0] V5_STRATIFIED_RC2880: step 72 ELEVATED pairs=26472 evals=2457 2344s
[555494.7] V5_STRATIFIED_RC2880: step 73 ELEVATED pairs=26326 evals=2511 2403s
[555563.3] V5_STRATIFIED_RC2880: step 74 ALL_CANDIDATES_REJECTED pairs=26326 evals=2583 2471s
[555572.4] V5_STRATIFIED_RC2880: step 75 ELEVATED pairs=26160 evals=2592 2480s
[555626.6] V5_STRATIFIED_RC2880: step 76 ELEVATED pairs=26016 evals=2646 2534s
[555688.9] V5_STRATIFIED_RC2880: step 77 ALL_CANDIDATES_REJECTED pairs=26016 evals=2718 2597s
[555697.4] V5_STRATIFIED_RC2880: step 78 ELEVATED pairs=25852 evals=2727 2605s
[555750.6] V5_STRATIFIED_RC2880: step 79 ELEVATED pairs=25710 evals=2781 2658s
[555798.8] V5_STRATIFIED_RC2880: step 80 ALL_CANDIDATES_REJECTED pairs=25710 evals=2853 2707s
[555799.1] V5_STRATIFIED_RC2880: step 81 NO_CANDIDATES_GENERATED pairs=25710 evals=2853 2707s
[555813.6] V5_STRATIFIED_RC2880: step 82 ELEVATED pairs=25563 evals=2880 2722s
[555814.5] V5_STRATIFIED_RC2880: step 83 ABORTED_CANDIDATE_BUDGET pairs=25563 evals=2880 2722s
[555815.0] V5_STRATIFIED_RC2880: done final=25563 moves=34 first=31 reloc=3 ret=0 evals=2880 stop=CANDIDATE_BUDGET_EXHAUSTED
[555904.8] V5_STRATIFIED_RC2880: recheck PASS checks=130816
GROUP DONE V5_STRATIFIED_RC2880 PASS
