start-state rescan (main) ...
  main PASS pairs=42909 unresolved=3 elevated=24
[558647.3] IDEA_A_FAMILY_R1440: start mode=R budget=1440 spec={"name": "IDEA_A_FAMILY", "target_policy": "LEGACY", "evaluation_policy": "E2_ORDERED_K16", "traversal_policy": "BASE", "max_targets": 200, "k_per_target": 16, "family_round_robin": true, "relocation_side_reserve": 0, "waiting_age": false, "route_coverage": false, "multi_anchor": false, "exact_dedup": false, "decision_cache": false, "return_action": false, "cache_structural_skips": false, "window_slack_mm": 1e-05, "notes": ""}
[558647.3] IDEA_A_FAMILY_R1440: start state=main C:\Users\lihao\Desktop\Graduation Project\OpticalWaveguideRouter3D\outputs\3d_strategy_v3\512_ablation\D_both_enabled pairs=42909
[558655.1] IDEA_A_FAMILY_R1440: INITIAL_DONE pairs=42909
[558655.3] IDEA_A_FAMILY_R1440: step 1 NO_CANDIDATES_GENERATED pairs=42909 evals=0 0s
[558655.7] IDEA_A_FAMILY_R1440: step 2 NO_CANDIDATES_GENERATED pairs=42909 evals=0 1s
[558669.3] IDEA_A_FAMILY_R1440: step 3 ELEVATED pairs=42653 evals=16 14s
[558688.6] IDEA_A_FAMILY_R1440: step 4 ELEVATED pairs=42440 evals=32 34s
[558706.6] IDEA_A_FAMILY_R1440: step 5 ELEVATED pairs=42218 evals=48 52s
[558724.0] IDEA_A_FAMILY_R1440: step 6 ELEVATED pairs=41998 evals=64 69s
[558739.4] IDEA_A_FAMILY_R1440: step 7 ELEVATED pairs=41742 evals=80 85s
[558757.2] IDEA_A_FAMILY_R1440: step 8 ELEVATED pairs=41524 evals=96 102s
[558770.1] IDEA_A_FAMILY_R1440: step 9 ELEVATED pairs=41274 evals=112 115s
[558783.5] IDEA_A_FAMILY_R1440: step 10 ELEVATED pairs=41024 evals=128 129s
[558796.1] IDEA_A_FAMILY_R1440: step 11 ELEVATED pairs=40772 evals=144 141s
[558809.1] IDEA_A_FAMILY_R1440: step 12 ELEVATED pairs=40524 evals=160 154s
[558826.8] IDEA_A_FAMILY_R1440: step 13 ELEVATED pairs=40314 evals=176 172s
[558839.2] IDEA_A_FAMILY_R1440: step 14 ELEVATED pairs=40068 evals=192 184s
[558861.8] IDEA_A_FAMILY_R1440: step 15 ELEVATED pairs=39859 evals=208 207s
[558885.3] IDEA_A_FAMILY_R1440: step 16 ELEVATED pairs=39652 evals=224 230s
[558901.9] IDEA_A_FAMILY_R1440: step 17 ELEVATED pairs=39463 evals=240 247s
[558912.6] IDEA_A_FAMILY_R1440: step 18 ELEVATED pairs=39221 evals=256 258s
[558926.4] IDEA_A_FAMILY_R1440: step 19 ELEVATED pairs=38991 evals=272 272s
[558942.9] IDEA_A_FAMILY_R1440: step 20 ELEVATED pairs=38838 evals=288 288s
[558956.2] IDEA_A_FAMILY_R1440: step 21 ELEVATED pairs=38599 evals=304 301s
[558968.4] IDEA_A_FAMILY_R1440: step 22 ELEVATED pairs=38376 evals=320 314s
[558977.7] IDEA_A_FAMILY_R1440: step 23 ELEVATED pairs=38148 evals=336 323s
[558995.1] IDEA_A_FAMILY_R1440: step 24 ELEVATED pairs=37927 evals=352 340s
[559004.3] IDEA_A_FAMILY_R1440: step 25 ELEVATED pairs=37701 evals=368 349s
[559013.5] IDEA_A_FAMILY_R1440: step 26 ELEVATED pairs=37476 evals=384 359s
[559034.1] IDEA_A_FAMILY_R1440: step 27 ELEVATED pairs=37285 evals=400 379s
[559051.9] IDEA_A_FAMILY_R1440: step 28 ELEVATED pairs=37126 evals=416 397s
[559068.3] IDEA_A_FAMILY_R1440: step 29 ELEVATED pairs=36969 evals=432 413s
[559091.8] IDEA_A_FAMILY_R1440: step 30 ELEVATED pairs=36778 evals=448 437s
[559109.2] IDEA_A_FAMILY_R1440: step 31 ELEVATED pairs=36525 evals=464 454s
[559127.6] IDEA_A_FAMILY_R1440: step 32 ELEVATED pairs=36365 evals=480 473s
[559127.8] IDEA_A_FAMILY_R1440: step 33 NO_CANDIDATES_GENERATED pairs=36365 evals=480 473s
[559128.1] IDEA_A_FAMILY_R1440: step 34 NO_CANDIDATES_GENERATED pairs=36365 evals=480 473s
[559141.8] IDEA_A_FAMILY_R1440: step 35 ELEVATED pairs=36160 evals=496 487s
[559155.5] IDEA_A_FAMILY_R1440: step 36 ELEVATED pairs=35958 evals=512 501s
[559167.9] IDEA_A_FAMILY_R1440: step 37 ELEVATED pairs=35818 evals=528 513s
[559188.3] IDEA_A_FAMILY_R1440: step 38 ELEVATED pairs=35612 evals=544 534s
[559198.2] IDEA_A_FAMILY_R1440: step 39 ELEVATED pairs=35417 evals=560 543s
[559218.9] IDEA_A_FAMILY_R1440: step 40 ELEVATED pairs=35213 evals=576 564s
[559240.1] IDEA_A_FAMILY_R1440: step 41 ELEVATED pairs=35010 evals=592 585s
[559255.1] IDEA_A_FAMILY_R1440: step 42 ELEVATED pairs=34768 evals=608 600s
[559276.0] IDEA_A_FAMILY_R1440: step 43 ELEVATED pairs=34567 evals=624 621s
[559296.5] IDEA_A_FAMILY_R1440: step 44 ELEVATED pairs=34447 evals=640 642s
[559316.6] IDEA_A_FAMILY_R1440: step 45 ELEVATED pairs=34247 evals=656 662s
[559334.0] IDEA_A_FAMILY_R1440: step 46 ELEVATED pairs=34042 evals=672 679s
[559352.5] IDEA_A_FAMILY_R1440: step 47 ELEVATED pairs=33844 evals=688 698s
[559370.1] IDEA_A_FAMILY_R1440: step 48 ELEVATED pairs=33726 evals=704 715s
[559388.4] IDEA_A_FAMILY_R1440: step 49 ELEVATED pairs=33529 evals=720 734s
[559404.9] IDEA_A_FAMILY_R1440: step 50 ELEVATED pairs=33337 evals=736 750s
[559423.6] IDEA_A_FAMILY_R1440: step 51 ELEVATED pairs=33142 evals=752 769s
[559448.2] IDEA_A_FAMILY_R1440: step 52 ELEVATED pairs=32952 evals=768 793s
[559482.5] IDEA_A_FAMILY_R1440: step 53 ELEVATED pairs=32758 evals=784 828s
[559515.1] IDEA_A_FAMILY_R1440: step 54 ELEVATED pairs=32569 evals=800 860s
[559542.8] IDEA_A_FAMILY_R1440: step 55 ELEVATED pairs=32377 evals=816 888s
[559574.1] IDEA_A_FAMILY_R1440: step 56 ELEVATED pairs=32190 evals=832 919s
[559602.6] IDEA_A_FAMILY_R1440: step 57 ELEVATED pairs=32004 evals=848 948s
[559630.2] IDEA_A_FAMILY_R1440: step 58 ELEVATED pairs=31882 evals=864 975s
[559662.3] IDEA_A_FAMILY_R1440: step 59 ELEVATED pairs=31651 evals=880 1007s
[559680.1] IDEA_A_FAMILY_R1440: step 60 ELEVATED pairs=31440 evals=896 1025s
[559698.7] IDEA_A_FAMILY_R1440: step 61 ELEVATED pairs=31252 evals=912 1044s
[559724.4] IDEA_A_FAMILY_R1440: step 62 ELEVATED pairs=31023 evals=928 1070s
[559745.0] IDEA_A_FAMILY_R1440: step 63 ELEVATED pairs=30837 evals=944 1090s
[559770.7] IDEA_A_FAMILY_R1440: step 64 ELEVATED pairs=30610 evals=960 1116s
[559801.1] IDEA_A_FAMILY_R1440: step 65 ELEVATED pairs=30426 evals=976 1146s
[559827.5] IDEA_A_FAMILY_R1440: step 66 ELEVATED pairs=30201 evals=992 1173s
[559854.0] IDEA_A_FAMILY_R1440: step 67 ELEVATED pairs=30018 evals=1008 1199s
[559882.7] IDEA_A_FAMILY_R1440: step 68 ELEVATED pairs=29795 evals=1024 1228s
[559910.0] IDEA_A_FAMILY_R1440: step 69 ELEVATED pairs=29574 evals=1040 1255s
[559923.2] IDEA_A_FAMILY_R1440: step 70 ELEVATED pairs=29437 evals=1056 1268s
[559949.6] IDEA_A_FAMILY_R1440: step 71 ELEVATED pairs=29219 evals=1072 1295s
[559968.2] IDEA_A_FAMILY_R1440: step 72 ELEVATED pairs=29046 evals=1088 1313s
[559984.4] IDEA_A_FAMILY_R1440: step 73 ELEVATED pairs=28907 evals=1104 1330s
[560012.5] IDEA_A_FAMILY_R1440: step 74 ELEVATED pairs=28690 evals=1120 1358s
[560027.2] IDEA_A_FAMILY_R1440: step 75 ELEVATED pairs=28550 evals=1136 1372s
[560040.5] IDEA_A_FAMILY_R1440: step 76 ELEVATED pairs=28409 evals=1152 1386s
[560066.5] IDEA_A_FAMILY_R1440: step 77 ELEVATED pairs=28194 evals=1168 1412s
[560079.2] IDEA_A_FAMILY_R1440: step 78 ELEVATED pairs=28021 evals=1177 1424s
[560096.2] IDEA_A_FAMILY_R1440: step 79 ELEVATED pairs=27850 evals=1186 1441s
[560119.0] IDEA_A_FAMILY_R1440: step 80 ELEVATED pairs=27698 evals=1202 1464s
[560130.1] IDEA_A_FAMILY_R1440: step 81 ELEVATED pairs=27529 evals=1211 1475s
[560151.7] IDEA_A_FAMILY_R1440: step 82 ELEVATED pairs=27354 evals=1227 1497s
[560162.5] IDEA_A_FAMILY_R1440: step 83 ELEVATED pairs=27187 evals=1236 1508s
[560180.9] IDEA_A_FAMILY_R1440: step 84 ELEVATED pairs=26978 evals=1252 1526s
[560199.2] IDEA_A_FAMILY_R1440: step 85 ELEVATED pairs=26963 evals=1268 1544s
[560220.3] IDEA_A_FAMILY_R1440: step 86 ELEVATED pairs=26753 evals=1284 1565s
[560239.8] IDEA_A_FAMILY_R1440: step 87 ELEVATED pairs=26590 evals=1300 1585s
[560250.8] IDEA_A_FAMILY_R1440: step 88 ELEVATED pairs=26388 evals=1316 1596s
[560251.2] IDEA_A_FAMILY_R1440: step 89 NO_CANDIDATES_GENERATED pairs=26388 evals=1316 1596s
[560251.6] IDEA_A_FAMILY_R1440: step 90 NO_CANDIDATES_GENERATED pairs=26388 evals=1316 1597s
[560273.4] IDEA_A_FAMILY_R1440: step 91 ELEVATED pairs=26188 evals=1332 1619s
[560295.3] IDEA_A_FAMILY_R1440: step 92 ELEVATED pairs=26060 evals=1348 1640s
[560319.6] IDEA_A_FAMILY_R1440: step 93 ELEVATED pairs=25946 evals=1364 1665s
[560336.8] IDEA_A_FAMILY_R1440: step 94 ELEVATED pairs=25827 evals=1380 1682s
[560361.1] IDEA_A_FAMILY_R1440: step 95 ELEVATED pairs=25665 evals=1396 1706s
[560384.9] IDEA_A_FAMILY_R1440: step 96 ELEVATED pairs=25504 evals=1412 1730s
[560385.2] IDEA_A_FAMILY_R1440: step 97 NO_CANDIDATES_GENERATED pairs=25504 evals=1412 1730s
[560385.6] IDEA_A_FAMILY_R1440: step 98 NO_CANDIDATES_GENERATED pairs=25504 evals=1412 1731s
[560385.9] IDEA_A_FAMILY_R1440: step 99 NO_CANDIDATES_GENERATED pairs=25504 evals=1412 1731s
[560386.2] IDEA_A_FAMILY_R1440: step 100 NO_CANDIDATES_GENERATED pairs=25504 evals=1412 1731s
[560386.6] IDEA_A_FAMILY_R1440: step 101 NO_CANDIDATES_GENERATED pairs=25504 evals=1412 1732s
[560387.0] IDEA_A_FAMILY_R1440: step 102 NO_CANDIDATES_GENERATED pairs=25504 evals=1412 1732s
[560409.7] IDEA_A_FAMILY_R1440: step 103 ELEVATED pairs=25345 evals=1428 1755s
[560429.8] IDEA_A_FAMILY_R1440: step 104 ELEVATED pairs=25187 evals=1440 1775s
[560430.4] IDEA_A_FAMILY_R1440: done final=25187 moves=92 first=92 reloc=0 ret=0 evals=1440 stop=CANDIDATE_BUDGET_EXHAUSTED
[560524.9] IDEA_A_FAMILY_R1440: recheck PASS checks=130816
GROUP DONE IDEA_A_FAMILY_R1440 PASS
