start-state rescan (challenge) ...
  challenge PASS pairs=30999 unresolved=3 elevated=77
[561078.3] IDEA_D_CONTROL_RC2880: start mode=R budget=2880 spec={"name": "IDEA_D_CONTROL", "target_policy": "STRATIFIED", "evaluation_policy": "E2_ORDERED_K16", "traversal_policy": "BASE", "max_targets": 200, "k_per_target": 16, "family_round_robin": false, "relocation_side_reserve": 0, "waiting_age": false, "route_coverage": false, "multi_anchor": false, "exact_dedup": false, "decision_cache": false, "return_action": false, "cache_structural_skips": false, "window_slack_mm": 1e-05, "notes": ""}
[561078.3] IDEA_D_CONTROL_RC2880: start state=challenge C:\Users\lihao\Desktop\Graduation Project\OpticalWaveguideRouter3D\outputs\3d_strategy_v4\512_full_layout\N2880 pairs=30999
[561085.5] IDEA_D_CONTROL_RC2880: INITIAL_DONE pairs=30999
[561086.0] IDEA_D_CONTROL_RC2880: step 1 NO_CANDIDATES_GENERATED pairs=30999 evals=0 1s
[561086.7] IDEA_D_CONTROL_RC2880: step 2 NO_CANDIDATES_GENERATED pairs=30999 evals=0 1s
[561086.9] IDEA_D_CONTROL_RC2880: step 3 NO_CANDIDATES_GENERATED pairs=30999 evals=0 2s
[561087.4] IDEA_D_CONTROL_RC2880: step 4 NO_CANDIDATES_GENERATED pairs=30999 evals=0 2s
[561096.4] IDEA_D_CONTROL_RC2880: step 5 PREFIX_EVALUATED_NO_WINNER_DEFERRED pairs=30999 evals=16 11s
[561096.6] IDEA_D_CONTROL_RC2880: step 6 NO_CANDIDATES_GENERATED pairs=30999 evals=16 11s
[561097.0] IDEA_D_CONTROL_RC2880: step 7 NO_CANDIDATES_GENERATED pairs=30999 evals=16 12s
[561097.8] IDEA_D_CONTROL_RC2880: step 8 NO_CANDIDATES_GENERATED pairs=30999 evals=16 13s
[561098.0] IDEA_D_CONTROL_RC2880: step 9 NO_CANDIDATES_GENERATED pairs=30999 evals=16 13s
[561098.5] IDEA_D_CONTROL_RC2880: step 10 NO_CANDIDATES_GENERATED pairs=30999 evals=16 13s
[561108.7] IDEA_D_CONTROL_RC2880: step 11 PREFIX_EVALUATED_NO_WINNER_DEFERRED pairs=30999 evals=32 23s
[561108.8] IDEA_D_CONTROL_RC2880: step 12 NO_CANDIDATES_GENERATED pairs=30999 evals=32 24s
[561109.2] IDEA_D_CONTROL_RC2880: step 13 NO_CANDIDATES_GENERATED pairs=30999 evals=32 24s
[561119.6] IDEA_D_CONTROL_RC2880: step 14 PREFIX_EVALUATED_NO_WINNER_DEFERRED pairs=30999 evals=48 34s
[561119.8] IDEA_D_CONTROL_RC2880: step 15 NO_CANDIDATES_GENERATED pairs=30999 evals=48 35s
[561120.2] IDEA_D_CONTROL_RC2880: step 16 NO_CANDIDATES_GENERATED pairs=30999 evals=48 35s
[561129.1] IDEA_D_CONTROL_RC2880: step 17 PREFIX_EVALUATED_NO_WINNER_DEFERRED pairs=30999 evals=64 44s
[561129.3] IDEA_D_CONTROL_RC2880: step 18 NO_CANDIDATES_GENERATED pairs=30999 evals=64 44s
[561129.7] IDEA_D_CONTROL_RC2880: step 19 NO_CANDIDATES_GENERATED pairs=30999 evals=64 44s
[561140.2] IDEA_D_CONTROL_RC2880: step 20 PREFIX_EVALUATED_NO_WINNER_DEFERRED pairs=30999 evals=80 55s
[561149.9] IDEA_D_CONTROL_RC2880: step 21 ELEVATED pairs=30804 evals=96 65s
[561150.5] IDEA_D_CONTROL_RC2880: step 22 NO_CANDIDATES_GENERATED pairs=30804 evals=96 65s
[561159.3] IDEA_D_CONTROL_RC2880: step 23 PREFIX_EVALUATED_NO_WINNER_DEFERRED pairs=30804 evals=112 74s
[561169.9] IDEA_D_CONTROL_RC2880: step 24 ELEVATED pairs=30611 evals=128 85s
[561170.6] IDEA_D_CONTROL_RC2880: step 25 NO_CANDIDATES_GENERATED pairs=30611 evals=128 85s
[561179.5] IDEA_D_CONTROL_RC2880: step 26 PREFIX_EVALUATED_NO_WINNER_DEFERRED pairs=30611 evals=144 94s
[561191.5] IDEA_D_CONTROL_RC2880: step 27 ELEVATED pairs=30460 evals=160 106s
[561208.2] IDEA_D_CONTROL_RC2880: step 28 RELOCATED pairs=30421 evals=176 123s
[561217.3] IDEA_D_CONTROL_RC2880: step 29 PREFIX_EVALUATED_NO_WINNER_DEFERRED pairs=30421 evals=192 132s
[561229.2] IDEA_D_CONTROL_RC2880: step 30 ELEVATED pairs=30271 evals=208 144s
[561246.1] IDEA_D_CONTROL_RC2880: step 31 PREFIX_EVALUATED_NO_WINNER_DEFERRED pairs=30271 evals=224 161s
[561254.9] IDEA_D_CONTROL_RC2880: step 32 PREFIX_EVALUATED_NO_WINNER_DEFERRED pairs=30271 evals=240 170s
[561255.5] IDEA_D_CONTROL_RC2880: step 33 NO_CANDIDATES_GENERATED pairs=30271 evals=240 170s
[561256.2] IDEA_D_CONTROL_RC2880: step 34 NO_CANDIDATES_GENERATED pairs=30271 evals=240 171s
[561266.6] IDEA_D_CONTROL_RC2880: step 35 PREFIX_EVALUATED_NO_WINNER_DEFERRED pairs=30271 evals=256 181s
[561283.9] IDEA_D_CONTROL_RC2880: step 36 ELEVATED pairs=30081 evals=272 199s
[561300.7] IDEA_D_CONTROL_RC2880: step 37 PREFIX_EVALUATED_NO_WINNER_DEFERRED pairs=30081 evals=288 215s
[561309.5] IDEA_D_CONTROL_RC2880: step 38 PREFIX_EVALUATED_NO_WINNER_DEFERRED pairs=30081 evals=304 224s
[561329.1] IDEA_D_CONTROL_RC2880: step 39 ELEVATED pairs=29893 evals=320 244s
[561345.8] IDEA_D_CONTROL_RC2880: step 40 PREFIX_EVALUATED_NO_WINNER_DEFERRED pairs=29893 evals=336 261s
[561354.7] IDEA_D_CONTROL_RC2880: step 41 PREFIX_EVALUATED_NO_WINNER_DEFERRED pairs=29893 evals=352 269s
[561377.2] IDEA_D_CONTROL_RC2880: step 42 ELEVATED pairs=29707 evals=368 292s
[561393.6] IDEA_D_CONTROL_RC2880: step 43 PREFIX_EVALUATED_NO_WINNER_DEFERRED pairs=29707 evals=384 308s
[561402.1] IDEA_D_CONTROL_RC2880: step 44 PREFIX_EVALUATED_NO_WINNER_DEFERRED pairs=29707 evals=400 317s
[561417.3] IDEA_D_CONTROL_RC2880: step 45 ELEVATED pairs=29516 evals=416 332s
[561433.2] IDEA_D_CONTROL_RC2880: step 46 PREFIX_EVALUATED_NO_WINNER_DEFERRED pairs=29516 evals=432 348s
[561441.6] IDEA_D_CONTROL_RC2880: step 47 PREFIX_EVALUATED_NO_WINNER_DEFERRED pairs=29516 evals=448 356s
[561464.3] IDEA_D_CONTROL_RC2880: step 48 ELEVATED pairs=29332 evals=464 379s
[561479.9] IDEA_D_CONTROL_RC2880: step 49 PREFIX_EVALUATED_NO_WINNER_DEFERRED pairs=29332 evals=480 395s
[561488.2] IDEA_D_CONTROL_RC2880: step 50 PREFIX_EVALUATED_NO_WINNER_DEFERRED pairs=29332 evals=496 403s
[561502.4] IDEA_D_CONTROL_RC2880: step 51 ELEVATED pairs=29143 evals=512 417s
[561516.7] IDEA_D_CONTROL_RC2880: step 52 PREFIX_EVALUATED_NO_WINNER_DEFERRED pairs=29143 evals=528 431s
[561524.2] IDEA_D_CONTROL_RC2880: step 53 PREFIX_EVALUATED_NO_WINNER_DEFERRED pairs=29143 evals=544 439s
[561533.5] IDEA_D_CONTROL_RC2880: step 54 ELEVATED pairs=28968 evals=560 448s
[561547.7] IDEA_D_CONTROL_RC2880: step 55 PREFIX_EVALUATED_NO_WINNER_DEFERRED pairs=28968 evals=576 462s
[561555.4] IDEA_D_CONTROL_RC2880: step 56 PREFIX_EVALUATED_NO_WINNER_DEFERRED pairs=28968 evals=592 470s
[561566.9] IDEA_D_CONTROL_RC2880: step 57 ELEVATED pairs=28795 evals=608 482s
[561581.3] IDEA_D_CONTROL_RC2880: step 58 PREFIX_EVALUATED_NO_WINNER_DEFERRED pairs=28795 evals=624 496s
[561588.7] IDEA_D_CONTROL_RC2880: step 59 PREFIX_EVALUATED_NO_WINNER_DEFERRED pairs=28795 evals=640 504s
[561602.9] IDEA_D_CONTROL_RC2880: step 60 ELEVATED pairs=28624 evals=656 518s
[561617.1] IDEA_D_CONTROL_RC2880: step 61 PREFIX_EVALUATED_NO_WINNER_DEFERRED pairs=28624 evals=672 532s
[561625.3] IDEA_D_CONTROL_RC2880: step 62 PREFIX_EVALUATED_NO_WINNER_DEFERRED pairs=28624 evals=688 540s
[561634.7] IDEA_D_CONTROL_RC2880: step 63 ELEVATED pairs=28441 evals=704 550s
[561648.5] IDEA_D_CONTROL_RC2880: step 64 PREFIX_EVALUATED_NO_WINNER_DEFERRED pairs=28441 evals=720 563s
[561655.9] IDEA_D_CONTROL_RC2880: step 65 PREFIX_EVALUATED_NO_WINNER_DEFERRED pairs=28441 evals=736 571s
[561665.9] IDEA_D_CONTROL_RC2880: step 66 ELEVATED pairs=28336 evals=752 581s
[561675.5] IDEA_D_CONTROL_RC2880: step 67 PREFIX_EVALUATED_NO_WINNER_DEFERRED pairs=28336 evals=768 590s
[561682.5] IDEA_D_CONTROL_RC2880: step 68 PREFIX_EVALUATED_NO_WINNER_DEFERRED pairs=28336 evals=784 597s
[561692.3] IDEA_D_CONTROL_RC2880: step 69 ELEVATED pairs=28155 evals=800 607s
[561701.7] IDEA_D_CONTROL_RC2880: step 70 PREFIX_EVALUATED_NO_WINNER_DEFERRED pairs=28155 evals=816 616s
[561708.3] IDEA_D_CONTROL_RC2880: step 71 PREFIX_EVALUATED_NO_WINNER_DEFERRED pairs=28155 evals=832 623s
[561725.8] IDEA_D_CONTROL_RC2880: step 72 ELEVATED pairs=27995 evals=848 641s
[561734.9] IDEA_D_CONTROL_RC2880: step 73 PREFIX_EVALUATED_NO_WINNER_DEFERRED pairs=27995 evals=864 650s
[561741.7] IDEA_D_CONTROL_RC2880: step 74 PREFIX_EVALUATED_NO_WINNER_DEFERRED pairs=27995 evals=880 656s
[561751.9] IDEA_D_CONTROL_RC2880: step 75 ELEVATED pairs=27816 evals=896 667s
[561761.2] IDEA_D_CONTROL_RC2880: step 76 PREFIX_EVALUATED_NO_WINNER_DEFERRED pairs=27816 evals=912 676s
[561767.8] IDEA_D_CONTROL_RC2880: step 77 PREFIX_EVALUATED_NO_WINNER_DEFERRED pairs=27816 evals=928 683s
[561778.7] IDEA_D_CONTROL_RC2880: step 78 ELEVATED pairs=27639 evals=944 693s
[561788.0] IDEA_D_CONTROL_RC2880: step 79 PREFIX_EVALUATED_NO_WINNER_DEFERRED pairs=27639 evals=960 703s
[561794.7] IDEA_D_CONTROL_RC2880: step 80 PREFIX_EVALUATED_NO_WINNER_DEFERRED pairs=27639 evals=976 709s
[561805.9] IDEA_D_CONTROL_RC2880: step 81 ELEVATED pairs=27473 evals=992 721s
[561815.4] IDEA_D_CONTROL_RC2880: step 82 PREFIX_EVALUATED_NO_WINNER_DEFERRED pairs=27473 evals=1008 730s
[561822.0] IDEA_D_CONTROL_RC2880: step 83 PREFIX_EVALUATED_NO_WINNER_DEFERRED pairs=27473 evals=1024 737s
[561829.4] IDEA_D_CONTROL_RC2880: step 84 ELEVATED pairs=27307 evals=1033 744s
[561838.8] IDEA_D_CONTROL_RC2880: step 85 PREFIX_EVALUATED_NO_WINNER_DEFERRED pairs=27307 evals=1049 754s
[561845.5] IDEA_D_CONTROL_RC2880: step 86 PREFIX_EVALUATED_NO_WINNER_DEFERRED pairs=27307 evals=1065 760s
[561856.3] IDEA_D_CONTROL_RC2880: step 87 ELEVATED pairs=27143 evals=1081 771s
[561865.2] IDEA_D_CONTROL_RC2880: step 88 PREFIX_EVALUATED_NO_WINNER_DEFERRED pairs=27143 evals=1097 780s
[561871.5] IDEA_D_CONTROL_RC2880: step 89 PREFIX_EVALUATED_NO_WINNER_DEFERRED pairs=27143 evals=1113 786s
[561878.8] IDEA_D_CONTROL_RC2880: step 90 ELEVATED pairs=26979 evals=1122 794s
[561887.5] IDEA_D_CONTROL_RC2880: step 91 PREFIX_EVALUATED_NO_WINNER_DEFERRED pairs=26979 evals=1138 802s
[561893.9] IDEA_D_CONTROL_RC2880: step 92 PREFIX_EVALUATED_NO_WINNER_DEFERRED pairs=26979 evals=1154 809s
[561904.3] IDEA_D_CONTROL_RC2880: step 93 ELEVATED pairs=26818 evals=1170 819s
[561912.7] IDEA_D_CONTROL_RC2880: step 94 PREFIX_EVALUATED_NO_WINNER_DEFERRED pairs=26818 evals=1186 827s
[561918.9] IDEA_D_CONTROL_RC2880: step 95 PREFIX_EVALUATED_NO_WINNER_DEFERRED pairs=26818 evals=1202 834s
[561925.5] IDEA_D_CONTROL_RC2880: step 96 ELEVATED pairs=26656 evals=1211 840s
[561933.6] IDEA_D_CONTROL_RC2880: step 97 PREFIX_EVALUATED_NO_WINNER_DEFERRED pairs=26656 evals=1227 848s
[561939.3] IDEA_D_CONTROL_RC2880: step 98 PREFIX_EVALUATED_NO_WINNER_DEFERRED pairs=26656 evals=1243 854s
[561949.3] IDEA_D_CONTROL_RC2880: step 99 ELEVATED pairs=26497 evals=1259 864s
[561956.7] IDEA_D_CONTROL_RC2880: step 100 PREFIX_EVALUATED_NO_WINNER_DEFERRED pairs=26497 evals=1275 871s
[561962.1] IDEA_D_CONTROL_RC2880: step 101 PREFIX_EVALUATED_NO_WINNER_DEFERRED pairs=26497 evals=1291 877s
[561962.5] IDEA_D_CONTROL_RC2880: step 102 NO_CANDIDATES_GENERATED pairs=26497 evals=1291 877s
[561970.5] IDEA_D_CONTROL_RC2880: step 103 PREFIX_EVALUATED_NO_WINNER_DEFERRED pairs=26497 evals=1307 885s
[561978.9] IDEA_D_CONTROL_RC2880: step 104 PREFIX_EVALUATED_NO_WINNER_DEFERRED pairs=26497 evals=1323 894s
[561984.7] IDEA_D_CONTROL_RC2880: step 105 ELEVATED pairs=26337 evals=1332 900s
[561992.0] IDEA_D_CONTROL_RC2880: step 106 PREFIX_EVALUATED_NO_WINNER_DEFERRED pairs=26337 evals=1348 907s
[561997.4] IDEA_D_CONTROL_RC2880: step 107 PREFIX_EVALUATED_NO_WINNER_DEFERRED pairs=26337 evals=1364 912s
[562007.0] IDEA_D_CONTROL_RC2880: step 108 ELEVATED pairs=26180 evals=1380 922s
[562014.1] IDEA_D_CONTROL_RC2880: step 109 RELOCATED pairs=26178 evals=1396 929s
[562019.4] IDEA_D_CONTROL_RC2880: step 110 PREFIX_EVALUATED_NO_WINNER_DEFERRED pairs=26178 evals=1412 934s
[562029.5] IDEA_D_CONTROL_RC2880: step 111 ELEVATED pairs=26021 evals=1428 944s
[562037.2] IDEA_D_CONTROL_RC2880: step 112 PREFIX_EVALUATED_NO_WINNER_DEFERRED pairs=26021 evals=1444 952s
[562042.1] IDEA_D_CONTROL_RC2880: step 113 PREFIX_EVALUATED_NO_WINNER_DEFERRED pairs=26021 evals=1460 957s
[562051.6] IDEA_D_CONTROL_RC2880: step 114 ELEVATED pairs=25865 evals=1476 966s
[562059.0] IDEA_D_CONTROL_RC2880: step 115 PREFIX_EVALUATED_NO_WINNER_DEFERRED pairs=25865 evals=1492 974s
[562063.9] IDEA_D_CONTROL_RC2880: step 116 PREFIX_EVALUATED_NO_WINNER_DEFERRED pairs=25865 evals=1508 979s
[562073.2] IDEA_D_CONTROL_RC2880: step 117 ELEVATED pairs=25711 evals=1524 988s
[562080.7] IDEA_D_CONTROL_RC2880: step 118 PREFIX_EVALUATED_NO_WINNER_DEFERRED pairs=25711 evals=1540 995s
[562085.4] IDEA_D_CONTROL_RC2880: step 119 PREFIX_EVALUATED_NO_WINNER_DEFERRED pairs=25711 evals=1556 1000s
[562094.7] IDEA_D_CONTROL_RC2880: step 120 ELEVATED pairs=25559 evals=1572 1009s
[562101.8] IDEA_D_CONTROL_RC2880: step 121 PREFIX_EVALUATED_NO_WINNER_DEFERRED pairs=25559 evals=1588 1017s
[562106.6] IDEA_D_CONTROL_RC2880: step 122 PREFIX_EVALUATED_NO_WINNER_DEFERRED pairs=25559 evals=1604 1021s
[562115.7] IDEA_D_CONTROL_RC2880: step 123 ELEVATED pairs=25409 evals=1620 1031s
[562122.9] IDEA_D_CONTROL_RC2880: step 124 PREFIX_EVALUATED_NO_WINNER_DEFERRED pairs=25409 evals=1636 1038s
[562127.5] IDEA_D_CONTROL_RC2880: step 125 PREFIX_EVALUATED_NO_WINNER_DEFERRED pairs=25409 evals=1652 1042s
[562133.4] IDEA_D_CONTROL_RC2880: step 126 ELEVATED pairs=25260 evals=1668 1048s
[562140.5] IDEA_D_CONTROL_RC2880: step 127 PREFIX_EVALUATED_NO_WINNER_DEFERRED pairs=25260 evals=1684 1055s
[562145.3] IDEA_D_CONTROL_RC2880: step 128 PREFIX_EVALUATED_NO_WINNER_DEFERRED pairs=25260 evals=1700 1060s
[562151.6] IDEA_D_CONTROL_RC2880: step 129 ELEVATED pairs=25124 evals=1716 1066s
[562158.7] IDEA_D_CONTROL_RC2880: step 130 PREFIX_EVALUATED_NO_WINNER_DEFERRED pairs=25124 evals=1732 1073s
[562163.3] IDEA_D_CONTROL_RC2880: step 131 PREFIX_EVALUATED_NO_WINNER_DEFERRED pairs=25124 evals=1748 1078s
[562169.5] IDEA_D_CONTROL_RC2880: step 132 ELEVATED pairs=24990 evals=1764 1084s
[562176.6] IDEA_D_CONTROL_RC2880: step 133 PREFIX_EVALUATED_NO_WINNER_DEFERRED pairs=24990 evals=1780 1091s
[562181.3] IDEA_D_CONTROL_RC2880: step 134 PREFIX_EVALUATED_NO_WINNER_DEFERRED pairs=24990 evals=1796 1096s
[562191.9] IDEA_D_CONTROL_RC2880: step 135 ELEVATED pairs=24840 evals=1812 1107s
[562199.1] IDEA_D_CONTROL_RC2880: step 136 PREFIX_EVALUATED_NO_WINNER_DEFERRED pairs=24840 evals=1828 1114s
[562203.9] IDEA_D_CONTROL_RC2880: step 137 PREFIX_EVALUATED_NO_WINNER_DEFERRED pairs=24840 evals=1844 1119s
[562208.8] IDEA_D_CONTROL_RC2880: step 138 ELEVATED pairs=24719 evals=1860 1124s
[562216.1] IDEA_D_CONTROL_RC2880: step 139 PREFIX_EVALUATED_NO_WINNER_DEFERRED pairs=24719 evals=1876 1131s
[562220.7] IDEA_D_CONTROL_RC2880: step 140 PREFIX_EVALUATED_NO_WINNER_DEFERRED pairs=24719 evals=1892 1136s
[562231.4] IDEA_D_CONTROL_RC2880: step 141 ELEVATED pairs=24571 evals=1908 1146s
[562238.6] IDEA_D_CONTROL_RC2880: step 142 PREFIX_EVALUATED_NO_WINNER_DEFERRED pairs=24571 evals=1924 1153s
[562243.2] IDEA_D_CONTROL_RC2880: step 143 PREFIX_EVALUATED_NO_WINNER_DEFERRED pairs=24571 evals=1940 1158s
[562248.9] IDEA_D_CONTROL_RC2880: step 144 ELEVATED pairs=24430 evals=1956 1164s
[562256.1] IDEA_D_CONTROL_RC2880: step 145 PREFIX_EVALUATED_NO_WINNER_DEFERRED pairs=24430 evals=1972 1171s
[562260.7] IDEA_D_CONTROL_RC2880: step 146 PREFIX_EVALUATED_NO_WINNER_DEFERRED pairs=24430 evals=1988 1175s
[562271.1] IDEA_D_CONTROL_RC2880: step 147 ELEVATED pairs=24284 evals=2004 1186s
[562278.3] IDEA_D_CONTROL_RC2880: step 148 PREFIX_EVALUATED_NO_WINNER_DEFERRED pairs=24284 evals=2020 1193s
[562283.0] IDEA_D_CONTROL_RC2880: step 149 PREFIX_EVALUATED_NO_WINNER_DEFERRED pairs=24284 evals=2036 1198s
[562288.9] IDEA_D_CONTROL_RC2880: step 150 ELEVATED pairs=24205 evals=2052 1204s
[562296.4] IDEA_D_CONTROL_RC2880: step 151 PREFIX_EVALUATED_NO_WINNER_DEFERRED pairs=24205 evals=2068 1211s
[562304.2] IDEA_D_CONTROL_RC2880: step 152 RELOCATED pairs=24160 evals=2084 1219s
[562315.4] IDEA_D_CONTROL_RC2880: step 153 ELEVATED pairs=24016 evals=2100 1230s
[562322.7] IDEA_D_CONTROL_RC2880: step 154 PREFIX_EVALUATED_NO_WINNER_DEFERRED pairs=24016 evals=2116 1238s
[562327.5] IDEA_D_CONTROL_RC2880: step 155 PREFIX_EVALUATED_NO_WINNER_DEFERRED pairs=24016 evals=2132 1242s
[562335.5] IDEA_D_CONTROL_RC2880: step 156 ELEVATED pairs=23871 evals=2148 1250s
[562343.0] IDEA_D_CONTROL_RC2880: step 157 PREFIX_EVALUATED_NO_WINNER_DEFERRED pairs=23871 evals=2164 1258s
[562347.8] IDEA_D_CONTROL_RC2880: step 158 PREFIX_EVALUATED_NO_WINNER_DEFERRED pairs=23871 evals=2180 1263s
[562354.5] IDEA_D_CONTROL_RC2880: step 159 ELEVATED pairs=23772 evals=2196 1269s
[562361.7] IDEA_D_CONTROL_RC2880: step 160 PREFIX_EVALUATED_NO_WINNER_DEFERRED pairs=23772 evals=2212 1276s
[562366.4] IDEA_D_CONTROL_RC2880: step 161 PREFIX_EVALUATED_NO_WINNER_DEFERRED pairs=23772 evals=2228 1281s
[562374.5] IDEA_D_CONTROL_RC2880: step 162 ELEVATED pairs=23629 evals=2244 1289s
[562381.7] IDEA_D_CONTROL_RC2880: step 163 PREFIX_EVALUATED_NO_WINNER_DEFERRED pairs=23629 evals=2260 1296s
[562386.4] IDEA_D_CONTROL_RC2880: step 164 PREFIX_EVALUATED_NO_WINNER_DEFERRED pairs=23629 evals=2276 1301s
[562392.6] IDEA_D_CONTROL_RC2880: step 165 ELEVATED pairs=23532 evals=2292 1307s
[562399.7] IDEA_D_CONTROL_RC2880: step 166 PREFIX_EVALUATED_NO_WINNER_DEFERRED pairs=23532 evals=2308 1315s
[562404.4] IDEA_D_CONTROL_RC2880: step 167 PREFIX_EVALUATED_NO_WINNER_DEFERRED pairs=23532 evals=2324 1319s
[562410.5] IDEA_D_CONTROL_RC2880: step 168 ELEVATED pairs=23405 evals=2340 1325s
[562417.4] IDEA_D_CONTROL_RC2880: step 169 PREFIX_EVALUATED_NO_WINNER_DEFERRED pairs=23405 evals=2356 1332s
[562421.9] IDEA_D_CONTROL_RC2880: step 170 PREFIX_EVALUATED_NO_WINNER_DEFERRED pairs=23405 evals=2372 1337s
[562429.9] IDEA_D_CONTROL_RC2880: step 171 ELEVATED pairs=23264 evals=2388 1345s
[562436.6] IDEA_D_CONTROL_RC2880: step 172 PREFIX_EVALUATED_NO_WINNER_DEFERRED pairs=23264 evals=2404 1351s
[562440.9] IDEA_D_CONTROL_RC2880: step 173 PREFIX_EVALUATED_NO_WINNER_DEFERRED pairs=23264 evals=2420 1356s
[562447.4] IDEA_D_CONTROL_RC2880: step 174 ELEVATED pairs=23141 evals=2436 1362s
[562454.0] IDEA_D_CONTROL_RC2880: step 175 PREFIX_EVALUATED_NO_WINNER_DEFERRED pairs=23141 evals=2452 1369s
[562458.3] IDEA_D_CONTROL_RC2880: step 176 PREFIX_EVALUATED_NO_WINNER_DEFERRED pairs=23141 evals=2468 1373s
[562464.9] IDEA_D_CONTROL_RC2880: step 177 ELEVATED pairs=23012 evals=2484 1380s
[562471.7] IDEA_D_CONTROL_RC2880: step 178 PREFIX_EVALUATED_NO_WINNER_DEFERRED pairs=23012 evals=2500 1386s
[562476.1] IDEA_D_CONTROL_RC2880: step 179 PREFIX_EVALUATED_NO_WINNER_DEFERRED pairs=23012 evals=2516 1391s
[562481.5] IDEA_D_CONTROL_RC2880: step 180 ELEVATED pairs=22873 evals=2532 1396s
[562488.0] IDEA_D_CONTROL_RC2880: step 181 PREFIX_EVALUATED_NO_WINNER_DEFERRED pairs=22873 evals=2548 1403s
[562492.3] IDEA_D_CONTROL_RC2880: step 182 PREFIX_EVALUATED_NO_WINNER_DEFERRED pairs=22873 evals=2564 1407s
[562498.5] IDEA_D_CONTROL_RC2880: step 183 ELEVATED pairs=22734 evals=2580 1413s
[562505.1] IDEA_D_CONTROL_RC2880: step 184 PREFIX_EVALUATED_NO_WINNER_DEFERRED pairs=22734 evals=2596 1420s
[562509.5] IDEA_D_CONTROL_RC2880: step 185 PREFIX_EVALUATED_NO_WINNER_DEFERRED pairs=22734 evals=2612 1424s
[562515.7] IDEA_D_CONTROL_RC2880: step 186 ELEVATED pairs=22609 evals=2628 1430s
[562522.3] IDEA_D_CONTROL_RC2880: step 187 PREFIX_EVALUATED_NO_WINNER_DEFERRED pairs=22609 evals=2644 1437s
[562526.6] IDEA_D_CONTROL_RC2880: step 188 PREFIX_EVALUATED_NO_WINNER_DEFERRED pairs=22609 evals=2660 1441s
[562531.8] IDEA_D_CONTROL_RC2880: step 189 ELEVATED pairs=22479 evals=2676 1447s
[562538.2] IDEA_D_CONTROL_RC2880: step 190 PREFIX_EVALUATED_NO_WINNER_DEFERRED pairs=22479 evals=2692 1453s
[562542.5] IDEA_D_CONTROL_RC2880: step 191 PREFIX_EVALUATED_NO_WINNER_DEFERRED pairs=22479 evals=2708 1457s
[562547.5] IDEA_D_CONTROL_RC2880: step 192 ELEVATED pairs=22337 evals=2724 1462s
[562554.0] IDEA_D_CONTROL_RC2880: step 193 RELOCATED pairs=22336 evals=2740 1469s
[562558.1] IDEA_D_CONTROL_RC2880: step 194 PREFIX_EVALUATED_NO_WINNER_DEFERRED pairs=22336 evals=2756 1473s
[562563.0] IDEA_D_CONTROL_RC2880: step 195 ELEVATED pairs=22214 evals=2772 1478s
[562568.6] IDEA_D_CONTROL_RC2880: step 196 PREFIX_EVALUATED_NO_WINNER_DEFERRED pairs=22214 evals=2788 1483s
[562572.8] IDEA_D_CONTROL_RC2880: step 197 PREFIX_EVALUATED_NO_WINNER_DEFERRED pairs=22214 evals=2804 1488s
[562579.9] IDEA_D_CONTROL_RC2880: step 198 ELEVATED pairs=22129 evals=2813 1495s
[562585.7] IDEA_D_CONTROL_RC2880: step 199 PREFIX_EVALUATED_NO_WINNER_DEFERRED pairs=22129 evals=2829 1500s
[562589.8] IDEA_D_CONTROL_RC2880: step 200 PREFIX_EVALUATED_NO_WINNER_DEFERRED pairs=22129 evals=2845 1505s
[562590.1] IDEA_D_CONTROL_RC2880: done final=22129 moves=62 first=58 reloc=4 ret=0 evals=2845 stop=TARGET_LIMIT
[562633.8] IDEA_D_CONTROL_RC2880: recheck PASS checks=130816
GROUP DONE IDEA_D_CONTROL_RC2880 PASS
