start-state rescan (main) ...
  main PASS pairs=42909 unresolved=3 elevated=24
[561064.6] IDEA_D_CONTROL_R1440: start mode=R budget=1440 spec={"name": "IDEA_D_CONTROL", "target_policy": "STRATIFIED", "evaluation_policy": "E2_ORDERED_K16", "traversal_policy": "BASE", "max_targets": 200, "k_per_target": 16, "family_round_robin": false, "relocation_side_reserve": 0, "waiting_age": false, "route_coverage": false, "multi_anchor": false, "exact_dedup": false, "decision_cache": false, "return_action": false, "cache_structural_skips": false, "window_slack_mm": 1e-05, "notes": ""}
[561064.6] IDEA_D_CONTROL_R1440: start state=main C:\Users\lihao\Desktop\Graduation Project\OpticalWaveguideRouter3D\outputs\3d_strategy_v3\512_ablation\D_both_enabled pairs=42909
[561071.2] IDEA_D_CONTROL_R1440: INITIAL_DONE pairs=42909
[561071.7] IDEA_D_CONTROL_R1440: step 1 NO_CANDIDATES_GENERATED pairs=42909 evals=0 1s
[561072.5] IDEA_D_CONTROL_R1440: step 2 NO_CANDIDATES_GENERATED pairs=42909 evals=0 2s
[561072.8] IDEA_D_CONTROL_R1440: step 3 NO_CANDIDATES_GENERATED pairs=42909 evals=0 2s
[561091.0] IDEA_D_CONTROL_R1440: step 4 ELEVATED pairs=42666 evals=16 20s
[561092.0] IDEA_D_CONTROL_R1440: step 5 NO_CANDIDATES_GENERATED pairs=42666 evals=16 21s
[561092.3] IDEA_D_CONTROL_R1440: step 6 NO_CANDIDATES_GENERATED pairs=42666 evals=16 21s
[561092.7] IDEA_D_CONTROL_R1440: step 7 NO_CANDIDATES_GENERATED pairs=42666 evals=16 22s
[561093.7] IDEA_D_CONTROL_R1440: step 8 NO_CANDIDATES_GENERATED pairs=42666 evals=16 23s
[561103.1] IDEA_D_CONTROL_R1440: step 9 ELEVATED pairs=42420 evals=32 32s
[561116.1] IDEA_D_CONTROL_R1440: step 10 RELOCATED pairs=42389 evals=48 45s
[561116.9] IDEA_D_CONTROL_R1440: step 11 NO_CANDIDATES_GENERATED pairs=42389 evals=48 46s
[561133.4] IDEA_D_CONTROL_R1440: step 12 ELEVATED pairs=42215 evals=64 62s
[561143.7] IDEA_D_CONTROL_R1440: step 13 PREFIX_EVALUATED_NO_WINNER_DEFERRED pairs=42215 evals=80 73s
[561166.0] IDEA_D_CONTROL_R1440: step 14 PREFIX_EVALUATED_NO_WINNER_DEFERRED pairs=42215 evals=96 95s
[561179.5] IDEA_D_CONTROL_R1440: step 15 ELEVATED pairs=42033 evals=112 108s
[561190.0] IDEA_D_CONTROL_R1440: step 16 PREFIX_EVALUATED_NO_WINNER_DEFERRED pairs=42033 evals=128 119s
[561198.9] IDEA_D_CONTROL_R1440: step 17 PREFIX_EVALUATED_NO_WINNER_DEFERRED pairs=42033 evals=144 128s
[561212.7] IDEA_D_CONTROL_R1440: step 18 ELEVATED pairs=41849 evals=160 142s
[561223.8] IDEA_D_CONTROL_R1440: step 19 PREFIX_EVALUATED_NO_WINNER_DEFERRED pairs=41849 evals=176 153s
[561232.6] IDEA_D_CONTROL_R1440: step 20 PREFIX_EVALUATED_NO_WINNER_DEFERRED pairs=41849 evals=192 162s
[561246.6] IDEA_D_CONTROL_R1440: step 21 ELEVATED pairs=41664 evals=208 176s
[561257.8] IDEA_D_CONTROL_R1440: step 22 PREFIX_EVALUATED_NO_WINNER_DEFERRED pairs=41664 evals=224 187s
[561266.5] IDEA_D_CONTROL_R1440: step 23 PREFIX_EVALUATED_NO_WINNER_DEFERRED pairs=41664 evals=240 196s
[561277.1] IDEA_D_CONTROL_R1440: step 24 ELEVATED pairs=41410 evals=256 206s
[561288.4] IDEA_D_CONTROL_R1440: step 25 PREFIX_EVALUATED_NO_WINNER_DEFERRED pairs=41410 evals=272 217s
[561297.2] IDEA_D_CONTROL_R1440: step 26 PREFIX_EVALUATED_NO_WINNER_DEFERRED pairs=41410 evals=288 226s
[561311.2] IDEA_D_CONTROL_R1440: step 27 ELEVATED pairs=41216 evals=304 240s
[561322.5] IDEA_D_CONTROL_R1440: step 28 PREFIX_EVALUATED_NO_WINNER_DEFERRED pairs=41216 evals=320 252s
[561331.5] IDEA_D_CONTROL_R1440: step 29 PREFIX_EVALUATED_NO_WINNER_DEFERRED pairs=41216 evals=336 260s
[561350.8] IDEA_D_CONTROL_R1440: step 30 ELEVATED pairs=41037 evals=352 280s
[561362.4] IDEA_D_CONTROL_R1440: step 31 PREFIX_EVALUATED_NO_WINNER_DEFERRED pairs=41037 evals=368 291s
[561371.1] IDEA_D_CONTROL_R1440: step 32 PREFIX_EVALUATED_NO_WINNER_DEFERRED pairs=41037 evals=384 300s
[561390.1] IDEA_D_CONTROL_R1440: step 33 ELEVATED pairs=40858 evals=400 319s
[561401.4] IDEA_D_CONTROL_R1440: step 34 PREFIX_EVALUATED_NO_WINNER_DEFERRED pairs=40858 evals=416 330s
[561409.7] IDEA_D_CONTROL_R1440: step 35 PREFIX_EVALUATED_NO_WINNER_DEFERRED pairs=40858 evals=432 339s
[561418.7] IDEA_D_CONTROL_R1440: step 36 ELEVATED pairs=40620 evals=448 348s
[561430.0] IDEA_D_CONTROL_R1440: step 37 PREFIX_EVALUATED_NO_WINNER_DEFERRED pairs=40620 evals=464 359s
[561438.3] IDEA_D_CONTROL_R1440: step 38 PREFIX_EVALUATED_NO_WINNER_DEFERRED pairs=40620 evals=480 367s
[561450.3] IDEA_D_CONTROL_R1440: step 39 ELEVATED pairs=40369 evals=496 379s
[561461.7] IDEA_D_CONTROL_R1440: step 40 PREFIX_EVALUATED_NO_WINNER_DEFERRED pairs=40369 evals=512 391s
[561469.7] IDEA_D_CONTROL_R1440: step 41 PREFIX_EVALUATED_NO_WINNER_DEFERRED pairs=40369 evals=528 399s
[561478.0] IDEA_D_CONTROL_R1440: step 42 ELEVATED pairs=40129 evals=544 407s
[561489.0] IDEA_D_CONTROL_R1440: step 43 PREFIX_EVALUATED_NO_WINNER_DEFERRED pairs=40129 evals=560 418s
[561496.9] IDEA_D_CONTROL_R1440: step 44 PREFIX_EVALUATED_NO_WINNER_DEFERRED pairs=40129 evals=576 426s
[561507.8] IDEA_D_CONTROL_R1440: step 45 ELEVATED pairs=39880 evals=592 437s
[561518.1] IDEA_D_CONTROL_R1440: step 46 PREFIX_EVALUATED_NO_WINNER_DEFERRED pairs=39880 evals=608 447s
[561525.6] IDEA_D_CONTROL_R1440: step 47 PREFIX_EVALUATED_NO_WINNER_DEFERRED pairs=39880 evals=624 455s
[561536.3] IDEA_D_CONTROL_R1440: step 48 ELEVATED pairs=39633 evals=640 465s
[561546.7] IDEA_D_CONTROL_R1440: step 49 PREFIX_EVALUATED_NO_WINNER_DEFERRED pairs=39633 evals=656 476s
[561554.1] IDEA_D_CONTROL_R1440: step 50 PREFIX_EVALUATED_NO_WINNER_DEFERRED pairs=39633 evals=672 483s
[561565.2] IDEA_D_CONTROL_R1440: step 51 ELEVATED pairs=39408 evals=688 494s
[561575.4] IDEA_D_CONTROL_R1440: step 52 PREFIX_EVALUATED_NO_WINNER_DEFERRED pairs=39408 evals=704 504s
[561582.8] IDEA_D_CONTROL_R1440: step 53 PREFIX_EVALUATED_NO_WINNER_DEFERRED pairs=39408 evals=720 512s
[561596.9] IDEA_D_CONTROL_R1440: step 54 ELEVATED pairs=39250 evals=736 526s
[561608.3] IDEA_D_CONTROL_R1440: step 55 RELOCATED pairs=39230 evals=752 537s
[561615.6] IDEA_D_CONTROL_R1440: step 56 PREFIX_EVALUATED_NO_WINNER_DEFERRED pairs=39230 evals=768 545s
[561626.1] IDEA_D_CONTROL_R1440: step 57 ELEVATED pairs=39096 evals=784 555s
[561634.5] IDEA_D_CONTROL_R1440: step 58 RELOCATED pairs=39067 evals=800 564s
[561641.7] IDEA_D_CONTROL_R1440: step 59 PREFIX_EVALUATED_NO_WINNER_DEFERRED pairs=39067 evals=816 571s
[561652.2] IDEA_D_CONTROL_R1440: step 60 ELEVATED pairs=38932 evals=832 581s
[561660.1] IDEA_D_CONTROL_R1440: step 61 RELOCATED pairs=38885 evals=848 589s
[561667.3] IDEA_D_CONTROL_R1440: step 62 PREFIX_EVALUATED_NO_WINNER_DEFERRED pairs=38885 evals=864 596s
[561676.4] IDEA_D_CONTROL_R1440: step 63 ELEVATED pairs=38769 evals=880 605s
[561685.1] IDEA_D_CONTROL_R1440: step 64 RELOCATED pairs=38709 evals=896 614s
[561692.3] IDEA_D_CONTROL_R1440: step 65 PREFIX_EVALUATED_NO_WINNER_DEFERRED pairs=38709 evals=912 621s
[561708.0] IDEA_D_CONTROL_R1440: step 66 ELEVATED pairs=38505 evals=928 637s
[561718.7] IDEA_D_CONTROL_R1440: step 67 PREFIX_EVALUATED_NO_WINNER_DEFERRED pairs=38505 evals=944 648s
[561725.5] IDEA_D_CONTROL_R1440: step 68 PREFIX_EVALUATED_NO_WINNER_DEFERRED pairs=38505 evals=960 655s
[561732.4] IDEA_D_CONTROL_R1440: step 69 ELEVATED pairs=38277 evals=976 661s
[561743.0] IDEA_D_CONTROL_R1440: step 70 PREFIX_EVALUATED_NO_WINNER_DEFERRED pairs=38277 evals=992 672s
[561749.9] IDEA_D_CONTROL_R1440: step 71 PREFIX_EVALUATED_NO_WINNER_DEFERRED pairs=38277 evals=1008 679s
[561760.1] IDEA_D_CONTROL_R1440: step 72 ELEVATED pairs=38140 evals=1024 689s
[561770.9] IDEA_D_CONTROL_R1440: step 73 PREFIX_EVALUATED_NO_WINNER_DEFERRED pairs=38140 evals=1040 700s
[561783.3] IDEA_D_CONTROL_R1440: step 74 RELOCATED pairs=38100 evals=1056 712s
[561790.2] IDEA_D_CONTROL_R1440: step 75 ELEVATED pairs=37873 evals=1072 719s
[561800.9] IDEA_D_CONTROL_R1440: step 76 PREFIX_EVALUATED_NO_WINNER_DEFERRED pairs=37873 evals=1088 730s
[561808.6] IDEA_D_CONTROL_R1440: step 77 PREFIX_EVALUATED_NO_WINNER_DEFERRED pairs=37873 evals=1104 738s
[561819.5] IDEA_D_CONTROL_R1440: step 78 ELEVATED pairs=37669 evals=1120 749s
[561830.1] IDEA_D_CONTROL_R1440: step 79 PREFIX_EVALUATED_NO_WINNER_DEFERRED pairs=37669 evals=1136 759s
[561842.8] IDEA_D_CONTROL_R1440: step 80 RELOCATED pairs=37631 evals=1152 772s
[561849.3] IDEA_D_CONTROL_R1440: step 81 ELEVATED pairs=37405 evals=1168 778s
[561859.6] IDEA_D_CONTROL_R1440: step 82 PREFIX_EVALUATED_NO_WINNER_DEFERRED pairs=37405 evals=1184 789s
[561871.9] IDEA_D_CONTROL_R1440: step 83 RELOCATED pairs=37369 evals=1200 801s
[561879.7] IDEA_D_CONTROL_R1440: step 84 ELEVATED pairs=37160 evals=1216 809s
[561890.0] IDEA_D_CONTROL_R1440: step 85 PREFIX_EVALUATED_NO_WINNER_DEFERRED pairs=37160 evals=1232 819s
[561897.5] IDEA_D_CONTROL_R1440: step 86 PREFIX_EVALUATED_NO_WINNER_DEFERRED pairs=37160 evals=1248 826s
[561904.6] IDEA_D_CONTROL_R1440: step 87 ELEVATED pairs=36946 evals=1264 834s
[561914.2] IDEA_D_CONTROL_R1440: step 88 PREFIX_EVALUATED_NO_WINNER_DEFERRED pairs=36946 evals=1280 843s
[561921.5] IDEA_D_CONTROL_R1440: step 89 PREFIX_EVALUATED_NO_WINNER_DEFERRED pairs=36946 evals=1296 851s
[561921.8] IDEA_D_CONTROL_R1440: step 90 NO_CANDIDATES_GENERATED pairs=36946 evals=1296 851s
[561929.2] IDEA_D_CONTROL_R1440: step 91 PREFIX_EVALUATED_NO_WINNER_DEFERRED pairs=36946 evals=1312 858s
[561939.9] IDEA_D_CONTROL_R1440: step 92 RELOCATED pairs=36908 evals=1328 869s
[561940.2] IDEA_D_CONTROL_R1440: step 93 NO_CANDIDATES_GENERATED pairs=36908 evals=1328 869s
[561949.4] IDEA_D_CONTROL_R1440: step 94 PREFIX_EVALUATED_NO_WINNER_DEFERRED pairs=36908 evals=1344 878s
[561955.7] IDEA_D_CONTROL_R1440: step 95 PREFIX_EVALUATED_NO_WINNER_DEFERRED pairs=36908 evals=1360 885s
[561962.4] IDEA_D_CONTROL_R1440: step 96 ELEVATED pairs=36714 evals=1376 891s
[561971.0] IDEA_D_CONTROL_R1440: step 97 PREFIX_EVALUATED_NO_WINNER_DEFERRED pairs=36714 evals=1392 900s
[561977.3] IDEA_D_CONTROL_R1440: step 98 PREFIX_EVALUATED_NO_WINNER_DEFERRED pairs=36714 evals=1408 906s
[561983.9] IDEA_D_CONTROL_R1440: step 99 ELEVATED pairs=36520 evals=1424 913s
[561992.4] IDEA_D_CONTROL_R1440: step 100 PREFIX_EVALUATED_NO_WINNER_DEFERRED pairs=36520 evals=1440 921s
[561993.0] IDEA_D_CONTROL_R1440: step 101 ABORTED_CANDIDATE_BUDGET pairs=36520 evals=1440 922s
[561993.3] IDEA_D_CONTROL_R1440: done final=36520 moves=39 first=30 reloc=9 ret=0 evals=1440 stop=CANDIDATE_BUDGET_EXHAUSTED
[562032.7] IDEA_D_CONTROL_R1440: recheck PASS checks=130816
GROUP DONE IDEA_D_CONTROL_R1440 PASS
