start-state rescan (challenge) ...
  challenge PASS pairs=30999 unresolved=3 elevated=77
[555884.4] V6_E1_NC2880: start mode=N budget=2880 spec={"name": "V6_E1", "target_policy": "LEGACY", "evaluation_policy": "E1_ORDERED_EXHAUSTIVE", "traversal_policy": "BASE", "max_targets": 200, "k_per_target": 16, "family_round_robin": false, "relocation_side_reserve": 0, "waiting_age": false, "route_coverage": false, "multi_anchor": false, "exact_dedup": false, "decision_cache": false, "return_action": false, "cache_structural_skips": false, "window_slack_mm": 1e-05, "notes": ""}
[555884.4] V6_E1_NC2880: start state=challenge C:\Users\lihao\Desktop\Graduation Project\OpticalWaveguideRouter3D\outputs\3d_strategy_v4\512_full_layout\N2880 pairs=30999
[555892.7] V6_E1_NC2880: INITIAL_DONE pairs=30999
[555892.9] V6_E1_NC2880: step 1 NO_CANDIDATES_GENERATED pairs=30999 evals=0 1s
[555893.0] V6_E1_NC2880: step 2 NO_CANDIDATES_GENERATED pairs=30999 evals=0 1s
[555893.2] V6_E1_NC2880: step 3 NO_CANDIDATES_GENERATED pairs=30999 evals=0 1s
[555893.3] V6_E1_NC2880: step 4 NO_CANDIDATES_GENERATED pairs=30999 evals=0 1s
[555893.5] V6_E1_NC2880: step 5 NO_CANDIDATES_GENERATED pairs=30999 evals=0 1s
[555893.7] V6_E1_NC2880: step 6 NO_CANDIDATES_GENERATED pairs=30999 evals=0 1s
[555937.9] V6_E1_NC2880: step 7 ELEVATED pairs=30804 evals=54 46s
[555982.0] V6_E1_NC2880: step 8 ELEVATED pairs=30610 evals=108 90s
[556047.0] V6_E1_NC2880: step 9 ELEVATED pairs=30415 evals=180 155s
[556111.6] V6_E1_NC2880: step 10 ELEVATED pairs=30222 evals=252 219s
[556112.0] V6_E1_NC2880: step 11 NO_CANDIDATES_GENERATED pairs=30222 evals=252 220s
[556131.8] V6_E1_NC2880: step 12 ELEVATED pairs=30031 evals=270 240s
[556154.4] V6_E1_NC2880: step 13 ELEVATED pairs=29842 evals=288 262s
[556181.1] V6_E1_NC2880: step 14 ELEVATED pairs=29655 evals=306 289s
[556244.2] V6_E1_NC2880: step 15 ELEVATED pairs=29456 evals=360 352s
[556271.1] V6_E1_NC2880: step 16 ELEVATED pairs=29271 evals=378 379s
[556334.3] V6_E1_NC2880: step 17 ELEVATED pairs=29074 evals=432 442s
[556399.8] V6_E1_NC2880: step 18 ELEVATED pairs=28879 evals=486 508s
[556446.3] V6_E1_NC2880: step 19 ELEVATED pairs=28704 evals=522 554s
[556503.3] V6_E1_NC2880: step 20 ELEVATED pairs=28531 evals=558 611s
[556562.9] V6_E1_NC2880: step 21 ELEVATED pairs=28342 evals=612 671s
[556615.3] V6_E1_NC2880: step 22 ELEVATED pairs=28165 evals=666 723s
[556668.5] V6_E1_NC2880: step 23 ELEVATED pairs=27978 evals=720 776s
[556696.2] V6_E1_NC2880: step 24 ELEVATED pairs=27815 evals=738 804s
[556751.7] V6_E1_NC2880: step 25 ELEVATED pairs=27630 evals=792 859s
[556813.0] V6_E1_NC2880: step 26 ELEVATED pairs=27447 evals=846 921s
[556878.0] V6_E1_NC2880: step 27 ELEVATED pairs=27269 evals=900 986s
[556888.0] V6_E1_NC2880: step 28 ELEVATED pairs=27097 evals=909 996s
[556951.9] V6_E1_NC2880: step 29 ELEVATED pairs=26921 evals=963 1060s
[556962.0] V6_E1_NC2880: step 30 ELEVATED pairs=26751 evals=972 1070s
[557025.1] V6_E1_NC2880: step 31 ELEVATED pairs=26577 evals=1026 1133s
[557034.9] V6_E1_NC2880: step 32 ELEVATED pairs=26409 evals=1035 1143s
[557097.8] V6_E1_NC2880: step 33 ELEVATED pairs=26237 evals=1089 1206s
[557098.2] V6_E1_NC2880: step 34 NO_CANDIDATES_GENERATED pairs=26237 evals=1089 1206s
[557108.1] V6_E1_NC2880: step 35 ELEVATED pairs=26071 evals=1098 1216s
[557172.2] V6_E1_NC2880: step 36 ELEVATED pairs=25901 evals=1152 1280s
[557231.2] V6_E1_NC2880: step 37 ELEVATED pairs=25733 evals=1206 1339s
[557288.0] V6_E1_NC2880: step 38 ELEVATED pairs=25567 evals=1260 1396s
[557343.7] V6_E1_NC2880: step 39 ELEVATED pairs=25403 evals=1314 1451s
[557397.8] V6_E1_NC2880: step 40 ELEVATED pairs=25241 evals=1368 1506s
[557429.3] V6_E1_NC2880: step 41 ELEVATED pairs=25086 evals=1422 1537s
[557482.3] V6_E1_NC2880: step 42 ELEVATED pairs=24926 evals=1476 1590s
[557527.5] V6_E1_NC2880: step 43 ELEVATED pairs=24735 evals=1548 1635s
[557592.6] V6_E1_NC2880: step 44 ELEVATED pairs=24570 evals=1620 1700s
[557658.3] V6_E1_NC2880: step 45 ELEVATED pairs=24407 evals=1692 1766s
[557718.3] V6_E1_NC2880: step 46 ELEVATED pairs=24246 evals=1746 1826s
[557774.0] V6_E1_NC2880: step 47 ELEVATED pairs=24087 evals=1800 1882s
[557814.5] V6_E1_NC2880: step 48 ELEVATED pairs=23913 evals=1872 1922s
[557871.0] V6_E1_NC2880: step 49 ELEVATED pairs=23756 evals=1926 1979s
[557913.5] V6_E1_NC2880: step 50 ELEVATED pairs=23605 evals=1980 2021s
[557972.1] V6_E1_NC2880: step 51 ELEVATED pairs=23450 evals=2034 2080s
[558015.1] V6_E1_NC2880: step 52 ELEVATED pairs=23299 evals=2088 2123s
[558056.2] V6_E1_NC2880: step 53 ELEVATED pairs=23148 evals=2142 2164s
[558095.9] V6_E1_NC2880: step 54 ELEVATED pairs=22997 evals=2196 2204s
[558146.6] V6_E1_NC2880: step 55 ELEVATED pairs=22844 evals=2250 2254s
[558189.3] V6_E1_NC2880: step 56 ELEVATED pairs=22693 evals=2313 2297s
[558237.2] V6_E1_NC2880: step 57 ELEVATED pairs=22541 evals=2367 2345s
[558284.1] V6_E1_NC2880: step 58 ELEVATED pairs=22391 evals=2421 2392s
[558335.9] V6_E1_NC2880: step 59 ELEVATED pairs=22253 evals=2493 2444s
[558379.1] V6_E1_NC2880: step 60 ELEVATED pairs=22114 evals=2565 2487s
[558421.3] V6_E1_NC2880: step 61 ELEVATED pairs=21984 evals=2637 2529s
[558471.2] V6_E1_NC2880: step 62 ELEVATED pairs=21856 evals=2709 2579s
[558522.0] V6_E1_NC2880: step 63 ELEVATED pairs=21730 evals=2781 2630s
[558553.0] V6_E1_NC2880: step 64 ELEVATED pairs=21594 evals=2835 2661s
[558574.0] V6_E1_NC2880: step 65 ELEVATED pairs=21462 evals=2853 2682s
[558584.8] V6_E1_NC2880: step 66 ELEVATED pairs=21351 evals=2880 2693s
[558585.1] V6_E1_NC2880: done final=21351 moves=58 first=58 reloc=0 ret=0 evals=2880 stop=CANDIDATE_BUDGET_EXHAUSTED
[558698.0] V6_E1_NC2880: recheck PASS checks=130816
GROUP DONE V6_E1_NC2880 PASS
