start-state rescan (main) ...
  main PASS pairs=42909 unresolved=3 elevated=24
[559493.1] IDEA_E_R1440: start mode=R budget=1440 spec={"name": "IDEA_E", "target_policy": "LEGACY", "evaluation_policy": "E2_ORDERED_K16", "traversal_policy": "BASE", "max_targets": 200, "k_per_target": 16, "family_round_robin": false, "relocation_side_reserve": 0, "waiting_age": false, "route_coverage": false, "multi_anchor": true, "exact_dedup": false, "decision_cache": false, "return_action": false, "cache_structural_skips": false, "window_slack_mm": 1e-05, "notes": ""}
[559493.1] IDEA_E_R1440: start state=main C:\Users\lihao\Desktop\Graduation Project\OpticalWaveguideRouter3D\outputs\3d_strategy_v3\512_ablation\D_both_enabled pairs=42909
[559503.8] IDEA_E_R1440: INITIAL_DONE pairs=42909
[559504.3] IDEA_E_R1440: step 1 NO_CANDIDATES_GENERATED pairs=42909 evals=0 1s
[559504.7] IDEA_E_R1440: step 2 NO_CANDIDATES_GENERATED pairs=42909 evals=0 1s
[559513.1] IDEA_E_R1440: step 3 ELEVATED pairs=42648 evals=16 10s
[559513.7] IDEA_E_R1440: step 4 NO_CANDIDATES_GENERATED pairs=42648 evals=16 10s
[559514.5] IDEA_E_R1440: step 5 NO_CANDIDATES_GENERATED pairs=42648 evals=16 11s
[559521.7] IDEA_E_R1440: step 6 ELEVATED pairs=42403 evals=25 18s
[559522.2] IDEA_E_R1440: step 7 NO_CANDIDATES_GENERATED pairs=42403 evals=25 19s
[559523.0] IDEA_E_R1440: step 8 NO_CANDIDATES_GENERATED pairs=42403 evals=25 20s
[559529.8] IDEA_E_R1440: step 9 ELEVATED pairs=42161 evals=34 26s
[559530.6] IDEA_E_R1440: step 10 NO_CANDIDATES_GENERATED pairs=42161 evals=34 27s
[559531.3] IDEA_E_R1440: step 11 NO_CANDIDATES_GENERATED pairs=42161 evals=34 28s
[559539.8] IDEA_E_R1440: step 12 ELEVATED pairs=41921 evals=43 36s
[559540.6] IDEA_E_R1440: step 13 NO_CANDIDATES_GENERATED pairs=41921 evals=43 37s
[559541.1] IDEA_E_R1440: step 14 NO_CANDIDATES_GENERATED pairs=41921 evals=43 38s
[559549.1] IDEA_E_R1440: step 15 ELEVATED pairs=41683 evals=52 46s
[559549.9] IDEA_E_R1440: step 16 NO_CANDIDATES_GENERATED pairs=41683 evals=52 46s
[559550.3] IDEA_E_R1440: step 17 NO_CANDIDATES_GENERATED pairs=41683 evals=52 47s
[559568.8] IDEA_E_R1440: step 18 ELEVATED pairs=41434 evals=68 65s
[559569.5] IDEA_E_R1440: step 19 NO_CANDIDATES_GENERATED pairs=41434 evals=68 66s
[559570.1] IDEA_E_R1440: step 20 NO_CANDIDATES_GENERATED pairs=41434 evals=68 67s
[559591.3] IDEA_E_R1440: step 21 ELEVATED pairs=41184 evals=84 88s
[559592.1] IDEA_E_R1440: step 22 NO_CANDIDATES_GENERATED pairs=41184 evals=84 89s
[559592.7] IDEA_E_R1440: step 23 NO_CANDIDATES_GENERATED pairs=41184 evals=84 89s
[559618.7] IDEA_E_R1440: step 24 ELEVATED pairs=40937 evals=100 115s
[559619.5] IDEA_E_R1440: step 25 NO_CANDIDATES_GENERATED pairs=40937 evals=100 116s
[559620.3] IDEA_E_R1440: step 26 NO_CANDIDATES_GENERATED pairs=40937 evals=100 117s
[559640.6] IDEA_E_R1440: step 27 ELEVATED pairs=40689 evals=116 137s
[559641.4] IDEA_E_R1440: step 28 NO_CANDIDATES_GENERATED pairs=40689 evals=116 138s
[559641.9] IDEA_E_R1440: step 29 NO_CANDIDATES_GENERATED pairs=40689 evals=116 138s
[559657.9] IDEA_E_R1440: step 30 ELEVATED pairs=40444 evals=132 154s
[559658.7] IDEA_E_R1440: step 31 NO_CANDIDATES_GENERATED pairs=40444 evals=132 155s
[559659.5] IDEA_E_R1440: step 32 NO_CANDIDATES_GENERATED pairs=40444 evals=132 156s
[559675.2] IDEA_E_R1440: step 33 ELEVATED pairs=40198 evals=148 172s
[559676.0] IDEA_E_R1440: step 34 NO_CANDIDATES_GENERATED pairs=40198 evals=148 173s
[559676.7] IDEA_E_R1440: step 35 NO_CANDIDATES_GENERATED pairs=40198 evals=148 173s
[559689.8] IDEA_E_R1440: step 36 ELEVATED pairs=39951 evals=164 186s
[559690.2] IDEA_E_R1440: step 37 NO_CANDIDATES_GENERATED pairs=39951 evals=164 187s
[559690.9] IDEA_E_R1440: step 38 NO_CANDIDATES_GENERATED pairs=39951 evals=164 188s
[559701.5] IDEA_E_R1440: step 39 ELEVATED pairs=39725 evals=173 198s
[559702.0] IDEA_E_R1440: step 40 NO_CANDIDATES_GENERATED pairs=39725 evals=173 199s
[559702.3] IDEA_E_R1440: step 41 NO_CANDIDATES_GENERATED pairs=39725 evals=173 199s
[559715.7] IDEA_E_R1440: step 42 ELEVATED pairs=39501 evals=182 212s
[559716.1] IDEA_E_R1440: step 43 NO_CANDIDATES_GENERATED pairs=39501 evals=182 213s
[559716.5] IDEA_E_R1440: step 44 NO_CANDIDATES_GENERATED pairs=39501 evals=182 213s
[559724.5] IDEA_E_R1440: step 45 ELEVATED pairs=39283 evals=191 221s
[559725.2] IDEA_E_R1440: step 46 NO_CANDIDATES_GENERATED pairs=39283 evals=191 222s
[559726.0] IDEA_E_R1440: step 47 NO_CANDIDATES_GENERATED pairs=39283 evals=191 223s
[559741.2] IDEA_E_R1440: step 48 ELEVATED pairs=39034 evals=207 238s
[559741.6] IDEA_E_R1440: step 49 NO_CANDIDATES_GENERATED pairs=39034 evals=207 238s
[559742.4] IDEA_E_R1440: step 50 NO_CANDIDATES_GENERATED pairs=39034 evals=207 239s
[559750.0] IDEA_E_R1440: step 51 ELEVATED pairs=38813 evals=216 247s
[559750.8] IDEA_E_R1440: step 52 NO_CANDIDATES_GENERATED pairs=38813 evals=216 247s
[559751.4] IDEA_E_R1440: step 53 NO_CANDIDATES_GENERATED pairs=38813 evals=216 248s
[559761.8] IDEA_E_R1440: step 54 ELEVATED pairs=38586 evals=232 258s
[559762.6] IDEA_E_R1440: step 55 NO_CANDIDATES_GENERATED pairs=38586 evals=232 259s
[559763.3] IDEA_E_R1440: step 56 NO_CANDIDATES_GENERATED pairs=38586 evals=232 260s
[559772.1] IDEA_E_R1440: step 57 ELEVATED pairs=38370 evals=241 269s
[559772.4] IDEA_E_R1440: step 58 NO_CANDIDATES_GENERATED pairs=38370 evals=241 269s
[559773.1] IDEA_E_R1440: step 59 NO_CANDIDATES_GENERATED pairs=38370 evals=241 270s
[559783.0] IDEA_E_R1440: step 60 ELEVATED pairs=38142 evals=257 280s
[559783.6] IDEA_E_R1440: step 61 NO_CANDIDATES_GENERATED pairs=38142 evals=257 280s
[559784.3] IDEA_E_R1440: step 62 NO_CANDIDATES_GENERATED pairs=38142 evals=257 281s
[559788.4] IDEA_E_R1440: step 63 ELEVATED pairs=37928 evals=266 285s
[559789.1] IDEA_E_R1440: step 64 NO_CANDIDATES_GENERATED pairs=37928 evals=266 286s
[559789.6] IDEA_E_R1440: step 65 NO_CANDIDATES_GENERATED pairs=37928 evals=266 286s
[559801.8] IDEA_E_R1440: step 66 ELEVATED pairs=37702 evals=282 298s
[559802.5] IDEA_E_R1440: step 67 NO_CANDIDATES_GENERATED pairs=37702 evals=282 299s
[559803.2] IDEA_E_R1440: step 68 NO_CANDIDATES_GENERATED pairs=37702 evals=282 300s
[559809.8] IDEA_E_R1440: step 69 ELEVATED pairs=37490 evals=291 306s
[559810.6] IDEA_E_R1440: step 70 NO_CANDIDATES_GENERATED pairs=37490 evals=291 307s
[559811.2] IDEA_E_R1440: step 71 NO_CANDIDATES_GENERATED pairs=37490 evals=291 308s
[559823.5] IDEA_E_R1440: step 72 ELEVATED pairs=37265 evals=307 320s
[559824.2] IDEA_E_R1440: step 73 NO_CANDIDATES_GENERATED pairs=37265 evals=307 321s
[559824.9] IDEA_E_R1440: step 74 NO_CANDIDATES_GENERATED pairs=37265 evals=307 322s
[559845.2] IDEA_E_R1440: step 75 ELEVATED pairs=37052 evals=323 342s
[559845.5] IDEA_E_R1440: step 76 NO_CANDIDATES_GENERATED pairs=37052 evals=323 342s
[559846.3] IDEA_E_R1440: step 77 NO_CANDIDATES_GENERATED pairs=37052 evals=323 343s
[559855.3] IDEA_E_R1440: step 78 ELEVATED pairs=36852 evals=332 352s
[559856.0] IDEA_E_R1440: step 79 NO_CANDIDATES_GENERATED pairs=36852 evals=332 353s
[559856.7] IDEA_E_R1440: step 80 NO_CANDIDATES_GENERATED pairs=36852 evals=332 353s
[559857.3] IDEA_E_R1440: step 81 NO_CANDIDATES_GENERATED pairs=36852 evals=332 354s
[559876.2] IDEA_E_R1440: step 82 ELEVATED pairs=36638 evals=348 373s
[559876.8] IDEA_E_R1440: step 83 NO_CANDIDATES_GENERATED pairs=36638 evals=348 373s
[559877.6] IDEA_E_R1440: step 84 NO_CANDIDATES_GENERATED pairs=36638 evals=348 374s
[559878.3] IDEA_E_R1440: step 85 NO_CANDIDATES_GENERATED pairs=36638 evals=348 375s
[559893.4] IDEA_E_R1440: step 86 ELEVATED pairs=36437 evals=364 390s
[559894.1] IDEA_E_R1440: step 87 NO_CANDIDATES_GENERATED pairs=36437 evals=364 391s
[559894.6] IDEA_E_R1440: step 88 NO_CANDIDATES_GENERATED pairs=36437 evals=364 391s
[559895.0] IDEA_E_R1440: step 89 NO_CANDIDATES_GENERATED pairs=36437 evals=364 392s
[559895.7] IDEA_E_R1440: step 90 NO_CANDIDATES_GENERATED pairs=36437 evals=364 392s
[559896.2] IDEA_E_R1440: step 91 NO_CANDIDATES_GENERATED pairs=36437 evals=364 393s
[559915.0] IDEA_E_R1440: step 92 ELEVATED pairs=36235 evals=380 412s
[559915.7] IDEA_E_R1440: step 93 NO_CANDIDATES_GENERATED pairs=36235 evals=380 412s
[559916.0] IDEA_E_R1440: step 94 NO_CANDIDATES_GENERATED pairs=36235 evals=380 413s
[559916.7] IDEA_E_R1440: step 95 NO_CANDIDATES_GENERATED pairs=36235 evals=380 413s
[559917.1] IDEA_E_R1440: step 96 NO_CANDIDATES_GENERATED pairs=36235 evals=380 414s
[559917.8] IDEA_E_R1440: step 97 NO_CANDIDATES_GENERATED pairs=36235 evals=380 414s
[559928.1] IDEA_E_R1440: step 98 ELEVATED pairs=36026 evals=396 425s
[559928.8] IDEA_E_R1440: step 99 NO_CANDIDATES_GENERATED pairs=36026 evals=396 425s
[559929.0] IDEA_E_R1440: step 100 NO_CANDIDATES_GENERATED pairs=36026 evals=396 426s
[559929.4] IDEA_E_R1440: step 101 NO_CANDIDATES_GENERATED pairs=36026 evals=396 426s
[559930.0] IDEA_E_R1440: step 102 NO_CANDIDATES_GENERATED pairs=36026 evals=396 427s
[559930.7] IDEA_E_R1440: step 103 NO_CANDIDATES_GENERATED pairs=36026 evals=396 427s
[559940.5] IDEA_E_R1440: step 104 ELEVATED pairs=35817 evals=412 437s
[559941.2] IDEA_E_R1440: step 105 NO_CANDIDATES_GENERATED pairs=35817 evals=412 438s
[559941.9] IDEA_E_R1440: step 106 NO_CANDIDATES_GENERATED pairs=35817 evals=412 438s
[559942.6] IDEA_E_R1440: step 107 NO_CANDIDATES_GENERATED pairs=35817 evals=412 439s
[559943.1] IDEA_E_R1440: step 108 NO_CANDIDATES_GENERATED pairs=35817 evals=412 440s
[559943.8] IDEA_E_R1440: step 109 NO_CANDIDATES_GENERATED pairs=35817 evals=412 440s
[559965.4] IDEA_E_R1440: step 110 ELEVATED pairs=35591 evals=428 462s
[559966.1] IDEA_E_R1440: step 111 NO_CANDIDATES_GENERATED pairs=35591 evals=428 463s
[559966.7] IDEA_E_R1440: step 112 NO_CANDIDATES_GENERATED pairs=35591 evals=428 463s
[559967.4] IDEA_E_R1440: step 113 NO_CANDIDATES_GENERATED pairs=35591 evals=428 464s
[559968.1] IDEA_E_R1440: step 114 NO_CANDIDATES_GENERATED pairs=35591 evals=428 465s
[559968.8] IDEA_E_R1440: step 115 NO_CANDIDATES_GENERATED pairs=35591 evals=428 465s
[559984.8] IDEA_E_R1440: step 116 ELEVATED pairs=35382 evals=444 481s
[559985.1] IDEA_E_R1440: step 117 NO_CANDIDATES_GENERATED pairs=35382 evals=444 482s
[559985.8] IDEA_E_R1440: step 118 NO_CANDIDATES_GENERATED pairs=35382 evals=444 482s
[559986.5] IDEA_E_R1440: step 119 NO_CANDIDATES_GENERATED pairs=35382 evals=444 483s
[559987.0] IDEA_E_R1440: step 120 NO_CANDIDATES_GENERATED pairs=35382 evals=444 484s
[559987.8] IDEA_E_R1440: step 121 NO_CANDIDATES_GENERATED pairs=35382 evals=444 484s
[560007.0] IDEA_E_R1440: step 122 ELEVATED pairs=35180 evals=460 504s
[560007.5] IDEA_E_R1440: step 123 NO_CANDIDATES_GENERATED pairs=35180 evals=460 504s
[560008.2] IDEA_E_R1440: step 124 NO_CANDIDATES_GENERATED pairs=35180 evals=460 505s
[560008.5] IDEA_E_R1440: step 125 NO_CANDIDATES_GENERATED pairs=35180 evals=460 505s
[560009.3] IDEA_E_R1440: step 126 NO_CANDIDATES_GENERATED pairs=35180 evals=460 506s
[560009.6] IDEA_E_R1440: step 127 NO_CANDIDATES_GENERATED pairs=35180 evals=460 506s
[560028.1] IDEA_E_R1440: step 128 ELEVATED pairs=34973 evals=476 525s
[560028.6] IDEA_E_R1440: step 129 NO_CANDIDATES_GENERATED pairs=34973 evals=476 525s
[560029.3] IDEA_E_R1440: step 130 NO_CANDIDATES_GENERATED pairs=34973 evals=476 526s
[560030.0] IDEA_E_R1440: step 131 NO_CANDIDATES_GENERATED pairs=34973 evals=476 527s
[560030.4] IDEA_E_R1440: step 132 NO_CANDIDATES_GENERATED pairs=34973 evals=476 527s
[560030.6] IDEA_E_R1440: step 133 NO_CANDIDATES_GENERATED pairs=34973 evals=476 527s
[560048.9] IDEA_E_R1440: step 134 ELEVATED pairs=34773 evals=492 545s
[560049.5] IDEA_E_R1440: step 135 NO_CANDIDATES_GENERATED pairs=34773 evals=492 546s
[560050.3] IDEA_E_R1440: step 136 NO_CANDIDATES_GENERATED pairs=34773 evals=492 547s
[560050.9] IDEA_E_R1440: step 137 NO_CANDIDATES_GENERATED pairs=34773 evals=492 548s
[560051.3] IDEA_E_R1440: step 138 NO_CANDIDATES_GENERATED pairs=34773 evals=492 548s
[560051.6] IDEA_E_R1440: step 139 NO_CANDIDATES_GENERATED pairs=34773 evals=492 548s
[560069.4] IDEA_E_R1440: step 140 ELEVATED pairs=34567 evals=508 566s
[560070.0] IDEA_E_R1440: step 141 NO_CANDIDATES_GENERATED pairs=34567 evals=508 567s
[560070.4] IDEA_E_R1440: step 142 NO_CANDIDATES_GENERATED pairs=34567 evals=508 567s
[560071.1] IDEA_E_R1440: step 143 NO_CANDIDATES_GENERATED pairs=34567 evals=508 568s
[560071.5] IDEA_E_R1440: step 144 NO_CANDIDATES_GENERATED pairs=34567 evals=508 568s
[560072.2] IDEA_E_R1440: step 145 NO_CANDIDATES_GENERATED pairs=34567 evals=508 569s
[560088.2] IDEA_E_R1440: step 146 ELEVATED pairs=34368 evals=524 585s
[560088.5] IDEA_E_R1440: step 147 NO_CANDIDATES_GENERATED pairs=34368 evals=524 585s
[560088.9] IDEA_E_R1440: step 148 NO_CANDIDATES_GENERATED pairs=34368 evals=524 586s
[560089.7] IDEA_E_R1440: step 149 NO_CANDIDATES_GENERATED pairs=34368 evals=524 586s
[560090.1] IDEA_E_R1440: step 150 NO_CANDIDATES_GENERATED pairs=34368 evals=524 587s
[560090.5] IDEA_E_R1440: step 151 NO_CANDIDATES_GENERATED pairs=34368 evals=524 587s
[560111.2] IDEA_E_R1440: step 152 ELEVATED pairs=34164 evals=540 608s
[560111.5] IDEA_E_R1440: step 153 NO_CANDIDATES_GENERATED pairs=34164 evals=540 608s
[560112.0] IDEA_E_R1440: step 154 NO_CANDIDATES_GENERATED pairs=34164 evals=540 609s
[560112.5] IDEA_E_R1440: step 155 NO_CANDIDATES_GENERATED pairs=34164 evals=540 609s
[560113.0] IDEA_E_R1440: step 156 NO_CANDIDATES_GENERATED pairs=34164 evals=540 610s
[560113.4] IDEA_E_R1440: step 157 NO_CANDIDATES_GENERATED pairs=34164 evals=540 610s
[560129.2] IDEA_E_R1440: step 158 ELEVATED pairs=33967 evals=556 626s
[560129.6] IDEA_E_R1440: step 159 NO_CANDIDATES_GENERATED pairs=33967 evals=556 626s
[560129.9] IDEA_E_R1440: step 160 NO_CANDIDATES_GENERATED pairs=33967 evals=556 626s
[560130.2] IDEA_E_R1440: step 161 NO_CANDIDATES_GENERATED pairs=33967 evals=556 627s
[560130.7] IDEA_E_R1440: step 162 NO_CANDIDATES_GENERATED pairs=33967 evals=556 627s
[560130.9] IDEA_E_R1440: step 163 NO_CANDIDATES_GENERATED pairs=33967 evals=556 628s
[560148.3] IDEA_E_R1440: step 164 ELEVATED pairs=33764 evals=572 645s
[560148.7] IDEA_E_R1440: step 165 NO_CANDIDATES_GENERATED pairs=33764 evals=572 645s
[560149.1] IDEA_E_R1440: step 166 NO_CANDIDATES_GENERATED pairs=33764 evals=572 646s
[560149.5] IDEA_E_R1440: step 167 NO_CANDIDATES_GENERATED pairs=33764 evals=572 646s
[560149.7] IDEA_E_R1440: step 168 NO_CANDIDATES_GENERATED pairs=33764 evals=572 646s
[560150.0] IDEA_E_R1440: step 169 NO_CANDIDATES_GENERATED pairs=33764 evals=572 647s
[560162.3] IDEA_E_R1440: step 170 ELEVATED pairs=33568 evals=588 659s
[560162.8] IDEA_E_R1440: step 171 NO_CANDIDATES_GENERATED pairs=33568 evals=588 659s
[560163.2] IDEA_E_R1440: step 172 NO_CANDIDATES_GENERATED pairs=33568 evals=588 660s
[560163.6] IDEA_E_R1440: step 173 NO_CANDIDATES_GENERATED pairs=33568 evals=588 660s
[560164.0] IDEA_E_R1440: step 174 NO_CANDIDATES_GENERATED pairs=33568 evals=588 661s
[560164.4] IDEA_E_R1440: step 175 NO_CANDIDATES_GENERATED pairs=33568 evals=588 661s
[560179.3] IDEA_E_R1440: step 176 ELEVATED pairs=33367 evals=604 676s
[560179.7] IDEA_E_R1440: step 177 NO_CANDIDATES_GENERATED pairs=33367 evals=604 676s
[560180.1] IDEA_E_R1440: step 178 NO_CANDIDATES_GENERATED pairs=33367 evals=604 677s
[560180.5] IDEA_E_R1440: step 179 NO_CANDIDATES_GENERATED pairs=33367 evals=604 677s
[560180.9] IDEA_E_R1440: step 180 NO_CANDIDATES_GENERATED pairs=33367 evals=604 677s
[560181.3] IDEA_E_R1440: step 181 NO_CANDIDATES_GENERATED pairs=33367 evals=604 678s
[560196.8] IDEA_E_R1440: step 182 ELEVATED pairs=33167 evals=620 693s
[560197.2] IDEA_E_R1440: step 183 NO_CANDIDATES_GENERATED pairs=33167 evals=620 694s
[560197.5] IDEA_E_R1440: step 184 NO_CANDIDATES_GENERATED pairs=33167 evals=620 694s
[560197.9] IDEA_E_R1440: step 185 NO_CANDIDATES_GENERATED pairs=33167 evals=620 695s
[560198.4] IDEA_E_R1440: step 186 NO_CANDIDATES_GENERATED pairs=33167 evals=620 695s
[560198.8] IDEA_E_R1440: step 187 NO_CANDIDATES_GENERATED pairs=33167 evals=620 695s
[560209.7] IDEA_E_R1440: step 188 ELEVATED pairs=32960 evals=636 706s
[560210.1] IDEA_E_R1440: step 189 NO_CANDIDATES_GENERATED pairs=32960 evals=636 707s
[560210.5] IDEA_E_R1440: step 190 NO_CANDIDATES_GENERATED pairs=32960 evals=636 707s
[560210.9] IDEA_E_R1440: step 191 NO_CANDIDATES_GENERATED pairs=32960 evals=636 708s
[560211.3] IDEA_E_R1440: step 192 NO_CANDIDATES_GENERATED pairs=32960 evals=636 708s
[560211.6] IDEA_E_R1440: step 193 NO_CANDIDATES_GENERATED pairs=32960 evals=636 708s
[560229.0] IDEA_E_R1440: step 194 ELEVATED pairs=32762 evals=652 726s
[560229.4] IDEA_E_R1440: step 195 NO_CANDIDATES_GENERATED pairs=32762 evals=652 726s
[560229.7] IDEA_E_R1440: step 196 NO_CANDIDATES_GENERATED pairs=32762 evals=652 726s
[560230.2] IDEA_E_R1440: step 197 NO_CANDIDATES_GENERATED pairs=32762 evals=652 727s
[560230.5] IDEA_E_R1440: step 198 NO_CANDIDATES_GENERATED pairs=32762 evals=652 727s
[560230.8] IDEA_E_R1440: step 199 NO_CANDIDATES_GENERATED pairs=32762 evals=652 727s
[560246.0] IDEA_E_R1440: step 200 ELEVATED pairs=32565 evals=668 743s
[560246.7] IDEA_E_R1440: done final=32565 moves=47 first=47 reloc=0 ret=0 evals=668 stop=TARGET_LIMIT
[560331.2] IDEA_E_R1440: recheck PASS checks=130816
GROUP DONE IDEA_E_R1440 PASS
