start-state rescan (main) ...
  main PASS pairs=42909 unresolved=3 elevated=24
[559495.8] IDEA_E_R720: start mode=R budget=720 spec={"name": "IDEA_E", "target_policy": "LEGACY", "evaluation_policy": "E2_ORDERED_K16", "traversal_policy": "BASE", "max_targets": 200, "k_per_target": 16, "family_round_robin": false, "relocation_side_reserve": 0, "waiting_age": false, "route_coverage": false, "multi_anchor": true, "exact_dedup": false, "decision_cache": false, "return_action": false, "cache_structural_skips": false, "window_slack_mm": 1e-05, "notes": ""}
[559495.8] IDEA_E_R720: start state=main C:\Users\lihao\Desktop\Graduation Project\OpticalWaveguideRouter3D\outputs\3d_strategy_v3\512_ablation\D_both_enabled pairs=42909
[559505.7] IDEA_E_R720: INITIAL_DONE pairs=42909
[559506.1] IDEA_E_R720: step 1 NO_CANDIDATES_GENERATED pairs=42909 evals=0 1s
[559507.0] IDEA_E_R720: step 2 NO_CANDIDATES_GENERATED pairs=42909 evals=0 1s
[559514.1] IDEA_E_R720: step 3 ELEVATED pairs=42648 evals=16 9s
[559514.9] IDEA_E_R720: step 4 NO_CANDIDATES_GENERATED pairs=42648 evals=16 9s
[559515.6] IDEA_E_R720: step 5 NO_CANDIDATES_GENERATED pairs=42648 evals=16 10s
[559522.9] IDEA_E_R720: step 6 ELEVATED pairs=42403 evals=25 17s
[559523.5] IDEA_E_R720: step 7 NO_CANDIDATES_GENERATED pairs=42403 evals=25 18s
[559524.2] IDEA_E_R720: step 8 NO_CANDIDATES_GENERATED pairs=42403 evals=25 19s
[559530.0] IDEA_E_R720: step 9 ELEVATED pairs=42161 evals=34 25s
[559530.7] IDEA_E_R720: step 10 NO_CANDIDATES_GENERATED pairs=42161 evals=34 25s
[559531.5] IDEA_E_R720: step 11 NO_CANDIDATES_GENERATED pairs=42161 evals=34 26s
[559542.3] IDEA_E_R720: step 12 ELEVATED pairs=41921 evals=43 37s
[559542.6] IDEA_E_R720: step 13 NO_CANDIDATES_GENERATED pairs=41921 evals=43 37s
[559543.4] IDEA_E_R720: step 14 NO_CANDIDATES_GENERATED pairs=41921 evals=43 38s
[559550.3] IDEA_E_R720: step 15 ELEVATED pairs=41683 evals=52 45s
[559550.7] IDEA_E_R720: step 16 NO_CANDIDATES_GENERATED pairs=41683 evals=52 45s
[559551.0] IDEA_E_R720: step 17 NO_CANDIDATES_GENERATED pairs=41683 evals=52 46s
[559566.2] IDEA_E_R720: step 18 ELEVATED pairs=41434 evals=68 61s
[559566.5] IDEA_E_R720: step 19 NO_CANDIDATES_GENERATED pairs=41434 evals=68 61s
[559567.4] IDEA_E_R720: step 20 NO_CANDIDATES_GENERATED pairs=41434 evals=68 62s
[559584.3] IDEA_E_R720: step 21 ELEVATED pairs=41184 evals=84 79s
[559585.1] IDEA_E_R720: step 22 NO_CANDIDATES_GENERATED pairs=41184 evals=84 80s
[559585.7] IDEA_E_R720: step 23 NO_CANDIDATES_GENERATED pairs=41184 evals=84 80s
[559607.1] IDEA_E_R720: step 24 ELEVATED pairs=40937 evals=100 102s
[559607.9] IDEA_E_R720: step 25 NO_CANDIDATES_GENERATED pairs=40937 evals=100 102s
[559608.3] IDEA_E_R720: step 26 NO_CANDIDATES_GENERATED pairs=40937 evals=100 103s
[559626.1] IDEA_E_R720: step 27 ELEVATED pairs=40689 evals=116 121s
[559626.4] IDEA_E_R720: step 28 NO_CANDIDATES_GENERATED pairs=40689 evals=116 121s
[559627.2] IDEA_E_R720: step 29 NO_CANDIDATES_GENERATED pairs=40689 evals=116 122s
[559643.1] IDEA_E_R720: step 30 ELEVATED pairs=40444 evals=132 138s
[559643.9] IDEA_E_R720: step 31 NO_CANDIDATES_GENERATED pairs=40444 evals=132 138s
[559644.4] IDEA_E_R720: step 32 NO_CANDIDATES_GENERATED pairs=40444 evals=132 139s
[559667.7] IDEA_E_R720: step 33 ELEVATED pairs=40198 evals=148 162s
[559668.5] IDEA_E_R720: step 34 NO_CANDIDATES_GENERATED pairs=40198 evals=148 163s
[559669.2] IDEA_E_R720: step 35 NO_CANDIDATES_GENERATED pairs=40198 evals=148 164s
[559683.8] IDEA_E_R720: step 36 ELEVATED pairs=39951 evals=164 178s
[559684.3] IDEA_E_R720: step 37 NO_CANDIDATES_GENERATED pairs=39951 evals=164 179s
[559685.1] IDEA_E_R720: step 38 NO_CANDIDATES_GENERATED pairs=39951 evals=164 180s
[559699.5] IDEA_E_R720: step 39 ELEVATED pairs=39725 evals=173 194s
[559699.9] IDEA_E_R720: step 40 NO_CANDIDATES_GENERATED pairs=39725 evals=173 194s
[559700.7] IDEA_E_R720: step 41 NO_CANDIDATES_GENERATED pairs=39725 evals=173 195s
[559712.4] IDEA_E_R720: step 42 ELEVATED pairs=39501 evals=182 207s
[559713.1] IDEA_E_R720: step 43 NO_CANDIDATES_GENERATED pairs=39501 evals=182 208s
[559713.8] IDEA_E_R720: step 44 NO_CANDIDATES_GENERATED pairs=39501 evals=182 208s
[559719.0] IDEA_E_R720: step 45 ELEVATED pairs=39283 evals=191 214s
[559719.4] IDEA_E_R720: step 46 NO_CANDIDATES_GENERATED pairs=39283 evals=191 214s
[559720.1] IDEA_E_R720: step 47 NO_CANDIDATES_GENERATED pairs=39283 evals=191 215s
[559738.6] IDEA_E_R720: step 48 ELEVATED pairs=39034 evals=207 233s
[559739.2] IDEA_E_R720: step 49 NO_CANDIDATES_GENERATED pairs=39034 evals=207 234s
[559739.8] IDEA_E_R720: step 50 NO_CANDIDATES_GENERATED pairs=39034 evals=207 234s
[559744.1] IDEA_E_R720: step 51 ELEVATED pairs=38813 evals=216 239s
[559744.8] IDEA_E_R720: step 52 NO_CANDIDATES_GENERATED pairs=38813 evals=216 239s
[559745.6] IDEA_E_R720: step 53 NO_CANDIDATES_GENERATED pairs=38813 evals=216 240s
[559753.5] IDEA_E_R720: step 54 ELEVATED pairs=38586 evals=232 248s
[559754.2] IDEA_E_R720: step 55 NO_CANDIDATES_GENERATED pairs=38586 evals=232 249s
[559754.9] IDEA_E_R720: step 56 NO_CANDIDATES_GENERATED pairs=38586 evals=232 249s
[559764.2] IDEA_E_R720: step 57 ELEVATED pairs=38370 evals=241 259s
[559764.6] IDEA_E_R720: step 58 NO_CANDIDATES_GENERATED pairs=38370 evals=241 259s
[559765.4] IDEA_E_R720: step 59 NO_CANDIDATES_GENERATED pairs=38370 evals=241 260s
[559776.4] IDEA_E_R720: step 60 ELEVATED pairs=38142 evals=257 271s
[559777.1] IDEA_E_R720: step 61 NO_CANDIDATES_GENERATED pairs=38142 evals=257 272s
[559777.6] IDEA_E_R720: step 62 NO_CANDIDATES_GENERATED pairs=38142 evals=257 272s
[559782.1] IDEA_E_R720: step 63 ELEVATED pairs=37928 evals=266 277s
[559782.6] IDEA_E_R720: step 64 NO_CANDIDATES_GENERATED pairs=37928 evals=266 277s
[559783.3] IDEA_E_R720: step 65 NO_CANDIDATES_GENERATED pairs=37928 evals=266 278s
[559794.5] IDEA_E_R720: step 66 ELEVATED pairs=37702 evals=282 289s
[559795.2] IDEA_E_R720: step 67 NO_CANDIDATES_GENERATED pairs=37702 evals=282 290s
[559795.9] IDEA_E_R720: step 68 NO_CANDIDATES_GENERATED pairs=37702 evals=282 290s
[559801.7] IDEA_E_R720: step 69 ELEVATED pairs=37490 evals=291 296s
[559802.2] IDEA_E_R720: step 70 NO_CANDIDATES_GENERATED pairs=37490 evals=291 297s
[559802.9] IDEA_E_R720: step 71 NO_CANDIDATES_GENERATED pairs=37490 evals=291 297s
[559812.5] IDEA_E_R720: step 72 ELEVATED pairs=37265 evals=307 307s
[559813.1] IDEA_E_R720: step 73 NO_CANDIDATES_GENERATED pairs=37265 evals=307 308s
[559813.8] IDEA_E_R720: step 74 NO_CANDIDATES_GENERATED pairs=37265 evals=307 308s
[559836.6] IDEA_E_R720: step 75 ELEVATED pairs=37052 evals=323 331s
[559836.9] IDEA_E_R720: step 76 NO_CANDIDATES_GENERATED pairs=37052 evals=323 331s
[559837.7] IDEA_E_R720: step 77 NO_CANDIDATES_GENERATED pairs=37052 evals=323 332s
[559847.2] IDEA_E_R720: step 78 ELEVATED pairs=36852 evals=332 342s
[559847.5] IDEA_E_R720: step 79 NO_CANDIDATES_GENERATED pairs=36852 evals=332 342s
[559847.8] IDEA_E_R720: step 80 NO_CANDIDATES_GENERATED pairs=36852 evals=332 342s
[559848.5] IDEA_E_R720: step 81 NO_CANDIDATES_GENERATED pairs=36852 evals=332 343s
[559870.1] IDEA_E_R720: step 82 ELEVATED pairs=36638 evals=348 365s
[559870.6] IDEA_E_R720: step 83 NO_CANDIDATES_GENERATED pairs=36638 evals=348 365s
[559871.1] IDEA_E_R720: step 84 NO_CANDIDATES_GENERATED pairs=36638 evals=348 366s
[559871.6] IDEA_E_R720: step 85 NO_CANDIDATES_GENERATED pairs=36638 evals=348 366s
[559889.0] IDEA_E_R720: step 86 ELEVATED pairs=36437 evals=364 384s
[559889.5] IDEA_E_R720: step 87 NO_CANDIDATES_GENERATED pairs=36437 evals=364 384s
[559890.2] IDEA_E_R720: step 88 NO_CANDIDATES_GENERATED pairs=36437 evals=364 385s
[559890.8] IDEA_E_R720: step 89 NO_CANDIDATES_GENERATED pairs=36437 evals=364 385s
[559891.1] IDEA_E_R720: step 90 NO_CANDIDATES_GENERATED pairs=36437 evals=364 386s
[559891.8] IDEA_E_R720: step 91 NO_CANDIDATES_GENERATED pairs=36437 evals=364 386s
[559905.6] IDEA_E_R720: step 92 ELEVATED pairs=36235 evals=380 400s
[559906.3] IDEA_E_R720: step 93 NO_CANDIDATES_GENERATED pairs=36235 evals=380 401s
[559907.0] IDEA_E_R720: step 94 NO_CANDIDATES_GENERATED pairs=36235 evals=380 402s
[559907.4] IDEA_E_R720: step 95 NO_CANDIDATES_GENERATED pairs=36235 evals=380 402s
[559908.1] IDEA_E_R720: step 96 NO_CANDIDATES_GENERATED pairs=36235 evals=380 403s
[559908.7] IDEA_E_R720: step 97 NO_CANDIDATES_GENERATED pairs=36235 evals=380 403s
[559917.4] IDEA_E_R720: step 98 ELEVATED pairs=36026 evals=396 412s
[559918.1] IDEA_E_R720: step 99 NO_CANDIDATES_GENERATED pairs=36026 evals=396 413s
[559918.9] IDEA_E_R720: step 100 NO_CANDIDATES_GENERATED pairs=36026 evals=396 413s
[559919.2] IDEA_E_R720: step 101 NO_CANDIDATES_GENERATED pairs=36026 evals=396 414s
[559919.9] IDEA_E_R720: step 102 NO_CANDIDATES_GENERATED pairs=36026 evals=396 414s
[559920.6] IDEA_E_R720: step 103 NO_CANDIDATES_GENERATED pairs=36026 evals=396 415s
[559928.8] IDEA_E_R720: step 104 ELEVATED pairs=35817 evals=412 423s
[559929.1] IDEA_E_R720: step 105 NO_CANDIDATES_GENERATED pairs=35817 evals=412 424s
[559929.6] IDEA_E_R720: step 106 NO_CANDIDATES_GENERATED pairs=35817 evals=412 424s
[559930.3] IDEA_E_R720: step 107 NO_CANDIDATES_GENERATED pairs=35817 evals=412 425s
[559931.0] IDEA_E_R720: step 108 NO_CANDIDATES_GENERATED pairs=35817 evals=412 425s
[559931.5] IDEA_E_R720: step 109 NO_CANDIDATES_GENERATED pairs=35817 evals=412 426s
[559949.9] IDEA_E_R720: step 110 ELEVATED pairs=35591 evals=428 444s
[559950.6] IDEA_E_R720: step 111 NO_CANDIDATES_GENERATED pairs=35591 evals=428 445s
[559951.0] IDEA_E_R720: step 112 NO_CANDIDATES_GENERATED pairs=35591 evals=428 446s
[559951.6] IDEA_E_R720: step 113 NO_CANDIDATES_GENERATED pairs=35591 evals=428 446s
[559952.3] IDEA_E_R720: step 114 NO_CANDIDATES_GENERATED pairs=35591 evals=428 447s
[559952.9] IDEA_E_R720: step 115 NO_CANDIDATES_GENERATED pairs=35591 evals=428 447s
[559971.6] IDEA_E_R720: step 116 ELEVATED pairs=35382 evals=444 466s
[559971.9] IDEA_E_R720: step 117 NO_CANDIDATES_GENERATED pairs=35382 evals=444 466s
[559972.5] IDEA_E_R720: step 118 NO_CANDIDATES_GENERATED pairs=35382 evals=444 467s
[559972.9] IDEA_E_R720: step 119 NO_CANDIDATES_GENERATED pairs=35382 evals=444 467s
[559973.5] IDEA_E_R720: step 120 NO_CANDIDATES_GENERATED pairs=35382 evals=444 468s
[559973.9] IDEA_E_R720: step 121 NO_CANDIDATES_GENERATED pairs=35382 evals=444 468s
[559986.8] IDEA_E_R720: step 122 ELEVATED pairs=35180 evals=460 481s
[559987.2] IDEA_E_R720: step 123 NO_CANDIDATES_GENERATED pairs=35180 evals=460 482s
[559987.9] IDEA_E_R720: step 124 NO_CANDIDATES_GENERATED pairs=35180 evals=460 482s
[559988.5] IDEA_E_R720: step 125 NO_CANDIDATES_GENERATED pairs=35180 evals=460 483s
[559989.2] IDEA_E_R720: step 126 NO_CANDIDATES_GENERATED pairs=35180 evals=460 484s
[559989.9] IDEA_E_R720: step 127 NO_CANDIDATES_GENERATED pairs=35180 evals=460 484s
[560008.6] IDEA_E_R720: step 128 ELEVATED pairs=34973 evals=476 503s
[560008.9] IDEA_E_R720: step 129 NO_CANDIDATES_GENERATED pairs=34973 evals=476 503s
[560009.4] IDEA_E_R720: step 130 NO_CANDIDATES_GENERATED pairs=34973 evals=476 504s
[560010.1] IDEA_E_R720: step 131 NO_CANDIDATES_GENERATED pairs=34973 evals=476 505s
[560010.8] IDEA_E_R720: step 132 NO_CANDIDATES_GENERATED pairs=34973 evals=476 505s
[560011.6] IDEA_E_R720: step 133 NO_CANDIDATES_GENERATED pairs=34973 evals=476 506s
[560026.1] IDEA_E_R720: step 134 ELEVATED pairs=34773 evals=492 521s
[560026.8] IDEA_E_R720: step 135 NO_CANDIDATES_GENERATED pairs=34773 evals=492 521s
[560027.2] IDEA_E_R720: step 136 NO_CANDIDATES_GENERATED pairs=34773 evals=492 522s
[560027.9] IDEA_E_R720: step 137 NO_CANDIDATES_GENERATED pairs=34773 evals=492 522s
[560028.6] IDEA_E_R720: step 138 NO_CANDIDATES_GENERATED pairs=34773 evals=492 523s
[560029.1] IDEA_E_R720: step 139 NO_CANDIDATES_GENERATED pairs=34773 evals=492 524s
[560049.8] IDEA_E_R720: step 140 ELEVATED pairs=34567 evals=508 544s
[560050.5] IDEA_E_R720: step 141 NO_CANDIDATES_GENERATED pairs=34567 evals=508 545s
[560050.9] IDEA_E_R720: step 142 NO_CANDIDATES_GENERATED pairs=34567 evals=508 545s
[560051.5] IDEA_E_R720: step 143 NO_CANDIDATES_GENERATED pairs=34567 evals=508 546s
[560052.2] IDEA_E_R720: step 144 NO_CANDIDATES_GENERATED pairs=34567 evals=508 547s
[560052.9] IDEA_E_R720: step 145 NO_CANDIDATES_GENERATED pairs=34567 evals=508 547s
[560071.1] IDEA_E_R720: step 146 ELEVATED pairs=34368 evals=524 566s
[560071.6] IDEA_E_R720: step 147 NO_CANDIDATES_GENERATED pairs=34368 evals=524 566s
[560072.0] IDEA_E_R720: step 148 NO_CANDIDATES_GENERATED pairs=34368 evals=524 567s
[560072.7] IDEA_E_R720: step 149 NO_CANDIDATES_GENERATED pairs=34368 evals=524 567s
[560073.4] IDEA_E_R720: step 150 NO_CANDIDATES_GENERATED pairs=34368 evals=524 568s
[560074.0] IDEA_E_R720: step 151 NO_CANDIDATES_GENERATED pairs=34368 evals=524 569s
[560098.6] IDEA_E_R720: step 152 ELEVATED pairs=34164 evals=540 593s
[560099.1] IDEA_E_R720: step 153 NO_CANDIDATES_GENERATED pairs=34164 evals=540 594s
[560099.6] IDEA_E_R720: step 154 NO_CANDIDATES_GENERATED pairs=34164 evals=540 594s
[560100.2] IDEA_E_R720: step 155 NO_CANDIDATES_GENERATED pairs=34164 evals=540 595s
[560100.4] IDEA_E_R720: step 156 NO_CANDIDATES_GENERATED pairs=34164 evals=540 595s
[560101.1] IDEA_E_R720: step 157 NO_CANDIDATES_GENERATED pairs=34164 evals=540 596s
[560118.3] IDEA_E_R720: step 158 ELEVATED pairs=33967 evals=556 613s
[560118.8] IDEA_E_R720: step 159 NO_CANDIDATES_GENERATED pairs=33967 evals=556 613s
[560119.2] IDEA_E_R720: step 160 NO_CANDIDATES_GENERATED pairs=33967 evals=556 614s
[560119.7] IDEA_E_R720: step 161 NO_CANDIDATES_GENERATED pairs=33967 evals=556 614s
[560120.2] IDEA_E_R720: step 162 NO_CANDIDATES_GENERATED pairs=33967 evals=556 615s
[560120.7] IDEA_E_R720: step 163 NO_CANDIDATES_GENERATED pairs=33967 evals=556 615s
[560140.9] IDEA_E_R720: step 164 ELEVATED pairs=33764 evals=572 635s
[560141.3] IDEA_E_R720: step 165 NO_CANDIDATES_GENERATED pairs=33764 evals=572 636s
[560141.6] IDEA_E_R720: step 166 NO_CANDIDATES_GENERATED pairs=33764 evals=572 636s
[560142.0] IDEA_E_R720: step 167 NO_CANDIDATES_GENERATED pairs=33764 evals=572 636s
[560142.3] IDEA_E_R720: step 168 NO_CANDIDATES_GENERATED pairs=33764 evals=572 637s
[560142.6] IDEA_E_R720: step 169 NO_CANDIDATES_GENERATED pairs=33764 evals=572 637s
[560155.7] IDEA_E_R720: step 170 ELEVATED pairs=33568 evals=588 650s
[560156.1] IDEA_E_R720: step 171 NO_CANDIDATES_GENERATED pairs=33568 evals=588 651s
[560156.6] IDEA_E_R720: step 172 NO_CANDIDATES_GENERATED pairs=33568 evals=588 651s
[560156.9] IDEA_E_R720: step 173 NO_CANDIDATES_GENERATED pairs=33568 evals=588 651s
[560157.3] IDEA_E_R720: step 174 NO_CANDIDATES_GENERATED pairs=33568 evals=588 652s
[560157.7] IDEA_E_R720: step 175 NO_CANDIDATES_GENERATED pairs=33568 evals=588 652s
[560173.1] IDEA_E_R720: step 176 ELEVATED pairs=33367 evals=604 668s
[560173.5] IDEA_E_R720: step 177 NO_CANDIDATES_GENERATED pairs=33367 evals=604 668s
[560173.9] IDEA_E_R720: step 178 NO_CANDIDATES_GENERATED pairs=33367 evals=604 668s
[560174.3] IDEA_E_R720: step 179 NO_CANDIDATES_GENERATED pairs=33367 evals=604 669s
[560174.7] IDEA_E_R720: step 180 NO_CANDIDATES_GENERATED pairs=33367 evals=604 669s
[560175.1] IDEA_E_R720: step 181 NO_CANDIDATES_GENERATED pairs=33367 evals=604 670s
[560192.8] IDEA_E_R720: step 182 ELEVATED pairs=33167 evals=620 687s
[560193.2] IDEA_E_R720: step 183 NO_CANDIDATES_GENERATED pairs=33167 evals=620 688s
[560193.6] IDEA_E_R720: step 184 NO_CANDIDATES_GENERATED pairs=33167 evals=620 688s
[560194.0] IDEA_E_R720: step 185 NO_CANDIDATES_GENERATED pairs=33167 evals=620 689s
[560194.3] IDEA_E_R720: step 186 NO_CANDIDATES_GENERATED pairs=33167 evals=620 689s
[560194.7] IDEA_E_R720: step 187 NO_CANDIDATES_GENERATED pairs=33167 evals=620 689s
[560206.9] IDEA_E_R720: step 188 ELEVATED pairs=32960 evals=636 701s
[560207.3] IDEA_E_R720: step 189 NO_CANDIDATES_GENERATED pairs=32960 evals=636 702s
[560207.7] IDEA_E_R720: step 190 NO_CANDIDATES_GENERATED pairs=32960 evals=636 702s
[560208.0] IDEA_E_R720: step 191 NO_CANDIDATES_GENERATED pairs=32960 evals=636 703s
[560208.4] IDEA_E_R720: step 192 NO_CANDIDATES_GENERATED pairs=32960 evals=636 703s
[560208.8] IDEA_E_R720: step 193 NO_CANDIDATES_GENERATED pairs=32960 evals=636 703s
[560226.6] IDEA_E_R720: step 194 ELEVATED pairs=32762 evals=652 721s
[560227.0] IDEA_E_R720: step 195 NO_CANDIDATES_GENERATED pairs=32762 evals=652 721s
[560227.4] IDEA_E_R720: step 196 NO_CANDIDATES_GENERATED pairs=32762 evals=652 722s
[560227.6] IDEA_E_R720: step 197 NO_CANDIDATES_GENERATED pairs=32762 evals=652 722s
[560228.0] IDEA_E_R720: step 198 NO_CANDIDATES_GENERATED pairs=32762 evals=652 723s
[560228.4] IDEA_E_R720: step 199 NO_CANDIDATES_GENERATED pairs=32762 evals=652 723s
[560246.9] IDEA_E_R720: step 200 ELEVATED pairs=32565 evals=668 741s
[560247.4] IDEA_E_R720: done final=32565 moves=47 first=47 reloc=0 ret=0 evals=668 stop=TARGET_LIMIT
[560327.6] IDEA_E_R720: recheck PASS checks=130816
GROUP DONE IDEA_E_R720 PASS
