start-state rescan (main) ...
  main PASS pairs=42909 unresolved=3 elevated=24
[558646.3] IDEA_B_N2880: start mode=N budget=2880 spec={"name": "IDEA_B", "target_policy": "LEGACY", "evaluation_policy": "E2_ORDERED_K16", "traversal_policy": "BASE", "max_targets": 200, "k_per_target": 16, "family_round_robin": false, "relocation_side_reserve": 8, "waiting_age": false, "route_coverage": false, "multi_anchor": false, "exact_dedup": false, "decision_cache": false, "return_action": false, "cache_structural_skips": false, "window_slack_mm": 1e-05, "notes": ""}
[558646.3] IDEA_B_N2880: start state=main C:\Users\lihao\Desktop\Graduation Project\OpticalWaveguideRouter3D\outputs\3d_strategy_v3\512_ablation\D_both_enabled pairs=42909
[558653.9] IDEA_B_N2880: INITIAL_DONE pairs=42909
[558654.2] IDEA_B_N2880: step 1 NO_CANDIDATES_GENERATED pairs=42909 evals=0 1s
[558654.4] IDEA_B_N2880: step 2 NO_CANDIDATES_GENERATED pairs=42909 evals=0 1s
[558665.2] IDEA_B_N2880: step 3 ELEVATED pairs=42661 evals=16 12s
[558685.1] IDEA_B_N2880: step 4 ELEVATED pairs=42487 evals=32 32s
[558699.9] IDEA_B_N2880: step 5 ELEVATED pairs=42305 evals=48 46s
[558714.9] IDEA_B_N2880: step 6 ELEVATED pairs=42121 evals=64 61s
[558729.9] IDEA_B_N2880: step 7 ELEVATED pairs=41936 evals=80 76s
[558740.7] IDEA_B_N2880: step 8 ELEVATED pairs=41680 evals=96 87s
[558755.7] IDEA_B_N2880: step 9 ELEVATED pairs=41486 evals=112 102s
[558765.9] IDEA_B_N2880: step 10 ELEVATED pairs=41225 evals=128 112s
[558785.8] IDEA_B_N2880: step 11 ELEVATED pairs=41046 evals=144 132s
[558805.6] IDEA_B_N2880: step 12 ELEVATED pairs=40867 evals=160 152s
[558814.9] IDEA_B_N2880: step 13 ELEVATED pairs=40628 evals=176 161s
[558827.9] IDEA_B_N2880: step 14 ELEVATED pairs=40377 evals=192 174s
[558837.2] IDEA_B_N2880: step 15 ELEVATED pairs=40136 evals=208 184s
[558850.3] IDEA_B_N2880: step 16 ELEVATED pairs=39887 evals=224 197s
[558863.7] IDEA_B_N2880: step 17 ELEVATED pairs=39640 evals=240 210s
[558876.8] IDEA_B_N2880: step 18 ELEVATED pairs=39399 evals=256 223s
[558890.6] IDEA_B_N2880: step 19 ELEVATED pairs=39175 evals=272 237s
[558903.7] IDEA_B_N2880: step 20 ELEVATED pairs=38969 evals=288 250s
[558920.9] IDEA_B_N2880: step 21 ELEVATED pairs=38811 evals=304 267s
[558934.2] IDEA_B_N2880: step 22 ELEVATED pairs=38668 evals=320 281s
[558946.8] IDEA_B_N2880: step 23 ELEVATED pairs=38466 evals=336 293s
[558959.3] IDEA_B_N2880: step 24 ELEVATED pairs=38332 evals=352 306s
[558969.6] IDEA_B_N2880: step 25 ELEVATED pairs=38108 evals=368 316s
[558982.4] IDEA_B_N2880: step 26 ELEVATED pairs=37974 evals=384 329s
[558992.7] IDEA_B_N2880: step 27 ELEVATED pairs=37771 evals=400 339s
[559003.1] IDEA_B_N2880: step 28 ELEVATED pairs=37568 evals=416 350s
[559011.8] IDEA_B_N2880: step 29 ELEVATED pairs=37338 evals=432 358s
[559020.6] IDEA_B_N2880: step 30 ELEVATED pairs=37110 evals=448 367s
[559032.5] IDEA_B_N2880: step 31 ELEVATED pairs=36910 evals=464 379s
[559041.2] IDEA_B_N2880: step 32 ELEVATED pairs=36684 evals=480 388s
[559052.8] IDEA_B_N2880: step 33 ELEVATED pairs=36466 evals=496 399s
[559064.2] IDEA_B_N2880: step 34 ELEVATED pairs=36269 evals=512 411s
[559084.2] IDEA_B_N2880: step 35 ELEVATED pairs=36073 evals=528 431s
[559098.5] IDEA_B_N2880: step 36 ELEVATED pairs=35887 evals=544 445s
[559110.1] IDEA_B_N2880: step 37 ELEVATED pairs=35774 evals=560 457s
[559122.9] IDEA_B_N2880: step 38 ELEVATED pairs=35543 evals=576 469s
[559133.4] IDEA_B_N2880: step 39 ELEVATED pairs=35343 evals=592 480s
[559146.3] IDEA_B_N2880: step 40 ELEVATED pairs=35138 evals=608 493s
[559146.6] IDEA_B_N2880: step 41 NO_CANDIDATES_GENERATED pairs=35138 evals=608 493s
[559146.8] IDEA_B_N2880: step 42 NO_CANDIDATES_GENERATED pairs=35138 evals=608 493s
[559160.1] IDEA_B_N2880: step 43 ELEVATED pairs=34935 evals=624 507s
[559174.2] IDEA_B_N2880: step 44 ELEVATED pairs=34734 evals=640 521s
[559183.8] IDEA_B_N2880: step 45 ELEVATED pairs=34539 evals=656 530s
[559198.8] IDEA_B_N2880: step 46 ELEVATED pairs=34340 evals=672 545s
[559214.0] IDEA_B_N2880: step 47 ELEVATED pairs=34143 evals=688 561s
[559228.3] IDEA_B_N2880: step 48 ELEVATED pairs=33933 evals=704 575s
[559245.7] IDEA_B_N2880: step 49 ELEVATED pairs=33738 evals=720 592s
[559259.5] IDEA_B_N2880: step 50 ELEVATED pairs=33530 evals=736 606s
[559271.3] IDEA_B_N2880: step 51 ELEVATED pairs=33326 evals=752 618s
[559288.8] IDEA_B_N2880: step 52 ELEVATED pairs=33133 evals=768 635s
[559302.5] IDEA_B_N2880: step 53 ELEVATED pairs=32926 evals=784 649s
[559320.3] IDEA_B_N2880: step 54 ELEVATED pairs=32735 evals=800 667s
[559332.6] IDEA_B_N2880: step 55 ELEVATED pairs=32530 evals=816 679s
[559349.3] IDEA_B_N2880: step 56 ELEVATED pairs=32341 evals=832 696s
[559361.7] IDEA_B_N2880: step 57 ELEVATED pairs=32137 evals=848 708s
[559378.9] IDEA_B_N2880: step 58 ELEVATED pairs=31950 evals=864 725s
[559386.9] IDEA_B_N2880: step 59 ELEVATED pairs=31792 evals=880 733s
[559399.2] IDEA_B_N2880: step 60 ELEVATED pairs=31590 evals=896 746s
[559411.6] IDEA_B_N2880: step 61 ELEVATED pairs=31389 evals=912 758s
[559423.6] IDEA_B_N2880: step 62 ELEVATED pairs=31226 evals=928 770s
[559443.3] IDEA_B_N2880: step 63 ELEVATED pairs=31027 evals=944 790s
[559463.4] IDEA_B_N2880: step 64 ELEVATED pairs=30829 evals=960 810s
[559464.0] IDEA_B_N2880: step 65 NO_CANDIDATES_GENERATED pairs=30829 evals=960 811s
[559465.0] IDEA_B_N2880: step 66 NO_CANDIDATES_GENERATED pairs=30829 evals=960 812s
[559466.0] IDEA_B_N2880: step 67 NO_CANDIDATES_GENERATED pairs=30829 evals=960 812s
[559488.1] IDEA_B_N2880: step 68 ELEVATED pairs=30633 evals=976 835s
[559503.4] IDEA_B_N2880: step 69 ELEVATED pairs=30481 evals=992 850s
[559519.7] IDEA_B_N2880: step 70 ELEVATED pairs=30367 evals=1008 866s
[559540.8] IDEA_B_N2880: step 71 ELEVATED pairs=30214 evals=1024 887s
[559554.7] IDEA_B_N2880: step 72 ELEVATED pairs=30030 evals=1033 901s
[559571.7] IDEA_B_N2880: step 73 ELEVATED pairs=29879 evals=1049 918s
[559584.8] IDEA_B_N2880: step 74 ELEVATED pairs=29697 evals=1058 931s
[559604.0] IDEA_B_N2880: step 75 ELEVATED pairs=29548 evals=1074 951s
[559618.5] IDEA_B_N2880: step 76 ELEVATED pairs=29368 evals=1083 965s
[559631.1] IDEA_B_N2880: step 77 ELEVATED pairs=29190 evals=1092 978s
[559666.5] IDEA_B_N2880: step 78 ELEVATED pairs=28961 evals=1108 1013s
[559679.8] IDEA_B_N2880: step 79 ELEVATED pairs=28776 evals=1124 1026s
[559690.8] IDEA_B_N2880: step 80 ELEVATED pairs=28593 evals=1140 1037s
[559700.1] IDEA_B_N2880: step 81 ELEVATED pairs=28412 evals=1156 1047s
[559712.3] IDEA_B_N2880: step 82 ELEVATED pairs=28233 evals=1172 1059s
[559724.0] IDEA_B_N2880: step 83 ELEVATED pairs=28134 evals=1188 1071s
[559739.7] IDEA_B_N2880: step 84 ELEVATED pairs=28022 evals=1204 1086s
[559753.3] IDEA_B_N2880: step 85 ELEVATED pairs=27902 evals=1220 1100s
[559765.9] IDEA_B_N2880: step 86 ELEVATED pairs=27782 evals=1236 1112s
[559777.5] IDEA_B_N2880: step 87 ELEVATED pairs=27662 evals=1252 1124s
[559790.3] IDEA_B_N2880: step 88 ELEVATED pairs=27514 evals=1268 1137s
[559800.3] IDEA_B_N2880: step 89 ELEVATED pairs=27394 evals=1284 1147s
[559814.4] IDEA_B_N2880: step 90 ELEVATED pairs=27248 evals=1300 1161s
[559829.7] IDEA_B_N2880: step 91 ELEVATED pairs=27092 evals=1316 1176s
[559846.8] IDEA_B_N2880: step 92 PREFIX_EVALUATED_NO_WINNER_DEFERRED pairs=27092 evals=1332 1193s
[559865.6] IDEA_B_N2880: step 93 ELEVATED pairs=26951 evals=1348 1212s
[559879.7] IDEA_B_N2880: step 94 PREFIX_EVALUATED_NO_WINNER_DEFERRED pairs=26951 evals=1364 1226s
[559898.2] IDEA_B_N2880: step 95 ELEVATED pairs=26895 evals=1380 1245s
[559914.0] IDEA_B_N2880: step 96 ELEVATED pairs=26781 evals=1396 1261s
[559938.0] IDEA_B_N2880: step 97 ELEVATED pairs=26690 evals=1412 1285s
[559957.3] IDEA_B_N2880: step 98 ELEVATED pairs=26525 evals=1428 1304s
[559973.5] IDEA_B_N2880: step 99 ELEVATED pairs=26436 evals=1444 1320s
[559991.5] IDEA_B_N2880: step 100 ELEVATED pairs=26273 evals=1460 1338s
[560009.8] IDEA_B_N2880: step 101 ELEVATED pairs=26112 evals=1476 1356s
[560026.1] IDEA_B_N2880: step 102 ELEVATED pairs=26016 evals=1492 1373s
[560050.0] IDEA_B_N2880: step 103 ELEVATED pairs=25857 evals=1508 1397s
[560061.3] IDEA_B_N2880: step 104 ELEVATED pairs=25803 evals=1524 1408s
[560082.7] IDEA_B_N2880: step 105 ELEVATED pairs=25644 evals=1540 1429s
[560103.2] IDEA_B_N2880: step 106 ELEVATED pairs=25487 evals=1556 1450s
[560113.7] IDEA_B_N2880: step 107 ELEVATED pairs=25361 evals=1572 1460s
[560131.9] IDEA_B_N2880: step 108 ELEVATED pairs=25207 evals=1588 1478s
[560147.1] IDEA_B_N2880: step 109 ELEVATED pairs=25144 evals=1604 1494s
[560157.8] IDEA_B_N2880: step 110 ELEVATED pairs=24969 evals=1620 1504s
[560170.2] IDEA_B_N2880: step 111 ELEVATED pairs=24796 evals=1636 1517s
[560183.9] IDEA_B_N2880: step 112 ELEVATED pairs=24735 evals=1652 1530s
[560211.7] IDEA_B_N2880: step 113 ELEVATED pairs=24607 evals=1668 1558s
[560240.1] IDEA_B_N2880: step 114 ELEVATED pairs=24481 evals=1684 1587s
[560253.8] IDEA_B_N2880: step 115 ELEVATED pairs=24411 evals=1700 1600s
[560270.9] IDEA_B_N2880: step 116 ELEVATED pairs=24317 evals=1709 1617s
[560297.0] IDEA_B_N2880: step 117 ELEVATED pairs=24173 evals=1725 1644s
[560309.0] IDEA_B_N2880: step 118 ELEVATED pairs=24079 evals=1741 1656s
[560334.4] IDEA_B_N2880: step 119 ELEVATED pairs=23935 evals=1757 1681s
[560356.2] IDEA_B_N2880: step 120 ELEVATED pairs=23791 evals=1773 1703s
[560367.2] IDEA_B_N2880: step 121 ELEVATED pairs=23698 evals=1789 1714s
[560387.8] IDEA_B_N2880: step 122 ELEVATED pairs=23554 evals=1805 1734s
[560420.8] IDEA_B_N2880: step 123 ELEVATED pairs=23440 evals=1821 1767s
[560436.8] IDEA_B_N2880: step 124 ELEVATED pairs=23259 evals=1837 1783s
[560468.6] IDEA_B_N2880: step 125 ELEVATED pairs=23145 evals=1853 1815s
[560501.1] IDEA_B_N2880: step 126 ELEVATED pairs=23031 evals=1869 1848s
[560521.0] IDEA_B_N2880: step 127 ELEVATED pairs=22866 evals=1885 1867s
[560550.9] IDEA_B_N2880: step 128 ELEVATED pairs=22752 evals=1901 1897s
[560571.3] IDEA_B_N2880: step 129 ELEVATED pairs=22589 evals=1917 1918s
[560594.3] IDEA_B_N2880: step 130 ELEVATED pairs=22428 evals=1933 1941s
[560618.9] IDEA_B_N2880: step 131 ELEVATED pairs=22269 evals=1949 1965s
[560631.0] IDEA_B_N2880: step 132 ELEVATED pairs=22187 evals=1965 1978s
[560641.9] IDEA_B_N2880: step 133 ELEVATED pairs=22053 evals=1981 1988s
[560652.8] IDEA_B_N2880: step 134 ELEVATED pairs=21921 evals=1997 1999s
[560670.5] IDEA_B_N2880: step 135 ELEVATED pairs=21793 evals=2013 2017s
[560681.5] IDEA_B_N2880: step 136 ELEVATED pairs=21663 evals=2029 2028s
[560692.0] IDEA_B_N2880: step 137 ELEVATED pairs=21599 evals=2045 2039s
[560702.6] IDEA_B_N2880: step 138 ELEVATED pairs=21536 evals=2061 2049s
[560713.2] IDEA_B_N2880: step 139 ELEVATED pairs=21473 evals=2077 2060s
[560721.9] IDEA_B_N2880: step 140 ELEVATED pairs=21404 evals=2093 2068s
[560730.7] IDEA_B_N2880: step 141 ELEVATED pairs=21335 evals=2109 2077s
[560739.9] IDEA_B_N2880: step 142 ELEVATED pairs=21266 evals=2125 2086s
[560749.2] IDEA_B_N2880: step 143 ELEVATED pairs=21197 evals=2141 2096s
[560758.6] IDEA_B_N2880: step 144 PREFIX_EVALUATED_NO_WINNER_DEFERRED pairs=21197 evals=2157 2105s
[560780.5] IDEA_B_N2880: step 145 ELEVATED pairs=21078 evals=2173 2127s
[560789.9] IDEA_B_N2880: step 146 PREFIX_EVALUATED_NO_WINNER_DEFERRED pairs=21078 evals=2189 2136s
[560801.2] IDEA_B_N2880: step 147 ELEVATED pairs=21032 evals=2205 2148s
[560810.5] IDEA_B_N2880: step 148 PREFIX_EVALUATED_NO_WINNER_DEFERRED pairs=21032 evals=2221 2157s
[560822.3] IDEA_B_N2880: step 149 ELEVATED pairs=20986 evals=2237 2169s
[560831.8] IDEA_B_N2880: step 150 PREFIX_EVALUATED_NO_WINNER_DEFERRED pairs=20986 evals=2253 2178s
[560840.6] IDEA_B_N2880: step 151 ELEVATED pairs=20932 evals=2269 2187s
[560849.9] IDEA_B_N2880: step 152 PREFIX_EVALUATED_NO_WINNER_DEFERRED pairs=20932 evals=2285 2196s
[560859.1] IDEA_B_N2880: step 153 ELEVATED pairs=20865 evals=2301 2206s
[560868.5] IDEA_B_N2880: step 154 PREFIX_EVALUATED_NO_WINNER_DEFERRED pairs=20865 evals=2317 2215s
[560877.7] IDEA_B_N2880: step 155 ELEVATED pairs=20798 evals=2333 2224s
[560887.2] IDEA_B_N2880: step 156 PREFIX_EVALUATED_NO_WINNER_DEFERRED pairs=20798 evals=2349 2234s
[560895.8] IDEA_B_N2880: step 157 ELEVATED pairs=20731 evals=2365 2242s
[560905.6] IDEA_B_N2880: step 158 PREFIX_EVALUATED_NO_WINNER_DEFERRED pairs=20731 evals=2381 2252s
[560922.9] IDEA_B_N2880: step 159 ELEVATED pairs=20568 evals=2397 2269s
[560932.3] IDEA_B_N2880: step 160 PREFIX_EVALUATED_NO_WINNER_DEFERRED pairs=20568 evals=2413 2279s
[560940.5] IDEA_B_N2880: step 161 ELEVATED pairs=20508 evals=2429 2287s
[560949.6] IDEA_B_N2880: step 162 PREFIX_EVALUATED_NO_WINNER_DEFERRED pairs=20508 evals=2445 2296s
[560957.3] IDEA_B_N2880: step 163 ELEVATED pairs=20448 evals=2461 2304s
[560966.1] IDEA_B_N2880: step 164 PREFIX_EVALUATED_NO_WINNER_DEFERRED pairs=20448 evals=2477 2313s
[560980.9] IDEA_B_N2880: step 165 ELEVATED pairs=20287 evals=2493 2327s
[560989.3] IDEA_B_N2880: step 166 PREFIX_EVALUATED_NO_WINNER_DEFERRED pairs=20287 evals=2509 2336s
[560997.1] IDEA_B_N2880: step 167 ELEVATED pairs=20221 evals=2525 2344s
[561005.6] IDEA_B_N2880: step 168 PREFIX_EVALUATED_NO_WINNER_DEFERRED pairs=20221 evals=2541 2352s
[561021.5] IDEA_B_N2880: step 169 ELEVATED pairs=20062 evals=2557 2368s
[561031.5] IDEA_B_N2880: step 170 PREFIX_EVALUATED_NO_WINNER_DEFERRED pairs=20062 evals=2573 2378s
[561054.3] IDEA_B_N2880: step 171 ELEVATED pairs=19908 evals=2589 2401s
[561069.7] IDEA_B_N2880: step 172 ELEVATED pairs=19759 evals=2605 2416s
[561085.2] IDEA_B_N2880: step 173 ELEVATED pairs=19612 evals=2621 2432s
[561100.1] IDEA_B_N2880: step 174 ELEVATED pairs=19467 evals=2637 2447s
[561115.2] IDEA_B_N2880: step 175 ELEVATED pairs=19324 evals=2653 2462s
[561130.6] IDEA_B_N2880: step 176 ELEVATED pairs=19185 evals=2669 2477s
[561146.0] IDEA_B_N2880: step 177 ELEVATED pairs=19069 evals=2685 2493s
[561163.3] IDEA_B_N2880: step 178 ELEVATED pairs=18955 evals=2701 2510s
[561192.9] IDEA_B_N2880: step 179 ELEVATED pairs=18864 evals=2717 2539s
[561204.1] IDEA_B_N2880: step 180 PREFIX_EVALUATED_NO_WINNER_DEFERRED pairs=18864 evals=2733 2551s
[561232.6] IDEA_B_N2880: step 181 ELEVATED pairs=18774 evals=2749 2579s
[561243.8] IDEA_B_N2880: step 182 PREFIX_EVALUATED_NO_WINNER_DEFERRED pairs=18774 evals=2765 2590s
[561270.9] IDEA_B_N2880: step 183 ELEVATED pairs=18685 evals=2781 2617s
[561282.2] IDEA_B_N2880: step 184 PREFIX_EVALUATED_NO_WINNER_DEFERRED pairs=18685 evals=2797 2629s
[561307.9] IDEA_B_N2880: step 185 ELEVATED pairs=18596 evals=2813 2654s
[561319.1] IDEA_B_N2880: step 186 PREFIX_EVALUATED_NO_WINNER_DEFERRED pairs=18596 evals=2829 2666s
[561344.5] IDEA_B_N2880: step 187 ELEVATED pairs=18520 evals=2845 2691s
[561355.8] IDEA_B_N2880: step 188 PREFIX_EVALUATED_NO_WINNER_DEFERRED pairs=18520 evals=2861 2702s
[561380.8] IDEA_B_N2880: step 189 ELEVATED pairs=18444 evals=2877 2727s
[561383.6] IDEA_B_N2880: step 190 ABORTED_CANDIDATE_BUDGET pairs=18444 evals=2880 2730s
[561384.2] IDEA_B_N2880: done final=18444 moves=161 first=161 reloc=0 ret=0 evals=2880 stop=CANDIDATE_BUDGET_EXHAUSTED
[561489.3] IDEA_B_N2880: recheck PASS checks=130816
GROUP DONE IDEA_B_N2880 PASS
