start-state rescan (main) ...
  main PASS pairs=42909 unresolved=3 elevated=24
[555868.5] V6_E2_R2880: start mode=R budget=2880 spec={"name": "V6_E2", "target_policy": "LEGACY", "evaluation_policy": "E2_ORDERED_K16", "traversal_policy": "BASE", "max_targets": 200, "k_per_target": 16, "family_round_robin": false, "relocation_side_reserve": 0, "waiting_age": false, "route_coverage": false, "multi_anchor": false, "exact_dedup": false, "decision_cache": false, "return_action": false, "cache_structural_skips": false, "window_slack_mm": 1e-05, "notes": ""}
[555868.5] V6_E2_R2880: start state=main C:\Users\lihao\Desktop\Graduation Project\OpticalWaveguideRouter3D\outputs\3d_strategy_v3\512_ablation\D_both_enabled pairs=42909
[555876.0] V6_E2_R2880: INITIAL_DONE pairs=42909
[555876.2] V6_E2_R2880: step 1 NO_CANDIDATES_GENERATED pairs=42909 evals=0 1s
[555876.5] V6_E2_R2880: step 2 NO_CANDIDATES_GENERATED pairs=42909 evals=0 1s
[555887.0] V6_E2_R2880: step 3 ELEVATED pairs=42661 evals=16 11s
[555905.5] V6_E2_R2880: step 4 ELEVATED pairs=42487 evals=32 30s
[555919.9] V6_E2_R2880: step 5 ELEVATED pairs=42305 evals=48 44s
[555934.5] V6_E2_R2880: step 6 ELEVATED pairs=42121 evals=64 59s
[555948.9] V6_E2_R2880: step 7 ELEVATED pairs=41936 evals=80 73s
[555959.4] V6_E2_R2880: step 8 ELEVATED pairs=41680 evals=96 84s
[555973.9] V6_E2_R2880: step 9 ELEVATED pairs=41486 evals=112 98s
[555984.2] V6_E2_R2880: step 10 ELEVATED pairs=41225 evals=128 108s
[556004.2] V6_E2_R2880: step 11 ELEVATED pairs=41046 evals=144 129s
[556024.5] V6_E2_R2880: step 12 ELEVATED pairs=40867 evals=160 149s
[556034.0] V6_E2_R2880: step 13 ELEVATED pairs=40628 evals=176 158s
[556046.9] V6_E2_R2880: step 14 ELEVATED pairs=40377 evals=192 171s
[556056.3] V6_E2_R2880: step 15 ELEVATED pairs=40136 evals=208 181s
[556069.3] V6_E2_R2880: step 16 ELEVATED pairs=39887 evals=224 194s
[556082.2] V6_E2_R2880: step 17 ELEVATED pairs=39640 evals=240 207s
[556094.8] V6_E2_R2880: step 18 ELEVATED pairs=39399 evals=256 219s
[556108.3] V6_E2_R2880: step 19 ELEVATED pairs=39175 evals=272 233s
[556121.2] V6_E2_R2880: step 20 ELEVATED pairs=38969 evals=288 246s
[556138.3] V6_E2_R2880: step 21 ELEVATED pairs=38811 evals=304 263s
[556152.4] V6_E2_R2880: step 22 ELEVATED pairs=38668 evals=320 277s
[556165.2] V6_E2_R2880: step 23 ELEVATED pairs=38466 evals=336 290s
[556178.1] V6_E2_R2880: step 24 ELEVATED pairs=38332 evals=352 302s
[556188.5] V6_E2_R2880: step 25 ELEVATED pairs=38108 evals=368 313s
[556201.4] V6_E2_R2880: step 26 ELEVATED pairs=37974 evals=384 326s
[556211.9] V6_E2_R2880: step 27 ELEVATED pairs=37771 evals=400 336s
[556222.4] V6_E2_R2880: step 28 ELEVATED pairs=37568 evals=416 347s
[556231.2] V6_E2_R2880: step 29 ELEVATED pairs=37338 evals=432 355s
[556240.0] V6_E2_R2880: step 30 ELEVATED pairs=37110 evals=448 364s
[556252.3] V6_E2_R2880: step 31 ELEVATED pairs=36910 evals=464 377s
[556261.0] V6_E2_R2880: step 32 ELEVATED pairs=36684 evals=480 385s
[556272.5] V6_E2_R2880: step 33 ELEVATED pairs=36466 evals=496 397s
[556283.8] V6_E2_R2880: step 34 ELEVATED pairs=36269 evals=512 408s
[556303.4] V6_E2_R2880: step 35 ELEVATED pairs=36073 evals=528 428s
[556317.5] V6_E2_R2880: step 36 ELEVATED pairs=35887 evals=544 442s
[556328.9] V6_E2_R2880: step 37 ELEVATED pairs=35774 evals=560 453s
[556341.7] V6_E2_R2880: step 38 ELEVATED pairs=35543 evals=576 466s
[556352.4] V6_E2_R2880: step 39 ELEVATED pairs=35343 evals=592 477s
[556365.8] V6_E2_R2880: step 40 ELEVATED pairs=35138 evals=608 490s
[556366.1] V6_E2_R2880: step 41 NO_CANDIDATES_GENERATED pairs=35138 evals=608 490s
[556366.8] V6_E2_R2880: step 42 NO_CANDIDATES_GENERATED pairs=35138 evals=608 491s
[556380.9] V6_E2_R2880: step 43 ELEVATED pairs=34935 evals=624 505s
[556397.7] V6_E2_R2880: step 44 ELEVATED pairs=34734 evals=640 522s
[556407.9] V6_E2_R2880: step 45 ELEVATED pairs=34539 evals=656 532s
[556426.2] V6_E2_R2880: step 46 ELEVATED pairs=34340 evals=672 551s
[556443.9] V6_E2_R2880: step 47 ELEVATED pairs=34143 evals=688 568s
[556460.0] V6_E2_R2880: step 48 ELEVATED pairs=33933 evals=704 584s
[556478.8] V6_E2_R2880: step 49 ELEVATED pairs=33738 evals=720 603s
[556496.0] V6_E2_R2880: step 50 ELEVATED pairs=33530 evals=736 620s
[556512.6] V6_E2_R2880: step 51 ELEVATED pairs=33326 evals=752 637s
[556533.2] V6_E2_R2880: step 52 ELEVATED pairs=33133 evals=768 658s
[556550.9] V6_E2_R2880: step 53 ELEVATED pairs=32926 evals=784 675s
[556571.8] V6_E2_R2880: step 54 ELEVATED pairs=32735 evals=800 696s
[556587.6] V6_E2_R2880: step 55 ELEVATED pairs=32530 evals=816 712s
[556607.3] V6_E2_R2880: step 56 ELEVATED pairs=32341 evals=832 732s
[556621.8] V6_E2_R2880: step 57 ELEVATED pairs=32137 evals=848 746s
[556641.6] V6_E2_R2880: step 58 ELEVATED pairs=31950 evals=864 766s
[556651.2] V6_E2_R2880: step 59 ELEVATED pairs=31792 evals=880 776s
[556665.5] V6_E2_R2880: step 60 ELEVATED pairs=31590 evals=896 790s
[556679.7] V6_E2_R2880: step 61 ELEVATED pairs=31389 evals=912 804s
[556692.5] V6_E2_R2880: step 62 ELEVATED pairs=31226 evals=928 817s
[556707.0] V6_E2_R2880: step 63 ELEVATED pairs=31027 evals=944 831s
[556721.2] V6_E2_R2880: step 64 ELEVATED pairs=30829 evals=960 846s
[556721.5] V6_E2_R2880: step 65 NO_CANDIDATES_GENERATED pairs=30829 evals=960 846s
[556721.8] V6_E2_R2880: step 66 NO_CANDIDATES_GENERATED pairs=30829 evals=960 846s
[556722.2] V6_E2_R2880: step 67 NO_CANDIDATES_GENERATED pairs=30829 evals=960 846s
[556736.3] V6_E2_R2880: step 68 ELEVATED pairs=30633 evals=976 861s
[556748.6] V6_E2_R2880: step 69 ELEVATED pairs=30481 evals=992 873s
[556760.8] V6_E2_R2880: step 70 ELEVATED pairs=30367 evals=1008 885s
[556776.1] V6_E2_R2880: step 71 ELEVATED pairs=30214 evals=1024 900s
[556786.8] V6_E2_R2880: step 72 ELEVATED pairs=30030 evals=1033 911s
[556802.2] V6_E2_R2880: step 73 ELEVATED pairs=29879 evals=1049 926s
[556812.7] V6_E2_R2880: step 74 ELEVATED pairs=29697 evals=1058 937s
[556827.5] V6_E2_R2880: step 75 ELEVATED pairs=29548 evals=1074 952s
[556837.8] V6_E2_R2880: step 76 ELEVATED pairs=29368 evals=1083 962s
[556847.2] V6_E2_R2880: step 77 ELEVATED pairs=29190 evals=1092 972s
[556873.2] V6_E2_R2880: step 78 ELEVATED pairs=28961 evals=1108 998s
[556881.8] V6_E2_R2880: step 79 ELEVATED pairs=28776 evals=1124 1006s
[556890.5] V6_E2_R2880: step 80 ELEVATED pairs=28593 evals=1140 1015s
[556899.1] V6_E2_R2880: step 81 ELEVATED pairs=28412 evals=1156 1023s
[556908.4] V6_E2_R2880: step 82 ELEVATED pairs=28233 evals=1172 1033s
[556917.9] V6_E2_R2880: step 83 ELEVATED pairs=28134 evals=1188 1042s
[556929.9] V6_E2_R2880: step 84 ELEVATED pairs=28022 evals=1204 1054s
[556939.3] V6_E2_R2880: step 85 ELEVATED pairs=27902 evals=1220 1064s
[556948.6] V6_E2_R2880: step 86 ELEVATED pairs=27782 evals=1236 1073s
[556957.9] V6_E2_R2880: step 87 ELEVATED pairs=27662 evals=1252 1082s
[556966.8] V6_E2_R2880: step 88 ELEVATED pairs=27514 evals=1268 1091s
[556976.1] V6_E2_R2880: step 89 ELEVATED pairs=27394 evals=1284 1100s
[556986.9] V6_E2_R2880: step 90 ELEVATED pairs=27248 evals=1300 1111s
[556999.0] V6_E2_R2880: step 91 ELEVATED pairs=27092 evals=1316 1123s
[557009.8] V6_E2_R2880: step 92 PREFIX_EVALUATED_NO_WINNER_DEFERRED pairs=27092 evals=1332 1134s
[557020.9] V6_E2_R2880: step 93 ELEVATED pairs=26951 evals=1348 1145s
[557031.7] V6_E2_R2880: step 94 PREFIX_EVALUATED_NO_WINNER_DEFERRED pairs=26951 evals=1364 1156s
[557043.0] V6_E2_R2880: step 95 ELEVATED pairs=26895 evals=1380 1167s
[557055.1] V6_E2_R2880: step 96 ELEVATED pairs=26781 evals=1396 1179s
[557070.3] V6_E2_R2880: step 97 ELEVATED pairs=26690 evals=1412 1195s
[557084.0] V6_E2_R2880: step 98 ELEVATED pairs=26525 evals=1428 1208s
[557095.0] V6_E2_R2880: step 99 ELEVATED pairs=26436 evals=1444 1219s
[557108.9] V6_E2_R2880: step 100 ELEVATED pairs=26273 evals=1460 1233s
[557122.7] V6_E2_R2880: step 101 ELEVATED pairs=26112 evals=1476 1247s
[557132.1] V6_E2_R2880: step 102 ELEVATED pairs=26016 evals=1492 1256s
[557150.2] V6_E2_R2880: step 103 ELEVATED pairs=25857 evals=1508 1275s
[557160.3] V6_E2_R2880: step 104 ELEVATED pairs=25803 evals=1524 1285s
[557174.6] V6_E2_R2880: step 105 ELEVATED pairs=25644 evals=1540 1299s
[557188.4] V6_E2_R2880: step 106 ELEVATED pairs=25487 evals=1556 1313s
[557196.0] V6_E2_R2880: step 107 ELEVATED pairs=25361 evals=1572 1320s
[557209.1] V6_E2_R2880: step 108 ELEVATED pairs=25207 evals=1588 1333s
[557220.3] V6_E2_R2880: step 109 ELEVATED pairs=25144 evals=1604 1345s
[557229.7] V6_E2_R2880: step 110 ELEVATED pairs=24969 evals=1620 1354s
[557238.3] V6_E2_R2880: step 111 ELEVATED pairs=24796 evals=1636 1363s
[557249.5] V6_E2_R2880: step 112 ELEVATED pairs=24735 evals=1652 1374s
[557272.3] V6_E2_R2880: step 113 ELEVATED pairs=24607 evals=1668 1397s
[557295.4] V6_E2_R2880: step 114 ELEVATED pairs=24481 evals=1684 1420s
[557306.8] V6_E2_R2880: step 115 ELEVATED pairs=24411 evals=1700 1431s
[557321.5] V6_E2_R2880: step 116 ELEVATED pairs=24317 evals=1709 1446s
[557340.9] V6_E2_R2880: step 117 ELEVATED pairs=24173 evals=1725 1465s
[557350.7] V6_E2_R2880: step 118 ELEVATED pairs=24079 evals=1741 1475s
[557369.6] V6_E2_R2880: step 119 ELEVATED pairs=23935 evals=1757 1494s
[557388.2] V6_E2_R2880: step 120 ELEVATED pairs=23791 evals=1773 1513s
[557397.5] V6_E2_R2880: step 121 ELEVATED pairs=23698 evals=1789 1522s
[557415.1] V6_E2_R2880: step 122 ELEVATED pairs=23554 evals=1805 1539s
[557444.6] V6_E2_R2880: step 123 ELEVATED pairs=23440 evals=1821 1569s
[557459.4] V6_E2_R2880: step 124 ELEVATED pairs=23259 evals=1837 1584s
[557488.7] V6_E2_R2880: step 125 ELEVATED pairs=23145 evals=1853 1613s
[557517.4] V6_E2_R2880: step 126 ELEVATED pairs=23031 evals=1869 1642s
[557535.1] V6_E2_R2880: step 127 ELEVATED pairs=22866 evals=1885 1659s
[557563.0] V6_E2_R2880: step 128 ELEVATED pairs=22752 evals=1901 1687s
[557582.4] V6_E2_R2880: step 129 ELEVATED pairs=22589 evals=1917 1707s
[557604.6] V6_E2_R2880: step 130 ELEVATED pairs=22428 evals=1933 1729s
[557628.8] V6_E2_R2880: step 131 ELEVATED pairs=22269 evals=1949 1753s
[557640.9] V6_E2_R2880: step 132 ELEVATED pairs=22187 evals=1965 1765s
[557651.8] V6_E2_R2880: step 133 ELEVATED pairs=22053 evals=1981 1776s
[557662.3] V6_E2_R2880: step 134 ELEVATED pairs=21921 evals=1997 1787s
[557679.1] V6_E2_R2880: step 135 ELEVATED pairs=21793 evals=2013 1803s
[557689.2] V6_E2_R2880: step 136 ELEVATED pairs=21663 evals=2029 1814s
[557698.9] V6_E2_R2880: step 137 ELEVATED pairs=21599 evals=2045 1823s
[557708.7] V6_E2_R2880: step 138 ELEVATED pairs=21536 evals=2061 1833s
[557718.3] V6_E2_R2880: step 139 ELEVATED pairs=21473 evals=2077 1843s
[557726.4] V6_E2_R2880: step 140 ELEVATED pairs=21404 evals=2093 1851s
[557734.3] V6_E2_R2880: step 141 ELEVATED pairs=21335 evals=2109 1859s
[557742.1] V6_E2_R2880: step 142 ELEVATED pairs=21266 evals=2125 1866s
[557750.1] V6_E2_R2880: step 143 ELEVATED pairs=21197 evals=2141 1874s
[557758.2] V6_E2_R2880: step 144 PREFIX_EVALUATED_NO_WINNER_DEFERRED pairs=21197 evals=2157 1883s
[557777.3] V6_E2_R2880: step 145 ELEVATED pairs=21078 evals=2173 1902s
[557785.5] V6_E2_R2880: step 146 PREFIX_EVALUATED_NO_WINNER_DEFERRED pairs=21078 evals=2189 1910s
[557795.4] V6_E2_R2880: step 147 ELEVATED pairs=21032 evals=2205 1920s
[557803.5] V6_E2_R2880: step 148 PREFIX_EVALUATED_NO_WINNER_DEFERRED pairs=21032 evals=2221 1928s
[557813.5] V6_E2_R2880: step 149 ELEVATED pairs=20986 evals=2237 1938s
[557821.5] V6_E2_R2880: step 150 PREFIX_EVALUATED_NO_WINNER_DEFERRED pairs=20986 evals=2253 1946s
[557829.2] V6_E2_R2880: step 151 ELEVATED pairs=20932 evals=2269 1953s
[557837.2] V6_E2_R2880: step 152 PREFIX_EVALUATED_NO_WINNER_DEFERRED pairs=20932 evals=2285 1962s
[557845.0] V6_E2_R2880: step 153 ELEVATED pairs=20865 evals=2301 1969s
[557853.5] V6_E2_R2880: step 154 PREFIX_EVALUATED_NO_WINNER_DEFERRED pairs=20865 evals=2317 1978s
[557861.3] V6_E2_R2880: step 155 ELEVATED pairs=20798 evals=2333 1986s
[557869.5] V6_E2_R2880: step 156 PREFIX_EVALUATED_NO_WINNER_DEFERRED pairs=20798 evals=2349 1994s
[557876.8] V6_E2_R2880: step 157 ELEVATED pairs=20731 evals=2365 2001s
[557885.0] V6_E2_R2880: step 158 PREFIX_EVALUATED_NO_WINNER_DEFERRED pairs=20731 evals=2381 2009s
[557899.1] V6_E2_R2880: step 159 ELEVATED pairs=20568 evals=2397 2023s
[557907.4] V6_E2_R2880: step 160 PREFIX_EVALUATED_NO_WINNER_DEFERRED pairs=20568 evals=2413 2032s
[557914.8] V6_E2_R2880: step 161 ELEVATED pairs=20508 evals=2429 2039s
[557923.0] V6_E2_R2880: step 162 PREFIX_EVALUATED_NO_WINNER_DEFERRED pairs=20508 evals=2445 2047s
[557930.3] V6_E2_R2880: step 163 ELEVATED pairs=20448 evals=2461 2055s
[557938.6] V6_E2_R2880: step 164 PREFIX_EVALUATED_NO_WINNER_DEFERRED pairs=20448 evals=2477 2063s
[557953.0] V6_E2_R2880: step 165 ELEVATED pairs=20287 evals=2493 2077s
[557961.2] V6_E2_R2880: step 166 PREFIX_EVALUATED_NO_WINNER_DEFERRED pairs=20287 evals=2509 2085s
[557968.9] V6_E2_R2880: step 167 ELEVATED pairs=20221 evals=2525 2093s
[557977.3] V6_E2_R2880: step 168 PREFIX_EVALUATED_NO_WINNER_DEFERRED pairs=20221 evals=2541 2102s
[557991.5] V6_E2_R2880: step 169 ELEVATED pairs=20062 evals=2557 2116s
[558000.0] V6_E2_R2880: step 170 PREFIX_EVALUATED_NO_WINNER_DEFERRED pairs=20062 evals=2573 2124s
[558010.1] V6_E2_R2880: step 171 PREFIX_EVALUATED_NO_WINNER_DEFERRED pairs=20062 evals=2589 2134s
[558023.6] V6_E2_R2880: step 172 ELEVATED pairs=19997 evals=2598 2148s
[558031.8] V6_E2_R2880: step 173 PREFIX_EVALUATED_NO_WINNER_DEFERRED pairs=19997 evals=2614 2156s
[558041.6] V6_E2_R2880: step 174 PREFIX_EVALUATED_NO_WINNER_DEFERRED pairs=19997 evals=2630 2166s
[558054.1] V6_E2_R2880: step 175 ELEVATED pairs=19848 evals=2646 2178s
[558062.4] V6_E2_R2880: step 176 PREFIX_EVALUATED_NO_WINNER_DEFERRED pairs=19848 evals=2662 2187s
[558072.2] V6_E2_R2880: step 177 PREFIX_EVALUATED_NO_WINNER_DEFERRED pairs=19848 evals=2678 2197s
[558080.8] V6_E2_R2880: step 178 ELEVATED pairs=19770 evals=2694 2205s
[558088.9] V6_E2_R2880: step 179 PREFIX_EVALUATED_NO_WINNER_DEFERRED pairs=19770 evals=2710 2213s
[558098.8] V6_E2_R2880: step 180 PREFIX_EVALUATED_NO_WINNER_DEFERRED pairs=19770 evals=2726 2223s
[558111.1] V6_E2_R2880: step 181 ELEVATED pairs=19623 evals=2742 2235s
[558118.9] V6_E2_R2880: step 182 PREFIX_EVALUATED_NO_WINNER_DEFERRED pairs=19623 evals=2758 2243s
[558128.3] V6_E2_R2880: step 183 PREFIX_EVALUATED_NO_WINNER_DEFERRED pairs=19623 evals=2774 2253s
[558139.6] V6_E2_R2880: step 184 ELEVATED pairs=19478 evals=2790 2264s
[558147.0] V6_E2_R2880: step 185 PREFIX_EVALUATED_NO_WINNER_DEFERRED pairs=19478 evals=2806 2271s
[558155.7] V6_E2_R2880: step 186 PREFIX_EVALUATED_NO_WINNER_DEFERRED pairs=19478 evals=2822 2280s
[558166.8] V6_E2_R2880: step 187 ELEVATED pairs=19335 evals=2838 2291s
[558174.1] V6_E2_R2880: step 188 PREFIX_EVALUATED_NO_WINNER_DEFERRED pairs=19335 evals=2854 2298s
[558182.9] V6_E2_R2880: step 189 PREFIX_EVALUATED_NO_WINNER_DEFERRED pairs=19335 evals=2870 2307s
[558187.0] V6_E2_R2880: step 190 ELEVATED pairs=19233 evals=2880 2311s
[558187.4] V6_E2_R2880: done final=19233 moves=154 first=154 reloc=0 ret=0 evals=2880 stop=CANDIDATE_BUDGET_EXHAUSTED
[558265.0] V6_E2_R2880: recheck PASS checks=130816
GROUP DONE V6_E2_R2880 PASS
