start-state rescan (main) ...
  main PASS pairs=42909 unresolved=3 elevated=24
[556433.6] V7_T2_R2880: start mode=R budget=2880 spec={"name": "V7_T2", "target_policy": "LEGACY", "evaluation_policy": "E2_ORDERED_K16", "traversal_policy": "COVERAGE", "max_targets": 2000, "k_per_target": 16, "family_round_robin": false, "relocation_side_reserve": 0, "waiting_age": false, "route_coverage": true, "multi_anchor": false, "exact_dedup": false, "decision_cache": false, "return_action": false, "cache_structural_skips": true, "window_slack_mm": 1e-05, "notes": ""}
[556433.6] V7_T2_R2880: start state=main C:\Users\lihao\Desktop\Graduation Project\OpticalWaveguideRouter3D\outputs\3d_strategy_v3\512_ablation\D_both_enabled pairs=42909
[556441.6] V7_T2_R2880: INITIAL_DONE pairs=42909
[556442.0] V7_T2_R2880: step 1 NO_CANDIDATES_GENERATED pairs=42909 evals=0 1s
[556442.4] V7_T2_R2880: step 2 NO_CANDIDATES_GENERATED pairs=42909 evals=0 1s
[556453.3] V7_T2_R2880: step 3 ELEVATED pairs=42661 evals=16 12s
[556465.5] V7_T2_R2880: step 4 ELEVATED pairs=42405 evals=32 25s
[556477.3] V7_T2_R2880: step 5 ELEVATED pairs=42144 evals=48 36s
[556496.8] V7_T2_R2880: step 6 ELEVATED pairs=41895 evals=64 56s
[556505.3] V7_T2_R2880: step 7 ELEVATED pairs=41639 evals=80 64s
[556519.3] V7_T2_R2880: step 8 ELEVATED pairs=41400 evals=96 78s
[556530.1] V7_T2_R2880: step 9 ELEVATED pairs=41182 evals=112 89s
[556541.0] V7_T2_R2880: step 10 ELEVATED pairs=40967 evals=128 100s
[556557.4] V7_T2_R2880: step 11 ELEVATED pairs=40716 evals=144 117s
[556571.4] V7_T2_R2880: step 12 ELEVATED pairs=40527 evals=160 131s
[556588.2] V7_T2_R2880: step 13 ELEVATED pairs=40359 evals=176 147s
[556599.8] V7_T2_R2880: step 14 ELEVATED pairs=40161 evals=192 159s
[556614.1] V7_T2_R2880: step 15 ELEVATED pairs=39967 evals=208 173s
[556626.4] V7_T2_R2880: step 16 ELEVATED pairs=39773 evals=224 185s
[556640.4] V7_T2_R2880: step 17 ELEVATED pairs=39609 evals=240 199s
[556652.0] V7_T2_R2880: step 18 ELEVATED pairs=39381 evals=256 211s
[556663.8] V7_T2_R2880: step 19 ELEVATED pairs=39242 evals=272 223s
[556679.4] V7_T2_R2880: step 20 ELEVATED pairs=39029 evals=288 238s
[556693.9] V7_T2_R2880: step 21 ELEVATED pairs=38864 evals=304 253s
[556706.9] V7_T2_R2880: step 22 ELEVATED pairs=38631 evals=320 266s
[556727.6] V7_T2_R2880: step 23 ELEVATED pairs=38452 evals=336 287s
[556746.2] V7_T2_R2880: step 24 ELEVATED pairs=38287 evals=352 305s
[556763.0] V7_T2_R2880: step 25 ELEVATED pairs=38071 evals=368 322s
[556777.7] V7_T2_R2880: step 26 ELEVATED pairs=37863 evals=384 337s
[556796.0] V7_T2_R2880: step 27 ELEVATED pairs=37652 evals=400 355s
[556813.4] V7_T2_R2880: step 28 ELEVATED pairs=37442 evals=416 372s
[556824.3] V7_T2_R2880: step 29 ELEVATED pairs=37268 evals=432 383s
[556840.7] V7_T2_R2880: step 30 ELEVATED pairs=37060 evals=448 400s
[556856.9] V7_T2_R2880: step 31 ELEVATED pairs=36921 evals=464 416s
[556865.6] V7_T2_R2880: step 32 ELEVATED pairs=36726 evals=480 425s
[556875.6] V7_T2_R2880: step 33 ELEVATED pairs=36523 evals=496 435s
[556885.5] V7_T2_R2880: step 34 ELEVATED pairs=36321 evals=512 445s
[556901.2] V7_T2_R2880: step 35 ELEVATED pairs=36205 evals=528 460s
[556919.8] V7_T2_R2880: step 36 ELEVATED pairs=35993 evals=544 479s
[556937.3] V7_T2_R2880: step 37 ELEVATED pairs=35783 evals=560 496s
[556954.3] V7_T2_R2880: step 38 ELEVATED pairs=35575 evals=576 513s
[556970.2] V7_T2_R2880: step 39 ELEVATED pairs=35369 evals=592 529s
[556981.6] V7_T2_R2880: step 40 ELEVATED pairs=35201 evals=608 541s
[556981.8] V7_T2_R2880: step 41 NO_CANDIDATES_GENERATED pairs=35201 evals=608 541s
[556982.0] V7_T2_R2880: step 42 NO_CANDIDATES_GENERATED pairs=35201 evals=608 541s
[556982.2] V7_T2_R2880: step 43 NO_CANDIDATES_GENERATED pairs=35201 evals=608 541s
[556982.4] V7_T2_R2880: step 44 NO_CANDIDATES_GENERATED pairs=35201 evals=608 542s
[556982.6] V7_T2_R2880: step 45 NO_CANDIDATES_GENERATED pairs=35201 evals=608 542s
[556982.9] V7_T2_R2880: step 46 NO_CANDIDATES_GENERATED pairs=35201 evals=608 542s
[556998.4] V7_T2_R2880: step 47 ELEVATED pairs=34996 evals=624 557s
[557012.6] V7_T2_R2880: step 48 ELEVATED pairs=34847 evals=640 572s
[557030.6] V7_T2_R2880: step 49 ELEVATED pairs=34650 evals=656 590s
[557048.2] V7_T2_R2880: step 50 ELEVATED pairs=34455 evals=672 607s
[557067.5] V7_T2_R2880: step 51 ELEVATED pairs=34265 evals=688 627s
[557088.7] V7_T2_R2880: step 52 ELEVATED pairs=34077 evals=704 648s
[557113.5] V7_T2_R2880: step 53 ELEVATED pairs=33891 evals=720 673s
[557125.3] V7_T2_R2880: step 54 ELEVATED pairs=33699 evals=736 684s
[557137.6] V7_T2_R2880: step 55 ELEVATED pairs=33536 evals=752 697s
[557150.5] V7_T2_R2880: step 56 ELEVATED pairs=33346 evals=768 710s
[557161.6] V7_T2_R2880: step 57 ELEVATED pairs=33185 evals=784 721s
[557172.3] V7_T2_R2880: step 58 ELEVATED pairs=33022 evals=800 731s
[557183.7] V7_T2_R2880: step 59 ELEVATED pairs=32937 evals=816 743s
[557196.5] V7_T2_R2880: step 60 ELEVATED pairs=32822 evals=832 756s
[557207.9] V7_T2_R2880: step 61 ELEVATED pairs=32675 evals=848 767s
[557217.0] V7_T2_R2880: step 62 ELEVATED pairs=32567 evals=864 776s
[557228.3] V7_T2_R2880: step 63 ELEVATED pairs=32480 evals=880 787s
[557228.5] V7_T2_R2880: step 64 NO_CANDIDATES_GENERATED pairs=32480 evals=880 788s
[557228.7] V7_T2_R2880: step 65 NO_CANDIDATES_GENERATED pairs=32480 evals=880 788s
[557228.8] V7_T2_R2880: step 66 NO_CANDIDATES_GENERATED pairs=32480 evals=880 788s
[557238.8] V7_T2_R2880: step 67 ELEVATED pairs=32414 evals=896 798s
[557250.1] V7_T2_R2880: step 68 ELEVATED pairs=32316 evals=912 809s
[557261.2] V7_T2_R2880: step 69 ELEVATED pairs=32239 evals=928 820s
[557274.9] V7_T2_R2880: step 70 ELEVATED pairs=32068 evals=944 834s
[557285.9] V7_T2_R2880: step 71 ELEVATED pairs=31938 evals=960 845s
[557298.2] V7_T2_R2880: step 72 ELEVATED pairs=31769 evals=976 857s
[557309.3] V7_T2_R2880: step 73 ELEVATED pairs=31641 evals=992 868s
[557324.2] V7_T2_R2880: step 74 ELEVATED pairs=31472 evals=1008 883s
[557335.2] V7_T2_R2880: step 75 ELEVATED pairs=31392 evals=1024 894s
[557350.5] V7_T2_R2880: step 76 ELEVATED pairs=31268 evals=1040 910s
[557350.7] V7_T2_R2880: step 77 NO_CANDIDATES_GENERATED pairs=31268 evals=1040 910s
[557350.9] V7_T2_R2880: step 78 NO_CANDIDATES_GENERATED pairs=31268 evals=1040 910s
[557368.6] V7_T2_R2880: step 79 ELEVATED pairs=31128 evals=1056 928s
[557368.7] V7_T2_R2880: step 80 NO_CANDIDATES_GENERATED pairs=31128 evals=1056 928s
[557380.4] V7_T2_R2880: step 81 ELEVATED pairs=31063 evals=1072 939s
[557392.1] V7_T2_R2880: step 82 ELEVATED pairs=30998 evals=1088 951s
[557400.9] V7_T2_R2880: step 83 ELEVATED pairs=30929 evals=1104 960s
[557415.6] V7_T2_R2880: step 84 ELEVATED pairs=30773 evals=1120 975s
[557424.6] V7_T2_R2880: step 85 ELEVATED pairs=30696 evals=1136 984s
[557437.9] V7_T2_R2880: step 86 ELEVATED pairs=30542 evals=1152 997s
[557452.0] V7_T2_R2880: step 87 ELEVATED pairs=30436 evals=1168 1011s
[557463.3] V7_T2_R2880: step 88 ELEVATED pairs=30285 evals=1184 1022s
[557483.6] V7_T2_R2880: step 89 ELEVATED pairs=30147 evals=1200 1043s
[557492.2] V7_T2_R2880: step 90 ELEVATED pairs=30109 evals=1216 1051s
[557505.6] V7_T2_R2880: step 91 ELEVATED pairs=30035 evals=1232 1065s
[557514.6] V7_T2_R2880: step 92 ELEVATED pairs=29941 evals=1248 1074s
[557523.4] V7_T2_R2880: step 93 ELEVATED pairs=29864 evals=1264 1082s
[557538.6] V7_T2_R2880: step 94 ELEVATED pairs=29766 evals=1280 1098s
[557548.9] V7_T2_R2880: step 95 ELEVATED pairs=29706 evals=1296 1108s
[557559.1] V7_T2_R2880: step 96 ELEVATED pairs=29572 evals=1312 1118s
[557572.6] V7_T2_R2880: step 97 ELEVATED pairs=29498 evals=1328 1132s
[557585.6] V7_T2_R2880: step 98 ELEVATED pairs=29408 evals=1344 1145s
[557597.4] V7_T2_R2880: step 99 ELEVATED pairs=29337 evals=1360 1156s
[557610.0] V7_T2_R2880: step 100 ELEVATED pairs=29254 evals=1376 1169s
[557621.7] V7_T2_R2880: step 101 ELEVATED pairs=29186 evals=1392 1181s
[557634.6] V7_T2_R2880: step 102 ELEVATED pairs=29048 evals=1408 1194s
[557648.1] V7_T2_R2880: step 103 ELEVATED pairs=28985 evals=1424 1207s
[557660.9] V7_T2_R2880: step 104 ELEVATED pairs=28944 evals=1440 1220s
[557671.8] V7_T2_R2880: step 105 PREFIX_EVALUATED_NO_WINNER_DEFERRED pairs=28944 evals=1456 1231s
[557681.4] V7_T2_R2880: step 106 ELEVATED pairs=28864 evals=1472 1240s
[557690.3] V7_T2_R2880: step 107 ELEVATED pairs=28793 evals=1488 1249s
[557706.0] V7_T2_R2880: step 108 ELEVATED pairs=28706 evals=1504 1265s
[557716.7] V7_T2_R2880: step 109 ELEVATED pairs=28619 evals=1520 1276s
[557728.0] V7_T2_R2880: step 110 ELEVATED pairs=28563 evals=1536 1287s
[557740.9] V7_T2_R2880: step 111 ELEVATED pairs=28478 evals=1552 1300s
[557749.8] V7_T2_R2880: step 112 ELEVATED pairs=28413 evals=1568 1309s
[557762.8] V7_T2_R2880: step 113 ELEVATED pairs=28304 evals=1584 1322s
[557773.9] V7_T2_R2880: step 114 ELEVATED pairs=28185 evals=1600 1333s
[557794.9] V7_T2_R2880: step 115 ELEVATED pairs=28097 evals=1616 1354s
[557804.3] V7_T2_R2880: step 116 ELEVATED pairs=28036 evals=1632 1363s
[557813.5] V7_T2_R2880: step 117 ELEVATED pairs=27978 evals=1648 1373s
[557821.5] V7_T2_R2880: step 118 ELEVATED pairs=27942 evals=1664 1381s
[557835.5] V7_T2_R2880: step 119 ELEVATED pairs=27868 evals=1680 1395s
[557835.7] V7_T2_R2880: step 120 NO_CANDIDATES_GENERATED pairs=27868 evals=1680 1395s
[557835.9] V7_T2_R2880: step 121 NO_CANDIDATES_GENERATED pairs=27868 evals=1680 1395s
[557836.0] V7_T2_R2880: step 122 NO_CANDIDATES_GENERATED pairs=27868 evals=1680 1395s
[557836.2] V7_T2_R2880: step 123 NO_CANDIDATES_GENERATED pairs=27868 evals=1680 1395s
[557845.9] V7_T2_R2880: step 124 ELEVATED pairs=27847 evals=1696 1405s
[557858.2] V7_T2_R2880: step 125 ELEVATED pairs=27809 evals=1712 1417s
[557867.8] V7_T2_R2880: step 126 ELEVATED pairs=27757 evals=1728 1427s
[557881.3] V7_T2_R2880: step 127 ELEVATED pairs=27687 evals=1744 1440s
[557881.4] V7_T2_R2880: step 128 NO_CANDIDATES_GENERATED pairs=27687 evals=1744 1441s
[557881.6] V7_T2_R2880: step 129 NO_CANDIDATES_GENERATED pairs=27687 evals=1744 1441s
[557881.7] V7_T2_R2880: step 130 NO_CANDIDATES_GENERATED pairs=27687 evals=1744 1441s
[557892.7] V7_T2_R2880: step 131 ELEVATED pairs=27553 evals=1760 1452s
[557899.8] V7_T2_R2880: step 132 ELEVATED pairs=27508 evals=1776 1459s
[557907.8] V7_T2_R2880: step 133 ELEVATED pairs=27479 evals=1792 1467s
[557918.3] V7_T2_R2880: step 134 ELEVATED pairs=27443 evals=1808 1477s
[557928.0] V7_T2_R2880: step 135 ELEVATED pairs=27340 evals=1824 1487s
[557936.9] V7_T2_R2880: step 136 ELEVATED pairs=27330 evals=1840 1496s
[557946.9] V7_T2_R2880: step 137 ELEVATED pairs=27299 evals=1856 1506s
[557947.0] V7_T2_R2880: step 138 NO_CANDIDATES_GENERATED pairs=27299 evals=1856 1506s
[557957.3] V7_T2_R2880: step 139 ELEVATED pairs=27262 evals=1872 1516s
[557968.2] V7_T2_R2880: step 140 ELEVATED pairs=27231 evals=1888 1527s
[557976.5] V7_T2_R2880: step 141 ELEVATED pairs=27143 evals=1904 1536s
[557983.1] V7_T2_R2880: step 142 ELEVATED pairs=27096 evals=1920 1542s
[557994.1] V7_T2_R2880: step 143 ELEVATED pairs=27072 evals=1936 1553s
[558006.3] V7_T2_R2880: step 144 ELEVATED pairs=26977 evals=1952 1565s
[558014.4] V7_T2_R2880: step 145 ELEVATED pairs=26951 evals=1968 1573s
[558022.6] V7_T2_R2880: step 146 ELEVATED pairs=26925 evals=1984 1582s
[558033.4] V7_T2_R2880: step 147 ELEVATED pairs=26904 evals=2000 1592s
[558043.8] V7_T2_R2880: step 148 ELEVATED pairs=26860 evals=2016 1603s
[558055.4] V7_T2_R2880: step 149 ELEVATED pairs=26769 evals=2032 1615s
[558064.8] V7_T2_R2880: step 150 ELEVATED pairs=26704 evals=2048 1624s
[558076.8] V7_T2_R2880: step 151 ELEVATED pairs=26614 evals=2064 1636s
[558088.4] V7_T2_R2880: step 152 ELEVATED pairs=26526 evals=2080 1647s
[558101.2] V7_T2_R2880: step 153 ELEVATED pairs=26437 evals=2096 1660s
[558114.1] V7_T2_R2880: step 154 ELEVATED pairs=26350 evals=2112 1673s
[558120.5] V7_T2_R2880: step 155 ELEVATED pairs=26267 evals=2128 1680s
[558133.9] V7_T2_R2880: step 156 ELEVATED pairs=26213 evals=2144 1693s
[558142.3] V7_T2_R2880: step 157 ELEVATED pairs=26191 evals=2160 1701s
[558147.2] V7_T2_R2880: step 158 ELEVATED pairs=26123 evals=2176 1706s
[558153.8] V7_T2_R2880: step 159 ELEVATED pairs=26056 evals=2192 1713s
[558161.4] V7_T2_R2880: step 160 ELEVATED pairs=26003 evals=2208 1720s
[558169.9] V7_T2_R2880: step 161 ELEVATED pairs=25922 evals=2224 1729s
[558178.9] V7_T2_R2880: step 162 ELEVATED pairs=25883 evals=2240 1738s
[558179.0] V7_T2_R2880: step 163 NO_CANDIDATES_GENERATED pairs=25883 evals=2240 1738s
[558191.6] V7_T2_R2880: step 164 ELEVATED pairs=25834 evals=2256 1751s
[558201.7] V7_T2_R2880: step 165 ELEVATED pairs=25762 evals=2272 1761s
[558208.8] V7_T2_R2880: step 166 ELEVATED pairs=25717 evals=2288 1768s
[558215.8] V7_T2_R2880: step 167 ELEVATED pairs=25672 evals=2304 1775s
[558226.3] V7_T2_R2880: step 168 ELEVATED pairs=25639 evals=2320 1785s
[558247.0] V7_T2_R2880: step 169 ELEVATED pairs=25580 evals=2336 1806s
[558257.2] V7_T2_R2880: step 170 ELEVATED pairs=25510 evals=2352 1816s
[558271.7] V7_T2_R2880: step 171 ELEVATED pairs=25459 evals=2368 1831s
[558277.2] V7_T2_R2880: step 172 ELEVATED pairs=25445 evals=2384 1836s
[558286.5] V7_T2_R2880: step 173 ELEVATED pairs=25424 evals=2400 1846s
[558293.2] V7_T2_R2880: step 174 ELEVATED pairs=25355 evals=2416 1852s
[558301.2] V7_T2_R2880: step 175 ELEVATED pairs=25329 evals=2432 1860s
[558312.0] V7_T2_R2880: step 176 ELEVATED pairs=25281 evals=2448 1871s
[558321.2] V7_T2_R2880: step 177 ELEVATED pairs=25207 evals=2464 1880s
[558333.2] V7_T2_R2880: step 178 ELEVATED pairs=25142 evals=2480 1892s
[558342.9] V7_T2_R2880: step 179 ELEVATED pairs=25071 evals=2496 1902s
[558351.8] V7_T2_R2880: step 180 ELEVATED pairs=25002 evals=2512 1911s
[558358.9] V7_T2_R2880: step 181 ELEVATED pairs=24960 evals=2528 1918s
[558367.8] V7_T2_R2880: step 182 ELEVATED pairs=24891 evals=2544 1927s
[558379.2] V7_T2_R2880: step 183 ELEVATED pairs=24852 evals=2560 1938s
[558389.0] V7_T2_R2880: step 184 ELEVATED pairs=24835 evals=2576 1948s
[558395.6] V7_T2_R2880: step 185 ELEVATED pairs=24762 evals=2592 1955s
[558405.0] V7_T2_R2880: step 186 ELEVATED pairs=24696 evals=2608 1964s
[558415.5] V7_T2_R2880: step 187 ELEVATED pairs=24644 evals=2624 1975s
[558425.7] V7_T2_R2880: step 188 ELEVATED pairs=24597 evals=2640 1985s
[558432.4] V7_T2_R2880: step 189 ELEVATED pairs=24570 evals=2656 1991s
[558435.5] V7_T2_R2880: step 190 ELEVATED pairs=24553 evals=2672 1995s
[558441.8] V7_T2_R2880: step 191 ELEVATED pairs=24505 evals=2688 2001s
[558448.5] V7_T2_R2880: step 192 ELEVATED pairs=24473 evals=2704 2008s
[558455.9] V7_T2_R2880: step 193 PREFIX_EVALUATED_NO_WINNER_DEFERRED pairs=24473 evals=2720 2015s
[558463.4] V7_T2_R2880: step 194 PREFIX_EVALUATED_NO_WINNER_DEFERRED pairs=24473 evals=2736 2023s
[558470.2] V7_T2_R2880: step 195 PREFIX_EVALUATED_NO_WINNER_DEFERRED pairs=24473 evals=2752 2029s
[558477.5] V7_T2_R2880: step 196 PREFIX_EVALUATED_NO_WINNER_DEFERRED pairs=24473 evals=2768 2037s
[558484.8] V7_T2_R2880: step 197 PREFIX_EVALUATED_NO_WINNER_DEFERRED pairs=24473 evals=2784 2044s
[558491.9] V7_T2_R2880: step 198 PREFIX_EVALUATED_NO_WINNER_DEFERRED pairs=24473 evals=2800 2051s
[558499.1] V7_T2_R2880: step 199 PREFIX_EVALUATED_NO_WINNER_DEFERRED pairs=24473 evals=2816 2058s
[558508.3] V7_T2_R2880: step 200 ELEVATED pairs=24428 evals=2832 2067s
[558513.8] V7_T2_R2880: step 201 ELEVATED pairs=24385 evals=2848 2073s
[558521.1] V7_T2_R2880: step 202 PREFIX_EVALUATED_NO_WINNER_DEFERRED pairs=24385 evals=2864 2080s
[558528.2] V7_T2_R2880: step 203 PREFIX_EVALUATED_NO_WINNER_DEFERRED pairs=24385 evals=2880 2087s
[558528.9] V7_T2_R2880: step 204 ABORTED_CANDIDATE_BUDGET pairs=24385 evals=2880 2088s
[558529.3] V7_T2_R2880: done final=24385 moves=170 first=170 reloc=0 ret=0 evals=2880 stop=CANDIDATE_BUDGET_EXHAUSTED
[558624.5] V7_T2_R2880: recheck PASS checks=130816
GROUP DONE V7_T2_R2880 PASS
