start-state rescan (main) ...
  main PASS pairs=42909 unresolved=3 elevated=24
[561063.8] IDEA_D_CONTROL_N720: start mode=N budget=720 spec={"name": "IDEA_D_CONTROL", "target_policy": "STRATIFIED", "evaluation_policy": "E2_ORDERED_K16", "traversal_policy": "BASE", "max_targets": 200, "k_per_target": 16, "family_round_robin": false, "relocation_side_reserve": 0, "waiting_age": false, "route_coverage": false, "multi_anchor": false, "exact_dedup": false, "decision_cache": false, "return_action": false, "cache_structural_skips": false, "window_slack_mm": 1e-05, "notes": ""}
[561063.9] IDEA_D_CONTROL_N720: start state=main C:\Users\lihao\Desktop\Graduation Project\OpticalWaveguideRouter3D\outputs\3d_strategy_v3\512_ablation\D_both_enabled pairs=42909
[561070.5] IDEA_D_CONTROL_N720: INITIAL_DONE pairs=42909
[561070.9] IDEA_D_CONTROL_N720: step 1 NO_CANDIDATES_GENERATED pairs=42909 evals=0 1s
[561076.0] IDEA_D_CONTROL_N720: step 2 NO_CANDIDATES_GENERATED pairs=42909 evals=0 6s
[561076.3] IDEA_D_CONTROL_N720: step 3 NO_CANDIDATES_GENERATED pairs=42909 evals=0 6s
[561094.7] IDEA_D_CONTROL_N720: step 4 ELEVATED pairs=42666 evals=16 24s
[561109.7] IDEA_D_CONTROL_N720: step 5 ELEVATED pairs=42420 evals=32 39s
[561126.0] IDEA_D_CONTROL_N720: step 6 ELEVATED pairs=42246 evals=48 56s
[561149.0] IDEA_D_CONTROL_N720: step 7 ELEVATED pairs=41992 evals=64 79s
[561169.4] IDEA_D_CONTROL_N720: step 8 ELEVATED pairs=41810 evals=80 99s
[561183.4] IDEA_D_CONTROL_N720: step 9 ELEVATED pairs=41626 evals=96 113s
[561199.1] IDEA_D_CONTROL_N720: step 10 ELEVATED pairs=41446 evals=112 129s
[561221.6] IDEA_D_CONTROL_N720: step 11 ELEVATED pairs=41261 evals=128 151s
[561235.9] IDEA_D_CONTROL_N720: step 12 ELEVATED pairs=41067 evals=144 166s
[561243.9] IDEA_D_CONTROL_N720: step 13 ELEVATED pairs=40813 evals=160 174s
[561266.8] IDEA_D_CONTROL_N720: step 14 ELEVATED pairs=40562 evals=176 196s
[561285.8] IDEA_D_CONTROL_N720: step 15 ELEVATED pairs=40384 evals=192 216s
[561293.9] IDEA_D_CONTROL_N720: step 16 ELEVATED pairs=40133 evals=208 224s
[561317.7] IDEA_D_CONTROL_N720: step 17 ELEVATED pairs=39884 evals=224 247s
[561336.9] IDEA_D_CONTROL_N720: step 18 ELEVATED pairs=39707 evals=240 267s
[561354.0] IDEA_D_CONTROL_N720: step 19 ELEVATED pairs=39469 evals=256 284s
[561379.2] IDEA_D_CONTROL_N720: step 20 ELEVATED pairs=39222 evals=272 309s
[561392.0] IDEA_D_CONTROL_N720: step 21 ELEVATED pairs=38998 evals=288 322s
[561409.4] IDEA_D_CONTROL_N720: step 22 ELEVATED pairs=38856 evals=304 339s
[561437.9] IDEA_D_CONTROL_N720: step 23 ELEVATED pairs=38696 evals=320 368s
[561449.8] IDEA_D_CONTROL_N720: step 24 ELEVATED pairs=38560 evals=336 379s
[561464.9] IDEA_D_CONTROL_N720: step 25 ELEVATED pairs=38366 evals=352 395s
[561488.5] IDEA_D_CONTROL_N720: step 26 ELEVATED pairs=38145 evals=368 418s
[561499.7] IDEA_D_CONTROL_N720: step 27 ELEVATED pairs=38009 evals=384 429s
[561513.0] IDEA_D_CONTROL_N720: step 28 ELEVATED pairs=37842 evals=400 443s
[561534.3] IDEA_D_CONTROL_N720: step 29 ELEVATED pairs=37613 evals=416 464s
[561541.8] IDEA_D_CONTROL_N720: step 30 ELEVATED pairs=37386 evals=432 471s
[561555.7] IDEA_D_CONTROL_N720: step 31 ELEVATED pairs=37219 evals=448 485s
[561577.6] IDEA_D_CONTROL_N720: step 32 ELEVATED pairs=36994 evals=464 507s
[561587.1] IDEA_D_CONTROL_N720: step 33 ELEVATED pairs=36878 evals=480 517s
[561601.5] IDEA_D_CONTROL_N720: step 34 ELEVATED pairs=36737 evals=496 531s
[561634.0] IDEA_D_CONTROL_N720: step 35 ELEVATED pairs=36543 evals=512 564s
[561641.9] IDEA_D_CONTROL_N720: step 36 ELEVATED pairs=36330 evals=528 572s
[561659.3] IDEA_D_CONTROL_N720: step 37 ELEVATED pairs=36198 evals=544 589s
[561675.7] IDEA_D_CONTROL_N720: step 38 NO_CANDIDATES_GENERATED pairs=36198 evals=544 605s
[561676.0] IDEA_D_CONTROL_N720: step 39 NO_CANDIDATES_GENERATED pairs=36198 evals=544 606s
[561684.0] IDEA_D_CONTROL_N720: step 40 ELEVATED pairs=35979 evals=560 614s
[561708.7] IDEA_D_CONTROL_N720: step 41 ELEVATED pairs=35770 evals=576 638s
[561715.7] IDEA_D_CONTROL_N720: step 42 ELEVATED pairs=35601 evals=592 645s
[561723.3] IDEA_D_CONTROL_N720: step 43 ELEVATED pairs=35386 evals=608 653s
[561750.1] IDEA_D_CONTROL_N720: step 44 ELEVATED pairs=35254 evals=624 680s
[561760.9] IDEA_D_CONTROL_N720: step 45 ELEVATED pairs=35046 evals=640 691s
[561768.4] IDEA_D_CONTROL_N720: step 46 ELEVATED pairs=34833 evals=656 698s
[561796.1] IDEA_D_CONTROL_N720: step 47 ELEVATED pairs=34626 evals=672 726s
[561806.7] IDEA_D_CONTROL_N720: step 48 ELEVATED pairs=34421 evals=688 736s
[561814.4] IDEA_D_CONTROL_N720: step 49 ELEVATED pairs=34210 evals=704 744s
[561842.1] IDEA_D_CONTROL_N720: step 50 ELEVATED pairs=34006 evals=720 772s
[561842.6] IDEA_D_CONTROL_N720: step 51 ABORTED_CANDIDATE_BUDGET pairs=34006 evals=720 772s
[561842.9] IDEA_D_CONTROL_N720: done final=34006 moves=45 first=45 reloc=0 ret=0 evals=720 stop=CANDIDATE_BUDGET_EXHAUSTED
[561896.5] IDEA_D_CONTROL_N720: recheck PASS checks=130816
GROUP DONE IDEA_D_CONTROL_N720 PASS
