start-state rescan (main) ...
  main PASS pairs=42909 unresolved=3 elevated=24
[558649.4] IDEA_C_R720: start mode=R budget=720 spec={"name": "IDEA_C", "target_policy": "LEGACY", "evaluation_policy": "E2_ORDERED_K16", "traversal_policy": "BASE", "max_targets": 200, "k_per_target": 16, "family_round_robin": false, "relocation_side_reserve": 0, "waiting_age": true, "route_coverage": false, "multi_anchor": false, "exact_dedup": false, "decision_cache": false, "return_action": false, "cache_structural_skips": false, "window_slack_mm": 1e-05, "notes": ""}
[558649.4] IDEA_C_R720: start state=main C:\Users\lihao\Desktop\Graduation Project\OpticalWaveguideRouter3D\outputs\3d_strategy_v3\512_ablation\D_both_enabled pairs=42909
[558657.4] IDEA_C_R720: INITIAL_DONE pairs=42909
[558657.7] IDEA_C_R720: step 1 NO_CANDIDATES_GENERATED pairs=42909 evals=0 1s
[558658.0] IDEA_C_R720: step 2 NO_CANDIDATES_GENERATED pairs=42909 evals=0 1s
[558668.4] IDEA_C_R720: step 3 ELEVATED pairs=42661 evals=16 11s
[558687.7] IDEA_C_R720: step 4 ELEVATED pairs=42487 evals=32 31s
[558702.4] IDEA_C_R720: step 5 ELEVATED pairs=42305 evals=48 45s
[558717.3] IDEA_C_R720: step 6 ELEVATED pairs=42121 evals=64 60s
[558732.1] IDEA_C_R720: step 7 ELEVATED pairs=41936 evals=80 75s
[558742.9] IDEA_C_R720: step 8 ELEVATED pairs=41680 evals=96 86s
[558757.8] IDEA_C_R720: step 9 ELEVATED pairs=41486 evals=112 101s
[558768.0] IDEA_C_R720: step 10 ELEVATED pairs=41225 evals=128 111s
[558788.0] IDEA_C_R720: step 11 ELEVATED pairs=41046 evals=144 131s
[558807.8] IDEA_C_R720: step 12 ELEVATED pairs=40867 evals=160 151s
[558817.3] IDEA_C_R720: step 13 ELEVATED pairs=40628 evals=176 160s
[558830.4] IDEA_C_R720: step 14 ELEVATED pairs=40377 evals=192 173s
[558839.6] IDEA_C_R720: step 15 ELEVATED pairs=40136 evals=208 182s
[558852.6] IDEA_C_R720: step 16 ELEVATED pairs=39887 evals=224 195s
[558866.2] IDEA_C_R720: step 17 ELEVATED pairs=39640 evals=240 209s
[558879.2] IDEA_C_R720: step 18 ELEVATED pairs=39399 evals=256 222s
[558892.7] IDEA_C_R720: step 19 ELEVATED pairs=39175 evals=272 236s
[558905.8] IDEA_C_R720: step 20 ELEVATED pairs=38969 evals=288 249s
[558922.7] IDEA_C_R720: step 21 ELEVATED pairs=38811 evals=304 266s
[558936.0] IDEA_C_R720: step 22 ELEVATED pairs=38668 evals=320 279s
[558948.4] IDEA_C_R720: step 23 ELEVATED pairs=38466 evals=336 291s
[558960.8] IDEA_C_R720: step 24 ELEVATED pairs=38332 evals=352 304s
[558971.0] IDEA_C_R720: step 25 ELEVATED pairs=38108 evals=368 314s
[558983.8] IDEA_C_R720: step 26 ELEVATED pairs=37974 evals=384 327s
[558994.2] IDEA_C_R720: step 27 ELEVATED pairs=37771 evals=400 337s
[559004.9] IDEA_C_R720: step 28 ELEVATED pairs=37568 evals=416 348s
[559013.8] IDEA_C_R720: step 29 ELEVATED pairs=37338 evals=432 357s
[559022.5] IDEA_C_R720: step 30 ELEVATED pairs=37110 evals=448 365s
[559034.8] IDEA_C_R720: step 31 ELEVATED pairs=36910 evals=464 378s
[559043.5] IDEA_C_R720: step 32 ELEVATED pairs=36684 evals=480 386s
[559055.3] IDEA_C_R720: step 33 ELEVATED pairs=36466 evals=496 398s
[559066.6] IDEA_C_R720: step 34 ELEVATED pairs=36269 evals=512 409s
[559086.7] IDEA_C_R720: step 35 ELEVATED pairs=36073 evals=528 430s
[559100.7] IDEA_C_R720: step 36 ELEVATED pairs=35887 evals=544 444s
[559112.2] IDEA_C_R720: step 37 ELEVATED pairs=35774 evals=560 455s
[559125.1] IDEA_C_R720: step 38 ELEVATED pairs=35543 evals=576 468s
[559135.7] IDEA_C_R720: step 39 ELEVATED pairs=35343 evals=592 479s
[559148.6] IDEA_C_R720: step 40 ELEVATED pairs=35138 evals=608 491s
[559148.9] IDEA_C_R720: step 41 NO_CANDIDATES_GENERATED pairs=35138 evals=608 492s
[559149.2] IDEA_C_R720: step 42 NO_CANDIDATES_GENERATED pairs=35138 evals=608 492s
[559162.4] IDEA_C_R720: step 43 ELEVATED pairs=34935 evals=624 505s
[559176.4] IDEA_C_R720: step 44 ELEVATED pairs=34734 evals=640 519s
[559186.3] IDEA_C_R720: step 45 ELEVATED pairs=34539 evals=656 529s
[559201.5] IDEA_C_R720: step 46 ELEVATED pairs=34340 evals=672 544s
[559216.8] IDEA_C_R720: step 47 ELEVATED pairs=34143 evals=688 560s
[559231.3] IDEA_C_R720: step 48 ELEVATED pairs=33933 evals=704 574s
[559248.6] IDEA_C_R720: step 49 ELEVATED pairs=33738 evals=720 591s
[559249.2] IDEA_C_R720: step 50 ABORTED_CANDIDATE_BUDGET pairs=33738 evals=720 592s
[559249.7] IDEA_C_R720: done final=33738 moves=45 first=45 reloc=0 ret=0 evals=720 stop=CANDIDATE_BUDGET_EXHAUSTED
[559320.7] IDEA_C_R720: recheck PASS checks=130816
GROUP DONE IDEA_C_R720 PASS
