start-state rescan (main) ...
  main PASS pairs=42909 unresolved=3 elevated=24
[556428.3] V7_T1_R2880: start mode=R budget=2880 spec={"name": "V7_T1", "target_policy": "LEGACY", "evaluation_policy": "E2_ORDERED_K16", "traversal_policy": "BASE", "max_targets": 2000, "k_per_target": 16, "family_round_robin": false, "relocation_side_reserve": 0, "waiting_age": false, "route_coverage": false, "multi_anchor": false, "exact_dedup": false, "decision_cache": false, "return_action": false, "cache_structural_skips": false, "window_slack_mm": 1e-05, "notes": ""}
[556428.3] V7_T1_R2880: start state=main C:\Users\lihao\Desktop\Graduation Project\OpticalWaveguideRouter3D\outputs\3d_strategy_v3\512_ablation\D_both_enabled pairs=42909
[556437.2] V7_T1_R2880: INITIAL_DONE pairs=42909
[556437.5] V7_T1_R2880: step 1 NO_CANDIDATES_GENERATED pairs=42909 evals=0 1s
[556437.8] V7_T1_R2880: step 2 NO_CANDIDATES_GENERATED pairs=42909 evals=0 1s
[556450.1] V7_T1_R2880: step 3 ELEVATED pairs=42661 evals=16 13s
[556470.9] V7_T1_R2880: step 4 ELEVATED pairs=42487 evals=32 34s
[556486.0] V7_T1_R2880: step 5 ELEVATED pairs=42305 evals=48 49s
[556503.8] V7_T1_R2880: step 6 ELEVATED pairs=42121 evals=64 67s
[556520.9] V7_T1_R2880: step 7 ELEVATED pairs=41936 evals=80 84s
[556534.8] V7_T1_R2880: step 8 ELEVATED pairs=41680 evals=96 98s
[556552.2] V7_T1_R2880: step 9 ELEVATED pairs=41486 evals=112 115s
[556565.1] V7_T1_R2880: step 10 ELEVATED pairs=41225 evals=128 128s
[556588.7] V7_T1_R2880: step 11 ELEVATED pairs=41046 evals=144 152s
[556610.0] V7_T1_R2880: step 12 ELEVATED pairs=40867 evals=160 173s
[556619.9] V7_T1_R2880: step 13 ELEVATED pairs=40628 evals=176 183s
[556633.6] V7_T1_R2880: step 14 ELEVATED pairs=40377 evals=192 197s
[556643.3] V7_T1_R2880: step 15 ELEVATED pairs=40136 evals=208 207s
[556656.8] V7_T1_R2880: step 16 ELEVATED pairs=39887 evals=224 220s
[556670.3] V7_T1_R2880: step 17 ELEVATED pairs=39640 evals=240 234s
[556683.3] V7_T1_R2880: step 18 ELEVATED pairs=39399 evals=256 246s
[556697.5] V7_T1_R2880: step 19 ELEVATED pairs=39175 evals=272 261s
[556710.8] V7_T1_R2880: step 20 ELEVATED pairs=38969 evals=288 274s
[556728.3] V7_T1_R2880: step 21 ELEVATED pairs=38811 evals=304 292s
[556742.5] V7_T1_R2880: step 22 ELEVATED pairs=38668 evals=320 306s
[556755.3] V7_T1_R2880: step 23 ELEVATED pairs=38466 evals=336 319s
[556768.4] V7_T1_R2880: step 24 ELEVATED pairs=38332 evals=352 332s
[556780.1] V7_T1_R2880: step 25 ELEVATED pairs=38108 evals=368 343s
[556794.5] V7_T1_R2880: step 26 ELEVATED pairs=37974 evals=384 358s
[556806.1] V7_T1_R2880: step 27 ELEVATED pairs=37771 evals=400 369s
[556817.6] V7_T1_R2880: step 28 ELEVATED pairs=37568 evals=416 381s
[556827.3] V7_T1_R2880: step 29 ELEVATED pairs=37338 evals=432 391s
[556836.9] V7_T1_R2880: step 30 ELEVATED pairs=37110 evals=448 400s
[556849.6] V7_T1_R2880: step 31 ELEVATED pairs=36910 evals=464 413s
[556859.1] V7_T1_R2880: step 32 ELEVATED pairs=36684 evals=480 422s
[556871.3] V7_T1_R2880: step 33 ELEVATED pairs=36466 evals=496 434s
[556883.2] V7_T1_R2880: step 34 ELEVATED pairs=36269 evals=512 446s
[556904.2] V7_T1_R2880: step 35 ELEVATED pairs=36073 evals=528 467s
[556919.1] V7_T1_R2880: step 36 ELEVATED pairs=35887 evals=544 482s
[556931.3] V7_T1_R2880: step 37 ELEVATED pairs=35774 evals=560 495s
[556944.8] V7_T1_R2880: step 38 ELEVATED pairs=35543 evals=576 508s
[556955.8] V7_T1_R2880: step 39 ELEVATED pairs=35343 evals=592 519s
[556969.4] V7_T1_R2880: step 40 ELEVATED pairs=35138 evals=608 533s
[556969.6] V7_T1_R2880: step 41 NO_CANDIDATES_GENERATED pairs=35138 evals=608 533s
[556969.8] V7_T1_R2880: step 42 NO_CANDIDATES_GENERATED pairs=35138 evals=608 533s
[556983.9] V7_T1_R2880: step 43 ELEVATED pairs=34935 evals=624 547s
[556998.7] V7_T1_R2880: step 44 ELEVATED pairs=34734 evals=640 562s
[557008.9] V7_T1_R2880: step 45 ELEVATED pairs=34539 evals=656 572s
[557024.6] V7_T1_R2880: step 46 ELEVATED pairs=34340 evals=672 588s
[557040.5] V7_T1_R2880: step 47 ELEVATED pairs=34143 evals=688 604s
[557055.1] V7_T1_R2880: step 48 ELEVATED pairs=33933 evals=704 618s
[557072.4] V7_T1_R2880: step 49 ELEVATED pairs=33738 evals=720 636s
[557086.6] V7_T1_R2880: step 50 ELEVATED pairs=33530 evals=736 650s
[557098.8] V7_T1_R2880: step 51 ELEVATED pairs=33326 evals=752 662s
[557117.0] V7_T1_R2880: step 52 ELEVATED pairs=33133 evals=768 680s
[557131.3] V7_T1_R2880: step 53 ELEVATED pairs=32926 evals=784 695s
[557150.6] V7_T1_R2880: step 54 ELEVATED pairs=32735 evals=800 714s
[557165.0] V7_T1_R2880: step 55 ELEVATED pairs=32530 evals=816 728s
[557184.8] V7_T1_R2880: step 56 ELEVATED pairs=32341 evals=832 748s
[557198.6] V7_T1_R2880: step 57 ELEVATED pairs=32137 evals=848 762s
[557217.0] V7_T1_R2880: step 58 ELEVATED pairs=31950 evals=864 780s
[557225.7] V7_T1_R2880: step 59 ELEVATED pairs=31792 evals=880 789s
[557238.9] V7_T1_R2880: step 60 ELEVATED pairs=31590 evals=896 802s
[557252.1] V7_T1_R2880: step 61 ELEVATED pairs=31389 evals=912 815s
[557263.7] V7_T1_R2880: step 62 ELEVATED pairs=31226 evals=928 827s
[557276.9] V7_T1_R2880: step 63 ELEVATED pairs=31027 evals=944 840s
[557290.1] V7_T1_R2880: step 64 ELEVATED pairs=30829 evals=960 853s
[557290.4] V7_T1_R2880: step 65 NO_CANDIDATES_GENERATED pairs=30829 evals=960 854s
[557290.7] V7_T1_R2880: step 66 NO_CANDIDATES_GENERATED pairs=30829 evals=960 854s
[557290.9] V7_T1_R2880: step 67 NO_CANDIDATES_GENERATED pairs=30829 evals=960 854s
[557304.1] V7_T1_R2880: step 68 ELEVATED pairs=30633 evals=976 867s
[557315.3] V7_T1_R2880: step 69 ELEVATED pairs=30481 evals=992 878s
[557326.0] V7_T1_R2880: step 70 ELEVATED pairs=30367 evals=1008 889s
[557339.0] V7_T1_R2880: step 71 ELEVATED pairs=30214 evals=1024 902s
[557347.6] V7_T1_R2880: step 72 ELEVATED pairs=30030 evals=1033 911s
[557360.1] V7_T1_R2880: step 73 ELEVATED pairs=29879 evals=1049 923s
[557368.5] V7_T1_R2880: step 74 ELEVATED pairs=29697 evals=1058 932s
[557380.6] V7_T1_R2880: step 75 ELEVATED pairs=29548 evals=1074 944s
[557389.1] V7_T1_R2880: step 76 ELEVATED pairs=29368 evals=1083 952s
[557397.1] V7_T1_R2880: step 77 ELEVATED pairs=29190 evals=1092 960s
[557419.4] V7_T1_R2880: step 78 ELEVATED pairs=28961 evals=1108 983s
[557426.8] V7_T1_R2880: step 79 ELEVATED pairs=28776 evals=1124 990s
[557434.3] V7_T1_R2880: step 80 ELEVATED pairs=28593 evals=1140 997s
[557441.7] V7_T1_R2880: step 81 ELEVATED pairs=28412 evals=1156 1005s
[557449.7] V7_T1_R2880: step 82 ELEVATED pairs=28233 evals=1172 1013s
[557457.8] V7_T1_R2880: step 83 ELEVATED pairs=28134 evals=1188 1021s
[557468.1] V7_T1_R2880: step 84 ELEVATED pairs=28022 evals=1204 1031s
[557476.0] V7_T1_R2880: step 85 ELEVATED pairs=27902 evals=1220 1039s
[557484.0] V7_T1_R2880: step 86 ELEVATED pairs=27782 evals=1236 1047s
[557491.8] V7_T1_R2880: step 87 ELEVATED pairs=27662 evals=1252 1055s
[557499.5] V7_T1_R2880: step 88 ELEVATED pairs=27514 evals=1268 1063s
[557507.4] V7_T1_R2880: step 89 ELEVATED pairs=27394 evals=1284 1071s
[557516.7] V7_T1_R2880: step 90 ELEVATED pairs=27248 evals=1300 1080s
[557526.8] V7_T1_R2880: step 91 ELEVATED pairs=27092 evals=1316 1090s
[557535.9] V7_T1_R2880: step 92 PREFIX_EVALUATED_NO_WINNER_DEFERRED pairs=27092 evals=1332 1099s
[557545.3] V7_T1_R2880: step 93 ELEVATED pairs=26951 evals=1348 1108s
[557554.5] V7_T1_R2880: step 94 PREFIX_EVALUATED_NO_WINNER_DEFERRED pairs=26951 evals=1364 1118s
[557564.2] V7_T1_R2880: step 95 ELEVATED pairs=26895 evals=1380 1127s
[557574.5] V7_T1_R2880: step 96 ELEVATED pairs=26781 evals=1396 1138s
[557587.8] V7_T1_R2880: step 97 ELEVATED pairs=26690 evals=1412 1151s
[557599.4] V7_T1_R2880: step 98 ELEVATED pairs=26525 evals=1428 1163s
[557608.7] V7_T1_R2880: step 99 ELEVATED pairs=26436 evals=1444 1172s
[557620.7] V7_T1_R2880: step 100 ELEVATED pairs=26273 evals=1460 1184s
[557632.7] V7_T1_R2880: step 101 ELEVATED pairs=26112 evals=1476 1196s
[557641.0] V7_T1_R2880: step 102 ELEVATED pairs=26016 evals=1492 1204s
[557656.1] V7_T1_R2880: step 103 ELEVATED pairs=25857 evals=1508 1219s
[557664.6] V7_T1_R2880: step 104 ELEVATED pairs=25803 evals=1524 1228s
[557676.6] V7_T1_R2880: step 105 ELEVATED pairs=25644 evals=1540 1240s
[557688.0] V7_T1_R2880: step 106 ELEVATED pairs=25487 evals=1556 1251s
[557694.4] V7_T1_R2880: step 107 ELEVATED pairs=25361 evals=1572 1258s
[557705.7] V7_T1_R2880: step 108 ELEVATED pairs=25207 evals=1588 1269s
[557715.6] V7_T1_R2880: step 109 ELEVATED pairs=25144 evals=1604 1279s
[557724.0] V7_T1_R2880: step 110 ELEVATED pairs=24969 evals=1620 1287s
[557732.0] V7_T1_R2880: step 111 ELEVATED pairs=24796 evals=1636 1295s
[557741.4] V7_T1_R2880: step 112 ELEVATED pairs=24735 evals=1652 1305s
[557760.2] V7_T1_R2880: step 113 ELEVATED pairs=24607 evals=1668 1323s
[557779.2] V7_T1_R2880: step 114 ELEVATED pairs=24481 evals=1684 1342s
[557788.8] V7_T1_R2880: step 115 ELEVATED pairs=24411 evals=1700 1352s
[557801.0] V7_T1_R2880: step 116 ELEVATED pairs=24317 evals=1709 1364s
[557818.1] V7_T1_R2880: step 117 ELEVATED pairs=24173 evals=1725 1381s
[557826.6] V7_T1_R2880: step 118 ELEVATED pairs=24079 evals=1741 1390s
[557843.0] V7_T1_R2880: step 119 ELEVATED pairs=23935 evals=1757 1406s
[557859.8] V7_T1_R2880: step 120 ELEVATED pairs=23791 evals=1773 1423s
[557867.9] V7_T1_R2880: step 121 ELEVATED pairs=23698 evals=1789 1431s
[557883.6] V7_T1_R2880: step 122 ELEVATED pairs=23554 evals=1805 1447s
[557909.8] V7_T1_R2880: step 123 ELEVATED pairs=23440 evals=1821 1473s
[557923.0] V7_T1_R2880: step 124 ELEVATED pairs=23259 evals=1837 1486s
[557949.0] V7_T1_R2880: step 125 ELEVATED pairs=23145 evals=1853 1512s
[557974.6] V7_T1_R2880: step 126 ELEVATED pairs=23031 evals=1869 1538s
[557990.5] V7_T1_R2880: step 127 ELEVATED pairs=22866 evals=1885 1554s
[558016.3] V7_T1_R2880: step 128 ELEVATED pairs=22752 evals=1901 1579s
[558033.8] V7_T1_R2880: step 129 ELEVATED pairs=22589 evals=1917 1597s
[558053.8] V7_T1_R2880: step 130 ELEVATED pairs=22428 evals=1933 1617s
[558075.1] V7_T1_R2880: step 131 ELEVATED pairs=22269 evals=1949 1638s
[558085.4] V7_T1_R2880: step 132 ELEVATED pairs=22187 evals=1965 1649s
[558094.9] V7_T1_R2880: step 133 ELEVATED pairs=22053 evals=1981 1658s
[558104.3] V7_T1_R2880: step 134 ELEVATED pairs=21921 evals=1997 1667s
[558118.9] V7_T1_R2880: step 135 ELEVATED pairs=21793 evals=2013 1682s
[558127.9] V7_T1_R2880: step 136 ELEVATED pairs=21663 evals=2029 1691s
[558136.4] V7_T1_R2880: step 137 ELEVATED pairs=21599 evals=2045 1700s
[558144.9] V7_T1_R2880: step 138 ELEVATED pairs=21536 evals=2061 1708s
[558153.0] V7_T1_R2880: step 139 ELEVATED pairs=21473 evals=2077 1716s
[558159.8] V7_T1_R2880: step 140 ELEVATED pairs=21404 evals=2093 1723s
[558166.5] V7_T1_R2880: step 141 ELEVATED pairs=21335 evals=2109 1730s
[558173.6] V7_T1_R2880: step 142 ELEVATED pairs=21266 evals=2125 1737s
[558180.9] V7_T1_R2880: step 143 ELEVATED pairs=21197 evals=2141 1744s
[558188.1] V7_T1_R2880: step 144 PREFIX_EVALUATED_NO_WINNER_DEFERRED pairs=21197 evals=2157 1751s
[558205.0] V7_T1_R2880: step 145 ELEVATED pairs=21078 evals=2173 1768s
[558212.3] V7_T1_R2880: step 146 PREFIX_EVALUATED_NO_WINNER_DEFERRED pairs=21078 evals=2189 1775s
[558221.0] V7_T1_R2880: step 147 ELEVATED pairs=21032 evals=2205 1784s
[558228.2] V7_T1_R2880: step 148 PREFIX_EVALUATED_NO_WINNER_DEFERRED pairs=21032 evals=2221 1791s
[558237.1] V7_T1_R2880: step 149 ELEVATED pairs=20986 evals=2237 1800s
[558244.3] V7_T1_R2880: step 150 PREFIX_EVALUATED_NO_WINNER_DEFERRED pairs=20986 evals=2253 1808s
[558251.2] V7_T1_R2880: step 151 ELEVATED pairs=20932 evals=2269 1814s
[558258.5] V7_T1_R2880: step 152 PREFIX_EVALUATED_NO_WINNER_DEFERRED pairs=20932 evals=2285 1822s
[558265.5] V7_T1_R2880: step 153 ELEVATED pairs=20865 evals=2301 1829s
[558272.4] V7_T1_R2880: step 154 PREFIX_EVALUATED_NO_WINNER_DEFERRED pairs=20865 evals=2317 1836s
[558279.0] V7_T1_R2880: step 155 ELEVATED pairs=20798 evals=2333 1842s
[558285.9] V7_T1_R2880: step 156 PREFIX_EVALUATED_NO_WINNER_DEFERRED pairs=20798 evals=2349 1849s
[558292.6] V7_T1_R2880: step 157 ELEVATED pairs=20731 evals=2365 1856s
[558299.3] V7_T1_R2880: step 158 PREFIX_EVALUATED_NO_WINNER_DEFERRED pairs=20731 evals=2381 1862s
[558311.2] V7_T1_R2880: step 159 ELEVATED pairs=20568 evals=2397 1874s
[558318.0] V7_T1_R2880: step 160 PREFIX_EVALUATED_NO_WINNER_DEFERRED pairs=20568 evals=2413 1881s
[558324.1] V7_T1_R2880: step 161 ELEVATED pairs=20508 evals=2429 1887s
[558331.1] V7_T1_R2880: step 162 PREFIX_EVALUATED_NO_WINNER_DEFERRED pairs=20508 evals=2445 1894s
[558337.4] V7_T1_R2880: step 163 ELEVATED pairs=20448 evals=2461 1901s
[558344.3] V7_T1_R2880: step 164 PREFIX_EVALUATED_NO_WINNER_DEFERRED pairs=20448 evals=2477 1907s
[558356.3] V7_T1_R2880: step 165 ELEVATED pairs=20287 evals=2493 1919s
[558362.8] V7_T1_R2880: step 166 PREFIX_EVALUATED_NO_WINNER_DEFERRED pairs=20287 evals=2509 1926s
[558368.5] V7_T1_R2880: step 167 ELEVATED pairs=20221 evals=2525 1932s
[558374.9] V7_T1_R2880: step 168 PREFIX_EVALUATED_NO_WINNER_DEFERRED pairs=20221 evals=2541 1938s
[558385.3] V7_T1_R2880: step 169 ELEVATED pairs=20062 evals=2557 1949s
[558391.4] V7_T1_R2880: step 170 PREFIX_EVALUATED_NO_WINNER_DEFERRED pairs=20062 evals=2573 1955s
[558398.9] V7_T1_R2880: step 171 PREFIX_EVALUATED_NO_WINNER_DEFERRED pairs=20062 evals=2589 1962s
[558408.6] V7_T1_R2880: step 172 ELEVATED pairs=19997 evals=2598 1972s
[558414.5] V7_T1_R2880: step 173 PREFIX_EVALUATED_NO_WINNER_DEFERRED pairs=19997 evals=2614 1978s
[558421.8] V7_T1_R2880: step 174 PREFIX_EVALUATED_NO_WINNER_DEFERRED pairs=19997 evals=2630 1985s
[558430.8] V7_T1_R2880: step 175 ELEVATED pairs=19848 evals=2646 1994s
[558436.6] V7_T1_R2880: step 176 PREFIX_EVALUATED_NO_WINNER_DEFERRED pairs=19848 evals=2662 2000s
[558443.8] V7_T1_R2880: step 177 PREFIX_EVALUATED_NO_WINNER_DEFERRED pairs=19848 evals=2678 2007s
[558450.6] V7_T1_R2880: step 178 ELEVATED pairs=19770 evals=2694 2014s
[558456.7] V7_T1_R2880: step 179 PREFIX_EVALUATED_NO_WINNER_DEFERRED pairs=19770 evals=2710 2020s
[558464.2] V7_T1_R2880: step 180 PREFIX_EVALUATED_NO_WINNER_DEFERRED pairs=19770 evals=2726 2027s
[558473.9] V7_T1_R2880: step 181 ELEVATED pairs=19623 evals=2742 2037s
[558480.2] V7_T1_R2880: step 182 PREFIX_EVALUATED_NO_WINNER_DEFERRED pairs=19623 evals=2758 2043s
[558487.5] V7_T1_R2880: step 183 PREFIX_EVALUATED_NO_WINNER_DEFERRED pairs=19623 evals=2774 2051s
[558497.0] V7_T1_R2880: step 184 ELEVATED pairs=19478 evals=2790 2060s
[558503.5] V7_T1_R2880: step 185 PREFIX_EVALUATED_NO_WINNER_DEFERRED pairs=19478 evals=2806 2067s
[558510.9] V7_T1_R2880: step 186 PREFIX_EVALUATED_NO_WINNER_DEFERRED pairs=19478 evals=2822 2074s
[558520.3] V7_T1_R2880: step 187 ELEVATED pairs=19335 evals=2838 2084s
[558526.4] V7_T1_R2880: step 188 PREFIX_EVALUATED_NO_WINNER_DEFERRED pairs=19335 evals=2854 2090s
[558533.8] V7_T1_R2880: step 189 PREFIX_EVALUATED_NO_WINNER_DEFERRED pairs=19335 evals=2870 2097s
[558537.3] V7_T1_R2880: step 190 ELEVATED pairs=19233 evals=2880 2100s
[558537.7] V7_T1_R2880: done final=19233 moves=154 first=154 reloc=0 ret=0 evals=2880 stop=CANDIDATE_BUDGET_EXHAUSTED
[558623.3] V7_T1_R2880: recheck PASS checks=130816
GROUP DONE V7_T1_R2880 PASS
