start-state rescan (main) ...
  main PASS pairs=42909 unresolved=3 elevated=24
[561064.1] IDEA_D_CONTROL_R720: start mode=R budget=720 spec={"name": "IDEA_D_CONTROL", "target_policy": "STRATIFIED", "evaluation_policy": "E2_ORDERED_K16", "traversal_policy": "BASE", "max_targets": 200, "k_per_target": 16, "family_round_robin": false, "relocation_side_reserve": 0, "waiting_age": false, "route_coverage": false, "multi_anchor": false, "exact_dedup": false, "decision_cache": false, "return_action": false, "cache_structural_skips": false, "window_slack_mm": 1e-05, "notes": ""}
[561064.1] IDEA_D_CONTROL_R720: start state=main C:\Users\lihao\Desktop\Graduation Project\OpticalWaveguideRouter3D\outputs\3d_strategy_v3\512_ablation\D_both_enabled pairs=42909
[561070.8] IDEA_D_CONTROL_R720: INITIAL_DONE pairs=42909
[561071.3] IDEA_D_CONTROL_R720: step 1 NO_CANDIDATES_GENERATED pairs=42909 evals=0 1s
[561072.1] IDEA_D_CONTROL_R720: step 2 NO_CANDIDATES_GENERATED pairs=42909 evals=0 2s
[561072.4] IDEA_D_CONTROL_R720: step 3 NO_CANDIDATES_GENERATED pairs=42909 evals=0 2s
[561090.7] IDEA_D_CONTROL_R720: step 4 ELEVATED pairs=42666 evals=16 20s
[561091.7] IDEA_D_CONTROL_R720: step 5 NO_CANDIDATES_GENERATED pairs=42666 evals=16 21s
[561092.0] IDEA_D_CONTROL_R720: step 6 NO_CANDIDATES_GENERATED pairs=42666 evals=16 21s
[561092.4] IDEA_D_CONTROL_R720: step 7 NO_CANDIDATES_GENERATED pairs=42666 evals=16 22s
[561093.4] IDEA_D_CONTROL_R720: step 8 NO_CANDIDATES_GENERATED pairs=42666 evals=16 23s
[561103.1] IDEA_D_CONTROL_R720: step 9 ELEVATED pairs=42420 evals=32 32s
[561116.2] IDEA_D_CONTROL_R720: step 10 RELOCATED pairs=42389 evals=48 46s
[561117.0] IDEA_D_CONTROL_R720: step 11 NO_CANDIDATES_GENERATED pairs=42389 evals=48 46s
[561133.5] IDEA_D_CONTROL_R720: step 12 ELEVATED pairs=42215 evals=64 63s
[561143.7] IDEA_D_CONTROL_R720: step 13 PREFIX_EVALUATED_NO_WINNER_DEFERRED pairs=42215 evals=80 73s
[561165.7] IDEA_D_CONTROL_R720: step 14 PREFIX_EVALUATED_NO_WINNER_DEFERRED pairs=42215 evals=96 95s
[561179.4] IDEA_D_CONTROL_R720: step 15 ELEVATED pairs=42033 evals=112 109s
[561190.0] IDEA_D_CONTROL_R720: step 16 PREFIX_EVALUATED_NO_WINNER_DEFERRED pairs=42033 evals=128 119s
[561198.8] IDEA_D_CONTROL_R720: step 17 PREFIX_EVALUATED_NO_WINNER_DEFERRED pairs=42033 evals=144 128s
[561212.6] IDEA_D_CONTROL_R720: step 18 ELEVATED pairs=41849 evals=160 142s
[561223.6] IDEA_D_CONTROL_R720: step 19 PREFIX_EVALUATED_NO_WINNER_DEFERRED pairs=41849 evals=176 153s
[561232.1] IDEA_D_CONTROL_R720: step 20 PREFIX_EVALUATED_NO_WINNER_DEFERRED pairs=41849 evals=192 162s
[561246.2] IDEA_D_CONTROL_R720: step 21 ELEVATED pairs=41664 evals=208 176s
[561257.6] IDEA_D_CONTROL_R720: step 22 PREFIX_EVALUATED_NO_WINNER_DEFERRED pairs=41664 evals=224 187s
[561266.5] IDEA_D_CONTROL_R720: step 23 PREFIX_EVALUATED_NO_WINNER_DEFERRED pairs=41664 evals=240 196s
[561276.8] IDEA_D_CONTROL_R720: step 24 ELEVATED pairs=41410 evals=256 206s
[561288.2] IDEA_D_CONTROL_R720: step 25 PREFIX_EVALUATED_NO_WINNER_DEFERRED pairs=41410 evals=272 218s
[561296.9] IDEA_D_CONTROL_R720: step 26 PREFIX_EVALUATED_NO_WINNER_DEFERRED pairs=41410 evals=288 226s
[561310.9] IDEA_D_CONTROL_R720: step 27 ELEVATED pairs=41216 evals=304 240s
[561322.3] IDEA_D_CONTROL_R720: step 28 PREFIX_EVALUATED_NO_WINNER_DEFERRED pairs=41216 evals=320 252s
[561331.1] IDEA_D_CONTROL_R720: step 29 PREFIX_EVALUATED_NO_WINNER_DEFERRED pairs=41216 evals=336 260s
[561350.4] IDEA_D_CONTROL_R720: step 30 ELEVATED pairs=41037 evals=352 280s
[561362.0] IDEA_D_CONTROL_R720: step 31 PREFIX_EVALUATED_NO_WINNER_DEFERRED pairs=41037 evals=368 291s
[561370.8] IDEA_D_CONTROL_R720: step 32 PREFIX_EVALUATED_NO_WINNER_DEFERRED pairs=41037 evals=384 300s
[561389.5] IDEA_D_CONTROL_R720: step 33 ELEVATED pairs=40858 evals=400 319s
[561400.8] IDEA_D_CONTROL_R720: step 34 PREFIX_EVALUATED_NO_WINNER_DEFERRED pairs=40858 evals=416 330s
[561409.2] IDEA_D_CONTROL_R720: step 35 PREFIX_EVALUATED_NO_WINNER_DEFERRED pairs=40858 evals=432 339s
[561418.1] IDEA_D_CONTROL_R720: step 36 ELEVATED pairs=40620 evals=448 348s
[561429.4] IDEA_D_CONTROL_R720: step 37 PREFIX_EVALUATED_NO_WINNER_DEFERRED pairs=40620 evals=464 359s
[561437.6] IDEA_D_CONTROL_R720: step 38 PREFIX_EVALUATED_NO_WINNER_DEFERRED pairs=40620 evals=480 367s
[561449.8] IDEA_D_CONTROL_R720: step 39 ELEVATED pairs=40369 evals=496 379s
[561461.3] IDEA_D_CONTROL_R720: step 40 PREFIX_EVALUATED_NO_WINNER_DEFERRED pairs=40369 evals=512 391s
[561469.4] IDEA_D_CONTROL_R720: step 41 PREFIX_EVALUATED_NO_WINNER_DEFERRED pairs=40369 evals=528 399s
[561477.7] IDEA_D_CONTROL_R720: step 42 ELEVATED pairs=40129 evals=544 407s
[561488.7] IDEA_D_CONTROL_R720: step 43 PREFIX_EVALUATED_NO_WINNER_DEFERRED pairs=40129 evals=560 418s
[561496.5] IDEA_D_CONTROL_R720: step 44 PREFIX_EVALUATED_NO_WINNER_DEFERRED pairs=40129 evals=576 426s
[561507.4] IDEA_D_CONTROL_R720: step 45 ELEVATED pairs=39880 evals=592 437s
[561517.5] IDEA_D_CONTROL_R720: step 46 PREFIX_EVALUATED_NO_WINNER_DEFERRED pairs=39880 evals=608 447s
[561524.8] IDEA_D_CONTROL_R720: step 47 PREFIX_EVALUATED_NO_WINNER_DEFERRED pairs=39880 evals=624 454s
[561535.6] IDEA_D_CONTROL_R720: step 48 ELEVATED pairs=39633 evals=640 465s
[561545.9] IDEA_D_CONTROL_R720: step 49 PREFIX_EVALUATED_NO_WINNER_DEFERRED pairs=39633 evals=656 475s
[561553.3] IDEA_D_CONTROL_R720: step 50 PREFIX_EVALUATED_NO_WINNER_DEFERRED pairs=39633 evals=672 483s
[561564.1] IDEA_D_CONTROL_R720: step 51 ELEVATED pairs=39408 evals=688 494s
[561574.1] IDEA_D_CONTROL_R720: step 52 PREFIX_EVALUATED_NO_WINNER_DEFERRED pairs=39408 evals=704 504s
[561581.6] IDEA_D_CONTROL_R720: step 53 PREFIX_EVALUATED_NO_WINNER_DEFERRED pairs=39408 evals=720 511s
[561582.2] IDEA_D_CONTROL_R720: step 54 ABORTED_CANDIDATE_BUDGET pairs=39408 evals=720 512s
[561582.6] IDEA_D_CONTROL_R720: done final=39408 moves=17 first=16 reloc=1 ret=0 evals=720 stop=CANDIDATE_BUDGET_EXHAUSTED
[561634.4] IDEA_D_CONTROL_R720: recheck PASS checks=130816
GROUP DONE IDEA_D_CONTROL_R720 PASS
