start-state rescan (main) ...
  main PASS pairs=42909 unresolved=3 elevated=24
[559494.7] IDEA_D_N1440: start mode=N budget=1440 spec={"name": "IDEA_D", "target_policy": "STRATIFIED", "evaluation_policy": "E2_ORDERED_K16", "traversal_policy": "COVERAGE", "max_targets": 200, "k_per_target": 16, "family_round_robin": false, "relocation_side_reserve": 0, "waiting_age": false, "route_coverage": true, "multi_anchor": false, "exact_dedup": false, "decision_cache": false, "return_action": false, "cache_structural_skips": true, "window_slack_mm": 1e-05, "notes": ""}
[559494.7] IDEA_D_N1440: start state=main C:\Users\lihao\Desktop\Graduation Project\OpticalWaveguideRouter3D\outputs\3d_strategy_v3\512_ablation\D_both_enabled pairs=42909
[559502.4] IDEA_D_N1440: INITIAL_DONE pairs=42909
[559503.3] IDEA_D_N1440: step 1 NO_CANDIDATES_GENERATED pairs=42909 evals=0 1s
[559510.4] IDEA_D_N1440: step 2 NO_CANDIDATES_GENERATED pairs=42909 evals=0 8s
[559510.7] IDEA_D_N1440: step 3 NO_CANDIDATES_GENERATED pairs=42909 evals=0 9s
[559540.5] IDEA_D_N1440: step 4 ELEVATED pairs=42666 evals=16 38s
[559561.0] IDEA_D_N1440: step 5 ELEVATED pairs=42420 evals=32 59s
[559574.6] IDEA_D_N1440: step 6 ELEVATED pairs=42164 evals=48 73s
[559599.9] IDEA_D_N1440: step 7 ELEVATED pairs=41988 evals=64 98s
[559631.9] IDEA_D_N1440: step 8 ELEVATED pairs=41739 evals=80 130s
[559647.3] IDEA_D_N1440: step 9 ELEVATED pairs=41481 evals=96 145s
[559679.4] IDEA_D_N1440: step 10 ELEVATED pairs=41282 evals=112 177s
[559710.5] IDEA_D_N1440: step 11 ELEVATED pairs=41054 evals=128 208s
[559722.6] IDEA_D_N1440: step 12 ELEVATED pairs=40839 evals=144 221s
[559723.7] IDEA_D_N1440: step 13 NO_CANDIDATES_GENERATED pairs=40839 evals=144 222s
[559759.3] IDEA_D_N1440: step 14 ELEVATED pairs=40619 evals=160 257s
[559773.8] IDEA_D_N1440: step 15 ELEVATED pairs=40368 evals=176 272s
[559774.6] IDEA_D_N1440: step 16 NO_CANDIDATES_GENERATED pairs=40368 evals=176 273s
[559816.8] IDEA_D_N1440: step 17 ELEVATED pairs=40208 evals=192 315s
[559844.9] IDEA_D_N1440: step 18 ELEVATED pairs=40015 evals=208 343s
[559869.8] IDEA_D_N1440: step 19 ELEVATED pairs=39792 evals=224 368s
[559915.6] IDEA_D_N1440: step 20 ELEVATED pairs=39603 evals=240 414s
[559932.7] IDEA_D_N1440: step 21 ELEVATED pairs=39372 evals=256 431s
[559963.4] IDEA_D_N1440: step 22 ELEVATED pairs=39248 evals=272 461s
[560004.4] IDEA_D_N1440: step 23 ELEVATED pairs=39106 evals=288 502s
[560022.8] IDEA_D_N1440: step 24 ELEVATED pairs=38944 evals=304 521s
[560057.5] IDEA_D_N1440: step 25 ELEVATED pairs=38819 evals=320 555s
[560098.5] IDEA_D_N1440: step 26 ELEVATED pairs=38614 evals=336 597s
[560119.9] IDEA_D_N1440: step 27 ELEVATED pairs=38474 evals=352 618s
[560120.6] IDEA_D_N1440: step 28 NO_CANDIDATES_GENERATED pairs=38474 evals=352 619s
[560160.6] IDEA_D_N1440: step 29 ELEVATED pairs=38243 evals=368 659s
[560172.1] IDEA_D_N1440: step 30 ELEVATED pairs=38041 evals=384 670s
[560172.9] IDEA_D_N1440: step 31 NO_CANDIDATES_GENERATED pairs=38041 evals=384 671s
[560224.7] IDEA_D_N1440: step 32 ELEVATED pairs=37864 evals=400 723s
[560244.2] IDEA_D_N1440: step 33 ELEVATED pairs=37712 evals=416 742s
[560244.7] IDEA_D_N1440: step 34 NO_CANDIDATES_GENERATED pairs=37712 evals=416 743s
[560294.0] IDEA_D_N1440: step 35 ELEVATED pairs=37496 evals=432 792s
[560313.7] IDEA_D_N1440: step 36 ELEVATED pairs=37283 evals=448 812s
[560314.6] IDEA_D_N1440: step 37 NO_CANDIDATES_GENERATED pairs=37283 evals=448 813s
[560360.2] IDEA_D_N1440: step 38 ELEVATED pairs=37072 evals=464 858s
[560376.8] IDEA_D_N1440: step 39 ELEVATED pairs=36862 evals=480 875s
[560377.3] IDEA_D_N1440: step 40 NO_CANDIDATES_GENERATED pairs=36862 evals=480 875s
[560420.0] IDEA_D_N1440: step 41 ELEVATED pairs=36654 evals=496 918s
[560429.8] IDEA_D_N1440: step 42 ELEVATED pairs=36480 evals=512 928s
[560430.3] IDEA_D_N1440: step 43 NO_CANDIDATES_GENERATED pairs=36480 evals=512 928s
[560468.7] IDEA_D_N1440: step 44 ELEVATED pairs=36308 evals=528 967s
[560478.5] IDEA_D_N1440: step 45 ELEVATED pairs=36104 evals=544 976s
[560479.1] IDEA_D_N1440: step 46 NO_CANDIDATES_GENERATED pairs=36104 evals=544 977s
[560521.0] IDEA_D_N1440: step 47 ELEVATED pairs=35917 evals=560 1019s
[560535.0] IDEA_D_N1440: step 48 ELEVATED pairs=35764 evals=576 1033s
[560535.7] IDEA_D_N1440: step 49 NO_CANDIDATES_GENERATED pairs=35764 evals=576 1034s
[560583.8] IDEA_D_N1440: step 50 ELEVATED pairs=35553 evals=592 1082s
[560599.6] IDEA_D_N1440: step 51 ELEVATED pairs=35344 evals=608 1098s
[560600.3] IDEA_D_N1440: step 52 NO_CANDIDATES_GENERATED pairs=35344 evals=608 1098s
[560631.2] IDEA_D_N1440: step 53 NO_CANDIDATES_GENERATED pairs=35344 evals=608 1129s
[560631.5] IDEA_D_N1440: step 54 NO_CANDIDATES_GENERATED pairs=35344 evals=608 1129s
[560632.1] IDEA_D_N1440: step 55 NO_CANDIDATES_GENERATED pairs=35344 evals=608 1130s
[560663.8] IDEA_D_N1440: step 56 NO_CANDIDATES_GENERATED pairs=35344 evals=608 1162s
[560664.1] IDEA_D_N1440: step 57 NO_CANDIDATES_GENERATED pairs=35344 evals=608 1162s
[560664.6] IDEA_D_N1440: step 58 NO_CANDIDATES_GENERATED pairs=35344 evals=608 1163s
[560696.1] IDEA_D_N1440: step 59 NO_CANDIDATES_GENERATED pairs=35344 evals=608 1194s
[560696.3] IDEA_D_N1440: step 60 NO_CANDIDATES_GENERATED pairs=35344 evals=608 1194s
[560696.9] IDEA_D_N1440: step 61 NO_CANDIDATES_GENERATED pairs=35344 evals=608 1195s
[560743.0] IDEA_D_N1440: step 62 ELEVATED pairs=35137 evals=624 1241s
[560755.6] IDEA_D_N1440: step 63 ELEVATED pairs=35062 evals=640 1254s
[560756.3] IDEA_D_N1440: step 64 NO_CANDIDATES_GENERATED pairs=35062 evals=640 1254s
[560804.2] IDEA_D_N1440: step 65 ELEVATED pairs=34857 evals=656 1302s
[560818.2] IDEA_D_N1440: step 66 ELEVATED pairs=34653 evals=672 1316s
[560818.9] IDEA_D_N1440: step 67 NO_CANDIDATES_GENERATED pairs=34653 evals=672 1317s
[560868.6] IDEA_D_N1440: step 68 ELEVATED pairs=34461 evals=688 1367s
[560887.0] IDEA_D_N1440: step 69 ELEVATED pairs=34271 evals=704 1385s
[560887.6] IDEA_D_N1440: step 70 NO_CANDIDATES_GENERATED pairs=34271 evals=704 1386s
[560943.9] IDEA_D_N1440: step 71 ELEVATED pairs=34083 evals=720 1442s
[560958.9] IDEA_D_N1440: step 72 ELEVATED pairs=33890 evals=736 1457s
[560959.5] IDEA_D_N1440: step 73 NO_CANDIDATES_GENERATED pairs=33890 evals=736 1457s
[561005.3] IDEA_D_N1440: step 74 ELEVATED pairs=33699 evals=752 1503s
[561013.4] IDEA_D_N1440: step 75 ELEVATED pairs=33563 evals=768 1511s
[561014.0] IDEA_D_N1440: step 76 NO_CANDIDATES_GENERATED pairs=33563 evals=768 1512s
[561066.0] IDEA_D_N1440: step 77 ELEVATED pairs=33371 evals=784 1564s
[561079.3] IDEA_D_N1440: step 78 ELEVATED pairs=33256 evals=800 1577s
[561080.0] IDEA_D_N1440: step 79 NO_CANDIDATES_GENERATED pairs=33256 evals=800 1578s
[561133.6] IDEA_D_N1440: step 80 ELEVATED pairs=33051 evals=816 1632s
[561144.7] IDEA_D_N1440: step 81 ELEVATED pairs=32910 evals=832 1643s
[561145.4] IDEA_D_N1440: step 82 NO_CANDIDATES_GENERATED pairs=32910 evals=832 1643s
[561200.4] IDEA_D_N1440: step 83 ELEVATED pairs=32769 evals=848 1698s
[561211.8] IDEA_D_N1440: step 84 ELEVATED pairs=32616 evals=864 1710s
[561212.4] IDEA_D_N1440: step 85 NO_CANDIDATES_GENERATED pairs=32616 evals=864 1710s
[561263.8] IDEA_D_N1440: step 86 ELEVATED pairs=32458 evals=880 1762s
[561273.4] IDEA_D_N1440: step 87 ELEVATED pairs=32349 evals=896 1771s
[561274.1] IDEA_D_N1440: step 88 NO_CANDIDATES_GENERATED pairs=32349 evals=896 1772s
[561329.0] IDEA_D_N1440: step 89 ELEVATED pairs=32234 evals=912 1827s
[561343.1] IDEA_D_N1440: step 90 ELEVATED pairs=32162 evals=928 1841s
[561343.8] IDEA_D_N1440: step 91 NO_CANDIDATES_GENERATED pairs=32162 evals=928 1842s
[561401.5] IDEA_D_N1440: step 92 ELEVATED pairs=32037 evals=944 1899s
[561410.8] IDEA_D_N1440: step 93 ELEVATED pairs=31906 evals=960 1909s
[561411.5] IDEA_D_N1440: step 94 NO_CANDIDATES_GENERATED pairs=31906 evals=960 1910s
[561471.0] IDEA_D_N1440: step 95 ELEVATED pairs=31737 evals=976 1969s
[561481.2] IDEA_D_N1440: step 96 ELEVATED pairs=31634 evals=992 1979s
[561485.8] IDEA_D_N1440: step 97 ALL_CANDIDATES_REJECTED pairs=31634 evals=1001 1984s
[561539.3] IDEA_D_N1440: step 98 ELEVATED pairs=31467 evals=1017 2037s
[561551.3] IDEA_D_N1440: step 99 ELEVATED pairs=31365 evals=1033 2049s
[561552.0] IDEA_D_N1440: step 100 NO_CANDIDATES_GENERATED pairs=31365 evals=1033 2050s
[561608.8] IDEA_D_N1440: step 101 ELEVATED pairs=31195 evals=1049 2107s
[561619.2] IDEA_D_N1440: step 102 ELEVATED pairs=31071 evals=1065 2117s
[561619.9] IDEA_D_N1440: step 103 NO_CANDIDATES_GENERATED pairs=31071 evals=1065 2118s
[561674.5] IDEA_D_N1440: step 104 ELEVATED pairs=30948 evals=1081 2172s
[561684.4] IDEA_D_N1440: step 105 ELEVATED pairs=30825 evals=1097 2182s
[561685.1] IDEA_D_N1440: step 106 NO_CANDIDATES_GENERATED pairs=30825 evals=1097 2183s
[561752.6] IDEA_D_N1440: step 107 ELEVATED pairs=30683 evals=1113 2251s
[561752.8] IDEA_D_N1440: step 108 NO_CANDIDATES_GENERATED pairs=30683 evals=1113 2251s
[561753.4] IDEA_D_N1440: step 109 NO_CANDIDATES_GENERATED pairs=30683 evals=1113 2251s
[561797.8] IDEA_D_N1440: step 110 NO_CANDIDATES_GENERATED pairs=30683 evals=1113 2296s
[561798.0] IDEA_D_N1440: step 111 NO_CANDIDATES_GENERATED pairs=30683 evals=1113 2296s
[561798.7] IDEA_D_N1440: step 112 NO_CANDIDATES_GENERATED pairs=30683 evals=1113 2297s
[561854.0] IDEA_D_N1440: step 113 ELEVATED pairs=30624 evals=1129 2352s
[561863.7] IDEA_D_N1440: step 114 ELEVATED pairs=30561 evals=1145 2362s
[561864.3] IDEA_D_N1440: step 115 NO_CANDIDATES_GENERATED pairs=30561 evals=1145 2362s
[561916.5] IDEA_D_N1440: step 116 ELEVATED pairs=30499 evals=1161 2414s
[561926.5] IDEA_D_N1440: step 117 ELEVATED pairs=30342 evals=1177 2425s
[561927.1] IDEA_D_N1440: step 118 NO_CANDIDATES_GENERATED pairs=30342 evals=1177 2425s
[561974.9] IDEA_D_N1440: step 119 ELEVATED pairs=30279 evals=1193 2473s
[561990.1] IDEA_D_N1440: step 120 ELEVATED pairs=30139 evals=1209 2488s
[561990.6] IDEA_D_N1440: step 121 NO_CANDIDATES_GENERATED pairs=30139 evals=1209 2489s
[562036.0] IDEA_D_N1440: step 122 ELEVATED pairs=29985 evals=1225 2534s
[562043.6] IDEA_D_N1440: step 123 ELEVATED pairs=29924 evals=1241 2542s
[562044.0] IDEA_D_N1440: step 124 NO_CANDIDATES_GENERATED pairs=29924 evals=1241 2542s
[562085.7] IDEA_D_N1440: step 125 ELEVATED pairs=29858 evals=1257 2584s
[562093.7] IDEA_D_N1440: step 126 ELEVATED pairs=29785 evals=1273 2592s
[562094.1] IDEA_D_N1440: step 127 NO_CANDIDATES_GENERATED pairs=29785 evals=1273 2592s
[562137.6] IDEA_D_N1440: step 128 ELEVATED pairs=29688 evals=1289 2636s
[562144.7] IDEA_D_N1440: step 129 ELEVATED pairs=29621 evals=1305 2643s
[562145.2] IDEA_D_N1440: step 130 NO_CANDIDATES_GENERATED pairs=29621 evals=1305 2643s
[562185.3] IDEA_D_N1440: step 131 ELEVATED pairs=29533 evals=1321 2683s
[562190.4] IDEA_D_N1440: step 132 ELEVATED pairs=29467 evals=1337 2688s
[562190.8] IDEA_D_N1440: step 133 NO_CANDIDATES_GENERATED pairs=29467 evals=1337 2689s
[562236.3] IDEA_D_N1440: step 134 ELEVATED pairs=29321 evals=1353 2734s
[562243.8] IDEA_D_N1440: step 135 ELEVATED pairs=29231 evals=1369 2742s
[562244.2] IDEA_D_N1440: step 136 NO_CANDIDATES_GENERATED pairs=29231 evals=1369 2742s
[562289.8] IDEA_D_N1440: step 137 ELEVATED pairs=29087 evals=1385 2788s
[562295.9] IDEA_D_N1440: step 138 ELEVATED pairs=28956 evals=1401 2794s
[562303.1] IDEA_D_N1440: step 139 ELEVATED pairs=28874 evals=1417 2801s
[562351.3] IDEA_D_N1440: step 140 ELEVATED pairs=28822 evals=1433 2849s
[562354.7] IDEA_D_N1440: step 141 ELEVATED pairs=28784 evals=1440 2853s
[562355.0] IDEA_D_N1440: done final=28784 moves=90 first=90 reloc=0 ret=0 evals=1440 stop=CANDIDATE_BUDGET_EXHAUSTED
[562402.0] IDEA_D_N1440: recheck PASS checks=130816
GROUP DONE IDEA_D_N1440 PASS
