start-state rescan (main) ...
  main PASS pairs=42909 unresolved=3 elevated=24
[555868.8] V6_E2_R720: start mode=R budget=720 spec={"name": "V6_E2", "target_policy": "LEGACY", "evaluation_policy": "E2_ORDERED_K16", "traversal_policy": "BASE", "max_targets": 200, "k_per_target": 16, "family_round_robin": false, "relocation_side_reserve": 0, "waiting_age": false, "route_coverage": false, "multi_anchor": false, "exact_dedup": false, "decision_cache": false, "return_action": false, "cache_structural_skips": false, "window_slack_mm": 1e-05, "notes": ""}
[555868.8] V6_E2_R720: start state=main C:\Users\lihao\Desktop\Graduation Project\OpticalWaveguideRouter3D\outputs\3d_strategy_v3\512_ablation\D_both_enabled pairs=42909
[555876.2] V6_E2_R720: INITIAL_DONE pairs=42909
[555876.4] V6_E2_R720: step 1 NO_CANDIDATES_GENERATED pairs=42909 evals=0 1s
[555876.7] V6_E2_R720: step 2 NO_CANDIDATES_GENERATED pairs=42909 evals=0 1s
[555887.2] V6_E2_R720: step 3 ELEVATED pairs=42661 evals=16 11s
[555905.4] V6_E2_R720: step 4 ELEVATED pairs=42487 evals=32 29s
[555919.9] V6_E2_R720: step 5 ELEVATED pairs=42305 evals=48 44s
[555934.5] V6_E2_R720: step 6 ELEVATED pairs=42121 evals=64 59s
[555949.3] V6_E2_R720: step 7 ELEVATED pairs=41936 evals=80 73s
[555960.2] V6_E2_R720: step 8 ELEVATED pairs=41680 evals=96 84s
[555974.9] V6_E2_R720: step 9 ELEVATED pairs=41486 evals=112 99s
[555985.1] V6_E2_R720: step 10 ELEVATED pairs=41225 evals=128 109s
[556004.7] V6_E2_R720: step 11 ELEVATED pairs=41046 evals=144 129s
[556024.7] V6_E2_R720: step 12 ELEVATED pairs=40867 evals=160 149s
[556034.3] V6_E2_R720: step 13 ELEVATED pairs=40628 evals=176 158s
[556047.5] V6_E2_R720: step 14 ELEVATED pairs=40377 evals=192 172s
[556056.6] V6_E2_R720: step 15 ELEVATED pairs=40136 evals=208 181s
[556069.6] V6_E2_R720: step 16 ELEVATED pairs=39887 evals=224 194s
[556082.7] V6_E2_R720: step 17 ELEVATED pairs=39640 evals=240 207s
[556095.3] V6_E2_R720: step 18 ELEVATED pairs=39399 evals=256 219s
[556108.7] V6_E2_R720: step 19 ELEVATED pairs=39175 evals=272 233s
[556121.6] V6_E2_R720: step 20 ELEVATED pairs=38969 evals=288 246s
[556138.4] V6_E2_R720: step 21 ELEVATED pairs=38811 evals=304 262s
[556152.5] V6_E2_R720: step 22 ELEVATED pairs=38668 evals=320 277s
[556165.3] V6_E2_R720: step 23 ELEVATED pairs=38466 evals=336 289s
[556178.1] V6_E2_R720: step 24 ELEVATED pairs=38332 evals=352 302s
[556188.7] V6_E2_R720: step 25 ELEVATED pairs=38108 evals=368 313s
[556201.7] V6_E2_R720: step 26 ELEVATED pairs=37974 evals=384 326s
[556212.1] V6_E2_R720: step 27 ELEVATED pairs=37771 evals=400 336s
[556222.5] V6_E2_R720: step 28 ELEVATED pairs=37568 evals=416 347s
[556231.1] V6_E2_R720: step 29 ELEVATED pairs=37338 evals=432 355s
[556239.9] V6_E2_R720: step 30 ELEVATED pairs=37110 evals=448 364s
[556251.8] V6_E2_R720: step 31 ELEVATED pairs=36910 evals=464 376s
[556260.6] V6_E2_R720: step 32 ELEVATED pairs=36684 evals=480 385s
[556272.0] V6_E2_R720: step 33 ELEVATED pairs=36466 evals=496 396s
[556283.4] V6_E2_R720: step 34 ELEVATED pairs=36269 evals=512 408s
[556303.0] V6_E2_R720: step 35 ELEVATED pairs=36073 evals=528 427s
[556316.8] V6_E2_R720: step 36 ELEVATED pairs=35887 evals=544 441s
[556328.4] V6_E2_R720: step 37 ELEVATED pairs=35774 evals=560 452s
[556341.1] V6_E2_R720: step 38 ELEVATED pairs=35543 evals=576 465s
[556351.7] V6_E2_R720: step 39 ELEVATED pairs=35343 evals=592 476s
[556365.1] V6_E2_R720: step 40 ELEVATED pairs=35138 evals=608 489s
[556365.7] V6_E2_R720: step 41 NO_CANDIDATES_GENERATED pairs=35138 evals=608 490s
[556366.3] V6_E2_R720: step 42 NO_CANDIDATES_GENERATED pairs=35138 evals=608 490s
[556385.9] V6_E2_R720: step 43 ELEVATED pairs=34935 evals=624 510s
[556405.3] V6_E2_R720: step 44 ELEVATED pairs=34734 evals=640 529s
[556418.9] V6_E2_R720: step 45 ELEVATED pairs=34539 evals=656 543s
[556437.2] V6_E2_R720: step 46 ELEVATED pairs=34340 evals=672 561s
[556455.1] V6_E2_R720: step 47 ELEVATED pairs=34143 evals=688 579s
[556472.4] V6_E2_R720: step 48 ELEVATED pairs=33933 evals=704 596s
[556492.9] V6_E2_R720: step 49 ELEVATED pairs=33738 evals=720 617s
[556493.6] V6_E2_R720: step 50 ABORTED_CANDIDATE_BUDGET pairs=33738 evals=720 618s
[556494.3] V6_E2_R720: done final=33738 moves=45 first=45 reloc=0 ret=0 evals=720 stop=CANDIDATE_BUDGET_EXHAUSTED
[556581.1] V6_E2_R720: recheck PASS checks=130816
GROUP DONE V6_E2_R720 PASS
