start-state rescan (challenge) ...
  challenge PASS pairs=30999 unresolved=3 elevated=77
[556449.2] V7_T2_RC2880: start mode=R budget=2880 spec={"name": "V7_T2", "target_policy": "LEGACY", "evaluation_policy": "E2_ORDERED_K16", "traversal_policy": "COVERAGE", "max_targets": 2000, "k_per_target": 16, "family_round_robin": false, "relocation_side_reserve": 0, "waiting_age": false, "route_coverage": true, "multi_anchor": false, "exact_dedup": false, "decision_cache": false, "return_action": false, "cache_structural_skips": true, "window_slack_mm": 1e-05, "notes": ""}
[556449.2] V7_T2_RC2880: start state=challenge C:\Users\lihao\Desktop\Graduation Project\OpticalWaveguideRouter3D\outputs\3d_strategy_v4\512_full_layout\N2880 pairs=30999
[556458.4] V7_T2_RC2880: INITIAL_DONE pairs=30999
[556458.7] V7_T2_RC2880: step 1 NO_CANDIDATES_GENERATED pairs=30999 evals=0 1s
[556459.0] V7_T2_RC2880: step 2 NO_CANDIDATES_GENERATED pairs=30999 evals=0 1s
[556459.3] V7_T2_RC2880: step 3 NO_CANDIDATES_GENERATED pairs=30999 evals=0 2s
[556459.5] V7_T2_RC2880: step 4 NO_CANDIDATES_GENERATED pairs=30999 evals=0 2s
[556459.8] V7_T2_RC2880: step 5 NO_CANDIDATES_GENERATED pairs=30999 evals=0 2s
[556460.1] V7_T2_RC2880: step 6 NO_CANDIDATES_GENERATED pairs=30999 evals=0 2s
[556471.9] V7_T2_RC2880: step 7 ELEVATED pairs=30804 evals=16 14s
[556486.2] V7_T2_RC2880: step 8 ELEVATED pairs=30611 evals=32 28s
[556500.7] V7_T2_RC2880: step 9 ELEVATED pairs=30426 evals=48 43s
[556515.6] V7_T2_RC2880: step 10 ELEVATED pairs=30276 evals=64 58s
[556515.9] V7_T2_RC2880: step 11 NO_CANDIDATES_GENERATED pairs=30276 evals=64 58s
[556536.4] V7_T2_RC2880: step 12 ELEVATED pairs=30086 evals=80 79s
[556556.2] V7_T2_RC2880: step 13 ELEVATED pairs=29895 evals=96 98s
[556578.7] V7_T2_RC2880: step 14 ELEVATED pairs=29707 evals=112 121s
[556596.9] V7_T2_RC2880: step 15 ELEVATED pairs=29519 evals=128 139s
[556608.0] V7_T2_RC2880: step 16 ELEVATED pairs=29340 evals=144 150s
[556622.9] V7_T2_RC2880: step 17 ELEVATED pairs=29225 evals=160 165s
[556636.2] V7_T2_RC2880: step 18 ELEVATED pairs=29054 evals=176 179s
[556653.5] V7_T2_RC2880: step 19 ELEVATED pairs=28881 evals=192 196s
[556671.1] V7_T2_RC2880: step 20 ELEVATED pairs=28711 evals=208 213s
[556688.0] V7_T2_RC2880: step 21 ELEVATED pairs=28542 evals=224 230s
[556703.9] V7_T2_RC2880: step 22 ELEVATED pairs=28375 evals=240 246s
[556715.9] V7_T2_RC2880: step 23 ELEVATED pairs=28191 evals=256 258s
[556728.2] V7_T2_RC2880: step 24 ELEVATED pairs=28009 evals=272 270s
[556739.3] V7_T2_RC2880: step 25 ELEVATED pairs=27923 evals=288 282s
[556756.7] V7_T2_RC2880: step 26 ELEVATED pairs=27753 evals=304 299s
[556773.6] V7_T2_RC2880: step 27 ELEVATED pairs=27585 evals=320 316s
[556790.2] V7_T2_RC2880: step 28 ELEVATED pairs=27479 evals=336 332s
[556803.7] V7_T2_RC2880: step 29 ELEVATED pairs=27367 evals=352 346s
[556818.8] V7_T2_RC2880: step 30 ELEVATED pairs=27283 evals=368 361s
[556834.4] V7_T2_RC2880: step 31 ELEVATED pairs=27190 evals=384 377s
[556848.4] V7_T2_RC2880: step 32 ELEVATED pairs=27032 evals=400 391s
[556866.7] V7_T2_RC2880: step 33 ELEVATED pairs=26976 evals=416 409s
[556881.1] V7_T2_RC2880: step 34 ELEVATED pairs=26817 evals=432 423s
[556893.8] V7_T2_RC2880: step 35 ELEVATED pairs=26669 evals=448 436s
[556903.3] V7_T2_RC2880: step 36 ELEVATED pairs=26547 evals=464 446s
[556916.2] V7_T2_RC2880: step 37 ELEVATED pairs=26466 evals=480 458s
[556927.6] V7_T2_RC2880: step 38 ELEVATED pairs=26342 evals=496 470s
[556960.7] V7_T2_RC2880: step 39 ELEVATED pairs=26234 evals=512 503s
[556970.6] V7_T2_RC2880: step 40 ELEVATED pairs=26112 evals=528 513s
[556981.9] V7_T2_RC2880: step 41 ELEVATED pairs=25977 evals=544 524s
[557010.5] V7_T2_RC2880: step 42 ELEVATED pairs=25839 evals=560 553s
[557025.0] V7_T2_RC2880: step 43 ELEVATED pairs=25745 evals=576 567s
[557037.3] V7_T2_RC2880: step 44 ELEVATED pairs=25598 evals=592 580s
[557048.4] V7_T2_RC2880: step 45 ELEVATED pairs=25498 evals=608 591s
[557059.7] V7_T2_RC2880: step 46 ELEVATED pairs=25368 evals=624 602s
[557075.3] V7_T2_RC2880: step 47 ELEVATED pairs=25232 evals=640 618s
[557091.5] V7_T2_RC2880: step 48 ELEVATED pairs=25128 evals=656 634s
[557106.3] V7_T2_RC2880: step 49 ELEVATED pairs=25057 evals=672 649s
[557106.5] V7_T2_RC2880: step 50 NO_CANDIDATES_GENERATED pairs=25057 evals=672 649s
[557106.6] V7_T2_RC2880: step 51 NO_CANDIDATES_GENERATED pairs=25057 evals=672 649s
[557106.8] V7_T2_RC2880: step 52 NO_CANDIDATES_GENERATED pairs=25057 evals=672 649s
[557107.0] V7_T2_RC2880: step 53 NO_CANDIDATES_GENERATED pairs=25057 evals=672 649s
[557107.1] V7_T2_RC2880: step 54 NO_CANDIDATES_GENERATED pairs=25057 evals=672 649s
[557107.3] V7_T2_RC2880: step 55 NO_CANDIDATES_GENERATED pairs=25057 evals=672 650s
[557119.1] V7_T2_RC2880: step 56 ELEVATED pairs=25037 evals=688 661s
[557130.3] V7_T2_RC2880: step 57 ELEVATED pairs=24943 evals=704 673s
[557141.7] V7_T2_RC2880: step 58 ELEVATED pairs=24924 evals=720 684s
[557152.8] V7_T2_RC2880: step 59 ELEVATED pairs=24905 evals=736 695s
[557166.2] V7_T2_RC2880: step 60 ELEVATED pairs=24820 evals=752 708s
[557180.7] V7_T2_RC2880: step 61 ELEVATED pairs=24688 evals=768 723s
[557195.0] V7_T2_RC2880: step 62 ELEVATED pairs=24555 evals=784 737s
[557207.5] V7_T2_RC2880: step 63 ELEVATED pairs=24425 evals=800 750s
[557220.5] V7_T2_RC2880: step 64 ELEVATED pairs=24302 evals=816 763s
[557233.1] V7_T2_RC2880: step 65 ELEVATED pairs=24191 evals=832 775s
[557245.7] V7_T2_RC2880: step 66 ELEVATED pairs=24080 evals=848 788s
[557270.6] V7_T2_RC2880: step 67 ELEVATED pairs=23981 evals=864 813s
[557270.8] V7_T2_RC2880: step 68 NO_CANDIDATES_GENERATED pairs=23981 evals=864 813s
[557270.9] V7_T2_RC2880: step 69 NO_CANDIDATES_GENERATED pairs=23981 evals=864 813s
[557280.6] V7_T2_RC2880: step 70 ELEVATED pairs=23893 evals=880 823s
[557280.7] V7_T2_RC2880: step 71 NO_CANDIDATES_GENERATED pairs=23893 evals=880 823s
[557294.9] V7_T2_RC2880: step 72 ELEVATED pairs=23793 evals=889 837s
[557309.4] V7_T2_RC2880: step 73 ELEVATED pairs=23712 evals=905 852s
[557309.6] V7_T2_RC2880: step 74 NO_CANDIDATES_GENERATED pairs=23712 evals=905 852s
[557309.7] V7_T2_RC2880: step 75 NO_CANDIDATES_GENERATED pairs=23712 evals=905 852s
[557309.8] V7_T2_RC2880: step 76 NO_CANDIDATES_GENERATED pairs=23712 evals=905 852s
[557322.1] V7_T2_RC2880: step 77 ELEVATED pairs=23656 evals=921 864s
[557334.1] V7_T2_RC2880: step 78 ELEVATED pairs=23575 evals=937 876s
[557347.3] V7_T2_RC2880: step 79 ELEVATED pairs=23539 evals=953 890s
[557360.5] V7_T2_RC2880: step 80 ELEVATED pairs=23499 evals=969 903s
[557372.7] V7_T2_RC2880: step 81 ELEVATED pairs=23445 evals=985 915s
[557390.5] V7_T2_RC2880: step 82 ELEVATED pairs=23387 evals=1001 933s
[557400.5] V7_T2_RC2880: step 83 ELEVATED pairs=23298 evals=1017 943s
[557416.4] V7_T2_RC2880: step 84 ELEVATED pairs=23205 evals=1033 959s
[557426.1] V7_T2_RC2880: step 85 ELEVATED pairs=23116 evals=1049 968s
[557437.9] V7_T2_RC2880: step 86 ELEVATED pairs=23081 evals=1065 980s
[557465.7] V7_T2_RC2880: step 87 ELEVATED pairs=23006 evals=1081 1008s
[557480.4] V7_T2_RC2880: step 88 ELEVATED pairs=22921 evals=1097 1023s
[557492.4] V7_T2_RC2880: step 89 ELEVATED pairs=22873 evals=1113 1035s
[557503.9] V7_T2_RC2880: step 90 ELEVATED pairs=22778 evals=1129 1046s
[557514.4] V7_T2_RC2880: step 91 ELEVATED pairs=22739 evals=1145 1057s
[557527.2] V7_T2_RC2880: step 92 ELEVATED pairs=22678 evals=1161 1069s
[557534.8] V7_T2_RC2880: step 93 ELEVATED pairs=22633 evals=1177 1077s
[557546.8] V7_T2_RC2880: step 94 ELEVATED pairs=22586 evals=1193 1089s
[557558.0] V7_T2_RC2880: step 95 ELEVATED pairs=22511 evals=1209 1100s
[557566.6] V7_T2_RC2880: step 96 ELEVATED pairs=22448 evals=1225 1109s
[557573.9] V7_T2_RC2880: step 97 ELEVATED pairs=22415 evals=1241 1116s
[557582.1] V7_T2_RC2880: step 98 ELEVATED pairs=22380 evals=1257 1124s
[557594.9] V7_T2_RC2880: step 99 ELEVATED pairs=22289 evals=1273 1137s
[557620.9] V7_T2_RC2880: step 100 ELEVATED pairs=22220 evals=1289 1163s
[557631.2] V7_T2_RC2880: step 101 ELEVATED pairs=22190 evals=1305 1174s
[557643.1] V7_T2_RC2880: step 102 ELEVATED pairs=22104 evals=1321 1185s
[557655.2] V7_T2_RC2880: step 103 ELEVATED pairs=22065 evals=1337 1197s
[557666.3] V7_T2_RC2880: step 104 ELEVATED pairs=21981 evals=1353 1209s
[557681.1] V7_T2_RC2880: step 105 ELEVATED pairs=21893 evals=1369 1223s
[557690.9] V7_T2_RC2880: step 106 ELEVATED pairs=21866 evals=1385 1233s
[557705.8] V7_T2_RC2880: step 107 ELEVATED pairs=21813 evals=1401 1248s
[557717.0] V7_T2_RC2880: step 108 ELEVATED pairs=21775 evals=1417 1259s
[557727.0] V7_T2_RC2880: step 109 ELEVATED pairs=21761 evals=1433 1269s
[557738.3] V7_T2_RC2880: step 110 ELEVATED pairs=21731 evals=1449 1281s
[557738.4] V7_T2_RC2880: step 111 NO_CANDIDATES_GENERATED pairs=21731 evals=1449 1281s
[557748.8] V7_T2_RC2880: step 112 ELEVATED pairs=21709 evals=1465 1291s
[557760.1] V7_T2_RC2880: step 113 ELEVATED pairs=21685 evals=1481 1302s
[557766.7] V7_T2_RC2880: step 114 ELEVATED pairs=21653 evals=1497 1309s
[557776.2] V7_T2_RC2880: step 115 ELEVATED pairs=21577 evals=1513 1318s
[557784.2] V7_T2_RC2880: step 116 ELEVATED pairs=21567 evals=1529 1327s
[557792.0] V7_T2_RC2880: step 117 ELEVATED pairs=21557 evals=1545 1334s
[557802.3] V7_T2_RC2880: step 118 ELEVATED pairs=21530 evals=1561 1345s
[557814.7] V7_T2_RC2880: step 119 ELEVATED pairs=21466 evals=1577 1357s
[557825.2] V7_T2_RC2880: step 120 ELEVATED pairs=21409 evals=1593 1367s
[557838.5] V7_T2_RC2880: step 121 ELEVATED pairs=21365 evals=1609 1381s
[557848.9] V7_T2_RC2880: step 122 ELEVATED pairs=21305 evals=1625 1391s
[557864.9] V7_T2_RC2880: step 123 ELEVATED pairs=21253 evals=1641 1407s
[557871.2] V7_T2_RC2880: step 124 ELEVATED pairs=21223 evals=1657 1413s
[557881.0] V7_T2_RC2880: step 125 ELEVATED pairs=21200 evals=1673 1423s
[557894.0] V7_T2_RC2880: step 126 ELEVATED pairs=21128 evals=1689 1436s
[557900.6] V7_T2_RC2880: step 127 ELEVATED pairs=21076 evals=1705 1443s
[557907.1] V7_T2_RC2880: step 128 ELEVATED pairs=21031 evals=1721 1449s
[557917.5] V7_T2_RC2880: step 129 ELEVATED pairs=21010 evals=1737 1460s
[557932.9] V7_T2_RC2880: step 130 ELEVATED pairs=20954 evals=1753 1475s
[557940.8] V7_T2_RC2880: step 131 ELEVATED pairs=20910 evals=1769 1483s
[557949.3] V7_T2_RC2880: step 132 ELEVATED pairs=20860 evals=1785 1492s
[557966.5] V7_T2_RC2880: step 133 ELEVATED pairs=20827 evals=1801 1509s
[557972.3] V7_T2_RC2880: step 134 ELEVATED pairs=20776 evals=1817 1515s
[557990.8] V7_T2_RC2880: step 135 ELEVATED pairs=20743 evals=1833 1533s
[557990.9] V7_T2_RC2880: step 136 NO_CANDIDATES_GENERATED pairs=20743 evals=1833 1533s
[557998.2] V7_T2_RC2880: step 137 ELEVATED pairs=20704 evals=1849 1540s
[558015.4] V7_T2_RC2880: step 138 ELEVATED pairs=20651 evals=1865 1558s
[558024.9] V7_T2_RC2880: step 139 ELEVATED pairs=20606 evals=1881 1567s
[558038.9] V7_T2_RC2880: step 140 ELEVATED pairs=20578 evals=1897 1581s
[558048.6] V7_T2_RC2880: step 141 ELEVATED pairs=20554 evals=1913 1591s
[558062.9] V7_T2_RC2880: step 142 ELEVATED pairs=20526 evals=1929 1605s
[558063.0] V7_T2_RC2880: step 143 NO_CANDIDATES_GENERATED pairs=20526 evals=1929 1605s
[558063.2] V7_T2_RC2880: step 144 NO_CANDIDATES_GENERATED pairs=20526 evals=1929 1605s
[558063.3] V7_T2_RC2880: step 145 NO_CANDIDATES_GENERATED pairs=20526 evals=1929 1606s
[558072.9] V7_T2_RC2880: step 146 ELEVATED pairs=20503 evals=1945 1615s
[558085.5] V7_T2_RC2880: step 147 ELEVATED pairs=20471 evals=1961 1628s
[558101.5] V7_T2_RC2880: step 148 ELEVATED pairs=20441 evals=1977 1644s
[558111.1] V7_T2_RC2880: step 149 ELEVATED pairs=20419 evals=1993 1653s
[558111.2] V7_T2_RC2880: step 150 NO_CANDIDATES_GENERATED pairs=20419 evals=1993 1654s
[558122.8] V7_T2_RC2880: step 151 ELEVATED pairs=20358 evals=2009 1665s
[558130.7] V7_T2_RC2880: step 152 PREFIX_EVALUATED_NO_WINNER_DEFERRED pairs=20358 evals=2025 1673s
[558139.4] V7_T2_RC2880: step 153 ELEVATED pairs=20339 evals=2041 1682s
[558148.0] V7_T2_RC2880: step 154 PREFIX_EVALUATED_NO_WINNER_DEFERRED pairs=20339 evals=2057 1690s
[558158.1] V7_T2_RC2880: step 155 ELEVATED pairs=20281 evals=2073 1700s
[558158.2] V7_T2_RC2880: step 156 NO_CANDIDATES_GENERATED pairs=20281 evals=2073 1700s
[558158.3] V7_T2_RC2880: step 157 NO_CANDIDATES_GENERATED pairs=20281 evals=2073 1701s
[558174.0] V7_T2_RC2880: step 158 PREFIX_EVALUATED_NO_WINNER_DEFERRED pairs=20281 evals=2089 1716s
[558181.6] V7_T2_RC2880: step 159 PREFIX_EVALUATED_NO_WINNER_DEFERRED pairs=20281 evals=2105 1724s
[558192.8] V7_T2_RC2880: step 160 ELEVATED pairs=20241 evals=2121 1735s
[558202.0] V7_T2_RC2880: step 161 PREFIX_EVALUATED_NO_WINNER_DEFERRED pairs=20241 evals=2137 1744s
[558211.5] V7_T2_RC2880: step 162 PREFIX_EVALUATED_NO_WINNER_DEFERRED pairs=20241 evals=2153 1754s
[558220.4] V7_T2_RC2880: step 163 PREFIX_EVALUATED_NO_WINNER_DEFERRED pairs=20241 evals=2169 1763s
[558227.5] V7_T2_RC2880: step 164 ELEVATED pairs=20216 evals=2185 1770s
[558242.1] V7_T2_RC2880: step 165 ELEVATED pairs=20181 evals=2201 1784s
[558252.3] V7_T2_RC2880: step 166 ELEVATED pairs=20130 evals=2217 1795s
[558252.4] V7_T2_RC2880: step 167 NO_CANDIDATES_GENERATED pairs=20130 evals=2217 1795s
[558261.2] V7_T2_RC2880: step 168 PREFIX_EVALUATED_NO_WINNER_DEFERRED pairs=20130 evals=2233 1803s
[558269.6] V7_T2_RC2880: step 169 PREFIX_EVALUATED_NO_WINNER_DEFERRED pairs=20130 evals=2249 1812s
[558277.8] V7_T2_RC2880: step 170 PREFIX_EVALUATED_NO_WINNER_DEFERRED pairs=20130 evals=2265 1820s
[558285.2] V7_T2_RC2880: step 171 PREFIX_EVALUATED_NO_WINNER_DEFERRED pairs=20130 evals=2281 1828s
[558293.6] V7_T2_RC2880: step 172 PREFIX_EVALUATED_NO_WINNER_DEFERRED pairs=20130 evals=2297 1836s
[558301.6] V7_T2_RC2880: step 173 PREFIX_EVALUATED_NO_WINNER_DEFERRED pairs=20130 evals=2313 1844s
[558309.3] V7_T2_RC2880: step 174 PREFIX_EVALUATED_NO_WINNER_DEFERRED pairs=20130 evals=2329 1852s
[558317.3] V7_T2_RC2880: step 175 PREFIX_EVALUATED_NO_WINNER_DEFERRED pairs=20130 evals=2345 1860s
[558328.0] V7_T2_RC2880: step 176 ELEVATED pairs=20086 evals=2361 1870s
[558336.1] V7_T2_RC2880: step 177 PREFIX_EVALUATED_NO_WINNER_DEFERRED pairs=20086 evals=2377 1878s
[558344.3] V7_T2_RC2880: step 178 PREFIX_EVALUATED_NO_WINNER_DEFERRED pairs=20086 evals=2393 1887s
[558352.4] V7_T2_RC2880: step 179 PREFIX_EVALUATED_NO_WINNER_DEFERRED pairs=20086 evals=2409 1895s
[558358.0] V7_T2_RC2880: step 180 ELEVATED pairs=20082 evals=2425 1900s
[558365.3] V7_T2_RC2880: step 181 ELEVATED pairs=20028 evals=2441 1908s
[558371.3] V7_T2_RC2880: step 182 PREFIX_EVALUATED_NO_WINNER_DEFERRED pairs=20028 evals=2457 1914s
[558379.2] V7_T2_RC2880: step 183 PREFIX_EVALUATED_NO_WINNER_DEFERRED pairs=20028 evals=2473 1921s
[558386.9] V7_T2_RC2880: step 184 PREFIX_EVALUATED_NO_WINNER_DEFERRED pairs=20028 evals=2489 1929s
[558394.7] V7_T2_RC2880: step 185 PREFIX_EVALUATED_NO_WINNER_DEFERRED pairs=20028 evals=2505 1937s
[558404.0] V7_T2_RC2880: step 186 ELEVATED pairs=19986 evals=2521 1946s
[558411.5] V7_T2_RC2880: step 187 ELEVATED pairs=19962 evals=2537 1954s
[558426.1] V7_T2_RC2880: step 188 PREFIX_EVALUATED_NO_WINNER_DEFERRED pairs=19962 evals=2553 1968s
[558431.3] V7_T2_RC2880: step 189 ELEVATED pairs=19937 evals=2569 1974s
[558437.6] V7_T2_RC2880: step 190 ELEVATED pairs=19914 evals=2585 1980s
[558448.1] V7_T2_RC2880: step 191 ELEVATED pairs=19868 evals=2601 1990s
[558454.1] V7_T2_RC2880: step 192 PREFIX_EVALUATED_NO_WINNER_DEFERRED pairs=19868 evals=2617 1996s
[558460.6] V7_T2_RC2880: step 193 PREFIX_EVALUATED_NO_WINNER_DEFERRED pairs=19868 evals=2633 2003s
[558471.0] V7_T2_RC2880: step 194 ELEVATED pairs=19839 evals=2649 2013s
[558481.3] V7_T2_RC2880: step 195 ELEVATED pairs=19810 evals=2665 2024s
[558490.3] V7_T2_RC2880: step 196 ELEVATED pairs=19750 evals=2681 2033s
[558494.0] V7_T2_RC2880: step 197 PREFIX_EVALUATED_NO_WINNER_DEFERRED pairs=19750 evals=2697 2036s
[558503.1] V7_T2_RC2880: step 198 ELEVATED pairs=19692 evals=2713 2045s
[558508.2] V7_T2_RC2880: step 199 ELEVATED pairs=19678 evals=2729 2051s
[558513.4] V7_T2_RC2880: step 200 ELEVATED pairs=19649 evals=2745 2056s
[558519.8] V7_T2_RC2880: step 201 ELEVATED pairs=19641 evals=2761 2062s
[558525.0] V7_T2_RC2880: step 202 ELEVATED pairs=19601 evals=2777 2067s
[558532.0] V7_T2_RC2880: step 203 ELEVATED pairs=19592 evals=2793 2074s
[558539.4] V7_T2_RC2880: step 204 ELEVATED pairs=19573 evals=2809 2082s
[558546.7] V7_T2_RC2880: step 205 ELEVATED pairs=19536 evals=2825 2089s
[558551.6] V7_T2_RC2880: step 206 ELEVATED pairs=19511 evals=2841 2094s
[558558.4] V7_T2_RC2880: step 207 PREFIX_EVALUATED_NO_WINNER_DEFERRED pairs=19511 evals=2857 2101s
[558567.0] V7_T2_RC2880: step 208 ELEVATED pairs=19468 evals=2873 2109s
[558570.5] V7_T2_RC2880: step 209 ABORTED_CANDIDATE_BUDGET pairs=19468 evals=2880 2113s
[558571.0] V7_T2_RC2880: done final=19468 moves=153 first=153 reloc=0 ret=0 evals=2880 stop=CANDIDATE_BUDGET_EXHAUSTED
[558720.6] V7_T2_RC2880: recheck PASS checks=130816
GROUP DONE V7_T2_RC2880 PASS
