start-state rescan (main) ...
  main PASS pairs=42909 unresolved=3 elevated=24
[559501.2] IDEA_H_N720: start mode=N budget=720 spec={"name": "IDEA_H", "target_policy": "LEGACY", "evaluation_policy": "E2_ORDERED_K16", "traversal_policy": "BASE", "max_targets": 200, "k_per_target": 16, "family_round_robin": false, "relocation_side_reserve": 0, "waiting_age": false, "route_coverage": false, "multi_anchor": false, "exact_dedup": false, "decision_cache": false, "return_action": true, "cache_structural_skips": false, "window_slack_mm": 1e-05, "notes": ""}
[559501.2] IDEA_H_N720: start state=main C:\Users\lihao\Desktop\Graduation Project\OpticalWaveguideRouter3D\outputs\3d_strategy_v3\512_ablation\D_both_enabled pairs=42909
[559512.0] IDEA_H_N720: INITIAL_DONE pairs=42909
[559512.7] IDEA_H_N720: step 1 NO_CANDIDATES_GENERATED pairs=42909 evals=0 1s
[559513.3] IDEA_H_N720: step 2 NO_CANDIDATES_GENERATED pairs=42909 evals=0 2s
[559524.9] IDEA_H_N720: step 3 ELEVATED pairs=42661 evals=16 13s
[559550.0] IDEA_H_N720: step 4 ELEVATED pairs=42487 evals=32 38s
[559571.1] IDEA_H_N720: step 5 ELEVATED pairs=42305 evals=48 59s
[559589.3] IDEA_H_N720: step 6 ELEVATED pairs=42121 evals=64 78s
[559609.9] IDEA_H_N720: step 7 ELEVATED pairs=41936 evals=80 98s
[559623.1] IDEA_H_N720: step 8 ELEVATED pairs=41680 evals=96 111s
[559644.4] IDEA_H_N720: step 9 ELEVATED pairs=41486 evals=112 133s
[559657.5] IDEA_H_N720: step 10 ELEVATED pairs=41225 evals=128 146s
[559682.5] IDEA_H_N720: step 11 ELEVATED pairs=41046 evals=144 171s
[559706.4] IDEA_H_N720: step 12 ELEVATED pairs=40867 evals=160 195s
[559715.8] IDEA_H_N720: step 13 ELEVATED pairs=40628 evals=176 204s
[559739.7] IDEA_H_N720: step 14 ELEVATED pairs=40377 evals=192 228s
[559752.2] IDEA_H_N720: step 15 ELEVATED pairs=40136 evals=208 240s
[559769.0] IDEA_H_N720: step 16 ELEVATED pairs=39887 evals=224 257s
[559789.5] IDEA_H_N720: step 17 ELEVATED pairs=39640 evals=240 278s
[559813.3] IDEA_H_N720: step 18 ELEVATED pairs=39399 evals=256 302s
[559832.5] IDEA_H_N720: step 19 ELEVATED pairs=39175 evals=272 321s
[559851.9] IDEA_H_N720: step 20 ELEVATED pairs=38969 evals=288 340s
[559876.0] IDEA_H_N720: step 21 ELEVATED pairs=38811 evals=304 364s
[559893.4] IDEA_H_N720: step 22 ELEVATED pairs=38668 evals=320 382s
[559912.3] IDEA_H_N720: step 23 ELEVATED pairs=38466 evals=336 401s
[559929.3] IDEA_H_N720: step 24 ELEVATED pairs=38332 evals=352 418s
[559942.1] IDEA_H_N720: step 25 ELEVATED pairs=38108 evals=368 430s
[559961.6] IDEA_H_N720: step 26 ELEVATED pairs=37974 evals=384 450s
[559976.1] IDEA_H_N720: step 27 ELEVATED pairs=37771 evals=400 464s
[559990.8] IDEA_H_N720: step 28 ELEVATED pairs=37568 evals=416 479s
[560004.5] IDEA_H_N720: step 29 ELEVATED pairs=37338 evals=432 493s
[560019.0] IDEA_H_N720: step 30 ELEVATED pairs=37110 evals=448 507s
[560036.8] IDEA_H_N720: step 31 ELEVATED pairs=36910 evals=464 525s
[560050.9] IDEA_H_N720: step 32 ELEVATED pairs=36684 evals=480 539s
[560067.4] IDEA_H_N720: step 33 ELEVATED pairs=36466 evals=496 556s
[560086.2] IDEA_H_N720: step 34 ELEVATED pairs=36269 evals=512 574s
[560112.5] IDEA_H_N720: step 35 ELEVATED pairs=36073 evals=528 601s
[560131.3] IDEA_H_N720: step 36 ELEVATED pairs=35887 evals=544 620s
[560144.0] IDEA_H_N720: step 37 ELEVATED pairs=35774 evals=560 632s
[560161.3] IDEA_H_N720: step 38 ELEVATED pairs=35543 evals=576 650s
[560173.9] IDEA_H_N720: step 39 ELEVATED pairs=35343 evals=592 662s
[560190.5] IDEA_H_N720: step 40 ELEVATED pairs=35138 evals=608 679s
[560190.8] IDEA_H_N720: step 41 NO_CANDIDATES_GENERATED pairs=35138 evals=608 679s
[560191.2] IDEA_H_N720: step 42 NO_CANDIDATES_GENERATED pairs=35138 evals=608 680s
[560207.3] IDEA_H_N720: step 43 ELEVATED pairs=34935 evals=624 696s
[560223.1] IDEA_H_N720: step 44 ELEVATED pairs=34734 evals=640 711s
[560234.5] IDEA_H_N720: step 45 ELEVATED pairs=34539 evals=656 723s
[560253.0] IDEA_H_N720: step 46 ELEVATED pairs=34340 evals=672 741s
[560272.1] IDEA_H_N720: step 47 ELEVATED pairs=34143 evals=688 760s
[560288.8] IDEA_H_N720: step 48 ELEVATED pairs=33933 evals=704 777s
[560307.2] IDEA_H_N720: step 49 ELEVATED pairs=33738 evals=720 796s
[560307.8] IDEA_H_N720: step 50 ABORTED_CANDIDATE_BUDGET pairs=33738 evals=720 796s
[560308.4] IDEA_H_N720: done final=33738 moves=45 first=45 reloc=0 ret=0 evals=720 stop=CANDIDATE_BUDGET_EXHAUSTED
[560385.3] IDEA_H_N720: recheck PASS checks=130816
GROUP DONE IDEA_H_N720 PASS
