start-state rescan (main) ...
  main PASS pairs=42909 unresolved=3 elevated=24
[559495.9] IDEA_H_N2880: start mode=N budget=2880 spec={"name": "IDEA_H", "target_policy": "LEGACY", "evaluation_policy": "E2_ORDERED_K16", "traversal_policy": "BASE", "max_targets": 200, "k_per_target": 16, "family_round_robin": false, "relocation_side_reserve": 0, "waiting_age": false, "route_coverage": false, "multi_anchor": false, "exact_dedup": false, "decision_cache": false, "return_action": true, "cache_structural_skips": false, "window_slack_mm": 1e-05, "notes": ""}
[559495.9] IDEA_H_N2880: start state=main C:\Users\lihao\Desktop\Graduation Project\OpticalWaveguideRouter3D\outputs\3d_strategy_v3\512_ablation\D_both_enabled pairs=42909
[559505.8] IDEA_H_N2880: INITIAL_DONE pairs=42909
[559506.1] IDEA_H_N2880: step 1 NO_CANDIDATES_GENERATED pairs=42909 evals=0 1s
[559506.8] IDEA_H_N2880: step 2 NO_CANDIDATES_GENERATED pairs=42909 evals=0 2s
[559517.2] IDEA_H_N2880: step 3 ELEVATED pairs=42661 evals=16 12s
[559543.5] IDEA_H_N2880: step 4 ELEVATED pairs=42487 evals=32 39s
[559560.2] IDEA_H_N2880: step 5 ELEVATED pairs=42305 evals=48 55s
[559578.6] IDEA_H_N2880: step 6 ELEVATED pairs=42121 evals=64 74s
[559602.3] IDEA_H_N2880: step 7 ELEVATED pairs=41936 evals=80 97s
[559619.5] IDEA_H_N2880: step 8 ELEVATED pairs=41680 evals=96 115s
[559639.1] IDEA_H_N2880: step 9 ELEVATED pairs=41486 evals=112 134s
[559651.8] IDEA_H_N2880: step 10 ELEVATED pairs=41225 evals=128 147s
[559677.3] IDEA_H_N2880: step 11 ELEVATED pairs=41046 evals=144 172s
[559706.5] IDEA_H_N2880: step 12 ELEVATED pairs=40867 evals=160 202s
[559722.7] IDEA_H_N2880: step 13 ELEVATED pairs=40628 evals=176 218s
[559739.1] IDEA_H_N2880: step 14 ELEVATED pairs=40377 evals=192 234s
[559751.9] IDEA_H_N2880: step 15 ELEVATED pairs=40136 evals=208 247s
[559770.6] IDEA_H_N2880: step 16 ELEVATED pairs=39887 evals=224 266s
[559788.6] IDEA_H_N2880: step 17 ELEVATED pairs=39640 evals=240 284s
[559807.8] IDEA_H_N2880: step 18 ELEVATED pairs=39399 evals=256 303s
[559829.5] IDEA_H_N2880: step 19 ELEVATED pairs=39175 evals=272 325s
[559846.4] IDEA_H_N2880: step 20 ELEVATED pairs=38969 evals=288 342s
[559870.2] IDEA_H_N2880: step 21 ELEVATED pairs=38811 evals=304 365s
[559889.6] IDEA_H_N2880: step 22 ELEVATED pairs=38668 evals=320 385s
[559906.4] IDEA_H_N2880: step 23 ELEVATED pairs=38466 evals=336 402s
[559926.7] IDEA_H_N2880: step 24 ELEVATED pairs=38332 evals=352 422s
[559942.3] IDEA_H_N2880: step 25 ELEVATED pairs=38108 evals=368 437s
[559961.1] IDEA_H_N2880: step 26 ELEVATED pairs=37974 evals=384 456s
[559975.6] IDEA_H_N2880: step 27 ELEVATED pairs=37771 evals=400 471s
[559995.1] IDEA_H_N2880: step 28 ELEVATED pairs=37568 evals=416 490s
[560005.7] IDEA_H_N2880: step 29 ELEVATED pairs=37338 evals=432 501s
[560016.3] IDEA_H_N2880: step 30 ELEVATED pairs=37110 evals=448 511s
[560031.4] IDEA_H_N2880: step 31 ELEVATED pairs=36910 evals=464 527s
[560045.6] IDEA_H_N2880: step 32 ELEVATED pairs=36684 evals=480 541s
[560059.7] IDEA_H_N2880: step 33 ELEVATED pairs=36466 evals=496 555s
[560075.5] IDEA_H_N2880: step 34 ELEVATED pairs=36269 evals=512 571s
[560107.8] IDEA_H_N2880: step 35 ELEVATED pairs=36073 evals=528 603s
[560126.8] IDEA_H_N2880: step 36 ELEVATED pairs=35887 evals=544 622s
[560141.4] IDEA_H_N2880: step 37 ELEVATED pairs=35774 evals=560 637s
[560158.8] IDEA_H_N2880: step 38 ELEVATED pairs=35543 evals=576 654s
[560171.6] IDEA_H_N2880: step 39 ELEVATED pairs=35343 evals=592 667s
[560187.1] IDEA_H_N2880: step 40 ELEVATED pairs=35138 evals=608 682s
[560187.5] IDEA_H_N2880: step 41 NO_CANDIDATES_GENERATED pairs=35138 evals=608 683s
[560187.8] IDEA_H_N2880: step 42 NO_CANDIDATES_GENERATED pairs=35138 evals=608 683s
[560203.0] IDEA_H_N2880: step 43 ELEVATED pairs=34935 evals=624 698s
[560217.8] IDEA_H_N2880: step 44 ELEVATED pairs=34734 evals=640 713s
[560228.9] IDEA_H_N2880: step 45 ELEVATED pairs=34539 evals=656 724s
[560248.1] IDEA_H_N2880: step 46 ELEVATED pairs=34340 evals=672 743s
[560266.5] IDEA_H_N2880: step 47 ELEVATED pairs=34143 evals=688 762s
[560282.9] IDEA_H_N2880: step 48 ELEVATED pairs=33933 evals=704 778s
[560305.6] IDEA_H_N2880: step 49 ELEVATED pairs=33738 evals=720 801s
[560322.7] IDEA_H_N2880: step 50 ELEVATED pairs=33530 evals=736 818s
[560336.4] IDEA_H_N2880: step 51 ELEVATED pairs=33326 evals=752 832s
[560354.8] IDEA_H_N2880: step 52 ELEVATED pairs=33133 evals=768 850s
[560369.2] IDEA_H_N2880: step 53 ELEVATED pairs=32926 evals=784 864s
[560387.6] IDEA_H_N2880: step 54 ELEVATED pairs=32735 evals=800 883s
[560401.4] IDEA_H_N2880: step 55 ELEVATED pairs=32530 evals=816 897s
[560419.9] IDEA_H_N2880: step 56 ELEVATED pairs=32341 evals=832 915s
[560433.6] IDEA_H_N2880: step 57 ELEVATED pairs=32137 evals=848 929s
[560452.4] IDEA_H_N2880: step 58 ELEVATED pairs=31950 evals=864 948s
[560461.3] IDEA_H_N2880: step 59 ELEVATED pairs=31792 evals=880 956s
[560475.1] IDEA_H_N2880: step 60 ELEVATED pairs=31590 evals=896 970s
[560489.2] IDEA_H_N2880: step 61 ELEVATED pairs=31389 evals=912 984s
[560501.4] IDEA_H_N2880: step 62 ELEVATED pairs=31226 evals=928 997s
[560515.4] IDEA_H_N2880: step 63 ELEVATED pairs=31027 evals=944 1011s
[560529.1] IDEA_H_N2880: step 64 ELEVATED pairs=30829 evals=960 1024s
[560529.4] IDEA_H_N2880: step 65 NO_CANDIDATES_GENERATED pairs=30829 evals=960 1025s
[560529.7] IDEA_H_N2880: step 66 NO_CANDIDATES_GENERATED pairs=30829 evals=960 1025s
[560530.0] IDEA_H_N2880: step 67 NO_CANDIDATES_GENERATED pairs=30829 evals=960 1025s
[560543.1] IDEA_H_N2880: step 68 ELEVATED pairs=30633 evals=976 1038s
[560554.8] IDEA_H_N2880: step 69 ELEVATED pairs=30481 evals=992 1050s
[560565.7] IDEA_H_N2880: step 70 ELEVATED pairs=30367 evals=1008 1061s
[560579.2] IDEA_H_N2880: step 71 ELEVATED pairs=30214 evals=1024 1074s
[560587.9] IDEA_H_N2880: step 72 ELEVATED pairs=30030 evals=1033 1083s
[560600.5] IDEA_H_N2880: step 73 ELEVATED pairs=29879 evals=1049 1096s
[560609.3] IDEA_H_N2880: step 74 ELEVATED pairs=29697 evals=1058 1104s
[560622.0] IDEA_H_N2880: step 75 ELEVATED pairs=29548 evals=1074 1117s
[560630.8] IDEA_H_N2880: step 76 ELEVATED pairs=29368 evals=1083 1126s
[560639.1] IDEA_H_N2880: step 77 ELEVATED pairs=29190 evals=1092 1134s
[560662.0] IDEA_H_N2880: step 78 ELEVATED pairs=28961 evals=1108 1157s
[560669.8] IDEA_H_N2880: step 79 ELEVATED pairs=28776 evals=1124 1165s
[560677.5] IDEA_H_N2880: step 80 ELEVATED pairs=28593 evals=1140 1173s
[560685.3] IDEA_H_N2880: step 81 ELEVATED pairs=28412 evals=1156 1181s
[560693.7] IDEA_H_N2880: step 82 ELEVATED pairs=28233 evals=1172 1189s
[560701.9] IDEA_H_N2880: step 83 ELEVATED pairs=28134 evals=1188 1197s
[560712.5] IDEA_H_N2880: step 84 ELEVATED pairs=28022 evals=1204 1208s
[560720.6] IDEA_H_N2880: step 85 ELEVATED pairs=27902 evals=1220 1216s
[560728.8] IDEA_H_N2880: step 86 ELEVATED pairs=27782 evals=1236 1224s
[560737.2] IDEA_H_N2880: step 87 ELEVATED pairs=27662 evals=1252 1232s
[560745.1] IDEA_H_N2880: step 88 ELEVATED pairs=27514 evals=1268 1240s
[560753.4] IDEA_H_N2880: step 89 ELEVATED pairs=27394 evals=1284 1249s
[560763.1] IDEA_H_N2880: step 90 ELEVATED pairs=27248 evals=1300 1258s
[560773.6] IDEA_H_N2880: step 91 ELEVATED pairs=27092 evals=1316 1269s
[560783.2] IDEA_H_N2880: step 92 PREFIX_EVALUATED_NO_WINNER_DEFERRED pairs=27092 evals=1332 1278s
[560793.1] IDEA_H_N2880: step 93 ELEVATED pairs=26951 evals=1348 1288s
[560802.7] IDEA_H_N2880: step 94 PREFIX_EVALUATED_NO_WINNER_DEFERRED pairs=26951 evals=1364 1298s
[560812.7] IDEA_H_N2880: step 95 ELEVATED pairs=26895 evals=1380 1308s
[560823.6] IDEA_H_N2880: step 96 ELEVATED pairs=26781 evals=1396 1319s
[560837.1] IDEA_H_N2880: step 97 ELEVATED pairs=26690 evals=1412 1332s
[560849.5] IDEA_H_N2880: step 98 ELEVATED pairs=26525 evals=1428 1345s
[560859.2] IDEA_H_N2880: step 99 ELEVATED pairs=26436 evals=1444 1354s
[560871.2] IDEA_H_N2880: step 100 ELEVATED pairs=26273 evals=1460 1366s
[560883.2] IDEA_H_N2880: step 101 ELEVATED pairs=26112 evals=1476 1378s
[560891.7] IDEA_H_N2880: step 102 ELEVATED pairs=26016 evals=1492 1387s
[560907.6] IDEA_H_N2880: step 103 ELEVATED pairs=25857 evals=1508 1403s
[560916.5] IDEA_H_N2880: step 104 ELEVATED pairs=25803 evals=1524 1412s
[560929.1] IDEA_H_N2880: step 105 ELEVATED pairs=25644 evals=1540 1424s
[560941.1] IDEA_H_N2880: step 106 ELEVATED pairs=25487 evals=1556 1436s
[560948.2] IDEA_H_N2880: step 107 ELEVATED pairs=25361 evals=1572 1443s
[560959.8] IDEA_H_N2880: step 108 ELEVATED pairs=25207 evals=1588 1455s
[560969.9] IDEA_H_N2880: step 109 ELEVATED pairs=25144 evals=1604 1465s
[560978.0] IDEA_H_N2880: step 110 ELEVATED pairs=24969 evals=1620 1473s
[560985.4] IDEA_H_N2880: step 111 ELEVATED pairs=24796 evals=1636 1481s
[560995.0] IDEA_H_N2880: step 112 ELEVATED pairs=24735 evals=1652 1490s
[561015.2] IDEA_H_N2880: step 113 ELEVATED pairs=24607 evals=1668 1510s
[561038.7] IDEA_H_N2880: step 114 ELEVATED pairs=24481 evals=1684 1534s
[561050.3] IDEA_H_N2880: step 115 ELEVATED pairs=24411 evals=1700 1545s
[561065.4] IDEA_H_N2880: step 116 ELEVATED pairs=24317 evals=1709 1561s
[561086.3] IDEA_H_N2880: step 117 ELEVATED pairs=24173 evals=1725 1581s
[561096.8] IDEA_H_N2880: step 118 ELEVATED pairs=24079 evals=1741 1592s
[561117.1] IDEA_H_N2880: step 119 ELEVATED pairs=23935 evals=1757 1612s
[561136.9] IDEA_H_N2880: step 120 ELEVATED pairs=23791 evals=1773 1632s
[561146.9] IDEA_H_N2880: step 121 ELEVATED pairs=23698 evals=1789 1642s
[561166.1] IDEA_H_N2880: step 122 ELEVATED pairs=23554 evals=1805 1661s
[561198.1] IDEA_H_N2880: step 123 ELEVATED pairs=23440 evals=1821 1693s
[561214.0] IDEA_H_N2880: step 124 ELEVATED pairs=23259 evals=1837 1709s
[561244.8] IDEA_H_N2880: step 125 ELEVATED pairs=23145 evals=1853 1740s
[561275.6] IDEA_H_N2880: step 126 ELEVATED pairs=23031 evals=1869 1771s
[561294.4] IDEA_H_N2880: step 127 ELEVATED pairs=22866 evals=1885 1790s
[561324.4] IDEA_H_N2880: step 128 ELEVATED pairs=22752 evals=1901 1820s
[561345.2] IDEA_H_N2880: step 129 ELEVATED pairs=22589 evals=1917 1840s
[561368.7] IDEA_H_N2880: step 130 ELEVATED pairs=22428 evals=1933 1864s
[561393.7] IDEA_H_N2880: step 131 ELEVATED pairs=22269 evals=1949 1889s
[561405.5] IDEA_H_N2880: step 132 ELEVATED pairs=22187 evals=1965 1901s
[561416.2] IDEA_H_N2880: step 133 ELEVATED pairs=22053 evals=1981 1911s
[561427.0] IDEA_H_N2880: step 134 ELEVATED pairs=21921 evals=1997 1922s
[561444.4] IDEA_H_N2880: step 135 ELEVATED pairs=21793 evals=2013 1940s
[561455.2] IDEA_H_N2880: step 136 ELEVATED pairs=21663 evals=2029 1950s
[561465.2] IDEA_H_N2880: step 137 ELEVATED pairs=21599 evals=2045 1960s
[561475.4] IDEA_H_N2880: step 138 ELEVATED pairs=21536 evals=2061 1971s
[561485.5] IDEA_H_N2880: step 139 ELEVATED pairs=21473 evals=2077 1981s
[561494.0] IDEA_H_N2880: step 140 ELEVATED pairs=21404 evals=2093 1989s
[561502.1] IDEA_H_N2880: step 141 ELEVATED pairs=21335 evals=2109 1997s
[561510.4] IDEA_H_N2880: step 142 ELEVATED pairs=21266 evals=2125 2006s
[561518.7] IDEA_H_N2880: step 143 ELEVATED pairs=21197 evals=2141 2014s
[561526.9] IDEA_H_N2880: step 144 PREFIX_EVALUATED_NO_WINNER_DEFERRED pairs=21197 evals=2157 2022s
[561546.4] IDEA_H_N2880: step 145 ELEVATED pairs=21078 evals=2173 2042s
[561554.7] IDEA_H_N2880: step 146 PREFIX_EVALUATED_NO_WINNER_DEFERRED pairs=21078 evals=2189 2050s
[561564.8] IDEA_H_N2880: step 147 ELEVATED pairs=21032 evals=2205 2060s
[561573.2] IDEA_H_N2880: step 148 PREFIX_EVALUATED_NO_WINNER_DEFERRED pairs=21032 evals=2221 2068s
[561583.4] IDEA_H_N2880: step 149 ELEVATED pairs=20986 evals=2237 2079s
[561591.8] IDEA_H_N2880: step 150 PREFIX_EVALUATED_NO_WINNER_DEFERRED pairs=20986 evals=2253 2087s
[561599.6] IDEA_H_N2880: step 151 ELEVATED pairs=20932 evals=2269 2095s
[561608.1] IDEA_H_N2880: step 152 PREFIX_EVALUATED_NO_WINNER_DEFERRED pairs=20932 evals=2285 2103s
[561616.1] IDEA_H_N2880: step 153 ELEVATED pairs=20865 evals=2301 2111s
[561624.4] IDEA_H_N2880: step 154 PREFIX_EVALUATED_NO_WINNER_DEFERRED pairs=20865 evals=2317 2120s
[561632.6] IDEA_H_N2880: step 155 ELEVATED pairs=20798 evals=2333 2128s
[561640.8] IDEA_H_N2880: step 156 PREFIX_EVALUATED_NO_WINNER_DEFERRED pairs=20798 evals=2349 2136s
[561648.4] IDEA_H_N2880: step 157 ELEVATED pairs=20731 evals=2365 2144s
[561656.4] IDEA_H_N2880: step 158 PREFIX_EVALUATED_NO_WINNER_DEFERRED pairs=20731 evals=2381 2152s
[561670.5] IDEA_H_N2880: step 159 ELEVATED pairs=20568 evals=2397 2166s
[561678.7] IDEA_H_N2880: step 160 PREFIX_EVALUATED_NO_WINNER_DEFERRED pairs=20568 evals=2413 2174s
[561685.8] IDEA_H_N2880: step 161 ELEVATED pairs=20508 evals=2429 2181s
[561693.8] IDEA_H_N2880: step 162 PREFIX_EVALUATED_NO_WINNER_DEFERRED pairs=20508 evals=2445 2189s
[561701.1] IDEA_H_N2880: step 163 ELEVATED pairs=20448 evals=2461 2196s
[561708.7] IDEA_H_N2880: step 164 PREFIX_EVALUATED_NO_WINNER_DEFERRED pairs=20448 evals=2477 2204s
[561722.1] IDEA_H_N2880: step 165 ELEVATED pairs=20287 evals=2493 2217s
[561729.7] IDEA_H_N2880: step 166 PREFIX_EVALUATED_NO_WINNER_DEFERRED pairs=20287 evals=2509 2225s
[561736.9] IDEA_H_N2880: step 167 ELEVATED pairs=20221 evals=2525 2232s
[561744.7] IDEA_H_N2880: step 168 PREFIX_EVALUATED_NO_WINNER_DEFERRED pairs=20221 evals=2541 2240s
[561758.0] IDEA_H_N2880: step 169 ELEVATED pairs=20062 evals=2557 2253s
[561766.0] IDEA_H_N2880: step 170 PREFIX_EVALUATED_NO_WINNER_DEFERRED pairs=20062 evals=2573 2261s
[561783.7] IDEA_H_N2880: step 171 ELEVATED pairs=19908 evals=2589 2279s
[561795.6] IDEA_H_N2880: step 172 ELEVATED pairs=19759 evals=2605 2291s
[561807.5] IDEA_H_N2880: step 173 ELEVATED pairs=19612 evals=2621 2303s
[561819.2] IDEA_H_N2880: step 174 ELEVATED pairs=19467 evals=2637 2314s
[561830.8] IDEA_H_N2880: step 175 ELEVATED pairs=19324 evals=2653 2326s
[561842.9] IDEA_H_N2880: step 176 ELEVATED pairs=19185 evals=2669 2338s
[561854.7] IDEA_H_N2880: step 177 ELEVATED pairs=19069 evals=2685 2350s
[561867.8] IDEA_H_N2880: step 178 ELEVATED pairs=18955 evals=2701 2363s
[561889.9] IDEA_H_N2880: step 179 ELEVATED pairs=18864 evals=2717 2385s
[561898.2] IDEA_H_N2880: step 180 PREFIX_EVALUATED_NO_WINNER_DEFERRED pairs=18864 evals=2733 2393s
[561918.8] IDEA_H_N2880: step 181 ELEVATED pairs=18774 evals=2749 2414s
[561926.7] IDEA_H_N2880: step 182 PREFIX_EVALUATED_NO_WINNER_DEFERRED pairs=18774 evals=2765 2422s
[561945.2] IDEA_H_N2880: step 183 ELEVATED pairs=18685 evals=2781 2440s
[561952.5] IDEA_H_N2880: step 184 PREFIX_EVALUATED_NO_WINNER_DEFERRED pairs=18685 evals=2797 2448s
[561968.9] IDEA_H_N2880: step 185 ELEVATED pairs=18596 evals=2813 2464s
[561975.9] IDEA_H_N2880: step 186 PREFIX_EVALUATED_NO_WINNER_DEFERRED pairs=18596 evals=2829 2471s
[561992.1] IDEA_H_N2880: step 187 ELEVATED pairs=18520 evals=2845 2487s
[561999.0] IDEA_H_N2880: step 188 PREFIX_EVALUATED_NO_WINNER_DEFERRED pairs=18520 evals=2861 2494s
[562014.8] IDEA_H_N2880: step 189 ELEVATED pairs=18444 evals=2877 2510s
[562016.5] IDEA_H_N2880: step 190 ABORTED_CANDIDATE_BUDGET pairs=18444 evals=2880 2512s
[562016.9] IDEA_H_N2880: done final=18444 moves=161 first=161 reloc=0 ret=0 evals=2880 stop=CANDIDATE_BUDGET_EXHAUSTED
[562080.1] IDEA_H_N2880: recheck PASS checks=130816
GROUP DONE IDEA_H_N2880 PASS
