start-state rescan (main) ...
  main PASS pairs=42909 unresolved=3 elevated=24
[553074.2] V5_STRATIFIED_R720: start mode=R budget=720 spec={"name": "V5_STRATIFIED", "target_policy": "STRATIFIED", "evaluation_policy": "E0_EXHAUSTIVE", "traversal_policy": "BASE", "max_targets": 200, "k_per_target": 16, "family_round_robin": false, "relocation_side_reserve": 0, "waiting_age": false, "route_coverage": false, "multi_anchor": false, "exact_dedup": false, "decision_cache": false, "return_action": false, "cache_structural_skips": false, "window_slack_mm": 1e-05, "notes": ""}
[553074.2] V5_STRATIFIED_R720: start state=main C:\Users\lihao\Desktop\Graduation Project\OpticalWaveguideRouter3D\outputs\3d_strategy_v3\512_ablation\D_both_enabled pairs=42909
[553080.0] V5_STRATIFIED_R720: INITIAL_DONE pairs=42909
[553080.4] V5_STRATIFIED_R720: step 1 NO_CANDIDATES_GENERATED pairs=42909 evals=0 1s
[553080.9] V5_STRATIFIED_R720: step 2 NO_CANDIDATES_GENERATED pairs=42909 evals=0 1s
[553081.1] V5_STRATIFIED_R720: step 3 NO_CANDIDATES_GENERATED pairs=42909 evals=0 1s
[553107.1] V5_STRATIFIED_R720: step 4 ELEVATED pairs=42635 evals=27 27s
[553107.9] V5_STRATIFIED_R720: step 5 NO_CANDIDATES_GENERATED pairs=42635 evals=27 28s
[553108.2] V5_STRATIFIED_R720: step 6 NO_CANDIDATES_GENERATED pairs=42635 evals=27 28s
[553108.6] V5_STRATIFIED_R720: step 7 NO_CANDIDATES_GENERATED pairs=42635 evals=27 29s
[553109.5] V5_STRATIFIED_R720: step 8 NO_CANDIDATES_GENERATED pairs=42635 evals=27 30s
[553160.1] V5_STRATIFIED_R720: step 9 ELEVATED pairs=42375 evals=99 80s
[553191.2] V5_STRATIFIED_R720: step 10 ELEVATED pairs=42128 evals=126 111s
[553192.0] V5_STRATIFIED_R720: step 11 NO_CANDIDATES_GENERATED pairs=42128 evals=126 112s
[553266.0] V5_STRATIFIED_R720: step 12 ELEVATED pairs=41874 evals=198 186s
[553325.8] V5_STRATIFIED_R720: step 13 ELEVATED pairs=41619 evals=252 246s
[553326.9] V5_STRATIFIED_R720: step 14 NO_CANDIDATES_GENERATED pairs=41619 evals=252 247s
[553340.9] V5_STRATIFIED_R720: step 15 ELEVATED pairs=41366 evals=270 261s
[553402.4] V5_STRATIFIED_R720: step 16 ELEVATED pairs=41113 evals=324 323s
[553426.9] V5_STRATIFIED_R720: step 17 RELOCATED pairs=41102 evals=342 347s
[553439.0] V5_STRATIFIED_R720: step 18 ELEVATED pairs=40851 evals=360 359s
[553497.5] V5_STRATIFIED_R720: step 19 ELEVATED pairs=40600 evals=414 418s
[553498.7] V5_STRATIFIED_R720: step 20 NO_CANDIDATES_GENERATED pairs=40600 evals=414 419s
[553512.6] V5_STRATIFIED_R720: step 21 ELEVATED pairs=40350 evals=432 433s
[553572.1] V5_STRATIFIED_R720: step 22 ELEVATED pairs=40101 evals=486 492s
[553573.2] V5_STRATIFIED_R720: step 23 NO_CANDIDATES_GENERATED pairs=40101 evals=486 493s
[553604.9] V5_STRATIFIED_R720: step 24 ELEVATED pairs=39848 evals=522 525s
[553661.1] V5_STRATIFIED_R720: step 25 ELEVATED pairs=39601 evals=576 581s
[553662.1] V5_STRATIFIED_R720: step 26 NO_CANDIDATES_GENERATED pairs=39601 evals=576 582s
[553704.6] V5_STRATIFIED_R720: step 27 ELEVATED pairs=39362 evals=630 625s
[553723.9] V5_STRATIFIED_R720: step 28 ELEVATED pairs=39130 evals=657 644s
[553725.0] V5_STRATIFIED_R720: step 29 NO_CANDIDATES_GENERATED pairs=39130 evals=657 645s
[553774.5] V5_STRATIFIED_R720: step 30 ELEVATED pairs=38884 evals=720 695s
[553774.9] V5_STRATIFIED_R720: done final=38884 moves=17 first=16 reloc=1 ret=0 evals=720 stop=CANDIDATE_BUDGET_EXHAUSTED
[553826.7] V5_STRATIFIED_R720: recheck PASS checks=130816
GROUP DONE V5_STRATIFIED_R720 PASS
