[561064.3] IDEA_D_CONTROL_N1440: start mode=N budget=1440 spec={"name": "IDEA_D_CONTROL", "target_policy": "STRATIFIED", "evaluation_policy": "E2_ORDERED_K16", "traversal_policy": "BASE", "max_targets": 200, "k_per_target": 16, "family_round_robin": false, "relocation_side_reserve": 0, "waiting_age": false, "route_coverage": false, "multi_anchor": false, "exact_dedup": false, "decision_cache": false, "return_action": false, "cache_structural_skips": false, "window_slack_mm": 1e-05, "notes": ""}
[561064.3] IDEA_D_CONTROL_N1440: start state=main C:\Users\lihao\Desktop\Graduation Project\OpticalWaveguideRouter3D\outputs\3d_strategy_v3\512_ablation\D_both_enabled pairs=42909
[561070.9] IDEA_D_CONTROL_N1440: INITIAL_DONE pairs=42909
[561071.2] IDEA_D_CONTROL_N1440: step 1 NO_CANDIDATES_GENERATED pairs=42909 evals=0 1s
[561076.5] IDEA_D_CONTROL_N1440: step 2 NO_CANDIDATES_GENERATED pairs=42909 evals=0 6s
[561076.7] IDEA_D_CONTROL_N1440: step 3 NO_CANDIDATES_GENERATED pairs=42909 evals=0 6s
[561095.2] IDEA_D_CONTROL_N1440: step 4 ELEVATED pairs=42666 evals=16 25s
[561110.6] IDEA_D_CONTROL_N1440: step 5 ELEVATED pairs=42420 evals=32 40s
[561127.3] IDEA_D_CONTROL_N1440: step 6 ELEVATED pairs=42246 evals=48 57s
[561150.4] IDEA_D_CONTROL_N1440: step 7 ELEVATED pairs=41992 evals=64 80s
[561170.6] IDEA_D_CONTROL_N1440: step 8 ELEVATED pairs=41810 evals=80 100s
[561184.7] IDEA_D_CONTROL_N1440: step 9 ELEVATED pairs=41626 evals=96 114s
[561200.8] IDEA_D_CONTROL_N1440: step 10 ELEVATED pairs=41446 evals=112 130s
[561223.5] IDEA_D_CONTROL_N1440: step 11 ELEVATED pairs=41261 evals=128 153s
[561237.8] IDEA_D_CONTROL_N1440: step 12 ELEVATED pairs=41067 evals=144 167s
[561245.8] IDEA_D_CONTROL_N1440: step 13 ELEVATED pairs=40813 evals=160 175s
[561268.9] IDEA_D_CONTROL_N1440: step 14 ELEVATED pairs=40562 evals=176 198s
[561288.3] IDEA_D_CONTROL_N1440: step 15 ELEVATED pairs=40384 evals=192 218s
[561296.2] IDEA_D_CONTROL_N1440: step 16 ELEVATED pairs=40133 evals=208 226s
[561319.7] IDEA_D_CONTROL_N1440: step 17 ELEVATED pairs=39884 evals=224 249s
[561339.1] IDEA_D_CONTROL_N1440: step 18 ELEVATED pairs=39707 evals=240 268s
[561356.3] IDEA_D_CONTROL_N1440: step 19 ELEVATED pairs=39469 evals=256 286s
[561381.1] IDEA_D_CONTROL_N1440: step 20 ELEVATED pairs=39222 evals=272 310s
[561394.0] IDEA_D_CONTROL_N1440: step 21 ELEVATED pairs=38998 evals=288 323s
[561411.5] IDEA_D_CONTROL_N1440: step 22 ELEVATED pairs=38856 evals=304 341s
[561440.4] IDEA_D_CONTROL_N1440: step 23 ELEVATED pairs=38696 evals=320 370s
[561452.2] IDEA_D_CONTROL_N1440: step 24 ELEVATED pairs=38560 evals=336 382s
[561467.2] IDEA_D_CONTROL_N1440: step 25 ELEVATED pairs=38366 evals=352 397s
[561491.3] IDEA_D_CONTROL_N1440: step 26 ELEVATED pairs=38145 evals=368 421s
[561502.3] IDEA_D_CONTROL_N1440: step 27 ELEVATED pairs=38009 evals=384 432s
[561515.7] IDEA_D_CONTROL_N1440: step 28 ELEVATED pairs=37842 evals=400 445s
[561537.0] IDEA_D_CONTROL_N1440: step 29 ELEVATED pairs=37613 evals=416 466s
[561544.7] IDEA_D_CONTROL_N1440: step 30 ELEVATED pairs=37386 evals=432 474s
[561558.6] IDEA_D_CONTROL_N1440: step 31 ELEVATED pairs=37219 evals=448 488s
[561580.3] IDEA_D_CONTROL_N1440: step 32 ELEVATED pairs=36994 evals=464 510s
[561590.0] IDEA_D_CONTROL_N1440: step 33 ELEVATED pairs=36878 evals=480 519s
[561604.3] IDEA_D_CONTROL_N1440: step 34 ELEVATED pairs=36737 evals=496 534s
[561637.1] IDEA_D_CONTROL_N1440: step 35 ELEVATED pairs=36543 evals=512 566s
[561644.9] IDEA_D_CONTROL_N1440: step 36 ELEVATED pairs=36330 evals=528 574s
[561662.3] IDEA_D_CONTROL_N1440: step 37 ELEVATED pairs=36198 evals=544 592s
[561678.7] IDEA_D_CONTROL_N1440: step 38 NO_CANDIDATES_GENERATED pairs=36198 evals=544 608s
[561679.0] IDEA_D_CONTROL_N1440: step 39 NO_CANDIDATES_GENERATED pairs=36198 evals=544 608s
[561687.0] IDEA_D_CONTROL_N1440: step 40 ELEVATED pairs=35979 evals=560 616s
[561711.8] IDEA_D_CONTROL_N1440: step 41 ELEVATED pairs=35770 evals=576 641s
[561718.7] IDEA_D_CONTROL_N1440: step 42 ELEVATED pairs=35601 evals=592 648s
[561726.5] IDEA_D_CONTROL_N1440: step 43 ELEVATED pairs=35386 evals=608 656s
[561753.0] IDEA_D_CONTROL_N1440: step 44 ELEVATED pairs=35254 evals=624 682s
[561763.8] IDEA_D_CONTROL_N1440: step 45 ELEVATED pairs=35046 evals=640 693s
[561771.5] IDEA_D_CONTROL_N1440: step 46 ELEVATED pairs=34833 evals=656 701s
[561799.1] IDEA_D_CONTROL_N1440: step 47 ELEVATED pairs=34626 evals=672 728s
[561809.6] IDEA_D_CONTROL_N1440: step 48 ELEVATED pairs=34421 evals=688 739s
[561817.5] IDEA_D_CONTROL_N1440: step 49 ELEVATED pairs=34210 evals=704 747s
[561845.3] IDEA_D_CONTROL_N1440: step 50 ELEVATED pairs=34006 evals=720 775s
[561855.4] IDEA_D_CONTROL_N1440: step 51 ELEVATED pairs=33804 evals=736 785s
[561868.9] IDEA_D_CONTROL_N1440: step 52 ELEVATED pairs=33611 evals=752 798s
[561895.7] IDEA_D_CONTROL_N1440: step 53 ELEVATED pairs=33410 evals=768 825s
[561905.4] IDEA_D_CONTROL_N1440: step 54 ELEVATED pairs=33211 evals=784 835s
[561919.3] IDEA_D_CONTROL_N1440: step 55 ELEVATED pairs=32987 evals=800 849s
[561945.0] IDEA_D_CONTROL_N1440: step 56 ELEVATED pairs=32789 evals=816 874s
[561953.5] IDEA_D_CONTROL_N1440: step 57 ELEVATED pairs=32593 evals=832 883s
[561965.5] IDEA_D_CONTROL_N1440: step 58 ELEVATED pairs=32371 evals=848 895s
[561988.4] IDEA_D_CONTROL_N1440: step 59 ELEVATED pairs=32176 evals=864 918s
[561993.5] IDEA_D_CONTROL_N1440: step 60 ELEVATED pairs=31988 evals=880 923s
[562004.6] IDEA_D_CONTROL_N1440: step 61 ELEVATED pairs=31769 evals=896 934s
[562024.7] IDEA_D_CONTROL_N1440: step 62 ELEVATED pairs=31662 evals=912 954s
[562031.0] IDEA_D_CONTROL_N1440: step 63 ELEVATED pairs=31491 evals=928 960s
[562041.3] IDEA_D_CONTROL_N1440: step 64 ELEVATED pairs=31274 evals=944 971s
[562060.3] IDEA_D_CONTROL_N1440: step 65 ELEVATED pairs=31087 evals=960 990s
[562066.0] IDEA_D_CONTROL_N1440: step 66 PREFIX_EVALUATED_NO_WINNER_DEFERRED pairs=31087 evals=976 995s
[562075.8] IDEA_D_CONTROL_N1440: step 67 ELEVATED pairs=30872 evals=992 1005s
[562095.5] IDEA_D_CONTROL_N1440: step 68 PREFIX_EVALUATED_NO_WINNER_DEFERRED pairs=30872 evals=1008 1025s
[562101.1] IDEA_D_CONTROL_N1440: step 69 ELEVATED pairs=30724 evals=1024 1030s
[562110.3] IDEA_D_CONTROL_N1440: step 70 ELEVATED pairs=30511 evals=1040 1040s
[562130.3] IDEA_D_CONTROL_N1440: step 71 PREFIX_EVALUATED_NO_WINNER_DEFERRED pairs=30511 evals=1056 1060s
[562134.7] IDEA_D_CONTROL_N1440: step 72 ELEVATED pairs=30326 evals=1072 1064s
[562143.9] IDEA_D_CONTROL_N1440: step 73 ELEVATED pairs=30114 evals=1088 1073s
[562164.1] IDEA_D_CONTROL_N1440: step 74 PREFIX_EVALUATED_NO_WINNER_DEFERRED pairs=30114 evals=1104 1093s
[562168.5] IDEA_D_CONTROL_N1440: step 75 ELEVATED pairs=29987 evals=1120 1098s
[562177.6] IDEA_D_CONTROL_N1440: step 76 ELEVATED pairs=29777 evals=1136 1107s
[562198.1] IDEA_D_CONTROL_N1440: step 77 PREFIX_EVALUATED_NO_WINNER_DEFERRED pairs=29777 evals=1152 1127s
[562202.7] IDEA_D_CONTROL_N1440: step 78 ELEVATED pairs=29650 evals=1168 1132s
[562211.7] IDEA_D_CONTROL_N1440: step 79 ELEVATED pairs=29442 evals=1184 1141s
[562232.7] IDEA_D_CONTROL_N1440: step 80 PREFIX_EVALUATED_NO_WINNER_DEFERRED pairs=29442 evals=1200 1162s
[562237.1] IDEA_D_CONTROL_N1440: step 81 ELEVATED pairs=29315 evals=1216 1166s
[562246.0] IDEA_D_CONTROL_N1440: step 82 ELEVATED pairs=29109 evals=1232 1175s
[562267.5] IDEA_D_CONTROL_N1440: step 83 PREFIX_EVALUATED_NO_WINNER_DEFERRED pairs=29109 evals=1248 1197s
[562271.8] IDEA_D_CONTROL_N1440: step 84 ELEVATED pairs=28943 evals=1264 1201s
[562274.8] IDEA_D_CONTROL_N1440: step 85 PREFIX_EVALUATED_NO_WINNER_DEFERRED pairs=28943 evals=1280 1204s
[562297.4] IDEA_D_CONTROL_N1440: step 86 PREFIX_EVALUATED_NO_WINNER_DEFERRED pairs=28943 evals=1296 1227s
[562302.0] IDEA_D_CONTROL_N1440: step 87 ELEVATED pairs=28816 evals=1312 1231s
[562305.3] IDEA_D_CONTROL_N1440: step 88 PREFIX_EVALUATED_NO_WINNER_DEFERRED pairs=28816 evals=1328 1235s
[562328.1] IDEA_D_CONTROL_N1440: step 89 PREFIX_EVALUATED_NO_WINNER_DEFERRED pairs=28816 evals=1344 1257s
[562333.0] IDEA_D_CONTROL_N1440: step 90 ELEVATED pairs=28632 evals=1360 1262s
[562336.1] IDEA_D_CONTROL_N1440: step 91 PREFIX_EVALUATED_NO_WINNER_DEFERRED pairs=28632 evals=1376 1265s
[562359.0] IDEA_D_CONTROL_N1440: step 92 PREFIX_EVALUATED_NO_WINNER_DEFERRED pairs=28632 evals=1392 1288s
[562364.1] IDEA_D_CONTROL_N1440: step 93 ELEVATED pairs=28458 evals=1401 1293s
[562367.1] IDEA_D_CONTROL_N1440: step 94 PREFIX_EVALUATED_NO_WINNER_DEFERRED pairs=28458 evals=1417 1296s
[562389.5] IDEA_D_CONTROL_N1440: step 95 PREFIX_EVALUATED_NO_WINNER_DEFERRED pairs=28458 evals=1433 1319s
[562393.7] IDEA_D_CONTROL_N1440: step 96 ELEVATED pairs=28286 evals=1440 1323s
[562394.0] IDEA_D_CONTROL_N1440: done final=28286 moves=76 first=76 reloc=0 ret=0 evals=1440 stop=CANDIDATE_BUDGET_EXHAUSTED
[562435.4] IDEA_D_CONTROL_N1440: recheck PASS checks=130816
