[556423.5] V7_T2_N720: start mode=N budget=720 spec={"name": "V7_T2", "target_policy": "LEGACY", "evaluation_policy": "E2_ORDERED_K16", "traversal_policy": "COVERAGE", "max_targets": 2000, "k_per_target": 16, "family_round_robin": false, "relocation_side_reserve": 0, "waiting_age": false, "route_coverage": true, "multi_anchor": false, "exact_dedup": false, "decision_cache": false, "return_action": false, "cache_structural_skips": true, "window_slack_mm": 1e-05, "notes": ""}
[556423.5] V7_T2_N720: start state=main C:\Users\lihao\Desktop\Graduation Project\OpticalWaveguideRouter3D\outputs\3d_strategy_v3\512_ablation\D_both_enabled pairs=42909
[556431.1] V7_T2_N720: INITIAL_DONE pairs=42909
[556431.5] V7_T2_N720: step 1 NO_CANDIDATES_GENERATED pairs=42909 evals=0 1s
[556431.9] V7_T2_N720: step 2 NO_CANDIDATES_GENERATED pairs=42909 evals=0 1s
[556443.9] V7_T2_N720: step 3 ELEVATED pairs=42661 evals=16 13s
[556455.9] V7_T2_N720: step 4 ELEVATED pairs=42405 evals=32 25s
[556468.4] V7_T2_N720: step 5 ELEVATED pairs=42144 evals=48 38s
[556487.8] V7_T2_N720: step 6 ELEVATED pairs=41895 evals=64 57s
[556497.4] V7_T2_N720: step 7 ELEVATED pairs=41639 evals=80 67s
[556511.4] V7_T2_N720: step 8 ELEVATED pairs=41400 evals=96 81s
[556524.7] V7_T2_N720: step 9 ELEVATED pairs=41182 evals=112 94s
[556536.7] V7_T2_N720: step 10 ELEVATED pairs=40967 evals=128 106s
[556552.0] V7_T2_N720: step 11 ELEVATED pairs=40716 evals=144 121s
[556565.5] V7_T2_N720: step 12 ELEVATED pairs=40527 evals=160 135s
[556585.2] V7_T2_N720: step 13 ELEVATED pairs=40359 evals=176 154s
[556597.3] V7_T2_N720: step 14 ELEVATED pairs=40161 evals=192 166s
[556611.6] V7_T2_N720: step 15 ELEVATED pairs=39967 evals=208 181s
[556623.9] V7_T2_N720: step 16 ELEVATED pairs=39773 evals=224 193s
[556637.8] V7_T2_N720: step 17 ELEVATED pairs=39609 evals=240 207s
[556649.4] V7_T2_N720: step 18 ELEVATED pairs=39381 evals=256 219s
[556661.5] V7_T2_N720: step 19 ELEVATED pairs=39242 evals=272 231s
[556677.1] V7_T2_N720: step 20 ELEVATED pairs=39029 evals=288 246s
[556691.9] V7_T2_N720: step 21 ELEVATED pairs=38864 evals=304 261s
[556704.9] V7_T2_N720: step 22 ELEVATED pairs=38631 evals=320 274s
[556725.4] V7_T2_N720: step 23 ELEVATED pairs=38452 evals=336 295s
[556744.1] V7_T2_N720: step 24 ELEVATED pairs=38287 evals=352 313s
[556761.1] V7_T2_N720: step 25 ELEVATED pairs=38071 evals=368 330s
[556775.7] V7_T2_N720: step 26 ELEVATED pairs=37863 evals=384 345s
[556794.1] V7_T2_N720: step 27 ELEVATED pairs=37652 evals=400 363s
[556811.9] V7_T2_N720: step 28 ELEVATED pairs=37442 evals=416 381s
[556823.0] V7_T2_N720: step 29 ELEVATED pairs=37268 evals=432 392s
[556839.2] V7_T2_N720: step 30 ELEVATED pairs=37060 evals=448 408s
[556855.5] V7_T2_N720: step 31 ELEVATED pairs=36921 evals=464 425s
[556864.2] V7_T2_N720: step 32 ELEVATED pairs=36726 evals=480 433s
[556874.1] V7_T2_N720: step 33 ELEVATED pairs=36523 evals=496 443s
[556884.4] V7_T2_N720: step 34 ELEVATED pairs=36321 evals=512 454s
[556900.1] V7_T2_N720: step 35 ELEVATED pairs=36205 evals=528 469s
[556918.7] V7_T2_N720: step 36 ELEVATED pairs=35993 evals=544 488s
[556936.3] V7_T2_N720: step 37 ELEVATED pairs=35783 evals=560 505s
[556953.4] V7_T2_N720: step 38 ELEVATED pairs=35575 evals=576 523s
[556969.7] V7_T2_N720: step 39 ELEVATED pairs=35369 evals=592 539s
[556981.1] V7_T2_N720: step 40 ELEVATED pairs=35201 evals=608 550s
[556981.3] V7_T2_N720: step 41 NO_CANDIDATES_GENERATED pairs=35201 evals=608 550s
[556981.5] V7_T2_N720: step 42 NO_CANDIDATES_GENERATED pairs=35201 evals=608 551s
[556981.8] V7_T2_N720: step 43 NO_CANDIDATES_GENERATED pairs=35201 evals=608 551s
[556982.0] V7_T2_N720: step 44 NO_CANDIDATES_GENERATED pairs=35201 evals=608 551s
[556982.2] V7_T2_N720: step 45 NO_CANDIDATES_GENERATED pairs=35201 evals=608 551s
[556982.4] V7_T2_N720: step 46 NO_CANDIDATES_GENERATED pairs=35201 evals=608 552s
[556998.2] V7_T2_N720: step 47 ELEVATED pairs=34996 evals=624 567s
[557012.4] V7_T2_N720: step 48 ELEVATED pairs=34847 evals=640 582s
[557030.8] V7_T2_N720: step 49 ELEVATED pairs=34650 evals=656 600s
[557048.5] V7_T2_N720: step 50 ELEVATED pairs=34455 evals=672 618s
[557067.7] V7_T2_N720: step 51 ELEVATED pairs=34265 evals=688 637s
[557088.9] V7_T2_N720: step 52 ELEVATED pairs=34077 evals=704 658s
[557113.8] V7_T2_N720: step 53 ELEVATED pairs=33891 evals=720 683s
[557114.1] V7_T2_N720: step 54 ABORTED_CANDIDATE_BUDGET pairs=33891 evals=720 683s
[557114.6] V7_T2_N720: done final=33891 moves=45 first=45 reloc=0 ret=0 evals=720 stop=CANDIDATE_BUDGET_EXHAUSTED
[557190.0] V7_T2_N720: recheck PASS checks=130816
