[554372.6] V6_E2_R1440: start mode=R budget=1440 spec={"name": "V6_E2", "target_policy": "STRATIFIED", "evaluation_policy": "E2_ORDERED_K16", "traversal_policy": "BASE", "max_targets": 200, "k_per_target": 16, "family_round_robin": false, "relocation_side_reserve": 0, "waiting_age": false, "route_coverage": false, "multi_anchor": false, "exact_dedup": false, "decision_cache": false, "return_action": false, "cache_structural_skips": false, "window_slack_mm": 1e-05, "notes": ""}
[554372.6] V6_E2_R1440: start state=main C:\Users\lihao\Desktop\Graduation Project\OpticalWaveguideRouter3D\outputs\3d_strategy_v3\512_ablation\D_both_enabled pairs=42909
[554379.6] V6_E2_R1440: INITIAL_DONE pairs=42909
[554380.2] V6_E2_R1440: step 1 NO_CANDIDATES_GENERATED pairs=42909 evals=0 1s
[554381.0] V6_E2_R1440: step 2 NO_CANDIDATES_GENERATED pairs=42909 evals=0 2s
[554381.2] V6_E2_R1440: step 3 NO_CANDIDATES_GENERATED pairs=42909 evals=0 2s
[554400.9] V6_E2_R1440: step 4 ELEVATED pairs=42666 evals=16 22s
[554401.9] V6_E2_R1440: step 5 NO_CANDIDATES_GENERATED pairs=42666 evals=16 23s
[554402.3] V6_E2_R1440: step 6 NO_CANDIDATES_GENERATED pairs=42666 evals=16 23s
[554402.8] V6_E2_R1440: step 7 NO_CANDIDATES_GENERATED pairs=42666 evals=16 23s
[554403.8] V6_E2_R1440: step 8 NO_CANDIDATES_GENERATED pairs=42666 evals=16 24s
[554414.2] V6_E2_R1440: step 9 ELEVATED pairs=42420 evals=32 35s
[554428.4] V6_E2_R1440: step 10 RELOCATED pairs=42389 evals=48 49s
[554429.2] V6_E2_R1440: step 11 NO_CANDIDATES_GENERATED pairs=42389 evals=48 50s
[554447.2] V6_E2_R1440: step 12 ELEVATED pairs=42215 evals=64 68s
[554458.5] V6_E2_R1440: step 13 PREFIX_EVALUATED_NO_WINNER_DEFERRED pairs=42215 evals=80 79s
[554483.6] V6_E2_R1440: step 14 PREFIX_EVALUATED_NO_WINNER_DEFERRED pairs=42215 evals=96 104s
[554499.2] V6_E2_R1440: step 15 ELEVATED pairs=42033 evals=112 120s
[554511.2] V6_E2_R1440: step 16 PREFIX_EVALUATED_NO_WINNER_DEFERRED pairs=42033 evals=128 132s
[554521.4] V6_E2_R1440: step 17 PREFIX_EVALUATED_NO_WINNER_DEFERRED pairs=42033 evals=144 142s
[554537.0] V6_E2_R1440: step 18 ELEVATED pairs=41849 evals=160 158s
[554549.9] V6_E2_R1440: step 19 PREFIX_EVALUATED_NO_WINNER_DEFERRED pairs=41849 evals=176 171s
[554559.9] V6_E2_R1440: step 20 PREFIX_EVALUATED_NO_WINNER_DEFERRED pairs=41849 evals=192 181s
[554575.8] V6_E2_R1440: step 21 ELEVATED pairs=41664 evals=208 196s
[554588.7] V6_E2_R1440: step 22 PREFIX_EVALUATED_NO_WINNER_DEFERRED pairs=41664 evals=224 209s
[554598.4] V6_E2_R1440: step 23 PREFIX_EVALUATED_NO_WINNER_DEFERRED pairs=41664 evals=240 219s
[554610.0] V6_E2_R1440: step 24 ELEVATED pairs=41410 evals=256 231s
[554622.7] V6_E2_R1440: step 25 PREFIX_EVALUATED_NO_WINNER_DEFERRED pairs=41410 evals=272 243s
[554632.1] V6_E2_R1440: step 26 PREFIX_EVALUATED_NO_WINNER_DEFERRED pairs=41410 evals=288 253s
[554647.7] V6_E2_R1440: step 27 ELEVATED pairs=41216 evals=304 268s
[554660.2] V6_E2_R1440: step 28 PREFIX_EVALUATED_NO_WINNER_DEFERRED pairs=41216 evals=320 281s
[554670.0] V6_E2_R1440: step 29 PREFIX_EVALUATED_NO_WINNER_DEFERRED pairs=41216 evals=336 291s
[554690.9] V6_E2_R1440: step 30 ELEVATED pairs=41037 evals=352 312s
[554703.7] V6_E2_R1440: step 31 PREFIX_EVALUATED_NO_WINNER_DEFERRED pairs=41037 evals=368 324s
[554713.0] V6_E2_R1440: step 32 PREFIX_EVALUATED_NO_WINNER_DEFERRED pairs=41037 evals=384 334s
[554733.9] V6_E2_R1440: step 33 ELEVATED pairs=40858 evals=400 355s
[554747.1] V6_E2_R1440: step 34 PREFIX_EVALUATED_NO_WINNER_DEFERRED pairs=40858 evals=416 368s
[554756.3] V6_E2_R1440: step 35 PREFIX_EVALUATED_NO_WINNER_DEFERRED pairs=40858 evals=432 377s
[554766.7] V6_E2_R1440: step 36 ELEVATED pairs=40620 evals=448 387s
[554780.4] V6_E2_R1440: step 37 PREFIX_EVALUATED_NO_WINNER_DEFERRED pairs=40620 evals=464 401s
[554790.3] V6_E2_R1440: step 38 PREFIX_EVALUATED_NO_WINNER_DEFERRED pairs=40620 evals=480 411s
[554804.5] V6_E2_R1440: step 39 ELEVATED pairs=40369 evals=496 425s
[554817.9] V6_E2_R1440: step 40 PREFIX_EVALUATED_NO_WINNER_DEFERRED pairs=40369 evals=512 439s
[554827.4] V6_E2_R1440: step 41 PREFIX_EVALUATED_NO_WINNER_DEFERRED pairs=40369 evals=528 448s
[554837.2] V6_E2_R1440: step 42 ELEVATED pairs=40129 evals=544 458s
[554849.8] V6_E2_R1440: step 43 PREFIX_EVALUATED_NO_WINNER_DEFERRED pairs=40129 evals=560 470s
[554859.0] V6_E2_R1440: step 44 PREFIX_EVALUATED_NO_WINNER_DEFERRED pairs=40129 evals=576 480s
[554872.6] V6_E2_R1440: step 45 ELEVATED pairs=39880 evals=592 493s
[554885.4] V6_E2_R1440: step 46 PREFIX_EVALUATED_NO_WINNER_DEFERRED pairs=39880 evals=608 506s
[554894.8] V6_E2_R1440: step 47 PREFIX_EVALUATED_NO_WINNER_DEFERRED pairs=39880 evals=624 515s
[554908.5] V6_E2_R1440: step 48 ELEVATED pairs=39633 evals=640 529s
[554921.1] V6_E2_R1440: step 49 PREFIX_EVALUATED_NO_WINNER_DEFERRED pairs=39633 evals=656 542s
[554930.2] V6_E2_R1440: step 50 PREFIX_EVALUATED_NO_WINNER_DEFERRED pairs=39633 evals=672 551s
[554944.1] V6_E2_R1440: step 51 ELEVATED pairs=39408 evals=688 565s
[554957.2] V6_E2_R1440: step 52 PREFIX_EVALUATED_NO_WINNER_DEFERRED pairs=39408 evals=704 578s
[554967.2] V6_E2_R1440: step 53 PREFIX_EVALUATED_NO_WINNER_DEFERRED pairs=39408 evals=720 588s
[554985.6] V6_E2_R1440: step 54 ELEVATED pairs=39250 evals=736 606s
[555000.5] V6_E2_R1440: step 55 RELOCATED pairs=39230 evals=752 621s
[555010.4] V6_E2_R1440: step 56 PREFIX_EVALUATED_NO_WINNER_DEFERRED pairs=39230 evals=768 631s
[555023.4] V6_E2_R1440: step 57 ELEVATED pairs=39096 evals=784 644s
[555033.8] V6_E2_R1440: step 58 RELOCATED pairs=39067 evals=800 655s
[555043.0] V6_E2_R1440: step 59 PREFIX_EVALUATED_NO_WINNER_DEFERRED pairs=39067 evals=816 664s
[555056.5] V6_E2_R1440: step 60 ELEVATED pairs=38932 evals=832 677s
[555066.6] V6_E2_R1440: step 61 RELOCATED pairs=38885 evals=848 687s
[555075.9] V6_E2_R1440: step 62 PREFIX_EVALUATED_NO_WINNER_DEFERRED pairs=38885 evals=864 697s
[555087.5] V6_E2_R1440: step 63 ELEVATED pairs=38769 evals=880 708s
[555098.4] V6_E2_R1440: step 64 RELOCATED pairs=38709 evals=896 719s
[555107.9] V6_E2_R1440: step 65 PREFIX_EVALUATED_NO_WINNER_DEFERRED pairs=38709 evals=912 729s
[555128.1] V6_E2_R1440: step 66 ELEVATED pairs=38505 evals=928 749s
[555142.5] V6_E2_R1440: step 67 PREFIX_EVALUATED_NO_WINNER_DEFERRED pairs=38505 evals=944 763s
[555151.6] V6_E2_R1440: step 68 PREFIX_EVALUATED_NO_WINNER_DEFERRED pairs=38505 evals=960 772s
[555160.6] V6_E2_R1440: step 69 ELEVATED pairs=38277 evals=976 781s
[555174.9] V6_E2_R1440: step 70 PREFIX_EVALUATED_NO_WINNER_DEFERRED pairs=38277 evals=992 796s
[555183.9] V6_E2_R1440: step 71 PREFIX_EVALUATED_NO_WINNER_DEFERRED pairs=38277 evals=1008 805s
[555197.5] V6_E2_R1440: step 72 ELEVATED pairs=38140 evals=1024 818s
[555212.5] V6_E2_R1440: step 73 PREFIX_EVALUATED_NO_WINNER_DEFERRED pairs=38140 evals=1040 833s
[555229.2] V6_E2_R1440: step 74 RELOCATED pairs=38100 evals=1056 850s
[555238.4] V6_E2_R1440: step 75 ELEVATED pairs=37873 evals=1072 859s
[555253.1] V6_E2_R1440: step 76 PREFIX_EVALUATED_NO_WINNER_DEFERRED pairs=37873 evals=1088 874s
[555263.6] V6_E2_R1440: step 77 PREFIX_EVALUATED_NO_WINNER_DEFERRED pairs=37873 evals=1104 884s
[555277.7] V6_E2_R1440: step 78 ELEVATED pairs=37669 evals=1120 898s
[555291.2] V6_E2_R1440: step 79 PREFIX_EVALUATED_NO_WINNER_DEFERRED pairs=37669 evals=1136 912s
[555307.1] V6_E2_R1440: step 80 RELOCATED pairs=37631 evals=1152 928s
[555315.9] V6_E2_R1440: step 81 ELEVATED pairs=37405 evals=1168 937s
[555329.4] V6_E2_R1440: step 82 PREFIX_EVALUATED_NO_WINNER_DEFERRED pairs=37405 evals=1184 950s
[555345.9] V6_E2_R1440: step 83 RELOCATED pairs=37369 evals=1200 967s
[555356.1] V6_E2_R1440: step 84 ELEVATED pairs=37160 evals=1216 977s
[555369.7] V6_E2_R1440: step 85 PREFIX_EVALUATED_NO_WINNER_DEFERRED pairs=37160 evals=1232 990s
[555379.5] V6_E2_R1440: step 86 PREFIX_EVALUATED_NO_WINNER_DEFERRED pairs=37160 evals=1248 1000s
[555388.9] V6_E2_R1440: step 87 ELEVATED pairs=36946 evals=1264 1010s
[555401.9] V6_E2_R1440: step 88 PREFIX_EVALUATED_NO_WINNER_DEFERRED pairs=36946 evals=1280 1023s
[555411.8] V6_E2_R1440: step 89 PREFIX_EVALUATED_NO_WINNER_DEFERRED pairs=36946 evals=1296 1032s
[555412.1] V6_E2_R1440: step 90 NO_CANDIDATES_GENERATED pairs=36946 evals=1296 1033s
[555422.1] V6_E2_R1440: step 91 PREFIX_EVALUATED_NO_WINNER_DEFERRED pairs=36946 evals=1312 1043s
[555437.2] V6_E2_R1440: step 92 RELOCATED pairs=36908 evals=1328 1058s
[555437.6] V6_E2_R1440: step 93 NO_CANDIDATES_GENERATED pairs=36908 evals=1328 1058s
[555450.7] V6_E2_R1440: step 94 PREFIX_EVALUATED_NO_WINNER_DEFERRED pairs=36908 evals=1344 1071s
[555460.5] V6_E2_R1440: step 95 PREFIX_EVALUATED_NO_WINNER_DEFERRED pairs=36908 evals=1360 1081s
[555470.4] V6_E2_R1440: step 96 ELEVATED pairs=36714 evals=1376 1091s
[555483.2] V6_E2_R1440: step 97 PREFIX_EVALUATED_NO_WINNER_DEFERRED pairs=36714 evals=1392 1104s
[555493.1] V6_E2_R1440: step 98 PREFIX_EVALUATED_NO_WINNER_DEFERRED pairs=36714 evals=1408 1114s
[555503.6] V6_E2_R1440: step 99 ELEVATED pairs=36520 evals=1424 1124s
[555517.3] V6_E2_R1440: step 100 PREFIX_EVALUATED_NO_WINNER_DEFERRED pairs=36520 evals=1440 1138s
[555518.2] V6_E2_R1440: step 101 ABORTED_CANDIDATE_BUDGET pairs=36520 evals=1440 1139s
[555518.7] V6_E2_R1440: done final=36520 moves=39 first=30 reloc=9 ret=0 evals=1440 stop=CANDIDATE_BUDGET_EXHAUSTED
[555579.6] V6_E2_R1440: recheck PASS checks=130816
