[556425.0] V7_T1_N1440: start mode=N budget=1440 spec={"name": "V7_T1", "target_policy": "LEGACY", "evaluation_policy": "E2_ORDERED_K16", "traversal_policy": "BASE", "max_targets": 2000, "k_per_target": 16, "family_round_robin": false, "relocation_side_reserve": 0, "waiting_age": false, "route_coverage": false, "multi_anchor": false, "exact_dedup": false, "decision_cache": false, "return_action": false, "cache_structural_skips": false, "window_slack_mm": 1e-05, "notes": ""}
[556425.0] V7_T1_N1440: start state=main C:\Users\lihao\Desktop\Graduation Project\OpticalWaveguideRouter3D\outputs\3d_strategy_v3\512_ablation\D_both_enabled pairs=42909
[556433.7] V7_T1_N1440: INITIAL_DONE pairs=42909
[556434.0] V7_T1_N1440: step 1 NO_CANDIDATES_GENERATED pairs=42909 evals=0 1s
[556434.3] V7_T1_N1440: step 2 NO_CANDIDATES_GENERATED pairs=42909 evals=0 1s
[556446.5] V7_T1_N1440: step 3 ELEVATED pairs=42661 evals=16 13s
[556465.6] V7_T1_N1440: step 4 ELEVATED pairs=42487 evals=32 32s
[556483.9] V7_T1_N1440: step 5 ELEVATED pairs=42305 evals=48 51s
[556500.7] V7_T1_N1440: step 6 ELEVATED pairs=42121 evals=64 67s
[556518.9] V7_T1_N1440: step 7 ELEVATED pairs=41936 evals=80 85s
[556534.3] V7_T1_N1440: step 8 ELEVATED pairs=41680 evals=96 101s
[556551.2] V7_T1_N1440: step 9 ELEVATED pairs=41486 evals=112 118s
[556562.5] V7_T1_N1440: step 10 ELEVATED pairs=41225 evals=128 129s
[556585.9] V7_T1_N1440: step 11 ELEVATED pairs=41046 evals=144 153s
[556607.6] V7_T1_N1440: step 12 ELEVATED pairs=40867 evals=160 174s
[556617.5] V7_T1_N1440: step 13 ELEVATED pairs=40628 evals=176 184s
[556631.1] V7_T1_N1440: step 14 ELEVATED pairs=40377 evals=192 198s
[556640.6] V7_T1_N1440: step 15 ELEVATED pairs=40136 evals=208 207s
[556654.3] V7_T1_N1440: step 16 ELEVATED pairs=39887 evals=224 221s
[556668.0] V7_T1_N1440: step 17 ELEVATED pairs=39640 evals=240 235s
[556680.9] V7_T1_N1440: step 18 ELEVATED pairs=39399 evals=256 247s
[556694.7] V7_T1_N1440: step 19 ELEVATED pairs=39175 evals=272 261s
[556708.3] V7_T1_N1440: step 20 ELEVATED pairs=38969 evals=288 275s
[556726.0] V7_T1_N1440: step 21 ELEVATED pairs=38811 evals=304 293s
[556739.8] V7_T1_N1440: step 22 ELEVATED pairs=38668 evals=320 306s
[556752.7] V7_T1_N1440: step 23 ELEVATED pairs=38466 evals=336 319s
[556765.9] V7_T1_N1440: step 24 ELEVATED pairs=38332 evals=352 332s
[556777.0] V7_T1_N1440: step 25 ELEVATED pairs=38108 evals=368 344s
[556791.5] V7_T1_N1440: step 26 ELEVATED pairs=37974 evals=384 358s
[556803.2] V7_T1_N1440: step 27 ELEVATED pairs=37771 evals=400 370s
[556814.9] V7_T1_N1440: step 28 ELEVATED pairs=37568 evals=416 381s
[556824.7] V7_T1_N1440: step 29 ELEVATED pairs=37338 evals=432 391s
[556834.4] V7_T1_N1440: step 30 ELEVATED pairs=37110 evals=448 401s
[556847.3] V7_T1_N1440: step 31 ELEVATED pairs=36910 evals=464 414s
[556856.7] V7_T1_N1440: step 32 ELEVATED pairs=36684 evals=480 423s
[556869.1] V7_T1_N1440: step 33 ELEVATED pairs=36466 evals=496 436s
[556881.4] V7_T1_N1440: step 34 ELEVATED pairs=36269 evals=512 448s
[556902.3] V7_T1_N1440: step 35 ELEVATED pairs=36073 evals=528 469s
[556917.1] V7_T1_N1440: step 36 ELEVATED pairs=35887 evals=544 484s
[556929.1] V7_T1_N1440: step 37 ELEVATED pairs=35774 evals=560 496s
[556942.6] V7_T1_N1440: step 38 ELEVATED pairs=35543 evals=576 509s
[556953.8] V7_T1_N1440: step 39 ELEVATED pairs=35343 evals=592 520s
[556967.4] V7_T1_N1440: step 40 ELEVATED pairs=35138 evals=608 534s
[556967.6] V7_T1_N1440: step 41 NO_CANDIDATES_GENERATED pairs=35138 evals=608 534s
[556967.9] V7_T1_N1440: step 42 NO_CANDIDATES_GENERATED pairs=35138 evals=608 534s
[556982.2] V7_T1_N1440: step 43 ELEVATED pairs=34935 evals=624 549s
[556997.0] V7_T1_N1440: step 44 ELEVATED pairs=34734 evals=640 564s
[557007.2] V7_T1_N1440: step 45 ELEVATED pairs=34539 evals=656 574s
[557022.9] V7_T1_N1440: step 46 ELEVATED pairs=34340 evals=672 589s
[557038.7] V7_T1_N1440: step 47 ELEVATED pairs=34143 evals=688 605s
[557053.2] V7_T1_N1440: step 48 ELEVATED pairs=33933 evals=704 620s
[557070.6] V7_T1_N1440: step 49 ELEVATED pairs=33738 evals=720 637s
[557084.9] V7_T1_N1440: step 50 ELEVATED pairs=33530 evals=736 651s
[557097.1] V7_T1_N1440: step 51 ELEVATED pairs=33326 evals=752 664s
[557115.4] V7_T1_N1440: step 52 ELEVATED pairs=33133 evals=768 682s
[557129.7] V7_T1_N1440: step 53 ELEVATED pairs=32926 evals=784 696s
[557148.7] V7_T1_N1440: step 54 ELEVATED pairs=32735 evals=800 715s
[557163.4] V7_T1_N1440: step 55 ELEVATED pairs=32530 evals=816 730s
[557183.3] V7_T1_N1440: step 56 ELEVATED pairs=32341 evals=832 750s
[557197.1] V7_T1_N1440: step 57 ELEVATED pairs=32137 evals=848 764s
[557215.4] V7_T1_N1440: step 58 ELEVATED pairs=31950 evals=864 782s
[557224.1] V7_T1_N1440: step 59 ELEVATED pairs=31792 evals=880 791s
[557237.3] V7_T1_N1440: step 60 ELEVATED pairs=31590 evals=896 804s
[557250.5] V7_T1_N1440: step 61 ELEVATED pairs=31389 evals=912 817s
[557262.1] V7_T1_N1440: step 62 ELEVATED pairs=31226 evals=928 829s
[557275.0] V7_T1_N1440: step 63 ELEVATED pairs=31027 evals=944 842s
[557288.1] V7_T1_N1440: step 64 ELEVATED pairs=30829 evals=960 855s
[557288.4] V7_T1_N1440: step 65 NO_CANDIDATES_GENERATED pairs=30829 evals=960 855s
[557288.6] V7_T1_N1440: step 66 NO_CANDIDATES_GENERATED pairs=30829 evals=960 855s
[557288.9] V7_T1_N1440: step 67 NO_CANDIDATES_GENERATED pairs=30829 evals=960 855s
[557301.8] V7_T1_N1440: step 68 ELEVATED pairs=30633 evals=976 868s
[557313.3] V7_T1_N1440: step 69 ELEVATED pairs=30481 evals=992 880s
[557324.2] V7_T1_N1440: step 70 ELEVATED pairs=30367 evals=1008 891s
[557337.4] V7_T1_N1440: step 71 ELEVATED pairs=30214 evals=1024 904s
[557346.0] V7_T1_N1440: step 72 ELEVATED pairs=30030 evals=1033 913s
[557358.7] V7_T1_N1440: step 73 ELEVATED pairs=29879 evals=1049 925s
[557367.1] V7_T1_N1440: step 74 ELEVATED pairs=29697 evals=1058 934s
[557379.5] V7_T1_N1440: step 75 ELEVATED pairs=29548 evals=1074 946s
[557388.1] V7_T1_N1440: step 76 ELEVATED pairs=29368 evals=1083 955s
[557396.2] V7_T1_N1440: step 77 ELEVATED pairs=29190 evals=1092 963s
[557418.4] V7_T1_N1440: step 78 ELEVATED pairs=28961 evals=1108 985s
[557425.9] V7_T1_N1440: step 79 ELEVATED pairs=28776 evals=1124 993s
[557433.5] V7_T1_N1440: step 80 ELEVATED pairs=28593 evals=1140 1000s
[557440.9] V7_T1_N1440: step 81 ELEVATED pairs=28412 evals=1156 1007s
[557448.8] V7_T1_N1440: step 82 ELEVATED pairs=28233 evals=1172 1015s
[557456.8] V7_T1_N1440: step 83 ELEVATED pairs=28134 evals=1188 1023s
[557467.3] V7_T1_N1440: step 84 ELEVATED pairs=28022 evals=1204 1034s
[557475.3] V7_T1_N1440: step 85 ELEVATED pairs=27902 evals=1220 1042s
[557483.4] V7_T1_N1440: step 86 ELEVATED pairs=27782 evals=1236 1050s
[557491.4] V7_T1_N1440: step 87 ELEVATED pairs=27662 evals=1252 1058s
[557499.2] V7_T1_N1440: step 88 ELEVATED pairs=27514 evals=1268 1066s
[557507.0] V7_T1_N1440: step 89 ELEVATED pairs=27394 evals=1284 1074s
[557516.4] V7_T1_N1440: step 90 ELEVATED pairs=27248 evals=1300 1083s
[557526.5] V7_T1_N1440: step 91 ELEVATED pairs=27092 evals=1316 1093s
[557535.8] V7_T1_N1440: step 92 PREFIX_EVALUATED_NO_WINNER_DEFERRED pairs=27092 evals=1332 1102s
[557545.3] V7_T1_N1440: step 93 ELEVATED pairs=26951 evals=1348 1112s
[557554.5] V7_T1_N1440: step 94 PREFIX_EVALUATED_NO_WINNER_DEFERRED pairs=26951 evals=1364 1121s
[557564.2] V7_T1_N1440: step 95 ELEVATED pairs=26895 evals=1380 1131s
[557574.5] V7_T1_N1440: step 96 ELEVATED pairs=26781 evals=1396 1141s
[557587.5] V7_T1_N1440: step 97 ELEVATED pairs=26690 evals=1412 1154s
[557599.1] V7_T1_N1440: step 98 ELEVATED pairs=26525 evals=1428 1166s
[557606.1] V7_T1_N1440: step 99 ELEVATED pairs=26437 evals=1440 1173s
[557606.7] V7_T1_N1440: done final=26437 moves=90 first=90 reloc=0 ret=0 evals=1440 stop=CANDIDATE_BUDGET_EXHAUSTED
[557681.3] V7_T1_N1440: recheck PASS checks=130816
