[558647.1] IDEA_C_N2880: start mode=N budget=2880 spec={"name": "IDEA_C", "target_policy": "LEGACY", "evaluation_policy": "E2_ORDERED_K16", "traversal_policy": "BASE", "max_targets": 200, "k_per_target": 16, "family_round_robin": false, "relocation_side_reserve": 0, "waiting_age": true, "route_coverage": false, "multi_anchor": false, "exact_dedup": false, "decision_cache": false, "return_action": false, "cache_structural_skips": false, "window_slack_mm": 1e-05, "notes": ""}
[558647.1] IDEA_C_N2880: start state=main C:\Users\lihao\Desktop\Graduation Project\OpticalWaveguideRouter3D\outputs\3d_strategy_v3\512_ablation\D_both_enabled pairs=42909
[558654.9] IDEA_C_N2880: INITIAL_DONE pairs=42909
[558655.3] IDEA_C_N2880: step 1 NO_CANDIDATES_GENERATED pairs=42909 evals=0 1s
[558655.7] IDEA_C_N2880: step 2 NO_CANDIDATES_GENERATED pairs=42909 evals=0 1s
[558667.4] IDEA_C_N2880: step 3 ELEVATED pairs=42661 evals=16 13s
[558685.7] IDEA_C_N2880: step 4 ELEVATED pairs=42487 evals=32 31s
[558700.7] IDEA_C_N2880: step 5 ELEVATED pairs=42305 evals=48 46s
[558715.4] IDEA_C_N2880: step 6 ELEVATED pairs=42121 evals=64 61s
[558730.2] IDEA_C_N2880: step 7 ELEVATED pairs=41936 evals=80 76s
[558740.9] IDEA_C_N2880: step 8 ELEVATED pairs=41680 evals=96 86s
[558755.8] IDEA_C_N2880: step 9 ELEVATED pairs=41486 evals=112 101s
[558766.1] IDEA_C_N2880: step 10 ELEVATED pairs=41225 evals=128 111s
[558785.9] IDEA_C_N2880: step 11 ELEVATED pairs=41046 evals=144 131s
[558805.6] IDEA_C_N2880: step 12 ELEVATED pairs=40867 evals=160 151s
[558815.1] IDEA_C_N2880: step 13 ELEVATED pairs=40628 evals=176 160s
[558828.1] IDEA_C_N2880: step 14 ELEVATED pairs=40377 evals=192 173s
[558837.1] IDEA_C_N2880: step 15 ELEVATED pairs=40136 evals=208 182s
[558850.1] IDEA_C_N2880: step 16 ELEVATED pairs=39887 evals=224 195s
[558863.6] IDEA_C_N2880: step 17 ELEVATED pairs=39640 evals=240 209s
[558876.7] IDEA_C_N2880: step 18 ELEVATED pairs=39399 evals=256 222s
[558890.5] IDEA_C_N2880: step 19 ELEVATED pairs=39175 evals=272 236s
[558903.4] IDEA_C_N2880: step 20 ELEVATED pairs=38969 evals=288 249s
[558920.3] IDEA_C_N2880: step 21 ELEVATED pairs=38811 evals=304 266s
[558933.7] IDEA_C_N2880: step 22 ELEVATED pairs=38668 evals=320 279s
[558946.1] IDEA_C_N2880: step 23 ELEVATED pairs=38466 evals=336 291s
[558958.5] IDEA_C_N2880: step 24 ELEVATED pairs=38332 evals=352 304s
[558968.6] IDEA_C_N2880: step 25 ELEVATED pairs=38108 evals=368 314s
[558981.1] IDEA_C_N2880: step 26 ELEVATED pairs=37974 evals=384 326s
[558991.5] IDEA_C_N2880: step 27 ELEVATED pairs=37771 evals=400 337s
[559001.9] IDEA_C_N2880: step 28 ELEVATED pairs=37568 evals=416 347s
[559010.8] IDEA_C_N2880: step 29 ELEVATED pairs=37338 evals=432 356s
[559019.8] IDEA_C_N2880: step 30 ELEVATED pairs=37110 evals=448 365s
[559031.7] IDEA_C_N2880: step 31 ELEVATED pairs=36910 evals=464 377s
[559040.7] IDEA_C_N2880: step 32 ELEVATED pairs=36684 evals=480 386s
[559052.3] IDEA_C_N2880: step 33 ELEVATED pairs=36466 evals=496 398s
[559063.8] IDEA_C_N2880: step 34 ELEVATED pairs=36269 evals=512 409s
[559083.5] IDEA_C_N2880: step 35 ELEVATED pairs=36073 evals=528 429s
[559097.6] IDEA_C_N2880: step 36 ELEVATED pairs=35887 evals=544 443s
[559109.2] IDEA_C_N2880: step 37 ELEVATED pairs=35774 evals=560 455s
[559122.0] IDEA_C_N2880: step 38 ELEVATED pairs=35543 evals=576 467s
[559132.5] IDEA_C_N2880: step 39 ELEVATED pairs=35343 evals=592 478s
[559145.2] IDEA_C_N2880: step 40 ELEVATED pairs=35138 evals=608 491s
[559145.5] IDEA_C_N2880: step 41 NO_CANDIDATES_GENERATED pairs=35138 evals=608 491s
[559145.7] IDEA_C_N2880: step 42 NO_CANDIDATES_GENERATED pairs=35138 evals=608 491s
[559159.1] IDEA_C_N2880: step 43 ELEVATED pairs=34935 evals=624 504s
[559172.9] IDEA_C_N2880: step 44 ELEVATED pairs=34734 evals=640 518s
[559182.7] IDEA_C_N2880: step 45 ELEVATED pairs=34539 evals=656 528s
[559197.8] IDEA_C_N2880: step 46 ELEVATED pairs=34340 evals=672 543s
[559212.9] IDEA_C_N2880: step 47 ELEVATED pairs=34143 evals=688 558s
[559227.0] IDEA_C_N2880: step 48 ELEVATED pairs=33933 evals=704 572s
[559244.2] IDEA_C_N2880: step 49 ELEVATED pairs=33738 evals=720 590s
[559258.3] IDEA_C_N2880: step 50 ELEVATED pairs=33530 evals=736 604s
[559270.1] IDEA_C_N2880: step 51 ELEVATED pairs=33326 evals=752 615s
[559287.5] IDEA_C_N2880: step 52 ELEVATED pairs=33133 evals=768 633s
[559301.2] IDEA_C_N2880: step 53 ELEVATED pairs=32926 evals=784 647s
[559319.0] IDEA_C_N2880: step 54 ELEVATED pairs=32735 evals=800 664s
[559331.3] IDEA_C_N2880: step 55 ELEVATED pairs=32530 evals=816 677s
[559347.8] IDEA_C_N2880: step 56 ELEVATED pairs=32341 evals=832 693s
[559360.3] IDEA_C_N2880: step 57 ELEVATED pairs=32137 evals=848 706s
[559377.4] IDEA_C_N2880: step 58 ELEVATED pairs=31950 evals=864 723s
[559385.6] IDEA_C_N2880: step 59 ELEVATED pairs=31792 evals=880 731s
[559397.8] IDEA_C_N2880: step 60 ELEVATED pairs=31590 evals=896 743s
[559410.2] IDEA_C_N2880: step 61 ELEVATED pairs=31389 evals=912 756s
[559421.3] IDEA_C_N2880: step 62 ELEVATED pairs=31226 evals=928 767s
[559449.6] IDEA_C_N2880: step 63 ELEVATED pairs=31027 evals=944 795s
[559468.8] IDEA_C_N2880: step 64 ELEVATED pairs=30829 evals=960 814s
[559469.9] IDEA_C_N2880: step 65 NO_CANDIDATES_GENERATED pairs=30829 evals=960 815s
[559470.7] IDEA_C_N2880: step 66 NO_CANDIDATES_GENERATED pairs=30829 evals=960 816s
[559471.8] IDEA_C_N2880: step 67 NO_CANDIDATES_GENERATED pairs=30829 evals=960 817s
[559496.4] IDEA_C_N2880: step 68 ELEVATED pairs=30633 evals=976 842s
[559513.8] IDEA_C_N2880: step 69 ELEVATED pairs=30481 evals=992 859s
[559530.0] IDEA_C_N2880: step 70 ELEVATED pairs=30367 evals=1008 875s
[559548.2] IDEA_C_N2880: step 71 ELEVATED pairs=30214 evals=1024 894s
[559562.7] IDEA_C_N2880: step 72 ELEVATED pairs=30030 evals=1033 908s
[559581.7] IDEA_C_N2880: step 73 ELEVATED pairs=29879 evals=1049 927s
[559593.8] IDEA_C_N2880: step 74 ELEVATED pairs=29697 evals=1058 939s
[559614.1] IDEA_C_N2880: step 75 ELEVATED pairs=29548 evals=1074 959s
[559631.0] IDEA_C_N2880: step 76 ELEVATED pairs=29368 evals=1083 976s
[559646.8] IDEA_C_N2880: step 77 ELEVATED pairs=29190 evals=1092 992s
[559679.0] IDEA_C_N2880: step 78 ELEVATED pairs=28961 evals=1108 1024s
[559688.7] IDEA_C_N2880: step 79 ELEVATED pairs=28776 evals=1124 1034s
[559701.2] IDEA_C_N2880: step 80 ELEVATED pairs=28593 evals=1140 1047s
[559711.7] IDEA_C_N2880: step 81 ELEVATED pairs=28412 evals=1156 1057s
[559722.9] IDEA_C_N2880: step 82 ELEVATED pairs=28233 evals=1172 1068s
[559736.6] IDEA_C_N2880: step 83 ELEVATED pairs=28134 evals=1188 1082s
[559754.7] IDEA_C_N2880: step 84 ELEVATED pairs=28022 evals=1204 1100s
[559767.8] IDEA_C_N2880: step 85 ELEVATED pairs=27902 evals=1220 1113s
[559781.9] IDEA_C_N2880: step 86 ELEVATED pairs=27782 evals=1236 1127s
[559794.9] IDEA_C_N2880: step 87 ELEVATED pairs=27662 evals=1252 1140s
[559808.6] IDEA_C_N2880: step 88 ELEVATED pairs=27514 evals=1268 1154s
[559823.1] IDEA_C_N2880: step 89 ELEVATED pairs=27394 evals=1284 1168s
[559840.6] IDEA_C_N2880: step 90 ELEVATED pairs=27248 evals=1300 1186s
[559859.6] IDEA_C_N2880: step 91 ELEVATED pairs=27092 evals=1316 1205s
[559872.0] IDEA_C_N2880: step 92 PREFIX_EVALUATED_NO_WINNER_DEFERRED pairs=27092 evals=1332 1217s
[559887.3] IDEA_C_N2880: step 93 ELEVATED pairs=26951 evals=1348 1233s
[559904.5] IDEA_C_N2880: step 94 PREFIX_EVALUATED_NO_WINNER_DEFERRED pairs=26951 evals=1364 1250s
[559918.9] IDEA_C_N2880: step 95 ELEVATED pairs=26895 evals=1380 1264s
[559933.1] IDEA_C_N2880: step 96 ELEVATED pairs=26781 evals=1396 1278s
[559951.1] IDEA_C_N2880: step 97 ELEVATED pairs=26690 evals=1412 1296s
[559971.7] IDEA_C_N2880: step 98 ELEVATED pairs=26525 evals=1428 1317s
[559988.8] IDEA_C_N2880: step 99 ELEVATED pairs=26436 evals=1444 1334s
[560005.8] IDEA_C_N2880: step 100 ELEVATED pairs=26273 evals=1460 1351s
[560030.4] IDEA_C_N2880: step 101 ELEVATED pairs=26112 evals=1476 1376s
[560042.9] IDEA_C_N2880: step 102 ELEVATED pairs=26016 evals=1492 1388s
[560062.9] IDEA_C_N2880: step 103 ELEVATED pairs=25857 evals=1508 1408s
[560079.0] IDEA_C_N2880: step 104 ELEVATED pairs=25803 evals=1524 1424s
[560096.5] IDEA_C_N2880: step 105 ELEVATED pairs=25644 evals=1540 1442s
[560114.1] IDEA_C_N2880: step 106 ELEVATED pairs=25487 evals=1556 1459s
[560125.4] IDEA_C_N2880: step 107 ELEVATED pairs=25361 evals=1572 1471s
[560143.6] IDEA_C_N2880: step 108 ELEVATED pairs=25207 evals=1588 1489s
[560156.8] IDEA_C_N2880: step 109 ELEVATED pairs=25144 evals=1604 1502s
[560168.9] IDEA_C_N2880: step 110 ELEVATED pairs=24969 evals=1620 1514s
[560180.3] IDEA_C_N2880: step 111 ELEVATED pairs=24796 evals=1636 1526s
[560195.1] IDEA_C_N2880: step 112 ELEVATED pairs=24735 evals=1652 1540s
[560224.0] IDEA_C_N2880: step 113 ELEVATED pairs=24607 evals=1668 1569s
[560253.8] IDEA_C_N2880: step 114 ELEVATED pairs=24481 evals=1684 1599s
[560269.5] IDEA_C_N2880: step 115 ELEVATED pairs=24411 evals=1700 1615s
[560287.3] IDEA_C_N2880: step 116 ELEVATED pairs=24317 evals=1709 1633s
[560315.3] IDEA_C_N2880: step 117 ELEVATED pairs=24173 evals=1725 1661s
[560327.9] IDEA_C_N2880: step 118 ELEVATED pairs=24079 evals=1741 1673s
[560350.5] IDEA_C_N2880: step 119 ELEVATED pairs=23935 evals=1757 1696s
[560371.8] IDEA_C_N2880: step 120 ELEVATED pairs=23791 evals=1773 1717s
[560382.3] IDEA_C_N2880: step 121 ELEVATED pairs=23698 evals=1789 1728s
[560402.3] IDEA_C_N2880: step 122 ELEVATED pairs=23554 evals=1805 1748s
[560435.0] IDEA_C_N2880: step 123 ELEVATED pairs=23440 evals=1821 1780s
[560451.3] IDEA_C_N2880: step 124 ELEVATED pairs=23259 evals=1837 1797s
[560483.1] IDEA_C_N2880: step 125 ELEVATED pairs=23145 evals=1853 1828s
[560515.2] IDEA_C_N2880: step 126 ELEVATED pairs=23031 evals=1869 1861s
[560534.5] IDEA_C_N2880: step 127 ELEVATED pairs=22866 evals=1885 1880s
[560563.8] IDEA_C_N2880: step 128 ELEVATED pairs=22752 evals=1901 1909s
[560583.7] IDEA_C_N2880: step 129 ELEVATED pairs=22589 evals=1917 1929s
[560606.6] IDEA_C_N2880: step 130 ELEVATED pairs=22428 evals=1933 1952s
[560630.8] IDEA_C_N2880: step 131 ELEVATED pairs=22269 evals=1949 1976s
[560642.7] IDEA_C_N2880: step 132 ELEVATED pairs=22187 evals=1965 1988s
[560653.6] IDEA_C_N2880: step 133 ELEVATED pairs=22053 evals=1981 1999s
[560664.4] IDEA_C_N2880: step 134 ELEVATED pairs=21921 evals=1997 2010s
[560681.6] IDEA_C_N2880: step 135 ELEVATED pairs=21793 evals=2013 2027s
[560692.6] IDEA_C_N2880: step 136 ELEVATED pairs=21663 evals=2029 2038s
[560703.0] IDEA_C_N2880: step 137 ELEVATED pairs=21599 evals=2045 2048s
[560713.5] IDEA_C_N2880: step 138 ELEVATED pairs=21536 evals=2061 2059s
[560724.0] IDEA_C_N2880: step 139 ELEVATED pairs=21473 evals=2077 2069s
[560732.8] IDEA_C_N2880: step 140 ELEVATED pairs=21404 evals=2093 2078s
[560741.6] IDEA_C_N2880: step 141 ELEVATED pairs=21335 evals=2109 2087s
[560750.9] IDEA_C_N2880: step 142 ELEVATED pairs=21266 evals=2125 2096s
[560760.1] IDEA_C_N2880: step 143 ELEVATED pairs=21197 evals=2141 2105s
[560769.4] IDEA_C_N2880: step 144 PREFIX_EVALUATED_NO_WINNER_DEFERRED pairs=21197 evals=2157 2115s
[560791.3] IDEA_C_N2880: step 145 ELEVATED pairs=21078 evals=2173 2137s
[560800.8] IDEA_C_N2880: step 146 PREFIX_EVALUATED_NO_WINNER_DEFERRED pairs=21078 evals=2189 2146s
[560812.1] IDEA_C_N2880: step 147 ELEVATED pairs=21032 evals=2205 2157s
[560821.8] IDEA_C_N2880: step 148 PREFIX_EVALUATED_NO_WINNER_DEFERRED pairs=21032 evals=2221 2167s
[560833.3] IDEA_C_N2880: step 149 ELEVATED pairs=20986 evals=2237 2179s
[560842.7] IDEA_C_N2880: step 150 PREFIX_EVALUATED_NO_WINNER_DEFERRED pairs=20986 evals=2253 2188s
[560851.6] IDEA_C_N2880: step 151 ELEVATED pairs=20932 evals=2269 2197s
[560860.9] IDEA_C_N2880: step 152 PREFIX_EVALUATED_NO_WINNER_DEFERRED pairs=20932 evals=2285 2206s
[560869.7] IDEA_C_N2880: step 153 ELEVATED pairs=20865 evals=2301 2215s
[560879.1] IDEA_C_N2880: step 154 PREFIX_EVALUATED_NO_WINNER_DEFERRED pairs=20865 evals=2317 2224s
[560888.3] IDEA_C_N2880: step 155 ELEVATED pairs=20798 evals=2333 2234s
[560898.1] IDEA_C_N2880: step 156 PREFIX_EVALUATED_NO_WINNER_DEFERRED pairs=20798 evals=2349 2243s
[560906.7] IDEA_C_N2880: step 157 ELEVATED pairs=20731 evals=2365 2252s
[560916.5] IDEA_C_N2880: step 158 PREFIX_EVALUATED_NO_WINNER_DEFERRED pairs=20731 evals=2381 2262s
[560932.9] IDEA_C_N2880: step 159 ELEVATED pairs=20568 evals=2397 2278s
[560942.1] IDEA_C_N2880: step 160 PREFIX_EVALUATED_NO_WINNER_DEFERRED pairs=20568 evals=2413 2287s
[560950.1] IDEA_C_N2880: step 161 ELEVATED pairs=20508 evals=2429 2295s
[560958.8] IDEA_C_N2880: step 162 PREFIX_EVALUATED_NO_WINNER_DEFERRED pairs=20508 evals=2445 2304s
[560966.6] IDEA_C_N2880: step 163 ELEVATED pairs=20448 evals=2461 2312s
[560975.1] IDEA_C_N2880: step 164 PREFIX_EVALUATED_NO_WINNER_DEFERRED pairs=20448 evals=2477 2320s
[560989.7] IDEA_C_N2880: step 165 ELEVATED pairs=20287 evals=2493 2335s
[560998.2] IDEA_C_N2880: step 166 PREFIX_EVALUATED_NO_WINNER_DEFERRED pairs=20287 evals=2509 2344s
[561006.0] IDEA_C_N2880: step 167 ELEVATED pairs=20221 evals=2525 2351s
[561014.8] IDEA_C_N2880: step 168 PREFIX_EVALUATED_NO_WINNER_DEFERRED pairs=20221 evals=2541 2360s
[561031.8] IDEA_C_N2880: step 169 ELEVATED pairs=20062 evals=2557 2377s
[561041.9] IDEA_C_N2880: step 170 PREFIX_EVALUATED_NO_WINNER_DEFERRED pairs=20062 evals=2573 2387s
[561064.5] IDEA_C_N2880: step 171 ELEVATED pairs=19908 evals=2589 2410s
[561079.7] IDEA_C_N2880: step 172 ELEVATED pairs=19759 evals=2605 2425s
[561095.1] IDEA_C_N2880: step 173 ELEVATED pairs=19612 evals=2621 2440s
[561109.8] IDEA_C_N2880: step 174 ELEVATED pairs=19467 evals=2637 2455s
[561125.0] IDEA_C_N2880: step 175 ELEVATED pairs=19324 evals=2653 2470s
[561140.3] IDEA_C_N2880: step 176 ELEVATED pairs=19185 evals=2669 2486s
[561155.6] IDEA_C_N2880: step 177 ELEVATED pairs=19069 evals=2685 2501s
[561173.1] IDEA_C_N2880: step 178 ELEVATED pairs=18955 evals=2701 2518s
[561202.6] IDEA_C_N2880: step 179 ELEVATED pairs=18864 evals=2717 2548s
[561213.7] IDEA_C_N2880: step 180 PREFIX_EVALUATED_NO_WINNER_DEFERRED pairs=18864 evals=2733 2559s
[561242.1] IDEA_C_N2880: step 181 ELEVATED pairs=18774 evals=2749 2587s
[561253.1] IDEA_C_N2880: step 182 PREFIX_EVALUATED_NO_WINNER_DEFERRED pairs=18774 evals=2765 2598s
[561280.1] IDEA_C_N2880: step 183 ELEVATED pairs=18685 evals=2781 2625s
[561291.2] IDEA_C_N2880: step 184 PREFIX_EVALUATED_NO_WINNER_DEFERRED pairs=18685 evals=2797 2637s
[561316.7] IDEA_C_N2880: step 185 ELEVATED pairs=18596 evals=2813 2662s
[561327.9] IDEA_C_N2880: step 186 PREFIX_EVALUATED_NO_WINNER_DEFERRED pairs=18596 evals=2829 2673s
[561353.1] IDEA_C_N2880: step 187 ELEVATED pairs=18520 evals=2845 2698s
[561364.4] IDEA_C_N2880: step 188 PREFIX_EVALUATED_NO_WINNER_DEFERRED pairs=18520 evals=2861 2710s
[561389.5] IDEA_C_N2880: step 189 ELEVATED pairs=18444 evals=2877 2735s
[561392.2] IDEA_C_N2880: step 190 ABORTED_CANDIDATE_BUDGET pairs=18444 evals=2880 2738s
[561392.9] IDEA_C_N2880: done final=18444 moves=161 first=161 reloc=0 ret=0 evals=2880 stop=CANDIDATE_BUDGET_EXHAUSTED
[561496.5] IDEA_C_N2880: recheck PASS checks=130816
