[553073.7] V5_LEGACY_N2880: start mode=N budget=2880 spec={"name": "V5_LEGACY", "target_policy": "LEGACY", "evaluation_policy": "E0_EXHAUSTIVE", "traversal_policy": "BASE", "max_targets": 200, "k_per_target": 16, "family_round_robin": false, "relocation_side_reserve": 0, "waiting_age": false, "route_coverage": false, "multi_anchor": false, "exact_dedup": false, "decision_cache": false, "return_action": false, "cache_structural_skips": false, "window_slack_mm": 1e-05, "notes": ""}
[553073.7] V5_LEGACY_N2880: start state=main C:\Users\lihao\Desktop\Graduation Project\OpticalWaveguideRouter3D\outputs\3d_strategy_v3\512_ablation\D_both_enabled pairs=42909
[553079.4] V5_LEGACY_N2880: INITIAL_DONE pairs=42909
[553079.6] V5_LEGACY_N2880: step 1 NO_CANDIDATES_GENERATED pairs=42909 evals=0 0s
[553079.7] V5_LEGACY_N2880: step 2 NO_CANDIDATES_GENERATED pairs=42909 evals=0 0s
[553128.4] V5_LEGACY_N2880: step 3 ELEVATED pairs=42648 evals=72 49s
[553202.8] V5_LEGACY_N2880: step 4 ELEVATED pairs=42392 evals=144 123s
[553269.0] V5_LEGACY_N2880: step 5 ELEVATED pairs=42139 evals=216 190s
[553334.3] V5_LEGACY_N2880: step 6 ELEVATED pairs=41888 evals=288 255s
[553401.7] V5_LEGACY_N2880: step 7 ELEVATED pairs=41639 evals=360 322s
[553434.9] V5_LEGACY_N2880: step 8 ELEVATED pairs=41386 evals=396 356s
[553455.5] V5_LEGACY_N2880: step 9 ELEVATED pairs=41111 evals=432 376s
[553507.3] V5_LEGACY_N2880: step 10 ELEVATED pairs=40843 evals=486 428s
[553536.2] V5_LEGACY_N2880: step 11 ELEVATED pairs=40583 evals=540 457s
[553609.1] V5_LEGACY_N2880: step 12 ELEVATED pairs=40327 evals=639 530s
[553678.3] V5_LEGACY_N2880: step 13 ELEVATED pairs=40072 evals=738 599s
[553761.6] V5_LEGACY_N2880: step 14 ELEVATED pairs=39820 evals=837 682s
[553809.3] V5_LEGACY_N2880: step 15 ELEVATED pairs=39573 evals=891 730s
[553853.7] V5_LEGACY_N2880: step 16 ELEVATED pairs=39328 evals=945 774s
[553893.8] V5_LEGACY_N2880: step 17 ELEVATED pairs=39089 evals=999 814s
[553938.9] V5_LEGACY_N2880: step 18 ELEVATED pairs=38845 evals=1053 860s
[553990.4] V5_LEGACY_N2880: step 19 ELEVATED pairs=38610 evals=1107 911s
[554043.5] V5_LEGACY_N2880: step 20 ELEVATED pairs=38377 evals=1161 964s
[554099.3] V5_LEGACY_N2880: step 21 ELEVATED pairs=38148 evals=1233 1020s
[554118.8] V5_LEGACY_N2880: step 22 ELEVATED pairs=37908 evals=1269 1039s
[554172.4] V5_LEGACY_N2880: step 23 ELEVATED pairs=37686 evals=1341 1093s
[554189.6] V5_LEGACY_N2880: step 24 ELEVATED pairs=37453 evals=1377 1110s
[554206.3] V5_LEGACY_N2880: step 25 ELEVATED pairs=37222 evals=1413 1127s
[554241.4] V5_LEGACY_N2880: step 26 ELEVATED pairs=36995 evals=1467 1162s
[554259.4] V5_LEGACY_N2880: step 27 ELEVATED pairs=36766 evals=1503 1180s
[554289.7] V5_LEGACY_N2880: step 28 ELEVATED pairs=36540 evals=1557 1210s
[554303.9] V5_LEGACY_N2880: step 29 ELEVATED pairs=36313 evals=1593 1225s
[554344.0] V5_LEGACY_N2880: step 30 ELEVATED pairs=36089 evals=1647 1265s
[554411.4] V5_LEGACY_N2880: step 31 ELEVATED pairs=35873 evals=1719 1332s
[554490.3] V5_LEGACY_N2880: step 32 ELEVATED pairs=35658 evals=1791 1411s
[554540.4] V5_LEGACY_N2880: step 33 ELEVATED pairs=35435 evals=1845 1461s
[554540.5] V5_LEGACY_N2880: step 34 NO_CANDIDATES_GENERATED pairs=35435 evals=1845 1461s
[554540.7] V5_LEGACY_N2880: step 35 NO_CANDIDATES_GENERATED pairs=35435 evals=1845 1461s
[554612.7] V5_LEGACY_N2880: step 36 ELEVATED pairs=35227 evals=1917 1533s
[554680.8] V5_LEGACY_N2880: step 37 ELEVATED pairs=35021 evals=1989 1601s
[554757.8] V5_LEGACY_N2880: step 38 ELEVATED pairs=34820 evals=2061 1678s
[554791.7] V5_LEGACY_N2880: step 39 ELEVATED pairs=34617 evals=2115 1712s
[554840.6] V5_LEGACY_N2880: step 40 ELEVATED pairs=34402 evals=2169 1761s
[554848.1] V5_LEGACY_N2880: step 41 ELEVATED pairs=34196 evals=2178 1769s
[554855.3] V5_LEGACY_N2880: step 42 ELEVATED pairs=33992 evals=2187 1776s
[554862.8] V5_LEGACY_N2880: step 43 ELEVATED pairs=33790 evals=2196 1784s
[554994.2] V5_LEGACY_N2880: step 44 ELEVATED pairs=33577 evals=2322 1915s
[555001.9] V5_LEGACY_N2880: step 45 ELEVATED pairs=33377 evals=2331 1923s
[555056.8] V5_LEGACY_N2880: step 46 ELEVATED pairs=33167 evals=2385 1977s
[555064.4] V5_LEGACY_N2880: step 47 ELEVATED pairs=32969 evals=2394 1985s
[555072.1] V5_LEGACY_N2880: step 48 ELEVATED pairs=32773 evals=2403 1993s
[555079.6] V5_LEGACY_N2880: step 49 ELEVATED pairs=32579 evals=2412 2000s
[555113.9] V5_LEGACY_N2880: step 50 ELEVATED pairs=32374 evals=2457 2035s
[555121.4] V5_LEGACY_N2880: step 51 ELEVATED pairs=32182 evals=2466 2042s
[555121.7] V5_LEGACY_N2880: step 52 NO_CANDIDATES_GENERATED pairs=32182 evals=2466 2042s
[555121.9] V5_LEGACY_N2880: step 53 NO_CANDIDATES_GENERATED pairs=32182 evals=2466 2043s
[555210.9] V5_LEGACY_N2880: step 54 ELEVATED pairs=31992 evals=2538 2132s
[555263.0] V5_LEGACY_N2880: step 55 ELEVATED pairs=31790 evals=2610 2184s
[555263.2] V5_LEGACY_N2880: step 56 NO_CANDIDATES_GENERATED pairs=31790 evals=2610 2184s
[555263.4] V5_LEGACY_N2880: step 57 NO_CANDIDATES_GENERATED pairs=31790 evals=2610 2184s
[555263.5] V5_LEGACY_N2880: step 58 NO_CANDIDATES_GENERATED pairs=31790 evals=2610 2184s
[555263.7] V5_LEGACY_N2880: step 59 NO_CANDIDATES_GENERATED pairs=31790 evals=2610 2184s
[555263.8] V5_LEGACY_N2880: step 60 NO_CANDIDATES_GENERATED pairs=31790 evals=2610 2184s
[555263.9] V5_LEGACY_N2880: step 61 NO_CANDIDATES_GENERATED pairs=31790 evals=2610 2185s
[555322.9] V5_LEGACY_N2880: step 62 ELEVATED pairs=31590 evals=2682 2244s
[555380.8] V5_LEGACY_N2880: step 63 ELEVATED pairs=31392 evals=2754 2301s
[555437.2] V5_LEGACY_N2880: step 64 ELEVATED pairs=31196 evals=2826 2358s
[555476.4] V5_LEGACY_N2880: step 65 ELEVATED pairs=30999 evals=2880 2397s
[555476.9] V5_LEGACY_N2880: step 66 ABORTED_CANDIDATE_BUDGET pairs=30999 evals=2880 2398s
[555477.4] V5_LEGACY_N2880: done final=30999 moves=53 first=53 reloc=0 ret=0 evals=2880 stop=CANDIDATE_BUDGET_EXHAUSTED
[555545.8] V5_LEGACY_N2880: recheck PASS checks=130816
