[559496.2] IDEA_E_N2880: start mode=N budget=2880 spec={"name": "IDEA_E", "target_policy": "LEGACY", "evaluation_policy": "E2_ORDERED_K16", "traversal_policy": "BASE", "max_targets": 200, "k_per_target": 16, "family_round_robin": false, "relocation_side_reserve": 0, "waiting_age": false, "route_coverage": false, "multi_anchor": true, "exact_dedup": false, "decision_cache": false, "return_action": false, "cache_structural_skips": false, "window_slack_mm": 1e-05, "notes": ""}
[559496.2] IDEA_E_N2880: start state=main C:\Users\lihao\Desktop\Graduation Project\OpticalWaveguideRouter3D\outputs\3d_strategy_v3\512_ablation\D_both_enabled pairs=42909
[559508.8] IDEA_E_N2880: INITIAL_DONE pairs=42909
[559509.2] IDEA_E_N2880: step 1 NO_CANDIDATES_GENERATED pairs=42909 evals=0 1s
[559509.5] IDEA_E_N2880: step 2 NO_CANDIDATES_GENERATED pairs=42909 evals=0 1s
[559517.9] IDEA_E_N2880: step 3 ELEVATED pairs=42648 evals=16 9s
[559518.7] IDEA_E_N2880: step 4 NO_CANDIDATES_GENERATED pairs=42648 evals=16 10s
[559519.6] IDEA_E_N2880: step 5 NO_CANDIDATES_GENERATED pairs=42648 evals=16 11s
[559527.0] IDEA_E_N2880: step 6 ELEVATED pairs=42403 evals=25 19s
[559527.7] IDEA_E_N2880: step 7 NO_CANDIDATES_GENERATED pairs=42403 evals=25 19s
[559528.5] IDEA_E_N2880: step 8 NO_CANDIDATES_GENERATED pairs=42403 evals=25 20s
[559538.1] IDEA_E_N2880: step 9 ELEVATED pairs=42161 evals=34 30s
[559538.9] IDEA_E_N2880: step 10 NO_CANDIDATES_GENERATED pairs=42161 evals=34 30s
[559539.5] IDEA_E_N2880: step 11 NO_CANDIDATES_GENERATED pairs=42161 evals=34 31s
[559549.0] IDEA_E_N2880: step 12 ELEVATED pairs=41921 evals=43 41s
[559549.6] IDEA_E_N2880: step 13 NO_CANDIDATES_GENERATED pairs=41921 evals=43 41s
[559550.4] IDEA_E_N2880: step 14 NO_CANDIDATES_GENERATED pairs=41921 evals=43 42s
[559558.2] IDEA_E_N2880: step 15 ELEVATED pairs=41683 evals=52 50s
[559559.0] IDEA_E_N2880: step 16 NO_CANDIDATES_GENERATED pairs=41683 evals=52 51s
[559559.6] IDEA_E_N2880: step 17 NO_CANDIDATES_GENERATED pairs=41683 evals=52 51s
[559575.0] IDEA_E_N2880: step 18 ELEVATED pairs=41434 evals=68 67s
[559575.8] IDEA_E_N2880: step 19 NO_CANDIDATES_GENERATED pairs=41434 evals=68 67s
[559576.6] IDEA_E_N2880: step 20 NO_CANDIDATES_GENERATED pairs=41434 evals=68 68s
[559593.8] IDEA_E_N2880: step 21 ELEVATED pairs=41184 evals=84 85s
[559594.3] IDEA_E_N2880: step 22 NO_CANDIDATES_GENERATED pairs=41184 evals=84 86s
[559594.8] IDEA_E_N2880: step 23 NO_CANDIDATES_GENERATED pairs=41184 evals=84 86s
[559618.1] IDEA_E_N2880: step 24 ELEVATED pairs=40937 evals=100 110s
[559618.8] IDEA_E_N2880: step 25 NO_CANDIDATES_GENERATED pairs=40937 evals=100 110s
[559619.6] IDEA_E_N2880: step 26 NO_CANDIDATES_GENERATED pairs=40937 evals=100 111s
[559639.6] IDEA_E_N2880: step 27 ELEVATED pairs=40689 evals=116 131s
[559640.4] IDEA_E_N2880: step 28 NO_CANDIDATES_GENERATED pairs=40689 evals=116 132s
[559641.0] IDEA_E_N2880: step 29 NO_CANDIDATES_GENERATED pairs=40689 evals=116 133s
[559656.3] IDEA_E_N2880: step 30 ELEVATED pairs=40444 evals=132 148s
[559657.1] IDEA_E_N2880: step 31 NO_CANDIDATES_GENERATED pairs=40444 evals=132 149s
[559657.6] IDEA_E_N2880: step 32 NO_CANDIDATES_GENERATED pairs=40444 evals=132 149s
[559675.5] IDEA_E_N2880: step 33 ELEVATED pairs=40198 evals=148 167s
[559676.3] IDEA_E_N2880: step 34 NO_CANDIDATES_GENERATED pairs=40198 evals=148 168s
[559677.1] IDEA_E_N2880: step 35 NO_CANDIDATES_GENERATED pairs=40198 evals=148 169s
[559691.1] IDEA_E_N2880: step 36 ELEVATED pairs=39951 evals=164 183s
[559691.8] IDEA_E_N2880: step 37 NO_CANDIDATES_GENERATED pairs=39951 evals=164 183s
[559692.6] IDEA_E_N2880: step 38 NO_CANDIDATES_GENERATED pairs=39951 evals=164 184s
[559704.0] IDEA_E_N2880: step 39 ELEVATED pairs=39725 evals=173 196s
[559704.8] IDEA_E_N2880: step 40 NO_CANDIDATES_GENERATED pairs=39725 evals=173 196s
[559705.6] IDEA_E_N2880: step 41 NO_CANDIDATES_GENERATED pairs=39725 evals=173 197s
[559716.1] IDEA_E_N2880: step 42 ELEVATED pairs=39501 evals=182 208s
[559716.9] IDEA_E_N2880: step 43 NO_CANDIDATES_GENERATED pairs=39501 evals=182 208s
[559717.6] IDEA_E_N2880: step 44 NO_CANDIDATES_GENERATED pairs=39501 evals=182 209s
[559725.1] IDEA_E_N2880: step 45 ELEVATED pairs=39283 evals=191 217s
[559725.9] IDEA_E_N2880: step 46 NO_CANDIDATES_GENERATED pairs=39283 evals=191 217s
[559726.2] IDEA_E_N2880: step 47 NO_CANDIDATES_GENERATED pairs=39283 evals=191 218s
[559740.5] IDEA_E_N2880: step 48 ELEVATED pairs=39034 evals=207 232s
[559741.2] IDEA_E_N2880: step 49 NO_CANDIDATES_GENERATED pairs=39034 evals=207 233s
[559741.7] IDEA_E_N2880: step 50 NO_CANDIDATES_GENERATED pairs=39034 evals=207 233s
[559746.2] IDEA_E_N2880: step 51 ELEVATED pairs=38813 evals=216 238s
[559746.9] IDEA_E_N2880: step 52 NO_CANDIDATES_GENERATED pairs=38813 evals=216 239s
[559747.7] IDEA_E_N2880: step 53 NO_CANDIDATES_GENERATED pairs=38813 evals=216 239s
[559755.7] IDEA_E_N2880: step 54 ELEVATED pairs=38586 evals=232 247s
[559756.1] IDEA_E_N2880: step 55 NO_CANDIDATES_GENERATED pairs=38586 evals=232 248s
[559756.7] IDEA_E_N2880: step 56 NO_CANDIDATES_GENERATED pairs=38586 evals=232 248s
[559763.6] IDEA_E_N2880: step 57 ELEVATED pairs=38370 evals=241 255s
[559764.3] IDEA_E_N2880: step 58 NO_CANDIDATES_GENERATED pairs=38370 evals=241 256s
[559764.9] IDEA_E_N2880: step 59 NO_CANDIDATES_GENERATED pairs=38370 evals=241 256s
[559776.9] IDEA_E_N2880: step 60 ELEVATED pairs=38142 evals=257 268s
[559777.2] IDEA_E_N2880: step 61 NO_CANDIDATES_GENERATED pairs=38142 evals=257 269s
[559778.0] IDEA_E_N2880: step 62 NO_CANDIDATES_GENERATED pairs=38142 evals=257 270s
[559784.3] IDEA_E_N2880: step 63 ELEVATED pairs=37928 evals=266 276s
[559785.1] IDEA_E_N2880: step 64 NO_CANDIDATES_GENERATED pairs=37928 evals=266 277s
[559785.9] IDEA_E_N2880: step 65 NO_CANDIDATES_GENERATED pairs=37928 evals=266 277s
[559800.6] IDEA_E_N2880: step 66 ELEVATED pairs=37702 evals=282 292s
[559801.3] IDEA_E_N2880: step 67 NO_CANDIDATES_GENERATED pairs=37702 evals=282 293s
[559802.0] IDEA_E_N2880: step 68 NO_CANDIDATES_GENERATED pairs=37702 evals=282 294s
[559807.8] IDEA_E_N2880: step 69 ELEVATED pairs=37490 evals=291 299s
[559808.1] IDEA_E_N2880: step 70 NO_CANDIDATES_GENERATED pairs=37490 evals=291 300s
[559808.8] IDEA_E_N2880: step 71 NO_CANDIDATES_GENERATED pairs=37490 evals=291 300s
[559820.1] IDEA_E_N2880: step 72 ELEVATED pairs=37265 evals=307 312s
[559820.8] IDEA_E_N2880: step 73 NO_CANDIDATES_GENERATED pairs=37265 evals=307 312s
[559821.5] IDEA_E_N2880: step 74 NO_CANDIDATES_GENERATED pairs=37265 evals=307 313s
[559840.8] IDEA_E_N2880: step 75 ELEVATED pairs=37052 evals=323 332s
[559841.6] IDEA_E_N2880: step 76 NO_CANDIDATES_GENERATED pairs=37052 evals=323 333s
[559842.2] IDEA_E_N2880: step 77 NO_CANDIDATES_GENERATED pairs=37052 evals=323 334s
[559851.0] IDEA_E_N2880: step 78 ELEVATED pairs=36852 evals=332 343s
[559851.8] IDEA_E_N2880: step 79 NO_CANDIDATES_GENERATED pairs=36852 evals=332 343s
[559852.5] IDEA_E_N2880: step 80 NO_CANDIDATES_GENERATED pairs=36852 evals=332 344s
[559853.2] IDEA_E_N2880: step 81 NO_CANDIDATES_GENERATED pairs=36852 evals=332 345s
[559870.6] IDEA_E_N2880: step 82 ELEVATED pairs=36638 evals=348 362s
[559871.1] IDEA_E_N2880: step 83 NO_CANDIDATES_GENERATED pairs=36638 evals=348 363s
[559871.7] IDEA_E_N2880: step 84 NO_CANDIDATES_GENERATED pairs=36638 evals=348 363s
[559872.4] IDEA_E_N2880: step 85 NO_CANDIDATES_GENERATED pairs=36638 evals=348 364s
[559889.6] IDEA_E_N2880: step 86 ELEVATED pairs=36437 evals=364 381s
[559890.2] IDEA_E_N2880: step 87 NO_CANDIDATES_GENERATED pairs=36437 evals=364 382s
[559890.9] IDEA_E_N2880: step 88 NO_CANDIDATES_GENERATED pairs=36437 evals=364 383s
[559891.3] IDEA_E_N2880: step 89 NO_CANDIDATES_GENERATED pairs=36437 evals=364 383s
[559891.8] IDEA_E_N2880: step 90 NO_CANDIDATES_GENERATED pairs=36437 evals=364 383s
[559892.6] IDEA_E_N2880: step 91 NO_CANDIDATES_GENERATED pairs=36437 evals=364 384s
[559908.2] IDEA_E_N2880: step 92 ELEVATED pairs=36235 evals=380 400s
[559908.5] IDEA_E_N2880: step 93 NO_CANDIDATES_GENERATED pairs=36235 evals=380 400s
[559909.2] IDEA_E_N2880: step 94 NO_CANDIDATES_GENERATED pairs=36235 evals=380 401s
[559909.9] IDEA_E_N2880: step 95 NO_CANDIDATES_GENERATED pairs=36235 evals=380 401s
[559910.3] IDEA_E_N2880: step 96 NO_CANDIDATES_GENERATED pairs=36235 evals=380 402s
[559910.8] IDEA_E_N2880: step 97 NO_CANDIDATES_GENERATED pairs=36235 evals=380 402s
[559919.9] IDEA_E_N2880: step 98 ELEVATED pairs=36026 evals=396 412s
[559920.6] IDEA_E_N2880: step 99 NO_CANDIDATES_GENERATED pairs=36026 evals=396 412s
[559920.9] IDEA_E_N2880: step 100 NO_CANDIDATES_GENERATED pairs=36026 evals=396 413s
[559921.2] IDEA_E_N2880: step 101 NO_CANDIDATES_GENERATED pairs=36026 evals=396 413s
[559921.8] IDEA_E_N2880: step 102 NO_CANDIDATES_GENERATED pairs=36026 evals=396 413s
[559922.2] IDEA_E_N2880: step 103 NO_CANDIDATES_GENERATED pairs=36026 evals=396 414s
[559933.0] IDEA_E_N2880: step 104 ELEVATED pairs=35817 evals=412 425s
[559933.6] IDEA_E_N2880: step 105 NO_CANDIDATES_GENERATED pairs=35817 evals=412 425s
[559934.2] IDEA_E_N2880: step 106 NO_CANDIDATES_GENERATED pairs=35817 evals=412 426s
[559934.9] IDEA_E_N2880: step 107 NO_CANDIDATES_GENERATED pairs=35817 evals=412 427s
[559935.2] IDEA_E_N2880: step 108 NO_CANDIDATES_GENERATED pairs=35817 evals=412 427s
[559935.8] IDEA_E_N2880: step 109 NO_CANDIDATES_GENERATED pairs=35817 evals=412 427s
[559953.4] IDEA_E_N2880: step 110 ELEVATED pairs=35591 evals=428 445s
[559953.9] IDEA_E_N2880: step 111 NO_CANDIDATES_GENERATED pairs=35591 evals=428 445s
[559954.5] IDEA_E_N2880: step 112 NO_CANDIDATES_GENERATED pairs=35591 evals=428 446s
[559955.2] IDEA_E_N2880: step 113 NO_CANDIDATES_GENERATED pairs=35591 evals=428 447s
[559955.5] IDEA_E_N2880: step 114 NO_CANDIDATES_GENERATED pairs=35591 evals=428 447s
[559955.9] IDEA_E_N2880: step 115 NO_CANDIDATES_GENERATED pairs=35591 evals=428 448s
[559975.8] IDEA_E_N2880: step 116 ELEVATED pairs=35382 evals=444 467s
[559976.5] IDEA_E_N2880: step 117 NO_CANDIDATES_GENERATED pairs=35382 evals=444 468s
[559976.9] IDEA_E_N2880: step 118 NO_CANDIDATES_GENERATED pairs=35382 evals=444 468s
[559977.6] IDEA_E_N2880: step 119 NO_CANDIDATES_GENERATED pairs=35382 evals=444 469s
[559978.3] IDEA_E_N2880: step 120 NO_CANDIDATES_GENERATED pairs=35382 evals=444 470s
[559978.9] IDEA_E_N2880: step 121 NO_CANDIDATES_GENERATED pairs=35382 evals=444 471s
[559995.7] IDEA_E_N2880: step 122 ELEVATED pairs=35180 evals=460 487s
[559996.0] IDEA_E_N2880: step 123 NO_CANDIDATES_GENERATED pairs=35180 evals=460 488s
[559996.4] IDEA_E_N2880: step 124 NO_CANDIDATES_GENERATED pairs=35180 evals=460 488s
[559997.2] IDEA_E_N2880: step 125 NO_CANDIDATES_GENERATED pairs=35180 evals=460 489s
[559998.0] IDEA_E_N2880: step 126 NO_CANDIDATES_GENERATED pairs=35180 evals=460 490s
[559998.8] IDEA_E_N2880: step 127 NO_CANDIDATES_GENERATED pairs=35180 evals=460 490s
[560017.4] IDEA_E_N2880: step 128 ELEVATED pairs=34973 evals=476 509s
[560018.1] IDEA_E_N2880: step 129 NO_CANDIDATES_GENERATED pairs=34973 evals=476 510s
[560018.9] IDEA_E_N2880: step 130 NO_CANDIDATES_GENERATED pairs=34973 evals=476 510s
[560019.6] IDEA_E_N2880: step 131 NO_CANDIDATES_GENERATED pairs=34973 evals=476 511s
[560020.3] IDEA_E_N2880: step 132 NO_CANDIDATES_GENERATED pairs=34973 evals=476 512s
[560020.8] IDEA_E_N2880: step 133 NO_CANDIDATES_GENERATED pairs=34973 evals=476 512s
[560036.0] IDEA_E_N2880: step 134 ELEVATED pairs=34773 evals=492 528s
[560036.7] IDEA_E_N2880: step 135 NO_CANDIDATES_GENERATED pairs=34773 evals=492 528s
[560037.4] IDEA_E_N2880: step 136 NO_CANDIDATES_GENERATED pairs=34773 evals=492 529s
[560038.0] IDEA_E_N2880: step 137 NO_CANDIDATES_GENERATED pairs=34773 evals=492 530s
[560038.7] IDEA_E_N2880: step 138 NO_CANDIDATES_GENERATED pairs=34773 evals=492 530s
[560039.4] IDEA_E_N2880: step 139 NO_CANDIDATES_GENERATED pairs=34773 evals=492 531s
[560057.8] IDEA_E_N2880: step 140 ELEVATED pairs=34567 evals=508 549s
[560058.1] IDEA_E_N2880: step 141 NO_CANDIDATES_GENERATED pairs=34567 evals=508 550s
[560058.5] IDEA_E_N2880: step 142 NO_CANDIDATES_GENERATED pairs=34567 evals=508 550s
[560059.2] IDEA_E_N2880: step 143 NO_CANDIDATES_GENERATED pairs=34567 evals=508 551s
[560059.5] IDEA_E_N2880: step 144 NO_CANDIDATES_GENERATED pairs=34567 evals=508 551s
[560059.9] IDEA_E_N2880: step 145 NO_CANDIDATES_GENERATED pairs=34567 evals=508 551s
[560074.3] IDEA_E_N2880: step 146 ELEVATED pairs=34368 evals=524 566s
[560074.9] IDEA_E_N2880: step 147 NO_CANDIDATES_GENERATED pairs=34368 evals=524 567s
[560075.6] IDEA_E_N2880: step 148 NO_CANDIDATES_GENERATED pairs=34368 evals=524 567s
[560075.9] IDEA_E_N2880: step 149 NO_CANDIDATES_GENERATED pairs=34368 evals=524 568s
[560076.2] IDEA_E_N2880: step 150 NO_CANDIDATES_GENERATED pairs=34368 evals=524 568s
[560076.9] IDEA_E_N2880: step 151 NO_CANDIDATES_GENERATED pairs=34368 evals=524 569s
[560096.1] IDEA_E_N2880: step 152 ELEVATED pairs=34164 evals=540 588s
[560096.7] IDEA_E_N2880: step 153 NO_CANDIDATES_GENERATED pairs=34164 evals=540 588s
[560097.0] IDEA_E_N2880: step 154 NO_CANDIDATES_GENERATED pairs=34164 evals=540 589s
[560097.4] IDEA_E_N2880: step 155 NO_CANDIDATES_GENERATED pairs=34164 evals=540 589s
[560097.9] IDEA_E_N2880: step 156 NO_CANDIDATES_GENERATED pairs=34164 evals=540 589s
[560098.7] IDEA_E_N2880: step 157 NO_CANDIDATES_GENERATED pairs=34164 evals=540 590s
[560112.8] IDEA_E_N2880: step 158 ELEVATED pairs=33967 evals=556 604s
[560113.4] IDEA_E_N2880: step 159 NO_CANDIDATES_GENERATED pairs=33967 evals=556 605s
[560113.7] IDEA_E_N2880: step 160 NO_CANDIDATES_GENERATED pairs=33967 evals=556 605s
[560114.2] IDEA_E_N2880: step 161 NO_CANDIDATES_GENERATED pairs=33967 evals=556 606s
[560114.7] IDEA_E_N2880: step 162 NO_CANDIDATES_GENERATED pairs=33967 evals=556 606s
[560115.1] IDEA_E_N2880: step 163 NO_CANDIDATES_GENERATED pairs=33967 evals=556 607s
[560131.0] IDEA_E_N2880: step 164 ELEVATED pairs=33764 evals=572 623s
[560131.4] IDEA_E_N2880: step 165 NO_CANDIDATES_GENERATED pairs=33764 evals=572 623s
[560131.8] IDEA_E_N2880: step 166 NO_CANDIDATES_GENERATED pairs=33764 evals=572 623s
[560132.3] IDEA_E_N2880: step 167 NO_CANDIDATES_GENERATED pairs=33764 evals=572 624s
[560132.7] IDEA_E_N2880: step 168 NO_CANDIDATES_GENERATED pairs=33764 evals=572 624s
[560133.1] IDEA_E_N2880: step 169 NO_CANDIDATES_GENERATED pairs=33764 evals=572 625s
[560145.6] IDEA_E_N2880: step 170 ELEVATED pairs=33568 evals=588 637s
[560146.0] IDEA_E_N2880: step 171 NO_CANDIDATES_GENERATED pairs=33568 evals=588 638s
[560146.4] IDEA_E_N2880: step 172 NO_CANDIDATES_GENERATED pairs=33568 evals=588 638s
[560146.7] IDEA_E_N2880: step 173 NO_CANDIDATES_GENERATED pairs=33568 evals=588 638s
[560147.2] IDEA_E_N2880: step 174 NO_CANDIDATES_GENERATED pairs=33568 evals=588 639s
[560147.6] IDEA_E_N2880: step 175 NO_CANDIDATES_GENERATED pairs=33568 evals=588 639s
[560164.1] IDEA_E_N2880: step 176 ELEVATED pairs=33367 evals=604 656s
[560164.4] IDEA_E_N2880: step 177 NO_CANDIDATES_GENERATED pairs=33367 evals=604 656s
[560164.8] IDEA_E_N2880: step 178 NO_CANDIDATES_GENERATED pairs=33367 evals=604 656s
[560165.2] IDEA_E_N2880: step 179 NO_CANDIDATES_GENERATED pairs=33367 evals=604 657s
[560165.6] IDEA_E_N2880: step 180 NO_CANDIDATES_GENERATED pairs=33367 evals=604 657s
[560166.0] IDEA_E_N2880: step 181 NO_CANDIDATES_GENERATED pairs=33367 evals=604 658s
[560183.1] IDEA_E_N2880: step 182 ELEVATED pairs=33167 evals=620 675s
[560183.5] IDEA_E_N2880: step 183 NO_CANDIDATES_GENERATED pairs=33167 evals=620 675s
[560183.8] IDEA_E_N2880: step 184 NO_CANDIDATES_GENERATED pairs=33167 evals=620 675s
[560184.2] IDEA_E_N2880: step 185 NO_CANDIDATES_GENERATED pairs=33167 evals=620 676s
[560184.5] IDEA_E_N2880: step 186 NO_CANDIDATES_GENERATED pairs=33167 evals=620 676s
[560184.7] IDEA_E_N2880: step 187 NO_CANDIDATES_GENERATED pairs=33167 evals=620 676s
[560196.0] IDEA_E_N2880: step 188 ELEVATED pairs=32960 evals=636 688s
[560196.4] IDEA_E_N2880: step 189 NO_CANDIDATES_GENERATED pairs=32960 evals=636 688s
[560196.8] IDEA_E_N2880: step 190 NO_CANDIDATES_GENERATED pairs=32960 evals=636 688s
[560197.0] IDEA_E_N2880: step 191 NO_CANDIDATES_GENERATED pairs=32960 evals=636 689s
[560197.4] IDEA_E_N2880: step 192 NO_CANDIDATES_GENERATED pairs=32960 evals=636 689s
[560197.8] IDEA_E_N2880: step 193 NO_CANDIDATES_GENERATED pairs=32960 evals=636 689s
[560215.7] IDEA_E_N2880: step 194 ELEVATED pairs=32762 evals=652 707s
[560216.0] IDEA_E_N2880: step 195 NO_CANDIDATES_GENERATED pairs=32762 evals=652 708s
[560216.4] IDEA_E_N2880: step 196 NO_CANDIDATES_GENERATED pairs=32762 evals=652 708s
[560216.6] IDEA_E_N2880: step 197 NO_CANDIDATES_GENERATED pairs=32762 evals=652 708s
[560217.0] IDEA_E_N2880: step 198 NO_CANDIDATES_GENERATED pairs=32762 evals=652 709s
[560217.2] IDEA_E_N2880: step 199 NO_CANDIDATES_GENERATED pairs=32762 evals=652 709s
[560233.6] IDEA_E_N2880: step 200 ELEVATED pairs=32565 evals=668 725s
[560234.4] IDEA_E_N2880: done final=32565 moves=47 first=47 reloc=0 ret=0 evals=668 stop=TARGET_LIMIT
[560315.9] IDEA_E_N2880: recheck PASS checks=130816
