[559499.8] IDEA_H_R720: start mode=R budget=720 spec={"name": "IDEA_H", "target_policy": "LEGACY", "evaluation_policy": "E2_ORDERED_K16", "traversal_policy": "BASE", "max_targets": 200, "k_per_target": 16, "family_round_robin": false, "relocation_side_reserve": 0, "waiting_age": false, "route_coverage": false, "multi_anchor": false, "exact_dedup": false, "decision_cache": false, "return_action": true, "cache_structural_skips": false, "window_slack_mm": 1e-05, "notes": ""}
[559499.8] IDEA_H_R720: start state=main C:\Users\lihao\Desktop\Graduation Project\OpticalWaveguideRouter3D\outputs\3d_strategy_v3\512_ablation\D_both_enabled pairs=42909
[559508.1] IDEA_H_R720: INITIAL_DONE pairs=42909
[559508.8] IDEA_H_R720: step 1 NO_CANDIDATES_GENERATED pairs=42909 evals=0 1s
[559509.5] IDEA_H_R720: step 2 NO_CANDIDATES_GENERATED pairs=42909 evals=0 2s
[559522.7] IDEA_H_R720: step 3 ELEVATED pairs=42661 evals=16 15s
[559548.3] IDEA_H_R720: step 4 ELEVATED pairs=42487 evals=32 41s
[559570.2] IDEA_H_R720: step 5 ELEVATED pairs=42305 evals=48 62s
[559599.2] IDEA_H_R720: step 6 ELEVATED pairs=42121 evals=64 91s
[559622.7] IDEA_H_R720: step 7 ELEVATED pairs=41936 evals=80 115s
[559637.6] IDEA_H_R720: step 8 ELEVATED pairs=41680 evals=96 130s
[559658.2] IDEA_H_R720: step 9 ELEVATED pairs=41486 evals=112 150s
[559671.8] IDEA_H_R720: step 10 ELEVATED pairs=41225 evals=128 164s
[559702.7] IDEA_H_R720: step 11 ELEVATED pairs=41046 evals=144 195s
[559727.8] IDEA_H_R720: step 12 ELEVATED pairs=40867 evals=160 220s
[559747.7] IDEA_H_R720: step 13 ELEVATED pairs=40628 evals=176 240s
[559768.9] IDEA_H_R720: step 14 ELEVATED pairs=40377 evals=192 261s
[559784.5] IDEA_H_R720: step 15 ELEVATED pairs=40136 evals=208 277s
[559804.2] IDEA_H_R720: step 16 ELEVATED pairs=39887 evals=224 296s
[559822.7] IDEA_H_R720: step 17 ELEVATED pairs=39640 evals=240 315s
[559841.4] IDEA_H_R720: step 18 ELEVATED pairs=39399 evals=256 334s
[559862.4] IDEA_H_R720: step 19 ELEVATED pairs=39175 evals=272 355s
[559880.3] IDEA_H_R720: step 20 ELEVATED pairs=38969 evals=288 373s
[559906.9] IDEA_H_R720: step 21 ELEVATED pairs=38811 evals=304 399s
[559926.3] IDEA_H_R720: step 22 ELEVATED pairs=38668 evals=320 419s
[559945.0] IDEA_H_R720: step 23 ELEVATED pairs=38466 evals=336 437s
[559963.7] IDEA_H_R720: step 24 ELEVATED pairs=38332 evals=352 456s
[559979.1] IDEA_H_R720: step 25 ELEVATED pairs=38108 evals=368 471s
[559997.6] IDEA_H_R720: step 26 ELEVATED pairs=37974 evals=384 490s
[560011.9] IDEA_H_R720: step 27 ELEVATED pairs=37771 evals=400 504s
[560027.9] IDEA_H_R720: step 28 ELEVATED pairs=37568 evals=416 520s
[560041.0] IDEA_H_R720: step 29 ELEVATED pairs=37338 evals=432 533s
[560052.2] IDEA_H_R720: step 30 ELEVATED pairs=37110 evals=448 544s
[560066.1] IDEA_H_R720: step 31 ELEVATED pairs=36910 evals=464 558s
[560078.3] IDEA_H_R720: step 32 ELEVATED pairs=36684 evals=480 571s
[560097.7] IDEA_H_R720: step 33 ELEVATED pairs=36466 evals=496 590s
[560113.8] IDEA_H_R720: step 34 ELEVATED pairs=36269 evals=512 606s
[560141.4] IDEA_H_R720: step 35 ELEVATED pairs=36073 evals=528 634s
[560159.3] IDEA_H_R720: step 36 ELEVATED pairs=35887 evals=544 652s
[560172.9] IDEA_H_R720: step 37 ELEVATED pairs=35774 evals=560 665s
[560188.5] IDEA_H_R720: step 38 ELEVATED pairs=35543 evals=576 681s
[560200.3] IDEA_H_R720: step 39 ELEVATED pairs=35343 evals=592 693s
[560215.8] IDEA_H_R720: step 40 ELEVATED pairs=35138 evals=608 708s
[560216.3] IDEA_H_R720: step 41 NO_CANDIDATES_GENERATED pairs=35138 evals=608 709s
[560216.6] IDEA_H_R720: step 42 NO_CANDIDATES_GENERATED pairs=35138 evals=608 709s
[560231.5] IDEA_H_R720: step 43 ELEVATED pairs=34935 evals=624 724s
[560247.0] IDEA_H_R720: step 44 ELEVATED pairs=34734 evals=640 739s
[560258.3] IDEA_H_R720: step 45 ELEVATED pairs=34539 evals=656 751s
[560278.9] IDEA_H_R720: step 46 ELEVATED pairs=34340 evals=672 771s
[560300.5] IDEA_H_R720: step 47 ELEVATED pairs=34143 evals=688 793s
[560318.8] IDEA_H_R720: step 48 ELEVATED pairs=33933 evals=704 811s
[560338.1] IDEA_H_R720: step 49 ELEVATED pairs=33738 evals=720 830s
[560338.6] IDEA_H_R720: step 50 ABORTED_CANDIDATE_BUDGET pairs=33738 evals=720 831s
[560339.2] IDEA_H_R720: done final=33738 moves=45 first=45 reloc=0 ret=0 evals=720 stop=CANDIDATE_BUDGET_EXHAUSTED
[560412.1] IDEA_H_R720: recheck PASS checks=130816
