[556424.9] V7_T1_N720: start mode=N budget=720 spec={"name": "V7_T1", "target_policy": "LEGACY", "evaluation_policy": "E2_ORDERED_K16", "traversal_policy": "BASE", "max_targets": 2000, "k_per_target": 16, "family_round_robin": false, "relocation_side_reserve": 0, "waiting_age": false, "route_coverage": false, "multi_anchor": false, "exact_dedup": false, "decision_cache": false, "return_action": false, "cache_structural_skips": false, "window_slack_mm": 1e-05, "notes": ""}
[556424.9] V7_T1_N720: start state=main C:\Users\lihao\Desktop\Graduation Project\OpticalWaveguideRouter3D\outputs\3d_strategy_v3\512_ablation\D_both_enabled pairs=42909
[556432.3] V7_T1_N720: INITIAL_DONE pairs=42909
[556432.7] V7_T1_N720: step 1 NO_CANDIDATES_GENERATED pairs=42909 evals=0 1s
[556433.0] V7_T1_N720: step 2 NO_CANDIDATES_GENERATED pairs=42909 evals=0 1s
[556445.4] V7_T1_N720: step 3 ELEVATED pairs=42661 evals=16 14s
[556465.2] V7_T1_N720: step 4 ELEVATED pairs=42487 evals=32 33s
[556481.9] V7_T1_N720: step 5 ELEVATED pairs=42305 evals=48 50s
[556500.0] V7_T1_N720: step 6 ELEVATED pairs=42121 evals=64 68s
[556518.3] V7_T1_N720: step 7 ELEVATED pairs=41936 evals=80 86s
[556531.2] V7_T1_N720: step 8 ELEVATED pairs=41680 evals=96 99s
[556549.6] V7_T1_N720: step 9 ELEVATED pairs=41486 evals=112 118s
[556562.2] V7_T1_N720: step 10 ELEVATED pairs=41225 evals=128 130s
[556584.8] V7_T1_N720: step 11 ELEVATED pairs=41046 evals=144 153s
[556606.4] V7_T1_N720: step 12 ELEVATED pairs=40867 evals=160 174s
[556616.4] V7_T1_N720: step 13 ELEVATED pairs=40628 evals=176 185s
[556630.2] V7_T1_N720: step 14 ELEVATED pairs=40377 evals=192 198s
[556639.9] V7_T1_N720: step 15 ELEVATED pairs=40136 evals=208 208s
[556653.6] V7_T1_N720: step 16 ELEVATED pairs=39887 evals=224 222s
[556667.3] V7_T1_N720: step 17 ELEVATED pairs=39640 evals=240 235s
[556680.4] V7_T1_N720: step 18 ELEVATED pairs=39399 evals=256 249s
[556694.5] V7_T1_N720: step 19 ELEVATED pairs=39175 evals=272 263s
[556708.2] V7_T1_N720: step 20 ELEVATED pairs=38969 evals=288 276s
[556725.9] V7_T1_N720: step 21 ELEVATED pairs=38811 evals=304 294s
[556739.7] V7_T1_N720: step 22 ELEVATED pairs=38668 evals=320 308s
[556752.5] V7_T1_N720: step 23 ELEVATED pairs=38466 evals=336 321s
[556765.6] V7_T1_N720: step 24 ELEVATED pairs=38332 evals=352 334s
[556776.8] V7_T1_N720: step 25 ELEVATED pairs=38108 evals=368 345s
[556791.6] V7_T1_N720: step 26 ELEVATED pairs=37974 evals=384 360s
[556803.2] V7_T1_N720: step 27 ELEVATED pairs=37771 evals=400 371s
[556814.9] V7_T1_N720: step 28 ELEVATED pairs=37568 evals=416 383s
[556824.5] V7_T1_N720: step 29 ELEVATED pairs=37338 evals=432 393s
[556834.4] V7_T1_N720: step 30 ELEVATED pairs=37110 evals=448 402s
[556847.2] V7_T1_N720: step 31 ELEVATED pairs=36910 evals=464 415s
[556856.6] V7_T1_N720: step 32 ELEVATED pairs=36684 evals=480 425s
[556869.0] V7_T1_N720: step 33 ELEVATED pairs=36466 evals=496 437s
[556881.1] V7_T1_N720: step 34 ELEVATED pairs=36269 evals=512 449s
[556902.2] V7_T1_N720: step 35 ELEVATED pairs=36073 evals=528 470s
[556917.1] V7_T1_N720: step 36 ELEVATED pairs=35887 evals=544 485s
[556929.2] V7_T1_N720: step 37 ELEVATED pairs=35774 evals=560 497s
[556942.8] V7_T1_N720: step 38 ELEVATED pairs=35543 evals=576 511s
[556953.9] V7_T1_N720: step 39 ELEVATED pairs=35343 evals=592 522s
[556967.5] V7_T1_N720: step 40 ELEVATED pairs=35138 evals=608 536s
[556967.8] V7_T1_N720: step 41 NO_CANDIDATES_GENERATED pairs=35138 evals=608 536s
[556968.0] V7_T1_N720: step 42 NO_CANDIDATES_GENERATED pairs=35138 evals=608 536s
[556982.2] V7_T1_N720: step 43 ELEVATED pairs=34935 evals=624 550s
[556997.3] V7_T1_N720: step 44 ELEVATED pairs=34734 evals=640 565s
[557007.6] V7_T1_N720: step 45 ELEVATED pairs=34539 evals=656 576s
[557023.4] V7_T1_N720: step 46 ELEVATED pairs=34340 evals=672 592s
[557039.5] V7_T1_N720: step 47 ELEVATED pairs=34143 evals=688 608s
[557054.1] V7_T1_N720: step 48 ELEVATED pairs=33933 evals=704 622s
[557071.4] V7_T1_N720: step 49 ELEVATED pairs=33738 evals=720 640s
[557071.9] V7_T1_N720: step 50 ABORTED_CANDIDATE_BUDGET pairs=33738 evals=720 640s
[557072.4] V7_T1_N720: done final=33738 moves=45 first=45 reloc=0 ret=0 evals=720 stop=CANDIDATE_BUDGET_EXHAUSTED
[557147.6] V7_T1_N720: recheck PASS checks=130816
