[558647.5] IDEA_C_N1440: start mode=N budget=1440 spec={"name": "IDEA_C", "target_policy": "LEGACY", "evaluation_policy": "E2_ORDERED_K16", "traversal_policy": "BASE", "max_targets": 200, "k_per_target": 16, "family_round_robin": false, "relocation_side_reserve": 0, "waiting_age": true, "route_coverage": false, "multi_anchor": false, "exact_dedup": false, "decision_cache": false, "return_action": false, "cache_structural_skips": false, "window_slack_mm": 1e-05, "notes": ""}
[558647.5] IDEA_C_N1440: start state=main C:\Users\lihao\Desktop\Graduation Project\OpticalWaveguideRouter3D\outputs\3d_strategy_v3\512_ablation\D_both_enabled pairs=42909
[558654.8] IDEA_C_N1440: INITIAL_DONE pairs=42909
[558655.1] IDEA_C_N1440: step 1 NO_CANDIDATES_GENERATED pairs=42909 evals=0 1s
[558655.5] IDEA_C_N1440: step 2 NO_CANDIDATES_GENERATED pairs=42909 evals=0 1s
[558666.8] IDEA_C_N1440: step 3 ELEVATED pairs=42661 evals=16 12s
[558686.0] IDEA_C_N1440: step 4 ELEVATED pairs=42487 evals=32 31s
[558700.8] IDEA_C_N1440: step 5 ELEVATED pairs=42305 evals=48 46s
[558715.8] IDEA_C_N1440: step 6 ELEVATED pairs=42121 evals=64 61s
[558730.6] IDEA_C_N1440: step 7 ELEVATED pairs=41936 evals=80 76s
[558741.4] IDEA_C_N1440: step 8 ELEVATED pairs=41680 evals=96 87s
[558756.1] IDEA_C_N1440: step 9 ELEVATED pairs=41486 evals=112 102s
[558766.3] IDEA_C_N1440: step 10 ELEVATED pairs=41225 evals=128 112s
[558785.8] IDEA_C_N1440: step 11 ELEVATED pairs=41046 evals=144 131s
[558805.8] IDEA_C_N1440: step 12 ELEVATED pairs=40867 evals=160 151s
[558815.5] IDEA_C_N1440: step 13 ELEVATED pairs=40628 evals=176 161s
[558828.3] IDEA_C_N1440: step 14 ELEVATED pairs=40377 evals=192 174s
[558837.5] IDEA_C_N1440: step 15 ELEVATED pairs=40136 evals=208 183s
[558850.2] IDEA_C_N1440: step 16 ELEVATED pairs=39887 evals=224 196s
[558863.5] IDEA_C_N1440: step 17 ELEVATED pairs=39640 evals=240 209s
[558876.7] IDEA_C_N1440: step 18 ELEVATED pairs=39399 evals=256 222s
[558890.7] IDEA_C_N1440: step 19 ELEVATED pairs=39175 evals=272 236s
[558903.7] IDEA_C_N1440: step 20 ELEVATED pairs=38969 evals=288 249s
[558920.9] IDEA_C_N1440: step 21 ELEVATED pairs=38811 evals=304 266s
[558934.2] IDEA_C_N1440: step 22 ELEVATED pairs=38668 evals=320 280s
[558946.5] IDEA_C_N1440: step 23 ELEVATED pairs=38466 evals=336 292s
[558958.7] IDEA_C_N1440: step 24 ELEVATED pairs=38332 evals=352 304s
[558968.8] IDEA_C_N1440: step 25 ELEVATED pairs=38108 evals=368 314s
[558981.5] IDEA_C_N1440: step 26 ELEVATED pairs=37974 evals=384 327s
[558991.8] IDEA_C_N1440: step 27 ELEVATED pairs=37771 evals=400 337s
[559002.4] IDEA_C_N1440: step 28 ELEVATED pairs=37568 evals=416 348s
[559011.4] IDEA_C_N1440: step 29 ELEVATED pairs=37338 evals=432 357s
[559020.2] IDEA_C_N1440: step 30 ELEVATED pairs=37110 evals=448 366s
[559032.0] IDEA_C_N1440: step 31 ELEVATED pairs=36910 evals=464 378s
[559040.7] IDEA_C_N1440: step 32 ELEVATED pairs=36684 evals=480 386s
[559052.3] IDEA_C_N1440: step 33 ELEVATED pairs=36466 evals=496 398s
[559063.9] IDEA_C_N1440: step 34 ELEVATED pairs=36269 evals=512 409s
[559083.6] IDEA_C_N1440: step 35 ELEVATED pairs=36073 evals=528 429s
[559097.5] IDEA_C_N1440: step 36 ELEVATED pairs=35887 evals=544 443s
[559109.1] IDEA_C_N1440: step 37 ELEVATED pairs=35774 evals=560 455s
[559121.8] IDEA_C_N1440: step 38 ELEVATED pairs=35543 evals=576 467s
[559132.3] IDEA_C_N1440: step 39 ELEVATED pairs=35343 evals=592 478s
[559145.3] IDEA_C_N1440: step 40 ELEVATED pairs=35138 evals=608 491s
[559145.5] IDEA_C_N1440: step 41 NO_CANDIDATES_GENERATED pairs=35138 evals=608 491s
[559145.8] IDEA_C_N1440: step 42 NO_CANDIDATES_GENERATED pairs=35138 evals=608 491s
[559159.1] IDEA_C_N1440: step 43 ELEVATED pairs=34935 evals=624 505s
[559173.1] IDEA_C_N1440: step 44 ELEVATED pairs=34734 evals=640 519s
[559182.6] IDEA_C_N1440: step 45 ELEVATED pairs=34539 evals=656 528s
[559197.6] IDEA_C_N1440: step 46 ELEVATED pairs=34340 evals=672 543s
[559212.7] IDEA_C_N1440: step 47 ELEVATED pairs=34143 evals=688 558s
[559226.8] IDEA_C_N1440: step 48 ELEVATED pairs=33933 evals=704 572s
[559244.1] IDEA_C_N1440: step 49 ELEVATED pairs=33738 evals=720 590s
[559258.0] IDEA_C_N1440: step 50 ELEVATED pairs=33530 evals=736 604s
[559270.0] IDEA_C_N1440: step 51 ELEVATED pairs=33326 evals=752 615s
[559287.5] IDEA_C_N1440: step 52 ELEVATED pairs=33133 evals=768 633s
[559301.2] IDEA_C_N1440: step 53 ELEVATED pairs=32926 evals=784 647s
[559318.8] IDEA_C_N1440: step 54 ELEVATED pairs=32735 evals=800 664s
[559331.1] IDEA_C_N1440: step 55 ELEVATED pairs=32530 evals=816 677s
[559347.7] IDEA_C_N1440: step 56 ELEVATED pairs=32341 evals=832 693s
[559360.2] IDEA_C_N1440: step 57 ELEVATED pairs=32137 evals=848 706s
[559377.3] IDEA_C_N1440: step 58 ELEVATED pairs=31950 evals=864 723s
[559385.4] IDEA_C_N1440: step 59 ELEVATED pairs=31792 evals=880 731s
[559397.7] IDEA_C_N1440: step 60 ELEVATED pairs=31590 evals=896 743s
[559410.2] IDEA_C_N1440: step 61 ELEVATED pairs=31389 evals=912 756s
[559421.1] IDEA_C_N1440: step 62 ELEVATED pairs=31226 evals=928 767s
[559441.3] IDEA_C_N1440: step 63 ELEVATED pairs=31027 evals=944 787s
[559464.8] IDEA_C_N1440: step 64 ELEVATED pairs=30829 evals=960 810s
[559465.9] IDEA_C_N1440: step 65 NO_CANDIDATES_GENERATED pairs=30829 evals=960 811s
[559467.1] IDEA_C_N1440: step 66 NO_CANDIDATES_GENERATED pairs=30829 evals=960 813s
[559467.9] IDEA_C_N1440: step 67 NO_CANDIDATES_GENERATED pairs=30829 evals=960 813s
[559489.7] IDEA_C_N1440: step 68 ELEVATED pairs=30633 evals=976 835s
[559510.1] IDEA_C_N1440: step 69 ELEVATED pairs=30481 evals=992 856s
[559531.7] IDEA_C_N1440: step 70 ELEVATED pairs=30367 evals=1008 877s
[559550.1] IDEA_C_N1440: step 71 ELEVATED pairs=30214 evals=1024 896s
[559562.4] IDEA_C_N1440: step 72 ELEVATED pairs=30030 evals=1033 908s
[559581.6] IDEA_C_N1440: step 73 ELEVATED pairs=29879 evals=1049 927s
[559597.6] IDEA_C_N1440: step 74 ELEVATED pairs=29697 evals=1058 943s
[559621.1] IDEA_C_N1440: step 75 ELEVATED pairs=29548 evals=1074 967s
[559635.8] IDEA_C_N1440: step 76 ELEVATED pairs=29368 evals=1083 981s
[559648.1] IDEA_C_N1440: step 77 ELEVATED pairs=29190 evals=1092 994s
[559684.9] IDEA_C_N1440: step 78 ELEVATED pairs=28961 evals=1108 1030s
[559698.9] IDEA_C_N1440: step 79 ELEVATED pairs=28776 evals=1124 1044s
[559713.9] IDEA_C_N1440: step 80 ELEVATED pairs=28593 evals=1140 1059s
[559728.3] IDEA_C_N1440: step 81 ELEVATED pairs=28412 evals=1156 1074s
[559739.6] IDEA_C_N1440: step 82 ELEVATED pairs=28233 evals=1172 1085s
[559751.5] IDEA_C_N1440: step 83 ELEVATED pairs=28134 evals=1188 1097s
[559773.3] IDEA_C_N1440: step 84 ELEVATED pairs=28022 evals=1204 1119s
[559785.4] IDEA_C_N1440: step 85 ELEVATED pairs=27902 evals=1220 1131s
[559797.7] IDEA_C_N1440: step 86 ELEVATED pairs=27782 evals=1236 1143s
[559811.0] IDEA_C_N1440: step 87 ELEVATED pairs=27662 evals=1252 1156s
[559825.0] IDEA_C_N1440: step 88 ELEVATED pairs=27514 evals=1268 1171s
[559837.8] IDEA_C_N1440: step 89 ELEVATED pairs=27394 evals=1284 1183s
[559855.5] IDEA_C_N1440: step 90 ELEVATED pairs=27248 evals=1300 1201s
[559877.2] IDEA_C_N1440: step 91 ELEVATED pairs=27092 evals=1316 1223s
[559893.6] IDEA_C_N1440: step 92 PREFIX_EVALUATED_NO_WINNER_DEFERRED pairs=27092 evals=1332 1239s
[559907.1] IDEA_C_N1440: step 93 ELEVATED pairs=26951 evals=1348 1253s
[559920.5] IDEA_C_N1440: step 94 PREFIX_EVALUATED_NO_WINNER_DEFERRED pairs=26951 evals=1364 1266s
[559935.5] IDEA_C_N1440: step 95 ELEVATED pairs=26895 evals=1380 1281s
[559951.2] IDEA_C_N1440: step 96 ELEVATED pairs=26781 evals=1396 1297s
[559973.0] IDEA_C_N1440: step 97 ELEVATED pairs=26690 evals=1412 1319s
[559989.2] IDEA_C_N1440: step 98 ELEVATED pairs=26525 evals=1428 1335s
[560000.0] IDEA_C_N1440: step 99 ELEVATED pairs=26437 evals=1440 1346s
[560000.7] IDEA_C_N1440: done final=26437 moves=90 first=90 reloc=0 ret=0 evals=1440 stop=CANDIDATE_BUDGET_EXHAUSTED
[560108.0] IDEA_C_N1440: recheck PASS checks=130816
