[556424.6] V7_T1_R1440: start mode=R budget=1440 spec={"name": "V7_T1", "target_policy": "LEGACY", "evaluation_policy": "E2_ORDERED_K16", "traversal_policy": "BASE", "max_targets": 2000, "k_per_target": 16, "family_round_robin": false, "relocation_side_reserve": 0, "waiting_age": false, "route_coverage": false, "multi_anchor": false, "exact_dedup": false, "decision_cache": false, "return_action": false, "cache_structural_skips": false, "window_slack_mm": 1e-05, "notes": ""}
[556424.6] V7_T1_R1440: start state=main C:\Users\lihao\Desktop\Graduation Project\OpticalWaveguideRouter3D\outputs\3d_strategy_v3\512_ablation\D_both_enabled pairs=42909
[556432.3] V7_T1_R1440: INITIAL_DONE pairs=42909
[556432.7] V7_T1_R1440: step 1 NO_CANDIDATES_GENERATED pairs=42909 evals=0 1s
[556433.0] V7_T1_R1440: step 2 NO_CANDIDATES_GENERATED pairs=42909 evals=0 1s
[556443.7] V7_T1_R1440: step 3 ELEVATED pairs=42661 evals=16 12s
[556463.4] V7_T1_R1440: step 4 ELEVATED pairs=42487 evals=32 31s
[556480.0] V7_T1_R1440: step 5 ELEVATED pairs=42305 evals=48 48s
[556495.7] V7_T1_R1440: step 6 ELEVATED pairs=42121 evals=64 64s
[556512.4] V7_T1_R1440: step 7 ELEVATED pairs=41936 evals=80 80s
[556525.1] V7_T1_R1440: step 8 ELEVATED pairs=41680 evals=96 93s
[556544.7] V7_T1_R1440: step 9 ELEVATED pairs=41486 evals=112 113s
[556558.5] V7_T1_R1440: step 10 ELEVATED pairs=41225 evals=128 126s
[556580.5] V7_T1_R1440: step 11 ELEVATED pairs=41046 evals=144 149s
[556601.4] V7_T1_R1440: step 12 ELEVATED pairs=40867 evals=160 169s
[556611.2] V7_T1_R1440: step 13 ELEVATED pairs=40628 evals=176 179s
[556624.9] V7_T1_R1440: step 14 ELEVATED pairs=40377 evals=192 193s
[556634.3] V7_T1_R1440: step 15 ELEVATED pairs=40136 evals=208 202s
[556647.6] V7_T1_R1440: step 16 ELEVATED pairs=39887 evals=224 216s
[556661.3] V7_T1_R1440: step 17 ELEVATED pairs=39640 evals=240 229s
[556674.2] V7_T1_R1440: step 18 ELEVATED pairs=39399 evals=256 242s
[556688.2] V7_T1_R1440: step 19 ELEVATED pairs=39175 evals=272 256s
[556701.7] V7_T1_R1440: step 20 ELEVATED pairs=38969 evals=288 270s
[556719.4] V7_T1_R1440: step 21 ELEVATED pairs=38811 evals=304 287s
[556733.1] V7_T1_R1440: step 22 ELEVATED pairs=38668 evals=320 301s
[556746.0] V7_T1_R1440: step 23 ELEVATED pairs=38466 evals=336 314s
[556759.1] V7_T1_R1440: step 24 ELEVATED pairs=38332 evals=352 327s
[556769.7] V7_T1_R1440: step 25 ELEVATED pairs=38108 evals=368 338s
[556784.1] V7_T1_R1440: step 26 ELEVATED pairs=37974 evals=384 352s
[556795.9] V7_T1_R1440: step 27 ELEVATED pairs=37771 evals=400 364s
[556807.5] V7_T1_R1440: step 28 ELEVATED pairs=37568 evals=416 375s
[556817.3] V7_T1_R1440: step 29 ELEVATED pairs=37338 evals=432 385s
[556826.9] V7_T1_R1440: step 30 ELEVATED pairs=37110 evals=448 395s
[556839.8] V7_T1_R1440: step 31 ELEVATED pairs=36910 evals=464 408s
[556849.1] V7_T1_R1440: step 32 ELEVATED pairs=36684 evals=480 417s
[556861.4] V7_T1_R1440: step 33 ELEVATED pairs=36466 evals=496 429s
[556873.5] V7_T1_R1440: step 34 ELEVATED pairs=36269 evals=512 442s
[556894.3] V7_T1_R1440: step 35 ELEVATED pairs=36073 evals=528 462s
[556909.1] V7_T1_R1440: step 36 ELEVATED pairs=35887 evals=544 477s
[556921.4] V7_T1_R1440: step 37 ELEVATED pairs=35774 evals=560 489s
[556934.8] V7_T1_R1440: step 38 ELEVATED pairs=35543 evals=576 503s
[556945.9] V7_T1_R1440: step 39 ELEVATED pairs=35343 evals=592 514s
[556959.5] V7_T1_R1440: step 40 ELEVATED pairs=35138 evals=608 527s
[556959.8] V7_T1_R1440: step 41 NO_CANDIDATES_GENERATED pairs=35138 evals=608 528s
[556960.0] V7_T1_R1440: step 42 NO_CANDIDATES_GENERATED pairs=35138 evals=608 528s
[556974.2] V7_T1_R1440: step 43 ELEVATED pairs=34935 evals=624 542s
[556988.7] V7_T1_R1440: step 44 ELEVATED pairs=34734 evals=640 557s
[556999.0] V7_T1_R1440: step 45 ELEVATED pairs=34539 evals=656 567s
[557014.7] V7_T1_R1440: step 46 ELEVATED pairs=34340 evals=672 583s
[557030.5] V7_T1_R1440: step 47 ELEVATED pairs=34143 evals=688 599s
[557045.1] V7_T1_R1440: step 48 ELEVATED pairs=33933 evals=704 613s
[557062.5] V7_T1_R1440: step 49 ELEVATED pairs=33738 evals=720 631s
[557076.7] V7_T1_R1440: step 50 ELEVATED pairs=33530 evals=736 645s
[557088.8] V7_T1_R1440: step 51 ELEVATED pairs=33326 evals=752 657s
[557107.1] V7_T1_R1440: step 52 ELEVATED pairs=33133 evals=768 675s
[557121.3] V7_T1_R1440: step 53 ELEVATED pairs=32926 evals=784 689s
[557140.0] V7_T1_R1440: step 54 ELEVATED pairs=32735 evals=800 708s
[557154.7] V7_T1_R1440: step 55 ELEVATED pairs=32530 evals=816 723s
[557174.6] V7_T1_R1440: step 56 ELEVATED pairs=32341 evals=832 743s
[557189.2] V7_T1_R1440: step 57 ELEVATED pairs=32137 evals=848 757s
[557207.7] V7_T1_R1440: step 58 ELEVATED pairs=31950 evals=864 776s
[557216.4] V7_T1_R1440: step 59 ELEVATED pairs=31792 evals=880 784s
[557229.6] V7_T1_R1440: step 60 ELEVATED pairs=31590 evals=896 798s
[557242.5] V7_T1_R1440: step 61 ELEVATED pairs=31389 evals=912 811s
[557254.2] V7_T1_R1440: step 62 ELEVATED pairs=31226 evals=928 822s
[557267.1] V7_T1_R1440: step 63 ELEVATED pairs=31027 evals=944 835s
[557280.1] V7_T1_R1440: step 64 ELEVATED pairs=30829 evals=960 848s
[557280.4] V7_T1_R1440: step 65 NO_CANDIDATES_GENERATED pairs=30829 evals=960 848s
[557280.7] V7_T1_R1440: step 66 NO_CANDIDATES_GENERATED pairs=30829 evals=960 849s
[557280.9] V7_T1_R1440: step 67 NO_CANDIDATES_GENERATED pairs=30829 evals=960 849s
[557293.7] V7_T1_R1440: step 68 ELEVATED pairs=30633 evals=976 862s
[557305.1] V7_T1_R1440: step 69 ELEVATED pairs=30481 evals=992 873s
[557316.2] V7_T1_R1440: step 70 ELEVATED pairs=30367 evals=1008 884s
[557329.5] V7_T1_R1440: step 71 ELEVATED pairs=30214 evals=1024 898s
[557338.1] V7_T1_R1440: step 72 ELEVATED pairs=30030 evals=1033 906s
[557350.7] V7_T1_R1440: step 73 ELEVATED pairs=29879 evals=1049 919s
[557359.3] V7_T1_R1440: step 74 ELEVATED pairs=29697 evals=1058 927s
[557371.6] V7_T1_R1440: step 75 ELEVATED pairs=29548 evals=1074 940s
[557380.1] V7_T1_R1440: step 76 ELEVATED pairs=29368 evals=1083 948s
[557388.3] V7_T1_R1440: step 77 ELEVATED pairs=29190 evals=1092 956s
[557410.4] V7_T1_R1440: step 78 ELEVATED pairs=28961 evals=1108 978s
[557417.8] V7_T1_R1440: step 79 ELEVATED pairs=28776 evals=1124 986s
[557425.3] V7_T1_R1440: step 80 ELEVATED pairs=28593 evals=1140 993s
[557432.7] V7_T1_R1440: step 81 ELEVATED pairs=28412 evals=1156 1001s
[557440.7] V7_T1_R1440: step 82 ELEVATED pairs=28233 evals=1172 1009s
[557448.7] V7_T1_R1440: step 83 ELEVATED pairs=28134 evals=1188 1017s
[557459.2] V7_T1_R1440: step 84 ELEVATED pairs=28022 evals=1204 1027s
[557467.1] V7_T1_R1440: step 85 ELEVATED pairs=27902 evals=1220 1035s
[557475.2] V7_T1_R1440: step 86 ELEVATED pairs=27782 evals=1236 1043s
[557483.1] V7_T1_R1440: step 87 ELEVATED pairs=27662 evals=1252 1051s
[557490.7] V7_T1_R1440: step 88 ELEVATED pairs=27514 evals=1268 1059s
[557498.7] V7_T1_R1440: step 89 ELEVATED pairs=27394 evals=1284 1067s
[557508.0] V7_T1_R1440: step 90 ELEVATED pairs=27248 evals=1300 1076s
[557518.1] V7_T1_R1440: step 91 ELEVATED pairs=27092 evals=1316 1086s
[557527.2] V7_T1_R1440: step 92 PREFIX_EVALUATED_NO_WINNER_DEFERRED pairs=27092 evals=1332 1095s
[557536.6] V7_T1_R1440: step 93 ELEVATED pairs=26951 evals=1348 1105s
[557545.5] V7_T1_R1440: step 94 PREFIX_EVALUATED_NO_WINNER_DEFERRED pairs=26951 evals=1364 1114s
[557555.1] V7_T1_R1440: step 95 ELEVATED pairs=26895 evals=1380 1123s
[557565.5] V7_T1_R1440: step 96 ELEVATED pairs=26781 evals=1396 1133s
[557578.5] V7_T1_R1440: step 97 ELEVATED pairs=26690 evals=1412 1146s
[557590.2] V7_T1_R1440: step 98 ELEVATED pairs=26525 evals=1428 1158s
[557597.4] V7_T1_R1440: step 99 ELEVATED pairs=26437 evals=1440 1165s
[557597.9] V7_T1_R1440: done final=26437 moves=90 first=90 reloc=0 ret=0 evals=1440 stop=CANDIDATE_BUDGET_EXHAUSTED
[557672.8] V7_T1_R1440: recheck PASS checks=130816
