[558644.9] IDEA_B_R2880: start mode=R budget=2880 spec={"name": "IDEA_B", "target_policy": "LEGACY", "evaluation_policy": "E2_ORDERED_K16", "traversal_policy": "BASE", "max_targets": 200, "k_per_target": 16, "family_round_robin": false, "relocation_side_reserve": 8, "waiting_age": false, "route_coverage": false, "multi_anchor": false, "exact_dedup": false, "decision_cache": false, "return_action": false, "cache_structural_skips": false, "window_slack_mm": 1e-05, "notes": ""}
[558644.9] IDEA_B_R2880: start state=main C:\Users\lihao\Desktop\Graduation Project\OpticalWaveguideRouter3D\outputs\3d_strategy_v3\512_ablation\D_both_enabled pairs=42909
[558652.3] IDEA_B_R2880: INITIAL_DONE pairs=42909
[558652.6] IDEA_B_R2880: step 1 NO_CANDIDATES_GENERATED pairs=42909 evals=0 1s
[558652.9] IDEA_B_R2880: step 2 NO_CANDIDATES_GENERATED pairs=42909 evals=0 1s
[558663.3] IDEA_B_R2880: step 3 ELEVATED pairs=42661 evals=16 11s
[558681.8] IDEA_B_R2880: step 4 ELEVATED pairs=42487 evals=32 30s
[558697.3] IDEA_B_R2880: step 5 ELEVATED pairs=42305 evals=48 45s
[558712.3] IDEA_B_R2880: step 6 ELEVATED pairs=42121 evals=64 60s
[558727.3] IDEA_B_R2880: step 7 ELEVATED pairs=41936 evals=80 75s
[558738.1] IDEA_B_R2880: step 8 ELEVATED pairs=41680 evals=96 86s
[558753.0] IDEA_B_R2880: step 9 ELEVATED pairs=41486 evals=112 101s
[558763.2] IDEA_B_R2880: step 10 ELEVATED pairs=41225 evals=128 111s
[558783.0] IDEA_B_R2880: step 11 ELEVATED pairs=41046 evals=144 131s
[558802.7] IDEA_B_R2880: step 12 ELEVATED pairs=40867 evals=160 151s
[558812.2] IDEA_B_R2880: step 13 ELEVATED pairs=40628 evals=176 160s
[558825.1] IDEA_B_R2880: step 14 ELEVATED pairs=40377 evals=192 173s
[558834.1] IDEA_B_R2880: step 15 ELEVATED pairs=40136 evals=208 182s
[558846.9] IDEA_B_R2880: step 16 ELEVATED pairs=39887 evals=224 195s
[558860.1] IDEA_B_R2880: step 17 ELEVATED pairs=39640 evals=240 208s
[558873.0] IDEA_B_R2880: step 18 ELEVATED pairs=39399 evals=256 221s
[558886.8] IDEA_B_R2880: step 19 ELEVATED pairs=39175 evals=272 235s
[558899.7] IDEA_B_R2880: step 20 ELEVATED pairs=38969 evals=288 248s
[558916.7] IDEA_B_R2880: step 21 ELEVATED pairs=38811 evals=304 265s
[558930.0] IDEA_B_R2880: step 22 ELEVATED pairs=38668 evals=320 278s
[558942.4] IDEA_B_R2880: step 23 ELEVATED pairs=38466 evals=336 290s
[558954.7] IDEA_B_R2880: step 24 ELEVATED pairs=38332 evals=352 303s
[558965.0] IDEA_B_R2880: step 25 ELEVATED pairs=38108 evals=368 313s
[558977.7] IDEA_B_R2880: step 26 ELEVATED pairs=37974 evals=384 326s
[558988.1] IDEA_B_R2880: step 27 ELEVATED pairs=37771 evals=400 336s
[558998.6] IDEA_B_R2880: step 28 ELEVATED pairs=37568 evals=416 347s
[559007.4] IDEA_B_R2880: step 29 ELEVATED pairs=37338 evals=432 355s
[559016.2] IDEA_B_R2880: step 30 ELEVATED pairs=37110 evals=448 364s
[559028.2] IDEA_B_R2880: step 31 ELEVATED pairs=36910 evals=464 376s
[559036.9] IDEA_B_R2880: step 32 ELEVATED pairs=36684 evals=480 385s
[559048.5] IDEA_B_R2880: step 33 ELEVATED pairs=36466 evals=496 397s
[559059.9] IDEA_B_R2880: step 34 ELEVATED pairs=36269 evals=512 408s
[559079.8] IDEA_B_R2880: step 35 ELEVATED pairs=36073 evals=528 428s
[559093.9] IDEA_B_R2880: step 36 ELEVATED pairs=35887 evals=544 442s
[559105.5] IDEA_B_R2880: step 37 ELEVATED pairs=35774 evals=560 454s
[559118.5] IDEA_B_R2880: step 38 ELEVATED pairs=35543 evals=576 467s
[559128.9] IDEA_B_R2880: step 39 ELEVATED pairs=35343 evals=592 477s
[559141.7] IDEA_B_R2880: step 40 ELEVATED pairs=35138 evals=608 490s
[559141.9] IDEA_B_R2880: step 41 NO_CANDIDATES_GENERATED pairs=35138 evals=608 490s
[559142.1] IDEA_B_R2880: step 42 NO_CANDIDATES_GENERATED pairs=35138 evals=608 490s
[559155.6] IDEA_B_R2880: step 43 ELEVATED pairs=34935 evals=624 504s
[559169.4] IDEA_B_R2880: step 44 ELEVATED pairs=34734 evals=640 518s
[559178.9] IDEA_B_R2880: step 45 ELEVATED pairs=34539 evals=656 527s
[559194.0] IDEA_B_R2880: step 46 ELEVATED pairs=34340 evals=672 542s
[559208.9] IDEA_B_R2880: step 47 ELEVATED pairs=34143 evals=688 557s
[559222.7] IDEA_B_R2880: step 48 ELEVATED pairs=33933 evals=704 571s
[559240.1] IDEA_B_R2880: step 49 ELEVATED pairs=33738 evals=720 588s
[559254.2] IDEA_B_R2880: step 50 ELEVATED pairs=33530 evals=736 602s
[559265.9] IDEA_B_R2880: step 51 ELEVATED pairs=33326 evals=752 614s
[559283.4] IDEA_B_R2880: step 52 ELEVATED pairs=33133 evals=768 632s
[559297.0] IDEA_B_R2880: step 53 ELEVATED pairs=32926 evals=784 645s
[559314.7] IDEA_B_R2880: step 54 ELEVATED pairs=32735 evals=800 663s
[559327.5] IDEA_B_R2880: step 55 ELEVATED pairs=32530 evals=816 676s
[559344.2] IDEA_B_R2880: step 56 ELEVATED pairs=32341 evals=832 692s
[559356.6] IDEA_B_R2880: step 57 ELEVATED pairs=32137 evals=848 705s
[559373.8] IDEA_B_R2880: step 58 ELEVATED pairs=31950 evals=864 722s
[559382.0] IDEA_B_R2880: step 59 ELEVATED pairs=31792 evals=880 730s
[559394.6] IDEA_B_R2880: step 60 ELEVATED pairs=31590 evals=896 743s
[559407.2] IDEA_B_R2880: step 61 ELEVATED pairs=31389 evals=912 755s
[559418.0] IDEA_B_R2880: step 62 ELEVATED pairs=31226 evals=928 766s
[559433.1] IDEA_B_R2880: step 63 ELEVATED pairs=31027 evals=944 781s
[559453.5] IDEA_B_R2880: step 64 ELEVATED pairs=30829 evals=960 802s
[559454.4] IDEA_B_R2880: step 65 NO_CANDIDATES_GENERATED pairs=30829 evals=960 803s
[559454.8] IDEA_B_R2880: step 66 NO_CANDIDATES_GENERATED pairs=30829 evals=960 803s
[559455.8] IDEA_B_R2880: step 67 NO_CANDIDATES_GENERATED pairs=30829 evals=960 804s
[559477.4] IDEA_B_R2880: step 68 ELEVATED pairs=30633 evals=976 825s
[559495.2] IDEA_B_R2880: step 69 ELEVATED pairs=30481 evals=992 843s
[559513.6] IDEA_B_R2880: step 70 ELEVATED pairs=30367 evals=1008 862s
[559539.7] IDEA_B_R2880: step 71 ELEVATED pairs=30214 evals=1024 888s
[559551.8] IDEA_B_R2880: step 72 ELEVATED pairs=30030 evals=1033 900s
[559577.9] IDEA_B_R2880: step 73 ELEVATED pairs=29879 evals=1049 926s
[559592.4] IDEA_B_R2880: step 74 ELEVATED pairs=29697 evals=1058 941s
[559608.4] IDEA_B_R2880: step 75 ELEVATED pairs=29548 evals=1074 957s
[559626.0] IDEA_B_R2880: step 76 ELEVATED pairs=29368 evals=1083 974s
[559642.5] IDEA_B_R2880: step 77 ELEVATED pairs=29190 evals=1092 991s
[559679.1] IDEA_B_R2880: step 78 ELEVATED pairs=28961 evals=1108 1027s
[559691.0] IDEA_B_R2880: step 79 ELEVATED pairs=28776 evals=1124 1039s
[559707.3] IDEA_B_R2880: step 80 ELEVATED pairs=28593 evals=1140 1055s
[559717.3] IDEA_B_R2880: step 81 ELEVATED pairs=28412 evals=1156 1065s
[559734.9] IDEA_B_R2880: step 82 ELEVATED pairs=28233 evals=1172 1083s
[559748.3] IDEA_B_R2880: step 83 ELEVATED pairs=28134 evals=1188 1096s
[559762.8] IDEA_B_R2880: step 84 ELEVATED pairs=28022 evals=1204 1111s
[559778.4] IDEA_B_R2880: step 85 ELEVATED pairs=27902 evals=1220 1126s
[559789.8] IDEA_B_R2880: step 86 ELEVATED pairs=27782 evals=1236 1138s
[559800.7] IDEA_B_R2880: step 87 ELEVATED pairs=27662 evals=1252 1149s
[559814.3] IDEA_B_R2880: step 88 ELEVATED pairs=27514 evals=1268 1162s
[559827.5] IDEA_B_R2880: step 89 ELEVATED pairs=27394 evals=1284 1176s
[559842.6] IDEA_B_R2880: step 90 ELEVATED pairs=27248 evals=1300 1191s
[559861.0] IDEA_B_R2880: step 91 ELEVATED pairs=27092 evals=1316 1209s
[559873.2] IDEA_B_R2880: step 92 PREFIX_EVALUATED_NO_WINNER_DEFERRED pairs=27092 evals=1332 1221s
[559889.8] IDEA_B_R2880: step 93 ELEVATED pairs=26951 evals=1348 1238s
[559909.2] IDEA_B_R2880: step 94 PREFIX_EVALUATED_NO_WINNER_DEFERRED pairs=26951 evals=1364 1257s
[559926.0] IDEA_B_R2880: step 95 ELEVATED pairs=26895 evals=1380 1274s
[559943.3] IDEA_B_R2880: step 96 ELEVATED pairs=26781 evals=1396 1291s
[559961.5] IDEA_B_R2880: step 97 ELEVATED pairs=26690 evals=1412 1310s
[559979.9] IDEA_B_R2880: step 98 ELEVATED pairs=26525 evals=1428 1328s
[559997.2] IDEA_B_R2880: step 99 ELEVATED pairs=26436 evals=1444 1345s
[560014.1] IDEA_B_R2880: step 100 ELEVATED pairs=26273 evals=1460 1362s
[560033.1] IDEA_B_R2880: step 101 ELEVATED pairs=26112 evals=1476 1381s
[560046.6] IDEA_B_R2880: step 102 ELEVATED pairs=26016 evals=1492 1395s
[560070.9] IDEA_B_R2880: step 103 ELEVATED pairs=25857 evals=1508 1419s
[560087.0] IDEA_B_R2880: step 104 ELEVATED pairs=25803 evals=1524 1435s
[560106.8] IDEA_B_R2880: step 105 ELEVATED pairs=25644 evals=1540 1455s
[560123.8] IDEA_B_R2880: step 106 ELEVATED pairs=25487 evals=1556 1472s
[560133.7] IDEA_B_R2880: step 107 ELEVATED pairs=25361 evals=1572 1482s
[560148.5] IDEA_B_R2880: step 108 ELEVATED pairs=25207 evals=1588 1497s
[560164.2] IDEA_B_R2880: step 109 ELEVATED pairs=25144 evals=1604 1512s
[560177.6] IDEA_B_R2880: step 110 ELEVATED pairs=24969 evals=1620 1526s
[560187.6] IDEA_B_R2880: step 111 ELEVATED pairs=24796 evals=1636 1536s
[560201.6] IDEA_B_R2880: step 112 ELEVATED pairs=24735 evals=1652 1550s
[560231.9] IDEA_B_R2880: step 113 ELEVATED pairs=24607 evals=1668 1580s
[560261.1] IDEA_B_R2880: step 114 ELEVATED pairs=24481 evals=1684 1609s
[560274.4] IDEA_B_R2880: step 115 ELEVATED pairs=24411 evals=1700 1622s
[560293.7] IDEA_B_R2880: step 116 ELEVATED pairs=24317 evals=1709 1642s
[560318.0] IDEA_B_R2880: step 117 ELEVATED pairs=24173 evals=1725 1666s
[560330.4] IDEA_B_R2880: step 118 ELEVATED pairs=24079 evals=1741 1679s
[560352.7] IDEA_B_R2880: step 119 ELEVATED pairs=23935 evals=1757 1701s
[560374.0] IDEA_B_R2880: step 120 ELEVATED pairs=23791 evals=1773 1722s
[560384.4] IDEA_B_R2880: step 121 ELEVATED pairs=23698 evals=1789 1732s
[560404.5] IDEA_B_R2880: step 122 ELEVATED pairs=23554 evals=1805 1753s
[560437.1] IDEA_B_R2880: step 123 ELEVATED pairs=23440 evals=1821 1785s
[560453.1] IDEA_B_R2880: step 124 ELEVATED pairs=23259 evals=1837 1801s
[560485.7] IDEA_B_R2880: step 125 ELEVATED pairs=23145 evals=1853 1834s
[560518.1] IDEA_B_R2880: step 126 ELEVATED pairs=23031 evals=1869 1866s
[560537.3] IDEA_B_R2880: step 127 ELEVATED pairs=22866 evals=1885 1885s
[560566.6] IDEA_B_R2880: step 128 ELEVATED pairs=22752 evals=1901 1915s
[560586.8] IDEA_B_R2880: step 129 ELEVATED pairs=22589 evals=1917 1935s
[560609.7] IDEA_B_R2880: step 130 ELEVATED pairs=22428 evals=1933 1958s
[560633.9] IDEA_B_R2880: step 131 ELEVATED pairs=22269 evals=1949 1982s
[560646.0] IDEA_B_R2880: step 132 ELEVATED pairs=22187 evals=1965 1994s
[560657.0] IDEA_B_R2880: step 133 ELEVATED pairs=22053 evals=1981 2005s
[560667.9] IDEA_B_R2880: step 134 ELEVATED pairs=21921 evals=1997 2016s
[560685.3] IDEA_B_R2880: step 135 ELEVATED pairs=21793 evals=2013 2033s
[560696.2] IDEA_B_R2880: step 136 ELEVATED pairs=21663 evals=2029 2044s
[560706.6] IDEA_B_R2880: step 137 ELEVATED pairs=21599 evals=2045 2055s
[560717.1] IDEA_B_R2880: step 138 ELEVATED pairs=21536 evals=2061 2065s
[560727.7] IDEA_B_R2880: step 139 ELEVATED pairs=21473 evals=2077 2076s
[560736.6] IDEA_B_R2880: step 140 ELEVATED pairs=21404 evals=2093 2085s
[560745.4] IDEA_B_R2880: step 141 ELEVATED pairs=21335 evals=2109 2094s
[560754.6] IDEA_B_R2880: step 142 ELEVATED pairs=21266 evals=2125 2103s
[560763.9] IDEA_B_R2880: step 143 ELEVATED pairs=21197 evals=2141 2112s
[560773.2] IDEA_B_R2880: step 144 PREFIX_EVALUATED_NO_WINNER_DEFERRED pairs=21197 evals=2157 2121s
[560795.2] IDEA_B_R2880: step 145 ELEVATED pairs=21078 evals=2173 2143s
[560804.7] IDEA_B_R2880: step 146 PREFIX_EVALUATED_NO_WINNER_DEFERRED pairs=21078 evals=2189 2153s
[560816.0] IDEA_B_R2880: step 147 ELEVATED pairs=21032 evals=2205 2164s
[560825.3] IDEA_B_R2880: step 148 PREFIX_EVALUATED_NO_WINNER_DEFERRED pairs=21032 evals=2221 2173s
[560836.8] IDEA_B_R2880: step 149 ELEVATED pairs=20986 evals=2237 2185s
[560846.1] IDEA_B_R2880: step 150 PREFIX_EVALUATED_NO_WINNER_DEFERRED pairs=20986 evals=2253 2194s
[560854.8] IDEA_B_R2880: step 151 ELEVATED pairs=20932 evals=2269 2203s
[560864.4] IDEA_B_R2880: step 152 PREFIX_EVALUATED_NO_WINNER_DEFERRED pairs=20932 evals=2285 2213s
[560873.3] IDEA_B_R2880: step 153 ELEVATED pairs=20865 evals=2301 2221s
[560882.7] IDEA_B_R2880: step 154 PREFIX_EVALUATED_NO_WINNER_DEFERRED pairs=20865 evals=2317 2231s
[560892.0] IDEA_B_R2880: step 155 ELEVATED pairs=20798 evals=2333 2240s
[560901.9] IDEA_B_R2880: step 156 PREFIX_EVALUATED_NO_WINNER_DEFERRED pairs=20798 evals=2349 2250s
[560910.6] IDEA_B_R2880: step 157 ELEVATED pairs=20731 evals=2365 2259s
[560920.2] IDEA_B_R2880: step 158 PREFIX_EVALUATED_NO_WINNER_DEFERRED pairs=20731 evals=2381 2268s
[560936.4] IDEA_B_R2880: step 159 ELEVATED pairs=20568 evals=2397 2285s
[560945.8] IDEA_B_R2880: step 160 PREFIX_EVALUATED_NO_WINNER_DEFERRED pairs=20568 evals=2413 2294s
[560953.4] IDEA_B_R2880: step 161 ELEVATED pairs=20508 evals=2429 2302s
[560962.0] IDEA_B_R2880: step 162 PREFIX_EVALUATED_NO_WINNER_DEFERRED pairs=20508 evals=2445 2310s
[560969.7] IDEA_B_R2880: step 163 ELEVATED pairs=20448 evals=2461 2318s
[560978.3] IDEA_B_R2880: step 164 PREFIX_EVALUATED_NO_WINNER_DEFERRED pairs=20448 evals=2477 2326s
[560993.0] IDEA_B_R2880: step 165 ELEVATED pairs=20287 evals=2493 2341s
[561001.3] IDEA_B_R2880: step 166 PREFIX_EVALUATED_NO_WINNER_DEFERRED pairs=20287 evals=2509 2349s
[561009.2] IDEA_B_R2880: step 167 ELEVATED pairs=20221 evals=2525 2357s
[561018.7] IDEA_B_R2880: step 168 PREFIX_EVALUATED_NO_WINNER_DEFERRED pairs=20221 evals=2541 2367s
[561036.0] IDEA_B_R2880: step 169 ELEVATED pairs=20062 evals=2557 2384s
[561045.9] IDEA_B_R2880: step 170 PREFIX_EVALUATED_NO_WINNER_DEFERRED pairs=20062 evals=2573 2394s
[561057.7] IDEA_B_R2880: step 171 PREFIX_EVALUATED_NO_WINNER_DEFERRED pairs=20062 evals=2589 2406s
[561073.4] IDEA_B_R2880: step 172 ELEVATED pairs=19997 evals=2598 2422s
[561083.3] IDEA_B_R2880: step 173 PREFIX_EVALUATED_NO_WINNER_DEFERRED pairs=19997 evals=2614 2431s
[561095.4] IDEA_B_R2880: step 174 PREFIX_EVALUATED_NO_WINNER_DEFERRED pairs=19997 evals=2630 2443s
[561110.6] IDEA_B_R2880: step 175 ELEVATED pairs=19848 evals=2646 2459s
[561120.5] IDEA_B_R2880: step 176 PREFIX_EVALUATED_NO_WINNER_DEFERRED pairs=19848 evals=2662 2469s
[561132.4] IDEA_B_R2880: step 177 PREFIX_EVALUATED_NO_WINNER_DEFERRED pairs=19848 evals=2678 2480s
[561142.9] IDEA_B_R2880: step 178 ELEVATED pairs=19770 evals=2694 2491s
[561152.5] IDEA_B_R2880: step 179 PREFIX_EVALUATED_NO_WINNER_DEFERRED pairs=19770 evals=2710 2501s
[561164.3] IDEA_B_R2880: step 180 PREFIX_EVALUATED_NO_WINNER_DEFERRED pairs=19770 evals=2726 2512s
[561179.3] IDEA_B_R2880: step 181 ELEVATED pairs=19623 evals=2742 2527s
[561189.1] IDEA_B_R2880: step 182 PREFIX_EVALUATED_NO_WINNER_DEFERRED pairs=19623 evals=2758 2537s
[561200.8] IDEA_B_R2880: step 183 PREFIX_EVALUATED_NO_WINNER_DEFERRED pairs=19623 evals=2774 2549s
[561215.4] IDEA_B_R2880: step 184 ELEVATED pairs=19478 evals=2790 2563s
[561225.1] IDEA_B_R2880: step 185 PREFIX_EVALUATED_NO_WINNER_DEFERRED pairs=19478 evals=2806 2573s
[561237.0] IDEA_B_R2880: step 186 PREFIX_EVALUATED_NO_WINNER_DEFERRED pairs=19478 evals=2822 2585s
[561252.0] IDEA_B_R2880: step 187 ELEVATED pairs=19335 evals=2838 2600s
[561261.5] IDEA_B_R2880: step 188 PREFIX_EVALUATED_NO_WINNER_DEFERRED pairs=19335 evals=2854 2610s
[561273.2] IDEA_B_R2880: step 189 PREFIX_EVALUATED_NO_WINNER_DEFERRED pairs=19335 evals=2870 2621s
[561278.7] IDEA_B_R2880: step 190 ELEVATED pairs=19233 evals=2880 2627s
[561279.3] IDEA_B_R2880: done final=19233 moves=154 first=154 reloc=0 ret=0 evals=2880 stop=CANDIDATE_BUDGET_EXHAUSTED
[561384.9] IDEA_B_R2880: recheck PASS checks=130816
