[603356.8] V8_G1_N1440: start mode=N budget=1440 spec={"name": "V8_G1", "target_policy": "LEGACY", "evaluation_policy": "E2_ORDERED_K16", "traversal_policy": "BASE", "max_targets": 200, "k_per_target": 16, "family_round_robin": false, "relocation_side_reserve": 0, "waiting_age": false, "route_coverage": false, "multi_anchor": false, "exact_dedup": false, "decision_cache": false, "return_action": false, "cache_structural_skips": false, "window_slack_mm": 1e-05, "generation_domain": "PATH_WINDOWS", "path_window_settings": {"placements": [0.0, 0.5, 1.0], "length_factors": [1.0, 1.5, 2.0, 3.0], "cap": 4096}, "stage_length_cap_mm": null, "notes": ""}
[603356.8] V8_G1_N1440: start state=main C:\Users\lihao\Desktop\Graduation Project\OpticalWaveguideRouter3D\outputs\3d_strategy_v3\512_ablation\D_both_enabled pairs=42909
[603361.5] V8_G1_N1440: INITIAL_DONE pairs=42909
[603361.7] V8_G1_N1440: step 1 NO_CANDIDATES_GENERATED pairs=42909 evals=0 0s
[603362.1] V8_G1_N1440: step 2 NO_CANDIDATES_GENERATED pairs=42909 evals=0 1s
[603376.4] V8_G1_N1440: step 3 ELEVATED pairs=42657 evals=16 15s
[603393.6] V8_G1_N1440: step 4 ELEVATED pairs=42411 evals=32 32s
[603410.7] V8_G1_N1440: step 5 ELEVATED pairs=42168 evals=48 49s
[603427.5] V8_G1_N1440: step 6 ELEVATED pairs=41927 evals=64 66s
[603444.1] V8_G1_N1440: step 7 ELEVATED pairs=41688 evals=80 83s
[603457.7] V8_G1_N1440: step 8 ELEVATED pairs=41453 evals=96 96s
[603467.7] V8_G1_N1440: step 9 ELEVATED pairs=41202 evals=112 106s
[603475.9] V8_G1_N1440: step 10 ELEVATED pairs=40956 evals=128 114s
[603485.5] V8_G1_N1440: step 11 ELEVATED pairs=40707 evals=144 124s
[603497.0] V8_G1_N1440: step 12 ELEVATED pairs=40456 evals=160 136s
[603505.9] V8_G1_N1440: step 13 ELEVATED pairs=40209 evals=176 144s
[603517.3] V8_G1_N1440: step 14 ELEVATED pairs=39960 evals=192 156s
[603540.4] V8_G1_N1440: step 15 ELEVATED pairs=39734 evals=208 179s
[603563.2] V8_G1_N1440: step 16 ELEVATED pairs=39510 evals=224 202s
[603579.9] V8_G1_N1440: step 17 ELEVATED pairs=39292 evals=240 218s
[603589.4] V8_G1_N1440: step 18 ELEVATED pairs=39053 evals=256 228s
[603603.9] V8_G1_N1440: step 19 ELEVATED pairs=38833 evals=272 242s
[603608.4] V8_G1_N1440: step 20 PREFIX_EVALUATED_NO_WINNER_DEFERRED pairs=38833 evals=288 247s
[603612.3] V8_G1_N1440: step 21 PREFIX_EVALUATED_NO_WINNER_DEFERRED pairs=38833 evals=304 251s
[603624.3] V8_G1_N1440: step 22 ELEVATED pairs=38617 evals=320 263s
[603628.6] V8_G1_N1440: step 23 PREFIX_EVALUATED_NO_WINNER_DEFERRED pairs=38617 evals=336 267s
[603632.6] V8_G1_N1440: step 24 PREFIX_EVALUATED_NO_WINNER_DEFERRED pairs=38617 evals=352 271s
[603639.8] V8_G1_N1440: step 25 ELEVATED pairs=38389 evals=368 278s
[603643.8] V8_G1_N1440: step 26 PREFIX_EVALUATED_NO_WINNER_DEFERRED pairs=38389 evals=384 282s
[603648.0] V8_G1_N1440: step 27 PREFIX_EVALUATED_NO_WINNER_DEFERRED pairs=38389 evals=400 287s
[603660.2] V8_G1_N1440: step 28 ELEVATED pairs=38175 evals=416 299s
[603664.1] V8_G1_N1440: step 29 PREFIX_EVALUATED_NO_WINNER_DEFERRED pairs=38175 evals=432 303s
[603671.1] V8_G1_N1440: step 30 ELEVATED pairs=37949 evals=448 310s
[603675.0] V8_G1_N1440: step 31 PREFIX_EVALUATED_NO_WINNER_DEFERRED pairs=37949 evals=464 314s
[603682.3] V8_G1_N1440: step 32 ELEVATED pairs=37725 evals=480 321s
[603686.4] V8_G1_N1440: step 33 PREFIX_EVALUATED_NO_WINNER_DEFERRED pairs=37725 evals=496 325s
[603703.4] V8_G1_N1440: step 34 ELEVATED pairs=37519 evals=512 342s
[603707.3] V8_G1_N1440: step 35 PREFIX_EVALUATED_NO_WINNER_DEFERRED pairs=37519 evals=528 346s
[603723.2] V8_G1_N1440: step 36 ELEVATED pairs=37306 evals=544 362s
[603727.1] V8_G1_N1440: step 37 PREFIX_EVALUATED_NO_WINNER_DEFERRED pairs=37306 evals=560 366s
[603731.5] V8_G1_N1440: step 38 PREFIX_EVALUATED_NO_WINNER_DEFERRED pairs=37306 evals=576 370s
[603742.4] V8_G1_N1440: step 39 ELEVATED pairs=37087 evals=592 381s
[603746.3] V8_G1_N1440: step 40 PREFIX_EVALUATED_NO_WINNER_DEFERRED pairs=37087 evals=608 385s
[603777.6] V8_G1_N1440: step 41 ELEVATED pairs=36847 evals=624 416s
[603781.5] V8_G1_N1440: step 42 PREFIX_EVALUATED_NO_WINNER_DEFERRED pairs=36847 evals=640 420s
[603785.7] V8_G1_N1440: step 43 PREFIX_EVALUATED_NO_WINNER_DEFERRED pairs=36847 evals=656 424s
[603796.7] V8_G1_N1440: step 44 ELEVATED pairs=36642 evals=672 435s
[603800.6] V8_G1_N1440: step 45 PREFIX_EVALUATED_NO_WINNER_DEFERRED pairs=36642 evals=688 439s
[603804.8] V8_G1_N1440: step 46 PREFIX_EVALUATED_NO_WINNER_DEFERRED pairs=36642 evals=704 443s
[603805.3] V8_G1_N1440: step 47 NO_CANDIDATES_GENERATED pairs=36642 evals=704 444s
[603805.8] V8_G1_N1440: step 48 NO_CANDIDATES_GENERATED pairs=36642 evals=704 444s
[603816.5] V8_G1_N1440: step 49 ELEVATED pairs=36438 evals=720 455s
[603820.4] V8_G1_N1440: step 50 PREFIX_EVALUATED_NO_WINNER_DEFERRED pairs=36438 evals=736 459s
[603824.6] V8_G1_N1440: step 51 PREFIX_EVALUATED_NO_WINNER_DEFERRED pairs=36438 evals=752 463s
[603832.6] V8_G1_N1440: step 52 ELEVATED pairs=36228 evals=768 471s
[603836.4] V8_G1_N1440: step 53 PREFIX_EVALUATED_NO_WINNER_DEFERRED pairs=36228 evals=784 475s
[603840.7] V8_G1_N1440: step 54 PREFIX_EVALUATED_NO_WINNER_DEFERRED pairs=36228 evals=800 479s
[603851.8] V8_G1_N1440: step 55 ELEVATED pairs=36045 evals=816 490s
[603855.7] V8_G1_N1440: step 56 PREFIX_EVALUATED_NO_WINNER_DEFERRED pairs=36045 evals=832 494s
[603860.0] V8_G1_N1440: step 57 PREFIX_EVALUATED_NO_WINNER_DEFERRED pairs=36045 evals=848 499s
[603876.2] V8_G1_N1440: step 58 ELEVATED pairs=35853 evals=864 515s
[603880.1] V8_G1_N1440: step 59 PREFIX_EVALUATED_NO_WINNER_DEFERRED pairs=35853 evals=880 519s
[603884.5] V8_G1_N1440: step 60 PREFIX_EVALUATED_NO_WINNER_DEFERRED pairs=35853 evals=896 523s
[603896.1] V8_G1_N1440: step 61 ELEVATED pairs=35646 evals=912 535s
[603900.0] V8_G1_N1440: step 62 PREFIX_EVALUATED_NO_WINNER_DEFERRED pairs=35646 evals=928 539s
[603904.2] V8_G1_N1440: step 63 PREFIX_EVALUATED_NO_WINNER_DEFERRED pairs=35646 evals=944 543s
[603920.4] V8_G1_N1440: step 64 ELEVATED pairs=35456 evals=960 559s
[603924.4] V8_G1_N1440: step 65 PREFIX_EVALUATED_NO_WINNER_DEFERRED pairs=35456 evals=976 563s
[603928.7] V8_G1_N1440: step 66 PREFIX_EVALUATED_NO_WINNER_DEFERRED pairs=35456 evals=992 567s
[603940.8] V8_G1_N1440: step 67 ELEVATED pairs=35251 evals=1008 579s
[603944.6] V8_G1_N1440: step 68 PREFIX_EVALUATED_NO_WINNER_DEFERRED pairs=35251 evals=1024 583s
[603949.1] V8_G1_N1440: step 69 PREFIX_EVALUATED_NO_WINNER_DEFERRED pairs=35251 evals=1040 588s
[603965.2] V8_G1_N1440: step 70 ELEVATED pairs=35063 evals=1056 604s
[603969.1] V8_G1_N1440: step 71 PREFIX_EVALUATED_NO_WINNER_DEFERRED pairs=35063 evals=1072 608s
[603973.5] V8_G1_N1440: step 72 PREFIX_EVALUATED_NO_WINNER_DEFERRED pairs=35063 evals=1088 612s
[603985.5] V8_G1_N1440: step 73 ELEVATED pairs=34860 evals=1104 624s
[603989.4] V8_G1_N1440: step 74 PREFIX_EVALUATED_NO_WINNER_DEFERRED pairs=34860 evals=1120 628s
[603993.8] V8_G1_N1440: step 75 PREFIX_EVALUATED_NO_WINNER_DEFERRED pairs=34860 evals=1136 632s
[604002.0] V8_G1_N1440: step 76 ELEVATED pairs=34660 evals=1152 641s
[604005.9] V8_G1_N1440: step 77 PREFIX_EVALUATED_NO_WINNER_DEFERRED pairs=34660 evals=1168 644s
[604010.2] V8_G1_N1440: step 78 PREFIX_EVALUATED_NO_WINNER_DEFERRED pairs=34660 evals=1184 649s
[604021.9] V8_G1_N1440: step 79 ELEVATED pairs=34459 evals=1200 660s
[604025.8] V8_G1_N1440: step 80 PREFIX_EVALUATED_NO_WINNER_DEFERRED pairs=34459 evals=1216 664s
[604030.3] V8_G1_N1440: step 81 PREFIX_EVALUATED_NO_WINNER_DEFERRED pairs=34459 evals=1232 669s
[604038.5] V8_G1_N1440: step 82 ELEVATED pairs=34273 evals=1248 677s
[604042.4] V8_G1_N1440: step 83 PREFIX_EVALUATED_NO_WINNER_DEFERRED pairs=34273 evals=1264 681s
[604046.9] V8_G1_N1440: step 84 PREFIX_EVALUATED_NO_WINNER_DEFERRED pairs=34273 evals=1280 685s
[604059.4] V8_G1_N1440: step 85 ELEVATED pairs=34074 evals=1296 698s
[604063.5] V8_G1_N1440: step 86 PREFIX_EVALUATED_NO_WINNER_DEFERRED pairs=34074 evals=1312 702s
[604067.8] V8_G1_N1440: step 87 PREFIX_EVALUATED_NO_WINNER_DEFERRED pairs=34074 evals=1328 706s
[604076.3] V8_G1_N1440: step 88 ELEVATED pairs=33907 evals=1344 715s
[604080.2] V8_G1_N1440: step 89 PREFIX_EVALUATED_NO_WINNER_DEFERRED pairs=33907 evals=1360 719s
[604084.6] V8_G1_N1440: step 90 PREFIX_EVALUATED_NO_WINNER_DEFERRED pairs=33907 evals=1376 723s
[604097.5] V8_G1_N1440: step 91 ELEVATED pairs=33710 evals=1392 736s
[604101.1] V8_G1_N1440: step 92 PREFIX_EVALUATED_NO_WINNER_DEFERRED pairs=33710 evals=1408 740s
[604105.0] V8_G1_N1440: step 93 PREFIX_EVALUATED_NO_WINNER_DEFERRED pairs=33710 evals=1424 744s
[604113.0] V8_G1_N1440: step 94 ELEVATED pairs=33543 evals=1440 752s
[604114.4] V8_G1_N1440: step 95 ABORTED_CANDIDATE_BUDGET pairs=33543 evals=1440 753s
[604114.8] V8_G1_N1440: done final=33543 moves=43 first=43 reloc=0 ret=0 evals=1440 stop=CANDIDATE_BUDGET_EXHAUSTED
[604166.5] V8_G1_N1440: recheck PASS checks=130816
