[600481.8] P4_A_FAMILY_CAP24_RC2880: start mode=R budget=2880 spec={"name": "P4_A_FAMILY_CAP24", "target_policy": "LEGACY", "evaluation_policy": "E2_ORDERED_K16", "traversal_policy": "BASE", "max_targets": 2000, "k_per_target": 16, "family_round_robin": true, "relocation_side_reserve": 0, "waiting_age": false, "route_coverage": false, "multi_anchor": false, "exact_dedup": false, "decision_cache": false, "return_action": false, "cache_structural_skips": false, "window_slack_mm": 1e-05, "generation_domain": "LINE_ONLY", "path_window_settings": null, "stage_length_cap_mm": 24.0, "notes": ""}
[600481.8] P4_A_FAMILY_CAP24_RC2880: start state=challenge C:\Users\lihao\Desktop\Graduation Project\OpticalWaveguideRouter3D\outputs\3d_strategy_v4\512_full_layout\N2880 pairs=30999
[600486.6] P4_A_FAMILY_CAP24_RC2880: INITIAL_DONE pairs=30999
[600486.7] P4_A_FAMILY_CAP24_RC2880: step 1 NO_CANDIDATES_GENERATED pairs=30999 evals=0 0s
[600486.8] P4_A_FAMILY_CAP24_RC2880: step 2 NO_CANDIDATES_GENERATED pairs=30999 evals=0 0s
[600486.9] P4_A_FAMILY_CAP24_RC2880: step 3 NO_CANDIDATES_GENERATED pairs=30999 evals=0 0s
[600487.0] P4_A_FAMILY_CAP24_RC2880: step 4 NO_CANDIDATES_GENERATED pairs=30999 evals=0 0s
[600487.1] P4_A_FAMILY_CAP24_RC2880: step 5 NO_CANDIDATES_GENERATED pairs=30999 evals=0 1s
[600487.2] P4_A_FAMILY_CAP24_RC2880: step 6 NO_CANDIDATES_GENERATED pairs=30999 evals=0 1s
[600495.2] P4_A_FAMILY_CAP24_RC2880: step 7 ELEVATED pairs=30804 evals=16 9s
[600503.3] P4_A_FAMILY_CAP24_RC2880: step 8 ELEVATED pairs=30610 evals=32 17s
[600514.4] P4_A_FAMILY_CAP24_RC2880: step 9 ELEVATED pairs=30437 evals=48 28s
[600525.3] P4_A_FAMILY_CAP24_RC2880: step 10 ELEVATED pairs=30266 evals=64 39s
[600525.5] P4_A_FAMILY_CAP24_RC2880: step 11 NO_CANDIDATES_GENERATED pairs=30266 evals=64 39s
[600536.5] P4_A_FAMILY_CAP24_RC2880: step 12 ELEVATED pairs=30075 evals=80 50s
[600549.4] P4_A_FAMILY_CAP24_RC2880: step 13 ELEVATED pairs=29886 evals=96 63s
[600565.3] P4_A_FAMILY_CAP24_RC2880: step 14 ELEVATED pairs=29699 evals=112 79s
[600578.9] P4_A_FAMILY_CAP24_RC2880: step 15 ELEVATED pairs=29500 evals=128 92s
[600594.7] P4_A_FAMILY_CAP24_RC2880: step 16 ELEVATED pairs=29315 evals=144 108s
[600608.3] P4_A_FAMILY_CAP24_RC2880: step 17 ELEVATED pairs=29118 evals=160 122s
[600620.4] P4_A_FAMILY_CAP24_RC2880: step 18 ELEVATED pairs=28923 evals=176 134s
[600634.4] P4_A_FAMILY_CAP24_RC2880: step 19 ELEVATED pairs=28748 evals=192 148s
[600649.0] P4_A_FAMILY_CAP24_RC2880: step 20 ELEVATED pairs=28575 evals=208 162s
[600659.5] P4_A_FAMILY_CAP24_RC2880: step 21 ELEVATED pairs=28386 evals=224 173s
[600671.1] P4_A_FAMILY_CAP24_RC2880: step 22 ELEVATED pairs=28255 evals=240 185s
[600682.5] P4_A_FAMILY_CAP24_RC2880: step 23 ELEVATED pairs=28068 evals=256 196s
[600697.8] P4_A_FAMILY_CAP24_RC2880: step 24 ELEVATED pairs=27906 evals=272 211s
[600710.0] P4_A_FAMILY_CAP24_RC2880: step 25 ELEVATED pairs=27721 evals=288 223s
[600722.9] P4_A_FAMILY_CAP24_RC2880: step 26 ELEVATED pairs=27538 evals=304 236s
[600735.7] P4_A_FAMILY_CAP24_RC2880: step 27 ELEVATED pairs=27361 evals=320 249s
[600741.8] P4_A_FAMILY_CAP24_RC2880: step 28 ELEVATED pairs=27189 evals=329 255s
[600754.5] P4_A_FAMILY_CAP24_RC2880: step 29 ELEVATED pairs=27013 evals=345 268s
[600760.7] P4_A_FAMILY_CAP24_RC2880: step 30 ELEVATED pairs=26843 evals=354 274s
[600773.4] P4_A_FAMILY_CAP24_RC2880: step 31 ELEVATED pairs=26670 evals=370 287s
[600779.6] P4_A_FAMILY_CAP24_RC2880: step 32 ELEVATED pairs=26502 evals=379 293s
[600792.7] P4_A_FAMILY_CAP24_RC2880: step 33 ELEVATED pairs=26331 evals=395 306s
[600792.9] P4_A_FAMILY_CAP24_RC2880: step 34 NO_CANDIDATES_GENERATED pairs=26331 evals=395 306s
[600799.1] P4_A_FAMILY_CAP24_RC2880: step 35 ELEVATED pairs=26165 evals=404 313s
[600812.4] P4_A_FAMILY_CAP24_RC2880: step 36 ELEVATED pairs=25996 evals=420 326s
[600826.5] P4_A_FAMILY_CAP24_RC2880: step 37 ELEVATED pairs=25829 evals=436 340s
[600841.1] P4_A_FAMILY_CAP24_RC2880: step 38 ELEVATED pairs=25664 evals=452 355s
[600855.3] P4_A_FAMILY_CAP24_RC2880: step 39 ELEVATED pairs=25501 evals=468 369s
[600862.9] P4_A_FAMILY_CAP24_RC2880: step 40 ELEVATED pairs=25346 evals=484 376s
[600876.8] P4_A_FAMILY_CAP24_RC2880: step 41 ELEVATED pairs=25184 evals=500 390s
[600888.1] P4_A_FAMILY_CAP24_RC2880: step 42 ELEVATED pairs=25045 evals=516 402s
[600901.0] P4_A_FAMILY_CAP24_RC2880: step 43 ELEVATED pairs=24886 evals=532 414s
[600911.0] P4_A_FAMILY_CAP24_RC2880: step 44 ELEVATED pairs=24749 evals=548 424s
[600918.6] P4_A_FAMILY_CAP24_RC2880: step 45 ELEVATED pairs=24585 evals=564 432s
[600931.8] P4_A_FAMILY_CAP24_RC2880: step 46 ELEVATED pairs=24424 evals=580 445s
[600944.3] P4_A_FAMILY_CAP24_RC2880: step 47 ELEVATED pairs=24265 evals=596 458s
[600954.1] P4_A_FAMILY_CAP24_RC2880: step 48 ELEVATED pairs=24233 evals=612 468s
[600967.0] P4_A_FAMILY_CAP24_RC2880: step 49 ELEVATED pairs=24076 evals=628 480s
[600982.3] P4_A_FAMILY_CAP24_RC2880: step 50 ELEVATED pairs=23921 evals=644 496s
[600993.4] P4_A_FAMILY_CAP24_RC2880: step 51 ELEVATED pairs=23789 evals=660 507s
[601004.1] P4_A_FAMILY_CAP24_RC2880: step 52 ELEVATED pairs=23657 evals=676 518s
[601016.6] P4_A_FAMILY_CAP24_RC2880: step 53 ELEVATED pairs=23503 evals=692 530s
[601026.9] P4_A_FAMILY_CAP24_RC2880: step 54 ELEVATED pairs=23364 evals=708 540s
[601029.7] P4_A_FAMILY_CAP24_RC2880: step 55 PREFIX_EVALUATED_NO_WINNER_DEFERRED pairs=23364 evals=724 543s
[601032.7] P4_A_FAMILY_CAP24_RC2880: step 56 PREFIX_EVALUATED_NO_WINNER_DEFERRED pairs=23364 evals=740 546s
[601035.7] P4_A_FAMILY_CAP24_RC2880: step 57 PREFIX_EVALUATED_NO_WINNER_DEFERRED pairs=23364 evals=756 549s
[601038.6] P4_A_FAMILY_CAP24_RC2880: step 58 PREFIX_EVALUATED_NO_WINNER_DEFERRED pairs=23364 evals=772 552s
[601041.0] P4_A_FAMILY_CAP24_RC2880: step 59 PREFIX_EVALUATED_NO_WINNER_DEFERRED pairs=23364 evals=788 554s
[601043.3] P4_A_FAMILY_CAP24_RC2880: step 60 PREFIX_EVALUATED_NO_WINNER_DEFERRED pairs=23364 evals=804 557s
[601045.7] P4_A_FAMILY_CAP24_RC2880: step 61 PREFIX_EVALUATED_NO_WINNER_DEFERRED pairs=23364 evals=820 559s
[601047.9] P4_A_FAMILY_CAP24_RC2880: step 62 PREFIX_EVALUATED_NO_WINNER_DEFERRED pairs=23364 evals=836 561s
[601050.4] P4_A_FAMILY_CAP24_RC2880: step 63 PREFIX_EVALUATED_NO_WINNER_DEFERRED pairs=23364 evals=852 564s
[601052.9] P4_A_FAMILY_CAP24_RC2880: step 64 PREFIX_EVALUATED_NO_WINNER_DEFERRED pairs=23364 evals=868 566s
[601055.3] P4_A_FAMILY_CAP24_RC2880: step 65 PREFIX_EVALUATED_NO_WINNER_DEFERRED pairs=23364 evals=884 569s
[601057.6] P4_A_FAMILY_CAP24_RC2880: step 66 PREFIX_EVALUATED_NO_WINNER_DEFERRED pairs=23364 evals=900 571s
[601060.0] P4_A_FAMILY_CAP24_RC2880: step 67 PREFIX_EVALUATED_NO_WINNER_DEFERRED pairs=23364 evals=916 573s
[601062.4] P4_A_FAMILY_CAP24_RC2880: step 68 PREFIX_EVALUATED_NO_WINNER_DEFERRED pairs=23364 evals=932 576s
[601064.9] P4_A_FAMILY_CAP24_RC2880: step 69 PREFIX_EVALUATED_NO_WINNER_DEFERRED pairs=23364 evals=948 578s
[601067.3] P4_A_FAMILY_CAP24_RC2880: step 70 PREFIX_EVALUATED_NO_WINNER_DEFERRED pairs=23364 evals=964 581s
[601069.6] P4_A_FAMILY_CAP24_RC2880: step 71 PREFIX_EVALUATED_NO_WINNER_DEFERRED pairs=23364 evals=980 583s
[601071.9] P4_A_FAMILY_CAP24_RC2880: step 72 PREFIX_EVALUATED_NO_WINNER_DEFERRED pairs=23364 evals=996 585s
[601074.4] P4_A_FAMILY_CAP24_RC2880: step 73 PREFIX_EVALUATED_NO_WINNER_DEFERRED pairs=23364 evals=1012 588s
[601076.8] P4_A_FAMILY_CAP24_RC2880: step 74 PREFIX_EVALUATED_NO_WINNER_DEFERRED pairs=23364 evals=1028 590s
[601079.3] P4_A_FAMILY_CAP24_RC2880: step 75 PREFIX_EVALUATED_NO_WINNER_DEFERRED pairs=23364 evals=1044 593s
[601081.7] P4_A_FAMILY_CAP24_RC2880: step 76 PREFIX_EVALUATED_NO_WINNER_DEFERRED pairs=23364 evals=1060 595s
[601084.1] P4_A_FAMILY_CAP24_RC2880: step 77 PREFIX_EVALUATED_NO_WINNER_DEFERRED pairs=23364 evals=1076 598s
[601086.6] P4_A_FAMILY_CAP24_RC2880: step 78 PREFIX_EVALUATED_NO_WINNER_DEFERRED pairs=23364 evals=1092 600s
[601089.0] P4_A_FAMILY_CAP24_RC2880: step 79 PREFIX_EVALUATED_NO_WINNER_DEFERRED pairs=23364 evals=1108 602s
[601091.4] P4_A_FAMILY_CAP24_RC2880: step 80 PREFIX_EVALUATED_NO_WINNER_DEFERRED pairs=23364 evals=1124 605s
[601093.8] P4_A_FAMILY_CAP24_RC2880: step 81 PREFIX_EVALUATED_NO_WINNER_DEFERRED pairs=23364 evals=1140 607s
[601096.2] P4_A_FAMILY_CAP24_RC2880: step 82 PREFIX_EVALUATED_NO_WINNER_DEFERRED pairs=23364 evals=1156 610s
[601098.6] P4_A_FAMILY_CAP24_RC2880: step 83 PREFIX_EVALUATED_NO_WINNER_DEFERRED pairs=23364 evals=1172 612s
[601100.9] P4_A_FAMILY_CAP24_RC2880: step 84 PREFIX_EVALUATED_NO_WINNER_DEFERRED pairs=23364 evals=1188 614s
[601102.4] P4_A_FAMILY_CAP24_RC2880: step 85 ALL_CANDIDATES_REJECTED pairs=23364 evals=1197 616s
[601103.9] P4_A_FAMILY_CAP24_RC2880: step 86 ALL_CANDIDATES_REJECTED pairs=23364 evals=1206 617s
[601105.9] P4_A_FAMILY_CAP24_RC2880: step 87 PREFIX_EVALUATED_NO_WINNER_DEFERRED pairs=23364 evals=1222 619s
[601108.1] P4_A_FAMILY_CAP24_RC2880: step 88 PREFIX_EVALUATED_NO_WINNER_DEFERRED pairs=23364 evals=1238 622s
[601110.3] P4_A_FAMILY_CAP24_RC2880: step 89 PREFIX_EVALUATED_NO_WINNER_DEFERRED pairs=23364 evals=1254 624s
[601112.4] P4_A_FAMILY_CAP24_RC2880: step 90 PREFIX_EVALUATED_NO_WINNER_DEFERRED pairs=23364 evals=1270 626s
[601114.9] P4_A_FAMILY_CAP24_RC2880: step 91 PREFIX_EVALUATED_NO_WINNER_DEFERRED pairs=23364 evals=1286 628s
[601117.3] P4_A_FAMILY_CAP24_RC2880: step 92 PREFIX_EVALUATED_NO_WINNER_DEFERRED pairs=23364 evals=1302 631s
[601119.8] P4_A_FAMILY_CAP24_RC2880: step 93 PREFIX_EVALUATED_NO_WINNER_DEFERRED pairs=23364 evals=1318 633s
[601122.6] P4_A_FAMILY_CAP24_RC2880: step 94 PREFIX_EVALUATED_NO_WINNER_DEFERRED pairs=23364 evals=1334 636s
[601125.4] P4_A_FAMILY_CAP24_RC2880: step 95 PREFIX_EVALUATED_NO_WINNER_DEFERRED pairs=23364 evals=1350 639s
[601128.1] P4_A_FAMILY_CAP24_RC2880: step 96 PREFIX_EVALUATED_NO_WINNER_DEFERRED pairs=23364 evals=1366 642s
[601130.5] P4_A_FAMILY_CAP24_RC2880: step 97 PREFIX_EVALUATED_NO_WINNER_DEFERRED pairs=23364 evals=1382 644s
[601132.8] P4_A_FAMILY_CAP24_RC2880: step 98 PREFIX_EVALUATED_NO_WINNER_DEFERRED pairs=23364 evals=1398 646s
[601135.2] P4_A_FAMILY_CAP24_RC2880: step 99 PREFIX_EVALUATED_NO_WINNER_DEFERRED pairs=23364 evals=1414 649s
[601137.4] P4_A_FAMILY_CAP24_RC2880: step 100 PREFIX_EVALUATED_NO_WINNER_DEFERRED pairs=23364 evals=1430 651s
[601140.0] P4_A_FAMILY_CAP24_RC2880: step 101 PREFIX_EVALUATED_NO_WINNER_DEFERRED pairs=23364 evals=1446 653s
[601142.6] P4_A_FAMILY_CAP24_RC2880: step 102 PREFIX_EVALUATED_NO_WINNER_DEFERRED pairs=23364 evals=1462 656s
[601145.0] P4_A_FAMILY_CAP24_RC2880: step 103 PREFIX_EVALUATED_NO_WINNER_DEFERRED pairs=23364 evals=1478 658s
[601147.5] P4_A_FAMILY_CAP24_RC2880: step 104 PREFIX_EVALUATED_NO_WINNER_DEFERRED pairs=23364 evals=1494 661s
[601150.2] P4_A_FAMILY_CAP24_RC2880: step 105 PREFIX_EVALUATED_NO_WINNER_DEFERRED pairs=23364 evals=1510 664s
[601153.0] P4_A_FAMILY_CAP24_RC2880: step 106 PREFIX_EVALUATED_NO_WINNER_DEFERRED pairs=23364 evals=1526 666s
[601155.6] P4_A_FAMILY_CAP24_RC2880: step 107 PREFIX_EVALUATED_NO_WINNER_DEFERRED pairs=23364 evals=1542 669s
[601158.6] P4_A_FAMILY_CAP24_RC2880: step 108 PREFIX_EVALUATED_NO_WINNER_DEFERRED pairs=23364 evals=1558 672s
[601161.8] P4_A_FAMILY_CAP24_RC2880: step 109 PREFIX_EVALUATED_NO_WINNER_DEFERRED pairs=23364 evals=1574 675s
[601164.5] P4_A_FAMILY_CAP24_RC2880: step 110 PREFIX_EVALUATED_NO_WINNER_DEFERRED pairs=23364 evals=1590 678s
[601167.1] P4_A_FAMILY_CAP24_RC2880: step 111 PREFIX_EVALUATED_NO_WINNER_DEFERRED pairs=23364 evals=1606 681s
[601169.8] P4_A_FAMILY_CAP24_RC2880: step 112 PREFIX_EVALUATED_NO_WINNER_DEFERRED pairs=23364 evals=1622 683s
[601172.5] P4_A_FAMILY_CAP24_RC2880: step 113 PREFIX_EVALUATED_NO_WINNER_DEFERRED pairs=23364 evals=1638 686s
[601175.4] P4_A_FAMILY_CAP24_RC2880: step 114 PREFIX_EVALUATED_NO_WINNER_DEFERRED pairs=23364 evals=1654 689s
[601178.3] P4_A_FAMILY_CAP24_RC2880: step 115 PREFIX_EVALUATED_NO_WINNER_DEFERRED pairs=23364 evals=1670 692s
[601180.9] P4_A_FAMILY_CAP24_RC2880: step 116 PREFIX_EVALUATED_NO_WINNER_DEFERRED pairs=23364 evals=1686 694s
[601183.6] P4_A_FAMILY_CAP24_RC2880: step 117 PREFIX_EVALUATED_NO_WINNER_DEFERRED pairs=23364 evals=1702 697s
[601185.9] P4_A_FAMILY_CAP24_RC2880: step 118 PREFIX_EVALUATED_NO_WINNER_DEFERRED pairs=23364 evals=1718 699s
[601188.3] P4_A_FAMILY_CAP24_RC2880: step 119 PREFIX_EVALUATED_NO_WINNER_DEFERRED pairs=23364 evals=1734 702s
[601191.0] P4_A_FAMILY_CAP24_RC2880: step 120 PREFIX_EVALUATED_NO_WINNER_DEFERRED pairs=23364 evals=1750 704s
[601193.6] P4_A_FAMILY_CAP24_RC2880: step 121 PREFIX_EVALUATED_NO_WINNER_DEFERRED pairs=23364 evals=1766 707s
[601196.3] P4_A_FAMILY_CAP24_RC2880: step 122 PREFIX_EVALUATED_NO_WINNER_DEFERRED pairs=23364 evals=1782 710s
[601199.1] P4_A_FAMILY_CAP24_RC2880: step 123 PREFIX_EVALUATED_NO_WINNER_DEFERRED pairs=23364 evals=1798 712s
[601201.8] P4_A_FAMILY_CAP24_RC2880: step 124 PREFIX_EVALUATED_NO_WINNER_DEFERRED pairs=23364 evals=1814 715s
[601204.9] P4_A_FAMILY_CAP24_RC2880: step 125 PREFIX_EVALUATED_NO_WINNER_DEFERRED pairs=23364 evals=1830 718s
[601208.0] P4_A_FAMILY_CAP24_RC2880: step 126 PREFIX_EVALUATED_NO_WINNER_DEFERRED pairs=23364 evals=1846 721s
[601211.1] P4_A_FAMILY_CAP24_RC2880: step 127 PREFIX_EVALUATED_NO_WINNER_DEFERRED pairs=23364 evals=1862 725s
[601214.3] P4_A_FAMILY_CAP24_RC2880: step 128 PREFIX_EVALUATED_NO_WINNER_DEFERRED pairs=23364 evals=1878 728s
[601217.0] P4_A_FAMILY_CAP24_RC2880: step 129 PREFIX_EVALUATED_NO_WINNER_DEFERRED pairs=23364 evals=1894 730s
[601219.7] P4_A_FAMILY_CAP24_RC2880: step 130 PREFIX_EVALUATED_NO_WINNER_DEFERRED pairs=23364 evals=1910 733s
[601222.3] P4_A_FAMILY_CAP24_RC2880: step 131 PREFIX_EVALUATED_NO_WINNER_DEFERRED pairs=23364 evals=1926 736s
[601224.9] P4_A_FAMILY_CAP24_RC2880: step 132 PREFIX_EVALUATED_NO_WINNER_DEFERRED pairs=23364 evals=1942 738s
[601228.0] P4_A_FAMILY_CAP24_RC2880: step 133 PREFIX_EVALUATED_NO_WINNER_DEFERRED pairs=23364 evals=1958 741s
[601231.1] P4_A_FAMILY_CAP24_RC2880: step 134 PREFIX_EVALUATED_NO_WINNER_DEFERRED pairs=23364 evals=1974 745s
[601234.2] P4_A_FAMILY_CAP24_RC2880: step 135 PREFIX_EVALUATED_NO_WINNER_DEFERRED pairs=23364 evals=1990 748s
[601237.2] P4_A_FAMILY_CAP24_RC2880: step 136 PREFIX_EVALUATED_NO_WINNER_DEFERRED pairs=23364 evals=2006 751s
[601240.3] P4_A_FAMILY_CAP24_RC2880: step 137 PREFIX_EVALUATED_NO_WINNER_DEFERRED pairs=23364 evals=2022 754s
[601243.4] P4_A_FAMILY_CAP24_RC2880: step 138 PREFIX_EVALUATED_NO_WINNER_DEFERRED pairs=23364 evals=2038 757s
[601246.4] P4_A_FAMILY_CAP24_RC2880: step 139 PREFIX_EVALUATED_NO_WINNER_DEFERRED pairs=23364 evals=2054 760s
[601249.5] P4_A_FAMILY_CAP24_RC2880: step 140 PREFIX_EVALUATED_NO_WINNER_DEFERRED pairs=23364 evals=2070 763s
[601252.1] P4_A_FAMILY_CAP24_RC2880: step 141 PREFIX_EVALUATED_NO_WINNER_DEFERRED pairs=23364 evals=2086 766s
[601254.8] P4_A_FAMILY_CAP24_RC2880: step 142 PREFIX_EVALUATED_NO_WINNER_DEFERRED pairs=23364 evals=2102 768s
[601257.3] P4_A_FAMILY_CAP24_RC2880: step 143 PREFIX_EVALUATED_NO_WINNER_DEFERRED pairs=23364 evals=2118 771s
[601259.8] P4_A_FAMILY_CAP24_RC2880: step 144 PREFIX_EVALUATED_NO_WINNER_DEFERRED pairs=23364 evals=2134 773s
[601262.3] P4_A_FAMILY_CAP24_RC2880: step 145 PREFIX_EVALUATED_NO_WINNER_DEFERRED pairs=23364 evals=2150 776s
[601264.9] P4_A_FAMILY_CAP24_RC2880: step 146 PREFIX_EVALUATED_NO_WINNER_DEFERRED pairs=23364 evals=2166 778s
[601267.3] P4_A_FAMILY_CAP24_RC2880: step 147 PREFIX_EVALUATED_NO_WINNER_DEFERRED pairs=23364 evals=2182 781s
[601269.9] P4_A_FAMILY_CAP24_RC2880: step 148 PREFIX_EVALUATED_NO_WINNER_DEFERRED pairs=23364 evals=2198 783s
[601272.5] P4_A_FAMILY_CAP24_RC2880: step 149 PREFIX_EVALUATED_NO_WINNER_DEFERRED pairs=23364 evals=2214 786s
[601275.0] P4_A_FAMILY_CAP24_RC2880: step 150 PREFIX_EVALUATED_NO_WINNER_DEFERRED pairs=23364 evals=2230 788s
[601277.7] P4_A_FAMILY_CAP24_RC2880: step 151 PREFIX_EVALUATED_NO_WINNER_DEFERRED pairs=23364 evals=2246 791s
[601280.5] P4_A_FAMILY_CAP24_RC2880: step 152 PREFIX_EVALUATED_NO_WINNER_DEFERRED pairs=23364 evals=2262 794s
[601283.1] P4_A_FAMILY_CAP24_RC2880: step 153 PREFIX_EVALUATED_NO_WINNER_DEFERRED pairs=23364 evals=2278 796s
[601285.7] P4_A_FAMILY_CAP24_RC2880: step 154 PREFIX_EVALUATED_NO_WINNER_DEFERRED pairs=23364 evals=2294 799s
[601288.3] P4_A_FAMILY_CAP24_RC2880: step 155 PREFIX_EVALUATED_NO_WINNER_DEFERRED pairs=23364 evals=2310 802s
[601290.9] P4_A_FAMILY_CAP24_RC2880: step 156 PREFIX_EVALUATED_NO_WINNER_DEFERRED pairs=23364 evals=2326 804s
[601293.4] P4_A_FAMILY_CAP24_RC2880: step 157 PREFIX_EVALUATED_NO_WINNER_DEFERRED pairs=23364 evals=2342 807s
[601295.9] P4_A_FAMILY_CAP24_RC2880: step 158 PREFIX_EVALUATED_NO_WINNER_DEFERRED pairs=23364 evals=2358 809s
[601298.4] P4_A_FAMILY_CAP24_RC2880: step 159 PREFIX_EVALUATED_NO_WINNER_DEFERRED pairs=23364 evals=2374 812s
[601300.9] P4_A_FAMILY_CAP24_RC2880: step 160 PREFIX_EVALUATED_NO_WINNER_DEFERRED pairs=23364 evals=2390 814s
[601303.3] P4_A_FAMILY_CAP24_RC2880: step 161 PREFIX_EVALUATED_NO_WINNER_DEFERRED pairs=23364 evals=2406 817s
[601305.6] P4_A_FAMILY_CAP24_RC2880: step 162 PREFIX_EVALUATED_NO_WINNER_DEFERRED pairs=23364 evals=2422 819s
[601308.7] P4_A_FAMILY_CAP24_RC2880: step 163 PREFIX_EVALUATED_NO_WINNER_DEFERRED pairs=23364 evals=2438 822s
[601311.6] P4_A_FAMILY_CAP24_RC2880: step 164 PREFIX_EVALUATED_NO_WINNER_DEFERRED pairs=23364 evals=2454 825s
[601314.5] P4_A_FAMILY_CAP24_RC2880: step 165 PREFIX_EVALUATED_NO_WINNER_DEFERRED pairs=23364 evals=2470 828s
[601317.5] P4_A_FAMILY_CAP24_RC2880: step 166 PREFIX_EVALUATED_NO_WINNER_DEFERRED pairs=23364 evals=2486 831s
[601320.6] P4_A_FAMILY_CAP24_RC2880: step 167 PREFIX_EVALUATED_NO_WINNER_DEFERRED pairs=23364 evals=2502 834s
[601323.6] P4_A_FAMILY_CAP24_RC2880: step 168 PREFIX_EVALUATED_NO_WINNER_DEFERRED pairs=23364 evals=2518 837s
[601326.6] P4_A_FAMILY_CAP24_RC2880: step 169 PREFIX_EVALUATED_NO_WINNER_DEFERRED pairs=23364 evals=2534 840s
[601329.4] P4_A_FAMILY_CAP24_RC2880: step 170 PREFIX_EVALUATED_NO_WINNER_DEFERRED pairs=23364 evals=2550 843s
[601332.4] P4_A_FAMILY_CAP24_RC2880: step 171 PREFIX_EVALUATED_NO_WINNER_DEFERRED pairs=23364 evals=2566 846s
[601335.4] P4_A_FAMILY_CAP24_RC2880: step 172 PREFIX_EVALUATED_NO_WINNER_DEFERRED pairs=23364 evals=2582 849s
[601338.5] P4_A_FAMILY_CAP24_RC2880: step 173 PREFIX_EVALUATED_NO_WINNER_DEFERRED pairs=23364 evals=2598 852s
[601341.5] P4_A_FAMILY_CAP24_RC2880: step 174 PREFIX_EVALUATED_NO_WINNER_DEFERRED pairs=23364 evals=2614 855s
[601343.9] P4_A_FAMILY_CAP24_RC2880: step 175 PREFIX_EVALUATED_NO_WINNER_DEFERRED pairs=23364 evals=2630 857s
[601346.4] P4_A_FAMILY_CAP24_RC2880: step 176 PREFIX_EVALUATED_NO_WINNER_DEFERRED pairs=23364 evals=2646 860s
[601348.9] P4_A_FAMILY_CAP24_RC2880: step 177 PREFIX_EVALUATED_NO_WINNER_DEFERRED pairs=23364 evals=2662 862s
[601351.3] P4_A_FAMILY_CAP24_RC2880: step 178 PREFIX_EVALUATED_NO_WINNER_DEFERRED pairs=23364 evals=2678 865s
[601353.7] P4_A_FAMILY_CAP24_RC2880: step 179 PREFIX_EVALUATED_NO_WINNER_DEFERRED pairs=23364 evals=2694 867s
[601356.2] P4_A_FAMILY_CAP24_RC2880: step 180 PREFIX_EVALUATED_NO_WINNER_DEFERRED pairs=23364 evals=2710 870s
[601358.7] P4_A_FAMILY_CAP24_RC2880: step 181 PREFIX_EVALUATED_NO_WINNER_DEFERRED pairs=23364 evals=2726 872s
[601361.0] P4_A_FAMILY_CAP24_RC2880: step 182 PREFIX_EVALUATED_NO_WINNER_DEFERRED pairs=23364 evals=2742 874s
[601363.6] P4_A_FAMILY_CAP24_RC2880: step 183 PREFIX_EVALUATED_NO_WINNER_DEFERRED pairs=23364 evals=2758 877s
[601366.0] P4_A_FAMILY_CAP24_RC2880: step 184 PREFIX_EVALUATED_NO_WINNER_DEFERRED pairs=23364 evals=2774 879s
[601368.5] P4_A_FAMILY_CAP24_RC2880: step 185 PREFIX_EVALUATED_NO_WINNER_DEFERRED pairs=23364 evals=2790 882s
[601371.0] P4_A_FAMILY_CAP24_RC2880: step 186 PREFIX_EVALUATED_NO_WINNER_DEFERRED pairs=23364 evals=2806 884s
[601373.6] P4_A_FAMILY_CAP24_RC2880: step 187 PREFIX_EVALUATED_NO_WINNER_DEFERRED pairs=23364 evals=2822 887s
[601376.2] P4_A_FAMILY_CAP24_RC2880: step 188 PREFIX_EVALUATED_NO_WINNER_DEFERRED pairs=23364 evals=2838 890s
[601378.7] P4_A_FAMILY_CAP24_RC2880: step 189 PREFIX_EVALUATED_NO_WINNER_DEFERRED pairs=23364 evals=2854 892s
[601381.0] P4_A_FAMILY_CAP24_RC2880: step 190 PREFIX_EVALUATED_NO_WINNER_DEFERRED pairs=23364 evals=2870 894s
[601382.7] P4_A_FAMILY_CAP24_RC2880: step 191 ABORTED_CANDIDATE_BUDGET pairs=23364 evals=2880 896s
[601383.0] P4_A_FAMILY_CAP24_RC2880: done final=23364 moves=46 first=46 reloc=0 ret=0 evals=2880 stop=CANDIDATE_BUDGET_EXHAUSTED
[601442.0] P4_A_FAMILY_CAP24_RC2880: recheck PASS checks=130816
