[552729.4] V5_STRATIFIED_N2880: start mode=N budget=2880 spec={"name": "V5_STRATIFIED", "target_policy": "STRATIFIED", "evaluation_policy": "E0_EXHAUSTIVE", "traversal_policy": "BASE", "max_targets": 200, "k_per_target": 16, "family_round_robin": false, "relocation_side_reserve": 0, "waiting_age": false, "route_coverage": false, "multi_anchor": false, "exact_dedup": false, "decision_cache": false, "return_action": false, "cache_structural_skips": false, "window_slack_mm": 1e-05, "notes": ""}
[552729.4] V5_STRATIFIED_N2880: start state=main C:\Users\lihao\Desktop\Graduation Project\OpticalWaveguideRouter3D\outputs\3d_strategy_v3\512_ablation\D_both_enabled pairs=42909
[552733.5] V5_STRATIFIED_N2880: INITIAL_DONE pairs=42909
[552733.6] V5_STRATIFIED_N2880: step 1 NO_CANDIDATES_GENERATED pairs=42909 evals=0 0s
[552736.2] V5_STRATIFIED_N2880: step 2 NO_CANDIDATES_GENERATED pairs=42909 evals=0 3s
[552736.3] V5_STRATIFIED_N2880: step 3 NO_CANDIDATES_GENERATED pairs=42909 evals=0 3s
[553074.5] V5_STRATIFIED_N2880: start mode=N budget=2880 spec={"name": "V5_STRATIFIED", "target_policy": "STRATIFIED", "evaluation_policy": "E0_EXHAUSTIVE", "traversal_policy": "BASE", "max_targets": 200, "k_per_target": 16, "family_round_robin": false, "relocation_side_reserve": 0, "waiting_age": false, "route_coverage": false, "multi_anchor": false, "exact_dedup": false, "decision_cache": false, "return_action": false, "cache_structural_skips": false, "window_slack_mm": 1e-05, "notes": ""}
[553074.5] V5_STRATIFIED_N2880: start state=main C:\Users\lihao\Desktop\Graduation Project\OpticalWaveguideRouter3D\outputs\3d_strategy_v3\512_ablation\D_both_enabled pairs=42909
[553080.4] V5_STRATIFIED_N2880: INITIAL_DONE pairs=42909
[553080.6] V5_STRATIFIED_N2880: step 1 NO_CANDIDATES_GENERATED pairs=42909 evals=0 0s
[553085.2] V5_STRATIFIED_N2880: step 2 NO_CANDIDATES_GENERATED pairs=42909 evals=0 5s
[553085.4] V5_STRATIFIED_N2880: step 3 NO_CANDIDATES_GENERATED pairs=42909 evals=0 5s
[553112.0] V5_STRATIFIED_N2880: step 4 ELEVATED pairs=42635 evals=27 32s
[553169.4] V5_STRATIFIED_N2880: step 5 ELEVATED pairs=42375 evals=99 89s
[553246.2] V5_STRATIFIED_N2880: step 6 ELEVATED pairs=42120 evals=171 166s
[553246.5] V5_STRATIFIED_N2880: step 7 NO_CANDIDATES_GENERATED pairs=42120 evals=171 166s
[553317.5] V5_STRATIFIED_N2880: step 8 ELEVATED pairs=41868 evals=243 237s
[553385.2] V5_STRATIFIED_N2880: step 9 ELEVATED pairs=41618 evals=315 305s
[553414.3] V5_STRATIFIED_N2880: step 10 ELEVATED pairs=41373 evals=342 334s
[553450.3] V5_STRATIFIED_N2880: step 11 ELEVATED pairs=41120 evals=378 370s
[553501.0] V5_STRATIFIED_N2880: step 12 ELEVATED pairs=40851 evals=432 421s
[553562.0] V5_STRATIFIED_N2880: step 13 ELEVATED pairs=40598 evals=486 482s
[553597.4] V5_STRATIFIED_N2880: step 14 ELEVATED pairs=40338 evals=540 517s
[553665.3] V5_STRATIFIED_N2880: step 15 ELEVATED pairs=40082 evals=639 585s
[553724.3] V5_STRATIFIED_N2880: step 16 ELEVATED pairs=39841 evals=693 644s
[553796.1] V5_STRATIFIED_N2880: step 17 ELEVATED pairs=39589 evals=792 716s
[553841.4] V5_STRATIFIED_N2880: step 18 ELEVATED pairs=39341 evals=846 761s
[553892.2] V5_STRATIFIED_N2880: step 19 ELEVATED pairs=39098 evals=900 812s
[553945.7] V5_STRATIFIED_N2880: step 20 ELEVATED pairs=38851 evals=954 865s
[553990.5] V5_STRATIFIED_N2880: step 21 ELEVATED pairs=38606 evals=1008 910s
[554040.3] V5_STRATIFIED_N2880: step 22 ELEVATED pairs=38365 evals=1062 960s
[554112.5] V5_STRATIFIED_N2880: step 23 ELEVATED pairs=38118 evals=1161 1032s
[554162.9] V5_STRATIFIED_N2880: step 24 ELEVATED pairs=37888 evals=1215 1083s
[554210.6] V5_STRATIFIED_N2880: step 25 ELEVATED pairs=37652 evals=1269 1130s
[554273.2] V5_STRATIFIED_N2880: step 26 ELEVATED pairs=37426 evals=1323 1193s
[554321.3] V5_STRATIFIED_N2880: step 27 ELEVATED pairs=37204 evals=1395 1241s
[554387.7] V5_STRATIFIED_N2880: step 28 ELEVATED pairs=36974 evals=1449 1307s
[554478.5] V5_STRATIFIED_N2880: step 29 ELEVATED pairs=36755 evals=1521 1398s
[554528.3] V5_STRATIFIED_N2880: step 30 ELEVATED pairs=36528 evals=1575 1448s
[554528.6] V5_STRATIFIED_N2880: step 31 NO_CANDIDATES_GENERATED pairs=36528 evals=1575 1448s
[554594.1] V5_STRATIFIED_N2880: step 32 ELEVATED pairs=36302 evals=1629 1514s
[554671.4] V5_STRATIFIED_N2880: step 33 ELEVATED pairs=36088 evals=1701 1591s
[554695.6] V5_STRATIFIED_N2880: step 34 ELEVATED pairs=35866 evals=1728 1615s
[554760.5] V5_STRATIFIED_N2880: step 35 ELEVATED pairs=35642 evals=1782 1680s
[554829.6] V5_STRATIFIED_N2880: step 36 ELEVATED pairs=35431 evals=1854 1749s
[554830.0] V5_STRATIFIED_N2880: step 37 NO_CANDIDATES_GENERATED pairs=35431 evals=1854 1750s
[554924.6] V5_STRATIFIED_N2880: step 38 ELEVATED pairs=35221 evals=1926 1844s
[554924.8] V5_STRATIFIED_N2880: step 39 NO_CANDIDATES_GENERATED pairs=35221 evals=1926 1845s
[554996.5] V5_STRATIFIED_N2880: step 40 ELEVATED pairs=35005 evals=1980 1916s
[555015.7] V5_STRATIFIED_N2880: step 41 NO_CANDIDATES_GENERATED pairs=35005 evals=1980 1935s
[555084.8] V5_STRATIFIED_N2880: step 42 ELEVATED pairs=34801 evals=2052 2005s
[555085.2] V5_STRATIFIED_N2880: step 43 NO_CANDIDATES_GENERATED pairs=34801 evals=2052 2005s
[555171.2] V5_STRATIFIED_N2880: step 44 ELEVATED pairs=34598 evals=2124 2091s
[555204.0] V5_STRATIFIED_N2880: step 45 ELEVATED pairs=34394 evals=2178 2124s
[555204.4] V5_STRATIFIED_N2880: step 46 NO_CANDIDATES_GENERATED pairs=34394 evals=2178 2124s
[555300.5] V5_STRATIFIED_N2880: step 47 ELEVATED pairs=34195 evals=2250 2220s
[555307.6] V5_STRATIFIED_N2880: step 48 ELEVATED pairs=33989 evals=2259 2227s
[555308.0] V5_STRATIFIED_N2880: step 49 NO_CANDIDATES_GENERATED pairs=33989 evals=2259 2228s
[555335.6] V5_STRATIFIED_N2880: step 50 ELEVATED pairs=33785 evals=2268 2255s
[555342.6] V5_STRATIFIED_N2880: step 51 ELEVATED pairs=33583 evals=2277 2262s
[555343.1] V5_STRATIFIED_N2880: step 52 NO_CANDIDATES_GENERATED pairs=33583 evals=2277 2263s
[555411.4] V5_STRATIFIED_N2880: step 53 ELEVATED pairs=33371 evals=2331 2331s
[555418.2] V5_STRATIFIED_N2880: step 54 ELEVATED pairs=33171 evals=2340 2338s
[555418.7] V5_STRATIFIED_N2880: step 55 NO_CANDIDATES_GENERATED pairs=33171 evals=2340 2338s
[555447.0] V5_STRATIFIED_N2880: step 56 ELEVATED pairs=32973 evals=2349 2367s
[555454.3] V5_STRATIFIED_N2880: step 57 ELEVATED pairs=32777 evals=2358 2374s
[555454.8] V5_STRATIFIED_N2880: step 58 NO_CANDIDATES_GENERATED pairs=32777 evals=2358 2375s
[555483.8] V5_STRATIFIED_N2880: step 59 ELEVATED pairs=32583 evals=2367 2404s
[555516.9] V5_STRATIFIED_N2880: step 60 ELEVATED pairs=32378 evals=2412 2437s
[555517.4] V5_STRATIFIED_N2880: step 61 NO_CANDIDATES_GENERATED pairs=32378 evals=2412 2437s
[555548.1] V5_STRATIFIED_N2880: step 62 ELEVATED pairs=32186 evals=2421 2468s
[555548.4] V5_STRATIFIED_N2880: step 63 NO_CANDIDATES_GENERATED pairs=32186 evals=2421 2468s
[555549.0] V5_STRATIFIED_N2880: step 64 NO_CANDIDATES_GENERATED pairs=32186 evals=2421 2469s
[555572.2] V5_STRATIFIED_N2880: step 65 NO_CANDIDATES_GENERATED pairs=32186 evals=2421 2492s
[555648.6] V5_STRATIFIED_N2880: step 66 ELEVATED pairs=31998 evals=2493 2568s
[555649.3] V5_STRATIFIED_N2880: step 67 NO_CANDIDATES_GENERATED pairs=31998 evals=2493 2569s
[555712.6] V5_STRATIFIED_N2880: step 68 ELEVATED pairs=31795 evals=2565 2632s
[555712.8] V5_STRATIFIED_N2880: step 69 NO_CANDIDATES_GENERATED pairs=31795 evals=2565 2633s
[555713.4] V5_STRATIFIED_N2880: step 70 NO_CANDIDATES_GENERATED pairs=31795 evals=2565 2633s
[555736.2] V5_STRATIFIED_N2880: step 71 NO_CANDIDATES_GENERATED pairs=31795 evals=2565 2656s
[555736.4] V5_STRATIFIED_N2880: step 72 NO_CANDIDATES_GENERATED pairs=31795 evals=2565 2656s
[555737.0] V5_STRATIFIED_N2880: step 73 NO_CANDIDATES_GENERATED pairs=31795 evals=2565 2657s
[555760.1] V5_STRATIFIED_N2880: step 74 NO_CANDIDATES_GENERATED pairs=31795 evals=2565 2680s
[555760.3] V5_STRATIFIED_N2880: step 75 NO_CANDIDATES_GENERATED pairs=31795 evals=2565 2680s
[555792.3] V5_STRATIFIED_N2880: step 76 ELEVATED pairs=31600 evals=2619 2712s
[555805.7] V5_STRATIFIED_N2880: step 77 NO_CANDIDATES_GENERATED pairs=31600 evals=2619 2725s
[555842.4] V5_STRATIFIED_N2880: step 78 ELEVATED pairs=31396 evals=2673 2762s
[555857.9] V5_STRATIFIED_N2880: step 79 ELEVATED pairs=31210 evals=2691 2778s
[555933.3] V5_STRATIFIED_N2880: step 80 ELEVATED pairs=31008 evals=2745 2853s
[555978.4] V5_STRATIFIED_N2880: step 81 ELEVATED pairs=30808 evals=2799 2898s
[555992.6] V5_STRATIFIED_N2880: step 82 ELEVATED pairs=30624 evals=2817 2912s
[556076.6] V5_STRATIFIED_N2880: step 83 ELEVATED pairs=30425 evals=2880 2996s
[556077.2] V5_STRATIFIED_N2880: done final=30425 moves=56 first=56 reloc=0 ret=0 evals=2880 stop=CANDIDATE_BUDGET_EXHAUSTED
[556152.1] V5_STRATIFIED_N2880: recheck PASS checks=130816
