[556444.0] V7_T1_RC2880: start mode=R budget=2880 spec={"name": "V7_T1", "target_policy": "LEGACY", "evaluation_policy": "E2_ORDERED_K16", "traversal_policy": "BASE", "max_targets": 2000, "k_per_target": 16, "family_round_robin": false, "relocation_side_reserve": 0, "waiting_age": false, "route_coverage": false, "multi_anchor": false, "exact_dedup": false, "decision_cache": false, "return_action": false, "cache_structural_skips": false, "window_slack_mm": 1e-05, "notes": ""}
[556444.0] V7_T1_RC2880: start state=challenge C:\Users\lihao\Desktop\Graduation Project\OpticalWaveguideRouter3D\outputs\3d_strategy_v4\512_full_layout\N2880 pairs=30999
[556452.5] V7_T1_RC2880: INITIAL_DONE pairs=30999
[556452.8] V7_T1_RC2880: step 1 NO_CANDIDATES_GENERATED pairs=30999 evals=0 1s
[556453.0] V7_T1_RC2880: step 2 NO_CANDIDATES_GENERATED pairs=30999 evals=0 1s
[556453.1] V7_T1_RC2880: step 3 NO_CANDIDATES_GENERATED pairs=30999 evals=0 1s
[556453.4] V7_T1_RC2880: step 4 NO_CANDIDATES_GENERATED pairs=30999 evals=0 1s
[556453.7] V7_T1_RC2880: step 5 NO_CANDIDATES_GENERATED pairs=30999 evals=0 2s
[556453.9] V7_T1_RC2880: step 6 NO_CANDIDATES_GENERATED pairs=30999 evals=0 2s
[556464.6] V7_T1_RC2880: step 7 ELEVATED pairs=30804 evals=16 13s
[556476.4] V7_T1_RC2880: step 8 ELEVATED pairs=30611 evals=32 25s
[556491.3] V7_T1_RC2880: step 9 ELEVATED pairs=30460 evals=48 39s
[556505.9] V7_T1_RC2880: step 10 ELEVATED pairs=30309 evals=64 54s
[556506.6] V7_T1_RC2880: step 11 NO_CANDIDATES_GENERATED pairs=30309 evals=64 55s
[556529.0] V7_T1_RC2880: step 12 ELEVATED pairs=30119 evals=80 77s
[556552.4] V7_T1_RC2880: step 13 ELEVATED pairs=29931 evals=96 101s
[556579.6] V7_T1_RC2880: step 14 ELEVATED pairs=29745 evals=112 128s
[556598.1] V7_T1_RC2880: step 15 ELEVATED pairs=29554 evals=128 146s
[556623.9] V7_T1_RC2880: step 16 ELEVATED pairs=29370 evals=144 172s
[556641.6] V7_T1_RC2880: step 17 ELEVATED pairs=29181 evals=160 190s
[556653.2] V7_T1_RC2880: step 18 ELEVATED pairs=29006 evals=176 201s
[556667.2] V7_T1_RC2880: step 19 ELEVATED pairs=28833 evals=192 215s
[556684.8] V7_T1_RC2880: step 20 ELEVATED pairs=28662 evals=208 233s
[556696.5] V7_T1_RC2880: step 21 ELEVATED pairs=28479 evals=224 245s
[556709.7] V7_T1_RC2880: step 22 ELEVATED pairs=28374 evals=240 258s
[556722.6] V7_T1_RC2880: step 23 ELEVATED pairs=28193 evals=256 271s
[556746.9] V7_T1_RC2880: step 24 ELEVATED pairs=28033 evals=272 295s
[556760.6] V7_T1_RC2880: step 25 ELEVATED pairs=27854 evals=288 309s
[556775.7] V7_T1_RC2880: step 26 ELEVATED pairs=27677 evals=304 324s
[556792.5] V7_T1_RC2880: step 27 ELEVATED pairs=27511 evals=320 341s
[556803.1] V7_T1_RC2880: step 28 ELEVATED pairs=27345 evals=329 351s
[556819.7] V7_T1_RC2880: step 29 ELEVATED pairs=27181 evals=345 368s
[556830.1] V7_T1_RC2880: step 30 ELEVATED pairs=27017 evals=354 378s
[556846.0] V7_T1_RC2880: step 31 ELEVATED pairs=26856 evals=370 394s
[556856.1] V7_T1_RC2880: step 32 ELEVATED pairs=26694 evals=379 404s
[556872.5] V7_T1_RC2880: step 33 ELEVATED pairs=26535 evals=395 421s
[556872.9] V7_T1_RC2880: step 34 NO_CANDIDATES_GENERATED pairs=26535 evals=395 421s
[556882.7] V7_T1_RC2880: step 35 ELEVATED pairs=26375 evals=404 431s
[556898.9] V7_T1_RC2880: step 36 ELEVATED pairs=26218 evals=420 447s
[556916.3] V7_T1_RC2880: step 37 ELEVATED pairs=26063 evals=436 464s
[556934.7] V7_T1_RC2880: step 38 ELEVATED pairs=25909 evals=452 483s
[556952.2] V7_T1_RC2880: step 39 ELEVATED pairs=25757 evals=468 500s
[556963.6] V7_T1_RC2880: step 40 ELEVATED pairs=25607 evals=484 512s
[556982.3] V7_T1_RC2880: step 41 ELEVATED pairs=25457 evals=500 530s
[556995.3] V7_T1_RC2880: step 42 ELEVATED pairs=25321 evals=516 543s
[557013.6] V7_T1_RC2880: step 43 ELEVATED pairs=25173 evals=532 562s
[557026.2] V7_T1_RC2880: step 44 ELEVATED pairs=25039 evals=548 574s
[557037.2] V7_T1_RC2880: step 45 ELEVATED pairs=24954 evals=564 585s
[557058.5] V7_T1_RC2880: step 46 ELEVATED pairs=24804 evals=580 607s
[557068.3] V7_T1_RC2880: step 47 ELEVATED pairs=24685 evals=596 616s
[557089.8] V7_T1_RC2880: step 48 ELEVATED pairs=24537 evals=612 638s
[557100.9] V7_T1_RC2880: step 49 ELEVATED pairs=24398 evals=628 649s
[557121.9] V7_T1_RC2880: step 50 ELEVATED pairs=24252 evals=644 670s
[557143.9] V7_T1_RC2880: step 51 ELEVATED pairs=24108 evals=660 692s
[557159.8] V7_T1_RC2880: step 52 ELEVATED pairs=23963 evals=676 708s
[557173.2] V7_T1_RC2880: step 53 ELEVATED pairs=23864 evals=692 721s
[557185.6] V7_T1_RC2880: step 54 ELEVATED pairs=23767 evals=708 734s
[557200.9] V7_T1_RC2880: step 55 ELEVATED pairs=23624 evals=724 749s
[557211.8] V7_T1_RC2880: step 56 ELEVATED pairs=23541 evals=740 760s
[557227.1] V7_T1_RC2880: step 57 ELEVATED pairs=23400 evals=756 775s
[557237.8] V7_T1_RC2880: step 58 ELEVATED pairs=23296 evals=772 786s
[557248.9] V7_T1_RC2880: step 59 ELEVATED pairs=23194 evals=788 797s
[557259.6] V7_T1_RC2880: step 60 ELEVATED pairs=23094 evals=804 808s
[557271.6] V7_T1_RC2880: step 61 ELEVATED pairs=23009 evals=820 820s
[557283.4] V7_T1_RC2880: step 62 ELEVATED pairs=22892 evals=836 831s
[557296.7] V7_T1_RC2880: step 63 ELEVATED pairs=22779 evals=852 845s
[557307.3] V7_T1_RC2880: step 64 ELEVATED pairs=22649 evals=868 855s
[557320.9] V7_T1_RC2880: step 65 ELEVATED pairs=22529 evals=884 869s
[557330.2] V7_T1_RC2880: step 66 ELEVATED pairs=22412 evals=900 878s
[557341.2] V7_T1_RC2880: step 67 ELEVATED pairs=22298 evals=916 889s
[557353.5] V7_T1_RC2880: step 68 ELEVATED pairs=22168 evals=932 902s
[557363.0] V7_T1_RC2880: step 69 ELEVATED pairs=22044 evals=948 911s
[557374.9] V7_T1_RC2880: step 70 ELEVATED pairs=21928 evals=964 923s
[557384.9] V7_T1_RC2880: step 71 ELEVATED pairs=21809 evals=980 933s
[557394.5] V7_T1_RC2880: step 72 ELEVATED pairs=21678 evals=996 943s
[557404.0] V7_T1_RC2880: step 73 ELEVATED pairs=21556 evals=1012 952s
[557412.0] V7_T1_RC2880: step 74 ELEVATED pairs=21461 evals=1028 960s
[557427.1] V7_T1_RC2880: step 75 ELEVATED pairs=21381 evals=1037 975s
[557438.2] V7_T1_RC2880: step 76 ELEVATED pairs=21330 evals=1053 986s
[557451.0] V7_T1_RC2880: step 77 ELEVATED pairs=21212 evals=1069 999s
[557464.4] V7_T1_RC2880: step 78 ELEVATED pairs=21096 evals=1085 1012s
[557497.2] V7_T1_RC2880: step 79 ELEVATED pairs=20988 evals=1101 1045s
[557511.0] V7_T1_RC2880: step 80 ELEVATED pairs=20874 evals=1117 1059s
[557522.9] V7_T1_RC2880: step 81 ELEVATED pairs=20765 evals=1133 1071s
[557554.9] V7_T1_RC2880: step 82 ELEVATED pairs=20657 evals=1149 1103s
[557585.7] V7_T1_RC2880: step 83 ELEVATED pairs=20550 evals=1165 1134s
[557596.0] V7_T1_RC2880: step 84 ELEVATED pairs=20466 evals=1181 1144s
[557626.8] V7_T1_RC2880: step 85 ELEVATED pairs=20360 evals=1197 1175s
[557652.7] V7_T1_RC2880: step 86 ELEVATED pairs=20240 evals=1213 1201s
[557664.5] V7_T1_RC2880: step 87 ELEVATED pairs=20154 evals=1229 1213s
[557673.8] V7_T1_RC2880: step 88 ELEVATED pairs=20099 evals=1245 1222s
[557687.7] V7_T1_RC2880: step 89 ELEVATED pairs=19950 evals=1261 1236s
[557696.7] V7_T1_RC2880: step 90 ELEVATED pairs=19898 evals=1277 1245s
[557710.4] V7_T1_RC2880: step 91 ELEVATED pairs=19751 evals=1293 1259s
[557722.4] V7_T1_RC2880: step 92 ELEVATED pairs=19666 evals=1309 1271s
[557735.8] V7_T1_RC2880: step 93 ELEVATED pairs=19521 evals=1325 1284s
[557746.9] V7_T1_RC2880: step 94 ELEVATED pairs=19437 evals=1341 1295s
[557759.8] V7_T1_RC2880: step 95 ELEVATED pairs=19294 evals=1357 1308s
[557769.5] V7_T1_RC2880: step 96 ELEVATED pairs=19217 evals=1373 1318s
[557779.1] V7_T1_RC2880: step 97 ELEVATED pairs=19140 evals=1389 1327s
[557788.7] V7_T1_RC2880: step 98 ELEVATED pairs=19063 evals=1405 1337s
[557788.9] V7_T1_RC2880: step 99 NO_CANDIDATES_GENERATED pairs=19063 evals=1405 1337s
[557794.1] V7_T1_RC2880: step 100 ELEVATED pairs=18958 evals=1414 1342s
[557803.1] V7_T1_RC2880: step 101 ELEVATED pairs=18893 evals=1430 1351s
[557812.0] V7_T1_RC2880: step 102 ELEVATED pairs=18828 evals=1446 1360s
[557824.1] V7_T1_RC2880: step 103 ELEVATED pairs=18739 evals=1462 1372s
[557832.9] V7_T1_RC2880: step 104 ELEVATED pairs=18674 evals=1478 1381s
[557841.8] V7_T1_RC2880: step 105 ELEVATED pairs=18609 evals=1494 1390s
[557850.0] V7_T1_RC2880: step 106 ELEVATED pairs=18572 evals=1510 1398s
[557856.1] V7_T1_RC2880: step 107 ELEVATED pairs=18480 evals=1519 1404s
[557865.9] V7_T1_RC2880: step 108 ELEVATED pairs=18409 evals=1535 1414s
[557873.9] V7_T1_RC2880: step 109 ELEVATED pairs=18374 evals=1551 1422s
[557882.9] V7_T1_RC2880: step 110 ELEVATED pairs=18309 evals=1567 1431s
[557890.4] V7_T1_RC2880: step 111 ELEVATED pairs=18265 evals=1583 1438s
[557898.1] V7_T1_RC2880: step 112 ELEVATED pairs=18175 evals=1592 1446s
[557905.7] V7_T1_RC2880: step 113 ELEVATED pairs=18131 evals=1608 1454s
[557913.4] V7_T1_RC2880: step 114 ELEVATED pairs=18097 evals=1624 1462s
[557923.1] V7_T1_RC2880: step 115 ELEVATED pairs=18029 evals=1640 1471s
[557936.9] V7_T1_RC2880: step 116 ELEVATED pairs=17977 evals=1649 1485s
[557937.1] V7_T1_RC2880: step 117 NO_CANDIDATES_GENERATED pairs=17977 evals=1649 1485s
[557937.3] V7_T1_RC2880: step 118 NO_CANDIDATES_GENERATED pairs=17977 evals=1649 1485s
[557937.6] V7_T1_RC2880: step 119 NO_CANDIDATES_GENERATED pairs=17977 evals=1649 1486s
[557937.8] V7_T1_RC2880: step 120 NO_CANDIDATES_GENERATED pairs=17977 evals=1649 1486s
[557938.1] V7_T1_RC2880: step 121 NO_CANDIDATES_GENERATED pairs=17977 evals=1649 1486s
[557938.3] V7_T1_RC2880: step 122 NO_CANDIDATES_GENERATED pairs=17977 evals=1649 1486s
[557938.5] V7_T1_RC2880: step 123 NO_CANDIDATES_GENERATED pairs=17977 evals=1649 1487s
[557938.7] V7_T1_RC2880: step 124 NO_CANDIDATES_GENERATED pairs=17977 evals=1649 1487s
[557939.0] V7_T1_RC2880: step 125 NO_CANDIDATES_GENERATED pairs=17977 evals=1649 1487s
[557939.2] V7_T1_RC2880: step 126 NO_CANDIDATES_GENERATED pairs=17977 evals=1649 1487s
[557939.4] V7_T1_RC2880: step 127 NO_CANDIDATES_GENERATED pairs=17977 evals=1649 1488s
[557939.7] V7_T1_RC2880: step 128 NO_CANDIDATES_GENERATED pairs=17977 evals=1649 1488s
[557939.9] V7_T1_RC2880: step 129 NO_CANDIDATES_GENERATED pairs=17977 evals=1649 1488s
[557940.1] V7_T1_RC2880: step 130 NO_CANDIDATES_GENERATED pairs=17977 evals=1649 1488s
[557940.3] V7_T1_RC2880: step 131 NO_CANDIDATES_GENERATED pairs=17977 evals=1649 1488s
[557940.5] V7_T1_RC2880: step 132 NO_CANDIDATES_GENERATED pairs=17977 evals=1649 1489s
[557949.7] V7_T1_RC2880: step 133 ELEVATED pairs=17916 evals=1665 1498s
[557967.0] V7_T1_RC2880: step 134 ELEVATED pairs=17831 evals=1681 1515s
[557976.1] V7_T1_RC2880: step 135 ELEVATED pairs=17765 evals=1697 1524s
[557994.2] V7_T1_RC2880: step 136 ELEVATED pairs=17681 evals=1713 1542s
[558003.3] V7_T1_RC2880: step 137 ELEVATED pairs=17615 evals=1729 1551s
[558012.4] V7_T1_RC2880: step 138 ELEVATED pairs=17549 evals=1745 1560s
[558024.3] V7_T1_RC2880: step 139 ELEVATED pairs=17483 evals=1761 1572s
[558039.7] V7_T1_RC2880: step 140 RELOCATED pairs=17469 evals=1777 1588s
[558049.7] V7_T1_RC2880: step 141 ELEVATED pairs=17430 evals=1793 1598s
[558050.2] V7_T1_RC2880: step 142 NO_CANDIDATES_GENERATED pairs=17430 evals=1793 1598s
[558050.7] V7_T1_RC2880: step 143 NO_CANDIDATES_GENERATED pairs=17430 evals=1793 1599s
[558051.2] V7_T1_RC2880: step 144 NO_CANDIDATES_GENERATED pairs=17430 evals=1793 1599s
[558051.6] V7_T1_RC2880: step 145 NO_CANDIDATES_GENERATED pairs=17430 evals=1793 1600s
[558052.1] V7_T1_RC2880: step 146 NO_CANDIDATES_GENERATED pairs=17430 evals=1793 1600s
[558052.5] V7_T1_RC2880: step 147 NO_CANDIDATES_GENERATED pairs=17430 evals=1793 1601s
[558053.0] V7_T1_RC2880: step 148 NO_CANDIDATES_GENERATED pairs=17430 evals=1793 1601s
[558053.4] V7_T1_RC2880: step 149 NO_CANDIDATES_GENERATED pairs=17430 evals=1793 1602s
[558053.9] V7_T1_RC2880: step 150 NO_CANDIDATES_GENERATED pairs=17430 evals=1793 1602s
[558054.4] V7_T1_RC2880: step 151 NO_CANDIDATES_GENERATED pairs=17430 evals=1793 1603s
[558054.9] V7_T1_RC2880: step 152 NO_CANDIDATES_GENERATED pairs=17430 evals=1793 1603s
[558055.4] V7_T1_RC2880: step 153 NO_CANDIDATES_GENERATED pairs=17430 evals=1793 1603s
[558065.4] V7_T1_RC2880: step 154 ELEVATED pairs=17391 evals=1809 1614s
[558066.1] V7_T1_RC2880: step 155 NO_CANDIDATES_GENERATED pairs=17391 evals=1809 1614s
[558066.8] V7_T1_RC2880: step 156 NO_CANDIDATES_GENERATED pairs=17391 evals=1809 1615s
[558067.5] V7_T1_RC2880: step 157 NO_CANDIDATES_GENERATED pairs=17391 evals=1809 1616s
[558068.3] V7_T1_RC2880: step 158 NO_CANDIDATES_GENERATED pairs=17391 evals=1809 1616s
[558080.0] V7_T1_RC2880: step 159 ELEVATED pairs=17275 evals=1825 1628s
[558095.3] V7_T1_RC2880: step 160 RELOCATED pairs=17261 evals=1841 1643s
[558106.1] V7_T1_RC2880: step 161 ELEVATED pairs=17146 evals=1857 1654s
[558116.2] V7_T1_RC2880: step 162 ELEVATED pairs=17033 evals=1873 1664s
[558125.3] V7_T1_RC2880: step 163 ELEVATED pairs=16970 evals=1889 1673s
[558135.6] V7_T1_RC2880: step 164 ELEVATED pairs=16902 evals=1905 1684s
[558143.9] V7_T1_RC2880: step 165 ELEVATED pairs=16796 evals=1921 1692s
[558154.4] V7_T1_RC2880: step 166 ELEVATED pairs=16748 evals=1937 1702s
[558162.9] V7_T1_RC2880: step 167 ELEVATED pairs=16700 evals=1953 1711s
[558171.2] V7_T1_RC2880: step 168 ELEVATED pairs=16652 evals=1969 1719s
[558178.8] V7_T1_RC2880: step 169 PREFIX_EVALUATED_NO_WINNER_DEFERRED pairs=16652 evals=1985 1727s
[558186.1] V7_T1_RC2880: step 170 PREFIX_EVALUATED_NO_WINNER_DEFERRED pairs=16652 evals=2001 1734s
[558194.4] V7_T1_RC2880: step 171 PREFIX_EVALUATED_NO_WINNER_DEFERRED pairs=16652 evals=2017 1743s
[558201.7] V7_T1_RC2880: step 172 PREFIX_EVALUATED_NO_WINNER_DEFERRED pairs=16652 evals=2033 1750s
[558209.2] V7_T1_RC2880: step 173 PREFIX_EVALUATED_NO_WINNER_DEFERRED pairs=16652 evals=2049 1757s
[558217.4] V7_T1_RC2880: step 174 ELEVATED pairs=16614 evals=2065 1766s
[558224.8] V7_T1_RC2880: step 175 PREFIX_EVALUATED_NO_WINNER_DEFERRED pairs=16614 evals=2081 1773s
[558232.2] V7_T1_RC2880: step 176 PREFIX_EVALUATED_NO_WINNER_DEFERRED pairs=16614 evals=2097 1780s
[558240.4] V7_T1_RC2880: step 177 PREFIX_EVALUATED_NO_WINNER_DEFERRED pairs=16614 evals=2113 1788s
[558247.8] V7_T1_RC2880: step 178 PREFIX_EVALUATED_NO_WINNER_DEFERRED pairs=16614 evals=2129 1796s
[558255.4] V7_T1_RC2880: step 179 PREFIX_EVALUATED_NO_WINNER_DEFERRED pairs=16614 evals=2145 1803s
[558264.2] V7_T1_RC2880: step 180 PREFIX_EVALUATED_NO_WINNER_DEFERRED pairs=16614 evals=2161 1812s
[558272.5] V7_T1_RC2880: step 181 PREFIX_EVALUATED_NO_WINNER_DEFERRED pairs=16614 evals=2177 1821s
[558280.8] V7_T1_RC2880: step 182 ELEVATED pairs=16602 evals=2193 1829s
[558287.9] V7_T1_RC2880: step 183 PREFIX_EVALUATED_NO_WINNER_DEFERRED pairs=16602 evals=2209 1836s
[558296.2] V7_T1_RC2880: step 184 PREFIX_EVALUATED_NO_WINNER_DEFERRED pairs=16602 evals=2225 1844s
[558303.1] V7_T1_RC2880: step 185 PREFIX_EVALUATED_NO_WINNER_DEFERRED pairs=16602 evals=2241 1851s
[558310.1] V7_T1_RC2880: step 186 PREFIX_EVALUATED_NO_WINNER_DEFERRED pairs=16602 evals=2257 1858s
[558318.1] V7_T1_RC2880: step 187 ELEVATED pairs=16588 evals=2273 1866s
[558325.1] V7_T1_RC2880: step 188 PREFIX_EVALUATED_NO_WINNER_DEFERRED pairs=16588 evals=2289 1873s
[558333.1] V7_T1_RC2880: step 189 PREFIX_EVALUATED_NO_WINNER_DEFERRED pairs=16588 evals=2305 1881s
[558340.2] V7_T1_RC2880: step 190 PREFIX_EVALUATED_NO_WINNER_DEFERRED pairs=16588 evals=2321 1888s
[558347.2] V7_T1_RC2880: step 191 PREFIX_EVALUATED_NO_WINNER_DEFERRED pairs=16588 evals=2337 1895s
[558356.4] V7_T1_RC2880: step 192 RELOCATED pairs=16549 evals=2353 1904s
[558362.9] V7_T1_RC2880: step 193 PREFIX_EVALUATED_NO_WINNER_DEFERRED pairs=16549 evals=2369 1911s
[558370.0] V7_T1_RC2880: step 194 PREFIX_EVALUATED_NO_WINNER_DEFERRED pairs=16549 evals=2385 1918s
[558376.2] V7_T1_RC2880: step 195 PREFIX_EVALUATED_NO_WINNER_DEFERRED pairs=16549 evals=2401 1924s
[558382.2] V7_T1_RC2880: step 196 PREFIX_EVALUATED_NO_WINNER_DEFERRED pairs=16549 evals=2417 1930s
[558390.1] V7_T1_RC2880: step 197 ELEVATED pairs=16537 evals=2433 1938s
[558397.0] V7_T1_RC2880: step 198 PREFIX_EVALUATED_NO_WINNER_DEFERRED pairs=16537 evals=2449 1945s
[558403.4] V7_T1_RC2880: step 199 PREFIX_EVALUATED_NO_WINNER_DEFERRED pairs=16537 evals=2465 1951s
[558409.5] V7_T1_RC2880: step 200 PREFIX_EVALUATED_NO_WINNER_DEFERRED pairs=16537 evals=2481 1958s
[558416.8] V7_T1_RC2880: step 201 PREFIX_EVALUATED_NO_WINNER_DEFERRED pairs=16537 evals=2497 1965s
[558424.3] V7_T1_RC2880: step 202 ELEVATED pairs=16525 evals=2513 1972s
[558430.3] V7_T1_RC2880: step 203 PREFIX_EVALUATED_NO_WINNER_DEFERRED pairs=16525 evals=2529 1978s
[558436.3] V7_T1_RC2880: step 204 PREFIX_EVALUATED_NO_WINNER_DEFERRED pairs=16525 evals=2545 1984s
[558444.4] V7_T1_RC2880: step 205 ELEVATED pairs=16497 evals=2561 1993s
[558450.9] V7_T1_RC2880: step 206 PREFIX_EVALUATED_NO_WINNER_DEFERRED pairs=16497 evals=2577 1999s
[558457.2] V7_T1_RC2880: step 207 PREFIX_EVALUATED_NO_WINNER_DEFERRED pairs=16497 evals=2593 2005s
[558465.3] V7_T1_RC2880: step 208 ELEVATED pairs=16485 evals=2609 2013s
[558471.8] V7_T1_RC2880: step 209 PREFIX_EVALUATED_NO_WINNER_DEFERRED pairs=16485 evals=2625 2020s
[558479.3] V7_T1_RC2880: step 210 PREFIX_EVALUATED_NO_WINNER_DEFERRED pairs=16485 evals=2641 2027s
[558487.2] V7_T1_RC2880: step 211 ELEVATED pairs=16473 evals=2657 2035s
[558493.4] V7_T1_RC2880: step 212 ELEVATED pairs=16460 evals=2673 2042s
[558502.9] V7_T1_RC2880: step 213 ELEVATED pairs=16439 evals=2689 2051s
[558513.0] V7_T1_RC2880: step 214 ELEVATED pairs=16388 evals=2705 2061s
[558521.5] V7_T1_RC2880: step 215 RELOCATED pairs=16352 evals=2721 2070s
[558531.0] V7_T1_RC2880: step 216 PREFIX_EVALUATED_NO_WINNER_DEFERRED pairs=16352 evals=2737 2079s
[558540.5] V7_T1_RC2880: step 217 RELOCATED pairs=16351 evals=2753 2089s
[558552.0] V7_T1_RC2880: step 218 PREFIX_EVALUATED_NO_WINNER_DEFERRED pairs=16351 evals=2769 2100s
[558561.3] V7_T1_RC2880: step 219 RELOCATED pairs=16309 evals=2785 2109s
[558573.1] V7_T1_RC2880: step 220 PREFIX_EVALUATED_NO_WINNER_DEFERRED pairs=16309 evals=2801 2121s
[558582.9] V7_T1_RC2880: step 221 PREFIX_EVALUATED_NO_WINNER_DEFERRED pairs=16309 evals=2817 2131s
[558600.5] V7_T1_RC2880: step 222 PREFIX_EVALUATED_NO_WINNER_DEFERRED pairs=16309 evals=2833 2149s
[558620.2] V7_T1_RC2880: step 223 PREFIX_EVALUATED_NO_WINNER_DEFERRED pairs=16309 evals=2849 2168s
[558638.0] V7_T1_RC2880: step 224 PREFIX_EVALUATED_NO_WINNER_DEFERRED pairs=16309 evals=2865 2186s
[558649.4] V7_T1_RC2880: step 225 ELEVATED pairs=16285 evals=2880 2197s
[558650.4] V7_T1_RC2880: done final=16285 moves=143 first=137 reloc=6 ret=0 evals=2880 stop=CANDIDATE_BUDGET_EXHAUSTED
[558783.4] V7_T1_RC2880: recheck PASS checks=130816
