[554371.7] V6_E1_R1440: start mode=R budget=1440 spec={"name": "V6_E1", "target_policy": "STRATIFIED", "evaluation_policy": "E1_ORDERED_EXHAUSTIVE", "traversal_policy": "BASE", "max_targets": 200, "k_per_target": 16, "family_round_robin": false, "relocation_side_reserve": 0, "waiting_age": false, "route_coverage": false, "multi_anchor": false, "exact_dedup": false, "decision_cache": false, "return_action": false, "cache_structural_skips": false, "window_slack_mm": 1e-05, "notes": ""}
[554371.7] V6_E1_R1440: start state=main C:\Users\lihao\Desktop\Graduation Project\OpticalWaveguideRouter3D\outputs\3d_strategy_v3\512_ablation\D_both_enabled pairs=42909
[554379.1] V6_E1_R1440: INITIAL_DONE pairs=42909
[554379.6] V6_E1_R1440: step 1 NO_CANDIDATES_GENERATED pairs=42909 evals=0 1s
[554380.4] V6_E1_R1440: step 2 NO_CANDIDATES_GENERATED pairs=42909 evals=0 2s
[554380.7] V6_E1_R1440: step 3 NO_CANDIDATES_GENERATED pairs=42909 evals=0 2s
[554411.7] V6_E1_R1440: step 4 ELEVATED pairs=42635 evals=27 33s
[554412.6] V6_E1_R1440: step 5 NO_CANDIDATES_GENERATED pairs=42635 evals=27 34s
[554413.0] V6_E1_R1440: step 6 NO_CANDIDATES_GENERATED pairs=42635 evals=27 34s
[554413.5] V6_E1_R1440: step 7 NO_CANDIDATES_GENERATED pairs=42635 evals=27 35s
[554414.4] V6_E1_R1440: step 8 NO_CANDIDATES_GENERATED pairs=42635 evals=27 36s
[554472.1] V6_E1_R1440: step 9 ELEVATED pairs=42375 evals=99 93s
[554504.1] V6_E1_R1440: step 10 ELEVATED pairs=42128 evals=126 125s
[554505.2] V6_E1_R1440: step 11 NO_CANDIDATES_GENERATED pairs=42128 evals=126 126s
[554588.6] V6_E1_R1440: step 12 ELEVATED pairs=41874 evals=198 210s
[554653.8] V6_E1_R1440: step 13 ELEVATED pairs=41619 evals=252 275s
[554654.9] V6_E1_R1440: step 14 NO_CANDIDATES_GENERATED pairs=41619 evals=252 276s
[554670.3] V6_E1_R1440: step 15 ELEVATED pairs=41366 evals=270 291s
[554735.1] V6_E1_R1440: step 16 ELEVATED pairs=41113 evals=324 356s
[554762.3] V6_E1_R1440: step 17 RELOCATED pairs=41102 evals=342 384s
[554777.2] V6_E1_R1440: step 18 ELEVATED pairs=40851 evals=360 398s
[554844.1] V6_E1_R1440: step 19 ELEVATED pairs=40600 evals=414 465s
[554845.4] V6_E1_R1440: step 20 NO_CANDIDATES_GENERATED pairs=40600 evals=414 467s
[554859.9] V6_E1_R1440: step 21 ELEVATED pairs=40350 evals=432 481s
[554924.2] V6_E1_R1440: step 22 ELEVATED pairs=40101 evals=486 545s
[554925.5] V6_E1_R1440: step 23 NO_CANDIDATES_GENERATED pairs=40101 evals=486 547s
[554961.2] V6_E1_R1440: step 24 ELEVATED pairs=39848 evals=522 582s
[555027.3] V6_E1_R1440: step 25 ELEVATED pairs=39601 evals=576 648s
[555028.5] V6_E1_R1440: step 26 NO_CANDIDATES_GENERATED pairs=39601 evals=576 650s
[555077.8] V6_E1_R1440: step 27 ELEVATED pairs=39362 evals=630 699s
[555101.4] V6_E1_R1440: step 28 ELEVATED pairs=39130 evals=657 723s
[555102.8] V6_E1_R1440: step 29 NO_CANDIDATES_GENERATED pairs=39130 evals=657 724s
[555171.8] V6_E1_R1440: step 30 ELEVATED pairs=38884 evals=729 793s
[555185.4] V6_E1_R1440: step 31 ELEVATED pairs=38650 evals=747 807s
[555251.6] V6_E1_R1440: step 32 RELOCATED pairs=38644 evals=819 873s
[555306.8] V6_E1_R1440: step 33 ELEVATED pairs=38379 evals=873 928s
[555319.4] V6_E1_R1440: step 34 ELEVATED pairs=38149 evals=891 941s
[555320.6] V6_E1_R1440: step 35 NO_CANDIDATES_GENERATED pairs=38149 evals=891 942s
[555350.1] V6_E1_R1440: step 36 ELEVATED pairs=37899 evals=945 971s
[555362.4] V6_E1_R1440: step 37 ELEVATED pairs=37671 evals=963 984s
[555363.8] V6_E1_R1440: step 38 NO_CANDIDATES_GENERATED pairs=37671 evals=963 985s
[555433.8] V6_E1_R1440: step 39 ELEVATED pairs=37423 evals=1062 1055s
[555495.6] V6_E1_R1440: step 40 ELEVATED pairs=37193 evals=1116 1117s
[555547.3] V6_E1_R1440: step 41 RELOCATED pairs=37183 evals=1161 1169s
[555613.0] V6_E1_R1440: step 42 ELEVATED pairs=36938 evals=1260 1234s
[555613.4] V6_E1_R1440: step 43 NO_CANDIDATES_GENERATED pairs=36938 evals=1260 1235s
[555614.7] V6_E1_R1440: step 44 NO_CANDIDATES_GENERATED pairs=36938 evals=1260 1236s
[555672.5] V6_E1_R1440: step 45 ELEVATED pairs=36711 evals=1314 1294s
[555673.0] V6_E1_R1440: step 46 NO_CANDIDATES_GENERATED pairs=36711 evals=1314 1294s
[555690.0] V6_E1_R1440: step 47 ALL_CANDIDATES_REJECTED pairs=36711 evals=1332 1311s
[555746.9] V6_E1_R1440: step 48 ELEVATED pairs=36486 evals=1386 1368s
[555747.4] V6_E1_R1440: step 49 NO_CANDIDATES_GENERATED pairs=36486 evals=1386 1369s
[555764.4] V6_E1_R1440: step 50 ALL_CANDIDATES_REJECTED pairs=36486 evals=1404 1386s
