[559495.8] IDEA_H_R2880: start mode=R budget=2880 spec={"name": "IDEA_H", "target_policy": "LEGACY", "evaluation_policy": "E2_ORDERED_K16", "traversal_policy": "BASE", "max_targets": 200, "k_per_target": 16, "family_round_robin": false, "relocation_side_reserve": 0, "waiting_age": false, "route_coverage": false, "multi_anchor": false, "exact_dedup": false, "decision_cache": false, "return_action": true, "cache_structural_skips": false, "window_slack_mm": 1e-05, "notes": ""}
[559495.8] IDEA_H_R2880: start state=main C:\Users\lihao\Desktop\Graduation Project\OpticalWaveguideRouter3D\outputs\3d_strategy_v3\512_ablation\D_both_enabled pairs=42909
[559505.9] IDEA_H_R2880: INITIAL_DONE pairs=42909
[559506.3] IDEA_H_R2880: step 1 NO_CANDIDATES_GENERATED pairs=42909 evals=0 1s
[559507.0] IDEA_H_R2880: step 2 NO_CANDIDATES_GENERATED pairs=42909 evals=0 1s
[559519.3] IDEA_H_R2880: step 3 ELEVATED pairs=42661 evals=16 14s
[559545.8] IDEA_H_R2880: step 4 ELEVATED pairs=42487 evals=32 40s
[559563.6] IDEA_H_R2880: step 5 ELEVATED pairs=42305 evals=48 58s
[559583.6] IDEA_H_R2880: step 6 ELEVATED pairs=42121 evals=64 78s
[559605.0] IDEA_H_R2880: step 7 ELEVATED pairs=41936 evals=80 99s
[559621.2] IDEA_H_R2880: step 8 ELEVATED pairs=41680 evals=96 116s
[559644.8] IDEA_H_R2880: step 9 ELEVATED pairs=41486 evals=112 139s
[559664.1] IDEA_H_R2880: step 10 ELEVATED pairs=41225 evals=128 158s
[559693.6] IDEA_H_R2880: step 11 ELEVATED pairs=41046 evals=144 188s
[559721.5] IDEA_H_R2880: step 12 ELEVATED pairs=40867 evals=160 216s
[559733.9] IDEA_H_R2880: step 13 ELEVATED pairs=40628 evals=176 228s
[559749.0] IDEA_H_R2880: step 14 ELEVATED pairs=40377 evals=192 243s
[559763.7] IDEA_H_R2880: step 15 ELEVATED pairs=40136 evals=208 258s
[559783.1] IDEA_H_R2880: step 16 ELEVATED pairs=39887 evals=224 277s
[559800.1] IDEA_H_R2880: step 17 ELEVATED pairs=39640 evals=240 295s
[559817.0] IDEA_H_R2880: step 18 ELEVATED pairs=39399 evals=256 311s
[559838.0] IDEA_H_R2880: step 19 ELEVATED pairs=39175 evals=272 332s
[559858.5] IDEA_H_R2880: step 20 ELEVATED pairs=38969 evals=288 353s
[559886.0] IDEA_H_R2880: step 21 ELEVATED pairs=38811 evals=304 380s
[559903.2] IDEA_H_R2880: step 22 ELEVATED pairs=38668 evals=320 398s
[559919.2] IDEA_H_R2880: step 23 ELEVATED pairs=38466 evals=336 414s
[559935.2] IDEA_H_R2880: step 24 ELEVATED pairs=38332 evals=352 430s
[559952.7] IDEA_H_R2880: step 25 ELEVATED pairs=38108 evals=368 447s
[559974.1] IDEA_H_R2880: step 26 ELEVATED pairs=37974 evals=384 468s
[559990.7] IDEA_H_R2880: step 27 ELEVATED pairs=37771 evals=400 485s
[560005.9] IDEA_H_R2880: step 28 ELEVATED pairs=37568 evals=416 500s
[560019.4] IDEA_H_R2880: step 29 ELEVATED pairs=37338 evals=432 514s
[560029.9] IDEA_H_R2880: step 30 ELEVATED pairs=37110 evals=448 524s
[560045.1] IDEA_H_R2880: step 31 ELEVATED pairs=36910 evals=464 540s
[560058.9] IDEA_H_R2880: step 32 ELEVATED pairs=36684 evals=480 553s
[560072.5] IDEA_H_R2880: step 33 ELEVATED pairs=36466 evals=496 567s
[560087.5] IDEA_H_R2880: step 34 ELEVATED pairs=36269 evals=512 582s
[560116.9] IDEA_H_R2880: step 35 ELEVATED pairs=36073 evals=528 611s
[560134.8] IDEA_H_R2880: step 36 ELEVATED pairs=35887 evals=544 629s
[560147.5] IDEA_H_R2880: step 37 ELEVATED pairs=35774 evals=560 642s
[560163.4] IDEA_H_R2880: step 38 ELEVATED pairs=35543 evals=576 658s
[560177.7] IDEA_H_R2880: step 39 ELEVATED pairs=35343 evals=592 672s
[560192.9] IDEA_H_R2880: step 40 ELEVATED pairs=35138 evals=608 687s
[560193.2] IDEA_H_R2880: step 41 NO_CANDIDATES_GENERATED pairs=35138 evals=608 688s
[560193.6] IDEA_H_R2880: step 42 NO_CANDIDATES_GENERATED pairs=35138 evals=608 688s
[560209.9] IDEA_H_R2880: step 43 ELEVATED pairs=34935 evals=624 704s
[560226.9] IDEA_H_R2880: step 44 ELEVATED pairs=34734 evals=640 721s
[560238.6] IDEA_H_R2880: step 45 ELEVATED pairs=34539 evals=656 733s
[560256.8] IDEA_H_R2880: step 46 ELEVATED pairs=34340 evals=672 751s
[560274.6] IDEA_H_R2880: step 47 ELEVATED pairs=34143 evals=688 769s
[560292.4] IDEA_H_R2880: step 48 ELEVATED pairs=33933 evals=704 787s
[560314.1] IDEA_H_R2880: step 49 ELEVATED pairs=33738 evals=720 809s
[560330.6] IDEA_H_R2880: step 50 ELEVATED pairs=33530 evals=736 825s
[560343.5] IDEA_H_R2880: step 51 ELEVATED pairs=33326 evals=752 838s
[560361.6] IDEA_H_R2880: step 52 ELEVATED pairs=33133 evals=768 856s
[560375.8] IDEA_H_R2880: step 53 ELEVATED pairs=32926 evals=784 870s
[560393.9] IDEA_H_R2880: step 54 ELEVATED pairs=32735 evals=800 888s
[560407.8] IDEA_H_R2880: step 55 ELEVATED pairs=32530 evals=816 902s
[560426.3] IDEA_H_R2880: step 56 ELEVATED pairs=32341 evals=832 921s
[560439.9] IDEA_H_R2880: step 57 ELEVATED pairs=32137 evals=848 934s
[560458.7] IDEA_H_R2880: step 58 ELEVATED pairs=31950 evals=864 953s
[560467.6] IDEA_H_R2880: step 59 ELEVATED pairs=31792 evals=880 962s
[560481.8] IDEA_H_R2880: step 60 ELEVATED pairs=31590 evals=896 976s
[560495.6] IDEA_H_R2880: step 61 ELEVATED pairs=31389 evals=912 990s
[560507.9] IDEA_H_R2880: step 62 ELEVATED pairs=31226 evals=928 1002s
[560521.6] IDEA_H_R2880: step 63 ELEVATED pairs=31027 evals=944 1016s
[560534.9] IDEA_H_R2880: step 64 ELEVATED pairs=30829 evals=960 1029s
[560535.2] IDEA_H_R2880: step 65 NO_CANDIDATES_GENERATED pairs=30829 evals=960 1030s
[560535.5] IDEA_H_R2880: step 66 NO_CANDIDATES_GENERATED pairs=30829 evals=960 1030s
[560535.8] IDEA_H_R2880: step 67 NO_CANDIDATES_GENERATED pairs=30829 evals=960 1030s
[560548.4] IDEA_H_R2880: step 68 ELEVATED pairs=30633 evals=976 1043s
[560559.5] IDEA_H_R2880: step 69 ELEVATED pairs=30481 evals=992 1054s
[560570.5] IDEA_H_R2880: step 70 ELEVATED pairs=30367 evals=1008 1065s
[560584.0] IDEA_H_R2880: step 71 ELEVATED pairs=30214 evals=1024 1078s
[560592.8] IDEA_H_R2880: step 72 ELEVATED pairs=30030 evals=1033 1087s
[560605.6] IDEA_H_R2880: step 73 ELEVATED pairs=29879 evals=1049 1100s
[560614.6] IDEA_H_R2880: step 74 ELEVATED pairs=29697 evals=1058 1109s
[560627.2] IDEA_H_R2880: step 75 ELEVATED pairs=29548 evals=1074 1122s
[560636.1] IDEA_H_R2880: step 76 ELEVATED pairs=29368 evals=1083 1130s
[560644.4] IDEA_H_R2880: step 77 ELEVATED pairs=29190 evals=1092 1139s
[560667.4] IDEA_H_R2880: step 78 ELEVATED pairs=28961 evals=1108 1162s
[560675.2] IDEA_H_R2880: step 79 ELEVATED pairs=28776 evals=1124 1170s
[560682.9] IDEA_H_R2880: step 80 ELEVATED pairs=28593 evals=1140 1177s
[560690.6] IDEA_H_R2880: step 81 ELEVATED pairs=28412 evals=1156 1185s
[560698.7] IDEA_H_R2880: step 82 ELEVATED pairs=28233 evals=1172 1193s
[560707.0] IDEA_H_R2880: step 83 ELEVATED pairs=28134 evals=1188 1201s
[560717.7] IDEA_H_R2880: step 84 ELEVATED pairs=28022 evals=1204 1212s
[560725.8] IDEA_H_R2880: step 85 ELEVATED pairs=27902 evals=1220 1220s
[560734.0] IDEA_H_R2880: step 86 ELEVATED pairs=27782 evals=1236 1228s
[560742.3] IDEA_H_R2880: step 87 ELEVATED pairs=27662 evals=1252 1237s
[560750.3] IDEA_H_R2880: step 88 ELEVATED pairs=27514 evals=1268 1245s
[560758.6] IDEA_H_R2880: step 89 ELEVATED pairs=27394 evals=1284 1253s
[560768.2] IDEA_H_R2880: step 90 ELEVATED pairs=27248 evals=1300 1263s
[560778.6] IDEA_H_R2880: step 91 ELEVATED pairs=27092 evals=1316 1273s
[560788.0] IDEA_H_R2880: step 92 PREFIX_EVALUATED_NO_WINNER_DEFERRED pairs=27092 evals=1332 1282s
[560797.9] IDEA_H_R2880: step 93 ELEVATED pairs=26951 evals=1348 1292s
[560807.3] IDEA_H_R2880: step 94 PREFIX_EVALUATED_NO_WINNER_DEFERRED pairs=26951 evals=1364 1302s
[560817.4] IDEA_H_R2880: step 95 ELEVATED pairs=26895 evals=1380 1312s
[560827.9] IDEA_H_R2880: step 96 ELEVATED pairs=26781 evals=1396 1322s
[560841.4] IDEA_H_R2880: step 97 ELEVATED pairs=26690 evals=1412 1336s
[560853.5] IDEA_H_R2880: step 98 ELEVATED pairs=26525 evals=1428 1348s
[560863.2] IDEA_H_R2880: step 99 ELEVATED pairs=26436 evals=1444 1358s
[560875.2] IDEA_H_R2880: step 100 ELEVATED pairs=26273 evals=1460 1370s
[560887.3] IDEA_H_R2880: step 101 ELEVATED pairs=26112 evals=1476 1382s
[560895.9] IDEA_H_R2880: step 102 ELEVATED pairs=26016 evals=1492 1390s
[560911.8] IDEA_H_R2880: step 103 ELEVATED pairs=25857 evals=1508 1406s
[560920.9] IDEA_H_R2880: step 104 ELEVATED pairs=25803 evals=1524 1415s
[560933.4] IDEA_H_R2880: step 105 ELEVATED pairs=25644 evals=1540 1428s
[560945.4] IDEA_H_R2880: step 106 ELEVATED pairs=25487 evals=1556 1440s
[560952.1] IDEA_H_R2880: step 107 ELEVATED pairs=25361 evals=1572 1447s
[560963.6] IDEA_H_R2880: step 108 ELEVATED pairs=25207 evals=1588 1458s
[560973.5] IDEA_H_R2880: step 109 ELEVATED pairs=25144 evals=1604 1468s
[560981.6] IDEA_H_R2880: step 110 ELEVATED pairs=24969 evals=1620 1476s
[560989.1] IDEA_H_R2880: step 111 ELEVATED pairs=24796 evals=1636 1483s
[560998.8] IDEA_H_R2880: step 112 ELEVATED pairs=24735 evals=1652 1493s
[561019.6] IDEA_H_R2880: step 113 ELEVATED pairs=24607 evals=1668 1514s
[561043.2] IDEA_H_R2880: step 114 ELEVATED pairs=24481 evals=1684 1538s
[561054.9] IDEA_H_R2880: step 115 ELEVATED pairs=24411 evals=1700 1549s
[561069.9] IDEA_H_R2880: step 116 ELEVATED pairs=24317 evals=1709 1564s
[561090.8] IDEA_H_R2880: step 117 ELEVATED pairs=24173 evals=1725 1585s
[561101.2] IDEA_H_R2880: step 118 ELEVATED pairs=24079 evals=1741 1596s
[561121.1] IDEA_H_R2880: step 119 ELEVATED pairs=23935 evals=1757 1616s
[561141.0] IDEA_H_R2880: step 120 ELEVATED pairs=23791 evals=1773 1635s
[561151.0] IDEA_H_R2880: step 121 ELEVATED pairs=23698 evals=1789 1645s
[561170.2] IDEA_H_R2880: step 122 ELEVATED pairs=23554 evals=1805 1665s
[561201.9] IDEA_H_R2880: step 123 ELEVATED pairs=23440 evals=1821 1696s
[561217.8] IDEA_H_R2880: step 124 ELEVATED pairs=23259 evals=1837 1712s
[561248.7] IDEA_H_R2880: step 125 ELEVATED pairs=23145 evals=1853 1743s
[561279.2] IDEA_H_R2880: step 126 ELEVATED pairs=23031 evals=1869 1774s
[561298.2] IDEA_H_R2880: step 127 ELEVATED pairs=22866 evals=1885 1793s
[561328.1] IDEA_H_R2880: step 128 ELEVATED pairs=22752 evals=1901 1823s
[561348.7] IDEA_H_R2880: step 129 ELEVATED pairs=22589 evals=1917 1843s
[561372.6] IDEA_H_R2880: step 130 ELEVATED pairs=22428 evals=1933 1867s
[561397.2] IDEA_H_R2880: step 131 ELEVATED pairs=22269 evals=1949 1892s
[561409.0] IDEA_H_R2880: step 132 ELEVATED pairs=22187 evals=1965 1903s
[561419.8] IDEA_H_R2880: step 133 ELEVATED pairs=22053 evals=1981 1914s
[561430.6] IDEA_H_R2880: step 134 ELEVATED pairs=21921 evals=1997 1925s
[561447.9] IDEA_H_R2880: step 135 ELEVATED pairs=21793 evals=2013 1942s
[561458.8] IDEA_H_R2880: step 136 ELEVATED pairs=21663 evals=2029 1953s
[561468.8] IDEA_H_R2880: step 137 ELEVATED pairs=21599 evals=2045 1963s
[561478.9] IDEA_H_R2880: step 138 ELEVATED pairs=21536 evals=2061 1973s
[561489.1] IDEA_H_R2880: step 139 ELEVATED pairs=21473 evals=2077 1983s
[561497.4] IDEA_H_R2880: step 140 ELEVATED pairs=21404 evals=2093 1992s
[561505.3] IDEA_H_R2880: step 141 ELEVATED pairs=21335 evals=2109 2000s
[561513.5] IDEA_H_R2880: step 142 ELEVATED pairs=21266 evals=2125 2008s
[561521.7] IDEA_H_R2880: step 143 ELEVATED pairs=21197 evals=2141 2016s
[561530.0] IDEA_H_R2880: step 144 PREFIX_EVALUATED_NO_WINNER_DEFERRED pairs=21197 evals=2157 2024s
[561549.8] IDEA_H_R2880: step 145 ELEVATED pairs=21078 evals=2173 2044s
[561558.2] IDEA_H_R2880: step 146 PREFIX_EVALUATED_NO_WINNER_DEFERRED pairs=21078 evals=2189 2053s
[561568.1] IDEA_H_R2880: step 147 ELEVATED pairs=21032 evals=2205 2063s
[561576.5] IDEA_H_R2880: step 148 PREFIX_EVALUATED_NO_WINNER_DEFERRED pairs=21032 evals=2221 2071s
[561586.6] IDEA_H_R2880: step 149 ELEVATED pairs=20986 evals=2237 2081s
[561595.0] IDEA_H_R2880: step 150 PREFIX_EVALUATED_NO_WINNER_DEFERRED pairs=20986 evals=2253 2089s
[561602.7] IDEA_H_R2880: step 151 ELEVATED pairs=20932 evals=2269 2097s
[561611.1] IDEA_H_R2880: step 152 PREFIX_EVALUATED_NO_WINNER_DEFERRED pairs=20932 evals=2285 2105s
[561619.0] IDEA_H_R2880: step 153 ELEVATED pairs=20865 evals=2301 2113s
[561627.4] IDEA_H_R2880: step 154 PREFIX_EVALUATED_NO_WINNER_DEFERRED pairs=20865 evals=2317 2122s
[561635.5] IDEA_H_R2880: step 155 ELEVATED pairs=20798 evals=2333 2130s
[561643.7] IDEA_H_R2880: step 156 PREFIX_EVALUATED_NO_WINNER_DEFERRED pairs=20798 evals=2349 2138s
[561650.9] IDEA_H_R2880: step 157 ELEVATED pairs=20731 evals=2365 2145s
[561659.0] IDEA_H_R2880: step 158 PREFIX_EVALUATED_NO_WINNER_DEFERRED pairs=20731 evals=2381 2153s
[561673.2] IDEA_H_R2880: step 159 ELEVATED pairs=20568 evals=2397 2168s
[561681.2] IDEA_H_R2880: step 160 PREFIX_EVALUATED_NO_WINNER_DEFERRED pairs=20568 evals=2413 2176s
[561688.4] IDEA_H_R2880: step 161 ELEVATED pairs=20508 evals=2429 2183s
[561696.4] IDEA_H_R2880: step 162 PREFIX_EVALUATED_NO_WINNER_DEFERRED pairs=20508 evals=2445 2191s
[561703.7] IDEA_H_R2880: step 163 ELEVATED pairs=20448 evals=2461 2198s
[561711.5] IDEA_H_R2880: step 164 PREFIX_EVALUATED_NO_WINNER_DEFERRED pairs=20448 evals=2477 2206s
[561725.1] IDEA_H_R2880: step 165 ELEVATED pairs=20287 evals=2493 2219s
[561732.9] IDEA_H_R2880: step 166 PREFIX_EVALUATED_NO_WINNER_DEFERRED pairs=20287 evals=2509 2227s
[561740.0] IDEA_H_R2880: step 167 ELEVATED pairs=20221 evals=2525 2234s
[561747.9] IDEA_H_R2880: step 168 PREFIX_EVALUATED_NO_WINNER_DEFERRED pairs=20221 evals=2541 2242s
[561761.3] IDEA_H_R2880: step 169 ELEVATED pairs=20062 evals=2557 2256s
[561769.2] IDEA_H_R2880: step 170 PREFIX_EVALUATED_NO_WINNER_DEFERRED pairs=20062 evals=2573 2264s
[561778.0] IDEA_H_R2880: step 171 PREFIX_EVALUATED_NO_WINNER_DEFERRED pairs=20062 evals=2589 2272s
[561790.0] IDEA_H_R2880: step 172 ELEVATED pairs=19997 evals=2598 2284s
[561797.8] IDEA_H_R2880: step 173 PREFIX_EVALUATED_NO_WINNER_DEFERRED pairs=19997 evals=2614 2292s
[561806.6] IDEA_H_R2880: step 174 PREFIX_EVALUATED_NO_WINNER_DEFERRED pairs=19997 evals=2630 2301s
[561818.5] IDEA_H_R2880: step 175 ELEVATED pairs=19848 evals=2646 2313s
[561826.1] IDEA_H_R2880: step 176 PREFIX_EVALUATED_NO_WINNER_DEFERRED pairs=19848 evals=2662 2320s
[561834.9] IDEA_H_R2880: step 177 PREFIX_EVALUATED_NO_WINNER_DEFERRED pairs=19848 evals=2678 2329s
[561843.2] IDEA_H_R2880: step 178 ELEVATED pairs=19770 evals=2694 2338s
[561850.6] IDEA_H_R2880: step 179 PREFIX_EVALUATED_NO_WINNER_DEFERRED pairs=19770 evals=2710 2345s
[561859.0] IDEA_H_R2880: step 180 PREFIX_EVALUATED_NO_WINNER_DEFERRED pairs=19770 evals=2726 2353s
[561870.3] IDEA_H_R2880: step 181 ELEVATED pairs=19623 evals=2742 2365s
[561877.6] IDEA_H_R2880: step 182 PREFIX_EVALUATED_NO_WINNER_DEFERRED pairs=19623 evals=2758 2372s
[561885.9] IDEA_H_R2880: step 183 PREFIX_EVALUATED_NO_WINNER_DEFERRED pairs=19623 evals=2774 2380s
[561897.0] IDEA_H_R2880: step 184 ELEVATED pairs=19478 evals=2790 2391s
[561903.9] IDEA_H_R2880: step 185 PREFIX_EVALUATED_NO_WINNER_DEFERRED pairs=19478 evals=2806 2398s
[561911.8] IDEA_H_R2880: step 186 PREFIX_EVALUATED_NO_WINNER_DEFERRED pairs=19478 evals=2822 2406s
[561922.8] IDEA_H_R2880: step 187 ELEVATED pairs=19335 evals=2838 2417s
[561929.8] IDEA_H_R2880: step 188 PREFIX_EVALUATED_NO_WINNER_DEFERRED pairs=19335 evals=2854 2424s
[561937.4] IDEA_H_R2880: step 189 PREFIX_EVALUATED_NO_WINNER_DEFERRED pairs=19335 evals=2870 2432s
[561941.1] IDEA_H_R2880: step 190 ELEVATED pairs=19233 evals=2880 2435s
[561941.5] IDEA_H_R2880: done final=19233 moves=154 first=154 reloc=0 ret=0 evals=2880 stop=CANDIDATE_BUDGET_EXHAUSTED
[562008.1] IDEA_H_R2880: recheck PASS checks=130816
