[561064.6] IDEA_D_CONTROL_R2880: start mode=R budget=2880 spec={"name": "IDEA_D_CONTROL", "target_policy": "STRATIFIED", "evaluation_policy": "E2_ORDERED_K16", "traversal_policy": "BASE", "max_targets": 200, "k_per_target": 16, "family_round_robin": false, "relocation_side_reserve": 0, "waiting_age": false, "route_coverage": false, "multi_anchor": false, "exact_dedup": false, "decision_cache": false, "return_action": false, "cache_structural_skips": false, "window_slack_mm": 1e-05, "notes": ""}
[561064.6] IDEA_D_CONTROL_R2880: start state=main C:\Users\lihao\Desktop\Graduation Project\OpticalWaveguideRouter3D\outputs\3d_strategy_v3\512_ablation\D_both_enabled pairs=42909
[561071.2] IDEA_D_CONTROL_R2880: INITIAL_DONE pairs=42909
[561071.7] IDEA_D_CONTROL_R2880: step 1 NO_CANDIDATES_GENERATED pairs=42909 evals=0 1s
[561072.5] IDEA_D_CONTROL_R2880: step 2 NO_CANDIDATES_GENERATED pairs=42909 evals=0 1s
[561072.7] IDEA_D_CONTROL_R2880: step 3 NO_CANDIDATES_GENERATED pairs=42909 evals=0 2s
[561091.0] IDEA_D_CONTROL_R2880: step 4 ELEVATED pairs=42666 evals=16 20s
[561092.0] IDEA_D_CONTROL_R2880: step 5 NO_CANDIDATES_GENERATED pairs=42666 evals=16 21s
[561092.3] IDEA_D_CONTROL_R2880: step 6 NO_CANDIDATES_GENERATED pairs=42666 evals=16 21s
[561092.7] IDEA_D_CONTROL_R2880: step 7 NO_CANDIDATES_GENERATED pairs=42666 evals=16 22s
[561093.7] IDEA_D_CONTROL_R2880: step 8 NO_CANDIDATES_GENERATED pairs=42666 evals=16 23s
[561103.5] IDEA_D_CONTROL_R2880: step 9 ELEVATED pairs=42420 evals=32 32s
[561116.6] IDEA_D_CONTROL_R2880: step 10 RELOCATED pairs=42389 evals=48 46s
[561117.3] IDEA_D_CONTROL_R2880: step 11 NO_CANDIDATES_GENERATED pairs=42389 evals=48 46s
[561134.0] IDEA_D_CONTROL_R2880: step 12 ELEVATED pairs=42215 evals=64 63s
[561144.1] IDEA_D_CONTROL_R2880: step 13 PREFIX_EVALUATED_NO_WINNER_DEFERRED pairs=42215 evals=80 73s
[561166.2] IDEA_D_CONTROL_R2880: step 14 PREFIX_EVALUATED_NO_WINNER_DEFERRED pairs=42215 evals=96 95s
[561179.8] IDEA_D_CONTROL_R2880: step 15 ELEVATED pairs=42033 evals=112 109s
[561190.3] IDEA_D_CONTROL_R2880: step 16 PREFIX_EVALUATED_NO_WINNER_DEFERRED pairs=42033 evals=128 119s
[561199.1] IDEA_D_CONTROL_R2880: step 17 PREFIX_EVALUATED_NO_WINNER_DEFERRED pairs=42033 evals=144 128s
[561213.0] IDEA_D_CONTROL_R2880: step 18 ELEVATED pairs=41849 evals=160 142s
[561224.2] IDEA_D_CONTROL_R2880: step 19 PREFIX_EVALUATED_NO_WINNER_DEFERRED pairs=41849 evals=176 153s
[561232.9] IDEA_D_CONTROL_R2880: step 20 PREFIX_EVALUATED_NO_WINNER_DEFERRED pairs=41849 evals=192 162s
[561246.8] IDEA_D_CONTROL_R2880: step 21 ELEVATED pairs=41664 evals=208 176s
[561258.1] IDEA_D_CONTROL_R2880: step 22 PREFIX_EVALUATED_NO_WINNER_DEFERRED pairs=41664 evals=224 187s
[561266.6] IDEA_D_CONTROL_R2880: step 23 PREFIX_EVALUATED_NO_WINNER_DEFERRED pairs=41664 evals=240 196s
[561277.0] IDEA_D_CONTROL_R2880: step 24 ELEVATED pairs=41410 evals=256 206s
[561288.5] IDEA_D_CONTROL_R2880: step 25 PREFIX_EVALUATED_NO_WINNER_DEFERRED pairs=41410 evals=272 217s
[561297.2] IDEA_D_CONTROL_R2880: step 26 PREFIX_EVALUATED_NO_WINNER_DEFERRED pairs=41410 evals=288 226s
[561311.2] IDEA_D_CONTROL_R2880: step 27 ELEVATED pairs=41216 evals=304 240s
[561322.6] IDEA_D_CONTROL_R2880: step 28 PREFIX_EVALUATED_NO_WINNER_DEFERRED pairs=41216 evals=320 252s
[561331.5] IDEA_D_CONTROL_R2880: step 29 PREFIX_EVALUATED_NO_WINNER_DEFERRED pairs=41216 evals=336 260s
[561350.6] IDEA_D_CONTROL_R2880: step 30 ELEVATED pairs=41037 evals=352 280s
[561362.4] IDEA_D_CONTROL_R2880: step 31 PREFIX_EVALUATED_NO_WINNER_DEFERRED pairs=41037 evals=368 291s
[561371.2] IDEA_D_CONTROL_R2880: step 32 PREFIX_EVALUATED_NO_WINNER_DEFERRED pairs=41037 evals=384 300s
[561390.2] IDEA_D_CONTROL_R2880: step 33 ELEVATED pairs=40858 evals=400 319s
[561401.6] IDEA_D_CONTROL_R2880: step 34 PREFIX_EVALUATED_NO_WINNER_DEFERRED pairs=40858 evals=416 331s
[561409.7] IDEA_D_CONTROL_R2880: step 35 PREFIX_EVALUATED_NO_WINNER_DEFERRED pairs=40858 evals=432 339s
[561418.6] IDEA_D_CONTROL_R2880: step 36 ELEVATED pairs=40620 evals=448 348s
[561430.0] IDEA_D_CONTROL_R2880: step 37 PREFIX_EVALUATED_NO_WINNER_DEFERRED pairs=40620 evals=464 359s
[561438.2] IDEA_D_CONTROL_R2880: step 38 PREFIX_EVALUATED_NO_WINNER_DEFERRED pairs=40620 evals=480 367s
[561450.4] IDEA_D_CONTROL_R2880: step 39 ELEVATED pairs=40369 evals=496 379s
[561461.8] IDEA_D_CONTROL_R2880: step 40 PREFIX_EVALUATED_NO_WINNER_DEFERRED pairs=40369 evals=512 391s
[561469.6] IDEA_D_CONTROL_R2880: step 41 PREFIX_EVALUATED_NO_WINNER_DEFERRED pairs=40369 evals=528 399s
[561477.9] IDEA_D_CONTROL_R2880: step 42 ELEVATED pairs=40129 evals=544 407s
[561489.0] IDEA_D_CONTROL_R2880: step 43 PREFIX_EVALUATED_NO_WINNER_DEFERRED pairs=40129 evals=560 418s
[561496.8] IDEA_D_CONTROL_R2880: step 44 PREFIX_EVALUATED_NO_WINNER_DEFERRED pairs=40129 evals=576 426s
[561507.5] IDEA_D_CONTROL_R2880: step 45 ELEVATED pairs=39880 evals=592 436s
[561517.7] IDEA_D_CONTROL_R2880: step 46 PREFIX_EVALUATED_NO_WINNER_DEFERRED pairs=39880 evals=608 447s
[561525.1] IDEA_D_CONTROL_R2880: step 47 PREFIX_EVALUATED_NO_WINNER_DEFERRED pairs=39880 evals=624 454s
[561536.0] IDEA_D_CONTROL_R2880: step 48 ELEVATED pairs=39633 evals=640 465s
[561546.2] IDEA_D_CONTROL_R2880: step 49 PREFIX_EVALUATED_NO_WINNER_DEFERRED pairs=39633 evals=656 475s
[561553.7] IDEA_D_CONTROL_R2880: step 50 PREFIX_EVALUATED_NO_WINNER_DEFERRED pairs=39633 evals=672 483s
[561564.7] IDEA_D_CONTROL_R2880: step 51 ELEVATED pairs=39408 evals=688 494s
[561575.0] IDEA_D_CONTROL_R2880: step 52 PREFIX_EVALUATED_NO_WINNER_DEFERRED pairs=39408 evals=704 504s
[561582.4] IDEA_D_CONTROL_R2880: step 53 PREFIX_EVALUATED_NO_WINNER_DEFERRED pairs=39408 evals=720 511s
[561596.6] IDEA_D_CONTROL_R2880: step 54 ELEVATED pairs=39250 evals=736 526s
[561608.0] IDEA_D_CONTROL_R2880: step 55 RELOCATED pairs=39230 evals=752 537s
[561615.3] IDEA_D_CONTROL_R2880: step 56 PREFIX_EVALUATED_NO_WINNER_DEFERRED pairs=39230 evals=768 544s
[561625.9] IDEA_D_CONTROL_R2880: step 57 ELEVATED pairs=39096 evals=784 555s
[561634.4] IDEA_D_CONTROL_R2880: step 58 RELOCATED pairs=39067 evals=800 563s
[561641.7] IDEA_D_CONTROL_R2880: step 59 PREFIX_EVALUATED_NO_WINNER_DEFERRED pairs=39067 evals=816 571s
[561652.1] IDEA_D_CONTROL_R2880: step 60 ELEVATED pairs=38932 evals=832 581s
[561659.9] IDEA_D_CONTROL_R2880: step 61 RELOCATED pairs=38885 evals=848 589s
[561667.0] IDEA_D_CONTROL_R2880: step 62 PREFIX_EVALUATED_NO_WINNER_DEFERRED pairs=38885 evals=864 596s
[561676.1] IDEA_D_CONTROL_R2880: step 63 ELEVATED pairs=38769 evals=880 605s
[561684.6] IDEA_D_CONTROL_R2880: step 64 RELOCATED pairs=38709 evals=896 614s
[561691.8] IDEA_D_CONTROL_R2880: step 65 PREFIX_EVALUATED_NO_WINNER_DEFERRED pairs=38709 evals=912 621s
[561707.7] IDEA_D_CONTROL_R2880: step 66 ELEVATED pairs=38505 evals=928 637s
[561718.2] IDEA_D_CONTROL_R2880: step 67 PREFIX_EVALUATED_NO_WINNER_DEFERRED pairs=38505 evals=944 647s
[561724.9] IDEA_D_CONTROL_R2880: step 68 PREFIX_EVALUATED_NO_WINNER_DEFERRED pairs=38505 evals=960 654s
[561731.7] IDEA_D_CONTROL_R2880: step 69 ELEVATED pairs=38277 evals=976 661s
[561742.4] IDEA_D_CONTROL_R2880: step 70 PREFIX_EVALUATED_NO_WINNER_DEFERRED pairs=38277 evals=992 671s
[561749.1] IDEA_D_CONTROL_R2880: step 71 PREFIX_EVALUATED_NO_WINNER_DEFERRED pairs=38277 evals=1008 678s
[561759.4] IDEA_D_CONTROL_R2880: step 72 ELEVATED pairs=38140 evals=1024 688s
[561770.1] IDEA_D_CONTROL_R2880: step 73 PREFIX_EVALUATED_NO_WINNER_DEFERRED pairs=38140 evals=1040 699s
[561782.7] IDEA_D_CONTROL_R2880: step 74 RELOCATED pairs=38100 evals=1056 712s
[561789.4] IDEA_D_CONTROL_R2880: step 75 ELEVATED pairs=37873 evals=1072 718s
[561800.2] IDEA_D_CONTROL_R2880: step 76 PREFIX_EVALUATED_NO_WINNER_DEFERRED pairs=37873 evals=1088 729s
[561808.1] IDEA_D_CONTROL_R2880: step 77 PREFIX_EVALUATED_NO_WINNER_DEFERRED pairs=37873 evals=1104 737s
[561819.0] IDEA_D_CONTROL_R2880: step 78 ELEVATED pairs=37669 evals=1120 748s
[561829.5] IDEA_D_CONTROL_R2880: step 79 PREFIX_EVALUATED_NO_WINNER_DEFERRED pairs=37669 evals=1136 759s
[561842.3] IDEA_D_CONTROL_R2880: step 80 RELOCATED pairs=37631 evals=1152 771s
[561848.9] IDEA_D_CONTROL_R2880: step 81 ELEVATED pairs=37405 evals=1168 778s
[561859.2] IDEA_D_CONTROL_R2880: step 82 PREFIX_EVALUATED_NO_WINNER_DEFERRED pairs=37405 evals=1184 788s
[561871.5] IDEA_D_CONTROL_R2880: step 83 RELOCATED pairs=37369 evals=1200 800s
[561879.2] IDEA_D_CONTROL_R2880: step 84 ELEVATED pairs=37160 evals=1216 808s
[561889.3] IDEA_D_CONTROL_R2880: step 85 PREFIX_EVALUATED_NO_WINNER_DEFERRED pairs=37160 evals=1232 818s
[561896.7] IDEA_D_CONTROL_R2880: step 86 PREFIX_EVALUATED_NO_WINNER_DEFERRED pairs=37160 evals=1248 826s
[561903.7] IDEA_D_CONTROL_R2880: step 87 ELEVATED pairs=36946 evals=1264 833s
[561913.3] IDEA_D_CONTROL_R2880: step 88 PREFIX_EVALUATED_NO_WINNER_DEFERRED pairs=36946 evals=1280 842s
[561920.7] IDEA_D_CONTROL_R2880: step 89 PREFIX_EVALUATED_NO_WINNER_DEFERRED pairs=36946 evals=1296 850s
[561920.9] IDEA_D_CONTROL_R2880: step 90 NO_CANDIDATES_GENERATED pairs=36946 evals=1296 850s
[561928.3] IDEA_D_CONTROL_R2880: step 91 PREFIX_EVALUATED_NO_WINNER_DEFERRED pairs=36946 evals=1312 857s
[561939.1] IDEA_D_CONTROL_R2880: step 92 RELOCATED pairs=36908 evals=1328 868s
[561939.3] IDEA_D_CONTROL_R2880: step 93 NO_CANDIDATES_GENERATED pairs=36908 evals=1328 868s
[561948.3] IDEA_D_CONTROL_R2880: step 94 PREFIX_EVALUATED_NO_WINNER_DEFERRED pairs=36908 evals=1344 877s
[561954.7] IDEA_D_CONTROL_R2880: step 95 PREFIX_EVALUATED_NO_WINNER_DEFERRED pairs=36908 evals=1360 884s
[561961.2] IDEA_D_CONTROL_R2880: step 96 ELEVATED pairs=36714 evals=1376 890s
[561970.0] IDEA_D_CONTROL_R2880: step 97 PREFIX_EVALUATED_NO_WINNER_DEFERRED pairs=36714 evals=1392 899s
[561976.2] IDEA_D_CONTROL_R2880: step 98 PREFIX_EVALUATED_NO_WINNER_DEFERRED pairs=36714 evals=1408 905s
[561982.8] IDEA_D_CONTROL_R2880: step 99 ELEVATED pairs=36520 evals=1424 912s
[561991.3] IDEA_D_CONTROL_R2880: step 100 PREFIX_EVALUATED_NO_WINNER_DEFERRED pairs=36520 evals=1440 920s
[561997.6] IDEA_D_CONTROL_R2880: step 101 PREFIX_EVALUATED_NO_WINNER_DEFERRED pairs=36520 evals=1456 927s
[562005.9] IDEA_D_CONTROL_R2880: step 102 ELEVATED pairs=36381 evals=1472 935s
[562014.2] IDEA_D_CONTROL_R2880: step 103 PREFIX_EVALUATED_NO_WINNER_DEFERRED pairs=36381 evals=1488 943s
[562020.2] IDEA_D_CONTROL_R2880: step 104 PREFIX_EVALUATED_NO_WINNER_DEFERRED pairs=36381 evals=1504 949s
[562026.4] IDEA_D_CONTROL_R2880: step 105 ELEVATED pairs=36179 evals=1520 955s
[562034.5] IDEA_D_CONTROL_R2880: step 106 PREFIX_EVALUATED_NO_WINNER_DEFERRED pairs=36179 evals=1536 963s
[562040.0] IDEA_D_CONTROL_R2880: step 107 PREFIX_EVALUATED_NO_WINNER_DEFERRED pairs=36179 evals=1552 969s
[562045.3] IDEA_D_CONTROL_R2880: step 108 ELEVATED pairs=35978 evals=1568 974s
[562052.8] IDEA_D_CONTROL_R2880: step 109 PREFIX_EVALUATED_NO_WINNER_DEFERRED pairs=35978 evals=1584 982s
[562058.3] IDEA_D_CONTROL_R2880: step 110 PREFIX_EVALUATED_NO_WINNER_DEFERRED pairs=35978 evals=1600 987s
[562064.1] IDEA_D_CONTROL_R2880: step 111 ELEVATED pairs=35778 evals=1616 993s
[562071.6] IDEA_D_CONTROL_R2880: step 112 PREFIX_EVALUATED_NO_WINNER_DEFERRED pairs=35778 evals=1632 1001s
[562077.2] IDEA_D_CONTROL_R2880: step 113 PREFIX_EVALUATED_NO_WINNER_DEFERRED pairs=35778 evals=1648 1006s
[562084.4] IDEA_D_CONTROL_R2880: step 114 ELEVATED pairs=35587 evals=1664 1013s
[562091.6] IDEA_D_CONTROL_R2880: step 115 PREFIX_EVALUATED_NO_WINNER_DEFERRED pairs=35587 evals=1680 1021s
[562096.9] IDEA_D_CONTROL_R2880: step 116 PREFIX_EVALUATED_NO_WINNER_DEFERRED pairs=35587 evals=1696 1026s
[562104.2] IDEA_D_CONTROL_R2880: step 117 ELEVATED pairs=35378 evals=1712 1033s
[562111.4] IDEA_D_CONTROL_R2880: step 118 PREFIX_EVALUATED_NO_WINNER_DEFERRED pairs=35378 evals=1728 1040s
[562116.7] IDEA_D_CONTROL_R2880: step 119 PREFIX_EVALUATED_NO_WINNER_DEFERRED pairs=35378 evals=1744 1046s
[562122.7] IDEA_D_CONTROL_R2880: step 120 ELEVATED pairs=35191 evals=1760 1052s
[562129.9] IDEA_D_CONTROL_R2880: step 121 PREFIX_EVALUATED_NO_WINNER_DEFERRED pairs=35191 evals=1776 1059s
[562135.1] IDEA_D_CONTROL_R2880: step 122 PREFIX_EVALUATED_NO_WINNER_DEFERRED pairs=35191 evals=1792 1064s
[562142.3] IDEA_D_CONTROL_R2880: step 123 ELEVATED pairs=34984 evals=1808 1071s
[562149.5] IDEA_D_CONTROL_R2880: step 124 PREFIX_EVALUATED_NO_WINNER_DEFERRED pairs=34984 evals=1824 1078s
[562154.7] IDEA_D_CONTROL_R2880: step 125 PREFIX_EVALUATED_NO_WINNER_DEFERRED pairs=34984 evals=1840 1084s
[562160.5] IDEA_D_CONTROL_R2880: step 126 ELEVATED pairs=34835 evals=1856 1090s
[562167.6] IDEA_D_CONTROL_R2880: step 127 PREFIX_EVALUATED_NO_WINNER_DEFERRED pairs=34835 evals=1872 1097s
[562172.9] IDEA_D_CONTROL_R2880: step 128 PREFIX_EVALUATED_NO_WINNER_DEFERRED pairs=34835 evals=1888 1102s
[562179.9] IDEA_D_CONTROL_R2880: step 129 ELEVATED pairs=34630 evals=1904 1109s
[562187.0] IDEA_D_CONTROL_R2880: step 130 PREFIX_EVALUATED_NO_WINNER_DEFERRED pairs=34630 evals=1920 1116s
[562192.3] IDEA_D_CONTROL_R2880: step 131 PREFIX_EVALUATED_NO_WINNER_DEFERRED pairs=34630 evals=1936 1121s
[562199.5] IDEA_D_CONTROL_R2880: step 132 ELEVATED pairs=34443 evals=1952 1128s
[562206.8] IDEA_D_CONTROL_R2880: step 133 PREFIX_EVALUATED_NO_WINNER_DEFERRED pairs=34443 evals=1968 1136s
[562212.0] IDEA_D_CONTROL_R2880: step 134 PREFIX_EVALUATED_NO_WINNER_DEFERRED pairs=34443 evals=1984 1141s
[562219.2] IDEA_D_CONTROL_R2880: step 135 ELEVATED pairs=34239 evals=2000 1148s
[562226.3] IDEA_D_CONTROL_R2880: step 136 PREFIX_EVALUATED_NO_WINNER_DEFERRED pairs=34239 evals=2016 1155s
[562231.6] IDEA_D_CONTROL_R2880: step 137 PREFIX_EVALUATED_NO_WINNER_DEFERRED pairs=34239 evals=2032 1161s
[562238.7] IDEA_D_CONTROL_R2880: step 138 ELEVATED pairs=34054 evals=2048 1168s
[562245.9] IDEA_D_CONTROL_R2880: step 139 PREFIX_EVALUATED_NO_WINNER_DEFERRED pairs=34054 evals=2064 1175s
[562251.2] IDEA_D_CONTROL_R2880: step 140 PREFIX_EVALUATED_NO_WINNER_DEFERRED pairs=34054 evals=2080 1180s
[562258.4] IDEA_D_CONTROL_R2880: step 141 ELEVATED pairs=33852 evals=2096 1187s
[562265.6] IDEA_D_CONTROL_R2880: step 142 PREFIX_EVALUATED_NO_WINNER_DEFERRED pairs=33852 evals=2112 1195s
[562270.9] IDEA_D_CONTROL_R2880: step 143 PREFIX_EVALUATED_NO_WINNER_DEFERRED pairs=33852 evals=2128 1200s
[562277.8] IDEA_D_CONTROL_R2880: step 144 ELEVATED pairs=33661 evals=2144 1207s
[562284.9] IDEA_D_CONTROL_R2880: step 145 PREFIX_EVALUATED_NO_WINNER_DEFERRED pairs=33661 evals=2160 1214s
[562290.4] IDEA_D_CONTROL_R2880: step 146 PREFIX_EVALUATED_NO_WINNER_DEFERRED pairs=33661 evals=2176 1219s
[562297.9] IDEA_D_CONTROL_R2880: step 147 ELEVATED pairs=33460 evals=2192 1227s
[562305.4] IDEA_D_CONTROL_R2880: step 148 PREFIX_EVALUATED_NO_WINNER_DEFERRED pairs=33460 evals=2208 1234s
[562310.9] IDEA_D_CONTROL_R2880: step 149 PREFIX_EVALUATED_NO_WINNER_DEFERRED pairs=33460 evals=2224 1240s
[562318.3] IDEA_D_CONTROL_R2880: step 150 ELEVATED pairs=33271 evals=2240 1247s
[562325.7] IDEA_D_CONTROL_R2880: step 151 PREFIX_EVALUATED_NO_WINNER_DEFERRED pairs=33271 evals=2256 1255s
[562331.1] IDEA_D_CONTROL_R2880: step 152 PREFIX_EVALUATED_NO_WINNER_DEFERRED pairs=33271 evals=2272 1260s
[562336.3] IDEA_D_CONTROL_R2880: step 153 ELEVATED pairs=33118 evals=2288 1265s
[562343.8] IDEA_D_CONTROL_R2880: step 154 PREFIX_EVALUATED_NO_WINNER_DEFERRED pairs=33118 evals=2304 1273s
[562349.3] IDEA_D_CONTROL_R2880: step 155 PREFIX_EVALUATED_NO_WINNER_DEFERRED pairs=33118 evals=2320 1278s
[562356.5] IDEA_D_CONTROL_R2880: step 156 ELEVATED pairs=32919 evals=2336 1285s
[562363.7] IDEA_D_CONTROL_R2880: step 157 PREFIX_EVALUATED_NO_WINNER_DEFERRED pairs=32919 evals=2352 1293s
[562369.0] IDEA_D_CONTROL_R2880: step 158 PREFIX_EVALUATED_NO_WINNER_DEFERRED pairs=32919 evals=2368 1298s
[562376.5] IDEA_D_CONTROL_R2880: step 159 ELEVATED pairs=32732 evals=2384 1305s
[562383.7] IDEA_D_CONTROL_R2880: step 160 PREFIX_EVALUATED_NO_WINNER_DEFERRED pairs=32732 evals=2400 1313s
[562389.0] IDEA_D_CONTROL_R2880: step 161 PREFIX_EVALUATED_NO_WINNER_DEFERRED pairs=32732 evals=2416 1318s
[562396.2] IDEA_D_CONTROL_R2880: step 162 ELEVATED pairs=32534 evals=2432 1325s
[562403.4] IDEA_D_CONTROL_R2880: step 163 PREFIX_EVALUATED_NO_WINNER_DEFERRED pairs=32534 evals=2448 1332s
[562408.5] IDEA_D_CONTROL_R2880: step 164 PREFIX_EVALUATED_NO_WINNER_DEFERRED pairs=32534 evals=2464 1337s
[562416.1] IDEA_D_CONTROL_R2880: step 165 ELEVATED pairs=32349 evals=2480 1345s
[562422.9] IDEA_D_CONTROL_R2880: step 166 PREFIX_EVALUATED_NO_WINNER_DEFERRED pairs=32349 evals=2496 1352s
[562427.9] IDEA_D_CONTROL_R2880: step 167 PREFIX_EVALUATED_NO_WINNER_DEFERRED pairs=32349 evals=2512 1357s
[562434.8] IDEA_D_CONTROL_R2880: step 168 ELEVATED pairs=32153 evals=2528 1364s
[562441.4] IDEA_D_CONTROL_R2880: step 169 PREFIX_EVALUATED_NO_WINNER_DEFERRED pairs=32153 evals=2544 1370s
[562446.3] IDEA_D_CONTROL_R2880: step 170 PREFIX_EVALUATED_NO_WINNER_DEFERRED pairs=32153 evals=2560 1375s
[562453.7] IDEA_D_CONTROL_R2880: step 171 ELEVATED pairs=31970 evals=2576 1383s
[562460.2] IDEA_D_CONTROL_R2880: step 172 PREFIX_EVALUATED_NO_WINNER_DEFERRED pairs=31970 evals=2592 1389s
[562465.2] IDEA_D_CONTROL_R2880: step 173 PREFIX_EVALUATED_NO_WINNER_DEFERRED pairs=31970 evals=2608 1394s
[562471.8] IDEA_D_CONTROL_R2880: step 174 ELEVATED pairs=31775 evals=2624 1401s
[562478.6] IDEA_D_CONTROL_R2880: step 175 PREFIX_EVALUATED_NO_WINNER_DEFERRED pairs=31775 evals=2640 1408s
[562483.5] IDEA_D_CONTROL_R2880: step 176 PREFIX_EVALUATED_NO_WINNER_DEFERRED pairs=31775 evals=2656 1412s
[562491.4] IDEA_D_CONTROL_R2880: step 177 ELEVATED pairs=31594 evals=2672 1420s
[562498.1] IDEA_D_CONTROL_R2880: step 178 PREFIX_EVALUATED_NO_WINNER_DEFERRED pairs=31594 evals=2688 1427s
[562503.0] IDEA_D_CONTROL_R2880: step 179 PREFIX_EVALUATED_NO_WINNER_DEFERRED pairs=31594 evals=2704 1432s
[562511.3] IDEA_D_CONTROL_R2880: step 180 ELEVATED pairs=31415 evals=2720 1440s
[562517.9] IDEA_D_CONTROL_R2880: step 181 PREFIX_EVALUATED_NO_WINNER_DEFERRED pairs=31415 evals=2736 1447s
[562522.8] IDEA_D_CONTROL_R2880: step 182 PREFIX_EVALUATED_NO_WINNER_DEFERRED pairs=31415 evals=2752 1452s
[562527.4] IDEA_D_CONTROL_R2880: step 183 ELEVATED pairs=31227 evals=2761 1456s
[562534.0] IDEA_D_CONTROL_R2880: step 184 PREFIX_EVALUATED_NO_WINNER_DEFERRED pairs=31227 evals=2777 1463s
[562538.8] IDEA_D_CONTROL_R2880: step 185 PREFIX_EVALUATED_NO_WINNER_DEFERRED pairs=31227 evals=2793 1468s
[562544.7] IDEA_D_CONTROL_R2880: step 186 ELEVATED pairs=31041 evals=2809 1474s
[562551.2] IDEA_D_CONTROL_R2880: step 187 PREFIX_EVALUATED_NO_WINNER_DEFERRED pairs=31041 evals=2825 1480s
[562556.1] IDEA_D_CONTROL_R2880: step 188 PREFIX_EVALUATED_NO_WINNER_DEFERRED pairs=31041 evals=2841 1485s
[562564.7] IDEA_D_CONTROL_R2880: step 189 ELEVATED pairs=30864 evals=2857 1494s
[562571.3] IDEA_D_CONTROL_R2880: step 190 PREFIX_EVALUATED_NO_WINNER_DEFERRED pairs=30864 evals=2873 1500s
[562573.7] IDEA_D_CONTROL_R2880: step 191 ABORTED_CANDIDATE_BUDGET pairs=30864 evals=2880 1503s
[562574.0] IDEA_D_CONTROL_R2880: done final=30864 moves=69 first=60 reloc=9 ret=0 evals=2880 stop=CANDIDATE_BUDGET_EXHAUSTED
[562609.8] IDEA_D_CONTROL_R2880: recheck PASS checks=130816
