[554387.2] V6_E2_RC2880: start mode=R budget=2880 spec={"name": "V6_E2", "target_policy": "STRATIFIED", "evaluation_policy": "E2_ORDERED_K16", "traversal_policy": "BASE", "max_targets": 200, "k_per_target": 16, "family_round_robin": false, "relocation_side_reserve": 0, "waiting_age": false, "route_coverage": false, "multi_anchor": false, "exact_dedup": false, "decision_cache": false, "return_action": false, "cache_structural_skips": false, "window_slack_mm": 1e-05, "notes": ""}
[554387.2] V6_E2_RC2880: start state=challenge C:\Users\lihao\Desktop\Graduation Project\OpticalWaveguideRouter3D\outputs\3d_strategy_v4\512_full_layout\N2880 pairs=30999
[554395.1] V6_E2_RC2880: INITIAL_DONE pairs=30999
[554395.6] V6_E2_RC2880: step 1 NO_CANDIDATES_GENERATED pairs=30999 evals=0 1s
[554396.4] V6_E2_RC2880: step 2 NO_CANDIDATES_GENERATED pairs=30999 evals=0 2s
[554396.6] V6_E2_RC2880: step 3 NO_CANDIDATES_GENERATED pairs=30999 evals=0 2s
[554397.1] V6_E2_RC2880: step 4 NO_CANDIDATES_GENERATED pairs=30999 evals=0 2s
[554406.6] V6_E2_RC2880: step 5 PREFIX_EVALUATED_NO_WINNER_DEFERRED pairs=30999 evals=16 12s
[554406.8] V6_E2_RC2880: step 6 NO_CANDIDATES_GENERATED pairs=30999 evals=16 12s
[554407.3] V6_E2_RC2880: step 7 NO_CANDIDATES_GENERATED pairs=30999 evals=16 13s
[554408.0] V6_E2_RC2880: step 8 NO_CANDIDATES_GENERATED pairs=30999 evals=16 13s
[554408.2] V6_E2_RC2880: step 9 NO_CANDIDATES_GENERATED pairs=30999 evals=16 14s
[554408.7] V6_E2_RC2880: step 10 NO_CANDIDATES_GENERATED pairs=30999 evals=16 14s
[554419.7] V6_E2_RC2880: step 11 PREFIX_EVALUATED_NO_WINNER_DEFERRED pairs=30999 evals=32 25s
[554419.9] V6_E2_RC2880: step 12 NO_CANDIDATES_GENERATED pairs=30999 evals=32 25s
[554420.3] V6_E2_RC2880: step 13 NO_CANDIDATES_GENERATED pairs=30999 evals=32 26s
[554431.9] V6_E2_RC2880: step 14 PREFIX_EVALUATED_NO_WINNER_DEFERRED pairs=30999 evals=48 37s
[554432.1] V6_E2_RC2880: step 15 NO_CANDIDATES_GENERATED pairs=30999 evals=48 37s
[554432.5] V6_E2_RC2880: step 16 NO_CANDIDATES_GENERATED pairs=30999 evals=48 38s
[554442.5] V6_E2_RC2880: step 17 PREFIX_EVALUATED_NO_WINNER_DEFERRED pairs=30999 evals=64 48s
[554442.8] V6_E2_RC2880: step 18 NO_CANDIDATES_GENERATED pairs=30999 evals=64 48s
[554443.2] V6_E2_RC2880: step 19 NO_CANDIDATES_GENERATED pairs=30999 evals=64 48s
[554454.5] V6_E2_RC2880: step 20 PREFIX_EVALUATED_NO_WINNER_DEFERRED pairs=30999 evals=80 60s
[554465.1] V6_E2_RC2880: step 21 ELEVATED pairs=30804 evals=96 70s
[554465.9] V6_E2_RC2880: step 22 NO_CANDIDATES_GENERATED pairs=30804 evals=96 71s
[554476.2] V6_E2_RC2880: step 23 PREFIX_EVALUATED_NO_WINNER_DEFERRED pairs=30804 evals=112 82s
[554488.4] V6_E2_RC2880: step 24 ELEVATED pairs=30611 evals=128 94s
[554489.1] V6_E2_RC2880: step 25 NO_CANDIDATES_GENERATED pairs=30611 evals=128 94s
[554499.2] V6_E2_RC2880: step 26 PREFIX_EVALUATED_NO_WINNER_DEFERRED pairs=30611 evals=144 104s
[554513.0] V6_E2_RC2880: step 27 ELEVATED pairs=30460 evals=160 118s
[554532.1] V6_E2_RC2880: step 28 RELOCATED pairs=30421 evals=176 137s
[554542.2] V6_E2_RC2880: step 29 PREFIX_EVALUATED_NO_WINNER_DEFERRED pairs=30421 evals=192 148s
[554556.1] V6_E2_RC2880: step 30 ELEVATED pairs=30271 evals=208 161s
[554575.0] V6_E2_RC2880: step 31 PREFIX_EVALUATED_NO_WINNER_DEFERRED pairs=30271 evals=224 180s
[554585.3] V6_E2_RC2880: step 32 PREFIX_EVALUATED_NO_WINNER_DEFERRED pairs=30271 evals=240 191s
[554586.1] V6_E2_RC2880: step 33 NO_CANDIDATES_GENERATED pairs=30271 evals=240 191s
[554586.8] V6_E2_RC2880: step 34 NO_CANDIDATES_GENERATED pairs=30271 evals=240 192s
[554598.4] V6_E2_RC2880: step 35 PREFIX_EVALUATED_NO_WINNER_DEFERRED pairs=30271 evals=256 204s
[554617.4] V6_E2_RC2880: step 36 ELEVATED pairs=30081 evals=272 223s
[554635.5] V6_E2_RC2880: step 37 PREFIX_EVALUATED_NO_WINNER_DEFERRED pairs=30081 evals=288 241s
[554645.0] V6_E2_RC2880: step 38 PREFIX_EVALUATED_NO_WINNER_DEFERRED pairs=30081 evals=304 250s
[554665.9] V6_E2_RC2880: step 39 ELEVATED pairs=29893 evals=320 271s
[554683.6] V6_E2_RC2880: step 40 PREFIX_EVALUATED_NO_WINNER_DEFERRED pairs=29893 evals=336 289s
[554693.2] V6_E2_RC2880: step 41 PREFIX_EVALUATED_NO_WINNER_DEFERRED pairs=29893 evals=352 299s
[554717.9] V6_E2_RC2880: step 42 ELEVATED pairs=29707 evals=368 323s
[554736.1] V6_E2_RC2880: step 43 PREFIX_EVALUATED_NO_WINNER_DEFERRED pairs=29707 evals=384 341s
[554746.1] V6_E2_RC2880: step 44 PREFIX_EVALUATED_NO_WINNER_DEFERRED pairs=29707 evals=400 351s
[554763.4] V6_E2_RC2880: step 45 ELEVATED pairs=29516 evals=416 369s
[554782.1] V6_E2_RC2880: step 46 PREFIX_EVALUATED_NO_WINNER_DEFERRED pairs=29516 evals=432 387s
[554792.4] V6_E2_RC2880: step 47 PREFIX_EVALUATED_NO_WINNER_DEFERRED pairs=29516 evals=448 398s
[554819.0] V6_E2_RC2880: step 48 ELEVATED pairs=29332 evals=464 424s
[554837.3] V6_E2_RC2880: step 49 PREFIX_EVALUATED_NO_WINNER_DEFERRED pairs=29332 evals=480 443s
[554846.8] V6_E2_RC2880: step 50 PREFIX_EVALUATED_NO_WINNER_DEFERRED pairs=29332 evals=496 452s
[554864.1] V6_E2_RC2880: step 51 ELEVATED pairs=29143 evals=512 469s
[554882.1] V6_E2_RC2880: step 52 PREFIX_EVALUATED_NO_WINNER_DEFERRED pairs=29143 evals=528 487s
[554891.8] V6_E2_RC2880: step 53 PREFIX_EVALUATED_NO_WINNER_DEFERRED pairs=29143 evals=544 497s
[554903.6] V6_E2_RC2880: step 54 ELEVATED pairs=28968 evals=560 509s
[554921.6] V6_E2_RC2880: step 55 PREFIX_EVALUATED_NO_WINNER_DEFERRED pairs=28968 evals=576 527s
[554931.1] V6_E2_RC2880: step 56 PREFIX_EVALUATED_NO_WINNER_DEFERRED pairs=28968 evals=592 536s
[554945.0] V6_E2_RC2880: step 57 ELEVATED pairs=28795 evals=608 550s
[554963.4] V6_E2_RC2880: step 58 PREFIX_EVALUATED_NO_WINNER_DEFERRED pairs=28795 evals=624 569s
[554973.3] V6_E2_RC2880: step 59 PREFIX_EVALUATED_NO_WINNER_DEFERRED pairs=28795 evals=640 579s
[554992.1] V6_E2_RC2880: step 60 ELEVATED pairs=28624 evals=656 597s
[555010.5] V6_E2_RC2880: step 61 PREFIX_EVALUATED_NO_WINNER_DEFERRED pairs=28624 evals=672 616s
[555020.7] V6_E2_RC2880: step 62 PREFIX_EVALUATED_NO_WINNER_DEFERRED pairs=28624 evals=688 626s
[555032.9] V6_E2_RC2880: step 63 ELEVATED pairs=28441 evals=704 638s
[555050.7] V6_E2_RC2880: step 64 PREFIX_EVALUATED_NO_WINNER_DEFERRED pairs=28441 evals=720 656s
[555060.3] V6_E2_RC2880: step 65 PREFIX_EVALUATED_NO_WINNER_DEFERRED pairs=28441 evals=736 666s
[555073.4] V6_E2_RC2880: step 66 ELEVATED pairs=28336 evals=752 679s
[555085.7] V6_E2_RC2880: step 67 PREFIX_EVALUATED_NO_WINNER_DEFERRED pairs=28336 evals=768 691s
[555094.6] V6_E2_RC2880: step 68 PREFIX_EVALUATED_NO_WINNER_DEFERRED pairs=28336 evals=784 700s
[555107.1] V6_E2_RC2880: step 69 ELEVATED pairs=28155 evals=800 712s
[555119.3] V6_E2_RC2880: step 70 PREFIX_EVALUATED_NO_WINNER_DEFERRED pairs=28155 evals=816 725s
[555128.1] V6_E2_RC2880: step 71 PREFIX_EVALUATED_NO_WINNER_DEFERRED pairs=28155 evals=832 733s
[555151.8] V6_E2_RC2880: step 72 ELEVATED pairs=27995 evals=848 757s
[555164.3] V6_E2_RC2880: step 73 PREFIX_EVALUATED_NO_WINNER_DEFERRED pairs=27995 evals=864 770s
[555173.3] V6_E2_RC2880: step 74 PREFIX_EVALUATED_NO_WINNER_DEFERRED pairs=27995 evals=880 779s
[555186.9] V6_E2_RC2880: step 75 ELEVATED pairs=27816 evals=896 792s
[555199.5] V6_E2_RC2880: step 76 PREFIX_EVALUATED_NO_WINNER_DEFERRED pairs=27816 evals=912 805s
[555208.9] V6_E2_RC2880: step 77 PREFIX_EVALUATED_NO_WINNER_DEFERRED pairs=27816 evals=928 814s
[555224.1] V6_E2_RC2880: step 78 ELEVATED pairs=27639 evals=944 829s
[555236.4] V6_E2_RC2880: step 79 PREFIX_EVALUATED_NO_WINNER_DEFERRED pairs=27639 evals=960 842s
[555245.6] V6_E2_RC2880: step 80 PREFIX_EVALUATED_NO_WINNER_DEFERRED pairs=27639 evals=976 851s
[555260.4] V6_E2_RC2880: step 81 ELEVATED pairs=27473 evals=992 866s
[555272.5] V6_E2_RC2880: step 82 PREFIX_EVALUATED_NO_WINNER_DEFERRED pairs=27473 evals=1008 878s
[555281.2] V6_E2_RC2880: step 83 PREFIX_EVALUATED_NO_WINNER_DEFERRED pairs=27473 evals=1024 887s
[555290.6] V6_E2_RC2880: step 84 ELEVATED pairs=27307 evals=1033 896s
[555302.2] V6_E2_RC2880: step 85 PREFIX_EVALUATED_NO_WINNER_DEFERRED pairs=27307 evals=1049 908s
[555310.6] V6_E2_RC2880: step 86 PREFIX_EVALUATED_NO_WINNER_DEFERRED pairs=27307 evals=1065 916s
[555324.9] V6_E2_RC2880: step 87 ELEVATED pairs=27143 evals=1081 930s
[555336.5] V6_E2_RC2880: step 88 PREFIX_EVALUATED_NO_WINNER_DEFERRED pairs=27143 evals=1097 942s
[555345.1] V6_E2_RC2880: step 89 PREFIX_EVALUATED_NO_WINNER_DEFERRED pairs=27143 evals=1113 950s
[555354.4] V6_E2_RC2880: step 90 ELEVATED pairs=26979 evals=1122 960s
[555366.2] V6_E2_RC2880: step 91 PREFIX_EVALUATED_NO_WINNER_DEFERRED pairs=26979 evals=1138 972s
[555374.6] V6_E2_RC2880: step 92 PREFIX_EVALUATED_NO_WINNER_DEFERRED pairs=26979 evals=1154 980s
[555388.5] V6_E2_RC2880: step 93 ELEVATED pairs=26818 evals=1170 994s
[555399.7] V6_E2_RC2880: step 94 PREFIX_EVALUATED_NO_WINNER_DEFERRED pairs=26818 evals=1186 1005s
[555407.9] V6_E2_RC2880: step 95 PREFIX_EVALUATED_NO_WINNER_DEFERRED pairs=26818 evals=1202 1013s
[555417.0] V6_E2_RC2880: step 96 ELEVATED pairs=26656 evals=1211 1022s
[555428.4] V6_E2_RC2880: step 97 PREFIX_EVALUATED_NO_WINNER_DEFERRED pairs=26656 evals=1227 1034s
[555436.7] V6_E2_RC2880: step 98 PREFIX_EVALUATED_NO_WINNER_DEFERRED pairs=26656 evals=1243 1042s
[555451.2] V6_E2_RC2880: step 99 ELEVATED pairs=26497 evals=1259 1056s
[555462.3] V6_E2_RC2880: step 100 PREFIX_EVALUATED_NO_WINNER_DEFERRED pairs=26497 evals=1275 1068s
[555470.5] V6_E2_RC2880: step 101 PREFIX_EVALUATED_NO_WINNER_DEFERRED pairs=26497 evals=1291 1076s
[555471.0] V6_E2_RC2880: step 102 NO_CANDIDATES_GENERATED pairs=26497 evals=1291 1076s
[555482.6] V6_E2_RC2880: step 103 PREFIX_EVALUATED_NO_WINNER_DEFERRED pairs=26497 evals=1307 1088s
[555495.4] V6_E2_RC2880: step 104 PREFIX_EVALUATED_NO_WINNER_DEFERRED pairs=26497 evals=1323 1101s
[555504.6] V6_E2_RC2880: step 105 ELEVATED pairs=26337 evals=1332 1110s
[555516.4] V6_E2_RC2880: step 106 PREFIX_EVALUATED_NO_WINNER_DEFERRED pairs=26337 evals=1348 1122s
[555525.1] V6_E2_RC2880: step 107 PREFIX_EVALUATED_NO_WINNER_DEFERRED pairs=26337 evals=1364 1130s
[555540.4] V6_E2_RC2880: step 108 ELEVATED pairs=26180 evals=1380 1146s
[555551.8] V6_E2_RC2880: step 109 RELOCATED pairs=26178 evals=1396 1157s
[555560.3] V6_E2_RC2880: step 110 PREFIX_EVALUATED_NO_WINNER_DEFERRED pairs=26178 evals=1412 1166s
[555575.7] V6_E2_RC2880: step 111 ELEVATED pairs=26021 evals=1428 1181s
[555587.9] V6_E2_RC2880: step 112 PREFIX_EVALUATED_NO_WINNER_DEFERRED pairs=26021 evals=1444 1193s
[555595.7] V6_E2_RC2880: step 113 PREFIX_EVALUATED_NO_WINNER_DEFERRED pairs=26021 evals=1460 1201s
[555611.1] V6_E2_RC2880: step 114 ELEVATED pairs=25865 evals=1476 1216s
[555623.3] V6_E2_RC2880: step 115 PREFIX_EVALUATED_NO_WINNER_DEFERRED pairs=25865 evals=1492 1229s
[555631.5] V6_E2_RC2880: step 116 PREFIX_EVALUATED_NO_WINNER_DEFERRED pairs=25865 evals=1508 1237s
[555646.6] V6_E2_RC2880: step 117 ELEVATED pairs=25711 evals=1524 1252s
[555658.7] V6_E2_RC2880: step 118 PREFIX_EVALUATED_NO_WINNER_DEFERRED pairs=25711 evals=1540 1264s
[555666.5] V6_E2_RC2880: step 119 PREFIX_EVALUATED_NO_WINNER_DEFERRED pairs=25711 evals=1556 1272s
[555682.0] V6_E2_RC2880: step 120 ELEVATED pairs=25559 evals=1572 1287s
[555694.1] V6_E2_RC2880: step 121 PREFIX_EVALUATED_NO_WINNER_DEFERRED pairs=25559 evals=1588 1299s
[555702.0] V6_E2_RC2880: step 122 PREFIX_EVALUATED_NO_WINNER_DEFERRED pairs=25559 evals=1604 1307s
[555717.7] V6_E2_RC2880: step 123 ELEVATED pairs=25409 evals=1620 1323s
[555729.8] V6_E2_RC2880: step 124 PREFIX_EVALUATED_NO_WINNER_DEFERRED pairs=25409 evals=1636 1335s
[555737.7] V6_E2_RC2880: step 125 PREFIX_EVALUATED_NO_WINNER_DEFERRED pairs=25409 evals=1652 1343s
[555747.4] V6_E2_RC2880: step 126 ELEVATED pairs=25260 evals=1668 1353s
[555759.4] V6_E2_RC2880: step 127 PREFIX_EVALUATED_NO_WINNER_DEFERRED pairs=25260 evals=1684 1365s
[555767.3] V6_E2_RC2880: step 128 PREFIX_EVALUATED_NO_WINNER_DEFERRED pairs=25260 evals=1700 1373s
[555778.2] V6_E2_RC2880: step 129 ELEVATED pairs=25124 evals=1716 1384s
