[554372.0] V6_E2_N1440: start mode=N budget=1440 spec={"name": "V6_E2", "target_policy": "STRATIFIED", "evaluation_policy": "E2_ORDERED_K16", "traversal_policy": "BASE", "max_targets": 200, "k_per_target": 16, "family_round_robin": false, "relocation_side_reserve": 0, "waiting_age": false, "route_coverage": false, "multi_anchor": false, "exact_dedup": false, "decision_cache": false, "return_action": false, "cache_structural_skips": false, "window_slack_mm": 1e-05, "notes": ""}
[554372.1] V6_E2_N1440: start state=main C:\Users\lihao\Desktop\Graduation Project\OpticalWaveguideRouter3D\outputs\3d_strategy_v3\512_ablation\D_both_enabled pairs=42909
[554379.4] V6_E2_N1440: INITIAL_DONE pairs=42909
[554379.7] V6_E2_N1440: step 1 NO_CANDIDATES_GENERATED pairs=42909 evals=0 1s
[554385.4] V6_E2_N1440: step 2 NO_CANDIDATES_GENERATED pairs=42909 evals=0 6s
[554385.7] V6_E2_N1440: step 3 NO_CANDIDATES_GENERATED pairs=42909 evals=0 7s
[554405.2] V6_E2_N1440: step 4 ELEVATED pairs=42666 evals=16 26s
[554421.8] V6_E2_N1440: step 5 ELEVATED pairs=42420 evals=32 43s
[554439.9] V6_E2_N1440: step 6 ELEVATED pairs=42246 evals=48 61s
[554465.5] V6_E2_N1440: step 7 ELEVATED pairs=41992 evals=64 86s
[554489.0] V6_E2_N1440: step 8 ELEVATED pairs=41810 evals=80 110s
[554504.9] V6_E2_N1440: step 9 ELEVATED pairs=41626 evals=96 126s
[554523.3] V6_E2_N1440: step 10 ELEVATED pairs=41446 evals=112 144s
[554549.4] V6_E2_N1440: step 11 ELEVATED pairs=41261 evals=128 170s
[554565.6] V6_E2_N1440: step 12 ELEVATED pairs=41067 evals=144 187s
[554574.6] V6_E2_N1440: step 13 ELEVATED pairs=40813 evals=160 196s
[554600.4] V6_E2_N1440: step 14 ELEVATED pairs=40562 evals=176 221s
[554621.5] V6_E2_N1440: step 15 ELEVATED pairs=40384 evals=192 242s
[554630.3] V6_E2_N1440: step 16 ELEVATED pairs=40133 evals=208 251s
[554655.8] V6_E2_N1440: step 17 ELEVATED pairs=39884 evals=224 277s
[554677.0] V6_E2_N1440: step 18 ELEVATED pairs=39707 evals=240 298s
[554695.4] V6_E2_N1440: step 19 ELEVATED pairs=39469 evals=256 316s
[554722.6] V6_E2_N1440: step 20 ELEVATED pairs=39222 evals=272 343s
[554737.1] V6_E2_N1440: step 21 ELEVATED pairs=38998 evals=288 358s
[554757.2] V6_E2_N1440: step 22 ELEVATED pairs=38856 evals=304 378s
[554790.1] V6_E2_N1440: step 23 ELEVATED pairs=38696 evals=320 411s
[554804.0] V6_E2_N1440: step 24 ELEVATED pairs=38560 evals=336 425s
[554822.2] V6_E2_N1440: step 25 ELEVATED pairs=38366 evals=352 443s
[554850.1] V6_E2_N1440: step 26 ELEVATED pairs=38145 evals=368 471s
[554863.9] V6_E2_N1440: step 27 ELEVATED pairs=38009 evals=384 485s
[554881.1] V6_E2_N1440: step 28 ELEVATED pairs=37842 evals=400 502s
[554908.3] V6_E2_N1440: step 29 ELEVATED pairs=37613 evals=416 529s
[554917.6] V6_E2_N1440: step 30 ELEVATED pairs=37386 evals=432 539s
[554935.2] V6_E2_N1440: step 31 ELEVATED pairs=37219 evals=448 556s
[554963.3] V6_E2_N1440: step 32 ELEVATED pairs=36994 evals=464 584s
[554975.9] V6_E2_N1440: step 33 ELEVATED pairs=36878 evals=480 597s
[554994.9] V6_E2_N1440: step 34 ELEVATED pairs=36737 evals=496 616s
[555036.8] V6_E2_N1440: step 35 ELEVATED pairs=36543 evals=512 658s
[555047.0] V6_E2_N1440: step 36 ELEVATED pairs=36330 evals=528 668s
[555069.1] V6_E2_N1440: step 37 ELEVATED pairs=36198 evals=544 690s
[555089.4] V6_E2_N1440: step 38 NO_CANDIDATES_GENERATED pairs=36198 evals=544 710s
[555089.8] V6_E2_N1440: step 39 NO_CANDIDATES_GENERATED pairs=36198 evals=544 711s
[555100.3] V6_E2_N1440: step 40 ELEVATED pairs=35979 evals=560 721s
[555132.2] V6_E2_N1440: step 41 ELEVATED pairs=35770 evals=576 753s
[555141.6] V6_E2_N1440: step 42 ELEVATED pairs=35601 evals=592 763s
[555152.0] V6_E2_N1440: step 43 ELEVATED pairs=35386 evals=608 773s
[555187.8] V6_E2_N1440: step 44 ELEVATED pairs=35254 evals=624 809s
[555202.4] V6_E2_N1440: step 45 ELEVATED pairs=35046 evals=640 823s
[555213.1] V6_E2_N1440: step 46 ELEVATED pairs=34833 evals=656 834s
[555249.8] V6_E2_N1440: step 47 ELEVATED pairs=34626 evals=672 871s
[555263.8] V6_E2_N1440: step 48 ELEVATED pairs=34421 evals=688 885s
[555274.1] V6_E2_N1440: step 49 ELEVATED pairs=34210 evals=704 895s
[555308.9] V6_E2_N1440: step 50 ELEVATED pairs=34006 evals=720 930s
[555322.3] V6_E2_N1440: step 51 ELEVATED pairs=33804 evals=736 943s
[555340.2] V6_E2_N1440: step 52 ELEVATED pairs=33611 evals=752 961s
[555376.8] V6_E2_N1440: step 53 ELEVATED pairs=33410 evals=768 998s
[555390.0] V6_E2_N1440: step 54 ELEVATED pairs=33211 evals=784 1011s
[555408.7] V6_E2_N1440: step 55 ELEVATED pairs=32987 evals=800 1030s
[555444.5] V6_E2_N1440: step 56 ELEVATED pairs=32789 evals=816 1065s
[555457.4] V6_E2_N1440: step 57 ELEVATED pairs=32593 evals=832 1078s
[555475.6] V6_E2_N1440: step 58 ELEVATED pairs=32371 evals=848 1097s
[555512.0] V6_E2_N1440: step 59 ELEVATED pairs=32176 evals=864 1133s
[555520.2] V6_E2_N1440: step 60 ELEVATED pairs=31988 evals=880 1141s
[555538.1] V6_E2_N1440: step 61 ELEVATED pairs=31769 evals=896 1159s
[555569.7] V6_E2_N1440: step 62 ELEVATED pairs=31662 evals=912 1191s
[555579.4] V6_E2_N1440: step 63 ELEVATED pairs=31491 evals=928 1200s
[555595.5] V6_E2_N1440: step 64 ELEVATED pairs=31274 evals=944 1216s
[555626.0] V6_E2_N1440: step 65 ELEVATED pairs=31087 evals=960 1247s
[555635.2] V6_E2_N1440: step 66 PREFIX_EVALUATED_NO_WINNER_DEFERRED pairs=31087 evals=976 1256s
[555651.2] V6_E2_N1440: step 67 ELEVATED pairs=30872 evals=992 1272s
[555684.1] V6_E2_N1440: step 68 PREFIX_EVALUATED_NO_WINNER_DEFERRED pairs=30872 evals=1008 1305s
[555693.5] V6_E2_N1440: step 69 ELEVATED pairs=30724 evals=1024 1314s
[555709.0] V6_E2_N1440: step 70 ELEVATED pairs=30511 evals=1040 1330s
[555742.4] V6_E2_N1440: step 71 PREFIX_EVALUATED_NO_WINNER_DEFERRED pairs=30511 evals=1056 1363s
[555749.9] V6_E2_N1440: step 72 ELEVATED pairs=30326 evals=1072 1371s
[555765.7] V6_E2_N1440: step 73 ELEVATED pairs=30114 evals=1088 1387s
