[559503.4] IDEA_G_R2880: start mode=R budget=2880 spec={"name": "IDEA_G", "target_policy": "LEGACY", "evaluation_policy": "E2_ORDERED_K16", "traversal_policy": "BASE", "max_targets": 200, "k_per_target": 16, "family_round_robin": false, "relocation_side_reserve": 0, "waiting_age": false, "route_coverage": false, "multi_anchor": false, "exact_dedup": false, "decision_cache": true, "return_action": false, "cache_structural_skips": false, "window_slack_mm": 1e-05, "notes": ""}
[559503.4] IDEA_G_R2880: start state=main C:\Users\lihao\Desktop\Graduation Project\OpticalWaveguideRouter3D\outputs\3d_strategy_v3\512_ablation\D_both_enabled pairs=42909
[559515.7] IDEA_G_R2880: INITIAL_DONE pairs=42909
[559516.1] IDEA_G_R2880: step 1 NO_CANDIDATES_GENERATED pairs=42909 evals=0 2s
[559516.8] IDEA_G_R2880: step 2 NO_CANDIDATES_GENERATED pairs=42909 evals=0 2s
[559531.9] IDEA_G_R2880: step 3 ELEVATED pairs=42661 evals=16 18s
[559557.8] IDEA_G_R2880: step 4 ELEVATED pairs=42487 evals=32 43s
[559577.2] IDEA_G_R2880: step 5 ELEVATED pairs=42305 evals=48 63s
[559599.0] IDEA_G_R2880: step 6 ELEVATED pairs=42121 evals=64 85s
[559618.8] IDEA_G_R2880: step 7 ELEVATED pairs=41936 evals=80 104s
[559634.9] IDEA_G_R2880: step 8 ELEVATED pairs=41680 evals=96 121s
[559656.7] IDEA_G_R2880: step 9 ELEVATED pairs=41486 evals=112 142s
[559673.8] IDEA_G_R2880: step 10 ELEVATED pairs=41225 evals=128 159s
[559701.8] IDEA_G_R2880: step 11 ELEVATED pairs=41046 evals=144 187s
[559730.2] IDEA_G_R2880: step 12 ELEVATED pairs=40867 evals=160 216s
[559745.4] IDEA_G_R2880: step 13 ELEVATED pairs=40628 evals=176 231s
[559763.9] IDEA_G_R2880: step 14 ELEVATED pairs=40377 evals=192 250s
[559778.4] IDEA_G_R2880: step 15 ELEVATED pairs=40136 evals=208 264s
[559800.7] IDEA_G_R2880: step 16 ELEVATED pairs=39887 evals=224 286s
[559817.7] IDEA_G_R2880: step 17 ELEVATED pairs=39640 evals=240 303s
[559834.5] IDEA_G_R2880: step 18 ELEVATED pairs=39399 evals=256 320s
[559856.0] IDEA_G_R2880: step 19 ELEVATED pairs=39175 evals=272 342s
[559874.5] IDEA_G_R2880: step 20 ELEVATED pairs=38969 evals=288 360s
[559897.8] IDEA_G_R2880: step 21 ELEVATED pairs=38811 evals=304 383s
[559916.9] IDEA_G_R2880: step 22 ELEVATED pairs=38668 evals=320 403s
[559932.9] IDEA_G_R2880: step 23 ELEVATED pairs=38466 evals=336 419s
[559952.7] IDEA_G_R2880: step 24 ELEVATED pairs=38332 evals=352 438s
[559968.5] IDEA_G_R2880: step 25 ELEVATED pairs=38108 evals=368 454s
[559986.5] IDEA_G_R2880: step 26 ELEVATED pairs=37974 evals=384 472s
[560003.0] IDEA_G_R2880: step 27 ELEVATED pairs=37771 evals=400 489s
[560016.8] IDEA_G_R2880: step 28 ELEVATED pairs=37568 evals=416 502s
[560029.0] IDEA_G_R2880: step 29 ELEVATED pairs=37338 evals=432 515s
[560040.1] IDEA_G_R2880: step 30 ELEVATED pairs=37110 evals=448 526s
[560058.2] IDEA_G_R2880: step 31 ELEVATED pairs=36910 evals=464 544s
[560073.3] IDEA_G_R2880: step 32 ELEVATED pairs=36684 evals=480 559s
[560092.3] IDEA_G_R2880: step 33 ELEVATED pairs=36466 evals=496 578s
[560106.7] IDEA_G_R2880: step 34 ELEVATED pairs=36269 evals=512 592s
[560131.7] IDEA_G_R2880: step 35 ELEVATED pairs=36073 evals=528 617s
[560149.1] IDEA_G_R2880: step 36 ELEVATED pairs=35887 evals=544 635s
[560164.6] IDEA_G_R2880: step 37 ELEVATED pairs=35774 evals=560 650s
[560179.3] IDEA_G_R2880: step 38 ELEVATED pairs=35543 evals=576 665s
[560193.1] IDEA_G_R2880: step 39 ELEVATED pairs=35343 evals=592 679s
[560207.1] IDEA_G_R2880: step 40 ELEVATED pairs=35138 evals=608 693s
[560207.5] IDEA_G_R2880: step 41 NO_CANDIDATES_GENERATED pairs=35138 evals=608 693s
[560207.9] IDEA_G_R2880: step 42 NO_CANDIDATES_GENERATED pairs=35138 evals=608 694s
[560223.4] IDEA_G_R2880: step 43 ELEVATED pairs=34935 evals=624 709s
[560240.8] IDEA_G_R2880: step 44 ELEVATED pairs=34734 evals=640 726s
[560252.5] IDEA_G_R2880: step 45 ELEVATED pairs=34539 evals=656 738s
[560271.4] IDEA_G_R2880: step 46 ELEVATED pairs=34340 evals=672 757s
[560289.8] IDEA_G_R2880: step 47 ELEVATED pairs=34143 evals=688 775s
[560306.4] IDEA_G_R2880: step 48 ELEVATED pairs=33933 evals=704 792s
[560326.7] IDEA_G_R2880: step 49 ELEVATED pairs=33738 evals=720 812s
[560342.1] IDEA_G_R2880: step 50 ELEVATED pairs=33530 evals=736 828s
[560354.3] IDEA_G_R2880: step 51 ELEVATED pairs=33326 evals=752 840s
[560372.9] IDEA_G_R2880: step 52 ELEVATED pairs=33133 evals=768 859s
[560386.9] IDEA_G_R2880: step 53 ELEVATED pairs=32926 evals=784 872s
[560405.1] IDEA_G_R2880: step 54 ELEVATED pairs=32735 evals=800 891s
[560418.7] IDEA_G_R2880: step 55 ELEVATED pairs=32530 evals=816 904s
[560437.0] IDEA_G_R2880: step 56 ELEVATED pairs=32341 evals=832 923s
[560450.8] IDEA_G_R2880: step 57 ELEVATED pairs=32137 evals=848 936s
[560469.9] IDEA_G_R2880: step 58 ELEVATED pairs=31950 evals=864 955s
[560479.3] IDEA_G_R2880: step 59 ELEVATED pairs=31792 evals=880 965s
[560493.6] IDEA_G_R2880: step 60 ELEVATED pairs=31590 evals=896 979s
[560507.9] IDEA_G_R2880: step 61 ELEVATED pairs=31389 evals=912 993s
[560520.4] IDEA_G_R2880: step 62 ELEVATED pairs=31226 evals=928 1006s
[560534.1] IDEA_G_R2880: step 63 ELEVATED pairs=31027 evals=944 1020s
[560547.2] IDEA_G_R2880: step 64 ELEVATED pairs=30829 evals=960 1033s
[560547.5] IDEA_G_R2880: step 65 NO_CANDIDATES_GENERATED pairs=30829 evals=960 1033s
[560547.8] IDEA_G_R2880: step 66 NO_CANDIDATES_GENERATED pairs=30829 evals=960 1033s
[560548.1] IDEA_G_R2880: step 67 NO_CANDIDATES_GENERATED pairs=30829 evals=960 1034s
[560561.1] IDEA_G_R2880: step 68 ELEVATED pairs=30633 evals=976 1047s
[560572.6] IDEA_G_R2880: step 69 ELEVATED pairs=30481 evals=992 1058s
[560583.5] IDEA_G_R2880: step 70 ELEVATED pairs=30367 evals=1008 1069s
[560597.1] IDEA_G_R2880: step 71 ELEVATED pairs=30214 evals=1024 1083s
[560605.9] IDEA_G_R2880: step 72 ELEVATED pairs=30030 evals=1033 1091s
[560618.8] IDEA_G_R2880: step 73 ELEVATED pairs=29879 evals=1049 1104s
[560627.6] IDEA_G_R2880: step 74 ELEVATED pairs=29697 evals=1058 1113s
[560640.4] IDEA_G_R2880: step 75 ELEVATED pairs=29548 evals=1074 1126s
[560649.3] IDEA_G_R2880: step 76 ELEVATED pairs=29368 evals=1083 1135s
[560657.8] IDEA_G_R2880: step 77 ELEVATED pairs=29190 evals=1092 1143s
[560680.9] IDEA_G_R2880: step 78 ELEVATED pairs=28961 evals=1108 1167s
[560688.6] IDEA_G_R2880: step 79 ELEVATED pairs=28776 evals=1124 1174s
[560696.4] IDEA_G_R2880: step 80 ELEVATED pairs=28593 evals=1140 1182s
[560704.1] IDEA_G_R2880: step 81 ELEVATED pairs=28412 evals=1156 1190s
[560712.6] IDEA_G_R2880: step 82 ELEVATED pairs=28233 evals=1172 1198s
[560721.1] IDEA_G_R2880: step 83 ELEVATED pairs=28134 evals=1188 1207s
[560731.9] IDEA_G_R2880: step 84 ELEVATED pairs=28022 evals=1204 1218s
[560740.2] IDEA_G_R2880: step 85 ELEVATED pairs=27902 evals=1220 1226s
[560748.5] IDEA_G_R2880: step 86 ELEVATED pairs=27782 evals=1236 1234s
[560757.0] IDEA_G_R2880: step 87 ELEVATED pairs=27662 evals=1252 1243s
[560764.9] IDEA_G_R2880: step 88 ELEVATED pairs=27514 evals=1268 1251s
[560773.3] IDEA_G_R2880: step 89 ELEVATED pairs=27394 evals=1284 1259s
[560783.2] IDEA_G_R2880: step 90 ELEVATED pairs=27248 evals=1300 1269s
[560793.7] IDEA_G_R2880: step 91 ELEVATED pairs=27092 evals=1316 1279s
[560803.3] IDEA_G_R2880: step 92 PREFIX_EVALUATED_NO_WINNER_DEFERRED pairs=27092 evals=1332 1289s
[560813.2] IDEA_G_R2880: step 93 ELEVATED pairs=26951 evals=1348 1299s
[560817.0] IDEA_G_R2880: step 94 PREFIX_EVALUATED_NO_WINNER_DEFERRED pairs=26951 evals=1364 1303s
[560827.2] IDEA_G_R2880: step 95 ELEVATED pairs=26895 evals=1380 1313s
[560837.9] IDEA_G_R2880: step 96 ELEVATED pairs=26781 evals=1396 1324s
[560851.5] IDEA_G_R2880: step 97 ELEVATED pairs=26690 evals=1412 1337s
[560864.0] IDEA_G_R2880: step 98 ELEVATED pairs=26525 evals=1428 1350s
[560873.8] IDEA_G_R2880: step 99 ELEVATED pairs=26436 evals=1444 1359s
[560886.0] IDEA_G_R2880: step 100 ELEVATED pairs=26273 evals=1460 1372s
[560898.4] IDEA_G_R2880: step 101 ELEVATED pairs=26112 evals=1476 1384s
[560907.3] IDEA_G_R2880: step 102 ELEVATED pairs=26016 evals=1492 1393s
[560923.4] IDEA_G_R2880: step 103 ELEVATED pairs=25857 evals=1508 1409s
[560932.2] IDEA_G_R2880: step 104 ELEVATED pairs=25803 evals=1524 1418s
[560944.3] IDEA_G_R2880: step 105 ELEVATED pairs=25644 evals=1540 1430s
[560956.3] IDEA_G_R2880: step 106 ELEVATED pairs=25487 evals=1556 1442s
[560963.0] IDEA_G_R2880: step 107 ELEVATED pairs=25361 evals=1572 1449s
[560974.5] IDEA_G_R2880: step 108 ELEVATED pairs=25207 evals=1588 1460s
[560984.6] IDEA_G_R2880: step 109 ELEVATED pairs=25144 evals=1604 1470s
[560992.7] IDEA_G_R2880: step 110 ELEVATED pairs=24969 evals=1620 1478s
[560998.4] IDEA_G_R2880: step 111 ELEVATED pairs=24796 evals=1636 1484s
[561008.4] IDEA_G_R2880: step 112 ELEVATED pairs=24735 evals=1652 1494s
[561031.3] IDEA_G_R2880: step 113 ELEVATED pairs=24607 evals=1668 1517s
[561055.0] IDEA_G_R2880: step 114 ELEVATED pairs=24481 evals=1684 1541s
[561066.9] IDEA_G_R2880: step 115 ELEVATED pairs=24411 evals=1700 1552s
[561081.8] IDEA_G_R2880: step 116 ELEVATED pairs=24317 evals=1709 1567s
[561102.7] IDEA_G_R2880: step 117 ELEVATED pairs=24173 evals=1725 1588s
[561113.1] IDEA_G_R2880: step 118 ELEVATED pairs=24079 evals=1741 1599s
[561133.5] IDEA_G_R2880: step 119 ELEVATED pairs=23935 evals=1757 1619s
[561153.4] IDEA_G_R2880: step 120 ELEVATED pairs=23791 evals=1773 1639s
[561163.6] IDEA_G_R2880: step 121 ELEVATED pairs=23698 evals=1789 1649s
[561182.7] IDEA_G_R2880: step 122 ELEVATED pairs=23554 evals=1805 1668s
[561214.6] IDEA_G_R2880: step 123 ELEVATED pairs=23440 evals=1821 1700s
[561230.4] IDEA_G_R2880: step 124 ELEVATED pairs=23259 evals=1837 1716s
[561261.4] IDEA_G_R2880: step 125 ELEVATED pairs=23145 evals=1853 1747s
[561292.3] IDEA_G_R2880: step 126 ELEVATED pairs=23031 evals=1869 1778s
[561311.3] IDEA_G_R2880: step 127 ELEVATED pairs=22866 evals=1885 1797s
[561341.4] IDEA_G_R2880: step 128 ELEVATED pairs=22752 evals=1901 1827s
[561362.3] IDEA_G_R2880: step 129 ELEVATED pairs=22589 evals=1917 1848s
[561386.0] IDEA_G_R2880: step 130 ELEVATED pairs=22428 evals=1933 1872s
[561410.2] IDEA_G_R2880: step 131 ELEVATED pairs=22269 evals=1949 1896s
[561422.1] IDEA_G_R2880: step 132 ELEVATED pairs=22187 evals=1965 1908s
[561433.3] IDEA_G_R2880: step 133 ELEVATED pairs=22053 evals=1981 1919s
[561444.3] IDEA_G_R2880: step 134 ELEVATED pairs=21921 evals=1997 1930s
[561461.8] IDEA_G_R2880: step 135 ELEVATED pairs=21793 evals=2013 1947s
[561472.4] IDEA_G_R2880: step 136 ELEVATED pairs=21663 evals=2029 1958s
[561482.7] IDEA_G_R2880: step 137 ELEVATED pairs=21599 evals=2045 1968s
[561493.0] IDEA_G_R2880: step 138 ELEVATED pairs=21536 evals=2061 1979s
[561502.7] IDEA_G_R2880: step 139 ELEVATED pairs=21473 evals=2077 1988s
[561510.5] IDEA_G_R2880: step 140 ELEVATED pairs=21404 evals=2093 1996s
[561518.4] IDEA_G_R2880: step 141 ELEVATED pairs=21335 evals=2109 2004s
[561526.7] IDEA_G_R2880: step 142 ELEVATED pairs=21266 evals=2125 2012s
[561535.1] IDEA_G_R2880: step 143 ELEVATED pairs=21197 evals=2141 2021s
[561543.7] IDEA_G_R2880: step 144 PREFIX_EVALUATED_NO_WINNER_DEFERRED pairs=21197 evals=2157 2029s
[561563.5] IDEA_G_R2880: step 145 ELEVATED pairs=21078 evals=2173 2049s
[561566.8] IDEA_G_R2880: step 146 PREFIX_EVALUATED_NO_WINNER_DEFERRED pairs=21078 evals=2189 2052s
[561577.0] IDEA_G_R2880: step 147 ELEVATED pairs=21032 evals=2205 2063s
[561580.2] IDEA_G_R2880: step 148 PREFIX_EVALUATED_NO_WINNER_DEFERRED pairs=21032 evals=2221 2066s
[561590.4] IDEA_G_R2880: step 149 ELEVATED pairs=20986 evals=2237 2076s
[561593.6] IDEA_G_R2880: step 150 PREFIX_EVALUATED_NO_WINNER_DEFERRED pairs=20986 evals=2253 2079s
[561601.6] IDEA_G_R2880: step 151 ELEVATED pairs=20932 evals=2269 2087s
[561604.7] IDEA_G_R2880: step 152 PREFIX_EVALUATED_NO_WINNER_DEFERRED pairs=20932 evals=2285 2090s
[561612.8] IDEA_G_R2880: step 153 ELEVATED pairs=20865 evals=2301 2098s
[561616.0] IDEA_G_R2880: step 154 PREFIX_EVALUATED_NO_WINNER_DEFERRED pairs=20865 evals=2317 2102s
[561624.4] IDEA_G_R2880: step 155 ELEVATED pairs=20798 evals=2333 2110s
[561627.7] IDEA_G_R2880: step 156 PREFIX_EVALUATED_NO_WINNER_DEFERRED pairs=20798 evals=2349 2113s
[561635.3] IDEA_G_R2880: step 157 ELEVATED pairs=20731 evals=2365 2121s
[561638.4] IDEA_G_R2880: step 158 PREFIX_EVALUATED_NO_WINNER_DEFERRED pairs=20731 evals=2381 2124s
[561652.8] IDEA_G_R2880: step 159 ELEVATED pairs=20568 evals=2397 2138s
[561656.0] IDEA_G_R2880: step 160 PREFIX_EVALUATED_NO_WINNER_DEFERRED pairs=20568 evals=2413 2142s
[561663.2] IDEA_G_R2880: step 161 ELEVATED pairs=20508 evals=2429 2149s
[561666.3] IDEA_G_R2880: step 162 PREFIX_EVALUATED_NO_WINNER_DEFERRED pairs=20508 evals=2445 2152s
[561673.7] IDEA_G_R2880: step 163 ELEVATED pairs=20448 evals=2461 2159s
[561676.8] IDEA_G_R2880: step 164 PREFIX_EVALUATED_NO_WINNER_DEFERRED pairs=20448 evals=2477 2162s
[561691.0] IDEA_G_R2880: step 165 ELEVATED pairs=20287 evals=2493 2177s
[561694.1] IDEA_G_R2880: step 166 PREFIX_EVALUATED_NO_WINNER_DEFERRED pairs=20287 evals=2509 2180s
[561701.6] IDEA_G_R2880: step 167 ELEVATED pairs=20221 evals=2525 2187s
[561704.5] IDEA_G_R2880: step 168 PREFIX_EVALUATED_NO_WINNER_DEFERRED pairs=20221 evals=2541 2190s
[561717.9] IDEA_G_R2880: step 169 ELEVATED pairs=20062 evals=2557 2204s
[561720.9] IDEA_G_R2880: step 170 PREFIX_EVALUATED_NO_WINNER_DEFERRED pairs=20062 evals=2573 2207s
[561725.8] IDEA_G_R2880: step 171 PREFIX_EVALUATED_NO_WINNER_DEFERRED pairs=20062 evals=2589 2211s
[561737.8] IDEA_G_R2880: step 172 ELEVATED pairs=19997 evals=2598 2223s
[561740.7] IDEA_G_R2880: step 173 PREFIX_EVALUATED_NO_WINNER_DEFERRED pairs=19997 evals=2614 2226s
[561745.2] IDEA_G_R2880: step 174 PREFIX_EVALUATED_NO_WINNER_DEFERRED pairs=19997 evals=2630 2231s
[561757.1] IDEA_G_R2880: step 175 ELEVATED pairs=19848 evals=2646 2243s
[561760.0] IDEA_G_R2880: step 176 PREFIX_EVALUATED_NO_WINNER_DEFERRED pairs=19848 evals=2662 2246s
[561764.3] IDEA_G_R2880: step 177 PREFIX_EVALUATED_NO_WINNER_DEFERRED pairs=19848 evals=2678 2250s
[561772.8] IDEA_G_R2880: step 178 ELEVATED pairs=19770 evals=2694 2258s
[561775.8] IDEA_G_R2880: step 179 PREFIX_EVALUATED_NO_WINNER_DEFERRED pairs=19770 evals=2710 2261s
[561780.1] IDEA_G_R2880: step 180 PREFIX_EVALUATED_NO_WINNER_DEFERRED pairs=19770 evals=2726 2266s
[561792.1] IDEA_G_R2880: step 181 ELEVATED pairs=19623 evals=2742 2278s
[561795.1] IDEA_G_R2880: step 182 PREFIX_EVALUATED_NO_WINNER_DEFERRED pairs=19623 evals=2758 2281s
[561799.5] IDEA_G_R2880: step 183 PREFIX_EVALUATED_NO_WINNER_DEFERRED pairs=19623 evals=2774 2285s
[561811.2] IDEA_G_R2880: step 184 ELEVATED pairs=19478 evals=2790 2297s
[561814.1] IDEA_G_R2880: step 185 PREFIX_EVALUATED_NO_WINNER_DEFERRED pairs=19478 evals=2806 2300s
[561818.4] IDEA_G_R2880: step 186 PREFIX_EVALUATED_NO_WINNER_DEFERRED pairs=19478 evals=2822 2304s
[561830.3] IDEA_G_R2880: step 187 ELEVATED pairs=19335 evals=2838 2316s
[561833.3] IDEA_G_R2880: step 188 PREFIX_EVALUATED_NO_WINNER_DEFERRED pairs=19335 evals=2854 2319s
[561837.6] IDEA_G_R2880: step 189 PREFIX_EVALUATED_NO_WINNER_DEFERRED pairs=19335 evals=2870 2323s
[561842.0] IDEA_G_R2880: step 190 ELEVATED pairs=19233 evals=2880 2328s
[561842.6] IDEA_G_R2880: done final=19233 moves=154 first=154 reloc=0 ret=0 evals=2880 stop=CANDIDATE_BUDGET_EXHAUSTED
[561921.0] IDEA_G_R2880: recheck PASS checks=130816
