[604114.6] P3_A_FAMILY_T2000_N720: start mode=N budget=720 spec={"name": "P3_A_FAMILY_T2000", "target_policy": "LEGACY", "evaluation_policy": "E2_ORDERED_K16", "traversal_policy": "BASE", "max_targets": 2000, "k_per_target": 16, "family_round_robin": true, "relocation_side_reserve": 0, "waiting_age": false, "route_coverage": false, "multi_anchor": false, "exact_dedup": false, "decision_cache": false, "return_action": false, "cache_structural_skips": false, "window_slack_mm": 1e-05, "generation_domain": "LINE_ONLY", "path_window_settings": null, "stage_length_cap_mm": null, "notes": ""}
[604114.6] P3_A_FAMILY_T2000_N720: start state=main C:\Users\lihao\Desktop\Graduation Project\OpticalWaveguideRouter3D\outputs\3d_strategy_v3\512_ablation\D_both_enabled pairs=42909
[604119.2] P3_A_FAMILY_T2000_N720: INITIAL_DONE pairs=42909
[604119.3] P3_A_FAMILY_T2000_N720: step 1 NO_CANDIDATES_GENERATED pairs=42909 evals=0 0s
[604119.4] P3_A_FAMILY_T2000_N720: step 2 NO_CANDIDATES_GENERATED pairs=42909 evals=0 0s
[604126.9] P3_A_FAMILY_T2000_N720: step 3 ELEVATED pairs=42653 evals=16 8s
[604138.0] P3_A_FAMILY_T2000_N720: step 4 ELEVATED pairs=42440 evals=32 19s
[604148.1] P3_A_FAMILY_T2000_N720: step 5 ELEVATED pairs=42218 evals=48 29s
[604159.8] P3_A_FAMILY_T2000_N720: step 6 ELEVATED pairs=41998 evals=64 41s
[604169.2] P3_A_FAMILY_T2000_N720: step 7 ELEVATED pairs=41742 evals=80 50s
[604180.2] P3_A_FAMILY_T2000_N720: step 8 ELEVATED pairs=41524 evals=96 61s
[604187.9] P3_A_FAMILY_T2000_N720: step 9 ELEVATED pairs=41274 evals=112 69s
[604195.9] P3_A_FAMILY_T2000_N720: step 10 ELEVATED pairs=41024 evals=128 77s
[604204.6] P3_A_FAMILY_T2000_N720: step 11 ELEVATED pairs=40772 evals=144 85s
[604213.1] P3_A_FAMILY_T2000_N720: step 12 ELEVATED pairs=40524 evals=160 94s
[604224.5] P3_A_FAMILY_T2000_N720: step 13 ELEVATED pairs=40314 evals=176 105s
[604232.3] P3_A_FAMILY_T2000_N720: step 14 ELEVATED pairs=40068 evals=192 113s
[604245.7] P3_A_FAMILY_T2000_N720: step 15 ELEVATED pairs=39859 evals=208 126s
[604259.1] P3_A_FAMILY_T2000_N720: step 16 ELEVATED pairs=39652 evals=224 140s
[604268.8] P3_A_FAMILY_T2000_N720: step 17 ELEVATED pairs=39463 evals=240 150s
[604275.1] P3_A_FAMILY_T2000_N720: step 18 ELEVATED pairs=39221 evals=256 156s
[604283.2] P3_A_FAMILY_T2000_N720: step 19 ELEVATED pairs=38991 evals=272 164s
[604293.0] P3_A_FAMILY_T2000_N720: step 20 ELEVATED pairs=38838 evals=288 174s
[604300.9] P3_A_FAMILY_T2000_N720: step 21 ELEVATED pairs=38599 evals=304 182s
[604308.0] P3_A_FAMILY_T2000_N720: step 22 ELEVATED pairs=38376 evals=320 189s
[604313.2] P3_A_FAMILY_T2000_N720: step 23 ELEVATED pairs=38148 evals=336 194s
[604323.1] P3_A_FAMILY_T2000_N720: step 24 ELEVATED pairs=37927 evals=352 204s
[604328.2] P3_A_FAMILY_T2000_N720: step 25 ELEVATED pairs=37701 evals=368 209s
[604333.4] P3_A_FAMILY_T2000_N720: step 26 ELEVATED pairs=37476 evals=384 214s
[604345.3] P3_A_FAMILY_T2000_N720: step 27 ELEVATED pairs=37285 evals=400 226s
[604355.5] P3_A_FAMILY_T2000_N720: step 28 ELEVATED pairs=37126 evals=416 236s
[604365.1] P3_A_FAMILY_T2000_N720: step 29 ELEVATED pairs=36969 evals=432 246s
[604378.2] P3_A_FAMILY_T2000_N720: step 30 ELEVATED pairs=36778 evals=448 259s
[604387.9] P3_A_FAMILY_T2000_N720: step 31 ELEVATED pairs=36525 evals=464 269s
[604398.3] P3_A_FAMILY_T2000_N720: step 32 ELEVATED pairs=36365 evals=480 279s
[604398.5] P3_A_FAMILY_T2000_N720: step 33 NO_CANDIDATES_GENERATED pairs=36365 evals=480 279s
[604398.6] P3_A_FAMILY_T2000_N720: step 34 NO_CANDIDATES_GENERATED pairs=36365 evals=480 279s
[604406.6] P3_A_FAMILY_T2000_N720: step 35 ELEVATED pairs=36160 evals=496 287s
[604414.6] P3_A_FAMILY_T2000_N720: step 36 ELEVATED pairs=35958 evals=512 295s
[604422.0] P3_A_FAMILY_T2000_N720: step 37 ELEVATED pairs=35818 evals=528 303s
[604434.0] P3_A_FAMILY_T2000_N720: step 38 ELEVATED pairs=35612 evals=544 315s
[604439.6] P3_A_FAMILY_T2000_N720: step 39 ELEVATED pairs=35417 evals=560 320s
[604451.4] P3_A_FAMILY_T2000_N720: step 40 ELEVATED pairs=35213 evals=576 332s
[604462.8] P3_A_FAMILY_T2000_N720: step 41 ELEVATED pairs=35010 evals=592 344s
[604470.1] P3_A_FAMILY_T2000_N720: step 42 ELEVATED pairs=34768 evals=608 351s
[604480.0] P3_A_FAMILY_T2000_N720: step 43 ELEVATED pairs=34567 evals=624 361s
[604490.8] P3_A_FAMILY_T2000_N720: step 44 ELEVATED pairs=34447 evals=640 372s
[604501.9] P3_A_FAMILY_T2000_N720: step 45 ELEVATED pairs=34247 evals=656 383s
[604512.2] P3_A_FAMILY_T2000_N720: step 46 ELEVATED pairs=34042 evals=672 393s
[604523.0] P3_A_FAMILY_T2000_N720: step 47 ELEVATED pairs=33844 evals=688 404s
[604533.1] P3_A_FAMILY_T2000_N720: step 48 ELEVATED pairs=33726 evals=704 414s
[604543.5] P3_A_FAMILY_T2000_N720: step 49 ELEVATED pairs=33529 evals=720 424s
[604543.8] P3_A_FAMILY_T2000_N720: step 50 ABORTED_CANDIDATE_BUDGET pairs=33529 evals=720 425s
[604544.0] P3_A_FAMILY_T2000_N720: done final=33529 moves=45 first=45 reloc=0 ret=0 evals=720 stop=CANDIDATE_BUDGET_EXHAUSTED
[604584.3] P3_A_FAMILY_T2000_N720: recheck PASS checks=130816
