[552729.5] V5_LEGACY_N720: start mode=N budget=720 spec={"name": "V5_LEGACY", "target_policy": "LEGACY", "evaluation_policy": "E0_EXHAUSTIVE", "traversal_policy": "BASE", "max_targets": 200, "k_per_target": 16, "family_round_robin": false, "relocation_side_reserve": 0, "waiting_age": false, "route_coverage": false, "multi_anchor": false, "exact_dedup": false, "decision_cache": false, "return_action": false, "cache_structural_skips": false, "window_slack_mm": 1e-05, "notes": ""}
[552729.5] V5_LEGACY_N720: start state=main C:\Users\lihao\Desktop\Graduation Project\OpticalWaveguideRouter3D\outputs\3d_strategy_v3\512_ablation\D_both_enabled pairs=42909
[552733.7] V5_LEGACY_N720: INITIAL_DONE pairs=42909
[552733.8] V5_LEGACY_N720: step 1 NO_CANDIDATES_GENERATED pairs=42909 evals=0 0s
[552733.9] V5_LEGACY_N720: step 2 NO_CANDIDATES_GENERATED pairs=42909 evals=0 0s
[553073.7] V5_LEGACY_N720: start mode=N budget=720 spec={"name": "V5_LEGACY", "target_policy": "LEGACY", "evaluation_policy": "E0_EXHAUSTIVE", "traversal_policy": "BASE", "max_targets": 200, "k_per_target": 16, "family_round_robin": false, "relocation_side_reserve": 0, "waiting_age": false, "route_coverage": false, "multi_anchor": false, "exact_dedup": false, "decision_cache": false, "return_action": false, "cache_structural_skips": false, "window_slack_mm": 1e-05, "notes": ""}
[553073.7] V5_LEGACY_N720: start state=main C:\Users\lihao\Desktop\Graduation Project\OpticalWaveguideRouter3D\outputs\3d_strategy_v3\512_ablation\D_both_enabled pairs=42909
[553079.4] V5_LEGACY_N720: INITIAL_DONE pairs=42909
[553079.6] V5_LEGACY_N720: step 1 NO_CANDIDATES_GENERATED pairs=42909 evals=0 0s
[553079.7] V5_LEGACY_N720: step 2 NO_CANDIDATES_GENERATED pairs=42909 evals=0 0s
[553128.2] V5_LEGACY_N720: step 3 ELEVATED pairs=42648 evals=72 49s
[553202.8] V5_LEGACY_N720: step 4 ELEVATED pairs=42392 evals=144 123s
[553269.0] V5_LEGACY_N720: step 5 ELEVATED pairs=42139 evals=216 190s
[553334.1] V5_LEGACY_N720: step 6 ELEVATED pairs=41888 evals=288 255s
[553402.0] V5_LEGACY_N720: step 7 ELEVATED pairs=41639 evals=360 323s
[553434.6] V5_LEGACY_N720: step 8 ELEVATED pairs=41386 evals=396 355s
[553455.1] V5_LEGACY_N720: step 9 ELEVATED pairs=41111 evals=432 376s
[553506.4] V5_LEGACY_N720: step 10 ELEVATED pairs=40843 evals=486 427s
[553535.7] V5_LEGACY_N720: step 11 ELEVATED pairs=40583 evals=540 456s
[553608.2] V5_LEGACY_N720: step 12 ELEVATED pairs=40327 evals=639 529s
[553659.7] V5_LEGACY_N720: step 13 ELEVATED pairs=40072 evals=720 580s
[553660.1] V5_LEGACY_N720: done final=40072 moves=11 first=11 reloc=0 ret=0 evals=720 stop=CANDIDATE_BUDGET_EXHAUSTED
[553712.3] V5_LEGACY_N720: recheck PASS checks=130816
