[553073.4] V5_LEGACY_R2880: start mode=R budget=2880 spec={"name": "V5_LEGACY", "target_policy": "LEGACY", "evaluation_policy": "E0_EXHAUSTIVE", "traversal_policy": "BASE", "max_targets": 200, "k_per_target": 16, "family_round_robin": false, "relocation_side_reserve": 0, "waiting_age": false, "route_coverage": false, "multi_anchor": false, "exact_dedup": false, "decision_cache": false, "return_action": false, "cache_structural_skips": false, "window_slack_mm": 1e-05, "notes": ""}
[553073.4] V5_LEGACY_R2880: start state=main C:\Users\lihao\Desktop\Graduation Project\OpticalWaveguideRouter3D\outputs\3d_strategy_v3\512_ablation\D_both_enabled pairs=42909
[553079.2] V5_LEGACY_R2880: INITIAL_DONE pairs=42909
[553079.3] V5_LEGACY_R2880: step 1 NO_CANDIDATES_GENERATED pairs=42909 evals=0 0s
[553079.5] V5_LEGACY_R2880: step 2 NO_CANDIDATES_GENERATED pairs=42909 evals=0 0s
[553127.7] V5_LEGACY_R2880: step 3 ELEVATED pairs=42648 evals=72 49s
[553201.5] V5_LEGACY_R2880: step 4 ELEVATED pairs=42392 evals=144 122s
[553267.0] V5_LEGACY_R2880: step 5 ELEVATED pairs=42139 evals=216 188s
[553332.1] V5_LEGACY_R2880: step 6 ELEVATED pairs=41888 evals=288 253s
[553398.6] V5_LEGACY_R2880: step 7 ELEVATED pairs=41639 evals=360 320s
[553431.6] V5_LEGACY_R2880: step 8 ELEVATED pairs=41386 evals=396 352s
[553451.9] V5_LEGACY_R2880: step 9 ELEVATED pairs=41111 evals=432 373s
[553501.6] V5_LEGACY_R2880: step 10 ELEVATED pairs=40843 evals=486 422s
[553531.1] V5_LEGACY_R2880: step 11 ELEVATED pairs=40583 evals=540 452s
[553602.0] V5_LEGACY_R2880: step 12 ELEVATED pairs=40327 evals=639 523s
[553671.0] V5_LEGACY_R2880: step 13 ELEVATED pairs=40072 evals=738 592s
[553753.1] V5_LEGACY_R2880: step 14 ELEVATED pairs=39820 evals=837 674s
[553801.2] V5_LEGACY_R2880: step 15 ELEVATED pairs=39573 evals=891 722s
[553844.6] V5_LEGACY_R2880: step 16 ELEVATED pairs=39328 evals=945 765s
[553883.9] V5_LEGACY_R2880: step 17 ELEVATED pairs=39089 evals=999 805s
[553928.6] V5_LEGACY_R2880: step 18 ELEVATED pairs=38845 evals=1053 849s
[553980.7] V5_LEGACY_R2880: step 19 ELEVATED pairs=38610 evals=1107 902s
[554032.1] V5_LEGACY_R2880: step 20 ELEVATED pairs=38377 evals=1161 953s
[554088.6] V5_LEGACY_R2880: step 21 ELEVATED pairs=38148 evals=1233 1009s
[554107.8] V5_LEGACY_R2880: step 22 ELEVATED pairs=37908 evals=1269 1029s
[554160.6] V5_LEGACY_R2880: step 23 ELEVATED pairs=37686 evals=1341 1081s
[554177.8] V5_LEGACY_R2880: step 24 ELEVATED pairs=37453 evals=1377 1099s
[554194.9] V5_LEGACY_R2880: step 25 ELEVATED pairs=37222 evals=1413 1116s
[554229.0] V5_LEGACY_R2880: step 26 ELEVATED pairs=36995 evals=1467 1150s
[554246.8] V5_LEGACY_R2880: step 27 ELEVATED pairs=36766 evals=1503 1168s
[554278.8] V5_LEGACY_R2880: step 28 ELEVATED pairs=36540 evals=1557 1200s
[554293.4] V5_LEGACY_R2880: step 29 ELEVATED pairs=36313 evals=1593 1214s
[554325.1] V5_LEGACY_R2880: step 30 ELEVATED pairs=36089 evals=1647 1246s
[554392.2] V5_LEGACY_R2880: step 31 ELEVATED pairs=35873 evals=1719 1313s
[554470.2] V5_LEGACY_R2880: step 32 ELEVATED pairs=35658 evals=1791 1391s
[554519.7] V5_LEGACY_R2880: step 33 ELEVATED pairs=35435 evals=1845 1441s
[554519.8] V5_LEGACY_R2880: step 34 NO_CANDIDATES_GENERATED pairs=35435 evals=1845 1441s
[554520.0] V5_LEGACY_R2880: step 35 NO_CANDIDATES_GENERATED pairs=35435 evals=1845 1441s
[554593.1] V5_LEGACY_R2880: step 36 ELEVATED pairs=35227 evals=1917 1514s
[554660.7] V5_LEGACY_R2880: step 37 ELEVATED pairs=35021 evals=1989 1582s
[554736.9] V5_LEGACY_R2880: step 38 ELEVATED pairs=34820 evals=2061 1658s
[554769.2] V5_LEGACY_R2880: step 39 ELEVATED pairs=34617 evals=2115 1690s
[554818.1] V5_LEGACY_R2880: step 40 ELEVATED pairs=34402 evals=2169 1739s
[554825.7] V5_LEGACY_R2880: step 41 ELEVATED pairs=34196 evals=2178 1747s
[554832.9] V5_LEGACY_R2880: step 42 ELEVATED pairs=33992 evals=2187 1754s
[554840.0] V5_LEGACY_R2880: step 43 ELEVATED pairs=33790 evals=2196 1761s
[554969.5] V5_LEGACY_R2880: step 44 ELEVATED pairs=33577 evals=2322 1890s
[554977.4] V5_LEGACY_R2880: step 45 ELEVATED pairs=33377 evals=2331 1898s
[555033.3] V5_LEGACY_R2880: step 46 ELEVATED pairs=33167 evals=2385 1954s
[555041.1] V5_LEGACY_R2880: step 47 ELEVATED pairs=32969 evals=2394 1962s
[555048.6] V5_LEGACY_R2880: step 48 ELEVATED pairs=32773 evals=2403 1969s
[555055.9] V5_LEGACY_R2880: step 49 ELEVATED pairs=32579 evals=2412 1977s
[555089.9] V5_LEGACY_R2880: step 50 ELEVATED pairs=32374 evals=2457 2011s
[555097.4] V5_LEGACY_R2880: step 51 ELEVATED pairs=32182 evals=2466 2018s
[555097.6] V5_LEGACY_R2880: step 52 NO_CANDIDATES_GENERATED pairs=32182 evals=2466 2018s
[555097.9] V5_LEGACY_R2880: step 53 NO_CANDIDATES_GENERATED pairs=32182 evals=2466 2019s
[555185.3] V5_LEGACY_R2880: step 54 ELEVATED pairs=31992 evals=2538 2106s
[555237.2] V5_LEGACY_R2880: step 55 ELEVATED pairs=31790 evals=2610 2158s
[555237.3] V5_LEGACY_R2880: step 56 NO_CANDIDATES_GENERATED pairs=31790 evals=2610 2158s
[555237.4] V5_LEGACY_R2880: step 57 NO_CANDIDATES_GENERATED pairs=31790 evals=2610 2158s
[555237.6] V5_LEGACY_R2880: step 58 NO_CANDIDATES_GENERATED pairs=31790 evals=2610 2158s
[555237.7] V5_LEGACY_R2880: step 59 NO_CANDIDATES_GENERATED pairs=31790 evals=2610 2159s
[555237.9] V5_LEGACY_R2880: step 60 NO_CANDIDATES_GENERATED pairs=31790 evals=2610 2159s
[555238.0] V5_LEGACY_R2880: step 61 NO_CANDIDATES_GENERATED pairs=31790 evals=2610 2159s
[555297.9] V5_LEGACY_R2880: step 62 ELEVATED pairs=31590 evals=2682 2219s
[555355.1] V5_LEGACY_R2880: step 63 ELEVATED pairs=31392 evals=2754 2276s
[555411.4] V5_LEGACY_R2880: step 64 ELEVATED pairs=31196 evals=2826 2332s
[555449.9] V5_LEGACY_R2880: step 65 ELEVATED pairs=30999 evals=2880 2371s
[555450.4] V5_LEGACY_R2880: step 66 ABORTED_CANDIDATE_BUDGET pairs=30999 evals=2880 2371s
[555450.8] V5_LEGACY_R2880: done final=30999 moves=53 first=53 reloc=0 ret=0 evals=2880 stop=CANDIDATE_BUDGET_EXHAUSTED
[555517.7] V5_LEGACY_R2880: recheck PASS checks=130816
