[604101.0] V8_G0_NEUTRALITY_R720: start mode=R budget=720 spec={"name": "V8_G0_NEUTRALITY", "target_policy": "LEGACY", "evaluation_policy": "E2_ORDERED_K16", "traversal_policy": "BASE", "max_targets": 200, "k_per_target": 16, "family_round_robin": false, "relocation_side_reserve": 0, "waiting_age": false, "route_coverage": false, "multi_anchor": false, "exact_dedup": false, "decision_cache": false, "return_action": false, "cache_structural_skips": false, "window_slack_mm": 1e-05, "generation_domain": "LINE_ONLY", "path_window_settings": null, "stage_length_cap_mm": null, "notes": ""}
[604101.0] V8_G0_NEUTRALITY_R720: start state=main C:\Users\lihao\Desktop\Graduation Project\OpticalWaveguideRouter3D\outputs\3d_strategy_v3\512_ablation\D_both_enabled pairs=42909
[604104.8] V8_G0_NEUTRALITY_R720: INITIAL_DONE pairs=42909
[604104.9] V8_G0_NEUTRALITY_R720: step 1 NO_CANDIDATES_GENERATED pairs=42909 evals=0 0s
[604105.0] V8_G0_NEUTRALITY_R720: step 2 NO_CANDIDATES_GENERATED pairs=42909 evals=0 0s
[604110.8] V8_G0_NEUTRALITY_R720: step 3 ELEVATED pairs=42661 evals=16 6s
[604122.2] V8_G0_NEUTRALITY_R720: step 4 ELEVATED pairs=42487 evals=32 17s
[604130.7] V8_G0_NEUTRALITY_R720: step 5 ELEVATED pairs=42305 evals=48 26s
[604140.3] V8_G0_NEUTRALITY_R720: step 6 ELEVATED pairs=42121 evals=64 35s
[604149.2] V8_G0_NEUTRALITY_R720: step 7 ELEVATED pairs=41936 evals=80 44s
[604156.7] V8_G0_NEUTRALITY_R720: step 8 ELEVATED pairs=41680 evals=96 52s
[604166.0] V8_G0_NEUTRALITY_R720: step 9 ELEVATED pairs=41486 evals=112 61s
[604172.3] V8_G0_NEUTRALITY_R720: step 10 ELEVATED pairs=41225 evals=128 67s
[604184.6] V8_G0_NEUTRALITY_R720: step 11 ELEVATED pairs=41046 evals=144 80s
[604196.5] V8_G0_NEUTRALITY_R720: step 12 ELEVATED pairs=40867 evals=160 92s
[604203.0] V8_G0_NEUTRALITY_R720: step 13 ELEVATED pairs=40628 evals=176 98s
[604211.5] V8_G0_NEUTRALITY_R720: step 14 ELEVATED pairs=40377 evals=192 107s
[604217.3] V8_G0_NEUTRALITY_R720: step 15 ELEVATED pairs=40136 evals=208 112s
[604225.6] V8_G0_NEUTRALITY_R720: step 16 ELEVATED pairs=39887 evals=224 121s
[604233.6] V8_G0_NEUTRALITY_R720: step 17 ELEVATED pairs=39640 evals=240 129s
[604241.2] V8_G0_NEUTRALITY_R720: step 18 ELEVATED pairs=39399 evals=256 136s
[604249.3] V8_G0_NEUTRALITY_R720: step 19 ELEVATED pairs=39175 evals=272 144s
[604256.9] V8_G0_NEUTRALITY_R720: step 20 ELEVATED pairs=38969 evals=288 152s
[604267.0] V8_G0_NEUTRALITY_R720: step 21 ELEVATED pairs=38811 evals=304 162s
[604274.9] V8_G0_NEUTRALITY_R720: step 22 ELEVATED pairs=38668 evals=320 170s
[604282.2] V8_G0_NEUTRALITY_R720: step 23 ELEVATED pairs=38466 evals=336 177s
[604289.6] V8_G0_NEUTRALITY_R720: step 24 ELEVATED pairs=38332 evals=352 185s
[604295.8] V8_G0_NEUTRALITY_R720: step 25 ELEVATED pairs=38108 evals=368 191s
[604303.4] V8_G0_NEUTRALITY_R720: step 26 ELEVATED pairs=37974 evals=384 199s
[604309.5] V8_G0_NEUTRALITY_R720: step 27 ELEVATED pairs=37771 evals=400 205s
[604315.5] V8_G0_NEUTRALITY_R720: step 28 ELEVATED pairs=37568 evals=416 211s
[604320.5] V8_G0_NEUTRALITY_R720: step 29 ELEVATED pairs=37338 evals=432 216s
[604325.4] V8_G0_NEUTRALITY_R720: step 30 ELEVATED pairs=37110 evals=448 220s
[604332.1] V8_G0_NEUTRALITY_R720: step 31 ELEVATED pairs=36910 evals=464 227s
[604337.1] V8_G0_NEUTRALITY_R720: step 32 ELEVATED pairs=36684 evals=480 232s
[604343.8] V8_G0_NEUTRALITY_R720: step 33 ELEVATED pairs=36466 evals=496 239s
[604350.3] V8_G0_NEUTRALITY_R720: step 34 ELEVATED pairs=36269 evals=512 245s
[604361.5] V8_G0_NEUTRALITY_R720: step 35 ELEVATED pairs=36073 evals=528 257s
[604369.5] V8_G0_NEUTRALITY_R720: step 36 ELEVATED pairs=35887 evals=544 265s
[604376.1] V8_G0_NEUTRALITY_R720: step 37 ELEVATED pairs=35774 evals=560 271s
[604383.4] V8_G0_NEUTRALITY_R720: step 38 ELEVATED pairs=35543 evals=576 278s
[604389.5] V8_G0_NEUTRALITY_R720: step 39 ELEVATED pairs=35343 evals=592 285s
[604396.9] V8_G0_NEUTRALITY_R720: step 40 ELEVATED pairs=35138 evals=608 292s
[604397.0] V8_G0_NEUTRALITY_R720: step 41 NO_CANDIDATES_GENERATED pairs=35138 evals=608 292s
[604397.2] V8_G0_NEUTRALITY_R720: step 42 NO_CANDIDATES_GENERATED pairs=35138 evals=608 292s
[604404.7] V8_G0_NEUTRALITY_R720: step 43 ELEVATED pairs=34935 evals=624 300s
[604412.9] V8_G0_NEUTRALITY_R720: step 44 ELEVATED pairs=34734 evals=640 308s
[604418.4] V8_G0_NEUTRALITY_R720: step 45 ELEVATED pairs=34539 evals=656 314s
[604427.0] V8_G0_NEUTRALITY_R720: step 46 ELEVATED pairs=34340 evals=672 322s
[604435.7] V8_G0_NEUTRALITY_R720: step 47 ELEVATED pairs=34143 evals=688 331s
[604443.6] V8_G0_NEUTRALITY_R720: step 48 ELEVATED pairs=33933 evals=704 339s
[604452.9] V8_G0_NEUTRALITY_R720: step 49 ELEVATED pairs=33738 evals=720 348s
[604453.2] V8_G0_NEUTRALITY_R720: step 50 ABORTED_CANDIDATE_BUDGET pairs=33738 evals=720 348s
[604453.5] V8_G0_NEUTRALITY_R720: done final=33738 moves=45 first=45 reloc=0 ret=0 evals=720 stop=CANDIDATE_BUDGET_EXHAUSTED
[604491.4] V8_G0_NEUTRALITY_R720: recheck PASS checks=130816
