[602791.6] P4_A_FAMILY_CAP24_R2880: start mode=R budget=2880 spec={"name": "P4_A_FAMILY_CAP24", "target_policy": "LEGACY", "evaluation_policy": "E2_ORDERED_K16", "traversal_policy": "BASE", "max_targets": 2000, "k_per_target": 16, "family_round_robin": true, "relocation_side_reserve": 0, "waiting_age": false, "route_coverage": false, "multi_anchor": false, "exact_dedup": false, "decision_cache": false, "return_action": false, "cache_structural_skips": false, "window_slack_mm": 1e-05, "generation_domain": "LINE_ONLY", "path_window_settings": null, "stage_length_cap_mm": 24.0, "notes": ""}
[602791.6] P4_A_FAMILY_CAP24_R2880: start state=main C:\Users\lihao\Desktop\Graduation Project\OpticalWaveguideRouter3D\outputs\3d_strategy_v3\512_ablation\D_both_enabled pairs=42909
[602796.0] P4_A_FAMILY_CAP24_R2880: INITIAL_DONE pairs=42909
[602796.2] P4_A_FAMILY_CAP24_R2880: step 1 NO_CANDIDATES_GENERATED pairs=42909 evals=0 0s
[602796.3] P4_A_FAMILY_CAP24_R2880: step 2 NO_CANDIDATES_GENERATED pairs=42909 evals=0 0s
[602804.4] P4_A_FAMILY_CAP24_R2880: step 3 ELEVATED pairs=42653 evals=16 8s
[602814.6] P4_A_FAMILY_CAP24_R2880: step 4 ELEVATED pairs=42440 evals=32 19s
[602824.7] P4_A_FAMILY_CAP24_R2880: step 5 ELEVATED pairs=42218 evals=48 29s
[602834.5] P4_A_FAMILY_CAP24_R2880: step 6 ELEVATED pairs=41998 evals=64 38s
[602842.8] P4_A_FAMILY_CAP24_R2880: step 7 ELEVATED pairs=41742 evals=80 47s
[602852.7] P4_A_FAMILY_CAP24_R2880: step 8 ELEVATED pairs=41524 evals=96 57s
[602860.3] P4_A_FAMILY_CAP24_R2880: step 9 ELEVATED pairs=41274 evals=112 64s
[602868.3] P4_A_FAMILY_CAP24_R2880: step 10 ELEVATED pairs=41024 evals=128 72s
[602875.9] P4_A_FAMILY_CAP24_R2880: step 11 ELEVATED pairs=40772 evals=144 80s
[602883.1] P4_A_FAMILY_CAP24_R2880: step 12 ELEVATED pairs=40524 evals=160 87s
[602893.8] P4_A_FAMILY_CAP24_R2880: step 13 ELEVATED pairs=40314 evals=176 98s
[602901.0] P4_A_FAMILY_CAP24_R2880: step 14 ELEVATED pairs=40068 evals=192 105s
[602915.5] P4_A_FAMILY_CAP24_R2880: step 15 ELEVATED pairs=39859 evals=208 119s
[602929.9] P4_A_FAMILY_CAP24_R2880: step 16 ELEVATED pairs=39652 evals=224 134s
[602940.5] P4_A_FAMILY_CAP24_R2880: step 17 ELEVATED pairs=39463 evals=240 145s
[602947.6] P4_A_FAMILY_CAP24_R2880: step 18 ELEVATED pairs=39221 evals=256 152s
[602957.1] P4_A_FAMILY_CAP24_R2880: step 19 ELEVATED pairs=38991 evals=272 161s
[602968.0] P4_A_FAMILY_CAP24_R2880: step 20 ELEVATED pairs=38838 evals=288 172s
[602976.4] P4_A_FAMILY_CAP24_R2880: step 21 ELEVATED pairs=38599 evals=304 180s
[602984.2] P4_A_FAMILY_CAP24_R2880: step 22 ELEVATED pairs=38376 evals=320 188s
[602990.2] P4_A_FAMILY_CAP24_R2880: step 23 ELEVATED pairs=38148 evals=336 194s
[603001.1] P4_A_FAMILY_CAP24_R2880: step 24 ELEVATED pairs=37927 evals=352 205s
[603006.9] P4_A_FAMILY_CAP24_R2880: step 25 ELEVATED pairs=37701 evals=368 211s
[603012.5] P4_A_FAMILY_CAP24_R2880: step 26 ELEVATED pairs=37476 evals=384 216s
[603025.1] P4_A_FAMILY_CAP24_R2880: step 27 ELEVATED pairs=37285 evals=400 229s
[603036.1] P4_A_FAMILY_CAP24_R2880: step 28 ELEVATED pairs=37126 evals=416 240s
[603046.6] P4_A_FAMILY_CAP24_R2880: step 29 ELEVATED pairs=36969 evals=432 251s
[603061.9] P4_A_FAMILY_CAP24_R2880: step 30 ELEVATED pairs=36778 evals=448 266s
[603073.1] P4_A_FAMILY_CAP24_R2880: step 31 ELEVATED pairs=36525 evals=464 277s
[603083.6] P4_A_FAMILY_CAP24_R2880: step 32 ELEVATED pairs=36365 evals=480 288s
[603083.8] P4_A_FAMILY_CAP24_R2880: step 33 NO_CANDIDATES_GENERATED pairs=36365 evals=480 288s
[603083.9] P4_A_FAMILY_CAP24_R2880: step 34 NO_CANDIDATES_GENERATED pairs=36365 evals=480 288s
[603092.5] P4_A_FAMILY_CAP24_R2880: step 35 ELEVATED pairs=36160 evals=496 296s
[603101.2] P4_A_FAMILY_CAP24_R2880: step 36 ELEVATED pairs=35958 evals=512 305s
[603109.7] P4_A_FAMILY_CAP24_R2880: step 37 ELEVATED pairs=35818 evals=528 314s
[603123.2] P4_A_FAMILY_CAP24_R2880: step 38 ELEVATED pairs=35612 evals=544 327s
[603129.8] P4_A_FAMILY_CAP24_R2880: step 39 ELEVATED pairs=35417 evals=560 334s
[603144.9] P4_A_FAMILY_CAP24_R2880: step 40 ELEVATED pairs=35213 evals=576 349s
[603159.6] P4_A_FAMILY_CAP24_R2880: step 41 ELEVATED pairs=35010 evals=592 364s
[603169.3] P4_A_FAMILY_CAP24_R2880: step 42 ELEVATED pairs=34768 evals=608 373s
[603183.7] P4_A_FAMILY_CAP24_R2880: step 43 ELEVATED pairs=34567 evals=624 388s
[603198.2] P4_A_FAMILY_CAP24_R2880: step 44 ELEVATED pairs=34447 evals=640 402s
[603213.0] P4_A_FAMILY_CAP24_R2880: step 45 ELEVATED pairs=34247 evals=656 417s
[603225.9] P4_A_FAMILY_CAP24_R2880: step 46 ELEVATED pairs=34042 evals=672 430s
[603239.7] P4_A_FAMILY_CAP24_R2880: step 47 ELEVATED pairs=33844 evals=688 444s
[603252.8] P4_A_FAMILY_CAP24_R2880: step 48 ELEVATED pairs=33726 evals=704 457s
[603266.0] P4_A_FAMILY_CAP24_R2880: step 49 ELEVATED pairs=33529 evals=720 470s
[603278.2] P4_A_FAMILY_CAP24_R2880: step 50 ELEVATED pairs=33337 evals=736 482s
[603291.6] P4_A_FAMILY_CAP24_R2880: step 51 ELEVATED pairs=33142 evals=752 496s
[603303.7] P4_A_FAMILY_CAP24_R2880: step 52 ELEVATED pairs=32952 evals=768 508s
[603311.2] P4_A_FAMILY_CAP24_R2880: step 53 ELEVATED pairs=32759 evals=784 515s
[603318.1] P4_A_FAMILY_CAP24_R2880: step 54 ELEVATED pairs=32571 evals=800 522s
[603321.1] P4_A_FAMILY_CAP24_R2880: step 55 PREFIX_EVALUATED_NO_WINNER_DEFERRED pairs=32571 evals=816 525s
[603323.3] P4_A_FAMILY_CAP24_R2880: step 56 PREFIX_EVALUATED_NO_WINNER_DEFERRED pairs=32571 evals=832 527s
[603325.9] P4_A_FAMILY_CAP24_R2880: step 57 PREFIX_EVALUATED_NO_WINNER_DEFERRED pairs=32571 evals=848 530s
[603328.7] P4_A_FAMILY_CAP24_R2880: step 58 PREFIX_EVALUATED_NO_WINNER_DEFERRED pairs=32571 evals=864 533s
[603331.1] P4_A_FAMILY_CAP24_R2880: step 59 PREFIX_EVALUATED_NO_WINNER_DEFERRED pairs=32571 evals=880 535s
[603333.6] P4_A_FAMILY_CAP24_R2880: step 60 PREFIX_EVALUATED_NO_WINNER_DEFERRED pairs=32571 evals=896 538s
[603336.3] P4_A_FAMILY_CAP24_R2880: step 61 PREFIX_EVALUATED_NO_WINNER_DEFERRED pairs=32571 evals=912 540s
[603338.7] P4_A_FAMILY_CAP24_R2880: step 62 PREFIX_EVALUATED_NO_WINNER_DEFERRED pairs=32571 evals=928 543s
[603341.0] P4_A_FAMILY_CAP24_R2880: step 63 PREFIX_EVALUATED_NO_WINNER_DEFERRED pairs=32571 evals=944 545s
[603343.7] P4_A_FAMILY_CAP24_R2880: step 64 PREFIX_EVALUATED_NO_WINNER_DEFERRED pairs=32571 evals=960 548s
[603346.3] P4_A_FAMILY_CAP24_R2880: step 65 PREFIX_EVALUATED_NO_WINNER_DEFERRED pairs=32571 evals=976 550s
[603348.9] P4_A_FAMILY_CAP24_R2880: step 66 PREFIX_EVALUATED_NO_WINNER_DEFERRED pairs=32571 evals=992 553s
[603351.5] P4_A_FAMILY_CAP24_R2880: step 67 PREFIX_EVALUATED_NO_WINNER_DEFERRED pairs=32571 evals=1008 555s
[603354.2] P4_A_FAMILY_CAP24_R2880: step 68 PREFIX_EVALUATED_NO_WINNER_DEFERRED pairs=32571 evals=1024 558s
[603356.9] P4_A_FAMILY_CAP24_R2880: step 69 PREFIX_EVALUATED_NO_WINNER_DEFERRED pairs=32571 evals=1040 561s
[603359.5] P4_A_FAMILY_CAP24_R2880: step 70 PREFIX_EVALUATED_NO_WINNER_DEFERRED pairs=32571 evals=1056 563s
[603362.2] P4_A_FAMILY_CAP24_R2880: step 71 PREFIX_EVALUATED_NO_WINNER_DEFERRED pairs=32571 evals=1072 566s
[603364.8] P4_A_FAMILY_CAP24_R2880: step 72 PREFIX_EVALUATED_NO_WINNER_DEFERRED pairs=32571 evals=1088 569s
[603367.6] P4_A_FAMILY_CAP24_R2880: step 73 PREFIX_EVALUATED_NO_WINNER_DEFERRED pairs=32571 evals=1104 572s
[603370.5] P4_A_FAMILY_CAP24_R2880: step 74 PREFIX_EVALUATED_NO_WINNER_DEFERRED pairs=32571 evals=1120 574s
[603373.3] P4_A_FAMILY_CAP24_R2880: step 75 PREFIX_EVALUATED_NO_WINNER_DEFERRED pairs=32571 evals=1136 577s
[603376.0] P4_A_FAMILY_CAP24_R2880: step 76 PREFIX_EVALUATED_NO_WINNER_DEFERRED pairs=32571 evals=1152 580s
[603378.7] P4_A_FAMILY_CAP24_R2880: step 77 PREFIX_EVALUATED_NO_WINNER_DEFERRED pairs=32571 evals=1168 583s
[603381.5] P4_A_FAMILY_CAP24_R2880: step 78 PREFIX_EVALUATED_NO_WINNER_DEFERRED pairs=32571 evals=1184 585s
[603384.3] P4_A_FAMILY_CAP24_R2880: step 79 PREFIX_EVALUATED_NO_WINNER_DEFERRED pairs=32571 evals=1200 588s
[603387.0] P4_A_FAMILY_CAP24_R2880: step 80 PREFIX_EVALUATED_NO_WINNER_DEFERRED pairs=32571 evals=1216 591s
[603389.5] P4_A_FAMILY_CAP24_R2880: step 81 PREFIX_EVALUATED_NO_WINNER_DEFERRED pairs=32571 evals=1232 593s
[603392.2] P4_A_FAMILY_CAP24_R2880: step 82 PREFIX_EVALUATED_NO_WINNER_DEFERRED pairs=32571 evals=1248 596s
[603394.9] P4_A_FAMILY_CAP24_R2880: step 83 PREFIX_EVALUATED_NO_WINNER_DEFERRED pairs=32571 evals=1264 599s
[603397.8] P4_A_FAMILY_CAP24_R2880: step 84 PREFIX_EVALUATED_NO_WINNER_DEFERRED pairs=32571 evals=1280 602s
[603400.7] P4_A_FAMILY_CAP24_R2880: step 85 PREFIX_EVALUATED_NO_WINNER_DEFERRED pairs=32571 evals=1296 605s
[603403.9] P4_A_FAMILY_CAP24_R2880: step 86 PREFIX_EVALUATED_NO_WINNER_DEFERRED pairs=32571 evals=1312 608s
[603407.1] P4_A_FAMILY_CAP24_R2880: step 87 PREFIX_EVALUATED_NO_WINNER_DEFERRED pairs=32571 evals=1328 611s
[603409.4] P4_A_FAMILY_CAP24_R2880: step 88 PREFIX_EVALUATED_NO_WINNER_DEFERRED pairs=32571 evals=1344 613s
[603411.0] P4_A_FAMILY_CAP24_R2880: step 89 ALL_CANDIDATES_REJECTED pairs=32571 evals=1353 615s
[603412.5] P4_A_FAMILY_CAP24_R2880: step 90 ALL_CANDIDATES_REJECTED pairs=32571 evals=1362 616s
[603414.0] P4_A_FAMILY_CAP24_R2880: step 91 ALL_CANDIDATES_REJECTED pairs=32571 evals=1371 618s
[603415.4] P4_A_FAMILY_CAP24_R2880: step 92 ALL_CANDIDATES_REJECTED pairs=32571 evals=1380 619s
[603418.6] P4_A_FAMILY_CAP24_R2880: step 93 PREFIX_EVALUATED_NO_WINNER_DEFERRED pairs=32571 evals=1396 623s
[603421.5] P4_A_FAMILY_CAP24_R2880: step 94 PREFIX_EVALUATED_NO_WINNER_DEFERRED pairs=32571 evals=1412 625s
[603424.7] P4_A_FAMILY_CAP24_R2880: step 95 PREFIX_EVALUATED_NO_WINNER_DEFERRED pairs=32571 evals=1428 629s
[603427.8] P4_A_FAMILY_CAP24_R2880: step 96 PREFIX_EVALUATED_NO_WINNER_DEFERRED pairs=32571 evals=1444 632s
[603430.9] P4_A_FAMILY_CAP24_R2880: step 97 PREFIX_EVALUATED_NO_WINNER_DEFERRED pairs=32571 evals=1460 635s
[603434.0] P4_A_FAMILY_CAP24_R2880: step 98 PREFIX_EVALUATED_NO_WINNER_DEFERRED pairs=32571 evals=1476 638s
[603437.2] P4_A_FAMILY_CAP24_R2880: step 99 PREFIX_EVALUATED_NO_WINNER_DEFERRED pairs=32571 evals=1492 641s
[603440.4] P4_A_FAMILY_CAP24_R2880: step 100 PREFIX_EVALUATED_NO_WINNER_DEFERRED pairs=32571 evals=1508 644s
[603443.5] P4_A_FAMILY_CAP24_R2880: step 101 PREFIX_EVALUATED_NO_WINNER_DEFERRED pairs=32571 evals=1524 647s
[603446.3] P4_A_FAMILY_CAP24_R2880: step 102 PREFIX_EVALUATED_NO_WINNER_DEFERRED pairs=32571 evals=1540 650s
[603449.5] P4_A_FAMILY_CAP24_R2880: step 103 PREFIX_EVALUATED_NO_WINNER_DEFERRED pairs=32571 evals=1556 653s
[603452.6] P4_A_FAMILY_CAP24_R2880: step 104 PREFIX_EVALUATED_NO_WINNER_DEFERRED pairs=32571 evals=1572 657s
[603455.6] P4_A_FAMILY_CAP24_R2880: step 105 PREFIX_EVALUATED_NO_WINNER_DEFERRED pairs=32571 evals=1588 660s
[603458.9] P4_A_FAMILY_CAP24_R2880: step 106 PREFIX_EVALUATED_NO_WINNER_DEFERRED pairs=32571 evals=1604 663s
[603461.9] P4_A_FAMILY_CAP24_R2880: step 107 PREFIX_EVALUATED_NO_WINNER_DEFERRED pairs=32571 evals=1620 666s
[603464.8] P4_A_FAMILY_CAP24_R2880: step 108 PREFIX_EVALUATED_NO_WINNER_DEFERRED pairs=32571 evals=1636 669s
[603467.9] P4_A_FAMILY_CAP24_R2880: step 109 PREFIX_EVALUATED_NO_WINNER_DEFERRED pairs=32571 evals=1652 672s
[603470.8] P4_A_FAMILY_CAP24_R2880: step 110 PREFIX_EVALUATED_NO_WINNER_DEFERRED pairs=32571 evals=1668 675s
[603473.8] P4_A_FAMILY_CAP24_R2880: step 111 PREFIX_EVALUATED_NO_WINNER_DEFERRED pairs=32571 evals=1684 678s
[603476.8] P4_A_FAMILY_CAP24_R2880: step 112 PREFIX_EVALUATED_NO_WINNER_DEFERRED pairs=32571 evals=1700 681s
[603479.9] P4_A_FAMILY_CAP24_R2880: step 113 PREFIX_EVALUATED_NO_WINNER_DEFERRED pairs=32571 evals=1716 684s
[603483.0] P4_A_FAMILY_CAP24_R2880: step 114 PREFIX_EVALUATED_NO_WINNER_DEFERRED pairs=32571 evals=1732 687s
[603486.0] P4_A_FAMILY_CAP24_R2880: step 115 PREFIX_EVALUATED_NO_WINNER_DEFERRED pairs=32571 evals=1748 690s
[603489.2] P4_A_FAMILY_CAP24_R2880: step 116 PREFIX_EVALUATED_NO_WINNER_DEFERRED pairs=32571 evals=1764 693s
[603492.5] P4_A_FAMILY_CAP24_R2880: step 117 PREFIX_EVALUATED_NO_WINNER_DEFERRED pairs=32571 evals=1780 696s
[603495.7] P4_A_FAMILY_CAP24_R2880: step 118 PREFIX_EVALUATED_NO_WINNER_DEFERRED pairs=32571 evals=1796 700s
[603499.0] P4_A_FAMILY_CAP24_R2880: step 119 PREFIX_EVALUATED_NO_WINNER_DEFERRED pairs=32571 evals=1812 703s
[603502.2] P4_A_FAMILY_CAP24_R2880: step 120 PREFIX_EVALUATED_NO_WINNER_DEFERRED pairs=32571 evals=1828 706s
[603505.3] P4_A_FAMILY_CAP24_R2880: step 121 PREFIX_EVALUATED_NO_WINNER_DEFERRED pairs=32571 evals=1844 709s
[603508.4] P4_A_FAMILY_CAP24_R2880: step 122 PREFIX_EVALUATED_NO_WINNER_DEFERRED pairs=32571 evals=1860 712s
[603512.0] P4_A_FAMILY_CAP24_R2880: step 123 PREFIX_EVALUATED_NO_WINNER_DEFERRED pairs=32571 evals=1876 716s
[603515.4] P4_A_FAMILY_CAP24_R2880: step 124 PREFIX_EVALUATED_NO_WINNER_DEFERRED pairs=32571 evals=1892 719s
[603518.9] P4_A_FAMILY_CAP24_R2880: step 125 PREFIX_EVALUATED_NO_WINNER_DEFERRED pairs=32571 evals=1908 723s
[603522.2] P4_A_FAMILY_CAP24_R2880: step 126 PREFIX_EVALUATED_NO_WINNER_DEFERRED pairs=32571 evals=1924 726s
[603525.5] P4_A_FAMILY_CAP24_R2880: step 127 PREFIX_EVALUATED_NO_WINNER_DEFERRED pairs=32571 evals=1940 729s
[603528.6] P4_A_FAMILY_CAP24_R2880: step 128 PREFIX_EVALUATED_NO_WINNER_DEFERRED pairs=32571 evals=1956 733s
[603531.8] P4_A_FAMILY_CAP24_R2880: step 129 PREFIX_EVALUATED_NO_WINNER_DEFERRED pairs=32571 evals=1972 736s
[603534.9] P4_A_FAMILY_CAP24_R2880: step 130 PREFIX_EVALUATED_NO_WINNER_DEFERRED pairs=32571 evals=1988 739s
[603538.1] P4_A_FAMILY_CAP24_R2880: step 131 PREFIX_EVALUATED_NO_WINNER_DEFERRED pairs=32571 evals=2004 742s
[603541.4] P4_A_FAMILY_CAP24_R2880: step 132 PREFIX_EVALUATED_NO_WINNER_DEFERRED pairs=32571 evals=2020 745s
[603544.5] P4_A_FAMILY_CAP24_R2880: step 133 PREFIX_EVALUATED_NO_WINNER_DEFERRED pairs=32571 evals=2036 748s
[603547.6] P4_A_FAMILY_CAP24_R2880: step 134 PREFIX_EVALUATED_NO_WINNER_DEFERRED pairs=32571 evals=2052 752s
[603550.6] P4_A_FAMILY_CAP24_R2880: step 135 PREFIX_EVALUATED_NO_WINNER_DEFERRED pairs=32571 evals=2068 755s
[603553.7] P4_A_FAMILY_CAP24_R2880: step 136 PREFIX_EVALUATED_NO_WINNER_DEFERRED pairs=32571 evals=2084 758s
[603556.8] P4_A_FAMILY_CAP24_R2880: step 137 PREFIX_EVALUATED_NO_WINNER_DEFERRED pairs=32571 evals=2100 761s
[603559.1] P4_A_FAMILY_CAP24_R2880: step 138 PREFIX_EVALUATED_NO_WINNER_DEFERRED pairs=32571 evals=2116 763s
[603561.5] P4_A_FAMILY_CAP24_R2880: step 139 PREFIX_EVALUATED_NO_WINNER_DEFERRED pairs=32571 evals=2132 765s
[603563.8] P4_A_FAMILY_CAP24_R2880: step 140 PREFIX_EVALUATED_NO_WINNER_DEFERRED pairs=32571 evals=2148 768s
[603566.1] P4_A_FAMILY_CAP24_R2880: step 141 PREFIX_EVALUATED_NO_WINNER_DEFERRED pairs=32571 evals=2164 770s
[603568.3] P4_A_FAMILY_CAP24_R2880: step 142 PREFIX_EVALUATED_NO_WINNER_DEFERRED pairs=32571 evals=2180 772s
[603570.7] P4_A_FAMILY_CAP24_R2880: step 143 PREFIX_EVALUATED_NO_WINNER_DEFERRED pairs=32571 evals=2196 775s
[603573.0] P4_A_FAMILY_CAP24_R2880: step 144 PREFIX_EVALUATED_NO_WINNER_DEFERRED pairs=32571 evals=2212 777s
[603575.3] P4_A_FAMILY_CAP24_R2880: step 145 PREFIX_EVALUATED_NO_WINNER_DEFERRED pairs=32571 evals=2228 779s
[603577.5] P4_A_FAMILY_CAP24_R2880: step 146 PREFIX_EVALUATED_NO_WINNER_DEFERRED pairs=32571 evals=2244 781s
[603579.8] P4_A_FAMILY_CAP24_R2880: step 147 PREFIX_EVALUATED_NO_WINNER_DEFERRED pairs=32571 evals=2260 784s
[603582.1] P4_A_FAMILY_CAP24_R2880: step 148 PREFIX_EVALUATED_NO_WINNER_DEFERRED pairs=32571 evals=2276 786s
[603584.3] P4_A_FAMILY_CAP24_R2880: step 149 PREFIX_EVALUATED_NO_WINNER_DEFERRED pairs=32571 evals=2292 788s
[603586.7] P4_A_FAMILY_CAP24_R2880: step 150 PREFIX_EVALUATED_NO_WINNER_DEFERRED pairs=32571 evals=2308 791s
[603589.1] P4_A_FAMILY_CAP24_R2880: step 151 PREFIX_EVALUATED_NO_WINNER_DEFERRED pairs=32571 evals=2324 793s
[603591.7] P4_A_FAMILY_CAP24_R2880: step 152 PREFIX_EVALUATED_NO_WINNER_DEFERRED pairs=32571 evals=2340 796s
[603594.1] P4_A_FAMILY_CAP24_R2880: step 153 PREFIX_EVALUATED_NO_WINNER_DEFERRED pairs=32571 evals=2356 798s
[603596.8] P4_A_FAMILY_CAP24_R2880: step 154 PREFIX_EVALUATED_NO_WINNER_DEFERRED pairs=32571 evals=2372 801s
[603599.4] P4_A_FAMILY_CAP24_R2880: step 155 PREFIX_EVALUATED_NO_WINNER_DEFERRED pairs=32571 evals=2388 803s
[603601.9] P4_A_FAMILY_CAP24_R2880: step 156 PREFIX_EVALUATED_NO_WINNER_DEFERRED pairs=32571 evals=2404 806s
[603604.4] P4_A_FAMILY_CAP24_R2880: step 157 PREFIX_EVALUATED_NO_WINNER_DEFERRED pairs=32571 evals=2420 808s
[603606.8] P4_A_FAMILY_CAP24_R2880: step 158 PREFIX_EVALUATED_NO_WINNER_DEFERRED pairs=32571 evals=2436 811s
[603609.2] P4_A_FAMILY_CAP24_R2880: step 159 PREFIX_EVALUATED_NO_WINNER_DEFERRED pairs=32571 evals=2452 813s
[603611.6] P4_A_FAMILY_CAP24_R2880: step 160 PREFIX_EVALUATED_NO_WINNER_DEFERRED pairs=32571 evals=2468 816s
[603614.0] P4_A_FAMILY_CAP24_R2880: step 161 PREFIX_EVALUATED_NO_WINNER_DEFERRED pairs=32571 evals=2484 818s
[603616.5] P4_A_FAMILY_CAP24_R2880: step 162 PREFIX_EVALUATED_NO_WINNER_DEFERRED pairs=32571 evals=2500 820s
[603619.0] P4_A_FAMILY_CAP24_R2880: step 163 PREFIX_EVALUATED_NO_WINNER_DEFERRED pairs=32571 evals=2516 823s
[603621.4] P4_A_FAMILY_CAP24_R2880: step 164 PREFIX_EVALUATED_NO_WINNER_DEFERRED pairs=32571 evals=2532 825s
[603623.9] P4_A_FAMILY_CAP24_R2880: step 165 PREFIX_EVALUATED_NO_WINNER_DEFERRED pairs=32571 evals=2548 828s
[603626.3] P4_A_FAMILY_CAP24_R2880: step 166 PREFIX_EVALUATED_NO_WINNER_DEFERRED pairs=32571 evals=2564 830s
[603628.7] P4_A_FAMILY_CAP24_R2880: step 167 PREFIX_EVALUATED_NO_WINNER_DEFERRED pairs=32571 evals=2580 833s
[603631.2] P4_A_FAMILY_CAP24_R2880: step 168 PREFIX_EVALUATED_NO_WINNER_DEFERRED pairs=32571 evals=2596 835s
[603633.8] P4_A_FAMILY_CAP24_R2880: step 169 PREFIX_EVALUATED_NO_WINNER_DEFERRED pairs=32571 evals=2612 838s
[603636.5] P4_A_FAMILY_CAP24_R2880: step 170 PREFIX_EVALUATED_NO_WINNER_DEFERRED pairs=32571 evals=2628 840s
[603639.0] P4_A_FAMILY_CAP24_R2880: step 171 PREFIX_EVALUATED_NO_WINNER_DEFERRED pairs=32571 evals=2644 843s
[603641.6] P4_A_FAMILY_CAP24_R2880: step 172 PREFIX_EVALUATED_NO_WINNER_DEFERRED pairs=32571 evals=2660 846s
[603644.2] P4_A_FAMILY_CAP24_R2880: step 173 PREFIX_EVALUATED_NO_WINNER_DEFERRED pairs=32571 evals=2676 848s
[603646.7] P4_A_FAMILY_CAP24_R2880: step 174 PREFIX_EVALUATED_NO_WINNER_DEFERRED pairs=32571 evals=2692 851s
[603649.3] P4_A_FAMILY_CAP24_R2880: step 175 PREFIX_EVALUATED_NO_WINNER_DEFERRED pairs=32571 evals=2708 853s
[603651.7] P4_A_FAMILY_CAP24_R2880: step 176 PREFIX_EVALUATED_NO_WINNER_DEFERRED pairs=32571 evals=2724 856s
[603654.2] P4_A_FAMILY_CAP24_R2880: step 177 PREFIX_EVALUATED_NO_WINNER_DEFERRED pairs=32571 evals=2740 858s
[603656.9] P4_A_FAMILY_CAP24_R2880: step 178 PREFIX_EVALUATED_NO_WINNER_DEFERRED pairs=32571 evals=2756 861s
[603659.5] P4_A_FAMILY_CAP24_R2880: step 179 PREFIX_EVALUATED_NO_WINNER_DEFERRED pairs=32571 evals=2772 864s
[603662.4] P4_A_FAMILY_CAP24_R2880: step 180 PREFIX_EVALUATED_NO_WINNER_DEFERRED pairs=32571 evals=2788 866s
[603664.9] P4_A_FAMILY_CAP24_R2880: step 181 PREFIX_EVALUATED_NO_WINNER_DEFERRED pairs=32571 evals=2804 869s
[603667.5] P4_A_FAMILY_CAP24_R2880: step 182 PREFIX_EVALUATED_NO_WINNER_DEFERRED pairs=32571 evals=2820 871s
[603670.1] P4_A_FAMILY_CAP24_R2880: step 183 PREFIX_EVALUATED_NO_WINNER_DEFERRED pairs=32571 evals=2836 874s
[603672.7] P4_A_FAMILY_CAP24_R2880: step 184 PREFIX_EVALUATED_NO_WINNER_DEFERRED pairs=32571 evals=2852 877s
[603675.4] P4_A_FAMILY_CAP24_R2880: step 185 PREFIX_EVALUATED_NO_WINNER_DEFERRED pairs=32571 evals=2868 879s
[603677.5] P4_A_FAMILY_CAP24_R2880: step 186 ABORTED_CANDIDATE_BUDGET pairs=32571 evals=2880 881s
[603677.9] P4_A_FAMILY_CAP24_R2880: done final=32571 moves=50 first=50 reloc=0 ret=0 evals=2880 stop=CANDIDATE_BUDGET_EXHAUSTED
[603728.0] P4_A_FAMILY_CAP24_R2880: recheck PASS checks=130816
