[604057.6] V8_G1_R720: start mode=R budget=720 spec={"name": "V8_G1", "target_policy": "LEGACY", "evaluation_policy": "E2_ORDERED_K16", "traversal_policy": "BASE", "max_targets": 200, "k_per_target": 16, "family_round_robin": false, "relocation_side_reserve": 0, "waiting_age": false, "route_coverage": false, "multi_anchor": false, "exact_dedup": false, "decision_cache": false, "return_action": false, "cache_structural_skips": false, "window_slack_mm": 1e-05, "generation_domain": "PATH_WINDOWS", "path_window_settings": {"placements": [0.0, 0.5, 1.0], "length_factors": [1.0, 1.5, 2.0, 3.0], "cap": 4096}, "stage_length_cap_mm": null, "notes": ""}
[604057.6] V8_G1_R720: start state=main C:\Users\lihao\Desktop\Graduation Project\OpticalWaveguideRouter3D\outputs\3d_strategy_v3\512_ablation\D_both_enabled pairs=42909
[604062.2] V8_G1_R720: INITIAL_DONE pairs=42909
[604062.3] V8_G1_R720: step 1 NO_CANDIDATES_GENERATED pairs=42909 evals=0 0s
[604062.7] V8_G1_R720: step 2 NO_CANDIDATES_GENERATED pairs=42909 evals=0 1s
[604077.0] V8_G1_R720: step 3 ELEVATED pairs=42657 evals=16 15s
[604094.2] V8_G1_R720: step 4 ELEVATED pairs=42411 evals=32 32s
[604109.2] V8_G1_R720: step 5 ELEVATED pairs=42168 evals=48 47s
[604125.7] V8_G1_R720: step 6 ELEVATED pairs=41927 evals=64 64s
[604142.0] V8_G1_R720: step 7 ELEVATED pairs=41688 evals=80 80s
[604155.9] V8_G1_R720: step 8 ELEVATED pairs=41453 evals=96 94s
[604165.9] V8_G1_R720: step 9 ELEVATED pairs=41202 evals=112 104s
[604174.0] V8_G1_R720: step 10 ELEVATED pairs=40956 evals=128 112s
[604183.1] V8_G1_R720: step 11 ELEVATED pairs=40707 evals=144 121s
[604193.0] V8_G1_R720: step 12 ELEVATED pairs=40456 evals=160 131s
[604201.3] V8_G1_R720: step 13 ELEVATED pairs=40209 evals=176 139s
[604211.8] V8_G1_R720: step 14 ELEVATED pairs=39960 evals=192 150s
[604233.2] V8_G1_R720: step 15 ELEVATED pairs=39734 evals=208 171s
[604253.6] V8_G1_R720: step 16 ELEVATED pairs=39510 evals=224 191s
[604268.7] V8_G1_R720: step 17 ELEVATED pairs=39292 evals=240 207s
[604277.3] V8_G1_R720: step 18 ELEVATED pairs=39053 evals=256 215s
[604290.0] V8_G1_R720: step 19 ELEVATED pairs=38833 evals=272 228s
[604294.0] V8_G1_R720: step 20 PREFIX_EVALUATED_NO_WINNER_DEFERRED pairs=38833 evals=288 232s
[604297.6] V8_G1_R720: step 21 PREFIX_EVALUATED_NO_WINNER_DEFERRED pairs=38833 evals=304 235s
[604308.9] V8_G1_R720: step 22 ELEVATED pairs=38617 evals=320 247s
[604312.8] V8_G1_R720: step 23 PREFIX_EVALUATED_NO_WINNER_DEFERRED pairs=38617 evals=336 251s
[604316.3] V8_G1_R720: step 24 PREFIX_EVALUATED_NO_WINNER_DEFERRED pairs=38617 evals=352 254s
[604322.6] V8_G1_R720: step 25 ELEVATED pairs=38389 evals=368 260s
[604326.0] V8_G1_R720: step 26 PREFIX_EVALUATED_NO_WINNER_DEFERRED pairs=38389 evals=384 264s
[604329.8] V8_G1_R720: step 27 PREFIX_EVALUATED_NO_WINNER_DEFERRED pairs=38389 evals=400 268s
[604340.5] V8_G1_R720: step 28 ELEVATED pairs=38175 evals=416 278s
[604343.9] V8_G1_R720: step 29 PREFIX_EVALUATED_NO_WINNER_DEFERRED pairs=38175 evals=432 282s
[604350.1] V8_G1_R720: step 30 ELEVATED pairs=37949 evals=448 288s
[604353.6] V8_G1_R720: step 31 PREFIX_EVALUATED_NO_WINNER_DEFERRED pairs=37949 evals=464 291s
[604359.8] V8_G1_R720: step 32 ELEVATED pairs=37725 evals=480 298s
[604363.2] V8_G1_R720: step 33 PREFIX_EVALUATED_NO_WINNER_DEFERRED pairs=37725 evals=496 301s
[604377.8] V8_G1_R720: step 34 ELEVATED pairs=37519 evals=512 316s
[604381.4] V8_G1_R720: step 35 PREFIX_EVALUATED_NO_WINNER_DEFERRED pairs=37519 evals=528 319s
[604395.3] V8_G1_R720: step 36 ELEVATED pairs=37306 evals=544 333s
[604398.8] V8_G1_R720: step 37 PREFIX_EVALUATED_NO_WINNER_DEFERRED pairs=37306 evals=560 337s
[604402.7] V8_G1_R720: step 38 PREFIX_EVALUATED_NO_WINNER_DEFERRED pairs=37306 evals=576 341s
[604412.1] V8_G1_R720: step 39 ELEVATED pairs=37087 evals=592 350s
[604415.5] V8_G1_R720: step 40 PREFIX_EVALUATED_NO_WINNER_DEFERRED pairs=37087 evals=608 353s
[604443.5] V8_G1_R720: step 41 ELEVATED pairs=36847 evals=624 381s
[604446.9] V8_G1_R720: step 42 PREFIX_EVALUATED_NO_WINNER_DEFERRED pairs=36847 evals=640 385s
[604450.8] V8_G1_R720: step 43 PREFIX_EVALUATED_NO_WINNER_DEFERRED pairs=36847 evals=656 389s
[604460.4] V8_G1_R720: step 44 ELEVATED pairs=36642 evals=672 398s
[604463.8] V8_G1_R720: step 45 PREFIX_EVALUATED_NO_WINNER_DEFERRED pairs=36642 evals=688 402s
[604467.3] V8_G1_R720: step 46 PREFIX_EVALUATED_NO_WINNER_DEFERRED pairs=36642 evals=704 405s
[604467.6] V8_G1_R720: step 47 NO_CANDIDATES_GENERATED pairs=36642 evals=704 405s
[604468.0] V8_G1_R720: step 48 NO_CANDIDATES_GENERATED pairs=36642 evals=704 406s
[604476.5] V8_G1_R720: step 49 ELEVATED pairs=36438 evals=720 414s
[604477.5] V8_G1_R720: step 50 ABORTED_CANDIDATE_BUDGET pairs=36438 evals=720 415s
[604477.8] V8_G1_R720: done final=36438 moves=28 first=28 reloc=0 ret=0 evals=720 stop=CANDIDATE_BUDGET_EXHAUSTED
[604518.3] V8_G1_R720: recheck PASS checks=130816
