[554371.5] V6_E1_R720: start mode=R budget=720 spec={"name": "V6_E1", "target_policy": "STRATIFIED", "evaluation_policy": "E1_ORDERED_EXHAUSTIVE", "traversal_policy": "BASE", "max_targets": 200, "k_per_target": 16, "family_round_robin": false, "relocation_side_reserve": 0, "waiting_age": false, "route_coverage": false, "multi_anchor": false, "exact_dedup": false, "decision_cache": false, "return_action": false, "cache_structural_skips": false, "window_slack_mm": 1e-05, "notes": ""}
[554371.5] V6_E1_R720: start state=main C:\Users\lihao\Desktop\Graduation Project\OpticalWaveguideRouter3D\outputs\3d_strategy_v3\512_ablation\D_both_enabled pairs=42909
[554379.0] V6_E1_R720: INITIAL_DONE pairs=42909
[554379.6] V6_E1_R720: step 1 NO_CANDIDATES_GENERATED pairs=42909 evals=0 1s
[554380.4] V6_E1_R720: step 2 NO_CANDIDATES_GENERATED pairs=42909 evals=0 2s
[554380.7] V6_E1_R720: step 3 NO_CANDIDATES_GENERATED pairs=42909 evals=0 2s
[554411.9] V6_E1_R720: step 4 ELEVATED pairs=42635 evals=27 33s
[554412.8] V6_E1_R720: step 5 NO_CANDIDATES_GENERATED pairs=42635 evals=27 34s
[554413.2] V6_E1_R720: step 6 NO_CANDIDATES_GENERATED pairs=42635 evals=27 34s
[554413.7] V6_E1_R720: step 7 NO_CANDIDATES_GENERATED pairs=42635 evals=27 35s
[554414.7] V6_E1_R720: step 8 NO_CANDIDATES_GENERATED pairs=42635 evals=27 36s
[554472.7] V6_E1_R720: step 9 ELEVATED pairs=42375 evals=99 94s
[554504.6] V6_E1_R720: step 10 ELEVATED pairs=42128 evals=126 126s
[554505.6] V6_E1_R720: step 11 NO_CANDIDATES_GENERATED pairs=42128 evals=126 127s
[554588.6] V6_E1_R720: step 12 ELEVATED pairs=41874 evals=198 210s
[554654.4] V6_E1_R720: step 13 ELEVATED pairs=41619 evals=252 276s
[554655.5] V6_E1_R720: step 14 NO_CANDIDATES_GENERATED pairs=41619 evals=252 277s
[554670.9] V6_E1_R720: step 15 ELEVATED pairs=41366 evals=270 292s
[554736.1] V6_E1_R720: step 16 ELEVATED pairs=41113 evals=324 357s
[554763.2] V6_E1_R720: step 17 RELOCATED pairs=41102 evals=342 384s
[554778.3] V6_E1_R720: step 18 ELEVATED pairs=40851 evals=360 400s
[554844.8] V6_E1_R720: step 19 ELEVATED pairs=40600 evals=414 466s
[554846.0] V6_E1_R720: step 20 NO_CANDIDATES_GENERATED pairs=40600 evals=414 467s
[554860.3] V6_E1_R720: step 21 ELEVATED pairs=40350 evals=432 482s
[554925.1] V6_E1_R720: step 22 ELEVATED pairs=40101 evals=486 546s
[554926.4] V6_E1_R720: step 23 NO_CANDIDATES_GENERATED pairs=40101 evals=486 548s
[554962.2] V6_E1_R720: step 24 ELEVATED pairs=39848 evals=522 583s
[555028.3] V6_E1_R720: step 25 ELEVATED pairs=39601 evals=576 650s
[555029.6] V6_E1_R720: step 26 NO_CANDIDATES_GENERATED pairs=39601 evals=576 651s
[555078.8] V6_E1_R720: step 27 ELEVATED pairs=39362 evals=630 700s
[555102.3] V6_E1_R720: step 28 ELEVATED pairs=39130 evals=657 724s
[555103.7] V6_E1_R720: step 29 NO_CANDIDATES_GENERATED pairs=39130 evals=657 725s
[555160.9] V6_E1_R720: step 30 ELEVATED pairs=38884 evals=720 782s
[555161.3] V6_E1_R720: done final=38884 moves=17 first=16 reloc=1 ret=0 evals=720 stop=CANDIDATE_BUDGET_EXHAUSTED
[555224.9] V6_E1_R720: recheck PASS checks=130816
