[554371.8] V6_E1_N720: start mode=N budget=720 spec={"name": "V6_E1", "target_policy": "STRATIFIED", "evaluation_policy": "E1_ORDERED_EXHAUSTIVE", "traversal_policy": "BASE", "max_targets": 200, "k_per_target": 16, "family_round_robin": false, "relocation_side_reserve": 0, "waiting_age": false, "route_coverage": false, "multi_anchor": false, "exact_dedup": false, "decision_cache": false, "return_action": false, "cache_structural_skips": false, "window_slack_mm": 1e-05, "notes": ""}
[554371.8] V6_E1_N720: start state=main C:\Users\lihao\Desktop\Graduation Project\OpticalWaveguideRouter3D\outputs\3d_strategy_v3\512_ablation\D_both_enabled pairs=42909
[554378.9] V6_E1_N720: INITIAL_DONE pairs=42909
[554379.3] V6_E1_N720: step 1 NO_CANDIDATES_GENERATED pairs=42909 evals=0 1s
[554384.8] V6_E1_N720: step 2 NO_CANDIDATES_GENERATED pairs=42909 evals=0 6s
[554385.1] V6_E1_N720: step 3 NO_CANDIDATES_GENERATED pairs=42909 evals=0 6s
[554416.3] V6_E1_N720: step 4 ELEVATED pairs=42635 evals=27 38s
[554480.5] V6_E1_N720: step 5 ELEVATED pairs=42375 evals=99 102s
[554564.3] V6_E1_N720: step 6 ELEVATED pairs=42120 evals=171 186s
[554564.7] V6_E1_N720: step 7 NO_CANDIDATES_GENERATED pairs=42120 evals=171 186s
[554643.4] V6_E1_N720: step 8 ELEVATED pairs=41868 evals=243 265s
[554715.8] V6_E1_N720: step 9 ELEVATED pairs=41618 evals=315 337s
[554746.1] V6_E1_N720: step 10 ELEVATED pairs=41373 evals=342 368s
[554790.2] V6_E1_N720: step 11 ELEVATED pairs=41120 evals=378 412s
[554845.6] V6_E1_N720: step 12 ELEVATED pairs=40851 evals=432 467s
[554910.5] V6_E1_N720: step 13 ELEVATED pairs=40598 evals=486 532s
[554949.1] V6_E1_N720: step 14 ELEVATED pairs=40338 evals=540 571s
[555029.9] V6_E1_N720: step 15 ELEVATED pairs=40082 evals=639 651s
[555099.5] V6_E1_N720: step 16 ELEVATED pairs=39841 evals=693 721s
[555123.8] V6_E1_N720: step 17 ELEVATED pairs=39590 evals=720 745s
[555124.3] V6_E1_N720: done final=39590 moves=13 first=13 reloc=0 ret=0 evals=720 stop=CANDIDATE_BUDGET_EXHAUSTED
[555186.3] V6_E1_N720: recheck PASS checks=130816
