[558647.7] IDEA_C_N720: start mode=N budget=720 spec={"name": "IDEA_C", "target_policy": "LEGACY", "evaluation_policy": "E2_ORDERED_K16", "traversal_policy": "BASE", "max_targets": 200, "k_per_target": 16, "family_round_robin": false, "relocation_side_reserve": 0, "waiting_age": true, "route_coverage": false, "multi_anchor": false, "exact_dedup": false, "decision_cache": false, "return_action": false, "cache_structural_skips": false, "window_slack_mm": 1e-05, "notes": ""}
[558647.7] IDEA_C_N720: start state=main C:\Users\lihao\Desktop\Graduation Project\OpticalWaveguideRouter3D\outputs\3d_strategy_v3\512_ablation\D_both_enabled pairs=42909
[558654.8] IDEA_C_N720: INITIAL_DONE pairs=42909
[558655.2] IDEA_C_N720: step 1 NO_CANDIDATES_GENERATED pairs=42909 evals=0 1s
[558655.5] IDEA_C_N720: step 2 NO_CANDIDATES_GENERATED pairs=42909 evals=0 1s
[558668.0] IDEA_C_N720: step 3 ELEVATED pairs=42661 evals=16 14s
[558686.3] IDEA_C_N720: step 4 ELEVATED pairs=42487 evals=32 32s
[558701.0] IDEA_C_N720: step 5 ELEVATED pairs=42305 evals=48 47s
[558715.8] IDEA_C_N720: step 6 ELEVATED pairs=42121 evals=64 61s
[558730.7] IDEA_C_N720: step 7 ELEVATED pairs=41936 evals=80 76s
[558741.5] IDEA_C_N720: step 8 ELEVATED pairs=41680 evals=96 87s
[558756.3] IDEA_C_N720: step 9 ELEVATED pairs=41486 evals=112 102s
[558766.4] IDEA_C_N720: step 10 ELEVATED pairs=41225 evals=128 112s
[558786.0] IDEA_C_N720: step 11 ELEVATED pairs=41046 evals=144 131s
[558805.8] IDEA_C_N720: step 12 ELEVATED pairs=40867 evals=160 151s
[558815.2] IDEA_C_N720: step 13 ELEVATED pairs=40628 evals=176 161s
[558828.1] IDEA_C_N720: step 14 ELEVATED pairs=40377 evals=192 174s
[558837.2] IDEA_C_N720: step 15 ELEVATED pairs=40136 evals=208 183s
[558850.1] IDEA_C_N720: step 16 ELEVATED pairs=39887 evals=224 196s
[558863.5] IDEA_C_N720: step 17 ELEVATED pairs=39640 evals=240 209s
[558876.5] IDEA_C_N720: step 18 ELEVATED pairs=39399 evals=256 222s
[558890.6] IDEA_C_N720: step 19 ELEVATED pairs=39175 evals=272 236s
[558903.7] IDEA_C_N720: step 20 ELEVATED pairs=38969 evals=288 249s
[558920.6] IDEA_C_N720: step 21 ELEVATED pairs=38811 evals=304 266s
[558934.0] IDEA_C_N720: step 22 ELEVATED pairs=38668 evals=320 279s
[558946.6] IDEA_C_N720: step 23 ELEVATED pairs=38466 evals=336 292s
[558958.9] IDEA_C_N720: step 24 ELEVATED pairs=38332 evals=352 304s
[558969.2] IDEA_C_N720: step 25 ELEVATED pairs=38108 evals=368 315s
[558982.0] IDEA_C_N720: step 26 ELEVATED pairs=37974 evals=384 327s
[558992.4] IDEA_C_N720: step 27 ELEVATED pairs=37771 evals=400 338s
[559002.8] IDEA_C_N720: step 28 ELEVATED pairs=37568 evals=416 348s
[559011.6] IDEA_C_N720: step 29 ELEVATED pairs=37338 evals=432 357s
[559020.3] IDEA_C_N720: step 30 ELEVATED pairs=37110 evals=448 366s
[559032.2] IDEA_C_N720: step 31 ELEVATED pairs=36910 evals=464 378s
[559041.1] IDEA_C_N720: step 32 ELEVATED pairs=36684 evals=480 387s
[559052.6] IDEA_C_N720: step 33 ELEVATED pairs=36466 evals=496 398s
[559064.0] IDEA_C_N720: step 34 ELEVATED pairs=36269 evals=512 410s
[559083.9] IDEA_C_N720: step 35 ELEVATED pairs=36073 evals=528 429s
[559098.0] IDEA_C_N720: step 36 ELEVATED pairs=35887 evals=544 444s
[559109.7] IDEA_C_N720: step 37 ELEVATED pairs=35774 evals=560 455s
[559122.5] IDEA_C_N720: step 38 ELEVATED pairs=35543 evals=576 468s
[559132.8] IDEA_C_N720: step 39 ELEVATED pairs=35343 evals=592 478s
[559145.7] IDEA_C_N720: step 40 ELEVATED pairs=35138 evals=608 491s
[559146.0] IDEA_C_N720: step 41 NO_CANDIDATES_GENERATED pairs=35138 evals=608 491s
[559146.2] IDEA_C_N720: step 42 NO_CANDIDATES_GENERATED pairs=35138 evals=608 492s
[559159.9] IDEA_C_N720: step 43 ELEVATED pairs=34935 evals=624 505s
[559173.6] IDEA_C_N720: step 44 ELEVATED pairs=34734 evals=640 519s
[559183.4] IDEA_C_N720: step 45 ELEVATED pairs=34539 evals=656 529s
[559198.3] IDEA_C_N720: step 46 ELEVATED pairs=34340 evals=672 544s
[559213.3] IDEA_C_N720: step 47 ELEVATED pairs=34143 evals=688 559s
[559227.6] IDEA_C_N720: step 48 ELEVATED pairs=33933 evals=704 573s
[559245.1] IDEA_C_N720: step 49 ELEVATED pairs=33738 evals=720 591s
[559245.5] IDEA_C_N720: step 50 ABORTED_CANDIDATE_BUDGET pairs=33738 evals=720 591s
[559246.0] IDEA_C_N720: done final=33738 moves=45 first=45 reloc=0 ret=0 evals=720 stop=CANDIDATE_BUDGET_EXHAUSTED
[559316.9] IDEA_C_N720: recheck PASS checks=130816
