[556443.5] V7_T2_NC2880: start mode=N budget=2880 spec={"name": "V7_T2", "target_policy": "LEGACY", "evaluation_policy": "E2_ORDERED_K16", "traversal_policy": "COVERAGE", "max_targets": 2000, "k_per_target": 16, "family_round_robin": false, "relocation_side_reserve": 0, "waiting_age": false, "route_coverage": true, "multi_anchor": false, "exact_dedup": false, "decision_cache": false, "return_action": false, "cache_structural_skips": true, "window_slack_mm": 1e-05, "notes": ""}
[556443.5] V7_T2_NC2880: start state=challenge C:\Users\lihao\Desktop\Graduation Project\OpticalWaveguideRouter3D\outputs\3d_strategy_v4\512_full_layout\N2880 pairs=30999
[556452.2] V7_T2_NC2880: INITIAL_DONE pairs=30999
[556452.5] V7_T2_NC2880: step 1 NO_CANDIDATES_GENERATED pairs=30999 evals=0 1s
[556452.8] V7_T2_NC2880: step 2 NO_CANDIDATES_GENERATED pairs=30999 evals=0 1s
[556453.1] V7_T2_NC2880: step 3 NO_CANDIDATES_GENERATED pairs=30999 evals=0 2s
[556453.3] V7_T2_NC2880: step 4 NO_CANDIDATES_GENERATED pairs=30999 evals=0 2s
[556453.6] V7_T2_NC2880: step 5 NO_CANDIDATES_GENERATED pairs=30999 evals=0 2s
[556453.9] V7_T2_NC2880: step 6 NO_CANDIDATES_GENERATED pairs=30999 evals=0 2s
[556466.4] V7_T2_NC2880: step 7 ELEVATED pairs=30804 evals=16 15s
[556478.7] V7_T2_NC2880: step 8 ELEVATED pairs=30611 evals=32 27s
[556493.7] V7_T2_NC2880: step 9 ELEVATED pairs=30426 evals=48 42s
[556507.5] V7_T2_NC2880: step 10 ELEVATED pairs=30276 evals=64 56s
[556507.9] V7_T2_NC2880: step 11 NO_CANDIDATES_GENERATED pairs=30276 evals=64 56s
[556526.2] V7_T2_NC2880: step 12 ELEVATED pairs=30086 evals=80 75s
[556546.5] V7_T2_NC2880: step 13 ELEVATED pairs=29895 evals=96 95s
[556569.1] V7_T2_NC2880: step 14 ELEVATED pairs=29707 evals=112 118s
[556588.0] V7_T2_NC2880: step 15 ELEVATED pairs=29519 evals=128 136s
[556599.3] V7_T2_NC2880: step 16 ELEVATED pairs=29340 evals=144 148s
[556614.4] V7_T2_NC2880: step 17 ELEVATED pairs=29225 evals=160 163s
[556627.9] V7_T2_NC2880: step 18 ELEVATED pairs=29054 evals=176 176s
[556645.0] V7_T2_NC2880: step 19 ELEVATED pairs=28881 evals=192 193s
[556662.2] V7_T2_NC2880: step 20 ELEVATED pairs=28711 evals=208 211s
[556679.2] V7_T2_NC2880: step 21 ELEVATED pairs=28542 evals=224 228s
[556695.4] V7_T2_NC2880: step 22 ELEVATED pairs=28375 evals=240 244s
[556707.3] V7_T2_NC2880: step 23 ELEVATED pairs=28191 evals=256 256s
[556720.0] V7_T2_NC2880: step 24 ELEVATED pairs=28009 evals=272 268s
[556731.0] V7_T2_NC2880: step 25 ELEVATED pairs=27923 evals=288 280s
[556748.2] V7_T2_NC2880: step 26 ELEVATED pairs=27753 evals=304 297s
[556765.2] V7_T2_NC2880: step 27 ELEVATED pairs=27585 evals=320 314s
[556781.2] V7_T2_NC2880: step 28 ELEVATED pairs=27479 evals=336 330s
[556794.7] V7_T2_NC2880: step 29 ELEVATED pairs=27367 evals=352 343s
[556810.0] V7_T2_NC2880: step 30 ELEVATED pairs=27283 evals=368 358s
[556825.9] V7_T2_NC2880: step 31 ELEVATED pairs=27190 evals=384 374s
[556840.5] V7_T2_NC2880: step 32 ELEVATED pairs=27032 evals=400 389s
[556858.9] V7_T2_NC2880: step 33 ELEVATED pairs=26976 evals=416 407s
[556873.4] V7_T2_NC2880: step 34 ELEVATED pairs=26817 evals=432 422s
[556886.0] V7_T2_NC2880: step 35 ELEVATED pairs=26669 evals=448 434s
[556895.7] V7_T2_NC2880: step 36 ELEVATED pairs=26547 evals=464 444s
[556908.4] V7_T2_NC2880: step 37 ELEVATED pairs=26466 evals=480 457s
[556919.6] V7_T2_NC2880: step 38 ELEVATED pairs=26342 evals=496 468s
[556952.5] V7_T2_NC2880: step 39 ELEVATED pairs=26234 evals=512 501s
[556962.4] V7_T2_NC2880: step 40 ELEVATED pairs=26112 evals=528 511s
[556973.7] V7_T2_NC2880: step 41 ELEVATED pairs=25977 evals=544 522s
[557002.4] V7_T2_NC2880: step 42 ELEVATED pairs=25839 evals=560 551s
[557016.9] V7_T2_NC2880: step 43 ELEVATED pairs=25745 evals=576 565s
[557029.4] V7_T2_NC2880: step 44 ELEVATED pairs=25598 evals=592 578s
[557040.7] V7_T2_NC2880: step 45 ELEVATED pairs=25498 evals=608 589s
[557051.9] V7_T2_NC2880: step 46 ELEVATED pairs=25368 evals=624 600s
[557067.5] V7_T2_NC2880: step 47 ELEVATED pairs=25232 evals=640 616s
[557083.4] V7_T2_NC2880: step 48 ELEVATED pairs=25128 evals=656 632s
[557098.2] V7_T2_NC2880: step 49 ELEVATED pairs=25057 evals=672 647s
[557098.4] V7_T2_NC2880: step 50 NO_CANDIDATES_GENERATED pairs=25057 evals=672 647s
[557098.6] V7_T2_NC2880: step 51 NO_CANDIDATES_GENERATED pairs=25057 evals=672 647s
[557098.7] V7_T2_NC2880: step 52 NO_CANDIDATES_GENERATED pairs=25057 evals=672 647s
[557098.9] V7_T2_NC2880: step 53 NO_CANDIDATES_GENERATED pairs=25057 evals=672 647s
[557099.1] V7_T2_NC2880: step 54 NO_CANDIDATES_GENERATED pairs=25057 evals=672 648s
[557099.3] V7_T2_NC2880: step 55 NO_CANDIDATES_GENERATED pairs=25057 evals=672 648s
[557111.1] V7_T2_NC2880: step 56 ELEVATED pairs=25037 evals=688 660s
[557122.4] V7_T2_NC2880: step 57 ELEVATED pairs=24943 evals=704 671s
[557133.6] V7_T2_NC2880: step 58 ELEVATED pairs=24924 evals=720 682s
[557144.8] V7_T2_NC2880: step 59 ELEVATED pairs=24905 evals=736 693s
[557158.4] V7_T2_NC2880: step 60 ELEVATED pairs=24820 evals=752 707s
[557173.0] V7_T2_NC2880: step 61 ELEVATED pairs=24688 evals=768 722s
[557187.6] V7_T2_NC2880: step 62 ELEVATED pairs=24555 evals=784 736s
[557200.4] V7_T2_NC2880: step 63 ELEVATED pairs=24425 evals=800 749s
[557213.5] V7_T2_NC2880: step 64 ELEVATED pairs=24302 evals=816 762s
[557226.1] V7_T2_NC2880: step 65 ELEVATED pairs=24191 evals=832 775s
[557238.7] V7_T2_NC2880: step 66 ELEVATED pairs=24080 evals=848 787s
[557264.2] V7_T2_NC2880: step 67 ELEVATED pairs=23981 evals=864 813s
[557264.3] V7_T2_NC2880: step 68 NO_CANDIDATES_GENERATED pairs=23981 evals=864 813s
[557264.5] V7_T2_NC2880: step 69 NO_CANDIDATES_GENERATED pairs=23981 evals=864 813s
[557273.9] V7_T2_NC2880: step 70 ELEVATED pairs=23893 evals=880 822s
[557274.1] V7_T2_NC2880: step 71 NO_CANDIDATES_GENERATED pairs=23893 evals=880 823s
[557288.3] V7_T2_NC2880: step 72 ELEVATED pairs=23793 evals=889 837s
[557302.9] V7_T2_NC2880: step 73 ELEVATED pairs=23712 evals=905 851s
[557303.0] V7_T2_NC2880: step 74 NO_CANDIDATES_GENERATED pairs=23712 evals=905 852s
[557303.2] V7_T2_NC2880: step 75 NO_CANDIDATES_GENERATED pairs=23712 evals=905 852s
[557303.3] V7_T2_NC2880: step 76 NO_CANDIDATES_GENERATED pairs=23712 evals=905 852s
[557315.7] V7_T2_NC2880: step 77 ELEVATED pairs=23656 evals=921 864s
[557327.7] V7_T2_NC2880: step 78 ELEVATED pairs=23575 evals=937 876s
[557340.8] V7_T2_NC2880: step 79 ELEVATED pairs=23539 evals=953 889s
[557354.1] V7_T2_NC2880: step 80 ELEVATED pairs=23499 evals=969 903s
[557366.4] V7_T2_NC2880: step 81 ELEVATED pairs=23445 evals=985 915s
[557384.0] V7_T2_NC2880: step 82 ELEVATED pairs=23387 evals=1001 933s
[557394.1] V7_T2_NC2880: step 83 ELEVATED pairs=23298 evals=1017 943s
[557410.2] V7_T2_NC2880: step 84 ELEVATED pairs=23205 evals=1033 959s
[557420.0] V7_T2_NC2880: step 85 ELEVATED pairs=23116 evals=1049 969s
[557432.0] V7_T2_NC2880: step 86 ELEVATED pairs=23081 evals=1065 981s
[557460.2] V7_T2_NC2880: step 87 ELEVATED pairs=23006 evals=1081 1009s
[557474.8] V7_T2_NC2880: step 88 ELEVATED pairs=22921 evals=1097 1023s
[557487.0] V7_T2_NC2880: step 89 ELEVATED pairs=22873 evals=1113 1036s
[557498.4] V7_T2_NC2880: step 90 ELEVATED pairs=22778 evals=1129 1047s
[557509.0] V7_T2_NC2880: step 91 ELEVATED pairs=22739 evals=1145 1057s
[557521.8] V7_T2_NC2880: step 92 ELEVATED pairs=22678 evals=1161 1070s
[557529.5] V7_T2_NC2880: step 93 ELEVATED pairs=22633 evals=1177 1078s
[557541.0] V7_T2_NC2880: step 94 ELEVATED pairs=22586 evals=1193 1090s
[557552.3] V7_T2_NC2880: step 95 ELEVATED pairs=22511 evals=1209 1101s
[557560.9] V7_T2_NC2880: step 96 ELEVATED pairs=22448 evals=1225 1109s
[557568.1] V7_T2_NC2880: step 97 ELEVATED pairs=22415 evals=1241 1117s
[557576.1] V7_T2_NC2880: step 98 ELEVATED pairs=22380 evals=1257 1125s
[557589.0] V7_T2_NC2880: step 99 ELEVATED pairs=22289 evals=1273 1137s
[557614.7] V7_T2_NC2880: step 100 ELEVATED pairs=22220 evals=1289 1163s
[557625.1] V7_T2_NC2880: step 101 ELEVATED pairs=22190 evals=1305 1174s
[557637.2] V7_T2_NC2880: step 102 ELEVATED pairs=22104 evals=1321 1186s
[557649.6] V7_T2_NC2880: step 103 ELEVATED pairs=22065 evals=1337 1198s
[557660.9] V7_T2_NC2880: step 104 ELEVATED pairs=21981 evals=1353 1209s
[557675.8] V7_T2_NC2880: step 105 ELEVATED pairs=21893 evals=1369 1224s
[557686.1] V7_T2_NC2880: step 106 ELEVATED pairs=21866 evals=1385 1235s
[557701.1] V7_T2_NC2880: step 107 ELEVATED pairs=21813 evals=1401 1250s
[557712.0] V7_T2_NC2880: step 108 ELEVATED pairs=21775 evals=1417 1261s
[557722.3] V7_T2_NC2880: step 109 ELEVATED pairs=21761 evals=1433 1271s
[557734.0] V7_T2_NC2880: step 110 ELEVATED pairs=21731 evals=1449 1282s
[557734.1] V7_T2_NC2880: step 111 NO_CANDIDATES_GENERATED pairs=21731 evals=1449 1283s
[557744.6] V7_T2_NC2880: step 112 ELEVATED pairs=21709 evals=1465 1293s
[557755.6] V7_T2_NC2880: step 113 ELEVATED pairs=21685 evals=1481 1304s
[557762.3] V7_T2_NC2880: step 114 ELEVATED pairs=21653 evals=1497 1311s
[557771.7] V7_T2_NC2880: step 115 ELEVATED pairs=21577 evals=1513 1320s
[557779.5] V7_T2_NC2880: step 116 ELEVATED pairs=21567 evals=1529 1328s
[557787.4] V7_T2_NC2880: step 117 ELEVATED pairs=21557 evals=1545 1336s
[557797.6] V7_T2_NC2880: step 118 ELEVATED pairs=21530 evals=1561 1346s
[557809.9] V7_T2_NC2880: step 119 ELEVATED pairs=21466 evals=1577 1358s
[557820.6] V7_T2_NC2880: step 120 ELEVATED pairs=21409 evals=1593 1369s
[557834.2] V7_T2_NC2880: step 121 ELEVATED pairs=21365 evals=1609 1383s
[557844.2] V7_T2_NC2880: step 122 ELEVATED pairs=21305 evals=1625 1393s
[557860.4] V7_T2_NC2880: step 123 ELEVATED pairs=21253 evals=1641 1409s
[557866.6] V7_T2_NC2880: step 124 ELEVATED pairs=21223 evals=1657 1415s
[557876.3] V7_T2_NC2880: step 125 ELEVATED pairs=21200 evals=1673 1425s
[557889.1] V7_T2_NC2880: step 126 ELEVATED pairs=21128 evals=1689 1438s
[557895.9] V7_T2_NC2880: step 127 ELEVATED pairs=21076 evals=1705 1444s
[557902.5] V7_T2_NC2880: step 128 ELEVATED pairs=21031 evals=1721 1451s
[557912.8] V7_T2_NC2880: step 129 ELEVATED pairs=21010 evals=1737 1461s
[557928.4] V7_T2_NC2880: step 130 ELEVATED pairs=20954 evals=1753 1477s
[557936.1] V7_T2_NC2880: step 131 ELEVATED pairs=20910 evals=1769 1485s
[557944.6] V7_T2_NC2880: step 132 ELEVATED pairs=20860 evals=1785 1493s
[557961.8] V7_T2_NC2880: step 133 ELEVATED pairs=20827 evals=1801 1510s
[557967.5] V7_T2_NC2880: step 134 ELEVATED pairs=20776 evals=1817 1516s
[557985.8] V7_T2_NC2880: step 135 ELEVATED pairs=20743 evals=1833 1534s
[557985.9] V7_T2_NC2880: step 136 NO_CANDIDATES_GENERATED pairs=20743 evals=1833 1534s
[557993.1] V7_T2_NC2880: step 137 ELEVATED pairs=20704 evals=1849 1542s
[558010.3] V7_T2_NC2880: step 138 ELEVATED pairs=20651 evals=1865 1559s
[558019.8] V7_T2_NC2880: step 139 ELEVATED pairs=20606 evals=1881 1568s
[558034.0] V7_T2_NC2880: step 140 ELEVATED pairs=20578 evals=1897 1582s
[558043.7] V7_T2_NC2880: step 141 ELEVATED pairs=20554 evals=1913 1592s
[558057.8] V7_T2_NC2880: step 142 ELEVATED pairs=20526 evals=1929 1606s
[558057.9] V7_T2_NC2880: step 143 NO_CANDIDATES_GENERATED pairs=20526 evals=1929 1606s
[558058.1] V7_T2_NC2880: step 144 NO_CANDIDATES_GENERATED pairs=20526 evals=1929 1607s
[558058.2] V7_T2_NC2880: step 145 NO_CANDIDATES_GENERATED pairs=20526 evals=1929 1607s
[558067.6] V7_T2_NC2880: step 146 ELEVATED pairs=20503 evals=1945 1616s
[558080.3] V7_T2_NC2880: step 147 ELEVATED pairs=20471 evals=1961 1629s
[558096.3] V7_T2_NC2880: step 148 ELEVATED pairs=20441 evals=1977 1645s
[558105.9] V7_T2_NC2880: step 149 ELEVATED pairs=20419 evals=1993 1654s
[558106.0] V7_T2_NC2880: step 150 NO_CANDIDATES_GENERATED pairs=20419 evals=1993 1655s
[558117.7] V7_T2_NC2880: step 151 ELEVATED pairs=20358 evals=2009 1666s
[558125.8] V7_T2_NC2880: step 152 PREFIX_EVALUATED_NO_WINNER_DEFERRED pairs=20358 evals=2025 1674s
[558134.2] V7_T2_NC2880: step 153 ELEVATED pairs=20339 evals=2041 1683s
[558144.6] V7_T2_NC2880: step 154 ELEVATED pairs=20281 evals=2057 1693s
[558144.7] V7_T2_NC2880: step 155 NO_CANDIDATES_GENERATED pairs=20281 evals=2057 1693s
[558144.8] V7_T2_NC2880: step 156 NO_CANDIDATES_GENERATED pairs=20281 evals=2057 1693s
[558156.2] V7_T2_NC2880: step 157 ELEVATED pairs=20241 evals=2073 1705s
[558163.7] V7_T2_NC2880: step 158 ELEVATED pairs=20216 evals=2089 1712s
[558178.3] V7_T2_NC2880: step 159 ELEVATED pairs=20181 evals=2105 1727s
[558188.5] V7_T2_NC2880: step 160 ELEVATED pairs=20130 evals=2121 1737s
[558188.8] V7_T2_NC2880: step 161 NO_CANDIDATES_GENERATED pairs=20130 evals=2121 1737s
[558200.5] V7_T2_NC2880: step 162 ELEVATED pairs=20086 evals=2137 1749s
[558207.0] V7_T2_NC2880: step 163 ELEVATED pairs=20082 evals=2153 1755s
[558215.9] V7_T2_NC2880: step 164 ELEVATED pairs=20028 evals=2169 1764s
[558227.7] V7_T2_NC2880: step 165 ELEVATED pairs=19986 evals=2185 1776s
[558237.8] V7_T2_NC2880: step 166 ELEVATED pairs=19962 evals=2201 1786s
[558245.4] V7_T2_NC2880: step 167 ELEVATED pairs=19937 evals=2217 1794s
[558254.2] V7_T2_NC2880: step 168 ELEVATED pairs=19914 evals=2233 1803s
[558264.3] V7_T2_NC2880: step 169 ELEVATED pairs=19834 evals=2249 1813s
[558277.3] V7_T2_NC2880: step 170 ELEVATED pairs=19788 evals=2265 1826s
[558291.2] V7_T2_NC2880: step 171 ELEVATED pairs=19759 evals=2281 1840s
[558305.1] V7_T2_NC2880: step 172 ELEVATED pairs=19730 evals=2297 1854s
[558318.8] V7_T2_NC2880: step 173 ELEVATED pairs=19671 evals=2313 1867s
[558328.9] V7_T2_NC2880: step 174 ELEVATED pairs=19650 evals=2329 1877s
[558339.3] V7_T2_NC2880: step 175 ELEVATED pairs=19638 evals=2345 1888s
[558350.9] V7_T2_NC2880: step 176 ELEVATED pairs=19630 evals=2361 1899s
[558362.5] V7_T2_NC2880: step 177 ELEVATED pairs=19587 evals=2377 1911s
[558374.1] V7_T2_NC2880: step 178 ELEVATED pairs=19578 evals=2393 1923s
[558386.7] V7_T2_NC2880: step 179 ELEVATED pairs=19565 evals=2409 1935s
[558399.8] V7_T2_NC2880: step 180 ELEVATED pairs=19528 evals=2425 1948s
[558410.9] V7_T2_NC2880: step 181 ELEVATED pairs=19503 evals=2441 1959s
[558424.1] V7_T2_NC2880: step 182 ELEVATED pairs=19488 evals=2457 1973s
[558437.3] V7_T2_NC2880: step 183 ELEVATED pairs=19474 evals=2473 1986s
[558448.7] V7_T2_NC2880: step 184 ELEVATED pairs=19457 evals=2489 1997s
[558458.5] V7_T2_NC2880: step 185 ALL_CANDIDATES_REJECTED pairs=19457 evals=2498 2007s
[558473.5] V7_T2_NC2880: step 186 ELEVATED pairs=19427 evals=2514 2022s
[558487.4] V7_T2_NC2880: step 187 ELEVATED pairs=19389 evals=2530 2036s
[558499.8] V7_T2_NC2880: step 188 ELEVATED pairs=19327 evals=2546 2048s
[558506.4] V7_T2_NC2880: step 189 NO_CANDIDATES_GENERATED pairs=19327 evals=2546 2055s
[558513.1] V7_T2_NC2880: step 190 NO_CANDIDATES_GENERATED pairs=19327 evals=2546 2062s
[558522.8] V7_T2_NC2880: step 191 ELEVATED pairs=19319 evals=2562 2071s
[558535.1] V7_T2_NC2880: step 192 ELEVATED pairs=19270 evals=2578 2084s
[558550.9] V7_T2_NC2880: step 193 ELEVATED pairs=19258 evals=2594 2099s
[558562.8] V7_T2_NC2880: step 194 ELEVATED pairs=19234 evals=2610 2111s
[558577.5] V7_T2_NC2880: step 195 ELEVATED pairs=19196 evals=2626 2126s
[558598.2] V7_T2_NC2880: step 196 ELEVATED pairs=19160 evals=2642 2147s
[558629.8] V7_T2_NC2880: step 197 ELEVATED pairs=19120 evals=2658 2178s
[558641.7] V7_T2_NC2880: step 198 NO_CANDIDATES_GENERATED pairs=19120 evals=2658 2190s
[558674.0] V7_T2_NC2880: step 199 ELEVATED pairs=19090 evals=2674 2223s
[558699.1] V7_T2_NC2880: step 200 ELEVATED pairs=19056 evals=2690 2248s
[558726.7] V7_T2_NC2880: step 201 ELEVATED pairs=19033 evals=2706 2275s
[558755.3] V7_T2_NC2880: step 202 ELEVATED pairs=19019 evals=2722 2304s
[558766.1] V7_T2_NC2880: step 203 NO_CANDIDATES_GENERATED pairs=19019 evals=2722 2315s
[558776.8] V7_T2_NC2880: step 204 NO_CANDIDATES_GENERATED pairs=19019 evals=2722 2325s
[558801.5] V7_T2_NC2880: step 205 ELEVATED pairs=18997 evals=2738 2350s
[558818.9] V7_T2_NC2880: step 206 ELEVATED pairs=18983 evals=2754 2367s
[558839.0] V7_T2_NC2880: step 207 ELEVATED pairs=18938 evals=2770 2387s
[558849.8] V7_T2_NC2880: step 208 NO_CANDIDATES_GENERATED pairs=18938 evals=2770 2398s
[558861.3] V7_T2_NC2880: step 209 NO_CANDIDATES_GENERATED pairs=18938 evals=2770 2410s
[558872.9] V7_T2_NC2880: step 210 NO_CANDIDATES_GENERATED pairs=18938 evals=2770 2421s
[558884.4] V7_T2_NC2880: step 211 NO_CANDIDATES_GENERATED pairs=18938 evals=2770 2433s
[558895.4] V7_T2_NC2880: step 212 NO_CANDIDATES_GENERATED pairs=18938 evals=2770 2444s
[558906.5] V7_T2_NC2880: step 213 NO_CANDIDATES_GENERATED pairs=18938 evals=2770 2455s
[558917.7] V7_T2_NC2880: step 214 NO_CANDIDATES_GENERATED pairs=18938 evals=2770 2466s
[558928.8] V7_T2_NC2880: step 215 NO_CANDIDATES_GENERATED pairs=18938 evals=2770 2477s
[558940.0] V7_T2_NC2880: step 216 NO_CANDIDATES_GENERATED pairs=18938 evals=2770 2489s
[558951.1] V7_T2_NC2880: step 217 NO_CANDIDATES_GENERATED pairs=18938 evals=2770 2500s
[558973.2] V7_T2_NC2880: step 218 ELEVATED pairs=18920 evals=2786 2522s
[559001.7] V7_T2_NC2880: step 219 ELEVATED pairs=18895 evals=2802 2550s
[559012.8] V7_T2_NC2880: step 220 NO_CANDIDATES_GENERATED pairs=18895 evals=2802 2561s
[559032.3] V7_T2_NC2880: step 221 ELEVATED pairs=18877 evals=2818 2581s
[559043.5] V7_T2_NC2880: step 222 NO_CANDIDATES_GENERATED pairs=18877 evals=2818 2592s
[559054.6] V7_T2_NC2880: step 223 NO_CANDIDATES_GENERATED pairs=18877 evals=2818 2603s
[559065.7] V7_T2_NC2880: step 224 NO_CANDIDATES_GENERATED pairs=18877 evals=2818 2614s
[559091.5] V7_T2_NC2880: step 225 ELEVATED pairs=18846 evals=2827 2640s
[559102.8] V7_T2_NC2880: step 226 NO_CANDIDATES_GENERATED pairs=18846 evals=2827 2651s
[559113.9] V7_T2_NC2880: step 227 NO_CANDIDATES_GENERATED pairs=18846 evals=2827 2662s
[559125.0] V7_T2_NC2880: step 228 NO_CANDIDATES_GENERATED pairs=18846 evals=2827 2674s
[559136.3] V7_T2_NC2880: step 229 NO_CANDIDATES_GENERATED pairs=18846 evals=2827 2685s
[559164.5] V7_T2_NC2880: step 230 ELEVATED pairs=18832 evals=2843 2713s
[559193.8] V7_T2_NC2880: step 231 ELEVATED pairs=18812 evals=2859 2742s
[559205.0] V7_T2_NC2880: step 232 NO_CANDIDATES_GENERATED pairs=18812 evals=2859 2753s
[559216.2] V7_T2_NC2880: step 233 NO_CANDIDATES_GENERATED pairs=18812 evals=2859 2765s
[559246.5] V7_T2_NC2880: step 234 ELEVATED pairs=18795 evals=2875 2795s
[559260.8] V7_T2_NC2880: step 235 ELEVATED pairs=18768 evals=2880 2809s
[559261.6] V7_T2_NC2880: done final=18768 moves=180 first=180 reloc=0 ret=0 evals=2880 stop=CANDIDATE_BUDGET_EXHAUSTED
[559407.2] V7_T2_NC2880: recheck PASS checks=130816
