[604998.1] V8_G0_NEUTRALITY_NC2880_refreeze: start mode=N budget=2880 spec={"name": "V8_G0_NEUTRALITY", "target_policy": "LEGACY", "evaluation_policy": "E2_ORDERED_K16", "traversal_policy": "BASE", "max_targets": 200, "k_per_target": 16, "family_round_robin": false, "relocation_side_reserve": 0, "waiting_age": false, "route_coverage": false, "multi_anchor": false, "exact_dedup": false, "decision_cache": false, "return_action": false, "cache_structural_skips": false, "window_slack_mm": 1e-05, "generation_domain": "LINE_ONLY", "path_window_settings": null, "stage_length_cap_mm": null, "notes": ""}
[604998.1] V8_G0_NEUTRALITY_NC2880_refreeze: start state=challenge C:\Users\lihao\Desktop\Graduation Project\OpticalWaveguideRouter3D\outputs\3d_strategy_v4\512_full_layout\N2880 pairs=30999
[605002.6] V8_G0_NEUTRALITY_NC2880_refreeze: INITIAL_DONE pairs=30999
[605002.7] V8_G0_NEUTRALITY_NC2880_refreeze: step 1 NO_CANDIDATES_GENERATED pairs=30999 evals=0 0s
[605002.8] V8_G0_NEUTRALITY_NC2880_refreeze: step 2 NO_CANDIDATES_GENERATED pairs=30999 evals=0 0s
[605003.0] V8_G0_NEUTRALITY_NC2880_refreeze: step 3 NO_CANDIDATES_GENERATED pairs=30999 evals=0 0s
[605003.1] V8_G0_NEUTRALITY_NC2880_refreeze: step 4 NO_CANDIDATES_GENERATED pairs=30999 evals=0 0s
[605003.2] V8_G0_NEUTRALITY_NC2880_refreeze: step 5 NO_CANDIDATES_GENERATED pairs=30999 evals=0 1s
[605003.3] V8_G0_NEUTRALITY_NC2880_refreeze: step 6 NO_CANDIDATES_GENERATED pairs=30999 evals=0 1s
[605009.5] V8_G0_NEUTRALITY_NC2880_refreeze: step 7 ELEVATED pairs=30804 evals=16 7s
[605016.1] V8_G0_NEUTRALITY_NC2880_refreeze: step 8 ELEVATED pairs=30611 evals=32 14s
[605023.9] V8_G0_NEUTRALITY_NC2880_refreeze: step 9 ELEVATED pairs=30460 evals=48 21s
[605031.3] V8_G0_NEUTRALITY_NC2880_refreeze: step 10 ELEVATED pairs=30309 evals=64 29s
[605031.6] V8_G0_NEUTRALITY_NC2880_refreeze: step 11 NO_CANDIDATES_GENERATED pairs=30309 evals=64 29s
[605043.1] V8_G0_NEUTRALITY_NC2880_refreeze: step 12 ELEVATED pairs=30119 evals=80 41s
[605056.3] V8_G0_NEUTRALITY_NC2880_refreeze: step 13 ELEVATED pairs=29931 evals=96 54s
[605071.8] V8_G0_NEUTRALITY_NC2880_refreeze: step 14 ELEVATED pairs=29745 evals=112 69s
[605083.0] V8_G0_NEUTRALITY_NC2880_refreeze: step 15 ELEVATED pairs=29554 evals=128 80s
[605099.8] V8_G0_NEUTRALITY_NC2880_refreeze: step 16 ELEVATED pairs=29370 evals=144 97s
[605111.8] V8_G0_NEUTRALITY_NC2880_refreeze: step 17 ELEVATED pairs=29181 evals=160 109s
[605119.7] V8_G0_NEUTRALITY_NC2880_refreeze: step 18 ELEVATED pairs=29006 evals=176 117s
[605129.3] V8_G0_NEUTRALITY_NC2880_refreeze: step 19 ELEVATED pairs=28833 evals=192 127s
[605141.3] V8_G0_NEUTRALITY_NC2880_refreeze: step 20 ELEVATED pairs=28662 evals=208 139s
[605149.1] V8_G0_NEUTRALITY_NC2880_refreeze: step 21 ELEVATED pairs=28479 evals=224 147s
[605157.8] V8_G0_NEUTRALITY_NC2880_refreeze: step 22 ELEVATED pairs=28374 evals=240 155s
[605166.2] V8_G0_NEUTRALITY_NC2880_refreeze: step 23 ELEVATED pairs=28193 evals=256 164s
[605181.5] V8_G0_NEUTRALITY_NC2880_refreeze: step 24 ELEVATED pairs=28033 evals=272 179s
[605190.1] V8_G0_NEUTRALITY_NC2880_refreeze: step 25 ELEVATED pairs=27854 evals=288 188s
[605199.0] V8_G0_NEUTRALITY_NC2880_refreeze: step 26 ELEVATED pairs=27677 evals=304 196s
[605208.2] V8_G0_NEUTRALITY_NC2880_refreeze: step 27 ELEVATED pairs=27511 evals=320 206s
[605213.9] V8_G0_NEUTRALITY_NC2880_refreeze: step 28 ELEVATED pairs=27345 evals=329 211s
[605222.5] V8_G0_NEUTRALITY_NC2880_refreeze: step 29 ELEVATED pairs=27181 evals=345 220s
[605227.7] V8_G0_NEUTRALITY_NC2880_refreeze: step 30 ELEVATED pairs=27017 evals=354 225s
[605236.0] V8_G0_NEUTRALITY_NC2880_refreeze: step 31 ELEVATED pairs=26856 evals=370 233s
[605241.1] V8_G0_NEUTRALITY_NC2880_refreeze: step 32 ELEVATED pairs=26694 evals=379 239s
[605249.6] V8_G0_NEUTRALITY_NC2880_refreeze: step 33 ELEVATED pairs=26535 evals=395 247s
[605249.8] V8_G0_NEUTRALITY_NC2880_refreeze: step 34 NO_CANDIDATES_GENERATED pairs=26535 evals=395 247s
[605254.8] V8_G0_NEUTRALITY_NC2880_refreeze: step 35 ELEVATED pairs=26375 evals=404 252s
[605263.3] V8_G0_NEUTRALITY_NC2880_refreeze: step 36 ELEVATED pairs=26218 evals=420 261s
[605272.5] V8_G0_NEUTRALITY_NC2880_refreeze: step 37 ELEVATED pairs=26063 evals=436 270s
[605281.8] V8_G0_NEUTRALITY_NC2880_refreeze: step 38 ELEVATED pairs=25909 evals=452 279s
[605290.8] V8_G0_NEUTRALITY_NC2880_refreeze: step 39 ELEVATED pairs=25757 evals=468 288s
[605296.7] V8_G0_NEUTRALITY_NC2880_refreeze: step 40 ELEVATED pairs=25607 evals=484 294s
[605306.1] V8_G0_NEUTRALITY_NC2880_refreeze: step 41 ELEVATED pairs=25457 evals=500 304s
[605312.6] V8_G0_NEUTRALITY_NC2880_refreeze: step 42 ELEVATED pairs=25321 evals=516 310s
[605321.8] V8_G0_NEUTRALITY_NC2880_refreeze: step 43 ELEVATED pairs=25173 evals=532 319s
[605328.2] V8_G0_NEUTRALITY_NC2880_refreeze: step 44 ELEVATED pairs=25039 evals=548 326s
[605333.8] V8_G0_NEUTRALITY_NC2880_refreeze: step 45 ELEVATED pairs=24954 evals=564 331s
[605344.7] V8_G0_NEUTRALITY_NC2880_refreeze: step 46 ELEVATED pairs=24804 evals=580 342s
[605349.6] V8_G0_NEUTRALITY_NC2880_refreeze: step 47 ELEVATED pairs=24685 evals=596 347s
[605360.4] V8_G0_NEUTRALITY_NC2880_refreeze: step 48 ELEVATED pairs=24537 evals=612 358s
[605365.7] V8_G0_NEUTRALITY_NC2880_refreeze: step 49 ELEVATED pairs=24398 evals=628 363s
[605376.2] V8_G0_NEUTRALITY_NC2880_refreeze: step 50 ELEVATED pairs=24252 evals=644 374s
[605387.0] V8_G0_NEUTRALITY_NC2880_refreeze: step 51 ELEVATED pairs=24108 evals=660 384s
[605394.8] V8_G0_NEUTRALITY_NC2880_refreeze: step 52 ELEVATED pairs=23963 evals=676 392s
[605401.5] V8_G0_NEUTRALITY_NC2880_refreeze: step 53 ELEVATED pairs=23864 evals=692 399s
[605407.6] V8_G0_NEUTRALITY_NC2880_refreeze: step 54 ELEVATED pairs=23767 evals=708 405s
[605415.6] V8_G0_NEUTRALITY_NC2880_refreeze: step 55 ELEVATED pairs=23624 evals=724 413s
[605421.5] V8_G0_NEUTRALITY_NC2880_refreeze: step 56 ELEVATED pairs=23541 evals=740 419s
[605429.7] V8_G0_NEUTRALITY_NC2880_refreeze: step 57 ELEVATED pairs=23400 evals=756 427s
[605435.5] V8_G0_NEUTRALITY_NC2880_refreeze: step 58 ELEVATED pairs=23296 evals=772 433s
[605441.7] V8_G0_NEUTRALITY_NC2880_refreeze: step 59 ELEVATED pairs=23194 evals=788 439s
[605447.6] V8_G0_NEUTRALITY_NC2880_refreeze: step 60 ELEVATED pairs=23094 evals=804 445s
[605454.4] V8_G0_NEUTRALITY_NC2880_refreeze: step 61 ELEVATED pairs=23009 evals=820 452s
[605461.0] V8_G0_NEUTRALITY_NC2880_refreeze: step 62 ELEVATED pairs=22892 evals=836 458s
[605468.3] V8_G0_NEUTRALITY_NC2880_refreeze: step 63 ELEVATED pairs=22779 evals=852 466s
[605474.3] V8_G0_NEUTRALITY_NC2880_refreeze: step 64 ELEVATED pairs=22649 evals=868 472s
[605481.6] V8_G0_NEUTRALITY_NC2880_refreeze: step 65 ELEVATED pairs=22529 evals=884 479s
[605487.0] V8_G0_NEUTRALITY_NC2880_refreeze: step 66 ELEVATED pairs=22412 evals=900 484s
[605493.4] V8_G0_NEUTRALITY_NC2880_refreeze: step 67 ELEVATED pairs=22298 evals=916 491s
[605500.4] V8_G0_NEUTRALITY_NC2880_refreeze: step 68 ELEVATED pairs=22168 evals=932 498s
[605506.3] V8_G0_NEUTRALITY_NC2880_refreeze: step 69 ELEVATED pairs=22044 evals=948 504s
[605513.4] V8_G0_NEUTRALITY_NC2880_refreeze: step 70 ELEVATED pairs=21928 evals=964 511s
[605519.2] V8_G0_NEUTRALITY_NC2880_refreeze: step 71 ELEVATED pairs=21809 evals=980 517s
[605524.9] V8_G0_NEUTRALITY_NC2880_refreeze: step 72 ELEVATED pairs=21678 evals=996 522s
[605530.5] V8_G0_NEUTRALITY_NC2880_refreeze: step 73 ELEVATED pairs=21556 evals=1012 528s
[605535.2] V8_G0_NEUTRALITY_NC2880_refreeze: step 74 ELEVATED pairs=21461 evals=1028 533s
[605543.8] V8_G0_NEUTRALITY_NC2880_refreeze: step 75 ELEVATED pairs=21381 evals=1037 541s
[605550.1] V8_G0_NEUTRALITY_NC2880_refreeze: step 76 ELEVATED pairs=21330 evals=1053 548s
[605557.7] V8_G0_NEUTRALITY_NC2880_refreeze: step 77 ELEVATED pairs=21212 evals=1069 555s
[605565.3] V8_G0_NEUTRALITY_NC2880_refreeze: step 78 ELEVATED pairs=21096 evals=1085 563s
[605584.2] V8_G0_NEUTRALITY_NC2880_refreeze: step 79 ELEVATED pairs=20988 evals=1101 582s
[605591.9] V8_G0_NEUTRALITY_NC2880_refreeze: step 80 ELEVATED pairs=20874 evals=1117 589s
[605598.6] V8_G0_NEUTRALITY_NC2880_refreeze: step 81 ELEVATED pairs=20765 evals=1133 596s
[605616.2] V8_G0_NEUTRALITY_NC2880_refreeze: step 82 ELEVATED pairs=20657 evals=1149 614s
[605633.4] V8_G0_NEUTRALITY_NC2880_refreeze: step 83 ELEVATED pairs=20550 evals=1165 631s
[605639.3] V8_G0_NEUTRALITY_NC2880_refreeze: step 84 ELEVATED pairs=20466 evals=1181 637s
[605656.3] V8_G0_NEUTRALITY_NC2880_refreeze: step 85 ELEVATED pairs=20360 evals=1197 654s
[605670.5] V8_G0_NEUTRALITY_NC2880_refreeze: step 86 ELEVATED pairs=20240 evals=1213 668s
[605677.0] V8_G0_NEUTRALITY_NC2880_refreeze: step 87 ELEVATED pairs=20154 evals=1229 674s
[605682.1] V8_G0_NEUTRALITY_NC2880_refreeze: step 88 ELEVATED pairs=20099 evals=1245 680s
[605690.2] V8_G0_NEUTRALITY_NC2880_refreeze: step 89 ELEVATED pairs=19950 evals=1261 688s
[605695.5] V8_G0_NEUTRALITY_NC2880_refreeze: step 90 ELEVATED pairs=19898 evals=1277 693s
[605703.6] V8_G0_NEUTRALITY_NC2880_refreeze: step 91 ELEVATED pairs=19751 evals=1293 701s
[605710.5] V8_G0_NEUTRALITY_NC2880_refreeze: step 92 ELEVATED pairs=19666 evals=1309 708s
[605718.3] V8_G0_NEUTRALITY_NC2880_refreeze: step 93 ELEVATED pairs=19521 evals=1325 716s
[605725.6] V8_G0_NEUTRALITY_NC2880_refreeze: step 94 ELEVATED pairs=19437 evals=1341 723s
[605734.0] V8_G0_NEUTRALITY_NC2880_refreeze: step 95 ELEVATED pairs=19294 evals=1357 731s
[605740.1] V8_G0_NEUTRALITY_NC2880_refreeze: step 96 ELEVATED pairs=19217 evals=1373 737s
[605746.1] V8_G0_NEUTRALITY_NC2880_refreeze: step 97 ELEVATED pairs=19140 evals=1389 744s
[605752.0] V8_G0_NEUTRALITY_NC2880_refreeze: step 98 ELEVATED pairs=19063 evals=1405 749s
[605752.2] V8_G0_NEUTRALITY_NC2880_refreeze: step 99 NO_CANDIDATES_GENERATED pairs=19063 evals=1405 750s
[605755.4] V8_G0_NEUTRALITY_NC2880_refreeze: step 100 ELEVATED pairs=18958 evals=1414 753s
[605761.0] V8_G0_NEUTRALITY_NC2880_refreeze: step 101 ELEVATED pairs=18893 evals=1430 758s
[605766.5] V8_G0_NEUTRALITY_NC2880_refreeze: step 102 ELEVATED pairs=18828 evals=1446 764s
[605774.1] V8_G0_NEUTRALITY_NC2880_refreeze: step 103 ELEVATED pairs=18739 evals=1462 771s
[605779.6] V8_G0_NEUTRALITY_NC2880_refreeze: step 104 ELEVATED pairs=18674 evals=1478 777s
[605785.2] V8_G0_NEUTRALITY_NC2880_refreeze: step 105 ELEVATED pairs=18609 evals=1494 783s
[605790.2] V8_G0_NEUTRALITY_NC2880_refreeze: step 106 ELEVATED pairs=18572 evals=1510 788s
[605794.0] V8_G0_NEUTRALITY_NC2880_refreeze: step 107 ELEVATED pairs=18480 evals=1519 791s
[605800.2] V8_G0_NEUTRALITY_NC2880_refreeze: step 108 ELEVATED pairs=18409 evals=1535 798s
[605805.4] V8_G0_NEUTRALITY_NC2880_refreeze: step 109 ELEVATED pairs=18374 evals=1551 803s
[605811.0] V8_G0_NEUTRALITY_NC2880_refreeze: step 110 ELEVATED pairs=18309 evals=1567 808s
[605815.7] V8_G0_NEUTRALITY_NC2880_refreeze: step 111 ELEVATED pairs=18265 evals=1583 813s
[605820.5] V8_G0_NEUTRALITY_NC2880_refreeze: step 112 ELEVATED pairs=18175 evals=1592 818s
[605825.4] V8_G0_NEUTRALITY_NC2880_refreeze: step 113 ELEVATED pairs=18131 evals=1608 823s
[605830.3] V8_G0_NEUTRALITY_NC2880_refreeze: step 114 ELEVATED pairs=18097 evals=1624 828s
[605836.5] V8_G0_NEUTRALITY_NC2880_refreeze: step 115 ELEVATED pairs=18029 evals=1640 834s
[605845.1] V8_G0_NEUTRALITY_NC2880_refreeze: step 116 ELEVATED pairs=17977 evals=1649 842s
[605845.2] V8_G0_NEUTRALITY_NC2880_refreeze: step 117 NO_CANDIDATES_GENERATED pairs=17977 evals=1649 843s
[605845.3] V8_G0_NEUTRALITY_NC2880_refreeze: step 118 NO_CANDIDATES_GENERATED pairs=17977 evals=1649 843s
[605845.4] V8_G0_NEUTRALITY_NC2880_refreeze: step 119 NO_CANDIDATES_GENERATED pairs=17977 evals=1649 843s
[605845.6] V8_G0_NEUTRALITY_NC2880_refreeze: step 120 NO_CANDIDATES_GENERATED pairs=17977 evals=1649 843s
[605845.7] V8_G0_NEUTRALITY_NC2880_refreeze: step 121 NO_CANDIDATES_GENERATED pairs=17977 evals=1649 843s
[605845.8] V8_G0_NEUTRALITY_NC2880_refreeze: step 122 NO_CANDIDATES_GENERATED pairs=17977 evals=1649 843s
[605845.9] V8_G0_NEUTRALITY_NC2880_refreeze: step 123 NO_CANDIDATES_GENERATED pairs=17977 evals=1649 843s
[605846.1] V8_G0_NEUTRALITY_NC2880_refreeze: step 124 NO_CANDIDATES_GENERATED pairs=17977 evals=1649 843s
[605846.2] V8_G0_NEUTRALITY_NC2880_refreeze: step 125 NO_CANDIDATES_GENERATED pairs=17977 evals=1649 844s
[605846.3] V8_G0_NEUTRALITY_NC2880_refreeze: step 126 NO_CANDIDATES_GENERATED pairs=17977 evals=1649 844s
[605846.4] V8_G0_NEUTRALITY_NC2880_refreeze: step 127 NO_CANDIDATES_GENERATED pairs=17977 evals=1649 844s
[605846.6] V8_G0_NEUTRALITY_NC2880_refreeze: step 128 NO_CANDIDATES_GENERATED pairs=17977 evals=1649 844s
[605846.7] V8_G0_NEUTRALITY_NC2880_refreeze: step 129 NO_CANDIDATES_GENERATED pairs=17977 evals=1649 844s
[605846.8] V8_G0_NEUTRALITY_NC2880_refreeze: step 130 NO_CANDIDATES_GENERATED pairs=17977 evals=1649 844s
[605846.9] V8_G0_NEUTRALITY_NC2880_refreeze: step 131 NO_CANDIDATES_GENERATED pairs=17977 evals=1649 844s
[605847.1] V8_G0_NEUTRALITY_NC2880_refreeze: step 132 NO_CANDIDATES_GENERATED pairs=17977 evals=1649 844s
[605853.0] V8_G0_NEUTRALITY_NC2880_refreeze: step 133 ELEVATED pairs=17916 evals=1665 850s
[605863.5] V8_G0_NEUTRALITY_NC2880_refreeze: step 134 ELEVATED pairs=17831 evals=1681 861s
[605869.1] V8_G0_NEUTRALITY_NC2880_refreeze: step 135 ELEVATED pairs=17765 evals=1697 867s
[605880.1] V8_G0_NEUTRALITY_NC2880_refreeze: step 136 ELEVATED pairs=17681 evals=1713 878s
[605885.4] V8_G0_NEUTRALITY_NC2880_refreeze: step 137 ELEVATED pairs=17615 evals=1729 883s
[605890.8] V8_G0_NEUTRALITY_NC2880_refreeze: step 138 ELEVATED pairs=17549 evals=1745 888s
[605897.9] V8_G0_NEUTRALITY_NC2880_refreeze: step 139 ELEVATED pairs=17483 evals=1761 895s
[605904.2] V8_G0_NEUTRALITY_NC2880_refreeze: step 140 ELEVATED pairs=17363 evals=1777 902s
[605904.4] V8_G0_NEUTRALITY_NC2880_refreeze: step 141 NO_CANDIDATES_GENERATED pairs=17363 evals=1777 902s
[605904.7] V8_G0_NEUTRALITY_NC2880_refreeze: step 142 NO_CANDIDATES_GENERATED pairs=17363 evals=1777 902s
[605905.0] V8_G0_NEUTRALITY_NC2880_refreeze: step 143 NO_CANDIDATES_GENERATED pairs=17363 evals=1777 902s
[605905.3] V8_G0_NEUTRALITY_NC2880_refreeze: step 144 NO_CANDIDATES_GENERATED pairs=17363 evals=1777 903s
[605905.6] V8_G0_NEUTRALITY_NC2880_refreeze: step 145 NO_CANDIDATES_GENERATED pairs=17363 evals=1777 903s
[605905.9] V8_G0_NEUTRALITY_NC2880_refreeze: step 146 NO_CANDIDATES_GENERATED pairs=17363 evals=1777 903s
[605906.2] V8_G0_NEUTRALITY_NC2880_refreeze: step 147 NO_CANDIDATES_GENERATED pairs=17363 evals=1777 904s
[605906.4] V8_G0_NEUTRALITY_NC2880_refreeze: step 148 NO_CANDIDATES_GENERATED pairs=17363 evals=1777 904s
[605906.7] V8_G0_NEUTRALITY_NC2880_refreeze: step 149 NO_CANDIDATES_GENERATED pairs=17363 evals=1777 904s
[605907.0] V8_G0_NEUTRALITY_NC2880_refreeze: step 150 NO_CANDIDATES_GENERATED pairs=17363 evals=1777 904s
[605907.3] V8_G0_NEUTRALITY_NC2880_refreeze: step 151 NO_CANDIDATES_GENERATED pairs=17363 evals=1777 905s
[605907.6] V8_G0_NEUTRALITY_NC2880_refreeze: step 152 NO_CANDIDATES_GENERATED pairs=17363 evals=1777 905s
[605907.8] V8_G0_NEUTRALITY_NC2880_refreeze: step 153 NO_CANDIDATES_GENERATED pairs=17363 evals=1777 905s
[605908.1] V8_G0_NEUTRALITY_NC2880_refreeze: step 154 NO_CANDIDATES_GENERATED pairs=17363 evals=1777 906s
[605908.4] V8_G0_NEUTRALITY_NC2880_refreeze: step 155 NO_CANDIDATES_GENERATED pairs=17363 evals=1777 906s
[605908.7] V8_G0_NEUTRALITY_NC2880_refreeze: step 156 NO_CANDIDATES_GENERATED pairs=17363 evals=1777 906s
[605915.8] V8_G0_NEUTRALITY_NC2880_refreeze: step 157 ELEVATED pairs=17248 evals=1793 913s
[605922.8] V8_G0_NEUTRALITY_NC2880_refreeze: step 158 ELEVATED pairs=17135 evals=1809 920s
[605929.4] V8_G0_NEUTRALITY_NC2880_refreeze: step 159 ELEVATED pairs=17024 evals=1825 927s
[605935.2] V8_G0_NEUTRALITY_NC2880_refreeze: step 160 ELEVATED pairs=16989 evals=1841 933s
[605942.0] V8_G0_NEUTRALITY_NC2880_refreeze: step 161 ELEVATED pairs=16967 evals=1857 939s
[605949.3] V8_G0_NEUTRALITY_NC2880_refreeze: step 162 ELEVATED pairs=16918 evals=1873 947s
[605955.5] V8_G0_NEUTRALITY_NC2880_refreeze: step 163 ELEVATED pairs=16845 evals=1889 953s
[605961.0] V8_G0_NEUTRALITY_NC2880_refreeze: step 164 ELEVATED pairs=16744 evals=1905 958s
[605966.9] V8_G0_NEUTRALITY_NC2880_refreeze: step 165 ELEVATED pairs=16706 evals=1921 964s
[605973.0] V8_G0_NEUTRALITY_NC2880_refreeze: step 166 ELEVATED pairs=16660 evals=1937 970s
[605978.9] V8_G0_NEUTRALITY_NC2880_refreeze: step 167 ELEVATED pairs=16614 evals=1953 976s
[605985.2] V8_G0_NEUTRALITY_NC2880_refreeze: step 168 ELEVATED pairs=16588 evals=1969 983s
[605990.2] V8_G0_NEUTRALITY_NC2880_refreeze: step 169 PREFIX_EVALUATED_NO_WINNER_DEFERRED pairs=16588 evals=1985 988s
[605996.6] V8_G0_NEUTRALITY_NC2880_refreeze: step 170 PREFIX_EVALUATED_NO_WINNER_DEFERRED pairs=16588 evals=2001 994s
[606002.4] V8_G0_NEUTRALITY_NC2880_refreeze: step 171 PREFIX_EVALUATED_NO_WINNER_DEFERRED pairs=16588 evals=2017 1000s
[606009.0] V8_G0_NEUTRALITY_NC2880_refreeze: step 172 ELEVATED pairs=16576 evals=2033 1006s
[606014.1] V8_G0_NEUTRALITY_NC2880_refreeze: step 173 PREFIX_EVALUATED_NO_WINNER_DEFERRED pairs=16576 evals=2049 1012s
[606019.8] V8_G0_NEUTRALITY_NC2880_refreeze: step 174 PREFIX_EVALUATED_NO_WINNER_DEFERRED pairs=16576 evals=2065 1017s
[606024.8] V8_G0_NEUTRALITY_NC2880_refreeze: step 175 PREFIX_EVALUATED_NO_WINNER_DEFERRED pairs=16576 evals=2081 1022s
[606030.0] V8_G0_NEUTRALITY_NC2880_refreeze: step 176 PREFIX_EVALUATED_NO_WINNER_DEFERRED pairs=16576 evals=2097 1027s
[606035.1] V8_G0_NEUTRALITY_NC2880_refreeze: step 177 ELEVATED pairs=16565 evals=2113 1033s
[606041.8] V8_G0_NEUTRALITY_NC2880_refreeze: step 178 ELEVATED pairs=16518 evals=2129 1039s
[606049.5] V8_G0_NEUTRALITY_NC2880_refreeze: step 179 ELEVATED pairs=16420 evals=2145 1047s
[606056.6] V8_G0_NEUTRALITY_NC2880_refreeze: step 180 ELEVATED pairs=16375 evals=2161 1054s
[606063.9] V8_G0_NEUTRALITY_NC2880_refreeze: step 181 ELEVATED pairs=16332 evals=2177 1061s
[606071.4] V8_G0_NEUTRALITY_NC2880_refreeze: step 182 ELEVATED pairs=16291 evals=2193 1069s
[606077.2] V8_G0_NEUTRALITY_NC2880_refreeze: step 183 ELEVATED pairs=16277 evals=2209 1075s
[606082.7] V8_G0_NEUTRALITY_NC2880_refreeze: step 184 ELEVATED pairs=16259 evals=2225 1080s
[606089.5] V8_G0_NEUTRALITY_NC2880_refreeze: step 185 ELEVATED pairs=16246 evals=2241 1087s
[606096.4] V8_G0_NEUTRALITY_NC2880_refreeze: step 186 ELEVATED pairs=16229 evals=2257 1094s
[606111.7] V8_G0_NEUTRALITY_NC2880_refreeze: step 187 ELEVATED pairs=16155 evals=2273 1109s
[606112.1] V8_G0_NEUTRALITY_NC2880_refreeze: step 188 NO_CANDIDATES_GENERATED pairs=16155 evals=2273 1109s
[606112.4] V8_G0_NEUTRALITY_NC2880_refreeze: step 189 NO_CANDIDATES_GENERATED pairs=16155 evals=2273 1110s
[606112.7] V8_G0_NEUTRALITY_NC2880_refreeze: step 190 NO_CANDIDATES_GENERATED pairs=16155 evals=2273 1110s
[606113.1] V8_G0_NEUTRALITY_NC2880_refreeze: step 191 NO_CANDIDATES_GENERATED pairs=16155 evals=2273 1111s
[606113.4] V8_G0_NEUTRALITY_NC2880_refreeze: step 192 NO_CANDIDATES_GENERATED pairs=16155 evals=2273 1111s
[606113.7] V8_G0_NEUTRALITY_NC2880_refreeze: step 193 NO_CANDIDATES_GENERATED pairs=16155 evals=2273 1111s
[606131.9] V8_G0_NEUTRALITY_NC2880_refreeze: step 194 ELEVATED pairs=16080 evals=2289 1129s
[606137.2] V8_G0_NEUTRALITY_NC2880_refreeze: step 195 ELEVATED pairs=16053 evals=2305 1135s
[606155.2] V8_G0_NEUTRALITY_NC2880_refreeze: step 196 ELEVATED pairs=15978 evals=2321 1153s
[606172.9] V8_G0_NEUTRALITY_NC2880_refreeze: step 197 ELEVATED pairs=15902 evals=2337 1170s
[606179.6] V8_G0_NEUTRALITY_NC2880_refreeze: step 198 ELEVATED pairs=15837 evals=2353 1177s
[606179.8] V8_G0_NEUTRALITY_NC2880_refreeze: step 199 NO_CANDIDATES_GENERATED pairs=15837 evals=2353 1177s
[606180.0] V8_G0_NEUTRALITY_NC2880_refreeze: step 200 NO_CANDIDATES_GENERATED pairs=15837 evals=2353 1177s
[606180.3] V8_G0_NEUTRALITY_NC2880_refreeze: done final=15837 moves=144 first=144 reloc=0 ret=0 evals=2353 stop=TARGET_LIMIT
[606245.4] V8_G0_NEUTRALITY_NC2880_refreeze: recheck PASS checks=130816
