[531543.5] start c_fixed size=1024
[531615.8]   C INITIAL_DONE collisions=204291 uncertain=4
[531616.1]   C step 1 NO_ACCEPTABLE_MOVE collisions=204291 evaluations=0 68s
[531616.4]   C step 2 NO_ACCEPTABLE_MOVE collisions=204291 evaluations=0 68s
[531616.7]   C step 3 NO_ACCEPTABLE_MOVE collisions=204291 evaluations=0 69s
[531617.0]   C step 4 NO_ACCEPTABLE_MOVE collisions=204291 evaluations=0 69s
[531617.3]   C step 5 NO_ACCEPTABLE_MOVE collisions=204291 evaluations=0 69s
[531617.6]   C step 6 NO_ACCEPTABLE_MOVE collisions=204291 evaluations=0 69s
[531622.7]   C step 7 ELEVATED collisions=203626 evaluations=18 75s
[531623.0]   C step 8 NO_ACCEPTABLE_MOVE collisions=203626 evaluations=18 75s
[531623.3]   C step 9 NO_ACCEPTABLE_MOVE collisions=203626 evaluations=18 75s
[531623.6]   C step 10 NO_ACCEPTABLE_MOVE collisions=203626 evaluations=18 75s
[531628.7]   C step 11 ELEVATED collisions=202973 evaluations=36 81s
[531629.0]   C step 12 NO_ACCEPTABLE_MOVE collisions=202973 evaluations=36 81s
[531634.0]   C step 13 ELEVATED collisions=202312 evaluations=54 86s
[531639.5]   C step 14 ELEVATED collisions=201655 evaluations=72 91s
[531641.7]   C step 15 ELEVATED collisions=201008 evaluations=81 94s
[531649.6]   C step 16 ELEVATED collisions=200367 evaluations=117 102s
[531657.6]   C step 17 ELEVATED collisions=199731 evaluations=153 110s
[531674.5]   C step 18 ELEVATED collisions=199135 evaluations=225 126s
[531693.8]   C step 19 ELEVATED collisions=198551 evaluations=297 146s
[531714.4]   C step 20 ELEVATED collisions=197971 evaluations=369 166s
[531734.8]   C step 21 ELEVATED collisions=197392 evaluations=441 187s
[531750.9]   C step 22 ELEVATED collisions=196816 evaluations=495 203s
[531758.1]   C step 23 ELEVATED collisions=196242 evaluations=522 210s
[531773.7]   C step 24 ELEVATED collisions=195668 evaluations=576 226s
[531789.0]   C step 25 ELEVATED collisions=195095 evaluations=630 241s
[531802.8]   C step 26 ELEVATED collisions=194525 evaluations=684 255s
[531807.7]   C step 27 ELEVATED collisions=194262 evaluations=702 260s
[531821.5]   C step 28 ELEVATED collisions=193693 evaluations=756 273s
[531833.9]   C step 29 ELEVATED collisions=193121 evaluations=810 286s
[531834.1]   C step 30 NO_ACCEPTABLE_MOVE collisions=193121 evaluations=810 286s
[531853.1]   C step 31 ELEVATED collisions=192555 evaluations=882 305s
[531853.4]   C step 32 NO_ACCEPTABLE_MOVE collisions=192555 evaluations=882 305s
[531871.8]   C step 33 ELEVATED collisions=191990 evaluations=954 324s
[531872.1]   C step 34 NO_ACCEPTABLE_MOVE collisions=191990 evaluations=954 324s
[531888.5]   C step 35 ELEVATED collisions=191428 evaluations=1026 340s
[531888.8]   C step 36 NO_ACCEPTABLE_MOVE collisions=191428 evaluations=1026 341s
[531893.7]   C step 37 ELEVATED collisions=191164 evaluations=1044 346s
[531894.0]   C step 38 NO_ACCEPTABLE_MOVE collisions=191164 evaluations=1044 346s
[531912.8]   C step 39 ELEVATED collisions=190603 evaluations=1116 365s
[531913.0]   C step 40 NO_ACCEPTABLE_MOVE collisions=190603 evaluations=1116 365s
[531932.5]   C step 41 ELEVATED collisions=190044 evaluations=1188 384s
[531932.8]   C step 42 NO_ACCEPTABLE_MOVE collisions=190044 evaluations=1188 385s
[531952.6]   C step 43 ELEVATED collisions=189487 evaluations=1260 404s
[531952.9]   C step 44 NO_ACCEPTABLE_MOVE collisions=189487 evaluations=1260 405s
[531958.5]   C step 45 ELEVATED collisions=189231 evaluations=1278 410s
[531958.8]   C step 46 NO_ACCEPTABLE_MOVE collisions=189231 evaluations=1278 411s
[531964.3]   C step 47 ELEVATED collisions=188644 evaluations=1305 416s
[531964.5]   C step 48 NO_ACCEPTABLE_MOVE collisions=188644 evaluations=1305 416s
[531983.5]   C step 49 ELEVATED collisions=188089 evaluations=1377 435s
[531983.8]   C step 50 NO_ACCEPTABLE_MOVE collisions=188089 evaluations=1377 436s
[531989.6]   C step 51 ELEVATED collisions=187505 evaluations=1404 441s
[531989.9]   C step 52 NO_ACCEPTABLE_MOVE collisions=187505 evaluations=1404 442s
[531995.3]   C step 53 ELEVATED collisions=186923 evaluations=1431 447s
[531995.6]   C step 54 NO_ACCEPTABLE_MOVE collisions=186923 evaluations=1431 447s
[532011.6]   C step 55 ELEVATED collisions=186369 evaluations=1494 463s
[532011.8]   C step 56 NO_ACCEPTABLE_MOVE collisions=186369 evaluations=1494 464s
[532028.8]   C step 57 ELEVATED collisions=185820 evaluations=1566 481s
[532029.0]   C step 58 NO_ACCEPTABLE_MOVE collisions=185820 evaluations=1566 481s
[532033.7]   C step 59 ELEVATED collisions=185566 evaluations=1584 486s
[532033.9]   C step 60 NO_ACCEPTABLE_MOVE collisions=185566 evaluations=1584 486s
[532052.5]   C step 61 ELEVATED collisions=185019 evaluations=1656 504s
[532052.7]   C step 62 NO_ACCEPTABLE_MOVE collisions=185019 evaluations=1656 505s
[532059.7]   C step 63 ELEVATED collisions=184468 evaluations=1683 512s
[532059.9]   C step 64 NO_ACCEPTABLE_MOVE collisions=184468 evaluations=1683 512s
[532078.8]   C step 65 ELEVATED collisions=183927 evaluations=1755 531s
[532079.0]   C step 66 NO_ACCEPTABLE_MOVE collisions=183927 evaluations=1755 531s
[532097.8]   C step 67 ELEVATED collisions=183388 evaluations=1827 550s
[532098.0]   C step 68 NO_ACCEPTABLE_MOVE collisions=183388 evaluations=1827 550s
[532109.2]   C step 69 ELEVATED collisions=182818 evaluations=1872 561s
[532109.5]   C step 70 NO_ACCEPTABLE_MOVE collisions=182818 evaluations=1872 561s
[532121.1]   C step 71 ELEVATED collisions=182250 evaluations=1917 573s
[532121.4]   C step 72 NO_ACCEPTABLE_MOVE collisions=182250 evaluations=1917 573s
[532142.6]   C step 73 ELEVATED collisions=181716 evaluations=1989 595s
[532142.9]   C step 74 NO_ACCEPTABLE_MOVE collisions=181716 evaluations=1989 595s
[532154.1]   C step 75 ELEVATED collisions=181151 evaluations=2034 606s
[532154.4]   C step 76 NO_ACCEPTABLE_MOVE collisions=181151 evaluations=2034 606s
[532173.8]   C step 77 ELEVATED collisions=180619 evaluations=2106 626s
[532174.1]   C step 78 NO_ACCEPTABLE_MOVE collisions=180619 evaluations=2106 626s
[532184.6]   C step 79 ELEVATED collisions=180057 evaluations=2151 636s
[532184.8]   C step 80 NO_ACCEPTABLE_MOVE collisions=180057 evaluations=2151 637s
[532201.2]   C step 81 ELEVATED collisions=179530 evaluations=2223 653s
[532201.5]   C step 82 NO_ACCEPTABLE_MOVE collisions=179530 evaluations=2223 653s
[532212.7]   C step 83 ELEVATED collisions=178971 evaluations=2268 665s
[532213.0]   C step 84 NO_ACCEPTABLE_MOVE collisions=178971 evaluations=2268 665s
[532219.0]   C step 85 ELEVATED collisions=178721 evaluations=2286 671s
[532219.2]   C step 86 NO_ACCEPTABLE_MOVE collisions=178721 evaluations=2286 671s
[532230.2]   C step 87 ELEVATED collisions=178164 evaluations=2331 682s
[532230.5]   C step 88 NO_ACCEPTABLE_MOVE collisions=178164 evaluations=2331 682s
[532236.4]   C step 89 ELEVATED collisions=177914 evaluations=2349 688s
[532236.6]   C step 90 NO_ACCEPTABLE_MOVE collisions=177914 evaluations=2349 689s
[532248.3]   C step 91 ELEVATED collisions=177359 evaluations=2394 700s
[532248.5]   C step 92 NO_ACCEPTABLE_MOVE collisions=177359 evaluations=2394 700s
[532265.3]   C step 93 ELEVATED collisions=176837 evaluations=2466 717s
[532265.5]   C step 94 NO_ACCEPTABLE_MOVE collisions=176837 evaluations=2466 717s
[532278.1]   C step 95 ELEVATED collisions=176286 evaluations=2511 730s
[532278.3]   C step 96 NO_ACCEPTABLE_MOVE collisions=176286 evaluations=2511 730s
[532290.4]   C step 97 ELEVATED collisions=175737 evaluations=2556 742s
[532290.6]   C step 98 NO_ACCEPTABLE_MOVE collisions=175737 evaluations=2556 742s
[532310.3]   C step 99 ELEVATED collisions=175221 evaluations=2628 762s
[532310.6]   C step 100 NO_ACCEPTABLE_MOVE collisions=175221 evaluations=2628 762s
[532323.1]   C step 101 ELEVATED collisions=174675 evaluations=2673 775s
[532323.3]   C step 102 NO_ACCEPTABLE_MOVE collisions=174675 evaluations=2673 775s
[532330.0]   C step 103 ELEVATED collisions=174430 evaluations=2691 782s
[532330.2]   C step 104 NO_ACCEPTABLE_MOVE collisions=174430 evaluations=2691 782s
[532342.8]   C step 105 ELEVATED collisions=173886 evaluations=2736 795s
[532343.1]   C step 106 NO_ACCEPTABLE_MOVE collisions=173886 evaluations=2736 795s
[532349.4]   C step 107 ELEVATED collisions=173642 evaluations=2754 801s
[532349.7]   C step 108 NO_ACCEPTABLE_MOVE collisions=173642 evaluations=2754 802s
[532360.9]   C step 109 ELEVATED collisions=173100 evaluations=2799 813s
[532361.1]   C step 110 NO_ACCEPTABLE_MOVE collisions=173100 evaluations=2799 813s
[532376.9]   C step 111 ELEVATED collisions=172590 evaluations=2871 829s
[532377.1]   C step 112 NO_ACCEPTABLE_MOVE collisions=172590 evaluations=2871 829s
[532393.0]   C step 113 ELEVATED collisions=172082 evaluations=2943 845s
[532393.3]   C step 114 NO_ACCEPTABLE_MOVE collisions=172082 evaluations=2943 845s
[532405.0]   C step 115 ELEVATED collisions=171544 evaluations=2988 857s
[532405.2]   C step 116 NO_ACCEPTABLE_MOVE collisions=171544 evaluations=2988 857s
[532417.2]   C step 117 ELEVATED collisions=171008 evaluations=3033 869s
[532417.4]   C step 118 NO_ACCEPTABLE_MOVE collisions=171008 evaluations=3033 869s
[532436.2]   C step 119 ELEVATED collisions=170504 evaluations=3105 888s
[532436.4]   C step 120 NO_ACCEPTABLE_MOVE collisions=170504 evaluations=3105 888s
[532438.8]   C step 121 ELEVATED collisions=169988 evaluations=3114 891s
[532439.1]   C step 122 NO_ACCEPTABLE_MOVE collisions=169988 evaluations=3114 891s
[532457.9]   C step 123 ELEVATED collisions=169486 evaluations=3186 910s
[532458.1]   C step 124 NO_ACCEPTABLE_MOVE collisions=169486 evaluations=3186 910s
[532477.8]   C step 125 ELEVATED collisions=168987 evaluations=3258 930s
[532478.0]   C step 126 NO_ACCEPTABLE_MOVE collisions=168987 evaluations=3258 930s
[532497.2]   C step 127 ELEVATED collisions=168490 evaluations=3330 949s
[532497.4]   C step 128 NO_ACCEPTABLE_MOVE collisions=168490 evaluations=3330 949s
[532509.6]   C step 129 ELEVATED collisions=167962 evaluations=3375 961s
[532509.8]   C step 130 NO_ACCEPTABLE_MOVE collisions=167962 evaluations=3375 962s
[532512.4]   C step 131 ELEVATED collisions=167453 evaluations=3384 964s
[532512.6]   C step 132 NO_ACCEPTABLE_MOVE collisions=167453 evaluations=3384 964s
[532524.7]   C step 133 ELEVATED collisions=166927 evaluations=3429 977s
[532524.9]   C step 134 NO_ACCEPTABLE_MOVE collisions=166927 evaluations=3429 977s
[532527.5]   C step 135 ELEVATED collisions=166420 evaluations=3438 979s
[532527.7]   C step 136 NO_ACCEPTABLE_MOVE collisions=166420 evaluations=3438 980s
[532545.8]   C step 137 ELEVATED collisions=165929 evaluations=3510 998s
[532546.0]   C step 138 NO_ACCEPTABLE_MOVE collisions=165929 evaluations=3510 998s
[532558.3]   C step 139 ELEVATED collisions=165408 evaluations=3555 1010s
[532558.6]   C step 140 NO_ACCEPTABLE_MOVE collisions=165408 evaluations=3555 1010s
[532571.5]   C step 141 ELEVATED collisions=164921 evaluations=3609 1023s
[532571.8]   C step 142 NO_ACCEPTABLE_MOVE collisions=164921 evaluations=3609 1024s
[532590.0]   C step 143 ELEVATED collisions=164439 evaluations=3681 1042s
[532590.2]   C step 144 NO_ACCEPTABLE_MOVE collisions=164439 evaluations=3681 1042s
[532602.3]   C step 145 ELEVATED collisions=163910 evaluations=3726 1054s
[532602.5]   C step 146 NO_ACCEPTABLE_MOVE collisions=163910 evaluations=3726 1054s
[532607.2]   C step 147 ELEVATED collisions=163412 evaluations=3744 1059s
[532607.4]   C step 148 NO_ACCEPTABLE_MOVE collisions=163412 evaluations=3744 1059s
[532612.3]   C step 149 ELEVATED collisions=162916 evaluations=3762 1064s
[532612.6]   C step 150 NO_ACCEPTABLE_MOVE collisions=162916 evaluations=3762 1064s
[532624.0]   C step 151 ELEVATED collisions=162391 evaluations=3807 1076s
[532624.3]   C step 152 NO_ACCEPTABLE_MOVE collisions=162391 evaluations=3807 1076s
[532642.8]   C step 153 ELEVATED collisions=161915 evaluations=3879 1095s
[532643.0]   C step 154 NO_ACCEPTABLE_MOVE collisions=161915 evaluations=3879 1095s
[532649.3]   C step 155 ELEVATED collisions=161688 evaluations=3897 1101s
[532649.5]   C step 156 NO_ACCEPTABLE_MOVE collisions=161688 evaluations=3897 1101s
[532656.5]   C step 157 ELEVATED collisions=161460 evaluations=3915 1108s
[532656.7]   C step 158 NO_ACCEPTABLE_MOVE collisions=161460 evaluations=3915 1109s
[532662.3]   C step 159 ELEVATED collisions=160973 evaluations=3933 1114s
[532662.5]   C step 160 NO_ACCEPTABLE_MOVE collisions=160973 evaluations=3933 1114s
[532681.4]   C step 161 ELEVATED collisions=160502 evaluations=4005 1133s
[532681.6]   C step 162 NO_ACCEPTABLE_MOVE collisions=160502 evaluations=4005 1134s
[532700.7]   C step 163 ELEVATED collisions=160034 evaluations=4077 1153s
[532701.0]   C step 164 NO_ACCEPTABLE_MOVE collisions=160034 evaluations=4077 1153s
[532713.1]   C step 165 ELEVATED collisions=159522 evaluations=4122 1165s
[532713.4]   C step 166 NO_ACCEPTABLE_MOVE collisions=159522 evaluations=4122 1165s
[532733.7]   C step 167 ELEVATED collisions=159040 evaluations=4194 1186s
[532733.9]   C step 168 NO_ACCEPTABLE_MOVE collisions=159040 evaluations=4194 1186s
[532746.4]   C step 169 ELEVATED collisions=158514 evaluations=4266 1198s
[532746.6]   C step 170 NO_ACCEPTABLE_MOVE collisions=158514 evaluations=4266 1199s
[532767.1]   C step 171 ELEVATED collisions=158034 evaluations=4338 1219s
[532767.3]   C step 172 NO_ACCEPTABLE_MOVE collisions=158034 evaluations=4338 1219s
[532779.0]   C step 173 ELEVATED collisions=157540 evaluations=4383 1231s
[532779.2]   C step 174 NO_ACCEPTABLE_MOVE collisions=157540 evaluations=4383 1231s
[532791.0]   C step 175 ELEVATED collisions=157034 evaluations=4428 1243s
[532791.2]   C step 176 NO_ACCEPTABLE_MOVE collisions=157034 evaluations=4428 1243s
[532809.6]   C step 177 ELEVATED collisions=156577 evaluations=4500 1261s
[532809.8]   C step 178 NO_ACCEPTABLE_MOVE collisions=156577 evaluations=4500 1262s
[532816.9]   C step 179 ELEVATED collisions=156358 evaluations=4518 1269s
[532817.1]   C step 180 NO_ACCEPTABLE_MOVE collisions=156358 evaluations=4518 1269s
[532824.1]   C step 181 ELEVATED collisions=156139 evaluations=4536 1276s
[532824.3]   C step 182 NO_ACCEPTABLE_MOVE collisions=156139 evaluations=4536 1276s
[532830.3]   C step 183 ELEVATED collisions=155621 evaluations=4572 1282s
[532830.4]   C step 184 NO_ACCEPTABLE_MOVE collisions=155621 evaluations=4572 1282s
[532849.0]   C step 185 ELEVATED collisions=155172 evaluations=4644 1301s
[532849.2]   C step 186 NO_ACCEPTABLE_MOVE collisions=155172 evaluations=4644 1301s
[532861.3]   C step 187 ELEVATED collisions=154658 evaluations=4716 1313s
[532861.5]   C step 188 NO_ACCEPTABLE_MOVE collisions=154658 evaluations=4716 1313s
[532881.3]   C step 189 ELEVATED collisions=154189 evaluations=4788 1333s
[532881.5]   C step 190 NO_ACCEPTABLE_MOVE collisions=154189 evaluations=4788 1333s
[532900.2]   C step 191 ELEVATED collisions=153739 evaluations=4860 1352s
[532900.4]   C step 192 NO_ACCEPTABLE_MOVE collisions=153739 evaluations=4860 1352s
[532919.7]   C step 193 ELEVATED collisions=153292 evaluations=4932 1372s
[532919.9]   C step 194 NO_ACCEPTABLE_MOVE collisions=153292 evaluations=4932 1372s
[532937.2]   C step 195 ELEVATED collisions=152827 evaluations=5004 1389s
[532937.4]   C step 196 NO_ACCEPTABLE_MOVE collisions=152827 evaluations=5004 1389s
[532943.1]   C step 197 ELEVATED collisions=152319 evaluations=5040 1395s
[532943.3]   C step 198 NO_ACCEPTABLE_MOVE collisions=152319 evaluations=5040 1395s
[532960.8]   C step 199 ELEVATED collisions=151874 evaluations=5112 1413s
[532961.0]   C step 200 NO_ACCEPTABLE_MOVE collisions=151874 evaluations=5112 1413s
[532979.6]   C step 201 ELEVATED collisions=151425 evaluations=5184 1432s
[532979.8]   C step 202 NO_ACCEPTABLE_MOVE collisions=151425 evaluations=5184 1432s
[532998.6]   C step 203 ELEVATED collisions=150984 evaluations=5256 1451s
[532998.8]   C step 204 NO_ACCEPTABLE_MOVE collisions=150984 evaluations=5256 1451s
[533017.4]   C step 205 ELEVATED collisions=150545 evaluations=5328 1469s
[533017.6]   C step 206 NO_ACCEPTABLE_MOVE collisions=150545 evaluations=5328 1470s
[533035.5]   C step 207 ELEVATED collisions=150109 evaluations=5400 1487s
[533035.7]   C step 208 NO_ACCEPTABLE_MOVE collisions=150109 evaluations=5400 1488s
[533053.7]   C step 209 ELEVATED collisions=149676 evaluations=5472 1506s
[533053.9]   C step 210 NO_ACCEPTABLE_MOVE collisions=149676 evaluations=5472 1506s
[533073.3]   C step 211 ELEVATED collisions=149218 evaluations=5544 1525s
[533073.4]   C step 212 NO_ACCEPTABLE_MOVE collisions=149218 evaluations=5544 1525s
[533092.8]   C step 213 ELEVATED collisions=148788 evaluations=5616 1545s
[533093.0]   C step 214 NO_ACCEPTABLE_MOVE collisions=148788 evaluations=5616 1545s
[533110.5]   C step 215 ELEVATED collisions=148334 evaluations=5688 1562s
[533110.7]   C step 216 NO_ACCEPTABLE_MOVE collisions=148334 evaluations=5688 1563s
[533122.6]   C step 217 ELEVATED collisions=147875 evaluations=5733 1574s
[533122.8]   C step 218 NO_ACCEPTABLE_MOVE collisions=147875 evaluations=5733 1575s
[533140.2]   C step 219 ELEVATED collisions=147423 evaluations=5805 1592s
[533140.4]   C step 220 NO_ACCEPTABLE_MOVE collisions=147423 evaluations=5805 1592s
[533152.3]   C step 221 ELEVATED collisions=146929 evaluations=5877 1604s
[533152.5]   C step 222 NO_ACCEPTABLE_MOVE collisions=146929 evaluations=5877 1604s
[533171.6]   C step 223 ELEVATED collisions=146499 evaluations=5949 1624s
[533171.8]   C step 224 NO_ACCEPTABLE_MOVE collisions=146499 evaluations=5949 1624s
[533189.3]   C step 225 ELEVATED collisions=146066 evaluations=6021 1641s
[533189.5]   C step 226 NO_ACCEPTABLE_MOVE collisions=146066 evaluations=6021 1641s
[533208.7]   C step 227 ELEVATED collisions=145641 evaluations=6093 1661s
[533208.9]   C step 228 NO_ACCEPTABLE_MOVE collisions=145641 evaluations=6093 1661s
[533226.7]   C step 229 ELEVATED collisions=145217 evaluations=6165 1679s
[533226.8]   C step 230 NO_ACCEPTABLE_MOVE collisions=145217 evaluations=6165 1679s
[533244.2]   C step 231 ELEVATED collisions=144794 evaluations=6237 1696s
[533244.4]   C step 232 NO_ACCEPTABLE_MOVE collisions=144794 evaluations=6237 1696s
[533262.1]   C step 233 ELEVATED collisions=144374 evaluations=6309 1714s
[533262.3]   C step 234 NO_ACCEPTABLE_MOVE collisions=144374 evaluations=6309 1714s
[533282.1]   C step 235 ELEVATED collisions=143958 evaluations=6381 1734s
[533282.3]   C step 236 NO_ACCEPTABLE_MOVE collisions=143958 evaluations=6381 1734s
[533300.5]   C step 237 ELEVATED collisions=143552 evaluations=6453 1752s
[533300.7]   C step 238 NO_ACCEPTABLE_MOVE collisions=143552 evaluations=6453 1753s
[533309.3]   C step 239 ELEVATED collisions=143120 evaluations=6480 1761s
[533309.5]   C step 240 NO_ACCEPTABLE_MOVE collisions=143120 evaluations=6480 1761s
[533322.3]   C step 241 ELEVATED collisions=142685 evaluations=6525 1774s
[533322.4]   C step 242 NO_ACCEPTABLE_MOVE collisions=142685 evaluations=6525 1774s
[533342.8]   C step 243 ELEVATED collisions=142252 evaluations=6597 1795s
[533343.0]   C step 244 NO_ACCEPTABLE_MOVE collisions=142252 evaluations=6597 1795s
[533355.7]   C step 245 ELEVATED collisions=141820 evaluations=6642 1808s
[533355.9]   C step 246 NO_ACCEPTABLE_MOVE collisions=141820 evaluations=6642 1808s
[533373.4]   C step 247 ELEVATED collisions=141425 evaluations=6714 1825s
[533373.6]   C step 248 NO_ACCEPTABLE_MOVE collisions=141425 evaluations=6714 1825s
[533382.5]   C step 249 ELEVATED collisions=141001 evaluations=6741 1834s
[533382.7]   C step 250 NO_ACCEPTABLE_MOVE collisions=141001 evaluations=6741 1835s
[533401.1]   C step 251 ELEVATED collisions=140607 evaluations=6813 1853s
[533401.3]   C step 252 NO_ACCEPTABLE_MOVE collisions=140607 evaluations=6813 1853s
[533409.7]   C step 253 ELEVATED collisions=140188 evaluations=6840 1862s
[533409.9]   C step 254 NO_ACCEPTABLE_MOVE collisions=140188 evaluations=6840 1862s
[533422.8]   C step 255 ELEVATED collisions=139767 evaluations=6885 1875s
[533423.0]   C step 256 NO_ACCEPTABLE_MOVE collisions=139767 evaluations=6885 1875s
[533439.9]   C step 257 ELEVATED collisions=139381 evaluations=6957 1892s
[533440.1]   C step 258 NO_ACCEPTABLE_MOVE collisions=139381 evaluations=6957 1892s
[533453.7]   C step 259 ELEVATED collisions=138965 evaluations=7002 1906s
[533453.9]   C step 260 NO_ACCEPTABLE_MOVE collisions=138965 evaluations=7002 1906s
[533472.4]   C step 261 ELEVATED collisions=138549 evaluations=7074 1924s
[533472.6]   C step 262 NO_ACCEPTABLE_MOVE collisions=138549 evaluations=7074 1924s
[533490.8]   C step 263 ELEVATED collisions=138165 evaluations=7146 1943s
[533491.0]   C step 264 NO_ACCEPTABLE_MOVE collisions=138165 evaluations=7146 1943s
[533508.9]   C step 265 ELEVATED collisions=137783 evaluations=7218 1961s
[533509.1]   C step 266 NO_ACCEPTABLE_MOVE collisions=137783 evaluations=7218 1961s
[533523.0]   C step 267 ELEVATED collisions=137372 evaluations=7263 1975s
[533523.2]   C step 268 NO_ACCEPTABLE_MOVE collisions=137372 evaluations=7263 1975s
[533533.7]   C step 269 ELEVATED collisions=136963 evaluations=7299 1986s
[533533.8]   C step 270 NO_ACCEPTABLE_MOVE collisions=136963 evaluations=7299 1986s
[533552.9]   C step 271 ELEVATED collisions=136586 evaluations=7371 2005s
[533553.1]   C step 272 NO_ACCEPTABLE_MOVE collisions=136586 evaluations=7371 2005s
[533572.2]   C step 273 ELEVATED collisions=136211 evaluations=7443 2024s
[533572.3]   C step 274 NO_ACCEPTABLE_MOVE collisions=136211 evaluations=7443 2024s
[533572.5]   C step 275 NO_ACCEPTABLE_MOVE collisions=136211 evaluations=7443 2024s
[533593.1]   C step 276 ELEVATED collisions=135840 evaluations=7515 2045s
[533593.3]   C step 277 NO_ACCEPTABLE_MOVE collisions=135840 evaluations=7515 2045s
[533593.5]   C step 278 NO_ACCEPTABLE_MOVE collisions=135840 evaluations=7515 2045s
[533606.3]   C step 279 ELEVATED collisions=135427 evaluations=7560 2058s
[533606.5]   C step 280 NO_ACCEPTABLE_MOVE collisions=135427 evaluations=7560 2058s
[533619.9]   C step 281 ELEVATED collisions=135021 evaluations=7596 2072s
[533620.0]   C step 282 NO_ACCEPTABLE_MOVE collisions=135021 evaluations=7596 2072s
[533620.2]   C step 283 NO_ACCEPTABLE_MOVE collisions=135021 evaluations=7596 2072s
[533633.5]   C step 284 ELEVATED collisions=134610 evaluations=7641 2085s
[533633.7]   C step 285 NO_ACCEPTABLE_MOVE collisions=134610 evaluations=7641 2086s
[533633.9]   C step 286 NO_ACCEPTABLE_MOVE collisions=134610 evaluations=7641 2086s
[533650.4]   C step 287 ELEVATED collisions=134244 evaluations=7713 2102s
[533650.6]   C step 288 NO_ACCEPTABLE_MOVE collisions=134244 evaluations=7713 2102s
[533650.8]   C step 289 NO_ACCEPTABLE_MOVE collisions=134244 evaluations=7713 2103s
[533663.1]   C step 290 ELEVATED collisions=133847 evaluations=7758 2115s
[533663.3]   C step 291 NO_ACCEPTABLE_MOVE collisions=133847 evaluations=7758 2115s
[533663.5]   C step 292 NO_ACCEPTABLE_MOVE collisions=133847 evaluations=7758 2115s
[533675.7]   C step 293 ELEVATED collisions=133440 evaluations=7794 2128s
[533675.9]   C step 294 NO_ACCEPTABLE_MOVE collisions=133440 evaluations=7794 2128s
[533676.1]   C step 295 NO_ACCEPTABLE_MOVE collisions=133440 evaluations=7794 2128s
[533690.7]   C step 296 ELEVATED collisions=133038 evaluations=7839 2143s
[533690.9]   C step 297 NO_ACCEPTABLE_MOVE collisions=133038 evaluations=7839 2143s
[533691.1]   C step 298 NO_ACCEPTABLE_MOVE collisions=133038 evaluations=7839 2143s
[533705.2]   C step 299 ELEVATED collisions=132638 evaluations=7884 2157s
[533705.4]   C step 300 NO_ACCEPTABLE_MOVE collisions=132638 evaluations=7884 2157s
[533705.6]   C step 301 NO_ACCEPTABLE_MOVE collisions=132638 evaluations=7884 2157s
[533719.6]   C step 302 ELEVATED collisions=132250 evaluations=7929 2171s
[533719.8]   C step 303 NO_ACCEPTABLE_MOVE collisions=132250 evaluations=7929 2172s
[533719.9]   C step 304 NO_ACCEPTABLE_MOVE collisions=132250 evaluations=7929 2172s
[533730.0]   C step 305 ELEVATED collisions=131815 evaluations=7956 2182s
[533735.6]   C step 306 ELEVATED collisions=131370 evaluations=7992 2188s
[533735.8]   C step 307 NO_ACCEPTABLE_MOVE collisions=131370 evaluations=7992 2188s
[533742.8]   C step 308 ELEVATED collisions=130941 evaluations=8019 2195s
[533755.0]   C step 309 ELEVATED collisions=130515 evaluations=8091 2207s
[533773.7]   C step 310 ELEVATED collisions=130098 evaluations=8172 2226s
[533774.0] c_fixed done final=130098 accepted=156 relocations=0 evaluations=8172 stop=CANDIDATE_BUDGET_EXHAUSTED
[533794.4]   recheck 100000 pairs 13.4s
[533805.8]   recheck 200000 pairs 24.8s
[533828.3]   recheck 300000 pairs 47.3s
[533840.3]   recheck 400000 pairs 59.3s
[533849.8]   recheck 500000 pairs 68.8s
[533853.9] c_fixed recheck PASS {'collision_pair_set_matches_incremental': True, 'unresolved_pair_set_matches_incremental': True, 'geometry': {'endpoint_invariant': True, 'joins_C0_C1_direction': True, 'transition_radius_pass': True, 'xy_projection_preserved': True, 'xy_failures': []}, 'checks': 523776, 'recheck_seconds': 72.24329599994235, 'reloaded_route_count': 1024, 'final_transition_count': 312}
[533854.0] c_fixed ALL DONE
