[531578.2] start c_fixed size=512
[531598.9]   C INITIAL_DONE collisions=49518 uncertain=3
[531599.0]   C step 1 NO_ACCEPTABLE_MOVE collisions=49518 evaluations=0 18s
[531600.9]   C step 2 ELEVATED collisions=49203 evaluations=9 20s
[531602.9]   C step 3 ELEVATED collisions=48891 evaluations=18 22s
[531604.8]   C step 4 ELEVATED collisions=48765 evaluations=27 24s
[531609.7]   C step 5 ELEVATED collisions=48462 evaluations=63 29s
[531614.6]   C step 6 ELEVATED collisions=48160 evaluations=99 34s
[531630.9]   C step 7 ELEVATED collisions=47874 evaluations=171 50s
[531641.9]   C step 8 ELEVATED collisions=47582 evaluations=216 61s
[531658.2]   C step 9 ELEVATED collisions=47302 evaluations=270 77s
[531660.1]   C step 10 ELEVATED collisions=47177 evaluations=279 79s
[531660.2]   C step 11 NO_ACCEPTABLE_MOVE collisions=47177 evaluations=279 79s
[531662.0]   C step 12 ELEVATED collisions=47050 evaluations=288 81s
[531662.1]   C step 13 NO_ACCEPTABLE_MOVE collisions=47050 evaluations=288 81s
[531662.2]   C step 14 NO_ACCEPTABLE_MOVE collisions=47050 evaluations=288 81s
[531673.3]   C step 15 ELEVATED collisions=46761 evaluations=333 92s
[531673.4]   C step 16 NO_ACCEPTABLE_MOVE collisions=46761 evaluations=333 92s
[531673.5]   C step 17 NO_ACCEPTABLE_MOVE collisions=46761 evaluations=333 92s
[531684.9]   C step 18 ELEVATED collisions=46474 evaluations=378 104s
[531685.0]   C step 19 NO_ACCEPTABLE_MOVE collisions=46474 evaluations=378 104s
[531685.1]   C step 20 NO_ACCEPTABLE_MOVE collisions=46474 evaluations=378 104s
[531689.9]   C step 21 ELEVATED collisions=46189 evaluations=405 109s
[531689.9]   C step 22 NO_ACCEPTABLE_MOVE collisions=46189 evaluations=405 109s
[531690.0]   C step 23 NO_ACCEPTABLE_MOVE collisions=46189 evaluations=405 109s
[531694.8]   C step 24 ELEVATED collisions=45906 evaluations=432 114s
[531694.9]   C step 25 NO_ACCEPTABLE_MOVE collisions=45906 evaluations=432 114s
[531695.0]   C step 26 NO_ACCEPTABLE_MOVE collisions=45906 evaluations=432 114s
[531701.5]   C step 27 ELEVATED collisions=45776 evaluations=450 120s
[531701.6]   C step 28 NO_ACCEPTABLE_MOVE collisions=45776 evaluations=450 121s
[531701.6]   C step 29 NO_ACCEPTABLE_MOVE collisions=45776 evaluations=450 121s
[531707.0]   C step 30 ELEVATED collisions=45495 evaluations=477 126s
[531707.1]   C step 31 NO_ACCEPTABLE_MOVE collisions=45495 evaluations=477 126s
[531707.1]   C step 32 NO_ACCEPTABLE_MOVE collisions=45495 evaluations=477 126s
[531713.6]   C step 33 ELEVATED collisions=45365 evaluations=495 133s
[531713.7]   C step 34 NO_ACCEPTABLE_MOVE collisions=45365 evaluations=495 133s
[531713.8]   C step 35 NO_ACCEPTABLE_MOVE collisions=45365 evaluations=495 133s
[531725.9]   C step 36 ELEVATED collisions=45086 evaluations=540 145s
[531725.9]   C step 37 NO_ACCEPTABLE_MOVE collisions=45086 evaluations=540 145s
[531726.0]   C step 38 NO_ACCEPTABLE_MOVE collisions=45086 evaluations=540 145s
[531732.6]   C step 39 ELEVATED collisions=44956 evaluations=558 152s
[531732.7]   C step 40 NO_ACCEPTABLE_MOVE collisions=44956 evaluations=558 152s
[531732.7]   C step 41 NO_ACCEPTABLE_MOVE collisions=44956 evaluations=558 152s
[531744.9]   C step 42 ELEVATED collisions=44679 evaluations=603 164s
[531745.0]   C step 43 NO_ACCEPTABLE_MOVE collisions=44679 evaluations=603 164s
[531745.0]   C step 44 NO_ACCEPTABLE_MOVE collisions=44679 evaluations=603 164s
[531751.6]   C step 45 ELEVATED collisions=44549 evaluations=621 171s
[531751.7]   C step 46 NO_ACCEPTABLE_MOVE collisions=44549 evaluations=621 171s
[531751.8]   C step 47 NO_ACCEPTABLE_MOVE collisions=44549 evaluations=621 171s
[531763.4]   C step 48 ELEVATED collisions=44274 evaluations=666 182s
[531763.5]   C step 49 NO_ACCEPTABLE_MOVE collisions=44274 evaluations=666 182s
[531763.6]   C step 50 NO_ACCEPTABLE_MOVE collisions=44274 evaluations=666 183s
[531763.7] c_fixed done final=44274 accepted=22 relocations=0 evaluations=666 stop=TARGET_LIMIT
[531785.7]   recheck 100000 pairs 19.0s
[531789.8] c_fixed recheck PASS {'collision_pair_set_matches_incremental': True, 'unresolved_pair_set_matches_incremental': True, 'geometry': {'endpoint_invariant': True, 'joins_C0_C1_direction': True, 'transition_radius_pass': True, 'xy_projection_preserved': True, 'xy_failures': []}, 'checks': 130816, 'recheck_seconds': 22.96932600007858, 'reloaded_route_count': 512, 'final_transition_count': 44}
[531789.8] c_fixed ALL DONE
