start-state rescan (challenge) ...
  challenge PASS pairs=30999 unresolved=3 elevated=77
[599033.9] P3_A_FAMILY_T2000_RC2880: start mode=R budget=2880 spec={"name": "P3_A_FAMILY_T2000", "target_policy": "LEGACY", "evaluation_policy": "E2_ORDERED_K16", "traversal_policy": "BASE", "max_targets": 2000, "k_per_target": 16, "family_round_robin": true, "relocation_side_reserve": 0, "waiting_age": false, "route_coverage": false, "multi_anchor": false, "exact_dedup": false, "decision_cache": false, "return_action": false, "cache_structural_skips": false, "window_slack_mm": 1e-05, "generation_domain": "LINE_ONLY", "path_window_settings": null, "stage_length_cap_mm": null, "notes": ""}
[599033.9] P3_A_FAMILY_T2000_RC2880: start state=challenge C:\Users\lihao\Desktop\Graduation Project\OpticalWaveguideRouter3D\outputs\3d_strategy_v4\512_full_layout\N2880 pairs=30999
[599038.9] P3_A_FAMILY_T2000_RC2880: INITIAL_DONE pairs=30999
[599039.0] P3_A_FAMILY_T2000_RC2880: step 1 NO_CANDIDATES_GENERATED pairs=30999 evals=0 0s
[599039.1] P3_A_FAMILY_T2000_RC2880: step 2 NO_CANDIDATES_GENERATED pairs=30999 evals=0 0s
[599039.2] P3_A_FAMILY_T2000_RC2880: step 3 NO_CANDIDATES_GENERATED pairs=30999 evals=0 0s
[599039.3] P3_A_FAMILY_T2000_RC2880: step 4 NO_CANDIDATES_GENERATED pairs=30999 evals=0 0s
[599039.4] P3_A_FAMILY_T2000_RC2880: step 5 NO_CANDIDATES_GENERATED pairs=30999 evals=0 1s
[599039.6] P3_A_FAMILY_T2000_RC2880: step 6 NO_CANDIDATES_GENERATED pairs=30999 evals=0 1s
[599047.7] P3_A_FAMILY_T2000_RC2880: step 7 ELEVATED pairs=30804 evals=16 9s
[599056.1] P3_A_FAMILY_T2000_RC2880: step 8 ELEVATED pairs=30610 evals=32 17s
[599067.4] P3_A_FAMILY_T2000_RC2880: step 9 ELEVATED pairs=30437 evals=48 29s
[599078.6] P3_A_FAMILY_T2000_RC2880: step 10 ELEVATED pairs=30266 evals=64 40s
[599078.9] P3_A_FAMILY_T2000_RC2880: step 11 NO_CANDIDATES_GENERATED pairs=30266 evals=64 40s
[599090.3] P3_A_FAMILY_T2000_RC2880: step 12 ELEVATED pairs=30075 evals=80 51s
[599103.2] P3_A_FAMILY_T2000_RC2880: step 13 ELEVATED pairs=29886 evals=96 64s
[599118.1] P3_A_FAMILY_T2000_RC2880: step 14 ELEVATED pairs=29699 evals=112 79s
[599131.4] P3_A_FAMILY_T2000_RC2880: step 15 ELEVATED pairs=29500 evals=128 93s
[599146.8] P3_A_FAMILY_T2000_RC2880: step 16 ELEVATED pairs=29315 evals=144 108s
[599159.6] P3_A_FAMILY_T2000_RC2880: step 17 ELEVATED pairs=29118 evals=160 121s
[599171.2] P3_A_FAMILY_T2000_RC2880: step 18 ELEVATED pairs=28923 evals=176 132s
[599184.7] P3_A_FAMILY_T2000_RC2880: step 19 ELEVATED pairs=28748 evals=192 146s
[599199.0] P3_A_FAMILY_T2000_RC2880: step 20 ELEVATED pairs=28575 evals=208 160s
[599211.4] P3_A_FAMILY_T2000_RC2880: step 21 ELEVATED pairs=28386 evals=224 173s
[599222.6] P3_A_FAMILY_T2000_RC2880: step 22 ELEVATED pairs=28255 evals=240 184s
[599234.2] P3_A_FAMILY_T2000_RC2880: step 23 ELEVATED pairs=28068 evals=256 195s
[599249.4] P3_A_FAMILY_T2000_RC2880: step 24 ELEVATED pairs=27906 evals=272 211s
[599261.3] P3_A_FAMILY_T2000_RC2880: step 25 ELEVATED pairs=27721 evals=288 223s
[599273.8] P3_A_FAMILY_T2000_RC2880: step 26 ELEVATED pairs=27538 evals=304 235s
[599286.0] P3_A_FAMILY_T2000_RC2880: step 27 ELEVATED pairs=27361 evals=320 247s
[599291.9] P3_A_FAMILY_T2000_RC2880: step 28 ELEVATED pairs=27189 evals=329 253s
[599304.2] P3_A_FAMILY_T2000_RC2880: step 29 ELEVATED pairs=27013 evals=345 265s
[599310.1] P3_A_FAMILY_T2000_RC2880: step 30 ELEVATED pairs=26843 evals=354 271s
[599321.9] P3_A_FAMILY_T2000_RC2880: step 31 ELEVATED pairs=26670 evals=370 283s
[599327.8] P3_A_FAMILY_T2000_RC2880: step 32 ELEVATED pairs=26502 evals=379 289s
[599341.6] P3_A_FAMILY_T2000_RC2880: step 33 ELEVATED pairs=26331 evals=395 303s
[599341.9] P3_A_FAMILY_T2000_RC2880: step 34 NO_CANDIDATES_GENERATED pairs=26331 evals=395 303s
[599349.3] P3_A_FAMILY_T2000_RC2880: step 35 ELEVATED pairs=26165 evals=404 310s
[599364.7] P3_A_FAMILY_T2000_RC2880: step 36 ELEVATED pairs=25996 evals=420 326s
[599380.1] P3_A_FAMILY_T2000_RC2880: step 37 ELEVATED pairs=25829 evals=436 341s
[599394.8] P3_A_FAMILY_T2000_RC2880: step 38 ELEVATED pairs=25664 evals=452 356s
[599409.9] P3_A_FAMILY_T2000_RC2880: step 39 ELEVATED pairs=25501 evals=468 371s
[599417.6] P3_A_FAMILY_T2000_RC2880: step 40 ELEVATED pairs=25346 evals=484 379s
[599431.6] P3_A_FAMILY_T2000_RC2880: step 41 ELEVATED pairs=25184 evals=500 393s
[599443.6] P3_A_FAMILY_T2000_RC2880: step 42 ELEVATED pairs=25045 evals=516 405s
[599458.1] P3_A_FAMILY_T2000_RC2880: step 43 ELEVATED pairs=24886 evals=532 419s
[599469.5] P3_A_FAMILY_T2000_RC2880: step 44 ELEVATED pairs=24749 evals=548 431s
[599478.5] P3_A_FAMILY_T2000_RC2880: step 45 ELEVATED pairs=24585 evals=564 440s
[599493.5] P3_A_FAMILY_T2000_RC2880: step 46 ELEVATED pairs=24424 evals=580 455s
[599508.7] P3_A_FAMILY_T2000_RC2880: step 47 ELEVATED pairs=24265 evals=596 470s
[599521.5] P3_A_FAMILY_T2000_RC2880: step 48 ELEVATED pairs=24233 evals=612 483s
[599537.8] P3_A_FAMILY_T2000_RC2880: step 49 ELEVATED pairs=24076 evals=628 499s
[599554.8] P3_A_FAMILY_T2000_RC2880: step 50 ELEVATED pairs=23921 evals=644 516s
[599567.1] P3_A_FAMILY_T2000_RC2880: step 51 ELEVATED pairs=23789 evals=660 528s
[599578.6] P3_A_FAMILY_T2000_RC2880: step 52 ELEVATED pairs=23657 evals=676 540s
[599592.6] P3_A_FAMILY_T2000_RC2880: step 53 ELEVATED pairs=23503 evals=692 554s
[599603.3] P3_A_FAMILY_T2000_RC2880: step 54 ELEVATED pairs=23364 evals=708 564s
[599616.7] P3_A_FAMILY_T2000_RC2880: step 55 ELEVATED pairs=23212 evals=724 578s
[599627.2] P3_A_FAMILY_T2000_RC2880: step 56 ELEVATED pairs=23073 evals=740 588s
[599638.6] P3_A_FAMILY_T2000_RC2880: step 57 ELEVATED pairs=22926 evals=756 600s
[599651.8] P3_A_FAMILY_T2000_RC2880: step 58 ELEVATED pairs=22776 evals=772 613s
[599663.2] P3_A_FAMILY_T2000_RC2880: step 59 ELEVATED pairs=22629 evals=788 624s
[599675.2] P3_A_FAMILY_T2000_RC2880: step 60 ELEVATED pairs=22482 evals=804 636s
[599681.2] P3_A_FAMILY_T2000_RC2880: step 61 ELEVATED pairs=22353 evals=820 642s
[599691.6] P3_A_FAMILY_T2000_RC2880: step 62 ELEVATED pairs=22254 evals=829 653s
[599702.2] P3_A_FAMILY_T2000_RC2880: step 63 ELEVATED pairs=22137 evals=845 663s
[599716.5] P3_A_FAMILY_T2000_RC2880: step 64 ELEVATED pairs=22033 evals=861 678s
[599728.2] P3_A_FAMILY_T2000_RC2880: step 65 ELEVATED pairs=21939 evals=877 689s
[599737.8] P3_A_FAMILY_T2000_RC2880: step 66 ELEVATED pairs=21795 evals=893 699s
[599751.6] P3_A_FAMILY_T2000_RC2880: step 67 ELEVATED pairs=21694 evals=909 713s
[599760.8] P3_A_FAMILY_T2000_RC2880: step 68 ELEVATED pairs=21552 evals=925 722s
[599780.5] P3_A_FAMILY_T2000_RC2880: step 69 ELEVATED pairs=21420 evals=941 742s
[599790.2] P3_A_FAMILY_T2000_RC2880: step 70 ELEVATED pairs=21280 evals=957 751s
[599802.7] P3_A_FAMILY_T2000_RC2880: step 71 ELEVATED pairs=21136 evals=973 764s
[599815.5] P3_A_FAMILY_T2000_RC2880: step 72 ELEVATED pairs=20994 evals=989 777s
[599843.3] P3_A_FAMILY_T2000_RC2880: step 73 ELEVATED pairs=20877 evals=1005 804s
[599856.7] P3_A_FAMILY_T2000_RC2880: step 74 ELEVATED pairs=20737 evals=1021 818s
[599883.3] P3_A_FAMILY_T2000_RC2880: step 75 ELEVATED pairs=20637 evals=1037 844s
[599907.6] P3_A_FAMILY_T2000_RC2880: step 76 ELEVATED pairs=20527 evals=1053 869s
[599920.1] P3_A_FAMILY_T2000_RC2880: step 77 ELEVATED pairs=20425 evals=1069 881s
[599943.1] P3_A_FAMILY_T2000_RC2880: step 78 ELEVATED pairs=20315 evals=1085 904s
[599951.6] P3_A_FAMILY_T2000_RC2880: step 79 ELEVATED pairs=20221 evals=1101 913s
[599961.5] P3_A_FAMILY_T2000_RC2880: step 80 ELEVATED pairs=20119 evals=1117 923s
[599972.5] P3_A_FAMILY_T2000_RC2880: step 81 ELEVATED pairs=19992 evals=1133 934s
[599982.7] P3_A_FAMILY_T2000_RC2880: step 82 ELEVATED pairs=19892 evals=1149 944s
[599993.3] P3_A_FAMILY_T2000_RC2880: step 83 ELEVATED pairs=19795 evals=1165 955s
[600001.7] P3_A_FAMILY_T2000_RC2880: step 84 ELEVATED pairs=19673 evals=1181 963s
[600012.7] P3_A_FAMILY_T2000_RC2880: step 85 ELEVATED pairs=19577 evals=1197 974s
[600023.7] P3_A_FAMILY_T2000_RC2880: step 86 ELEVATED pairs=19448 evals=1213 985s
[600038.2] P3_A_FAMILY_T2000_RC2880: step 87 ELEVATED pairs=19367 evals=1229 999s
[600049.5] P3_A_FAMILY_T2000_RC2880: step 88 ELEVATED pairs=19240 evals=1245 1011s
[600061.2] P3_A_FAMILY_T2000_RC2880: step 89 ELEVATED pairs=19115 evals=1261 1022s
[600072.3] P3_A_FAMILY_T2000_RC2880: step 90 ELEVATED pairs=18998 evals=1277 1033s
[600084.0] P3_A_FAMILY_T2000_RC2880: step 91 ELEVATED pairs=18875 evals=1293 1045s
[600094.9] P3_A_FAMILY_T2000_RC2880: step 92 ELEVATED pairs=18760 evals=1309 1056s
[600109.1] P3_A_FAMILY_T2000_RC2880: step 93 ELEVATED pairs=18681 evals=1325 1070s
[600109.3] P3_A_FAMILY_T2000_RC2880: step 94 NO_CANDIDATES_GENERATED pairs=18681 evals=1325 1070s
[600113.4] P3_A_FAMILY_T2000_RC2880: step 95 ELEVATED pairs=18564 evals=1334 1075s
[600120.0] P3_A_FAMILY_T2000_RC2880: step 96 ELEVATED pairs=18496 evals=1350 1081s
[600126.3] P3_A_FAMILY_T2000_RC2880: step 97 ELEVATED pairs=18419 evals=1366 1087s
[600137.2] P3_A_FAMILY_T2000_RC2880: step 98 ELEVATED pairs=18343 evals=1382 1098s
[600149.4] P3_A_FAMILY_T2000_RC2880: step 99 ELEVATED pairs=18268 evals=1398 1111s
[600159.7] P3_A_FAMILY_T2000_RC2880: step 100 ELEVATED pairs=18194 evals=1414 1121s
[600170.3] P3_A_FAMILY_T2000_RC2880: step 101 ELEVATED pairs=18120 evals=1430 1131s
[600176.3] P3_A_FAMILY_T2000_RC2880: step 102 ELEVATED pairs=18014 evals=1439 1138s
[600183.7] P3_A_FAMILY_T2000_RC2880: step 103 ELEVATED pairs=17910 evals=1448 1145s
[600191.1] P3_A_FAMILY_T2000_RC2880: step 104 ELEVATED pairs=17847 evals=1464 1152s
[600198.5] P3_A_FAMILY_T2000_RC2880: step 105 ELEVATED pairs=17784 evals=1480 1160s
[600198.7] P3_A_FAMILY_T2000_RC2880: step 106 NO_CANDIDATES_GENERATED pairs=17784 evals=1480 1160s
[600198.8] P3_A_FAMILY_T2000_RC2880: step 107 NO_CANDIDATES_GENERATED pairs=17784 evals=1480 1160s
[600199.0] P3_A_FAMILY_T2000_RC2880: step 108 NO_CANDIDATES_GENERATED pairs=17784 evals=1480 1160s
[600199.1] P3_A_FAMILY_T2000_RC2880: step 109 NO_CANDIDATES_GENERATED pairs=17784 evals=1480 1160s
[600199.3] P3_A_FAMILY_T2000_RC2880: step 110 NO_CANDIDATES_GENERATED pairs=17784 evals=1480 1160s
[600199.5] P3_A_FAMILY_T2000_RC2880: step 111 NO_CANDIDATES_GENERATED pairs=17784 evals=1480 1161s
[600199.6] P3_A_FAMILY_T2000_RC2880: step 112 NO_CANDIDATES_GENERATED pairs=17784 evals=1480 1161s
[600199.8] P3_A_FAMILY_T2000_RC2880: step 113 NO_CANDIDATES_GENERATED pairs=17784 evals=1480 1161s
[600199.9] P3_A_FAMILY_T2000_RC2880: step 114 NO_CANDIDATES_GENERATED pairs=17784 evals=1480 1161s
[600200.1] P3_A_FAMILY_T2000_RC2880: step 115 NO_CANDIDATES_GENERATED pairs=17784 evals=1480 1161s
[600200.3] P3_A_FAMILY_T2000_RC2880: step 116 NO_CANDIDATES_GENERATED pairs=17784 evals=1480 1161s
[600200.4] P3_A_FAMILY_T2000_RC2880: step 117 NO_CANDIDATES_GENERATED pairs=17784 evals=1480 1162s
[600200.5] P3_A_FAMILY_T2000_RC2880: step 118 NO_CANDIDATES_GENERATED pairs=17784 evals=1480 1162s
[600200.7] P3_A_FAMILY_T2000_RC2880: step 119 NO_CANDIDATES_GENERATED pairs=17784 evals=1480 1162s
[600200.9] P3_A_FAMILY_T2000_RC2880: step 120 NO_CANDIDATES_GENERATED pairs=17784 evals=1480 1162s
[600201.0] P3_A_FAMILY_T2000_RC2880: step 121 NO_CANDIDATES_GENERATED pairs=17784 evals=1480 1162s
[600208.5] P3_A_FAMILY_T2000_RC2880: step 122 PREFIX_EVALUATED_NO_WINNER_DEFERRED pairs=17784 evals=1496 1170s
[600216.0] P3_A_FAMILY_T2000_RC2880: step 123 PREFIX_EVALUATED_NO_WINNER_DEFERRED pairs=17784 evals=1512 1177s
[600223.4] P3_A_FAMILY_T2000_RC2880: step 124 ELEVATED pairs=17725 evals=1528 1185s
[600231.2] P3_A_FAMILY_T2000_RC2880: step 125 PREFIX_EVALUATED_NO_WINNER_DEFERRED pairs=17725 evals=1544 1192s
[600239.0] P3_A_FAMILY_T2000_RC2880: step 126 PREFIX_EVALUATED_NO_WINNER_DEFERRED pairs=17725 evals=1560 1200s
[600239.4] P3_A_FAMILY_T2000_RC2880: step 127 NO_CANDIDATES_GENERATED pairs=17725 evals=1560 1201s
[600239.8] P3_A_FAMILY_T2000_RC2880: step 128 NO_CANDIDATES_GENERATED pairs=17725 evals=1560 1201s
[600240.2] P3_A_FAMILY_T2000_RC2880: step 129 NO_CANDIDATES_GENERATED pairs=17725 evals=1560 1201s
[600240.5] P3_A_FAMILY_T2000_RC2880: step 130 NO_CANDIDATES_GENERATED pairs=17725 evals=1560 1202s
[600240.9] P3_A_FAMILY_T2000_RC2880: step 131 NO_CANDIDATES_GENERATED pairs=17725 evals=1560 1202s
[600241.3] P3_A_FAMILY_T2000_RC2880: step 132 NO_CANDIDATES_GENERATED pairs=17725 evals=1560 1202s
[600241.6] P3_A_FAMILY_T2000_RC2880: step 133 NO_CANDIDATES_GENERATED pairs=17725 evals=1560 1203s
[600242.0] P3_A_FAMILY_T2000_RC2880: step 134 NO_CANDIDATES_GENERATED pairs=17725 evals=1560 1203s
[600242.4] P3_A_FAMILY_T2000_RC2880: step 135 NO_CANDIDATES_GENERATED pairs=17725 evals=1560 1204s
[600242.7] P3_A_FAMILY_T2000_RC2880: step 136 NO_CANDIDATES_GENERATED pairs=17725 evals=1560 1204s
[600243.1] P3_A_FAMILY_T2000_RC2880: step 137 NO_CANDIDATES_GENERATED pairs=17725 evals=1560 1204s
[600243.4] P3_A_FAMILY_T2000_RC2880: step 138 NO_CANDIDATES_GENERATED pairs=17725 evals=1560 1205s
[600243.8] P3_A_FAMILY_T2000_RC2880: step 139 NO_CANDIDATES_GENERATED pairs=17725 evals=1560 1205s
[600244.2] P3_A_FAMILY_T2000_RC2880: step 140 NO_CANDIDATES_GENERATED pairs=17725 evals=1560 1205s
[600244.6] P3_A_FAMILY_T2000_RC2880: step 141 NO_CANDIDATES_GENERATED pairs=17725 evals=1560 1206s
[600245.0] P3_A_FAMILY_T2000_RC2880: step 142 NO_CANDIDATES_GENERATED pairs=17725 evals=1560 1206s
[600253.5] P3_A_FAMILY_T2000_RC2880: step 143 ELEVATED pairs=17667 evals=1576 1215s
[600262.7] P3_A_FAMILY_T2000_RC2880: step 144 ELEVATED pairs=17576 evals=1592 1224s
[600270.9] P3_A_FAMILY_T2000_RC2880: step 145 PREFIX_EVALUATED_NO_WINNER_DEFERRED pairs=17576 evals=1608 1232s
[600279.1] P3_A_FAMILY_T2000_RC2880: step 146 PREFIX_EVALUATED_NO_WINNER_DEFERRED pairs=17576 evals=1624 1240s
[600287.5] P3_A_FAMILY_T2000_RC2880: step 147 ELEVATED pairs=17518 evals=1640 1249s
[600295.7] P3_A_FAMILY_T2000_RC2880: step 148 PREFIX_EVALUATED_NO_WINNER_DEFERRED pairs=17518 evals=1656 1257s
[600304.5] P3_A_FAMILY_T2000_RC2880: step 149 PREFIX_EVALUATED_NO_WINNER_DEFERRED pairs=17518 evals=1672 1266s
[600314.3] P3_A_FAMILY_T2000_RC2880: step 150 ELEVATED pairs=17429 evals=1688 1275s
[600322.7] P3_A_FAMILY_T2000_RC2880: step 151 PREFIX_EVALUATED_NO_WINNER_DEFERRED pairs=17429 evals=1704 1284s
[600331.0] P3_A_FAMILY_T2000_RC2880: step 152 PREFIX_EVALUATED_NO_WINNER_DEFERRED pairs=17429 evals=1720 1292s
[600339.3] P3_A_FAMILY_T2000_RC2880: step 153 ELEVATED pairs=17371 evals=1736 1301s
[600347.4] P3_A_FAMILY_T2000_RC2880: step 154 PREFIX_EVALUATED_NO_WINNER_DEFERRED pairs=17371 evals=1752 1309s
[600355.5] P3_A_FAMILY_T2000_RC2880: step 155 PREFIX_EVALUATED_NO_WINNER_DEFERRED pairs=17371 evals=1768 1317s
[600364.1] P3_A_FAMILY_T2000_RC2880: step 156 ELEVATED pairs=17313 evals=1784 1325s
[600372.2] P3_A_FAMILY_T2000_RC2880: step 157 PREFIX_EVALUATED_NO_WINNER_DEFERRED pairs=17313 evals=1800 1333s
[600380.4] P3_A_FAMILY_T2000_RC2880: step 158 PREFIX_EVALUATED_NO_WINNER_DEFERRED pairs=17313 evals=1816 1342s
[600389.5] P3_A_FAMILY_T2000_RC2880: step 159 ELEVATED pairs=17226 evals=1832 1351s
[600397.4] P3_A_FAMILY_T2000_RC2880: step 160 PREFIX_EVALUATED_NO_WINNER_DEFERRED pairs=17226 evals=1848 1359s
[600405.5] P3_A_FAMILY_T2000_RC2880: step 161 PREFIX_EVALUATED_NO_WINNER_DEFERRED pairs=17226 evals=1864 1367s
[600413.2] P3_A_FAMILY_T2000_RC2880: step 162 ELEVATED pairs=17168 evals=1880 1374s
[600420.5] P3_A_FAMILY_T2000_RC2880: step 163 PREFIX_EVALUATED_NO_WINNER_DEFERRED pairs=17168 evals=1896 1382s
[600427.9] P3_A_FAMILY_T2000_RC2880: step 164 PREFIX_EVALUATED_NO_WINNER_DEFERRED pairs=17168 evals=1912 1389s
[600436.0] P3_A_FAMILY_T2000_RC2880: step 165 ELEVATED pairs=17110 evals=1928 1397s
[600444.6] P3_A_FAMILY_T2000_RC2880: step 166 PREFIX_EVALUATED_NO_WINNER_DEFERRED pairs=17110 evals=1944 1406s
[600452.9] P3_A_FAMILY_T2000_RC2880: step 167 PREFIX_EVALUATED_NO_WINNER_DEFERRED pairs=17110 evals=1960 1414s
[600463.7] P3_A_FAMILY_T2000_RC2880: step 168 ELEVATED pairs=16988 evals=1976 1425s
[600471.8] P3_A_FAMILY_T2000_RC2880: step 169 PREFIX_EVALUATED_NO_WINNER_DEFERRED pairs=16988 evals=1992 1433s
[600480.0] P3_A_FAMILY_T2000_RC2880: step 170 PREFIX_EVALUATED_NO_WINNER_DEFERRED pairs=16988 evals=2008 1441s
[600492.2] P3_A_FAMILY_T2000_RC2880: step 171 ELEVATED pairs=16920 evals=2017 1453s
[600500.2] P3_A_FAMILY_T2000_RC2880: step 172 PREFIX_EVALUATED_NO_WINNER_DEFERRED pairs=16920 evals=2033 1461s
[600508.2] P3_A_FAMILY_T2000_RC2880: step 173 PREFIX_EVALUATED_NO_WINNER_DEFERRED pairs=16920 evals=2049 1469s
[600518.6] P3_A_FAMILY_T2000_RC2880: step 174 ELEVATED pairs=16798 evals=2065 1480s
[600526.5] P3_A_FAMILY_T2000_RC2880: step 175 PREFIX_EVALUATED_NO_WINNER_DEFERRED pairs=16798 evals=2081 1488s
[600534.6] P3_A_FAMILY_T2000_RC2880: step 176 PREFIX_EVALUATED_NO_WINNER_DEFERRED pairs=16798 evals=2097 1496s
[600544.7] P3_A_FAMILY_T2000_RC2880: step 177 ELEVATED pairs=16679 evals=2113 1506s
[600553.3] P3_A_FAMILY_T2000_RC2880: step 178 PREFIX_EVALUATED_NO_WINNER_DEFERRED pairs=16679 evals=2129 1514s
[600561.7] P3_A_FAMILY_T2000_RC2880: step 179 PREFIX_EVALUATED_NO_WINNER_DEFERRED pairs=16679 evals=2145 1523s
[600571.4] P3_A_FAMILY_T2000_RC2880: step 180 ELEVATED pairs=16604 evals=2161 1533s
[600579.9] P3_A_FAMILY_T2000_RC2880: step 181 PREFIX_EVALUATED_NO_WINNER_DEFERRED pairs=16604 evals=2177 1541s
[600588.3] P3_A_FAMILY_T2000_RC2880: step 182 PREFIX_EVALUATED_NO_WINNER_DEFERRED pairs=16604 evals=2193 1549s
[600599.5] P3_A_FAMILY_T2000_RC2880: step 183 ELEVATED pairs=16524 evals=2209 1561s
[600608.0] P3_A_FAMILY_T2000_RC2880: step 184 PREFIX_EVALUATED_NO_WINNER_DEFERRED pairs=16524 evals=2225 1569s
[600616.3] P3_A_FAMILY_T2000_RC2880: step 185 PREFIX_EVALUATED_NO_WINNER_DEFERRED pairs=16524 evals=2241 1577s
[600631.1] P3_A_FAMILY_T2000_RC2880: step 186 ELEVATED pairs=16431 evals=2257 1592s
[600638.9] P3_A_FAMILY_T2000_RC2880: step 187 PREFIX_EVALUATED_NO_WINNER_DEFERRED pairs=16431 evals=2273 1600s
[600646.9] P3_A_FAMILY_T2000_RC2880: step 188 PREFIX_EVALUATED_NO_WINNER_DEFERRED pairs=16431 evals=2289 1608s
[600661.8] P3_A_FAMILY_T2000_RC2880: step 189 ELEVATED pairs=16338 evals=2305 1623s
[600670.4] P3_A_FAMILY_T2000_RC2880: step 190 PREFIX_EVALUATED_NO_WINNER_DEFERRED pairs=16338 evals=2321 1632s
[600678.2] P3_A_FAMILY_T2000_RC2880: step 191 PREFIX_EVALUATED_NO_WINNER_DEFERRED pairs=16338 evals=2337 1639s
[600692.0] P3_A_FAMILY_T2000_RC2880: step 192 ELEVATED pairs=16244 evals=2353 1653s
[600699.8] P3_A_FAMILY_T2000_RC2880: step 193 PREFIX_EVALUATED_NO_WINNER_DEFERRED pairs=16244 evals=2369 1661s
[600707.4] P3_A_FAMILY_T2000_RC2880: step 194 PREFIX_EVALUATED_NO_WINNER_DEFERRED pairs=16244 evals=2385 1669s
[600723.4] P3_A_FAMILY_T2000_RC2880: step 195 ELEVATED pairs=16157 evals=2401 1685s
[600731.3] P3_A_FAMILY_T2000_RC2880: step 196 PREFIX_EVALUATED_NO_WINNER_DEFERRED pairs=16157 evals=2417 1692s
[600744.4] P3_A_FAMILY_T2000_RC2880: step 197 ELEVATED pairs=16062 evals=2433 1706s
[600752.2] P3_A_FAMILY_T2000_RC2880: step 198 PREFIX_EVALUATED_NO_WINNER_DEFERRED pairs=16062 evals=2449 1713s
[600770.7] P3_A_FAMILY_T2000_RC2880: step 199 ELEVATED pairs=15974 evals=2465 1732s
[600783.1] P3_A_FAMILY_T2000_RC2880: step 200 RELOCATED pairs=15877 evals=2481 1744s
[600783.2] P3_A_FAMILY_T2000_RC2880: step 201 NO_CANDIDATES_GENERATED pairs=15877 evals=2481 1744s
[600783.3] P3_A_FAMILY_T2000_RC2880: step 202 NO_CANDIDATES_GENERATED pairs=15877 evals=2481 1744s
[600783.4] P3_A_FAMILY_T2000_RC2880: step 203 NO_CANDIDATES_GENERATED pairs=15877 evals=2481 1745s
[600783.4] P3_A_FAMILY_T2000_RC2880: step 204 NO_CANDIDATES_GENERATED pairs=15877 evals=2481 1745s
[600783.5] P3_A_FAMILY_T2000_RC2880: step 205 NO_CANDIDATES_GENERATED pairs=15877 evals=2481 1745s
[600793.5] P3_A_FAMILY_T2000_RC2880: step 206 ELEVATED pairs=15791 evals=2497 1755s
[600793.6] P3_A_FAMILY_T2000_RC2880: step 207 NO_CANDIDATES_GENERATED pairs=15791 evals=2497 1755s
[600793.7] P3_A_FAMILY_T2000_RC2880: step 208 NO_CANDIDATES_GENERATED pairs=15791 evals=2497 1755s
[600793.8] P3_A_FAMILY_T2000_RC2880: step 209 NO_CANDIDATES_GENERATED pairs=15791 evals=2497 1755s
[600794.0] P3_A_FAMILY_T2000_RC2880: step 210 NO_CANDIDATES_GENERATED pairs=15791 evals=2497 1755s
[600794.1] P3_A_FAMILY_T2000_RC2880: step 211 NO_CANDIDATES_GENERATED pairs=15791 evals=2497 1755s
[600794.2] P3_A_FAMILY_T2000_RC2880: step 212 NO_CANDIDATES_GENERATED pairs=15791 evals=2497 1755s
[600794.4] P3_A_FAMILY_T2000_RC2880: step 213 NO_CANDIDATES_GENERATED pairs=15791 evals=2497 1756s
[600794.5] P3_A_FAMILY_T2000_RC2880: step 214 NO_CANDIDATES_GENERATED pairs=15791 evals=2497 1756s
[600794.6] P3_A_FAMILY_T2000_RC2880: step 215 NO_CANDIDATES_GENERATED pairs=15791 evals=2497 1756s
[600808.3] P3_A_FAMILY_T2000_RC2880: step 216 ELEVATED pairs=15713 evals=2506 1769s
[600821.9] P3_A_FAMILY_T2000_RC2880: step 217 ELEVATED pairs=15635 evals=2515 1783s
[600822.1] P3_A_FAMILY_T2000_RC2880: step 218 NO_CANDIDATES_GENERATED pairs=15635 evals=2515 1783s
[600822.3] P3_A_FAMILY_T2000_RC2880: step 219 NO_CANDIDATES_GENERATED pairs=15635 evals=2515 1783s
[600822.5] P3_A_FAMILY_T2000_RC2880: step 220 NO_CANDIDATES_GENERATED pairs=15635 evals=2515 1784s
[600822.7] P3_A_FAMILY_T2000_RC2880: step 221 NO_CANDIDATES_GENERATED pairs=15635 evals=2515 1784s
[600822.8] P3_A_FAMILY_T2000_RC2880: step 222 NO_CANDIDATES_GENERATED pairs=15635 evals=2515 1784s
[600823.0] P3_A_FAMILY_T2000_RC2880: step 223 NO_CANDIDATES_GENERATED pairs=15635 evals=2515 1784s
[600839.0] P3_A_FAMILY_T2000_RC2880: step 224 ELEVATED pairs=15560 evals=2531 1800s
[600855.5] P3_A_FAMILY_T2000_RC2880: step 225 ELEVATED pairs=15483 evals=2547 1817s
[600872.4] P3_A_FAMILY_T2000_RC2880: step 226 ELEVATED pairs=15408 evals=2563 1834s
[600897.1] P3_A_FAMILY_T2000_RC2880: step 227 ELEVATED pairs=15328 evals=2579 1858s
[600903.4] P3_A_FAMILY_T2000_RC2880: step 228 ELEVATED pairs=15282 evals=2595 1865s
[600909.9] P3_A_FAMILY_T2000_RC2880: step 229 ELEVATED pairs=15236 evals=2611 1871s
[600910.1] P3_A_FAMILY_T2000_RC2880: step 230 NO_CANDIDATES_GENERATED pairs=15236 evals=2611 1871s
[600910.3] P3_A_FAMILY_T2000_RC2880: step 231 NO_CANDIDATES_GENERATED pairs=15236 evals=2611 1871s
[600910.6] P3_A_FAMILY_T2000_RC2880: step 232 NO_CANDIDATES_GENERATED pairs=15236 evals=2611 1872s
[600910.8] P3_A_FAMILY_T2000_RC2880: step 233 NO_CANDIDATES_GENERATED pairs=15236 evals=2611 1872s
[600911.0] P3_A_FAMILY_T2000_RC2880: step 234 NO_CANDIDATES_GENERATED pairs=15236 evals=2611 1872s
[600923.6] P3_A_FAMILY_T2000_RC2880: step 235 ELEVATED pairs=15172 evals=2627 1885s
[600923.8] P3_A_FAMILY_T2000_RC2880: step 236 NO_CANDIDATES_GENERATED pairs=15172 evals=2627 1885s
[600924.1] P3_A_FAMILY_T2000_RC2880: step 237 NO_CANDIDATES_GENERATED pairs=15172 evals=2627 1885s
[600924.3] P3_A_FAMILY_T2000_RC2880: step 238 NO_CANDIDATES_GENERATED pairs=15172 evals=2627 1885s
[600924.6] P3_A_FAMILY_T2000_RC2880: step 239 NO_CANDIDATES_GENERATED pairs=15172 evals=2627 1886s
[600931.0] P3_A_FAMILY_T2000_RC2880: step 240 ELEVATED pairs=15137 evals=2643 1892s
[600937.4] P3_A_FAMILY_T2000_RC2880: step 241 ELEVATED pairs=15102 evals=2659 1899s
[600948.7] P3_A_FAMILY_T2000_RC2880: step 242 ELEVATED pairs=15024 evals=2675 1910s
[600949.1] P3_A_FAMILY_T2000_RC2880: step 243 NO_CANDIDATES_GENERATED pairs=15024 evals=2675 1910s
[600949.3] P3_A_FAMILY_T2000_RC2880: step 244 NO_CANDIDATES_GENERATED pairs=15024 evals=2675 1911s
[600949.7] P3_A_FAMILY_T2000_RC2880: step 245 NO_CANDIDATES_GENERATED pairs=15024 evals=2675 1911s
[600949.9] P3_A_FAMILY_T2000_RC2880: step 246 NO_CANDIDATES_GENERATED pairs=15024 evals=2675 1911s
[600950.2] P3_A_FAMILY_T2000_RC2880: step 247 NO_CANDIDATES_GENERATED pairs=15024 evals=2675 1911s
[600950.6] P3_A_FAMILY_T2000_RC2880: step 248 NO_CANDIDATES_GENERATED pairs=15024 evals=2675 1912s
[600950.9] P3_A_FAMILY_T2000_RC2880: step 249 NO_CANDIDATES_GENERATED pairs=15024 evals=2675 1912s
[600951.2] P3_A_FAMILY_T2000_RC2880: step 250 NO_CANDIDATES_GENERATED pairs=15024 evals=2675 1912s
[600961.4] P3_A_FAMILY_T2000_RC2880: step 251 ELEVATED pairs=14983 evals=2691 1923s
[600968.0] P3_A_FAMILY_T2000_RC2880: step 252 ELEVATED pairs=14976 evals=2707 1929s
[600968.4] P3_A_FAMILY_T2000_RC2880: step 253 NO_CANDIDATES_GENERATED pairs=14976 evals=2707 1930s
[600975.8] P3_A_FAMILY_T2000_RC2880: step 254 ELEVATED pairs=14969 evals=2723 1937s
[600987.2] P3_A_FAMILY_T2000_RC2880: step 255 ELEVATED pairs=14886 evals=2739 1948s
[600995.0] P3_A_FAMILY_T2000_RC2880: step 256 ELEVATED pairs=14880 evals=2755 1956s
[601002.8] P3_A_FAMILY_T2000_RC2880: step 257 ELEVATED pairs=14874 evals=2771 1964s
[601010.7] P3_A_FAMILY_T2000_RC2880: step 258 ELEVATED pairs=14869 evals=2787 1972s
[601020.9] P3_A_FAMILY_T2000_RC2880: step 259 ELEVATED pairs=14793 evals=2803 1982s
[601033.4] P3_A_FAMILY_T2000_RC2880: step 260 ELEVATED pairs=14752 evals=2819 1995s
[601046.3] P3_A_FAMILY_T2000_RC2880: step 261 ELEVATED pairs=14703 evals=2835 2007s
[601056.9] P3_A_FAMILY_T2000_RC2880: step 262 ELEVATED pairs=14661 evals=2851 2018s
[601079.7] P3_A_FAMILY_T2000_RC2880: step 263 ELEVATED pairs=14586 evals=2867 2041s
[601087.6] P3_A_FAMILY_T2000_RC2880: step 264 ELEVATED pairs=14523 evals=2880 2049s
[601088.1] P3_A_FAMILY_T2000_RC2880: done final=14523 moves=145 first=144 reloc=1 ret=0 evals=2880 stop=CANDIDATE_BUDGET_EXHAUSTED
[601180.8] P3_A_FAMILY_T2000_RC2880: recheck PASS checks=130816
GROUP DONE P3_A_FAMILY_T2000_RC2880 PASS
