start-state rescan (main) ...
  main PASS pairs=42909 unresolved=3 elevated=24
[603760.5] P3_A_FAMILY_T2000_R1440: start mode=R budget=1440 spec={"name": "P3_A_FAMILY_T2000", "target_policy": "LEGACY", "evaluation_policy": "E2_ORDERED_K16", "traversal_policy": "BASE", "max_targets": 2000, "k_per_target": 16, "family_round_robin": true, "relocation_side_reserve": 0, "waiting_age": false, "route_coverage": false, "multi_anchor": false, "exact_dedup": false, "decision_cache": false, "return_action": false, "cache_structural_skips": false, "window_slack_mm": 1e-05, "generation_domain": "LINE_ONLY", "path_window_settings": null, "stage_length_cap_mm": null, "notes": ""}
[603760.5] P3_A_FAMILY_T2000_R1440: start state=main C:\Users\lihao\Desktop\Graduation Project\OpticalWaveguideRouter3D\outputs\3d_strategy_v3\512_ablation\D_both_enabled pairs=42909
[603765.0] P3_A_FAMILY_T2000_R1440: INITIAL_DONE pairs=42909
[603765.1] P3_A_FAMILY_T2000_R1440: step 1 NO_CANDIDATES_GENERATED pairs=42909 evals=0 0s
[603765.2] P3_A_FAMILY_T2000_R1440: step 2 NO_CANDIDATES_GENERATED pairs=42909 evals=0 0s
[603773.1] P3_A_FAMILY_T2000_R1440: step 3 ELEVATED pairs=42653 evals=16 8s
[603784.0] P3_A_FAMILY_T2000_R1440: step 4 ELEVATED pairs=42440 evals=32 19s
[603794.9] P3_A_FAMILY_T2000_R1440: step 5 ELEVATED pairs=42218 evals=48 30s
[603805.8] P3_A_FAMILY_T2000_R1440: step 6 ELEVATED pairs=41998 evals=64 41s
[603815.3] P3_A_FAMILY_T2000_R1440: step 7 ELEVATED pairs=41742 evals=80 50s
[603826.4] P3_A_FAMILY_T2000_R1440: step 8 ELEVATED pairs=41524 evals=96 61s
[603834.7] P3_A_FAMILY_T2000_R1440: step 9 ELEVATED pairs=41274 evals=112 70s
[603843.2] P3_A_FAMILY_T2000_R1440: step 10 ELEVATED pairs=41024 evals=128 78s
[603851.5] P3_A_FAMILY_T2000_R1440: step 11 ELEVATED pairs=40772 evals=144 87s
[603859.9] P3_A_FAMILY_T2000_R1440: step 12 ELEVATED pairs=40524 evals=160 95s
[603871.4] P3_A_FAMILY_T2000_R1440: step 13 ELEVATED pairs=40314 evals=176 106s
[603879.4] P3_A_FAMILY_T2000_R1440: step 14 ELEVATED pairs=40068 evals=192 114s
[603893.5] P3_A_FAMILY_T2000_R1440: step 15 ELEVATED pairs=39859 evals=208 129s
[603907.7] P3_A_FAMILY_T2000_R1440: step 16 ELEVATED pairs=39652 evals=224 143s
[603918.1] P3_A_FAMILY_T2000_R1440: step 17 ELEVATED pairs=39463 evals=240 153s
[603924.9] P3_A_FAMILY_T2000_R1440: step 18 ELEVATED pairs=39221 evals=256 160s
[603933.6] P3_A_FAMILY_T2000_R1440: step 19 ELEVATED pairs=38991 evals=272 169s
[603944.1] P3_A_FAMILY_T2000_R1440: step 20 ELEVATED pairs=38838 evals=288 179s
[603952.6] P3_A_FAMILY_T2000_R1440: step 21 ELEVATED pairs=38599 evals=304 188s
[603960.2] P3_A_FAMILY_T2000_R1440: step 22 ELEVATED pairs=38376 evals=320 195s
[603966.0] P3_A_FAMILY_T2000_R1440: step 23 ELEVATED pairs=38148 evals=336 201s
[603977.1] P3_A_FAMILY_T2000_R1440: step 24 ELEVATED pairs=37927 evals=352 212s
[603983.0] P3_A_FAMILY_T2000_R1440: step 25 ELEVATED pairs=37701 evals=368 218s
[603988.8] P3_A_FAMILY_T2000_R1440: step 26 ELEVATED pairs=37476 evals=384 224s
[604002.2] P3_A_FAMILY_T2000_R1440: step 27 ELEVATED pairs=37285 evals=400 237s
[604013.5] P3_A_FAMILY_T2000_R1440: step 28 ELEVATED pairs=37126 evals=416 249s
[604024.3] P3_A_FAMILY_T2000_R1440: step 29 ELEVATED pairs=36969 evals=432 259s
[604039.4] P3_A_FAMILY_T2000_R1440: step 30 ELEVATED pairs=36778 evals=448 274s
[604050.5] P3_A_FAMILY_T2000_R1440: step 31 ELEVATED pairs=36525 evals=464 286s
[604062.2] P3_A_FAMILY_T2000_R1440: step 32 ELEVATED pairs=36365 evals=480 297s
[604062.4] P3_A_FAMILY_T2000_R1440: step 33 NO_CANDIDATES_GENERATED pairs=36365 evals=480 297s
[604062.6] P3_A_FAMILY_T2000_R1440: step 34 NO_CANDIDATES_GENERATED pairs=36365 evals=480 298s
[604071.6] P3_A_FAMILY_T2000_R1440: step 35 ELEVATED pairs=36160 evals=496 307s
[604080.4] P3_A_FAMILY_T2000_R1440: step 36 ELEVATED pairs=35958 evals=512 315s
[604088.6] P3_A_FAMILY_T2000_R1440: step 37 ELEVATED pairs=35818 evals=528 324s
[604101.3] P3_A_FAMILY_T2000_R1440: step 38 ELEVATED pairs=35612 evals=544 336s
[604106.9] P3_A_FAMILY_T2000_R1440: step 39 ELEVATED pairs=35417 evals=560 342s
[604120.8] P3_A_FAMILY_T2000_R1440: step 40 ELEVATED pairs=35213 evals=576 356s
[604133.0] P3_A_FAMILY_T2000_R1440: step 41 ELEVATED pairs=35010 evals=592 368s
[604142.2] P3_A_FAMILY_T2000_R1440: step 42 ELEVATED pairs=34768 evals=608 377s
[604156.0] P3_A_FAMILY_T2000_R1440: step 43 ELEVATED pairs=34567 evals=624 391s
[604168.8] P3_A_FAMILY_T2000_R1440: step 44 ELEVATED pairs=34447 evals=640 404s
[604181.4] P3_A_FAMILY_T2000_R1440: step 45 ELEVATED pairs=34247 evals=656 416s
[604192.7] P3_A_FAMILY_T2000_R1440: step 46 ELEVATED pairs=34042 evals=672 428s
[604206.1] P3_A_FAMILY_T2000_R1440: step 47 ELEVATED pairs=33844 evals=688 441s
[604218.7] P3_A_FAMILY_T2000_R1440: step 48 ELEVATED pairs=33726 evals=704 454s
[604231.4] P3_A_FAMILY_T2000_R1440: step 49 ELEVATED pairs=33529 evals=720 466s
[604242.4] P3_A_FAMILY_T2000_R1440: step 50 ELEVATED pairs=33337 evals=736 477s
[604254.4] P3_A_FAMILY_T2000_R1440: step 51 ELEVATED pairs=33142 evals=752 489s
[604265.6] P3_A_FAMILY_T2000_R1440: step 52 ELEVATED pairs=32952 evals=768 501s
[604277.6] P3_A_FAMILY_T2000_R1440: step 53 ELEVATED pairs=32758 evals=784 513s
[604288.6] P3_A_FAMILY_T2000_R1440: step 54 ELEVATED pairs=32569 evals=800 524s
[604300.4] P3_A_FAMILY_T2000_R1440: step 55 ELEVATED pairs=32377 evals=816 535s
[604311.3] P3_A_FAMILY_T2000_R1440: step 56 ELEVATED pairs=32190 evals=832 546s
[604322.7] P3_A_FAMILY_T2000_R1440: step 57 ELEVATED pairs=32004 evals=848 558s
[604334.5] P3_A_FAMILY_T2000_R1440: step 58 ELEVATED pairs=31882 evals=864 570s
[604348.5] P3_A_FAMILY_T2000_R1440: step 59 ELEVATED pairs=31651 evals=880 584s
[604357.9] P3_A_FAMILY_T2000_R1440: step 60 ELEVATED pairs=31440 evals=896 593s
[604367.0] P3_A_FAMILY_T2000_R1440: step 61 ELEVATED pairs=31252 evals=912 602s
[604379.9] P3_A_FAMILY_T2000_R1440: step 62 ELEVATED pairs=31023 evals=928 615s
[604389.1] P3_A_FAMILY_T2000_R1440: step 63 ELEVATED pairs=30837 evals=944 624s
[604401.3] P3_A_FAMILY_T2000_R1440: step 64 ELEVATED pairs=30610 evals=960 636s
[604410.4] P3_A_FAMILY_T2000_R1440: step 65 ELEVATED pairs=30426 evals=976 645s
[604422.6] P3_A_FAMILY_T2000_R1440: step 66 ELEVATED pairs=30201 evals=992 658s
[604431.8] P3_A_FAMILY_T2000_R1440: step 67 ELEVATED pairs=30018 evals=1008 667s
[604444.0] P3_A_FAMILY_T2000_R1440: step 68 ELEVATED pairs=29795 evals=1024 679s
[604455.4] P3_A_FAMILY_T2000_R1440: step 69 ELEVATED pairs=29574 evals=1040 690s
[604461.5] P3_A_FAMILY_T2000_R1440: step 70 ELEVATED pairs=29437 evals=1056 697s
[604471.4] P3_A_FAMILY_T2000_R1440: step 71 ELEVATED pairs=29219 evals=1072 706s
[604477.2] P3_A_FAMILY_T2000_R1440: step 72 ELEVATED pairs=29046 evals=1088 712s
[604482.7] P3_A_FAMILY_T2000_R1440: step 73 ELEVATED pairs=28907 evals=1104 718s
[604492.6] P3_A_FAMILY_T2000_R1440: step 74 ELEVATED pairs=28690 evals=1120 728s
[604498.5] P3_A_FAMILY_T2000_R1440: step 75 ELEVATED pairs=28550 evals=1136 734s
[604504.3] P3_A_FAMILY_T2000_R1440: step 76 ELEVATED pairs=28409 evals=1152 739s
[604513.8] P3_A_FAMILY_T2000_R1440: step 77 ELEVATED pairs=28194 evals=1168 749s
[604518.9] P3_A_FAMILY_T2000_R1440: step 78 ELEVATED pairs=28021 evals=1177 754s
[604523.8] P3_A_FAMILY_T2000_R1440: step 79 ELEVATED pairs=27850 evals=1186 759s
[604532.4] P3_A_FAMILY_T2000_R1440: step 80 ELEVATED pairs=27698 evals=1202 767s
[604537.2] P3_A_FAMILY_T2000_R1440: step 81 ELEVATED pairs=27529 evals=1211 772s
[604546.7] P3_A_FAMILY_T2000_R1440: step 82 ELEVATED pairs=27354 evals=1227 782s
[604551.3] P3_A_FAMILY_T2000_R1440: step 83 ELEVATED pairs=27187 evals=1236 786s
[604558.6] P3_A_FAMILY_T2000_R1440: step 84 ELEVATED pairs=26978 evals=1252 794s
[604567.1] P3_A_FAMILY_T2000_R1440: step 85 ELEVATED pairs=26963 evals=1268 802s
[604575.7] P3_A_FAMILY_T2000_R1440: step 86 ELEVATED pairs=26753 evals=1284 811s
[604584.5] P3_A_FAMILY_T2000_R1440: step 87 ELEVATED pairs=26590 evals=1300 820s
[604589.2] P3_A_FAMILY_T2000_R1440: step 88 ELEVATED pairs=26388 evals=1316 824s
[604589.3] P3_A_FAMILY_T2000_R1440: step 89 NO_CANDIDATES_GENERATED pairs=26388 evals=1316 824s
[604589.4] P3_A_FAMILY_T2000_R1440: step 90 NO_CANDIDATES_GENERATED pairs=26388 evals=1316 824s
[604597.7] P3_A_FAMILY_T2000_R1440: step 91 ELEVATED pairs=26188 evals=1332 833s
[604605.9] P3_A_FAMILY_T2000_R1440: step 92 ELEVATED pairs=26060 evals=1348 841s
[604614.4] P3_A_FAMILY_T2000_R1440: step 93 ELEVATED pairs=25946 evals=1364 849s
[604621.6] P3_A_FAMILY_T2000_R1440: step 94 ELEVATED pairs=25827 evals=1380 857s
[604632.5] P3_A_FAMILY_T2000_R1440: step 95 ELEVATED pairs=25665 evals=1396 868s
[604643.3] P3_A_FAMILY_T2000_R1440: step 96 ELEVATED pairs=25504 evals=1412 878s
[604643.4] P3_A_FAMILY_T2000_R1440: step 97 NO_CANDIDATES_GENERATED pairs=25504 evals=1412 878s
[604643.6] P3_A_FAMILY_T2000_R1440: step 98 NO_CANDIDATES_GENERATED pairs=25504 evals=1412 879s
[604643.7] P3_A_FAMILY_T2000_R1440: step 99 NO_CANDIDATES_GENERATED pairs=25504 evals=1412 879s
[604643.9] P3_A_FAMILY_T2000_R1440: step 100 NO_CANDIDATES_GENERATED pairs=25504 evals=1412 879s
[604644.0] P3_A_FAMILY_T2000_R1440: step 101 NO_CANDIDATES_GENERATED pairs=25504 evals=1412 879s
[604644.2] P3_A_FAMILY_T2000_R1440: step 102 NO_CANDIDATES_GENERATED pairs=25504 evals=1412 879s
[604654.6] P3_A_FAMILY_T2000_R1440: step 103 ELEVATED pairs=25345 evals=1428 890s
[604663.8] P3_A_FAMILY_T2000_R1440: step 104 ELEVATED pairs=25187 evals=1440 899s
[604664.0] P3_A_FAMILY_T2000_R1440: done final=25187 moves=92 first=92 reloc=0 ret=0 evals=1440 stop=CANDIDATE_BUDGET_EXHAUSTED
[604707.5] P3_A_FAMILY_T2000_R1440: recheck PASS checks=130816
GROUP DONE P3_A_FAMILY_T2000_R1440 PASS
