start-state rescan (challenge) ...
  challenge PASS pairs=30999 unresolved=3 elevated=77
[599033.8] P3_A_FAMILY_T200_RC2880: start mode=R budget=2880 spec={"name": "P3_A_FAMILY_T200", "target_policy": "LEGACY", "evaluation_policy": "E2_ORDERED_K16", "traversal_policy": "BASE", "max_targets": 200, "k_per_target": 16, "family_round_robin": true, "relocation_side_reserve": 0, "waiting_age": false, "route_coverage": false, "multi_anchor": false, "exact_dedup": false, "decision_cache": false, "return_action": false, "cache_structural_skips": false, "window_slack_mm": 1e-05, "generation_domain": "LINE_ONLY", "path_window_settings": null, "stage_length_cap_mm": null, "notes": ""}
[599033.8] P3_A_FAMILY_T200_RC2880: start state=challenge C:\Users\lihao\Desktop\Graduation Project\OpticalWaveguideRouter3D\outputs\3d_strategy_v4\512_full_layout\N2880 pairs=30999
[599038.8] P3_A_FAMILY_T200_RC2880: INITIAL_DONE pairs=30999
[599038.9] P3_A_FAMILY_T200_RC2880: step 1 NO_CANDIDATES_GENERATED pairs=30999 evals=0 0s
[599039.0] P3_A_FAMILY_T200_RC2880: step 2 NO_CANDIDATES_GENERATED pairs=30999 evals=0 0s
[599039.1] P3_A_FAMILY_T200_RC2880: step 3 NO_CANDIDATES_GENERATED pairs=30999 evals=0 0s
[599039.3] P3_A_FAMILY_T200_RC2880: step 4 NO_CANDIDATES_GENERATED pairs=30999 evals=0 1s
[599039.4] P3_A_FAMILY_T200_RC2880: step 5 NO_CANDIDATES_GENERATED pairs=30999 evals=0 1s
[599039.5] P3_A_FAMILY_T200_RC2880: step 6 NO_CANDIDATES_GENERATED pairs=30999 evals=0 1s
[599047.6] P3_A_FAMILY_T200_RC2880: step 7 ELEVATED pairs=30804 evals=16 9s
[599056.0] P3_A_FAMILY_T200_RC2880: step 8 ELEVATED pairs=30610 evals=32 17s
[599067.1] P3_A_FAMILY_T200_RC2880: step 9 ELEVATED pairs=30437 evals=48 28s
[599078.2] P3_A_FAMILY_T200_RC2880: step 10 ELEVATED pairs=30266 evals=64 39s
[599078.4] P3_A_FAMILY_T200_RC2880: step 11 NO_CANDIDATES_GENERATED pairs=30266 evals=64 40s
[599089.7] P3_A_FAMILY_T200_RC2880: step 12 ELEVATED pairs=30075 evals=80 51s
[599102.4] P3_A_FAMILY_T200_RC2880: step 13 ELEVATED pairs=29886 evals=96 64s
[599117.4] P3_A_FAMILY_T200_RC2880: step 14 ELEVATED pairs=29699 evals=112 79s
[599130.5] P3_A_FAMILY_T200_RC2880: step 15 ELEVATED pairs=29500 evals=128 92s
[599145.6] P3_A_FAMILY_T200_RC2880: step 16 ELEVATED pairs=29315 evals=144 107s
[599158.5] P3_A_FAMILY_T200_RC2880: step 17 ELEVATED pairs=29118 evals=160 120s
[599170.3] P3_A_FAMILY_T200_RC2880: step 18 ELEVATED pairs=28923 evals=176 132s
[599183.7] P3_A_FAMILY_T200_RC2880: step 19 ELEVATED pairs=28748 evals=192 145s
[599198.0] P3_A_FAMILY_T200_RC2880: step 20 ELEVATED pairs=28575 evals=208 159s
[599210.1] P3_A_FAMILY_T200_RC2880: step 21 ELEVATED pairs=28386 evals=224 171s
[599221.3] P3_A_FAMILY_T200_RC2880: step 22 ELEVATED pairs=28255 evals=240 183s
[599233.1] P3_A_FAMILY_T200_RC2880: step 23 ELEVATED pairs=28068 evals=256 194s
[599248.2] P3_A_FAMILY_T200_RC2880: step 24 ELEVATED pairs=27906 evals=272 209s
[599260.2] P3_A_FAMILY_T200_RC2880: step 25 ELEVATED pairs=27721 evals=288 221s
[599272.5] P3_A_FAMILY_T200_RC2880: step 26 ELEVATED pairs=27538 evals=304 234s
[599284.6] P3_A_FAMILY_T200_RC2880: step 27 ELEVATED pairs=27361 evals=320 246s
[599290.6] P3_A_FAMILY_T200_RC2880: step 28 ELEVATED pairs=27189 evals=329 252s
[599302.9] P3_A_FAMILY_T200_RC2880: step 29 ELEVATED pairs=27013 evals=345 264s
[599308.7] P3_A_FAMILY_T200_RC2880: step 30 ELEVATED pairs=26843 evals=354 270s
[599320.3] P3_A_FAMILY_T200_RC2880: step 31 ELEVATED pairs=26670 evals=370 282s
[599326.0] P3_A_FAMILY_T200_RC2880: step 32 ELEVATED pairs=26502 evals=379 287s
[599339.4] P3_A_FAMILY_T200_RC2880: step 33 ELEVATED pairs=26331 evals=395 301s
[599339.6] P3_A_FAMILY_T200_RC2880: step 34 NO_CANDIDATES_GENERATED pairs=26331 evals=395 301s
[599346.8] P3_A_FAMILY_T200_RC2880: step 35 ELEVATED pairs=26165 evals=404 308s
[599362.0] P3_A_FAMILY_T200_RC2880: step 36 ELEVATED pairs=25996 evals=420 323s
[599377.3] P3_A_FAMILY_T200_RC2880: step 37 ELEVATED pairs=25829 evals=436 339s
[599392.3] P3_A_FAMILY_T200_RC2880: step 38 ELEVATED pairs=25664 evals=452 354s
[599407.5] P3_A_FAMILY_T200_RC2880: step 39 ELEVATED pairs=25501 evals=468 369s
[599415.0] P3_A_FAMILY_T200_RC2880: step 40 ELEVATED pairs=25346 evals=484 376s
[599428.9] P3_A_FAMILY_T200_RC2880: step 41 ELEVATED pairs=25184 evals=500 390s
[599440.6] P3_A_FAMILY_T200_RC2880: step 42 ELEVATED pairs=25045 evals=516 402s
[599454.7] P3_A_FAMILY_T200_RC2880: step 43 ELEVATED pairs=24886 evals=532 416s
[599466.3] P3_A_FAMILY_T200_RC2880: step 44 ELEVATED pairs=24749 evals=548 428s
[599475.2] P3_A_FAMILY_T200_RC2880: step 45 ELEVATED pairs=24585 evals=564 436s
[599490.1] P3_A_FAMILY_T200_RC2880: step 46 ELEVATED pairs=24424 evals=580 451s
[599504.9] P3_A_FAMILY_T200_RC2880: step 47 ELEVATED pairs=24265 evals=596 466s
[599517.3] P3_A_FAMILY_T200_RC2880: step 48 ELEVATED pairs=24233 evals=612 479s
[599533.4] P3_A_FAMILY_T200_RC2880: step 49 ELEVATED pairs=24076 evals=628 495s
[599549.9] P3_A_FAMILY_T200_RC2880: step 50 ELEVATED pairs=23921 evals=644 511s
[599562.2] P3_A_FAMILY_T200_RC2880: step 51 ELEVATED pairs=23789 evals=660 523s
[599574.0] P3_A_FAMILY_T200_RC2880: step 52 ELEVATED pairs=23657 evals=676 535s
[599587.9] P3_A_FAMILY_T200_RC2880: step 53 ELEVATED pairs=23503 evals=692 549s
[599599.0] P3_A_FAMILY_T200_RC2880: step 54 ELEVATED pairs=23364 evals=708 560s
[599612.5] P3_A_FAMILY_T200_RC2880: step 55 ELEVATED pairs=23212 evals=724 574s
[599623.1] P3_A_FAMILY_T200_RC2880: step 56 ELEVATED pairs=23073 evals=740 584s
[599634.3] P3_A_FAMILY_T200_RC2880: step 57 ELEVATED pairs=22926 evals=756 596s
[599647.6] P3_A_FAMILY_T200_RC2880: step 58 ELEVATED pairs=22776 evals=772 609s
[599658.5] P3_A_FAMILY_T200_RC2880: step 59 ELEVATED pairs=22629 evals=788 620s
[599670.3] P3_A_FAMILY_T200_RC2880: step 60 ELEVATED pairs=22482 evals=804 632s
[599676.2] P3_A_FAMILY_T200_RC2880: step 61 ELEVATED pairs=22353 evals=820 637s
[599686.6] P3_A_FAMILY_T200_RC2880: step 62 ELEVATED pairs=22254 evals=829 648s
[599697.1] P3_A_FAMILY_T200_RC2880: step 63 ELEVATED pairs=22137 evals=845 658s
[599711.2] P3_A_FAMILY_T200_RC2880: step 64 ELEVATED pairs=22033 evals=861 672s
[599723.0] P3_A_FAMILY_T200_RC2880: step 65 ELEVATED pairs=21939 evals=877 684s
[599732.7] P3_A_FAMILY_T200_RC2880: step 66 ELEVATED pairs=21795 evals=893 694s
[599746.5] P3_A_FAMILY_T200_RC2880: step 67 ELEVATED pairs=21694 evals=909 708s
[599755.6] P3_A_FAMILY_T200_RC2880: step 68 ELEVATED pairs=21552 evals=925 717s
[599775.3] P3_A_FAMILY_T200_RC2880: step 69 ELEVATED pairs=21420 evals=941 737s
[599785.3] P3_A_FAMILY_T200_RC2880: step 70 ELEVATED pairs=21280 evals=957 747s
[599797.8] P3_A_FAMILY_T200_RC2880: step 71 ELEVATED pairs=21136 evals=973 759s
[599809.9] P3_A_FAMILY_T200_RC2880: step 72 ELEVATED pairs=20994 evals=989 771s
[599837.9] P3_A_FAMILY_T200_RC2880: step 73 ELEVATED pairs=20877 evals=1005 799s
[599851.2] P3_A_FAMILY_T200_RC2880: step 74 ELEVATED pairs=20737 evals=1021 812s
[599877.5] P3_A_FAMILY_T200_RC2880: step 75 ELEVATED pairs=20637 evals=1037 839s
[599902.0] P3_A_FAMILY_T200_RC2880: step 76 ELEVATED pairs=20527 evals=1053 863s
[599914.3] P3_A_FAMILY_T200_RC2880: step 77 ELEVATED pairs=20425 evals=1069 876s
[599937.5] P3_A_FAMILY_T200_RC2880: step 78 ELEVATED pairs=20315 evals=1085 899s
[599946.0] P3_A_FAMILY_T200_RC2880: step 79 ELEVATED pairs=20221 evals=1101 907s
[599956.1] P3_A_FAMILY_T200_RC2880: step 80 ELEVATED pairs=20119 evals=1117 917s
[599966.8] P3_A_FAMILY_T200_RC2880: step 81 ELEVATED pairs=19992 evals=1133 928s
[599977.1] P3_A_FAMILY_T200_RC2880: step 82 ELEVATED pairs=19892 evals=1149 938s
[599988.0] P3_A_FAMILY_T200_RC2880: step 83 ELEVATED pairs=19795 evals=1165 949s
[599996.1] P3_A_FAMILY_T200_RC2880: step 84 ELEVATED pairs=19673 evals=1181 957s
[600006.9] P3_A_FAMILY_T200_RC2880: step 85 ELEVATED pairs=19577 evals=1197 968s
[600018.0] P3_A_FAMILY_T200_RC2880: step 86 ELEVATED pairs=19448 evals=1213 979s
[600032.5] P3_A_FAMILY_T200_RC2880: step 87 ELEVATED pairs=19367 evals=1229 994s
[600043.8] P3_A_FAMILY_T200_RC2880: step 88 ELEVATED pairs=19240 evals=1245 1005s
[600055.6] P3_A_FAMILY_T200_RC2880: step 89 ELEVATED pairs=19115 evals=1261 1017s
[600066.5] P3_A_FAMILY_T200_RC2880: step 90 ELEVATED pairs=18998 evals=1277 1028s
[600078.1] P3_A_FAMILY_T200_RC2880: step 91 ELEVATED pairs=18875 evals=1293 1039s
[600089.2] P3_A_FAMILY_T200_RC2880: step 92 ELEVATED pairs=18760 evals=1309 1050s
[600103.1] P3_A_FAMILY_T200_RC2880: step 93 ELEVATED pairs=18681 evals=1325 1064s
[600103.4] P3_A_FAMILY_T200_RC2880: step 94 NO_CANDIDATES_GENERATED pairs=18681 evals=1325 1065s
[600107.6] P3_A_FAMILY_T200_RC2880: step 95 ELEVATED pairs=18564 evals=1334 1069s
[600114.2] P3_A_FAMILY_T200_RC2880: step 96 ELEVATED pairs=18496 evals=1350 1075s
[600120.9] P3_A_FAMILY_T200_RC2880: step 97 ELEVATED pairs=18419 evals=1366 1082s
[600131.4] P3_A_FAMILY_T200_RC2880: step 98 ELEVATED pairs=18343 evals=1382 1093s
[600143.8] P3_A_FAMILY_T200_RC2880: step 99 ELEVATED pairs=18268 evals=1398 1105s
[600154.2] P3_A_FAMILY_T200_RC2880: step 100 ELEVATED pairs=18194 evals=1414 1115s
[600164.8] P3_A_FAMILY_T200_RC2880: step 101 ELEVATED pairs=18120 evals=1430 1126s
[600171.0] P3_A_FAMILY_T200_RC2880: step 102 ELEVATED pairs=18014 evals=1439 1132s
[600178.3] P3_A_FAMILY_T200_RC2880: step 103 ELEVATED pairs=17910 evals=1448 1140s
[600185.5] P3_A_FAMILY_T200_RC2880: step 104 ELEVATED pairs=17847 evals=1464 1147s
[600193.1] P3_A_FAMILY_T200_RC2880: step 105 ELEVATED pairs=17784 evals=1480 1154s
[600193.3] P3_A_FAMILY_T200_RC2880: step 106 NO_CANDIDATES_GENERATED pairs=17784 evals=1480 1155s
[600193.5] P3_A_FAMILY_T200_RC2880: step 107 NO_CANDIDATES_GENERATED pairs=17784 evals=1480 1155s
[600193.6] P3_A_FAMILY_T200_RC2880: step 108 NO_CANDIDATES_GENERATED pairs=17784 evals=1480 1155s
[600193.8] P3_A_FAMILY_T200_RC2880: step 109 NO_CANDIDATES_GENERATED pairs=17784 evals=1480 1155s
[600194.0] P3_A_FAMILY_T200_RC2880: step 110 NO_CANDIDATES_GENERATED pairs=17784 evals=1480 1155s
[600194.1] P3_A_FAMILY_T200_RC2880: step 111 NO_CANDIDATES_GENERATED pairs=17784 evals=1480 1155s
[600194.3] P3_A_FAMILY_T200_RC2880: step 112 NO_CANDIDATES_GENERATED pairs=17784 evals=1480 1156s
[600194.4] P3_A_FAMILY_T200_RC2880: step 113 NO_CANDIDATES_GENERATED pairs=17784 evals=1480 1156s
[600194.6] P3_A_FAMILY_T200_RC2880: step 114 NO_CANDIDATES_GENERATED pairs=17784 evals=1480 1156s
[600194.8] P3_A_FAMILY_T200_RC2880: step 115 NO_CANDIDATES_GENERATED pairs=17784 evals=1480 1156s
[600194.9] P3_A_FAMILY_T200_RC2880: step 116 NO_CANDIDATES_GENERATED pairs=17784 evals=1480 1156s
[600195.0] P3_A_FAMILY_T200_RC2880: step 117 NO_CANDIDATES_GENERATED pairs=17784 evals=1480 1156s
[600195.2] P3_A_FAMILY_T200_RC2880: step 118 NO_CANDIDATES_GENERATED pairs=17784 evals=1480 1156s
[600195.4] P3_A_FAMILY_T200_RC2880: step 119 NO_CANDIDATES_GENERATED pairs=17784 evals=1480 1157s
[600195.5] P3_A_FAMILY_T200_RC2880: step 120 NO_CANDIDATES_GENERATED pairs=17784 evals=1480 1157s
[600195.7] P3_A_FAMILY_T200_RC2880: step 121 NO_CANDIDATES_GENERATED pairs=17784 evals=1480 1157s
[600203.0] P3_A_FAMILY_T200_RC2880: step 122 PREFIX_EVALUATED_NO_WINNER_DEFERRED pairs=17784 evals=1496 1164s
[600210.5] P3_A_FAMILY_T200_RC2880: step 123 PREFIX_EVALUATED_NO_WINNER_DEFERRED pairs=17784 evals=1512 1172s
[600218.0] P3_A_FAMILY_T200_RC2880: step 124 ELEVATED pairs=17725 evals=1528 1179s
[600225.7] P3_A_FAMILY_T200_RC2880: step 125 PREFIX_EVALUATED_NO_WINNER_DEFERRED pairs=17725 evals=1544 1187s
[600233.3] P3_A_FAMILY_T200_RC2880: step 126 PREFIX_EVALUATED_NO_WINNER_DEFERRED pairs=17725 evals=1560 1195s
[600233.6] P3_A_FAMILY_T200_RC2880: step 127 NO_CANDIDATES_GENERATED pairs=17725 evals=1560 1195s
[600234.0] P3_A_FAMILY_T200_RC2880: step 128 NO_CANDIDATES_GENERATED pairs=17725 evals=1560 1195s
[600234.4] P3_A_FAMILY_T200_RC2880: step 129 NO_CANDIDATES_GENERATED pairs=17725 evals=1560 1196s
[600234.8] P3_A_FAMILY_T200_RC2880: step 130 NO_CANDIDATES_GENERATED pairs=17725 evals=1560 1196s
[600235.2] P3_A_FAMILY_T200_RC2880: step 131 NO_CANDIDATES_GENERATED pairs=17725 evals=1560 1196s
[600235.6] P3_A_FAMILY_T200_RC2880: step 132 NO_CANDIDATES_GENERATED pairs=17725 evals=1560 1197s
[600235.9] P3_A_FAMILY_T200_RC2880: step 133 NO_CANDIDATES_GENERATED pairs=17725 evals=1560 1197s
[600236.3] P3_A_FAMILY_T200_RC2880: step 134 NO_CANDIDATES_GENERATED pairs=17725 evals=1560 1198s
[600236.7] P3_A_FAMILY_T200_RC2880: step 135 NO_CANDIDATES_GENERATED pairs=17725 evals=1560 1198s
[600237.1] P3_A_FAMILY_T200_RC2880: step 136 NO_CANDIDATES_GENERATED pairs=17725 evals=1560 1198s
[600237.5] P3_A_FAMILY_T200_RC2880: step 137 NO_CANDIDATES_GENERATED pairs=17725 evals=1560 1199s
[600237.9] P3_A_FAMILY_T200_RC2880: step 138 NO_CANDIDATES_GENERATED pairs=17725 evals=1560 1199s
[600238.3] P3_A_FAMILY_T200_RC2880: step 139 NO_CANDIDATES_GENERATED pairs=17725 evals=1560 1200s
[600238.7] P3_A_FAMILY_T200_RC2880: step 140 NO_CANDIDATES_GENERATED pairs=17725 evals=1560 1200s
[600239.1] P3_A_FAMILY_T200_RC2880: step 141 NO_CANDIDATES_GENERATED pairs=17725 evals=1560 1200s
[600239.5] P3_A_FAMILY_T200_RC2880: step 142 NO_CANDIDATES_GENERATED pairs=17725 evals=1560 1201s
[600247.7] P3_A_FAMILY_T200_RC2880: step 143 ELEVATED pairs=17667 evals=1576 1209s
[600256.9] P3_A_FAMILY_T200_RC2880: step 144 ELEVATED pairs=17576 evals=1592 1218s
[600265.0] P3_A_FAMILY_T200_RC2880: step 145 PREFIX_EVALUATED_NO_WINNER_DEFERRED pairs=17576 evals=1608 1226s
[600273.1] P3_A_FAMILY_T200_RC2880: step 146 PREFIX_EVALUATED_NO_WINNER_DEFERRED pairs=17576 evals=1624 1234s
[600281.6] P3_A_FAMILY_T200_RC2880: step 147 ELEVATED pairs=17518 evals=1640 1243s
[600289.7] P3_A_FAMILY_T200_RC2880: step 148 PREFIX_EVALUATED_NO_WINNER_DEFERRED pairs=17518 evals=1656 1251s
[600298.0] P3_A_FAMILY_T200_RC2880: step 149 PREFIX_EVALUATED_NO_WINNER_DEFERRED pairs=17518 evals=1672 1259s
[600307.7] P3_A_FAMILY_T200_RC2880: step 150 ELEVATED pairs=17429 evals=1688 1269s
[600316.3] P3_A_FAMILY_T200_RC2880: step 151 PREFIX_EVALUATED_NO_WINNER_DEFERRED pairs=17429 evals=1704 1278s
[600324.9] P3_A_FAMILY_T200_RC2880: step 152 PREFIX_EVALUATED_NO_WINNER_DEFERRED pairs=17429 evals=1720 1286s
[600333.2] P3_A_FAMILY_T200_RC2880: step 153 ELEVATED pairs=17371 evals=1736 1294s
[600341.5] P3_A_FAMILY_T200_RC2880: step 154 PREFIX_EVALUATED_NO_WINNER_DEFERRED pairs=17371 evals=1752 1303s
[600349.6] P3_A_FAMILY_T200_RC2880: step 155 PREFIX_EVALUATED_NO_WINNER_DEFERRED pairs=17371 evals=1768 1311s
[600358.2] P3_A_FAMILY_T200_RC2880: step 156 ELEVATED pairs=17313 evals=1784 1319s
[600366.6] P3_A_FAMILY_T200_RC2880: step 157 PREFIX_EVALUATED_NO_WINNER_DEFERRED pairs=17313 evals=1800 1328s
[600374.8] P3_A_FAMILY_T200_RC2880: step 158 PREFIX_EVALUATED_NO_WINNER_DEFERRED pairs=17313 evals=1816 1336s
[600383.9] P3_A_FAMILY_T200_RC2880: step 159 ELEVATED pairs=17226 evals=1832 1345s
[600391.9] P3_A_FAMILY_T200_RC2880: step 160 PREFIX_EVALUATED_NO_WINNER_DEFERRED pairs=17226 evals=1848 1353s
[600399.9] P3_A_FAMILY_T200_RC2880: step 161 PREFIX_EVALUATED_NO_WINNER_DEFERRED pairs=17226 evals=1864 1361s
[600408.1] P3_A_FAMILY_T200_RC2880: step 162 ELEVATED pairs=17168 evals=1880 1369s
[600415.7] P3_A_FAMILY_T200_RC2880: step 163 PREFIX_EVALUATED_NO_WINNER_DEFERRED pairs=17168 evals=1896 1377s
[600422.9] P3_A_FAMILY_T200_RC2880: step 164 PREFIX_EVALUATED_NO_WINNER_DEFERRED pairs=17168 evals=1912 1384s
[600430.9] P3_A_FAMILY_T200_RC2880: step 165 ELEVATED pairs=17110 evals=1928 1392s
[600438.8] P3_A_FAMILY_T200_RC2880: step 166 PREFIX_EVALUATED_NO_WINNER_DEFERRED pairs=17110 evals=1944 1400s
[600447.4] P3_A_FAMILY_T200_RC2880: step 167 PREFIX_EVALUATED_NO_WINNER_DEFERRED pairs=17110 evals=1960 1409s
[600458.4] P3_A_FAMILY_T200_RC2880: step 168 ELEVATED pairs=16988 evals=1976 1420s
[600466.6] P3_A_FAMILY_T200_RC2880: step 169 PREFIX_EVALUATED_NO_WINNER_DEFERRED pairs=16988 evals=1992 1428s
[600474.7] P3_A_FAMILY_T200_RC2880: step 170 PREFIX_EVALUATED_NO_WINNER_DEFERRED pairs=16988 evals=2008 1436s
[600486.9] P3_A_FAMILY_T200_RC2880: step 171 ELEVATED pairs=16920 evals=2017 1448s
[600495.1] P3_A_FAMILY_T200_RC2880: step 172 PREFIX_EVALUATED_NO_WINNER_DEFERRED pairs=16920 evals=2033 1456s
[600503.1] P3_A_FAMILY_T200_RC2880: step 173 PREFIX_EVALUATED_NO_WINNER_DEFERRED pairs=16920 evals=2049 1464s
[600513.6] P3_A_FAMILY_T200_RC2880: step 174 ELEVATED pairs=16798 evals=2065 1475s
[600521.4] P3_A_FAMILY_T200_RC2880: step 175 PREFIX_EVALUATED_NO_WINNER_DEFERRED pairs=16798 evals=2081 1483s
[600529.4] P3_A_FAMILY_T200_RC2880: step 176 PREFIX_EVALUATED_NO_WINNER_DEFERRED pairs=16798 evals=2097 1491s
[600539.3] P3_A_FAMILY_T200_RC2880: step 177 ELEVATED pairs=16679 evals=2113 1501s
[600547.8] P3_A_FAMILY_T200_RC2880: step 178 PREFIX_EVALUATED_NO_WINNER_DEFERRED pairs=16679 evals=2129 1509s
[600556.5] P3_A_FAMILY_T200_RC2880: step 179 PREFIX_EVALUATED_NO_WINNER_DEFERRED pairs=16679 evals=2145 1518s
[600566.0] P3_A_FAMILY_T200_RC2880: step 180 ELEVATED pairs=16604 evals=2161 1527s
[600574.6] P3_A_FAMILY_T200_RC2880: step 181 PREFIX_EVALUATED_NO_WINNER_DEFERRED pairs=16604 evals=2177 1536s
[600582.9] P3_A_FAMILY_T200_RC2880: step 182 PREFIX_EVALUATED_NO_WINNER_DEFERRED pairs=16604 evals=2193 1544s
[600594.0] P3_A_FAMILY_T200_RC2880: step 183 ELEVATED pairs=16524 evals=2209 1555s
[600602.3] P3_A_FAMILY_T200_RC2880: step 184 PREFIX_EVALUATED_NO_WINNER_DEFERRED pairs=16524 evals=2225 1564s
[600610.7] P3_A_FAMILY_T200_RC2880: step 185 PREFIX_EVALUATED_NO_WINNER_DEFERRED pairs=16524 evals=2241 1572s
[600625.2] P3_A_FAMILY_T200_RC2880: step 186 ELEVATED pairs=16431 evals=2257 1586s
[600633.2] P3_A_FAMILY_T200_RC2880: step 187 PREFIX_EVALUATED_NO_WINNER_DEFERRED pairs=16431 evals=2273 1594s
[600641.0] P3_A_FAMILY_T200_RC2880: step 188 PREFIX_EVALUATED_NO_WINNER_DEFERRED pairs=16431 evals=2289 1602s
[600655.0] P3_A_FAMILY_T200_RC2880: step 189 ELEVATED pairs=16338 evals=2305 1616s
[600663.7] P3_A_FAMILY_T200_RC2880: step 190 PREFIX_EVALUATED_NO_WINNER_DEFERRED pairs=16338 evals=2321 1625s
[600671.8] P3_A_FAMILY_T200_RC2880: step 191 PREFIX_EVALUATED_NO_WINNER_DEFERRED pairs=16338 evals=2337 1633s
[600685.7] P3_A_FAMILY_T200_RC2880: step 192 ELEVATED pairs=16244 evals=2353 1647s
[600693.3] P3_A_FAMILY_T200_RC2880: step 193 PREFIX_EVALUATED_NO_WINNER_DEFERRED pairs=16244 evals=2369 1655s
[600700.9] P3_A_FAMILY_T200_RC2880: step 194 PREFIX_EVALUATED_NO_WINNER_DEFERRED pairs=16244 evals=2385 1662s
[600717.0] P3_A_FAMILY_T200_RC2880: step 195 ELEVATED pairs=16157 evals=2401 1678s
[600725.1] P3_A_FAMILY_T200_RC2880: step 196 PREFIX_EVALUATED_NO_WINNER_DEFERRED pairs=16157 evals=2417 1686s
[600738.1] P3_A_FAMILY_T200_RC2880: step 197 ELEVATED pairs=16062 evals=2433 1699s
[600745.9] P3_A_FAMILY_T200_RC2880: step 198 PREFIX_EVALUATED_NO_WINNER_DEFERRED pairs=16062 evals=2449 1707s
[600764.1] P3_A_FAMILY_T200_RC2880: step 199 ELEVATED pairs=15974 evals=2465 1725s
[600776.5] P3_A_FAMILY_T200_RC2880: step 200 RELOCATED pairs=15877 evals=2481 1738s
[600777.0] P3_A_FAMILY_T200_RC2880: done final=15877 moves=119 first=118 reloc=1 ret=0 evals=2481 stop=TARGET_LIMIT
[600859.7] P3_A_FAMILY_T200_RC2880: recheck PASS checks=130816
GROUP DONE P3_A_FAMILY_T200_RC2880 PASS
