start-state rescan (challenge) ...
  challenge PASS pairs=30999 unresolved=3 elevated=77
[599033.6] P3_A_FAMILY_T200_NC2880: start mode=N budget=2880 spec={"name": "P3_A_FAMILY_T200", "target_policy": "LEGACY", "evaluation_policy": "E2_ORDERED_K16", "traversal_policy": "BASE", "max_targets": 200, "k_per_target": 16, "family_round_robin": true, "relocation_side_reserve": 0, "waiting_age": false, "route_coverage": false, "multi_anchor": false, "exact_dedup": false, "decision_cache": false, "return_action": false, "cache_structural_skips": false, "window_slack_mm": 1e-05, "generation_domain": "LINE_ONLY", "path_window_settings": null, "stage_length_cap_mm": null, "notes": ""}
[599033.6] P3_A_FAMILY_T200_NC2880: start state=challenge C:\Users\lihao\Desktop\Graduation Project\OpticalWaveguideRouter3D\outputs\3d_strategy_v4\512_full_layout\N2880 pairs=30999
[599038.6] P3_A_FAMILY_T200_NC2880: INITIAL_DONE pairs=30999
[599038.7] P3_A_FAMILY_T200_NC2880: step 1 NO_CANDIDATES_GENERATED pairs=30999 evals=0 0s
[599038.8] P3_A_FAMILY_T200_NC2880: step 2 NO_CANDIDATES_GENERATED pairs=30999 evals=0 0s
[599039.0] P3_A_FAMILY_T200_NC2880: step 3 NO_CANDIDATES_GENERATED pairs=30999 evals=0 0s
[599039.1] P3_A_FAMILY_T200_NC2880: step 4 NO_CANDIDATES_GENERATED pairs=30999 evals=0 1s
[599039.2] P3_A_FAMILY_T200_NC2880: step 5 NO_CANDIDATES_GENERATED pairs=30999 evals=0 1s
[599039.3] P3_A_FAMILY_T200_NC2880: step 6 NO_CANDIDATES_GENERATED pairs=30999 evals=0 1s
[599047.3] P3_A_FAMILY_T200_NC2880: step 7 ELEVATED pairs=30804 evals=16 9s
[599055.7] P3_A_FAMILY_T200_NC2880: step 8 ELEVATED pairs=30610 evals=32 17s
[599067.0] P3_A_FAMILY_T200_NC2880: step 9 ELEVATED pairs=30437 evals=48 28s
[599078.1] P3_A_FAMILY_T200_NC2880: step 10 ELEVATED pairs=30266 evals=64 40s
[599078.4] P3_A_FAMILY_T200_NC2880: step 11 NO_CANDIDATES_GENERATED pairs=30266 evals=64 40s
[599090.0] P3_A_FAMILY_T200_NC2880: step 12 ELEVATED pairs=30075 evals=80 51s
[599103.0] P3_A_FAMILY_T200_NC2880: step 13 ELEVATED pairs=29886 evals=96 64s
[599118.2] P3_A_FAMILY_T200_NC2880: step 14 ELEVATED pairs=29699 evals=112 80s
[599131.4] P3_A_FAMILY_T200_NC2880: step 15 ELEVATED pairs=29500 evals=128 93s
[599146.7] P3_A_FAMILY_T200_NC2880: step 16 ELEVATED pairs=29315 evals=144 108s
[599159.7] P3_A_FAMILY_T200_NC2880: step 17 ELEVATED pairs=29118 evals=160 121s
[599171.4] P3_A_FAMILY_T200_NC2880: step 18 ELEVATED pairs=28923 evals=176 133s
[599184.8] P3_A_FAMILY_T200_NC2880: step 19 ELEVATED pairs=28748 evals=192 146s
[599199.2] P3_A_FAMILY_T200_NC2880: step 20 ELEVATED pairs=28575 evals=208 161s
[599211.7] P3_A_FAMILY_T200_NC2880: step 21 ELEVATED pairs=28386 evals=224 173s
[599223.2] P3_A_FAMILY_T200_NC2880: step 22 ELEVATED pairs=28255 evals=240 185s
[599234.7] P3_A_FAMILY_T200_NC2880: step 23 ELEVATED pairs=28068 evals=256 196s
[599250.0] P3_A_FAMILY_T200_NC2880: step 24 ELEVATED pairs=27906 evals=272 211s
[599262.0] P3_A_FAMILY_T200_NC2880: step 25 ELEVATED pairs=27721 evals=288 223s
[599274.3] P3_A_FAMILY_T200_NC2880: step 26 ELEVATED pairs=27538 evals=304 236s
[599286.5] P3_A_FAMILY_T200_NC2880: step 27 ELEVATED pairs=27361 evals=320 248s
[599292.5] P3_A_FAMILY_T200_NC2880: step 28 ELEVATED pairs=27189 evals=329 254s
[599305.0] P3_A_FAMILY_T200_NC2880: step 29 ELEVATED pairs=27013 evals=345 266s
[599311.0] P3_A_FAMILY_T200_NC2880: step 30 ELEVATED pairs=26843 evals=354 272s
[599322.7] P3_A_FAMILY_T200_NC2880: step 31 ELEVATED pairs=26670 evals=370 284s
[599328.8] P3_A_FAMILY_T200_NC2880: step 32 ELEVATED pairs=26502 evals=379 290s
[599343.3] P3_A_FAMILY_T200_NC2880: step 33 ELEVATED pairs=26331 evals=395 305s
[599343.6] P3_A_FAMILY_T200_NC2880: step 34 NO_CANDIDATES_GENERATED pairs=26331 evals=395 305s
[599350.9] P3_A_FAMILY_T200_NC2880: step 35 ELEVATED pairs=26165 evals=404 312s
[599366.7] P3_A_FAMILY_T200_NC2880: step 36 ELEVATED pairs=25996 evals=420 328s
[599382.2] P3_A_FAMILY_T200_NC2880: step 37 ELEVATED pairs=25829 evals=436 344s
[599397.4] P3_A_FAMILY_T200_NC2880: step 38 ELEVATED pairs=25664 evals=452 359s
[599412.4] P3_A_FAMILY_T200_NC2880: step 39 ELEVATED pairs=25501 evals=468 374s
[599420.1] P3_A_FAMILY_T200_NC2880: step 40 ELEVATED pairs=25346 evals=484 382s
[599434.1] P3_A_FAMILY_T200_NC2880: step 41 ELEVATED pairs=25184 evals=500 396s
[599446.2] P3_A_FAMILY_T200_NC2880: step 42 ELEVATED pairs=25045 evals=516 408s
[599460.7] P3_A_FAMILY_T200_NC2880: step 43 ELEVATED pairs=24886 evals=532 422s
[599472.6] P3_A_FAMILY_T200_NC2880: step 44 ELEVATED pairs=24749 evals=548 434s
[599481.7] P3_A_FAMILY_T200_NC2880: step 45 ELEVATED pairs=24585 evals=564 443s
[599497.0] P3_A_FAMILY_T200_NC2880: step 46 ELEVATED pairs=24424 evals=580 458s
[599512.4] P3_A_FAMILY_T200_NC2880: step 47 ELEVATED pairs=24265 evals=596 474s
[599525.3] P3_A_FAMILY_T200_NC2880: step 48 ELEVATED pairs=24233 evals=612 487s
[599541.4] P3_A_FAMILY_T200_NC2880: step 49 ELEVATED pairs=24076 evals=628 503s
[599558.7] P3_A_FAMILY_T200_NC2880: step 50 ELEVATED pairs=23921 evals=644 520s
[599570.9] P3_A_FAMILY_T200_NC2880: step 51 ELEVATED pairs=23789 evals=660 532s
[599582.6] P3_A_FAMILY_T200_NC2880: step 52 ELEVATED pairs=23657 evals=676 544s
[599596.5] P3_A_FAMILY_T200_NC2880: step 53 ELEVATED pairs=23503 evals=692 558s
[599607.2] P3_A_FAMILY_T200_NC2880: step 54 ELEVATED pairs=23364 evals=708 569s
[599620.7] P3_A_FAMILY_T200_NC2880: step 55 ELEVATED pairs=23212 evals=724 582s
[599631.3] P3_A_FAMILY_T200_NC2880: step 56 ELEVATED pairs=23073 evals=740 593s
[599642.7] P3_A_FAMILY_T200_NC2880: step 57 ELEVATED pairs=22926 evals=756 604s
[599656.1] P3_A_FAMILY_T200_NC2880: step 58 ELEVATED pairs=22776 evals=772 617s
[599667.9] P3_A_FAMILY_T200_NC2880: step 59 ELEVATED pairs=22629 evals=788 629s
[599680.0] P3_A_FAMILY_T200_NC2880: step 60 ELEVATED pairs=22482 evals=804 641s
[599686.1] P3_A_FAMILY_T200_NC2880: step 61 ELEVATED pairs=22353 evals=820 648s
[599696.5] P3_A_FAMILY_T200_NC2880: step 62 ELEVATED pairs=22254 evals=829 658s
[599707.2] P3_A_FAMILY_T200_NC2880: step 63 ELEVATED pairs=22137 evals=845 669s
[599721.6] P3_A_FAMILY_T200_NC2880: step 64 ELEVATED pairs=22033 evals=861 683s
[599733.3] P3_A_FAMILY_T200_NC2880: step 65 ELEVATED pairs=21939 evals=877 695s
[599743.1] P3_A_FAMILY_T200_NC2880: step 66 ELEVATED pairs=21795 evals=893 705s
[599756.8] P3_A_FAMILY_T200_NC2880: step 67 ELEVATED pairs=21694 evals=909 718s
[599766.1] P3_A_FAMILY_T200_NC2880: step 68 ELEVATED pairs=21552 evals=925 727s
[599786.5] P3_A_FAMILY_T200_NC2880: step 69 ELEVATED pairs=21420 evals=941 748s
[599796.3] P3_A_FAMILY_T200_NC2880: step 70 ELEVATED pairs=21280 evals=957 758s
[599808.5] P3_A_FAMILY_T200_NC2880: step 71 ELEVATED pairs=21136 evals=973 770s
[599822.0] P3_A_FAMILY_T200_NC2880: step 72 ELEVATED pairs=20994 evals=989 783s
[599850.3] P3_A_FAMILY_T200_NC2880: step 73 ELEVATED pairs=20877 evals=1005 812s
[599863.7] P3_A_FAMILY_T200_NC2880: step 74 ELEVATED pairs=20737 evals=1021 825s
[599890.2] P3_A_FAMILY_T200_NC2880: step 75 ELEVATED pairs=20637 evals=1037 852s
[599914.7] P3_A_FAMILY_T200_NC2880: step 76 ELEVATED pairs=20527 evals=1053 876s
[599927.3] P3_A_FAMILY_T200_NC2880: step 77 ELEVATED pairs=20425 evals=1069 889s
[599950.2] P3_A_FAMILY_T200_NC2880: step 78 ELEVATED pairs=20315 evals=1085 912s
[599958.6] P3_A_FAMILY_T200_NC2880: step 79 ELEVATED pairs=20221 evals=1101 920s
[599969.5] P3_A_FAMILY_T200_NC2880: step 80 ELEVATED pairs=20119 evals=1117 931s
[599979.9] P3_A_FAMILY_T200_NC2880: step 81 ELEVATED pairs=19992 evals=1133 941s
[599990.8] P3_A_FAMILY_T200_NC2880: step 82 ELEVATED pairs=19892 evals=1149 952s
[600001.4] P3_A_FAMILY_T200_NC2880: step 83 ELEVATED pairs=19795 evals=1165 963s
[600009.7] P3_A_FAMILY_T200_NC2880: step 84 ELEVATED pairs=19673 evals=1181 971s
[600020.7] P3_A_FAMILY_T200_NC2880: step 85 ELEVATED pairs=19577 evals=1197 982s
[600031.8] P3_A_FAMILY_T200_NC2880: step 86 ELEVATED pairs=19448 evals=1213 993s
[600046.6] P3_A_FAMILY_T200_NC2880: step 87 ELEVATED pairs=19367 evals=1229 1008s
[600057.9] P3_A_FAMILY_T200_NC2880: step 88 ELEVATED pairs=19240 evals=1245 1019s
[600070.1] P3_A_FAMILY_T200_NC2880: step 89 ELEVATED pairs=19115 evals=1261 1031s
[600081.0] P3_A_FAMILY_T200_NC2880: step 90 ELEVATED pairs=18998 evals=1277 1042s
[600092.9] P3_A_FAMILY_T200_NC2880: step 91 ELEVATED pairs=18875 evals=1293 1054s
[600104.2] P3_A_FAMILY_T200_NC2880: step 92 ELEVATED pairs=18760 evals=1309 1066s
[600118.7] P3_A_FAMILY_T200_NC2880: step 93 ELEVATED pairs=18681 evals=1325 1080s
[600118.9] P3_A_FAMILY_T200_NC2880: step 94 NO_CANDIDATES_GENERATED pairs=18681 evals=1325 1080s
[600122.6] P3_A_FAMILY_T200_NC2880: step 95 ELEVATED pairs=18564 evals=1334 1084s
[600129.1] P3_A_FAMILY_T200_NC2880: step 96 ELEVATED pairs=18496 evals=1350 1091s
[600135.8] P3_A_FAMILY_T200_NC2880: step 97 ELEVATED pairs=18419 evals=1366 1097s
[600146.7] P3_A_FAMILY_T200_NC2880: step 98 ELEVATED pairs=18343 evals=1382 1108s
[600158.8] P3_A_FAMILY_T200_NC2880: step 99 ELEVATED pairs=18268 evals=1398 1120s
[600169.2] P3_A_FAMILY_T200_NC2880: step 100 ELEVATED pairs=18194 evals=1414 1131s
[600179.5] P3_A_FAMILY_T200_NC2880: step 101 ELEVATED pairs=18120 evals=1430 1141s
[600185.5] P3_A_FAMILY_T200_NC2880: step 102 ELEVATED pairs=18014 evals=1439 1147s
[600192.9] P3_A_FAMILY_T200_NC2880: step 103 ELEVATED pairs=17910 evals=1448 1154s
[600200.2] P3_A_FAMILY_T200_NC2880: step 104 ELEVATED pairs=17847 evals=1464 1162s
[600207.8] P3_A_FAMILY_T200_NC2880: step 105 ELEVATED pairs=17784 evals=1480 1169s
[600208.0] P3_A_FAMILY_T200_NC2880: step 106 NO_CANDIDATES_GENERATED pairs=17784 evals=1480 1169s
[600208.2] P3_A_FAMILY_T200_NC2880: step 107 NO_CANDIDATES_GENERATED pairs=17784 evals=1480 1170s
[600208.3] P3_A_FAMILY_T200_NC2880: step 108 NO_CANDIDATES_GENERATED pairs=17784 evals=1480 1170s
[600208.5] P3_A_FAMILY_T200_NC2880: step 109 NO_CANDIDATES_GENERATED pairs=17784 evals=1480 1170s
[600208.6] P3_A_FAMILY_T200_NC2880: step 110 NO_CANDIDATES_GENERATED pairs=17784 evals=1480 1170s
[600208.8] P3_A_FAMILY_T200_NC2880: step 111 NO_CANDIDATES_GENERATED pairs=17784 evals=1480 1170s
[600209.0] P3_A_FAMILY_T200_NC2880: step 112 NO_CANDIDATES_GENERATED pairs=17784 evals=1480 1170s
[600209.1] P3_A_FAMILY_T200_NC2880: step 113 NO_CANDIDATES_GENERATED pairs=17784 evals=1480 1171s
[600209.3] P3_A_FAMILY_T200_NC2880: step 114 NO_CANDIDATES_GENERATED pairs=17784 evals=1480 1171s
[600209.4] P3_A_FAMILY_T200_NC2880: step 115 NO_CANDIDATES_GENERATED pairs=17784 evals=1480 1171s
[600209.6] P3_A_FAMILY_T200_NC2880: step 116 NO_CANDIDATES_GENERATED pairs=17784 evals=1480 1171s
[600209.7] P3_A_FAMILY_T200_NC2880: step 117 NO_CANDIDATES_GENERATED pairs=17784 evals=1480 1171s
[600209.9] P3_A_FAMILY_T200_NC2880: step 118 NO_CANDIDATES_GENERATED pairs=17784 evals=1480 1171s
[600210.0] P3_A_FAMILY_T200_NC2880: step 119 NO_CANDIDATES_GENERATED pairs=17784 evals=1480 1171s
[600210.2] P3_A_FAMILY_T200_NC2880: step 120 NO_CANDIDATES_GENERATED pairs=17784 evals=1480 1172s
[600210.3] P3_A_FAMILY_T200_NC2880: step 121 NO_CANDIDATES_GENERATED pairs=17784 evals=1480 1172s
[600217.7] P3_A_FAMILY_T200_NC2880: step 122 PREFIX_EVALUATED_NO_WINNER_DEFERRED pairs=17784 evals=1496 1179s
[600225.4] P3_A_FAMILY_T200_NC2880: step 123 PREFIX_EVALUATED_NO_WINNER_DEFERRED pairs=17784 evals=1512 1187s
[600233.2] P3_A_FAMILY_T200_NC2880: step 124 ELEVATED pairs=17725 evals=1528 1195s
[600241.1] P3_A_FAMILY_T200_NC2880: step 125 PREFIX_EVALUATED_NO_WINNER_DEFERRED pairs=17725 evals=1544 1203s
[600249.2] P3_A_FAMILY_T200_NC2880: step 126 PREFIX_EVALUATED_NO_WINNER_DEFERRED pairs=17725 evals=1560 1211s
[600249.6] P3_A_FAMILY_T200_NC2880: step 127 NO_CANDIDATES_GENERATED pairs=17725 evals=1560 1211s
[600250.0] P3_A_FAMILY_T200_NC2880: step 128 NO_CANDIDATES_GENERATED pairs=17725 evals=1560 1211s
[600250.4] P3_A_FAMILY_T200_NC2880: step 129 NO_CANDIDATES_GENERATED pairs=17725 evals=1560 1212s
[600250.8] P3_A_FAMILY_T200_NC2880: step 130 NO_CANDIDATES_GENERATED pairs=17725 evals=1560 1212s
[600251.2] P3_A_FAMILY_T200_NC2880: step 131 NO_CANDIDATES_GENERATED pairs=17725 evals=1560 1213s
[600251.6] P3_A_FAMILY_T200_NC2880: step 132 NO_CANDIDATES_GENERATED pairs=17725 evals=1560 1213s
[600252.1] P3_A_FAMILY_T200_NC2880: step 133 NO_CANDIDATES_GENERATED pairs=17725 evals=1560 1214s
[600252.5] P3_A_FAMILY_T200_NC2880: step 134 NO_CANDIDATES_GENERATED pairs=17725 evals=1560 1214s
[600252.9] P3_A_FAMILY_T200_NC2880: step 135 NO_CANDIDATES_GENERATED pairs=17725 evals=1560 1214s
[600253.3] P3_A_FAMILY_T200_NC2880: step 136 NO_CANDIDATES_GENERATED pairs=17725 evals=1560 1215s
[600253.7] P3_A_FAMILY_T200_NC2880: step 137 NO_CANDIDATES_GENERATED pairs=17725 evals=1560 1215s
[600254.1] P3_A_FAMILY_T200_NC2880: step 138 NO_CANDIDATES_GENERATED pairs=17725 evals=1560 1215s
[600254.5] P3_A_FAMILY_T200_NC2880: step 139 NO_CANDIDATES_GENERATED pairs=17725 evals=1560 1216s
[600254.9] P3_A_FAMILY_T200_NC2880: step 140 NO_CANDIDATES_GENERATED pairs=17725 evals=1560 1216s
[600255.3] P3_A_FAMILY_T200_NC2880: step 141 NO_CANDIDATES_GENERATED pairs=17725 evals=1560 1217s
[600255.7] P3_A_FAMILY_T200_NC2880: step 142 NO_CANDIDATES_GENERATED pairs=17725 evals=1560 1217s
[600264.4] P3_A_FAMILY_T200_NC2880: step 143 ELEVATED pairs=17667 evals=1576 1226s
[600273.9] P3_A_FAMILY_T200_NC2880: step 144 ELEVATED pairs=17576 evals=1592 1235s
[600282.2] P3_A_FAMILY_T200_NC2880: step 145 PREFIX_EVALUATED_NO_WINNER_DEFERRED pairs=17576 evals=1608 1244s
[600290.4] P3_A_FAMILY_T200_NC2880: step 146 PREFIX_EVALUATED_NO_WINNER_DEFERRED pairs=17576 evals=1624 1252s
[600299.3] P3_A_FAMILY_T200_NC2880: step 147 ELEVATED pairs=17518 evals=1640 1261s
[600308.2] P3_A_FAMILY_T200_NC2880: step 148 PREFIX_EVALUATED_NO_WINNER_DEFERRED pairs=17518 evals=1656 1270s
[600316.9] P3_A_FAMILY_T200_NC2880: step 149 PREFIX_EVALUATED_NO_WINNER_DEFERRED pairs=17518 evals=1672 1278s
[600326.7] P3_A_FAMILY_T200_NC2880: step 150 ELEVATED pairs=17429 evals=1688 1288s
[600335.0] P3_A_FAMILY_T200_NC2880: step 151 PREFIX_EVALUATED_NO_WINNER_DEFERRED pairs=17429 evals=1704 1296s
[600343.3] P3_A_FAMILY_T200_NC2880: step 152 PREFIX_EVALUATED_NO_WINNER_DEFERRED pairs=17429 evals=1720 1305s
[600351.7] P3_A_FAMILY_T200_NC2880: step 153 ELEVATED pairs=17371 evals=1736 1313s
[600360.1] P3_A_FAMILY_T200_NC2880: step 154 PREFIX_EVALUATED_NO_WINNER_DEFERRED pairs=17371 evals=1752 1322s
[600368.3] P3_A_FAMILY_T200_NC2880: step 155 PREFIX_EVALUATED_NO_WINNER_DEFERRED pairs=17371 evals=1768 1330s
[600376.8] P3_A_FAMILY_T200_NC2880: step 156 ELEVATED pairs=17313 evals=1784 1338s
[600385.0] P3_A_FAMILY_T200_NC2880: step 157 PREFIX_EVALUATED_NO_WINNER_DEFERRED pairs=17313 evals=1800 1346s
[600393.1] P3_A_FAMILY_T200_NC2880: step 158 PREFIX_EVALUATED_NO_WINNER_DEFERRED pairs=17313 evals=1816 1355s
[600402.8] P3_A_FAMILY_T200_NC2880: step 159 ELEVATED pairs=17226 evals=1832 1364s
[600410.4] P3_A_FAMILY_T200_NC2880: step 160 PREFIX_EVALUATED_NO_WINNER_DEFERRED pairs=17226 evals=1848 1372s
[600417.6] P3_A_FAMILY_T200_NC2880: step 161 PREFIX_EVALUATED_NO_WINNER_DEFERRED pairs=17226 evals=1864 1379s
[600425.2] P3_A_FAMILY_T200_NC2880: step 162 ELEVATED pairs=17168 evals=1880 1387s
[600432.6] P3_A_FAMILY_T200_NC2880: step 163 PREFIX_EVALUATED_NO_WINNER_DEFERRED pairs=17168 evals=1896 1394s
[600440.3] P3_A_FAMILY_T200_NC2880: step 164 PREFIX_EVALUATED_NO_WINNER_DEFERRED pairs=17168 evals=1912 1402s
[600449.5] P3_A_FAMILY_T200_NC2880: step 165 ELEVATED pairs=17110 evals=1928 1411s
[600458.0] P3_A_FAMILY_T200_NC2880: step 166 PREFIX_EVALUATED_NO_WINNER_DEFERRED pairs=17110 evals=1944 1419s
[600466.2] P3_A_FAMILY_T200_NC2880: step 167 PREFIX_EVALUATED_NO_WINNER_DEFERRED pairs=17110 evals=1960 1428s
[600477.1] P3_A_FAMILY_T200_NC2880: step 168 ELEVATED pairs=16988 evals=1976 1439s
[600485.3] P3_A_FAMILY_T200_NC2880: step 169 PREFIX_EVALUATED_NO_WINNER_DEFERRED pairs=16988 evals=1992 1447s
[600493.4] P3_A_FAMILY_T200_NC2880: step 170 PREFIX_EVALUATED_NO_WINNER_DEFERRED pairs=16988 evals=2008 1455s
[600505.7] P3_A_FAMILY_T200_NC2880: step 171 ELEVATED pairs=16920 evals=2017 1467s
[600513.9] P3_A_FAMILY_T200_NC2880: step 172 PREFIX_EVALUATED_NO_WINNER_DEFERRED pairs=16920 evals=2033 1475s
[600521.8] P3_A_FAMILY_T200_NC2880: step 173 PREFIX_EVALUATED_NO_WINNER_DEFERRED pairs=16920 evals=2049 1483s
[600532.6] P3_A_FAMILY_T200_NC2880: step 174 ELEVATED pairs=16798 evals=2065 1494s
[600540.7] P3_A_FAMILY_T200_NC2880: step 175 PREFIX_EVALUATED_NO_WINNER_DEFERRED pairs=16798 evals=2081 1502s
[600549.5] P3_A_FAMILY_T200_NC2880: step 176 PREFIX_EVALUATED_NO_WINNER_DEFERRED pairs=16798 evals=2097 1511s
[600560.3] P3_A_FAMILY_T200_NC2880: step 177 ELEVATED pairs=16679 evals=2113 1522s
[600569.0] P3_A_FAMILY_T200_NC2880: step 178 PREFIX_EVALUATED_NO_WINNER_DEFERRED pairs=16679 evals=2129 1530s
[600577.6] P3_A_FAMILY_T200_NC2880: step 179 PREFIX_EVALUATED_NO_WINNER_DEFERRED pairs=16679 evals=2145 1539s
[600587.0] P3_A_FAMILY_T200_NC2880: step 180 ELEVATED pairs=16604 evals=2161 1548s
[600595.5] P3_A_FAMILY_T200_NC2880: step 181 PREFIX_EVALUATED_NO_WINNER_DEFERRED pairs=16604 evals=2177 1557s
[600604.0] P3_A_FAMILY_T200_NC2880: step 182 PREFIX_EVALUATED_NO_WINNER_DEFERRED pairs=16604 evals=2193 1565s
[600615.2] P3_A_FAMILY_T200_NC2880: step 183 ELEVATED pairs=16524 evals=2209 1577s
[600623.6] P3_A_FAMILY_T200_NC2880: step 184 PREFIX_EVALUATED_NO_WINNER_DEFERRED pairs=16524 evals=2225 1585s
[600631.9] P3_A_FAMILY_T200_NC2880: step 185 PREFIX_EVALUATED_NO_WINNER_DEFERRED pairs=16524 evals=2241 1593s
[600646.4] P3_A_FAMILY_T200_NC2880: step 186 ELEVATED pairs=16431 evals=2257 1608s
[600654.3] P3_A_FAMILY_T200_NC2880: step 187 PREFIX_EVALUATED_NO_WINNER_DEFERRED pairs=16431 evals=2273 1616s
[600663.0] P3_A_FAMILY_T200_NC2880: step 188 PREFIX_EVALUATED_NO_WINNER_DEFERRED pairs=16431 evals=2289 1624s
[600677.6] P3_A_FAMILY_T200_NC2880: step 189 ELEVATED pairs=16338 evals=2305 1639s
[600685.6] P3_A_FAMILY_T200_NC2880: step 190 PREFIX_EVALUATED_NO_WINNER_DEFERRED pairs=16338 evals=2321 1647s
[600693.3] P3_A_FAMILY_T200_NC2880: step 191 PREFIX_EVALUATED_NO_WINNER_DEFERRED pairs=16338 evals=2337 1655s
[600707.6] P3_A_FAMILY_T200_NC2880: step 192 ELEVATED pairs=16244 evals=2353 1669s
[600715.3] P3_A_FAMILY_T200_NC2880: step 193 PREFIX_EVALUATED_NO_WINNER_DEFERRED pairs=16244 evals=2369 1677s
[600723.1] P3_A_FAMILY_T200_NC2880: step 194 PREFIX_EVALUATED_NO_WINNER_DEFERRED pairs=16244 evals=2385 1685s
[600739.4] P3_A_FAMILY_T200_NC2880: step 195 ELEVATED pairs=16157 evals=2401 1701s
[600747.4] P3_A_FAMILY_T200_NC2880: step 196 PREFIX_EVALUATED_NO_WINNER_DEFERRED pairs=16157 evals=2417 1709s
[600760.6] P3_A_FAMILY_T200_NC2880: step 197 ELEVATED pairs=16062 evals=2433 1722s
[600768.5] P3_A_FAMILY_T200_NC2880: step 198 PREFIX_EVALUATED_NO_WINNER_DEFERRED pairs=16062 evals=2449 1730s
[600787.2] P3_A_FAMILY_T200_NC2880: step 199 ELEVATED pairs=15974 evals=2465 1749s
[600799.4] P3_A_FAMILY_T200_NC2880: step 200 ELEVATED pairs=15906 evals=2481 1761s
[600799.9] P3_A_FAMILY_T200_NC2880: done final=15906 moves=119 first=119 reloc=0 ret=0 evals=2481 stop=TARGET_LIMIT
[600885.6] P3_A_FAMILY_T200_NC2880: recheck PASS checks=130816
GROUP DONE P3_A_FAMILY_T200_NC2880 PASS
