start-state rescan (main) ...
  main PASS pairs=42909 unresolved=3 elevated=24
[603715.2] P3_A_FAMILY_T2000_N1440: start mode=N budget=1440 spec={"name": "P3_A_FAMILY_T2000", "target_policy": "LEGACY", "evaluation_policy": "E2_ORDERED_K16", "traversal_policy": "BASE", "max_targets": 2000, "k_per_target": 16, "family_round_robin": true, "relocation_side_reserve": 0, "waiting_age": false, "route_coverage": false, "multi_anchor": false, "exact_dedup": false, "decision_cache": false, "return_action": false, "cache_structural_skips": false, "window_slack_mm": 1e-05, "generation_domain": "LINE_ONLY", "path_window_settings": null, "stage_length_cap_mm": null, "notes": ""}
[603715.2] P3_A_FAMILY_T2000_N1440: start state=main C:\Users\lihao\Desktop\Graduation Project\OpticalWaveguideRouter3D\outputs\3d_strategy_v3\512_ablation\D_both_enabled pairs=42909
[603719.9] P3_A_FAMILY_T2000_N1440: INITIAL_DONE pairs=42909
[603720.0] P3_A_FAMILY_T2000_N1440: step 1 NO_CANDIDATES_GENERATED pairs=42909 evals=0 0s
[603720.1] P3_A_FAMILY_T2000_N1440: step 2 NO_CANDIDATES_GENERATED pairs=42909 evals=0 0s
[603728.3] P3_A_FAMILY_T2000_N1440: step 3 ELEVATED pairs=42653 evals=16 8s
[603739.6] P3_A_FAMILY_T2000_N1440: step 4 ELEVATED pairs=42440 evals=32 20s
[603750.5] P3_A_FAMILY_T2000_N1440: step 5 ELEVATED pairs=42218 evals=48 31s
[603761.5] P3_A_FAMILY_T2000_N1440: step 6 ELEVATED pairs=41998 evals=64 42s
[603771.1] P3_A_FAMILY_T2000_N1440: step 7 ELEVATED pairs=41742 evals=80 51s
[603782.4] P3_A_FAMILY_T2000_N1440: step 8 ELEVATED pairs=41524 evals=96 63s
[603790.7] P3_A_FAMILY_T2000_N1440: step 9 ELEVATED pairs=41274 evals=112 71s
[603799.5] P3_A_FAMILY_T2000_N1440: step 10 ELEVATED pairs=41024 evals=128 80s
[603807.8] P3_A_FAMILY_T2000_N1440: step 11 ELEVATED pairs=40772 evals=144 88s
[603816.1] P3_A_FAMILY_T2000_N1440: step 12 ELEVATED pairs=40524 evals=160 96s
[603827.8] P3_A_FAMILY_T2000_N1440: step 13 ELEVATED pairs=40314 evals=176 108s
[603835.9] P3_A_FAMILY_T2000_N1440: step 14 ELEVATED pairs=40068 evals=192 116s
[603850.0] P3_A_FAMILY_T2000_N1440: step 15 ELEVATED pairs=39859 evals=208 130s
[603864.2] P3_A_FAMILY_T2000_N1440: step 16 ELEVATED pairs=39652 evals=224 144s
[603874.8] P3_A_FAMILY_T2000_N1440: step 17 ELEVATED pairs=39463 evals=240 155s
[603881.7] P3_A_FAMILY_T2000_N1440: step 18 ELEVATED pairs=39221 evals=256 162s
[603890.4] P3_A_FAMILY_T2000_N1440: step 19 ELEVATED pairs=38991 evals=272 171s
[603900.8] P3_A_FAMILY_T2000_N1440: step 20 ELEVATED pairs=38838 evals=288 181s
[603909.5] P3_A_FAMILY_T2000_N1440: step 21 ELEVATED pairs=38599 evals=304 190s
[603917.4] P3_A_FAMILY_T2000_N1440: step 22 ELEVATED pairs=38376 evals=320 197s
[603923.2] P3_A_FAMILY_T2000_N1440: step 23 ELEVATED pairs=38148 evals=336 203s
[603934.4] P3_A_FAMILY_T2000_N1440: step 24 ELEVATED pairs=37927 evals=352 215s
[603940.3] P3_A_FAMILY_T2000_N1440: step 25 ELEVATED pairs=37701 evals=368 220s
[603946.2] P3_A_FAMILY_T2000_N1440: step 26 ELEVATED pairs=37476 evals=384 226s
[603959.5] P3_A_FAMILY_T2000_N1440: step 27 ELEVATED pairs=37285 evals=400 240s
[603970.9] P3_A_FAMILY_T2000_N1440: step 28 ELEVATED pairs=37126 evals=416 251s
[603981.7] P3_A_FAMILY_T2000_N1440: step 29 ELEVATED pairs=36969 evals=432 262s
[603997.1] P3_A_FAMILY_T2000_N1440: step 30 ELEVATED pairs=36778 evals=448 277s
[604008.2] P3_A_FAMILY_T2000_N1440: step 31 ELEVATED pairs=36525 evals=464 288s
[604020.0] P3_A_FAMILY_T2000_N1440: step 32 ELEVATED pairs=36365 evals=480 300s
[604020.2] P3_A_FAMILY_T2000_N1440: step 33 NO_CANDIDATES_GENERATED pairs=36365 evals=480 300s
[604020.4] P3_A_FAMILY_T2000_N1440: step 34 NO_CANDIDATES_GENERATED pairs=36365 evals=480 301s
[604029.3] P3_A_FAMILY_T2000_N1440: step 35 ELEVATED pairs=36160 evals=496 309s
[604038.2] P3_A_FAMILY_T2000_N1440: step 36 ELEVATED pairs=35958 evals=512 318s
[604046.5] P3_A_FAMILY_T2000_N1440: step 37 ELEVATED pairs=35818 evals=528 327s
[604060.1] P3_A_FAMILY_T2000_N1440: step 38 ELEVATED pairs=35612 evals=544 340s
[604066.6] P3_A_FAMILY_T2000_N1440: step 39 ELEVATED pairs=35417 evals=560 347s
[604080.1] P3_A_FAMILY_T2000_N1440: step 40 ELEVATED pairs=35213 evals=576 360s
[604093.4] P3_A_FAMILY_T2000_N1440: step 41 ELEVATED pairs=35010 evals=592 374s
[604101.8] P3_A_FAMILY_T2000_N1440: step 42 ELEVATED pairs=34768 evals=608 382s
[604114.7] P3_A_FAMILY_T2000_N1440: step 43 ELEVATED pairs=34567 evals=624 395s
[604127.6] P3_A_FAMILY_T2000_N1440: step 44 ELEVATED pairs=34447 evals=640 408s
[604140.8] P3_A_FAMILY_T2000_N1440: step 45 ELEVATED pairs=34247 evals=656 421s
[604153.2] P3_A_FAMILY_T2000_N1440: step 46 ELEVATED pairs=34042 evals=672 433s
[604166.7] P3_A_FAMILY_T2000_N1440: step 47 ELEVATED pairs=33844 evals=688 447s
[604178.8] P3_A_FAMILY_T2000_N1440: step 48 ELEVATED pairs=33726 evals=704 459s
[604191.0] P3_A_FAMILY_T2000_N1440: step 49 ELEVATED pairs=33529 evals=720 471s
[604202.8] P3_A_FAMILY_T2000_N1440: step 50 ELEVATED pairs=33337 evals=736 483s
[604215.9] P3_A_FAMILY_T2000_N1440: step 51 ELEVATED pairs=33142 evals=752 496s
[604227.7] P3_A_FAMILY_T2000_N1440: step 52 ELEVATED pairs=32952 evals=768 508s
[604240.0] P3_A_FAMILY_T2000_N1440: step 53 ELEVATED pairs=32758 evals=784 520s
[604251.2] P3_A_FAMILY_T2000_N1440: step 54 ELEVATED pairs=32569 evals=800 531s
[604263.3] P3_A_FAMILY_T2000_N1440: step 55 ELEVATED pairs=32377 evals=816 543s
[604274.5] P3_A_FAMILY_T2000_N1440: step 56 ELEVATED pairs=32190 evals=832 555s
[604286.7] P3_A_FAMILY_T2000_N1440: step 57 ELEVATED pairs=32004 evals=848 567s
[604299.2] P3_A_FAMILY_T2000_N1440: step 58 ELEVATED pairs=31882 evals=864 579s
[604313.8] P3_A_FAMILY_T2000_N1440: step 59 ELEVATED pairs=31651 evals=880 594s
[604323.1] P3_A_FAMILY_T2000_N1440: step 60 ELEVATED pairs=31440 evals=896 603s
[604332.4] P3_A_FAMILY_T2000_N1440: step 61 ELEVATED pairs=31252 evals=912 613s
[604345.4] P3_A_FAMILY_T2000_N1440: step 62 ELEVATED pairs=31023 evals=928 626s
[604354.7] P3_A_FAMILY_T2000_N1440: step 63 ELEVATED pairs=30837 evals=944 635s
[604366.8] P3_A_FAMILY_T2000_N1440: step 64 ELEVATED pairs=30610 evals=960 647s
[604375.9] P3_A_FAMILY_T2000_N1440: step 65 ELEVATED pairs=30426 evals=976 656s
[604388.1] P3_A_FAMILY_T2000_N1440: step 66 ELEVATED pairs=30201 evals=992 668s
[604397.6] P3_A_FAMILY_T2000_N1440: step 67 ELEVATED pairs=30018 evals=1008 678s
[604409.7] P3_A_FAMILY_T2000_N1440: step 68 ELEVATED pairs=29795 evals=1024 690s
[604421.5] P3_A_FAMILY_T2000_N1440: step 69 ELEVATED pairs=29574 evals=1040 702s
[604427.8] P3_A_FAMILY_T2000_N1440: step 70 ELEVATED pairs=29437 evals=1056 708s
[604438.9] P3_A_FAMILY_T2000_N1440: step 71 ELEVATED pairs=29219 evals=1072 719s
[604445.7] P3_A_FAMILY_T2000_N1440: step 72 ELEVATED pairs=29046 evals=1088 726s
[604451.9] P3_A_FAMILY_T2000_N1440: step 73 ELEVATED pairs=28907 evals=1104 732s
[604462.3] P3_A_FAMILY_T2000_N1440: step 74 ELEVATED pairs=28690 evals=1120 742s
[604467.9] P3_A_FAMILY_T2000_N1440: step 75 ELEVATED pairs=28550 evals=1136 748s
[604473.4] P3_A_FAMILY_T2000_N1440: step 76 ELEVATED pairs=28409 evals=1152 754s
[604482.2] P3_A_FAMILY_T2000_N1440: step 77 ELEVATED pairs=28194 evals=1168 762s
[604487.1] P3_A_FAMILY_T2000_N1440: step 78 ELEVATED pairs=28021 evals=1177 767s
[604492.6] P3_A_FAMILY_T2000_N1440: step 79 ELEVATED pairs=27850 evals=1186 773s
[604501.7] P3_A_FAMILY_T2000_N1440: step 80 ELEVATED pairs=27698 evals=1202 782s
[604506.8] P3_A_FAMILY_T2000_N1440: step 81 ELEVATED pairs=27529 evals=1211 787s
[604516.8] P3_A_FAMILY_T2000_N1440: step 82 ELEVATED pairs=27354 evals=1227 797s
[604521.3] P3_A_FAMILY_T2000_N1440: step 83 ELEVATED pairs=27187 evals=1236 801s
[604528.1] P3_A_FAMILY_T2000_N1440: step 84 ELEVATED pairs=26978 evals=1252 808s
[604536.4] P3_A_FAMILY_T2000_N1440: step 85 ELEVATED pairs=26963 evals=1268 816s
[604544.7] P3_A_FAMILY_T2000_N1440: step 86 ELEVATED pairs=26753 evals=1284 825s
[604553.4] P3_A_FAMILY_T2000_N1440: step 87 ELEVATED pairs=26590 evals=1300 834s
[604558.6] P3_A_FAMILY_T2000_N1440: step 88 ELEVATED pairs=26388 evals=1316 839s
[604558.8] P3_A_FAMILY_T2000_N1440: step 89 NO_CANDIDATES_GENERATED pairs=26388 evals=1316 839s
[604558.9] P3_A_FAMILY_T2000_N1440: step 90 NO_CANDIDATES_GENERATED pairs=26388 evals=1316 839s
[604568.4] P3_A_FAMILY_T2000_N1440: step 91 ELEVATED pairs=26188 evals=1332 849s
[604577.2] P3_A_FAMILY_T2000_N1440: step 92 ELEVATED pairs=26060 evals=1348 857s
[604585.8] P3_A_FAMILY_T2000_N1440: step 93 ELEVATED pairs=25946 evals=1364 866s
[604592.6] P3_A_FAMILY_T2000_N1440: step 94 ELEVATED pairs=25827 evals=1380 873s
[604601.3] P3_A_FAMILY_T2000_N1440: step 95 ELEVATED pairs=25665 evals=1396 881s
[604610.0] P3_A_FAMILY_T2000_N1440: step 96 ELEVATED pairs=25504 evals=1412 890s
[604610.1] P3_A_FAMILY_T2000_N1440: step 97 NO_CANDIDATES_GENERATED pairs=25504 evals=1412 890s
[604610.3] P3_A_FAMILY_T2000_N1440: step 98 NO_CANDIDATES_GENERATED pairs=25504 evals=1412 890s
[604610.4] P3_A_FAMILY_T2000_N1440: step 99 NO_CANDIDATES_GENERATED pairs=25504 evals=1412 891s
[604610.6] P3_A_FAMILY_T2000_N1440: step 100 NO_CANDIDATES_GENERATED pairs=25504 evals=1412 891s
[604610.7] P3_A_FAMILY_T2000_N1440: step 101 NO_CANDIDATES_GENERATED pairs=25504 evals=1412 891s
[604610.9] P3_A_FAMILY_T2000_N1440: step 102 NO_CANDIDATES_GENERATED pairs=25504 evals=1412 891s
[604619.2] P3_A_FAMILY_T2000_N1440: step 103 ELEVATED pairs=25345 evals=1428 899s
[604628.4] P3_A_FAMILY_T2000_N1440: step 104 ELEVATED pairs=25187 evals=1440 909s
[604628.7] P3_A_FAMILY_T2000_N1440: done final=25187 moves=92 first=92 reloc=0 ret=0 evals=1440 stop=CANDIDATE_BUDGET_EXHAUSTED
[604672.9] P3_A_FAMILY_T2000_N1440: recheck PASS checks=130816
GROUP DONE P3_A_FAMILY_T2000_N1440 PASS
