start-state rescan (challenge) ...
  challenge PASS pairs=30999 unresolved=3 elevated=77
[599033.4] P3_A_FAMILY_T2000_NC2880: start mode=N budget=2880 spec={"name": "P3_A_FAMILY_T2000", "target_policy": "LEGACY", "evaluation_policy": "E2_ORDERED_K16", "traversal_policy": "BASE", "max_targets": 2000, "k_per_target": 16, "family_round_robin": true, "relocation_side_reserve": 0, "waiting_age": false, "route_coverage": false, "multi_anchor": false, "exact_dedup": false, "decision_cache": false, "return_action": false, "cache_structural_skips": false, "window_slack_mm": 1e-05, "generation_domain": "LINE_ONLY", "path_window_settings": null, "stage_length_cap_mm": null, "notes": ""}
[599033.4] P3_A_FAMILY_T2000_NC2880: start state=challenge C:\Users\lihao\Desktop\Graduation Project\OpticalWaveguideRouter3D\outputs\3d_strategy_v4\512_full_layout\N2880 pairs=30999
[599038.3] P3_A_FAMILY_T2000_NC2880: INITIAL_DONE pairs=30999
[599038.5] P3_A_FAMILY_T2000_NC2880: step 1 NO_CANDIDATES_GENERATED pairs=30999 evals=0 0s
[599038.6] P3_A_FAMILY_T2000_NC2880: step 2 NO_CANDIDATES_GENERATED pairs=30999 evals=0 0s
[599038.7] P3_A_FAMILY_T2000_NC2880: step 3 NO_CANDIDATES_GENERATED pairs=30999 evals=0 0s
[599038.8] P3_A_FAMILY_T2000_NC2880: step 4 NO_CANDIDATES_GENERATED pairs=30999 evals=0 0s
[599038.9] P3_A_FAMILY_T2000_NC2880: step 5 NO_CANDIDATES_GENERATED pairs=30999 evals=0 1s
[599039.0] P3_A_FAMILY_T2000_NC2880: step 6 NO_CANDIDATES_GENERATED pairs=30999 evals=0 1s
[599047.2] P3_A_FAMILY_T2000_NC2880: step 7 ELEVATED pairs=30804 evals=16 9s
[599055.4] P3_A_FAMILY_T2000_NC2880: step 8 ELEVATED pairs=30610 evals=32 17s
[599066.6] P3_A_FAMILY_T2000_NC2880: step 9 ELEVATED pairs=30437 evals=48 28s
[599077.8] P3_A_FAMILY_T2000_NC2880: step 10 ELEVATED pairs=30266 evals=64 39s
[599078.1] P3_A_FAMILY_T2000_NC2880: step 11 NO_CANDIDATES_GENERATED pairs=30266 evals=64 40s
[599089.7] P3_A_FAMILY_T2000_NC2880: step 12 ELEVATED pairs=30075 evals=80 51s
[599102.5] P3_A_FAMILY_T2000_NC2880: step 13 ELEVATED pairs=29886 evals=96 64s
[599117.5] P3_A_FAMILY_T2000_NC2880: step 14 ELEVATED pairs=29699 evals=112 79s
[599130.5] P3_A_FAMILY_T2000_NC2880: step 15 ELEVATED pairs=29500 evals=128 92s
[599145.5] P3_A_FAMILY_T2000_NC2880: step 16 ELEVATED pairs=29315 evals=144 107s
[599158.6] P3_A_FAMILY_T2000_NC2880: step 17 ELEVATED pairs=29118 evals=160 120s
[599170.2] P3_A_FAMILY_T2000_NC2880: step 18 ELEVATED pairs=28923 evals=176 132s
[599183.6] P3_A_FAMILY_T2000_NC2880: step 19 ELEVATED pairs=28748 evals=192 145s
[599197.9] P3_A_FAMILY_T2000_NC2880: step 20 ELEVATED pairs=28575 evals=208 160s
[599210.1] P3_A_FAMILY_T2000_NC2880: step 21 ELEVATED pairs=28386 evals=224 172s
[599221.3] P3_A_FAMILY_T2000_NC2880: step 22 ELEVATED pairs=28255 evals=240 183s
[599232.9] P3_A_FAMILY_T2000_NC2880: step 23 ELEVATED pairs=28068 evals=256 195s
[599248.0] P3_A_FAMILY_T2000_NC2880: step 24 ELEVATED pairs=27906 evals=272 210s
[599260.0] P3_A_FAMILY_T2000_NC2880: step 25 ELEVATED pairs=27721 evals=288 222s
[599272.5] P3_A_FAMILY_T2000_NC2880: step 26 ELEVATED pairs=27538 evals=304 234s
[599284.7] P3_A_FAMILY_T2000_NC2880: step 27 ELEVATED pairs=27361 evals=320 246s
[599290.7] P3_A_FAMILY_T2000_NC2880: step 28 ELEVATED pairs=27189 evals=329 252s
[599303.0] P3_A_FAMILY_T2000_NC2880: step 29 ELEVATED pairs=27013 evals=345 265s
[599308.9] P3_A_FAMILY_T2000_NC2880: step 30 ELEVATED pairs=26843 evals=354 271s
[599320.7] P3_A_FAMILY_T2000_NC2880: step 31 ELEVATED pairs=26670 evals=370 282s
[599326.6] P3_A_FAMILY_T2000_NC2880: step 32 ELEVATED pairs=26502 evals=379 288s
[599340.4] P3_A_FAMILY_T2000_NC2880: step 33 ELEVATED pairs=26331 evals=395 302s
[599340.7] P3_A_FAMILY_T2000_NC2880: step 34 NO_CANDIDATES_GENERATED pairs=26331 evals=395 302s
[599348.0] P3_A_FAMILY_T2000_NC2880: step 35 ELEVATED pairs=26165 evals=404 310s
[599363.4] P3_A_FAMILY_T2000_NC2880: step 36 ELEVATED pairs=25996 evals=420 325s
[599378.7] P3_A_FAMILY_T2000_NC2880: step 37 ELEVATED pairs=25829 evals=436 340s
[599393.5] P3_A_FAMILY_T2000_NC2880: step 38 ELEVATED pairs=25664 evals=452 355s
[599408.5] P3_A_FAMILY_T2000_NC2880: step 39 ELEVATED pairs=25501 evals=468 370s
[599416.1] P3_A_FAMILY_T2000_NC2880: step 40 ELEVATED pairs=25346 evals=484 378s
[599430.0] P3_A_FAMILY_T2000_NC2880: step 41 ELEVATED pairs=25184 evals=500 392s
[599441.6] P3_A_FAMILY_T2000_NC2880: step 42 ELEVATED pairs=25045 evals=516 403s
[599455.7] P3_A_FAMILY_T2000_NC2880: step 43 ELEVATED pairs=24886 evals=532 417s
[599467.4] P3_A_FAMILY_T2000_NC2880: step 44 ELEVATED pairs=24749 evals=548 429s
[599476.5] P3_A_FAMILY_T2000_NC2880: step 45 ELEVATED pairs=24585 evals=564 438s
[599491.5] P3_A_FAMILY_T2000_NC2880: step 46 ELEVATED pairs=24424 evals=580 453s
[599506.2] P3_A_FAMILY_T2000_NC2880: step 47 ELEVATED pairs=24265 evals=596 468s
[599518.9] P3_A_FAMILY_T2000_NC2880: step 48 ELEVATED pairs=24233 evals=612 481s
[599535.0] P3_A_FAMILY_T2000_NC2880: step 49 ELEVATED pairs=24076 evals=628 497s
[599551.6] P3_A_FAMILY_T2000_NC2880: step 50 ELEVATED pairs=23921 evals=644 513s
[599563.8] P3_A_FAMILY_T2000_NC2880: step 51 ELEVATED pairs=23789 evals=660 525s
[599575.4] P3_A_FAMILY_T2000_NC2880: step 52 ELEVATED pairs=23657 evals=676 537s
[599589.2] P3_A_FAMILY_T2000_NC2880: step 53 ELEVATED pairs=23503 evals=692 551s
[599600.1] P3_A_FAMILY_T2000_NC2880: step 54 ELEVATED pairs=23364 evals=708 562s
[599613.5] P3_A_FAMILY_T2000_NC2880: step 55 ELEVATED pairs=23212 evals=724 575s
[599624.2] P3_A_FAMILY_T2000_NC2880: step 56 ELEVATED pairs=23073 evals=740 586s
[599635.5] P3_A_FAMILY_T2000_NC2880: step 57 ELEVATED pairs=22926 evals=756 597s
[599648.6] P3_A_FAMILY_T2000_NC2880: step 58 ELEVATED pairs=22776 evals=772 610s
[599659.7] P3_A_FAMILY_T2000_NC2880: step 59 ELEVATED pairs=22629 evals=788 621s
[599671.3] P3_A_FAMILY_T2000_NC2880: step 60 ELEVATED pairs=22482 evals=804 633s
[599677.5] P3_A_FAMILY_T2000_NC2880: step 61 ELEVATED pairs=22353 evals=820 639s
[599687.9] P3_A_FAMILY_T2000_NC2880: step 62 ELEVATED pairs=22254 evals=829 650s
[599698.4] P3_A_FAMILY_T2000_NC2880: step 63 ELEVATED pairs=22137 evals=845 660s
[599712.7] P3_A_FAMILY_T2000_NC2880: step 64 ELEVATED pairs=22033 evals=861 674s
[599724.6] P3_A_FAMILY_T2000_NC2880: step 65 ELEVATED pairs=21939 evals=877 686s
[599734.2] P3_A_FAMILY_T2000_NC2880: step 66 ELEVATED pairs=21795 evals=893 696s
[599748.0] P3_A_FAMILY_T2000_NC2880: step 67 ELEVATED pairs=21694 evals=909 710s
[599757.1] P3_A_FAMILY_T2000_NC2880: step 68 ELEVATED pairs=21552 evals=925 719s
[599776.8] P3_A_FAMILY_T2000_NC2880: step 69 ELEVATED pairs=21420 evals=941 738s
[599786.7] P3_A_FAMILY_T2000_NC2880: step 70 ELEVATED pairs=21280 evals=957 748s
[599798.9] P3_A_FAMILY_T2000_NC2880: step 71 ELEVATED pairs=21136 evals=973 761s
[599811.2] P3_A_FAMILY_T2000_NC2880: step 72 ELEVATED pairs=20994 evals=989 773s
[599838.5] P3_A_FAMILY_T2000_NC2880: step 73 ELEVATED pairs=20877 evals=1005 800s
[599851.7] P3_A_FAMILY_T2000_NC2880: step 74 ELEVATED pairs=20737 evals=1021 813s
[599878.0] P3_A_FAMILY_T2000_NC2880: step 75 ELEVATED pairs=20637 evals=1037 840s
[599902.4] P3_A_FAMILY_T2000_NC2880: step 76 ELEVATED pairs=20527 evals=1053 864s
[599914.7] P3_A_FAMILY_T2000_NC2880: step 77 ELEVATED pairs=20425 evals=1069 876s
[599938.1] P3_A_FAMILY_T2000_NC2880: step 78 ELEVATED pairs=20315 evals=1085 900s
[599946.6] P3_A_FAMILY_T2000_NC2880: step 79 ELEVATED pairs=20221 evals=1101 908s
[599956.5] P3_A_FAMILY_T2000_NC2880: step 80 ELEVATED pairs=20119 evals=1117 918s
[599967.0] P3_A_FAMILY_T2000_NC2880: step 81 ELEVATED pairs=19992 evals=1133 929s
[599977.3] P3_A_FAMILY_T2000_NC2880: step 82 ELEVATED pairs=19892 evals=1149 939s
[599988.1] P3_A_FAMILY_T2000_NC2880: step 83 ELEVATED pairs=19795 evals=1165 950s
[599996.4] P3_A_FAMILY_T2000_NC2880: step 84 ELEVATED pairs=19673 evals=1181 958s
[600007.2] P3_A_FAMILY_T2000_NC2880: step 85 ELEVATED pairs=19577 evals=1197 969s
[600018.1] P3_A_FAMILY_T2000_NC2880: step 86 ELEVATED pairs=19448 evals=1213 980s
[600032.7] P3_A_FAMILY_T2000_NC2880: step 87 ELEVATED pairs=19367 evals=1229 994s
[600044.0] P3_A_FAMILY_T2000_NC2880: step 88 ELEVATED pairs=19240 evals=1245 1006s
[600055.8] P3_A_FAMILY_T2000_NC2880: step 89 ELEVATED pairs=19115 evals=1261 1017s
[600066.5] P3_A_FAMILY_T2000_NC2880: step 90 ELEVATED pairs=18998 evals=1277 1028s
[600078.3] P3_A_FAMILY_T2000_NC2880: step 91 ELEVATED pairs=18875 evals=1293 1040s
[600089.4] P3_A_FAMILY_T2000_NC2880: step 92 ELEVATED pairs=18760 evals=1309 1051s
[600103.3] P3_A_FAMILY_T2000_NC2880: step 93 ELEVATED pairs=18681 evals=1325 1065s
[600103.5] P3_A_FAMILY_T2000_NC2880: step 94 NO_CANDIDATES_GENERATED pairs=18681 evals=1325 1065s
[600107.7] P3_A_FAMILY_T2000_NC2880: step 95 ELEVATED pairs=18564 evals=1334 1069s
[600114.2] P3_A_FAMILY_T2000_NC2880: step 96 ELEVATED pairs=18496 evals=1350 1076s
[600120.8] P3_A_FAMILY_T2000_NC2880: step 97 ELEVATED pairs=18419 evals=1366 1083s
[600131.3] P3_A_FAMILY_T2000_NC2880: step 98 ELEVATED pairs=18343 evals=1382 1093s
[600143.5] P3_A_FAMILY_T2000_NC2880: step 99 ELEVATED pairs=18268 evals=1398 1105s
[600153.9] P3_A_FAMILY_T2000_NC2880: step 100 ELEVATED pairs=18194 evals=1414 1116s
[600164.5] P3_A_FAMILY_T2000_NC2880: step 101 ELEVATED pairs=18120 evals=1430 1126s
[600170.7] P3_A_FAMILY_T2000_NC2880: step 102 ELEVATED pairs=18014 evals=1439 1132s
[600178.0] P3_A_FAMILY_T2000_NC2880: step 103 ELEVATED pairs=17910 evals=1448 1140s
[600185.4] P3_A_FAMILY_T2000_NC2880: step 104 ELEVATED pairs=17847 evals=1464 1147s
[600192.7] P3_A_FAMILY_T2000_NC2880: step 105 ELEVATED pairs=17784 evals=1480 1154s
[600192.9] P3_A_FAMILY_T2000_NC2880: step 106 NO_CANDIDATES_GENERATED pairs=17784 evals=1480 1155s
[600193.1] P3_A_FAMILY_T2000_NC2880: step 107 NO_CANDIDATES_GENERATED pairs=17784 evals=1480 1155s
[600193.2] P3_A_FAMILY_T2000_NC2880: step 108 NO_CANDIDATES_GENERATED pairs=17784 evals=1480 1155s
[600193.4] P3_A_FAMILY_T2000_NC2880: step 109 NO_CANDIDATES_GENERATED pairs=17784 evals=1480 1155s
[600193.6] P3_A_FAMILY_T2000_NC2880: step 110 NO_CANDIDATES_GENERATED pairs=17784 evals=1480 1155s
[600193.7] P3_A_FAMILY_T2000_NC2880: step 111 NO_CANDIDATES_GENERATED pairs=17784 evals=1480 1155s
[600193.9] P3_A_FAMILY_T2000_NC2880: step 112 NO_CANDIDATES_GENERATED pairs=17784 evals=1480 1156s
[600194.1] P3_A_FAMILY_T2000_NC2880: step 113 NO_CANDIDATES_GENERATED pairs=17784 evals=1480 1156s
[600194.2] P3_A_FAMILY_T2000_NC2880: step 114 NO_CANDIDATES_GENERATED pairs=17784 evals=1480 1156s
[600194.4] P3_A_FAMILY_T2000_NC2880: step 115 NO_CANDIDATES_GENERATED pairs=17784 evals=1480 1156s
[600194.6] P3_A_FAMILY_T2000_NC2880: step 116 NO_CANDIDATES_GENERATED pairs=17784 evals=1480 1156s
[600194.7] P3_A_FAMILY_T2000_NC2880: step 117 NO_CANDIDATES_GENERATED pairs=17784 evals=1480 1156s
[600194.9] P3_A_FAMILY_T2000_NC2880: step 118 NO_CANDIDATES_GENERATED pairs=17784 evals=1480 1157s
[600195.1] P3_A_FAMILY_T2000_NC2880: step 119 NO_CANDIDATES_GENERATED pairs=17784 evals=1480 1157s
[600195.2] P3_A_FAMILY_T2000_NC2880: step 120 NO_CANDIDATES_GENERATED pairs=17784 evals=1480 1157s
[600195.4] P3_A_FAMILY_T2000_NC2880: step 121 NO_CANDIDATES_GENERATED pairs=17784 evals=1480 1157s
[600202.7] P3_A_FAMILY_T2000_NC2880: step 122 PREFIX_EVALUATED_NO_WINNER_DEFERRED pairs=17784 evals=1496 1164s
[600210.0] P3_A_FAMILY_T2000_NC2880: step 123 PREFIX_EVALUATED_NO_WINNER_DEFERRED pairs=17784 evals=1512 1172s
[600217.5] P3_A_FAMILY_T2000_NC2880: step 124 ELEVATED pairs=17725 evals=1528 1179s
[600225.1] P3_A_FAMILY_T2000_NC2880: step 125 PREFIX_EVALUATED_NO_WINNER_DEFERRED pairs=17725 evals=1544 1187s
[600232.7] P3_A_FAMILY_T2000_NC2880: step 126 PREFIX_EVALUATED_NO_WINNER_DEFERRED pairs=17725 evals=1560 1194s
[600233.1] P3_A_FAMILY_T2000_NC2880: step 127 NO_CANDIDATES_GENERATED pairs=17725 evals=1560 1195s
[600233.5] P3_A_FAMILY_T2000_NC2880: step 128 NO_CANDIDATES_GENERATED pairs=17725 evals=1560 1195s
[600233.9] P3_A_FAMILY_T2000_NC2880: step 129 NO_CANDIDATES_GENERATED pairs=17725 evals=1560 1196s
[600234.3] P3_A_FAMILY_T2000_NC2880: step 130 NO_CANDIDATES_GENERATED pairs=17725 evals=1560 1196s
[600234.7] P3_A_FAMILY_T2000_NC2880: step 131 NO_CANDIDATES_GENERATED pairs=17725 evals=1560 1196s
[600235.0] P3_A_FAMILY_T2000_NC2880: step 132 NO_CANDIDATES_GENERATED pairs=17725 evals=1560 1197s
[600235.4] P3_A_FAMILY_T2000_NC2880: step 133 NO_CANDIDATES_GENERATED pairs=17725 evals=1560 1197s
[600235.8] P3_A_FAMILY_T2000_NC2880: step 134 NO_CANDIDATES_GENERATED pairs=17725 evals=1560 1197s
[600236.2] P3_A_FAMILY_T2000_NC2880: step 135 NO_CANDIDATES_GENERATED pairs=17725 evals=1560 1198s
[600236.5] P3_A_FAMILY_T2000_NC2880: step 136 NO_CANDIDATES_GENERATED pairs=17725 evals=1560 1198s
[600236.9] P3_A_FAMILY_T2000_NC2880: step 137 NO_CANDIDATES_GENERATED pairs=17725 evals=1560 1199s
[600237.4] P3_A_FAMILY_T2000_NC2880: step 138 NO_CANDIDATES_GENERATED pairs=17725 evals=1560 1199s
[600237.8] P3_A_FAMILY_T2000_NC2880: step 139 NO_CANDIDATES_GENERATED pairs=17725 evals=1560 1199s
[600238.2] P3_A_FAMILY_T2000_NC2880: step 140 NO_CANDIDATES_GENERATED pairs=17725 evals=1560 1200s
[600238.6] P3_A_FAMILY_T2000_NC2880: step 141 NO_CANDIDATES_GENERATED pairs=17725 evals=1560 1200s
[600239.0] P3_A_FAMILY_T2000_NC2880: step 142 NO_CANDIDATES_GENERATED pairs=17725 evals=1560 1201s
[600247.0] P3_A_FAMILY_T2000_NC2880: step 143 ELEVATED pairs=17667 evals=1576 1209s
[600256.4] P3_A_FAMILY_T2000_NC2880: step 144 ELEVATED pairs=17576 evals=1592 1218s
[600264.5] P3_A_FAMILY_T2000_NC2880: step 145 PREFIX_EVALUATED_NO_WINNER_DEFERRED pairs=17576 evals=1608 1226s
[600272.6] P3_A_FAMILY_T2000_NC2880: step 146 PREFIX_EVALUATED_NO_WINNER_DEFERRED pairs=17576 evals=1624 1234s
[600281.0] P3_A_FAMILY_T2000_NC2880: step 147 ELEVATED pairs=17518 evals=1640 1243s
[600289.1] P3_A_FAMILY_T2000_NC2880: step 148 PREFIX_EVALUATED_NO_WINNER_DEFERRED pairs=17518 evals=1656 1251s
[600297.5] P3_A_FAMILY_T2000_NC2880: step 149 PREFIX_EVALUATED_NO_WINNER_DEFERRED pairs=17518 evals=1672 1259s
[600306.8] P3_A_FAMILY_T2000_NC2880: step 150 ELEVATED pairs=17429 evals=1688 1269s
[600315.5] P3_A_FAMILY_T2000_NC2880: step 151 PREFIX_EVALUATED_NO_WINNER_DEFERRED pairs=17429 evals=1704 1277s
[600324.0] P3_A_FAMILY_T2000_NC2880: step 152 PREFIX_EVALUATED_NO_WINNER_DEFERRED pairs=17429 evals=1720 1286s
[600332.3] P3_A_FAMILY_T2000_NC2880: step 153 ELEVATED pairs=17371 evals=1736 1294s
[600340.6] P3_A_FAMILY_T2000_NC2880: step 154 PREFIX_EVALUATED_NO_WINNER_DEFERRED pairs=17371 evals=1752 1302s
[600348.8] P3_A_FAMILY_T2000_NC2880: step 155 PREFIX_EVALUATED_NO_WINNER_DEFERRED pairs=17371 evals=1768 1310s
[600357.2] P3_A_FAMILY_T2000_NC2880: step 156 ELEVATED pairs=17313 evals=1784 1319s
[600365.5] P3_A_FAMILY_T2000_NC2880: step 157 PREFIX_EVALUATED_NO_WINNER_DEFERRED pairs=17313 evals=1800 1327s
[600373.6] P3_A_FAMILY_T2000_NC2880: step 158 PREFIX_EVALUATED_NO_WINNER_DEFERRED pairs=17313 evals=1816 1335s
[600382.6] P3_A_FAMILY_T2000_NC2880: step 159 ELEVATED pairs=17226 evals=1832 1344s
[600390.5] P3_A_FAMILY_T2000_NC2880: step 160 PREFIX_EVALUATED_NO_WINNER_DEFERRED pairs=17226 evals=1848 1352s
[600398.3] P3_A_FAMILY_T2000_NC2880: step 161 PREFIX_EVALUATED_NO_WINNER_DEFERRED pairs=17226 evals=1864 1360s
[600406.6] P3_A_FAMILY_T2000_NC2880: step 162 ELEVATED pairs=17168 evals=1880 1368s
[600413.9] P3_A_FAMILY_T2000_NC2880: step 163 PREFIX_EVALUATED_NO_WINNER_DEFERRED pairs=17168 evals=1896 1376s
[600421.1] P3_A_FAMILY_T2000_NC2880: step 164 PREFIX_EVALUATED_NO_WINNER_DEFERRED pairs=17168 evals=1912 1383s
[600429.1] P3_A_FAMILY_T2000_NC2880: step 165 ELEVATED pairs=17110 evals=1928 1391s
[600436.8] P3_A_FAMILY_T2000_NC2880: step 166 PREFIX_EVALUATED_NO_WINNER_DEFERRED pairs=17110 evals=1944 1398s
[600445.2] P3_A_FAMILY_T2000_NC2880: step 167 PREFIX_EVALUATED_NO_WINNER_DEFERRED pairs=17110 evals=1960 1407s
[600456.3] P3_A_FAMILY_T2000_NC2880: step 168 ELEVATED pairs=16988 evals=1976 1418s
[600464.4] P3_A_FAMILY_T2000_NC2880: step 169 PREFIX_EVALUATED_NO_WINNER_DEFERRED pairs=16988 evals=1992 1426s
[600472.3] P3_A_FAMILY_T2000_NC2880: step 170 PREFIX_EVALUATED_NO_WINNER_DEFERRED pairs=16988 evals=2008 1434s
[600484.4] P3_A_FAMILY_T2000_NC2880: step 171 ELEVATED pairs=16920 evals=2017 1446s
[600492.5] P3_A_FAMILY_T2000_NC2880: step 172 PREFIX_EVALUATED_NO_WINNER_DEFERRED pairs=16920 evals=2033 1454s
[600500.4] P3_A_FAMILY_T2000_NC2880: step 173 PREFIX_EVALUATED_NO_WINNER_DEFERRED pairs=16920 evals=2049 1462s
[600510.9] P3_A_FAMILY_T2000_NC2880: step 174 ELEVATED pairs=16798 evals=2065 1473s
[600518.8] P3_A_FAMILY_T2000_NC2880: step 175 PREFIX_EVALUATED_NO_WINNER_DEFERRED pairs=16798 evals=2081 1480s
[600526.9] P3_A_FAMILY_T2000_NC2880: step 176 PREFIX_EVALUATED_NO_WINNER_DEFERRED pairs=16798 evals=2097 1489s
[600536.8] P3_A_FAMILY_T2000_NC2880: step 177 ELEVATED pairs=16679 evals=2113 1498s
[600544.9] P3_A_FAMILY_T2000_NC2880: step 178 PREFIX_EVALUATED_NO_WINNER_DEFERRED pairs=16679 evals=2129 1507s
[600553.5] P3_A_FAMILY_T2000_NC2880: step 179 PREFIX_EVALUATED_NO_WINNER_DEFERRED pairs=16679 evals=2145 1515s
[600563.1] P3_A_FAMILY_T2000_NC2880: step 180 ELEVATED pairs=16604 evals=2161 1525s
[600571.9] P3_A_FAMILY_T2000_NC2880: step 181 PREFIX_EVALUATED_NO_WINNER_DEFERRED pairs=16604 evals=2177 1534s
[600580.3] P3_A_FAMILY_T2000_NC2880: step 182 PREFIX_EVALUATED_NO_WINNER_DEFERRED pairs=16604 evals=2193 1542s
[600591.4] P3_A_FAMILY_T2000_NC2880: step 183 ELEVATED pairs=16524 evals=2209 1553s
[600599.8] P3_A_FAMILY_T2000_NC2880: step 184 PREFIX_EVALUATED_NO_WINNER_DEFERRED pairs=16524 evals=2225 1562s
[600608.3] P3_A_FAMILY_T2000_NC2880: step 185 PREFIX_EVALUATED_NO_WINNER_DEFERRED pairs=16524 evals=2241 1570s
[600622.6] P3_A_FAMILY_T2000_NC2880: step 186 ELEVATED pairs=16431 evals=2257 1584s
[600630.8] P3_A_FAMILY_T2000_NC2880: step 187 PREFIX_EVALUATED_NO_WINNER_DEFERRED pairs=16431 evals=2273 1592s
[600638.6] P3_A_FAMILY_T2000_NC2880: step 188 PREFIX_EVALUATED_NO_WINNER_DEFERRED pairs=16431 evals=2289 1600s
[600652.6] P3_A_FAMILY_T2000_NC2880: step 189 ELEVATED pairs=16338 evals=2305 1614s
[600660.6] P3_A_FAMILY_T2000_NC2880: step 190 PREFIX_EVALUATED_NO_WINNER_DEFERRED pairs=16338 evals=2321 1622s
[600669.4] P3_A_FAMILY_T2000_NC2880: step 191 PREFIX_EVALUATED_NO_WINNER_DEFERRED pairs=16338 evals=2337 1631s
[600683.5] P3_A_FAMILY_T2000_NC2880: step 192 ELEVATED pairs=16244 evals=2353 1645s
[600691.3] P3_A_FAMILY_T2000_NC2880: step 193 PREFIX_EVALUATED_NO_WINNER_DEFERRED pairs=16244 evals=2369 1653s
[600698.9] P3_A_FAMILY_T2000_NC2880: step 194 PREFIX_EVALUATED_NO_WINNER_DEFERRED pairs=16244 evals=2385 1661s
[600714.6] P3_A_FAMILY_T2000_NC2880: step 195 ELEVATED pairs=16157 evals=2401 1676s
[600722.6] P3_A_FAMILY_T2000_NC2880: step 196 PREFIX_EVALUATED_NO_WINNER_DEFERRED pairs=16157 evals=2417 1684s
[600735.7] P3_A_FAMILY_T2000_NC2880: step 197 ELEVATED pairs=16062 evals=2433 1697s
[600743.5] P3_A_FAMILY_T2000_NC2880: step 198 PREFIX_EVALUATED_NO_WINNER_DEFERRED pairs=16062 evals=2449 1705s
[600761.6] P3_A_FAMILY_T2000_NC2880: step 199 ELEVATED pairs=15974 evals=2465 1723s
[600773.7] P3_A_FAMILY_T2000_NC2880: step 200 ELEVATED pairs=15906 evals=2481 1735s
[600785.7] P3_A_FAMILY_T2000_NC2880: step 201 ELEVATED pairs=15838 evals=2497 1747s
[600797.9] P3_A_FAMILY_T2000_NC2880: step 202 ELEVATED pairs=15766 evals=2513 1760s
[600810.2] P3_A_FAMILY_T2000_NC2880: step 203 ELEVATED pairs=15695 evals=2529 1772s
[600810.2] P3_A_FAMILY_T2000_NC2880: step 204 NO_CANDIDATES_GENERATED pairs=15695 evals=2529 1772s
[600810.3] P3_A_FAMILY_T2000_NC2880: step 205 NO_CANDIDATES_GENERATED pairs=15695 evals=2529 1772s
[600810.3] P3_A_FAMILY_T2000_NC2880: step 206 NO_CANDIDATES_GENERATED pairs=15695 evals=2529 1772s
[600810.4] P3_A_FAMILY_T2000_NC2880: step 207 NO_CANDIDATES_GENERATED pairs=15695 evals=2529 1772s
[600810.5] P3_A_FAMILY_T2000_NC2880: step 208 NO_CANDIDATES_GENERATED pairs=15695 evals=2529 1772s
[600820.9] P3_A_FAMILY_T2000_NC2880: step 209 ELEVATED pairs=15610 evals=2545 1783s
[600821.1] P3_A_FAMILY_T2000_NC2880: step 210 NO_CANDIDATES_GENERATED pairs=15610 evals=2545 1783s
[600831.9] P3_A_FAMILY_T2000_NC2880: step 211 ELEVATED pairs=15568 evals=2561 1794s
[600832.1] P3_A_FAMILY_T2000_NC2880: step 212 NO_CANDIDATES_GENERATED pairs=15568 evals=2561 1794s
[600832.2] P3_A_FAMILY_T2000_NC2880: step 213 NO_CANDIDATES_GENERATED pairs=15568 evals=2561 1794s
[600832.4] P3_A_FAMILY_T2000_NC2880: step 214 NO_CANDIDATES_GENERATED pairs=15568 evals=2561 1794s
[600832.5] P3_A_FAMILY_T2000_NC2880: step 215 NO_CANDIDATES_GENERATED pairs=15568 evals=2561 1794s
[600832.7] P3_A_FAMILY_T2000_NC2880: step 216 NO_CANDIDATES_GENERATED pairs=15568 evals=2561 1794s
[600832.8] P3_A_FAMILY_T2000_NC2880: step 217 NO_CANDIDATES_GENERATED pairs=15568 evals=2561 1795s
[600833.0] P3_A_FAMILY_T2000_NC2880: step 218 NO_CANDIDATES_GENERATED pairs=15568 evals=2561 1795s
[600833.1] P3_A_FAMILY_T2000_NC2880: step 219 NO_CANDIDATES_GENERATED pairs=15568 evals=2561 1795s
[600846.8] P3_A_FAMILY_T2000_NC2880: step 220 ELEVATED pairs=15490 evals=2570 1808s
[600859.3] P3_A_FAMILY_T2000_NC2880: step 221 ELEVATED pairs=15413 evals=2586 1821s
[600872.6] P3_A_FAMILY_T2000_NC2880: step 222 ELEVATED pairs=15335 evals=2595 1834s
[600885.6] P3_A_FAMILY_T2000_NC2880: step 223 ELEVATED pairs=15292 evals=2611 1847s
[600896.4] P3_A_FAMILY_T2000_NC2880: step 224 ELEVATED pairs=15249 evals=2627 1858s
[600896.6] P3_A_FAMILY_T2000_NC2880: step 225 NO_CANDIDATES_GENERATED pairs=15249 evals=2627 1858s
[600896.8] P3_A_FAMILY_T2000_NC2880: step 226 NO_CANDIDATES_GENERATED pairs=15249 evals=2627 1858s
[600896.9] P3_A_FAMILY_T2000_NC2880: step 227 NO_CANDIDATES_GENERATED pairs=15249 evals=2627 1859s
[600897.1] P3_A_FAMILY_T2000_NC2880: step 228 NO_CANDIDATES_GENERATED pairs=15249 evals=2627 1859s
[600897.2] P3_A_FAMILY_T2000_NC2880: step 229 NO_CANDIDATES_GENERATED pairs=15249 evals=2627 1859s
[600897.4] P3_A_FAMILY_T2000_NC2880: step 230 NO_CANDIDATES_GENERATED pairs=15249 evals=2627 1859s
[600907.6] P3_A_FAMILY_T2000_NC2880: step 231 ELEVATED pairs=15224 evals=2643 1869s
[600917.6] P3_A_FAMILY_T2000_NC2880: step 232 ELEVATED pairs=15183 evals=2659 1879s
[600927.6] P3_A_FAMILY_T2000_NC2880: step 233 ELEVATED pairs=15160 evals=2675 1889s
[600937.8] P3_A_FAMILY_T2000_NC2880: step 234 ELEVATED pairs=15121 evals=2691 1900s
[600948.2] P3_A_FAMILY_T2000_NC2880: step 235 ELEVATED pairs=15100 evals=2707 1910s
[600960.9] P3_A_FAMILY_T2000_NC2880: step 236 ELEVATED pairs=15025 evals=2723 1923s
[600972.2] P3_A_FAMILY_T2000_NC2880: step 237 ELEVATED pairs=14988 evals=2739 1934s
[600987.8] P3_A_FAMILY_T2000_NC2880: step 238 ELEVATED pairs=14911 evals=2755 1949s
[600998.9] P3_A_FAMILY_T2000_NC2880: step 239 ELEVATED pairs=14892 evals=2771 1961s
[601014.4] P3_A_FAMILY_T2000_NC2880: step 240 ELEVATED pairs=14817 evals=2787 1976s
[601025.2] P3_A_FAMILY_T2000_NC2880: step 241 ELEVATED pairs=14800 evals=2803 1987s
[601038.2] P3_A_FAMILY_T2000_NC2880: step 242 ELEVATED pairs=14759 evals=2819 2000s
[601052.5] P3_A_FAMILY_T2000_NC2880: step 243 ELEVATED pairs=14691 evals=2835 2014s
[601062.7] P3_A_FAMILY_T2000_NC2880: step 244 ELEVATED pairs=14671 evals=2851 2024s
[601062.9] P3_A_FAMILY_T2000_NC2880: step 245 NO_CANDIDATES_GENERATED pairs=14671 evals=2851 2025s
[601063.1] P3_A_FAMILY_T2000_NC2880: step 246 NO_CANDIDATES_GENERATED pairs=14671 evals=2851 2025s
[601063.4] P3_A_FAMILY_T2000_NC2880: step 247 NO_CANDIDATES_GENERATED pairs=14671 evals=2851 2025s
[601063.7] P3_A_FAMILY_T2000_NC2880: step 248 NO_CANDIDATES_GENERATED pairs=14671 evals=2851 2025s
[601075.3] P3_A_FAMILY_T2000_NC2880: step 249 ELEVATED pairs=14642 evals=2867 2037s
[601096.5] P3_A_FAMILY_T2000_NC2880: step 250 ELEVATED pairs=14563 evals=2880 2058s
[601097.0] P3_A_FAMILY_T2000_NC2880: done final=14563 moves=145 first=145 reloc=0 ret=0 evals=2880 stop=CANDIDATE_BUDGET_EXHAUSTED
[601193.0] P3_A_FAMILY_T2000_NC2880: recheck PASS checks=130816
GROUP DONE P3_A_FAMILY_T2000_NC2880 PASS
