start-state rescan (main) ...
  main PASS pairs=42909 unresolved=3 elevated=24
[604199.5] P3_A_FAMILY_T2000_R720: start mode=R budget=720 spec={"name": "P3_A_FAMILY_T2000", "target_policy": "LEGACY", "evaluation_policy": "E2_ORDERED_K16", "traversal_policy": "BASE", "max_targets": 2000, "k_per_target": 16, "family_round_robin": true, "relocation_side_reserve": 0, "waiting_age": false, "route_coverage": false, "multi_anchor": false, "exact_dedup": false, "decision_cache": false, "return_action": false, "cache_structural_skips": false, "window_slack_mm": 1e-05, "generation_domain": "LINE_ONLY", "path_window_settings": null, "stage_length_cap_mm": null, "notes": ""}
[604199.5] P3_A_FAMILY_T2000_R720: start state=main C:\Users\lihao\Desktop\Graduation Project\OpticalWaveguideRouter3D\outputs\3d_strategy_v3\512_ablation\D_both_enabled pairs=42909
[604204.0] P3_A_FAMILY_T2000_R720: INITIAL_DONE pairs=42909
[604204.2] P3_A_FAMILY_T2000_R720: step 1 NO_CANDIDATES_GENERATED pairs=42909 evals=0 0s
[604204.3] P3_A_FAMILY_T2000_R720: step 2 NO_CANDIDATES_GENERATED pairs=42909 evals=0 0s
[604212.3] P3_A_FAMILY_T2000_R720: step 3 ELEVATED pairs=42653 evals=16 8s
[604223.3] P3_A_FAMILY_T2000_R720: step 4 ELEVATED pairs=42440 evals=32 19s
[604233.7] P3_A_FAMILY_T2000_R720: step 5 ELEVATED pairs=42218 evals=48 30s
[604244.0] P3_A_FAMILY_T2000_R720: step 6 ELEVATED pairs=41998 evals=64 40s
[604252.9] P3_A_FAMILY_T2000_R720: step 7 ELEVATED pairs=41742 evals=80 49s
[604263.5] P3_A_FAMILY_T2000_R720: step 8 ELEVATED pairs=41524 evals=96 59s
[604271.1] P3_A_FAMILY_T2000_R720: step 9 ELEVATED pairs=41274 evals=112 67s
[604279.1] P3_A_FAMILY_T2000_R720: step 10 ELEVATED pairs=41024 evals=128 75s
[604286.7] P3_A_FAMILY_T2000_R720: step 11 ELEVATED pairs=40772 evals=144 83s
[604294.4] P3_A_FAMILY_T2000_R720: step 12 ELEVATED pairs=40524 evals=160 90s
[604304.9] P3_A_FAMILY_T2000_R720: step 13 ELEVATED pairs=40314 evals=176 101s
[604312.0] P3_A_FAMILY_T2000_R720: step 14 ELEVATED pairs=40068 evals=192 108s
[604324.4] P3_A_FAMILY_T2000_R720: step 15 ELEVATED pairs=39859 evals=208 120s
[604337.0] P3_A_FAMILY_T2000_R720: step 16 ELEVATED pairs=39652 evals=224 133s
[604346.3] P3_A_FAMILY_T2000_R720: step 17 ELEVATED pairs=39463 evals=240 142s
[604352.4] P3_A_FAMILY_T2000_R720: step 18 ELEVATED pairs=39221 evals=256 148s
[604360.0] P3_A_FAMILY_T2000_R720: step 19 ELEVATED pairs=38991 evals=272 156s
[604369.4] P3_A_FAMILY_T2000_R720: step 20 ELEVATED pairs=38838 evals=288 165s
[604377.0] P3_A_FAMILY_T2000_R720: step 21 ELEVATED pairs=38599 evals=304 173s
[604383.9] P3_A_FAMILY_T2000_R720: step 22 ELEVATED pairs=38376 evals=320 180s
[604389.1] P3_A_FAMILY_T2000_R720: step 23 ELEVATED pairs=38148 evals=336 185s
[604399.0] P3_A_FAMILY_T2000_R720: step 24 ELEVATED pairs=37927 evals=352 195s
[604404.2] P3_A_FAMILY_T2000_R720: step 25 ELEVATED pairs=37701 evals=368 200s
[604409.5] P3_A_FAMILY_T2000_R720: step 26 ELEVATED pairs=37476 evals=384 205s
[604421.3] P3_A_FAMILY_T2000_R720: step 27 ELEVATED pairs=37285 evals=400 217s
[604431.3] P3_A_FAMILY_T2000_R720: step 28 ELEVATED pairs=37126 evals=416 227s
[604441.2] P3_A_FAMILY_T2000_R720: step 29 ELEVATED pairs=36969 evals=432 237s
[604454.3] P3_A_FAMILY_T2000_R720: step 30 ELEVATED pairs=36778 evals=448 250s
[604464.0] P3_A_FAMILY_T2000_R720: step 31 ELEVATED pairs=36525 evals=464 260s
[604472.9] P3_A_FAMILY_T2000_R720: step 32 ELEVATED pairs=36365 evals=480 269s
[604473.0] P3_A_FAMILY_T2000_R720: step 33 NO_CANDIDATES_GENERATED pairs=36365 evals=480 269s
[604473.1] P3_A_FAMILY_T2000_R720: step 34 NO_CANDIDATES_GENERATED pairs=36365 evals=480 269s
[604480.0] P3_A_FAMILY_T2000_R720: step 35 ELEVATED pairs=36160 evals=496 276s
[604487.2] P3_A_FAMILY_T2000_R720: step 36 ELEVATED pairs=35958 evals=512 283s
[604494.3] P3_A_FAMILY_T2000_R720: step 37 ELEVATED pairs=35818 evals=528 290s
[604505.7] P3_A_FAMILY_T2000_R720: step 38 ELEVATED pairs=35612 evals=544 302s
[604511.1] P3_A_FAMILY_T2000_R720: step 39 ELEVATED pairs=35417 evals=560 307s
[604522.2] P3_A_FAMILY_T2000_R720: step 40 ELEVATED pairs=35213 evals=576 318s
[604532.8] P3_A_FAMILY_T2000_R720: step 41 ELEVATED pairs=35010 evals=592 329s
[604540.1] P3_A_FAMILY_T2000_R720: step 42 ELEVATED pairs=34768 evals=608 336s
[604550.8] P3_A_FAMILY_T2000_R720: step 43 ELEVATED pairs=34567 evals=624 347s
[604561.8] P3_A_FAMILY_T2000_R720: step 44 ELEVATED pairs=34447 evals=640 358s
[604572.7] P3_A_FAMILY_T2000_R720: step 45 ELEVATED pairs=34247 evals=656 369s
[604583.1] P3_A_FAMILY_T2000_R720: step 46 ELEVATED pairs=34042 evals=672 379s
[604593.3] P3_A_FAMILY_T2000_R720: step 47 ELEVATED pairs=33844 evals=688 389s
[604602.6] P3_A_FAMILY_T2000_R720: step 48 ELEVATED pairs=33726 evals=704 399s
[604612.2] P3_A_FAMILY_T2000_R720: step 49 ELEVATED pairs=33529 evals=720 408s
[604612.4] P3_A_FAMILY_T2000_R720: step 50 ABORTED_CANDIDATE_BUDGET pairs=33529 evals=720 408s
[604612.7] P3_A_FAMILY_T2000_R720: done final=33529 moves=45 first=45 reloc=0 ret=0 evals=720 stop=CANDIDATE_BUDGET_EXHAUSTED
[604647.9] P3_A_FAMILY_T2000_R720: recheck PASS checks=130816
GROUP DONE P3_A_FAMILY_T2000_R720 PASS
