start-state rescan (challenge) ...
  challenge PASS pairs=30999 unresolved=3 elevated=77
[600491.4] P4_A_FAMILY_CAP40_NC2880: start mode=N budget=2880 spec={"name": "P4_A_FAMILY_CAP40", "target_policy": "LEGACY", "evaluation_policy": "E2_ORDERED_K16", "traversal_policy": "BASE", "max_targets": 2000, "k_per_target": 16, "family_round_robin": true, "relocation_side_reserve": 0, "waiting_age": false, "route_coverage": false, "multi_anchor": false, "exact_dedup": false, "decision_cache": false, "return_action": false, "cache_structural_skips": false, "window_slack_mm": 1e-05, "generation_domain": "LINE_ONLY", "path_window_settings": null, "stage_length_cap_mm": 40.0, "notes": ""}
[600491.4] P4_A_FAMILY_CAP40_NC2880: start state=challenge C:\Users\lihao\Desktop\Graduation Project\OpticalWaveguideRouter3D\outputs\3d_strategy_v4\512_full_layout\N2880 pairs=30999
[600496.1] P4_A_FAMILY_CAP40_NC2880: INITIAL_DONE pairs=30999
[600496.2] P4_A_FAMILY_CAP40_NC2880: step 1 NO_CANDIDATES_GENERATED pairs=30999 evals=0 0s
[600496.4] P4_A_FAMILY_CAP40_NC2880: step 2 NO_CANDIDATES_GENERATED pairs=30999 evals=0 0s
[600496.5] P4_A_FAMILY_CAP40_NC2880: step 3 NO_CANDIDATES_GENERATED pairs=30999 evals=0 0s
[600496.6] P4_A_FAMILY_CAP40_NC2880: step 4 NO_CANDIDATES_GENERATED pairs=30999 evals=0 0s
[600496.7] P4_A_FAMILY_CAP40_NC2880: step 5 NO_CANDIDATES_GENERATED pairs=30999 evals=0 1s
[600496.8] P4_A_FAMILY_CAP40_NC2880: step 6 NO_CANDIDATES_GENERATED pairs=30999 evals=0 1s
[600504.6] P4_A_FAMILY_CAP40_NC2880: step 7 ELEVATED pairs=30804 evals=16 8s
[600512.7] P4_A_FAMILY_CAP40_NC2880: step 8 ELEVATED pairs=30610 evals=32 17s
[600523.5] P4_A_FAMILY_CAP40_NC2880: step 9 ELEVATED pairs=30437 evals=48 27s
[600534.4] P4_A_FAMILY_CAP40_NC2880: step 10 ELEVATED pairs=30266 evals=64 38s
[600534.6] P4_A_FAMILY_CAP40_NC2880: step 11 NO_CANDIDATES_GENERATED pairs=30266 evals=64 38s
[600546.1] P4_A_FAMILY_CAP40_NC2880: step 12 ELEVATED pairs=30075 evals=80 50s
[600559.3] P4_A_FAMILY_CAP40_NC2880: step 13 ELEVATED pairs=29886 evals=96 63s
[600574.8] P4_A_FAMILY_CAP40_NC2880: step 14 ELEVATED pairs=29699 evals=112 79s
[600588.5] P4_A_FAMILY_CAP40_NC2880: step 15 ELEVATED pairs=29500 evals=128 92s
[600604.5] P4_A_FAMILY_CAP40_NC2880: step 16 ELEVATED pairs=29315 evals=144 108s
[600617.8] P4_A_FAMILY_CAP40_NC2880: step 17 ELEVATED pairs=29118 evals=160 122s
[600630.1] P4_A_FAMILY_CAP40_NC2880: step 18 ELEVATED pairs=28923 evals=176 134s
[600643.8] P4_A_FAMILY_CAP40_NC2880: step 19 ELEVATED pairs=28748 evals=192 148s
[600658.4] P4_A_FAMILY_CAP40_NC2880: step 20 ELEVATED pairs=28575 evals=208 162s
[600670.0] P4_A_FAMILY_CAP40_NC2880: step 21 ELEVATED pairs=28386 evals=224 174s
[600680.5] P4_A_FAMILY_CAP40_NC2880: step 22 ELEVATED pairs=28255 evals=240 184s
[600692.0] P4_A_FAMILY_CAP40_NC2880: step 23 ELEVATED pairs=28068 evals=256 196s
[600707.2] P4_A_FAMILY_CAP40_NC2880: step 24 ELEVATED pairs=27906 evals=272 211s
[600719.2] P4_A_FAMILY_CAP40_NC2880: step 25 ELEVATED pairs=27721 evals=288 223s
[600732.1] P4_A_FAMILY_CAP40_NC2880: step 26 ELEVATED pairs=27538 evals=304 236s
[600744.8] P4_A_FAMILY_CAP40_NC2880: step 27 ELEVATED pairs=27361 evals=320 249s
[600750.9] P4_A_FAMILY_CAP40_NC2880: step 28 ELEVATED pairs=27189 evals=329 255s
[600764.0] P4_A_FAMILY_CAP40_NC2880: step 29 ELEVATED pairs=27013 evals=345 268s
[600770.4] P4_A_FAMILY_CAP40_NC2880: step 30 ELEVATED pairs=26843 evals=354 274s
[600783.0] P4_A_FAMILY_CAP40_NC2880: step 31 ELEVATED pairs=26670 evals=370 287s
[600789.4] P4_A_FAMILY_CAP40_NC2880: step 32 ELEVATED pairs=26502 evals=379 293s
[600802.9] P4_A_FAMILY_CAP40_NC2880: step 33 ELEVATED pairs=26331 evals=395 307s
[600803.1] P4_A_FAMILY_CAP40_NC2880: step 34 NO_CANDIDATES_GENERATED pairs=26331 evals=395 307s
[600809.5] P4_A_FAMILY_CAP40_NC2880: step 35 ELEVATED pairs=26165 evals=404 313s
[600823.4] P4_A_FAMILY_CAP40_NC2880: step 36 ELEVATED pairs=25996 evals=420 327s
[600837.5] P4_A_FAMILY_CAP40_NC2880: step 37 ELEVATED pairs=25829 evals=436 341s
[600851.6] P4_A_FAMILY_CAP40_NC2880: step 38 ELEVATED pairs=25664 evals=452 355s
[600865.7] P4_A_FAMILY_CAP40_NC2880: step 39 ELEVATED pairs=25501 evals=468 370s
[600873.3] P4_A_FAMILY_CAP40_NC2880: step 40 ELEVATED pairs=25346 evals=484 377s
[600886.5] P4_A_FAMILY_CAP40_NC2880: step 41 ELEVATED pairs=25184 evals=500 390s
[600897.2] P4_A_FAMILY_CAP40_NC2880: step 42 ELEVATED pairs=25045 evals=516 401s
[600909.8] P4_A_FAMILY_CAP40_NC2880: step 43 ELEVATED pairs=24886 evals=532 414s
[600919.8] P4_A_FAMILY_CAP40_NC2880: step 44 ELEVATED pairs=24749 evals=548 424s
[600927.5] P4_A_FAMILY_CAP40_NC2880: step 45 ELEVATED pairs=24585 evals=564 431s
[600940.3] P4_A_FAMILY_CAP40_NC2880: step 46 ELEVATED pairs=24424 evals=580 444s
[600953.0] P4_A_FAMILY_CAP40_NC2880: step 47 ELEVATED pairs=24265 evals=596 457s
[600963.0] P4_A_FAMILY_CAP40_NC2880: step 48 ELEVATED pairs=24233 evals=612 467s
[600977.0] P4_A_FAMILY_CAP40_NC2880: step 49 ELEVATED pairs=24076 evals=628 481s
[600992.3] P4_A_FAMILY_CAP40_NC2880: step 50 ELEVATED pairs=23921 evals=644 496s
[601003.1] P4_A_FAMILY_CAP40_NC2880: step 51 ELEVATED pairs=23789 evals=660 507s
[601013.9] P4_A_FAMILY_CAP40_NC2880: step 52 ELEVATED pairs=23657 evals=676 518s
[601026.5] P4_A_FAMILY_CAP40_NC2880: step 53 ELEVATED pairs=23503 evals=692 530s
[601036.6] P4_A_FAMILY_CAP40_NC2880: step 54 ELEVATED pairs=23364 evals=708 541s
[601049.6] P4_A_FAMILY_CAP40_NC2880: step 55 ELEVATED pairs=23212 evals=724 554s
[601059.9] P4_A_FAMILY_CAP40_NC2880: step 56 ELEVATED pairs=23073 evals=740 564s
[601070.9] P4_A_FAMILY_CAP40_NC2880: step 57 ELEVATED pairs=22926 evals=756 575s
[601083.7] P4_A_FAMILY_CAP40_NC2880: step 58 ELEVATED pairs=22776 evals=772 588s
[601094.7] P4_A_FAMILY_CAP40_NC2880: step 59 ELEVATED pairs=22629 evals=788 599s
[601105.1] P4_A_FAMILY_CAP40_NC2880: step 60 ELEVATED pairs=22482 evals=804 609s
[601110.2] P4_A_FAMILY_CAP40_NC2880: step 61 ELEVATED pairs=22353 evals=820 614s
[601119.2] P4_A_FAMILY_CAP40_NC2880: step 62 ELEVATED pairs=22254 evals=829 623s
[601129.0] P4_A_FAMILY_CAP40_NC2880: step 63 ELEVATED pairs=22137 evals=845 633s
[601142.8] P4_A_FAMILY_CAP40_NC2880: step 64 ELEVATED pairs=22033 evals=861 647s
[601155.1] P4_A_FAMILY_CAP40_NC2880: step 65 ELEVATED pairs=21939 evals=877 659s
[601166.5] P4_A_FAMILY_CAP40_NC2880: step 66 ELEVATED pairs=21795 evals=893 670s
[601181.6] P4_A_FAMILY_CAP40_NC2880: step 67 ELEVATED pairs=21694 evals=909 686s
[601191.4] P4_A_FAMILY_CAP40_NC2880: step 68 ELEVATED pairs=21552 evals=925 695s
[601212.4] P4_A_FAMILY_CAP40_NC2880: step 69 ELEVATED pairs=21420 evals=941 716s
[601222.4] P4_A_FAMILY_CAP40_NC2880: step 70 ELEVATED pairs=21280 evals=957 726s
[601235.2] P4_A_FAMILY_CAP40_NC2880: step 71 ELEVATED pairs=21136 evals=973 739s
[601247.9] P4_A_FAMILY_CAP40_NC2880: step 72 ELEVATED pairs=20994 evals=989 752s
[601275.0] P4_A_FAMILY_CAP40_NC2880: step 73 ELEVATED pairs=20877 evals=1005 779s
[601288.1] P4_A_FAMILY_CAP40_NC2880: step 74 ELEVATED pairs=20737 evals=1021 792s
[601313.5] P4_A_FAMILY_CAP40_NC2880: step 75 ELEVATED pairs=20637 evals=1037 817s
[601337.4] P4_A_FAMILY_CAP40_NC2880: step 76 ELEVATED pairs=20527 evals=1053 841s
[601349.4] P4_A_FAMILY_CAP40_NC2880: step 77 ELEVATED pairs=20425 evals=1069 853s
[601372.3] P4_A_FAMILY_CAP40_NC2880: step 78 ELEVATED pairs=20315 evals=1085 876s
[601380.9] P4_A_FAMILY_CAP40_NC2880: step 79 ELEVATED pairs=20221 evals=1101 885s
[601391.1] P4_A_FAMILY_CAP40_NC2880: step 80 ELEVATED pairs=20119 evals=1117 895s
[601401.2] P4_A_FAMILY_CAP40_NC2880: step 81 ELEVATED pairs=19992 evals=1133 905s
[601411.6] P4_A_FAMILY_CAP40_NC2880: step 82 ELEVATED pairs=19892 evals=1149 915s
[601421.6] P4_A_FAMILY_CAP40_NC2880: step 83 ELEVATED pairs=19795 evals=1165 926s
[601429.6] P4_A_FAMILY_CAP40_NC2880: step 84 ELEVATED pairs=19673 evals=1181 933s
[601432.0] P4_A_FAMILY_CAP40_NC2880: step 85 PREFIX_EVALUATED_NO_WINNER_DEFERRED pairs=19673 evals=1197 936s
[601434.3] P4_A_FAMILY_CAP40_NC2880: step 86 PREFIX_EVALUATED_NO_WINNER_DEFERRED pairs=19673 evals=1213 938s
[601436.6] P4_A_FAMILY_CAP40_NC2880: step 87 PREFIX_EVALUATED_NO_WINNER_DEFERRED pairs=19673 evals=1229 941s
[601439.1] P4_A_FAMILY_CAP40_NC2880: step 88 PREFIX_EVALUATED_NO_WINNER_DEFERRED pairs=19673 evals=1245 943s
[601442.4] P4_A_FAMILY_CAP40_NC2880: step 89 PREFIX_EVALUATED_NO_WINNER_DEFERRED pairs=19673 evals=1261 946s
[601445.8] P4_A_FAMILY_CAP40_NC2880: step 90 PREFIX_EVALUATED_NO_WINNER_DEFERRED pairs=19673 evals=1277 950s
[601448.9] P4_A_FAMILY_CAP40_NC2880: step 91 PREFIX_EVALUATED_NO_WINNER_DEFERRED pairs=19673 evals=1293 953s
[601451.9] P4_A_FAMILY_CAP40_NC2880: step 92 PREFIX_EVALUATED_NO_WINNER_DEFERRED pairs=19673 evals=1309 956s
[601455.1] P4_A_FAMILY_CAP40_NC2880: step 93 PREFIX_EVALUATED_NO_WINNER_DEFERRED pairs=19673 evals=1325 959s
[601458.0] P4_A_FAMILY_CAP40_NC2880: step 94 PREFIX_EVALUATED_NO_WINNER_DEFERRED pairs=19673 evals=1341 962s
[601461.1] P4_A_FAMILY_CAP40_NC2880: step 95 PREFIX_EVALUATED_NO_WINNER_DEFERRED pairs=19673 evals=1357 965s
[601463.9] P4_A_FAMILY_CAP40_NC2880: step 96 PREFIX_EVALUATED_NO_WINNER_DEFERRED pairs=19673 evals=1373 968s
[601466.8] P4_A_FAMILY_CAP40_NC2880: step 97 PREFIX_EVALUATED_NO_WINNER_DEFERRED pairs=19673 evals=1389 971s
[601469.4] P4_A_FAMILY_CAP40_NC2880: step 98 PREFIX_EVALUATED_NO_WINNER_DEFERRED pairs=19673 evals=1405 973s
[601472.0] P4_A_FAMILY_CAP40_NC2880: step 99 PREFIX_EVALUATED_NO_WINNER_DEFERRED pairs=19673 evals=1421 976s
[601474.6] P4_A_FAMILY_CAP40_NC2880: step 100 PREFIX_EVALUATED_NO_WINNER_DEFERRED pairs=19673 evals=1437 978s
[601477.3] P4_A_FAMILY_CAP40_NC2880: step 101 PREFIX_EVALUATED_NO_WINNER_DEFERRED pairs=19673 evals=1453 981s
[601479.9] P4_A_FAMILY_CAP40_NC2880: step 102 PREFIX_EVALUATED_NO_WINNER_DEFERRED pairs=19673 evals=1469 984s
[601482.7] P4_A_FAMILY_CAP40_NC2880: step 103 PREFIX_EVALUATED_NO_WINNER_DEFERRED pairs=19673 evals=1485 987s
[601485.5] P4_A_FAMILY_CAP40_NC2880: step 104 PREFIX_EVALUATED_NO_WINNER_DEFERRED pairs=19673 evals=1501 989s
[601487.6] P4_A_FAMILY_CAP40_NC2880: step 105 PREFIX_EVALUATED_NO_WINNER_DEFERRED pairs=19673 evals=1517 992s
[601489.9] P4_A_FAMILY_CAP40_NC2880: step 106 PREFIX_EVALUATED_NO_WINNER_DEFERRED pairs=19673 evals=1533 994s
[601492.1] P4_A_FAMILY_CAP40_NC2880: step 107 PREFIX_EVALUATED_NO_WINNER_DEFERRED pairs=19673 evals=1549 996s
[601494.3] P4_A_FAMILY_CAP40_NC2880: step 108 PREFIX_EVALUATED_NO_WINNER_DEFERRED pairs=19673 evals=1565 998s
[601494.5] P4_A_FAMILY_CAP40_NC2880: step 109 NO_CANDIDATES_GENERATED pairs=19673 evals=1565 998s
[601496.1] P4_A_FAMILY_CAP40_NC2880: step 110 ALL_CANDIDATES_REJECTED pairs=19673 evals=1574 1000s
[601497.7] P4_A_FAMILY_CAP40_NC2880: step 111 ALL_CANDIDATES_REJECTED pairs=19673 evals=1583 1002s
[601499.4] P4_A_FAMILY_CAP40_NC2880: step 112 ALL_CANDIDATES_REJECTED pairs=19673 evals=1592 1003s
[601501.5] P4_A_FAMILY_CAP40_NC2880: step 113 PREFIX_EVALUATED_NO_WINNER_DEFERRED pairs=19673 evals=1608 1005s
[601503.7] P4_A_FAMILY_CAP40_NC2880: step 114 PREFIX_EVALUATED_NO_WINNER_DEFERRED pairs=19673 evals=1624 1008s
[601505.8] P4_A_FAMILY_CAP40_NC2880: step 115 PREFIX_EVALUATED_NO_WINNER_DEFERRED pairs=19673 evals=1640 1010s
[601507.9] P4_A_FAMILY_CAP40_NC2880: step 116 PREFIX_EVALUATED_NO_WINNER_DEFERRED pairs=19673 evals=1656 1012s
[601510.1] P4_A_FAMILY_CAP40_NC2880: step 117 PREFIX_EVALUATED_NO_WINNER_DEFERRED pairs=19673 evals=1672 1014s
[601512.2] P4_A_FAMILY_CAP40_NC2880: step 118 PREFIX_EVALUATED_NO_WINNER_DEFERRED pairs=19673 evals=1688 1016s
[601514.5] P4_A_FAMILY_CAP40_NC2880: step 119 PREFIX_EVALUATED_NO_WINNER_DEFERRED pairs=19673 evals=1704 1018s
[601516.5] P4_A_FAMILY_CAP40_NC2880: step 120 PREFIX_EVALUATED_NO_WINNER_DEFERRED pairs=19673 evals=1720 1020s
[601518.6] P4_A_FAMILY_CAP40_NC2880: step 121 PREFIX_EVALUATED_NO_WINNER_DEFERRED pairs=19673 evals=1736 1023s
[601520.8] P4_A_FAMILY_CAP40_NC2880: step 122 PREFIX_EVALUATED_NO_WINNER_DEFERRED pairs=19673 evals=1752 1025s
[601523.1] P4_A_FAMILY_CAP40_NC2880: step 123 PREFIX_EVALUATED_NO_WINNER_DEFERRED pairs=19673 evals=1768 1027s
[601525.2] P4_A_FAMILY_CAP40_NC2880: step 124 PREFIX_EVALUATED_NO_WINNER_DEFERRED pairs=19673 evals=1784 1029s
[601527.6] P4_A_FAMILY_CAP40_NC2880: step 125 PREFIX_EVALUATED_NO_WINNER_DEFERRED pairs=19673 evals=1800 1031s
[601530.1] P4_A_FAMILY_CAP40_NC2880: step 126 PREFIX_EVALUATED_NO_WINNER_DEFERRED pairs=19673 evals=1816 1034s
[601532.6] P4_A_FAMILY_CAP40_NC2880: step 127 PREFIX_EVALUATED_NO_WINNER_DEFERRED pairs=19673 evals=1832 1036s
[601535.0] P4_A_FAMILY_CAP40_NC2880: step 128 PREFIX_EVALUATED_NO_WINNER_DEFERRED pairs=19673 evals=1848 1039s
[601537.7] P4_A_FAMILY_CAP40_NC2880: step 129 PREFIX_EVALUATED_NO_WINNER_DEFERRED pairs=19673 evals=1864 1042s
[601540.0] P4_A_FAMILY_CAP40_NC2880: step 130 PREFIX_EVALUATED_NO_WINNER_DEFERRED pairs=19673 evals=1880 1044s
[601542.7] P4_A_FAMILY_CAP40_NC2880: step 131 PREFIX_EVALUATED_NO_WINNER_DEFERRED pairs=19673 evals=1896 1047s
[601545.2] P4_A_FAMILY_CAP40_NC2880: step 132 PREFIX_EVALUATED_NO_WINNER_DEFERRED pairs=19673 evals=1912 1049s
[601547.6] P4_A_FAMILY_CAP40_NC2880: step 133 PREFIX_EVALUATED_NO_WINNER_DEFERRED pairs=19673 evals=1928 1052s
[601550.0] P4_A_FAMILY_CAP40_NC2880: step 134 PREFIX_EVALUATED_NO_WINNER_DEFERRED pairs=19673 evals=1944 1054s
[601551.6] P4_A_FAMILY_CAP40_NC2880: step 135 ALL_CANDIDATES_REJECTED pairs=19673 evals=1953 1056s
[601553.2] P4_A_FAMILY_CAP40_NC2880: step 136 ALL_CANDIDATES_REJECTED pairs=19673 evals=1962 1057s
[601554.9] P4_A_FAMILY_CAP40_NC2880: step 137 ALL_CANDIDATES_REJECTED pairs=19673 evals=1971 1059s
[601556.5] P4_A_FAMILY_CAP40_NC2880: step 138 ALL_CANDIDATES_REJECTED pairs=19673 evals=1980 1060s
[601559.2] P4_A_FAMILY_CAP40_NC2880: step 139 PREFIX_EVALUATED_NO_WINNER_DEFERRED pairs=19673 evals=1996 1063s
[601561.9] P4_A_FAMILY_CAP40_NC2880: step 140 PREFIX_EVALUATED_NO_WINNER_DEFERRED pairs=19673 evals=2012 1066s
[601564.5] P4_A_FAMILY_CAP40_NC2880: step 141 PREFIX_EVALUATED_NO_WINNER_DEFERRED pairs=19673 evals=2028 1068s
[601567.1] P4_A_FAMILY_CAP40_NC2880: step 142 PREFIX_EVALUATED_NO_WINNER_DEFERRED pairs=19673 evals=2044 1071s
[601569.8] P4_A_FAMILY_CAP40_NC2880: step 143 PREFIX_EVALUATED_NO_WINNER_DEFERRED pairs=19673 evals=2060 1074s
[601572.2] P4_A_FAMILY_CAP40_NC2880: step 144 PREFIX_EVALUATED_NO_WINNER_DEFERRED pairs=19673 evals=2076 1076s
[601575.0] P4_A_FAMILY_CAP40_NC2880: step 145 PREFIX_EVALUATED_NO_WINNER_DEFERRED pairs=19673 evals=2092 1079s
[601577.9] P4_A_FAMILY_CAP40_NC2880: step 146 PREFIX_EVALUATED_NO_WINNER_DEFERRED pairs=19673 evals=2108 1082s
[601579.6] P4_A_FAMILY_CAP40_NC2880: step 147 ALL_CANDIDATES_REJECTED pairs=19673 evals=2117 1084s
[601581.4] P4_A_FAMILY_CAP40_NC2880: step 148 ALL_CANDIDATES_REJECTED pairs=19673 evals=2126 1085s
[601583.0] P4_A_FAMILY_CAP40_NC2880: step 149 ALL_CANDIDATES_REJECTED pairs=19673 evals=2135 1087s
[601584.7] P4_A_FAMILY_CAP40_NC2880: step 150 ALL_CANDIDATES_REJECTED pairs=19673 evals=2144 1089s
[601587.3] P4_A_FAMILY_CAP40_NC2880: step 151 PREFIX_EVALUATED_NO_WINNER_DEFERRED pairs=19673 evals=2160 1091s
[601589.8] P4_A_FAMILY_CAP40_NC2880: step 152 PREFIX_EVALUATED_NO_WINNER_DEFERRED pairs=19673 evals=2176 1094s
[601592.3] P4_A_FAMILY_CAP40_NC2880: step 153 PREFIX_EVALUATED_NO_WINNER_DEFERRED pairs=19673 evals=2192 1096s
[601594.8] P4_A_FAMILY_CAP40_NC2880: step 154 PREFIX_EVALUATED_NO_WINNER_DEFERRED pairs=19673 evals=2208 1099s
[601597.6] P4_A_FAMILY_CAP40_NC2880: step 155 PREFIX_EVALUATED_NO_WINNER_DEFERRED pairs=19673 evals=2224 1101s
[601600.1] P4_A_FAMILY_CAP40_NC2880: step 156 PREFIX_EVALUATED_NO_WINNER_DEFERRED pairs=19673 evals=2240 1104s
[601602.8] P4_A_FAMILY_CAP40_NC2880: step 157 PREFIX_EVALUATED_NO_WINNER_DEFERRED pairs=19673 evals=2256 1107s
[601605.3] P4_A_FAMILY_CAP40_NC2880: step 158 PREFIX_EVALUATED_NO_WINNER_DEFERRED pairs=19673 evals=2272 1109s
[601605.5] P4_A_FAMILY_CAP40_NC2880: step 159 NO_CANDIDATES_GENERATED pairs=19673 evals=2272 1109s
[601605.7] P4_A_FAMILY_CAP40_NC2880: step 160 NO_CANDIDATES_GENERATED pairs=19673 evals=2272 1110s
[601605.9] P4_A_FAMILY_CAP40_NC2880: step 161 NO_CANDIDATES_GENERATED pairs=19673 evals=2272 1110s
[601606.1] P4_A_FAMILY_CAP40_NC2880: step 162 NO_CANDIDATES_GENERATED pairs=19673 evals=2272 1110s
[601606.3] P4_A_FAMILY_CAP40_NC2880: step 163 NO_CANDIDATES_GENERATED pairs=19673 evals=2272 1110s
[601606.5] P4_A_FAMILY_CAP40_NC2880: step 164 NO_CANDIDATES_GENERATED pairs=19673 evals=2272 1110s
[601606.7] P4_A_FAMILY_CAP40_NC2880: step 165 NO_CANDIDATES_GENERATED pairs=19673 evals=2272 1111s
[601606.9] P4_A_FAMILY_CAP40_NC2880: step 166 NO_CANDIDATES_GENERATED pairs=19673 evals=2272 1111s
[601609.4] P4_A_FAMILY_CAP40_NC2880: step 167 PREFIX_EVALUATED_NO_WINNER_DEFERRED pairs=19673 evals=2288 1113s
[601612.0] P4_A_FAMILY_CAP40_NC2880: step 168 PREFIX_EVALUATED_NO_WINNER_DEFERRED pairs=19673 evals=2304 1116s
[601614.5] P4_A_FAMILY_CAP40_NC2880: step 169 PREFIX_EVALUATED_NO_WINNER_DEFERRED pairs=19673 evals=2320 1118s
[601617.1] P4_A_FAMILY_CAP40_NC2880: step 170 PREFIX_EVALUATED_NO_WINNER_DEFERRED pairs=19673 evals=2336 1121s
[601619.5] P4_A_FAMILY_CAP40_NC2880: step 171 PREFIX_EVALUATED_NO_WINNER_DEFERRED pairs=19673 evals=2352 1123s
[601621.9] P4_A_FAMILY_CAP40_NC2880: step 172 PREFIX_EVALUATED_NO_WINNER_DEFERRED pairs=19673 evals=2368 1126s
[601624.5] P4_A_FAMILY_CAP40_NC2880: step 173 PREFIX_EVALUATED_NO_WINNER_DEFERRED pairs=19673 evals=2384 1128s
[601627.4] P4_A_FAMILY_CAP40_NC2880: step 174 PREFIX_EVALUATED_NO_WINNER_DEFERRED pairs=19673 evals=2400 1131s
[601630.1] P4_A_FAMILY_CAP40_NC2880: step 175 PREFIX_EVALUATED_NO_WINNER_DEFERRED pairs=19673 evals=2416 1134s
[601632.9] P4_A_FAMILY_CAP40_NC2880: step 176 PREFIX_EVALUATED_NO_WINNER_DEFERRED pairs=19673 evals=2432 1137s
[601635.5] P4_A_FAMILY_CAP40_NC2880: step 177 PREFIX_EVALUATED_NO_WINNER_DEFERRED pairs=19673 evals=2448 1139s
[601638.3] P4_A_FAMILY_CAP40_NC2880: step 178 PREFIX_EVALUATED_NO_WINNER_DEFERRED pairs=19673 evals=2464 1142s
[601638.5] P4_A_FAMILY_CAP40_NC2880: step 179 NO_CANDIDATES_GENERATED pairs=19673 evals=2464 1142s
[601638.7] P4_A_FAMILY_CAP40_NC2880: step 180 NO_CANDIDATES_GENERATED pairs=19673 evals=2464 1143s
[601638.9] P4_A_FAMILY_CAP40_NC2880: step 181 NO_CANDIDATES_GENERATED pairs=19673 evals=2464 1143s
[601639.1] P4_A_FAMILY_CAP40_NC2880: step 182 NO_CANDIDATES_GENERATED pairs=19673 evals=2464 1143s
[601639.3] P4_A_FAMILY_CAP40_NC2880: step 183 NO_CANDIDATES_GENERATED pairs=19673 evals=2464 1143s
[601639.6] P4_A_FAMILY_CAP40_NC2880: step 184 NO_CANDIDATES_GENERATED pairs=19673 evals=2464 1143s
[601639.8] P4_A_FAMILY_CAP40_NC2880: step 185 NO_CANDIDATES_GENERATED pairs=19673 evals=2464 1144s
[601640.0] P4_A_FAMILY_CAP40_NC2880: step 186 NO_CANDIDATES_GENERATED pairs=19673 evals=2464 1144s
[601642.7] P4_A_FAMILY_CAP40_NC2880: step 187 PREFIX_EVALUATED_NO_WINNER_DEFERRED pairs=19673 evals=2480 1147s
[601645.4] P4_A_FAMILY_CAP40_NC2880: step 188 PREFIX_EVALUATED_NO_WINNER_DEFERRED pairs=19673 evals=2496 1149s
[601648.0] P4_A_FAMILY_CAP40_NC2880: step 189 PREFIX_EVALUATED_NO_WINNER_DEFERRED pairs=19673 evals=2512 1152s
[601650.7] P4_A_FAMILY_CAP40_NC2880: step 190 PREFIX_EVALUATED_NO_WINNER_DEFERRED pairs=19673 evals=2528 1155s
[601653.2] P4_A_FAMILY_CAP40_NC2880: step 191 PREFIX_EVALUATED_NO_WINNER_DEFERRED pairs=19673 evals=2544 1157s
[601655.8] P4_A_FAMILY_CAP40_NC2880: step 192 PREFIX_EVALUATED_NO_WINNER_DEFERRED pairs=19673 evals=2560 1160s
[601658.4] P4_A_FAMILY_CAP40_NC2880: step 193 PREFIX_EVALUATED_NO_WINNER_DEFERRED pairs=19673 evals=2576 1162s
[601660.9] P4_A_FAMILY_CAP40_NC2880: step 194 PREFIX_EVALUATED_NO_WINNER_DEFERRED pairs=19673 evals=2592 1165s
[601663.4] P4_A_FAMILY_CAP40_NC2880: step 195 PREFIX_EVALUATED_NO_WINNER_DEFERRED pairs=19673 evals=2608 1167s
[601665.9] P4_A_FAMILY_CAP40_NC2880: step 196 PREFIX_EVALUATED_NO_WINNER_DEFERRED pairs=19673 evals=2624 1170s
[601668.5] P4_A_FAMILY_CAP40_NC2880: step 197 PREFIX_EVALUATED_NO_WINNER_DEFERRED pairs=19673 evals=2640 1172s
[601671.1] P4_A_FAMILY_CAP40_NC2880: step 198 PREFIX_EVALUATED_NO_WINNER_DEFERRED pairs=19673 evals=2656 1175s
[601673.6] P4_A_FAMILY_CAP40_NC2880: step 199 PREFIX_EVALUATED_NO_WINNER_DEFERRED pairs=19673 evals=2672 1178s
[601676.0] P4_A_FAMILY_CAP40_NC2880: step 200 PREFIX_EVALUATED_NO_WINNER_DEFERRED pairs=19673 evals=2688 1180s
[601676.2] P4_A_FAMILY_CAP40_NC2880: step 201 NO_CANDIDATES_GENERATED pairs=19673 evals=2688 1180s
[601676.4] P4_A_FAMILY_CAP40_NC2880: step 202 NO_CANDIDATES_GENERATED pairs=19673 evals=2688 1180s
[601676.6] P4_A_FAMILY_CAP40_NC2880: step 203 NO_CANDIDATES_GENERATED pairs=19673 evals=2688 1181s
[601676.9] P4_A_FAMILY_CAP40_NC2880: step 204 NO_CANDIDATES_GENERATED pairs=19673 evals=2688 1181s
[601677.1] P4_A_FAMILY_CAP40_NC2880: step 205 NO_CANDIDATES_GENERATED pairs=19673 evals=2688 1181s
[601677.3] P4_A_FAMILY_CAP40_NC2880: step 206 NO_CANDIDATES_GENERATED pairs=19673 evals=2688 1181s
[601677.5] P4_A_FAMILY_CAP40_NC2880: step 207 NO_CANDIDATES_GENERATED pairs=19673 evals=2688 1181s
[601677.7] P4_A_FAMILY_CAP40_NC2880: step 208 NO_CANDIDATES_GENERATED pairs=19673 evals=2688 1182s
[601677.9] P4_A_FAMILY_CAP40_NC2880: step 209 NO_CANDIDATES_GENERATED pairs=19673 evals=2688 1182s
[601678.1] P4_A_FAMILY_CAP40_NC2880: step 210 NO_CANDIDATES_GENERATED pairs=19673 evals=2688 1182s
[601678.3] P4_A_FAMILY_CAP40_NC2880: step 211 NO_CANDIDATES_GENERATED pairs=19673 evals=2688 1182s
[601678.5] P4_A_FAMILY_CAP40_NC2880: step 212 NO_CANDIDATES_GENERATED pairs=19673 evals=2688 1182s
[601678.6] P4_A_FAMILY_CAP40_NC2880: step 213 NO_CANDIDATES_GENERATED pairs=19673 evals=2688 1183s
[601678.8] P4_A_FAMILY_CAP40_NC2880: step 214 NO_CANDIDATES_GENERATED pairs=19673 evals=2688 1183s
[601679.0] P4_A_FAMILY_CAP40_NC2880: step 215 NO_CANDIDATES_GENERATED pairs=19673 evals=2688 1183s
[601679.2] P4_A_FAMILY_CAP40_NC2880: step 216 NO_CANDIDATES_GENERATED pairs=19673 evals=2688 1183s
[601681.6] P4_A_FAMILY_CAP40_NC2880: step 217 PREFIX_EVALUATED_NO_WINNER_DEFERRED pairs=19673 evals=2704 1186s
[601684.1] P4_A_FAMILY_CAP40_NC2880: step 218 PREFIX_EVALUATED_NO_WINNER_DEFERRED pairs=19673 evals=2720 1188s
[601686.8] P4_A_FAMILY_CAP40_NC2880: step 219 PREFIX_EVALUATED_NO_WINNER_DEFERRED pairs=19673 evals=2736 1191s
[601689.5] P4_A_FAMILY_CAP40_NC2880: step 220 PREFIX_EVALUATED_NO_WINNER_DEFERRED pairs=19673 evals=2752 1193s
[601692.2] P4_A_FAMILY_CAP40_NC2880: step 221 PREFIX_EVALUATED_NO_WINNER_DEFERRED pairs=19673 evals=2768 1196s
[601694.7] P4_A_FAMILY_CAP40_NC2880: step 222 PREFIX_EVALUATED_NO_WINNER_DEFERRED pairs=19673 evals=2784 1199s
[601697.0] P4_A_FAMILY_CAP40_NC2880: step 223 PREFIX_EVALUATED_NO_WINNER_DEFERRED pairs=19673 evals=2800 1201s
[601699.3] P4_A_FAMILY_CAP40_NC2880: step 224 PREFIX_EVALUATED_NO_WINNER_DEFERRED pairs=19673 evals=2816 1203s
[601701.7] P4_A_FAMILY_CAP40_NC2880: step 225 PREFIX_EVALUATED_NO_WINNER_DEFERRED pairs=19673 evals=2832 1206s
[601703.9] P4_A_FAMILY_CAP40_NC2880: step 226 PREFIX_EVALUATED_NO_WINNER_DEFERRED pairs=19673 evals=2848 1208s
[601706.1] P4_A_FAMILY_CAP40_NC2880: step 227 PREFIX_EVALUATED_NO_WINNER_DEFERRED pairs=19673 evals=2864 1210s
[601708.3] P4_A_FAMILY_CAP40_NC2880: step 228 PREFIX_EVALUATED_NO_WINNER_DEFERRED pairs=19673 evals=2880 1212s
[601708.6] P4_A_FAMILY_CAP40_NC2880: step 229 ABORTED_CANDIDATE_BUDGET pairs=19673 evals=2880 1212s
[601708.9] P4_A_FAMILY_CAP40_NC2880: done final=19673 moves=76 first=76 reloc=0 ret=0 evals=2880 stop=CANDIDATE_BUDGET_EXHAUSTED
[601779.2] P4_A_FAMILY_CAP40_NC2880: recheck PASS checks=130816
GROUP DONE P4_A_FAMILY_CAP40_NC2880 PASS
