start-state rescan (challenge) ...
  challenge PASS pairs=30999 unresolved=3 elevated=77
[599036.2] P4_BASE_E2_CAP60_NC2880: start mode=N budget=2880 spec={"name": "P4_BASE_E2_CAP60", "target_policy": "LEGACY", "evaluation_policy": "E2_ORDERED_K16", "traversal_policy": "BASE", "max_targets": 2000, "k_per_target": 16, "family_round_robin": false, "relocation_side_reserve": 0, "waiting_age": false, "route_coverage": false, "multi_anchor": false, "exact_dedup": false, "decision_cache": false, "return_action": false, "cache_structural_skips": false, "window_slack_mm": 1e-05, "generation_domain": "LINE_ONLY", "path_window_settings": null, "stage_length_cap_mm": 60.0, "notes": ""}
[599036.2] P4_BASE_E2_CAP60_NC2880: start state=challenge C:\Users\lihao\Desktop\Graduation Project\OpticalWaveguideRouter3D\outputs\3d_strategy_v4\512_full_layout\N2880 pairs=30999
[599041.0] P4_BASE_E2_CAP60_NC2880: INITIAL_DONE pairs=30999
[599041.1] P4_BASE_E2_CAP60_NC2880: step 1 NO_CANDIDATES_GENERATED pairs=30999 evals=0 0s
[599041.3] P4_BASE_E2_CAP60_NC2880: step 2 NO_CANDIDATES_GENERATED pairs=30999 evals=0 0s
[599041.4] P4_BASE_E2_CAP60_NC2880: step 3 NO_CANDIDATES_GENERATED pairs=30999 evals=0 0s
[599041.5] P4_BASE_E2_CAP60_NC2880: step 4 NO_CANDIDATES_GENERATED pairs=30999 evals=0 0s
[599041.6] P4_BASE_E2_CAP60_NC2880: step 5 NO_CANDIDATES_GENERATED pairs=30999 evals=0 1s
[599041.7] P4_BASE_E2_CAP60_NC2880: step 6 NO_CANDIDATES_GENERATED pairs=30999 evals=0 1s
[599048.4] P4_BASE_E2_CAP60_NC2880: step 7 ELEVATED pairs=30804 evals=16 7s
[599055.3] P4_BASE_E2_CAP60_NC2880: step 8 ELEVATED pairs=30611 evals=32 14s
[599063.4] P4_BASE_E2_CAP60_NC2880: step 9 ELEVATED pairs=30460 evals=48 22s
[599071.4] P4_BASE_E2_CAP60_NC2880: step 10 ELEVATED pairs=30309 evals=64 30s
[599071.6] P4_BASE_E2_CAP60_NC2880: step 11 NO_CANDIDATES_GENERATED pairs=30309 evals=64 31s
[599083.2] P4_BASE_E2_CAP60_NC2880: step 12 ELEVATED pairs=30119 evals=80 42s
[599096.3] P4_BASE_E2_CAP60_NC2880: step 13 ELEVATED pairs=29931 evals=96 55s
[599111.6] P4_BASE_E2_CAP60_NC2880: step 14 ELEVATED pairs=29745 evals=112 71s
[599122.4] P4_BASE_E2_CAP60_NC2880: step 15 ELEVATED pairs=29554 evals=128 81s
[599138.3] P4_BASE_E2_CAP60_NC2880: step 16 ELEVATED pairs=29370 evals=144 97s
[599148.8] P4_BASE_E2_CAP60_NC2880: step 17 ELEVATED pairs=29181 evals=160 108s
[599156.0] P4_BASE_E2_CAP60_NC2880: step 18 ELEVATED pairs=29006 evals=176 115s
[599164.7] P4_BASE_E2_CAP60_NC2880: step 19 ELEVATED pairs=28833 evals=192 124s
[599175.4] P4_BASE_E2_CAP60_NC2880: step 20 ELEVATED pairs=28662 evals=208 134s
[599182.4] P4_BASE_E2_CAP60_NC2880: step 21 ELEVATED pairs=28479 evals=224 141s
[599190.1] P4_BASE_E2_CAP60_NC2880: step 22 ELEVATED pairs=28374 evals=240 149s
[599197.8] P4_BASE_E2_CAP60_NC2880: step 23 ELEVATED pairs=28193 evals=256 157s
[599214.9] P4_BASE_E2_CAP60_NC2880: step 24 ELEVATED pairs=28033 evals=272 174s
[599224.3] P4_BASE_E2_CAP60_NC2880: step 25 ELEVATED pairs=27854 evals=288 183s
[599233.4] P4_BASE_E2_CAP60_NC2880: step 26 ELEVATED pairs=27677 evals=304 192s
[599243.1] P4_BASE_E2_CAP60_NC2880: step 27 ELEVATED pairs=27511 evals=320 202s
[599249.2] P4_BASE_E2_CAP60_NC2880: step 28 ELEVATED pairs=27345 evals=329 208s
[599258.7] P4_BASE_E2_CAP60_NC2880: step 29 ELEVATED pairs=27181 evals=345 218s
[599264.7] P4_BASE_E2_CAP60_NC2880: step 30 ELEVATED pairs=27017 evals=354 224s
[599274.1] P4_BASE_E2_CAP60_NC2880: step 31 ELEVATED pairs=26856 evals=370 233s
[599280.1] P4_BASE_E2_CAP60_NC2880: step 32 ELEVATED pairs=26694 evals=379 239s
[599289.6] P4_BASE_E2_CAP60_NC2880: step 33 ELEVATED pairs=26535 evals=395 249s
[599289.9] P4_BASE_E2_CAP60_NC2880: step 34 NO_CANDIDATES_GENERATED pairs=26535 evals=395 249s
[599295.8] P4_BASE_E2_CAP60_NC2880: step 35 ELEVATED pairs=26375 evals=404 255s
[599305.4] P4_BASE_E2_CAP60_NC2880: step 36 ELEVATED pairs=26218 evals=420 264s
[599315.7] P4_BASE_E2_CAP60_NC2880: step 37 ELEVATED pairs=26063 evals=436 275s
[599326.4] P4_BASE_E2_CAP60_NC2880: step 38 ELEVATED pairs=25909 evals=452 285s
[599338.2] P4_BASE_E2_CAP60_NC2880: step 39 ELEVATED pairs=25757 evals=468 297s
[599346.9] P4_BASE_E2_CAP60_NC2880: step 40 ELEVATED pairs=25607 evals=484 306s
[599360.8] P4_BASE_E2_CAP60_NC2880: step 41 ELEVATED pairs=25457 evals=500 320s
[599370.5] P4_BASE_E2_CAP60_NC2880: step 42 ELEVATED pairs=25321 evals=516 330s
[599384.1] P4_BASE_E2_CAP60_NC2880: step 43 ELEVATED pairs=25173 evals=532 343s
[599392.9] P4_BASE_E2_CAP60_NC2880: step 44 ELEVATED pairs=25039 evals=548 352s
[599400.7] P4_BASE_E2_CAP60_NC2880: step 45 ELEVATED pairs=24954 evals=564 360s
[599415.1] P4_BASE_E2_CAP60_NC2880: step 46 ELEVATED pairs=24804 evals=580 374s
[599421.8] P4_BASE_E2_CAP60_NC2880: step 47 ELEVATED pairs=24685 evals=596 381s
[599436.0] P4_BASE_E2_CAP60_NC2880: step 48 ELEVATED pairs=24537 evals=612 395s
[599443.3] P4_BASE_E2_CAP60_NC2880: step 49 ELEVATED pairs=24398 evals=628 402s
[599457.0] P4_BASE_E2_CAP60_NC2880: step 50 ELEVATED pairs=24252 evals=644 416s
[599471.2] P4_BASE_E2_CAP60_NC2880: step 51 ELEVATED pairs=24108 evals=660 430s
[599481.2] P4_BASE_E2_CAP60_NC2880: step 52 ELEVATED pairs=23963 evals=676 440s
[599489.5] P4_BASE_E2_CAP60_NC2880: step 53 ELEVATED pairs=23864 evals=692 449s
[599497.5] P4_BASE_E2_CAP60_NC2880: step 54 ELEVATED pairs=23767 evals=708 456s
[599508.0] P4_BASE_E2_CAP60_NC2880: step 55 ELEVATED pairs=23624 evals=724 467s
[599516.3] P4_BASE_E2_CAP60_NC2880: step 56 ELEVATED pairs=23541 evals=740 475s
[599527.9] P4_BASE_E2_CAP60_NC2880: step 57 ELEVATED pairs=23400 evals=756 487s
[599535.9] P4_BASE_E2_CAP60_NC2880: step 58 ELEVATED pairs=23296 evals=772 495s
[599544.3] P4_BASE_E2_CAP60_NC2880: step 59 ELEVATED pairs=23194 evals=788 503s
[599552.6] P4_BASE_E2_CAP60_NC2880: step 60 ELEVATED pairs=23094 evals=804 512s
[599562.1] P4_BASE_E2_CAP60_NC2880: step 61 ELEVATED pairs=23009 evals=820 521s
[599570.8] P4_BASE_E2_CAP60_NC2880: step 62 ELEVATED pairs=22892 evals=836 530s
[599580.3] P4_BASE_E2_CAP60_NC2880: step 63 ELEVATED pairs=22779 evals=852 539s
[599588.3] P4_BASE_E2_CAP60_NC2880: step 64 ELEVATED pairs=22649 evals=868 547s
[599598.4] P4_BASE_E2_CAP60_NC2880: step 65 ELEVATED pairs=22529 evals=884 557s
[599605.4] P4_BASE_E2_CAP60_NC2880: step 66 ELEVATED pairs=22412 evals=900 564s
[599613.4] P4_BASE_E2_CAP60_NC2880: step 67 ELEVATED pairs=22298 evals=916 572s
[599622.4] P4_BASE_E2_CAP60_NC2880: step 68 ELEVATED pairs=22168 evals=932 581s
[599629.5] P4_BASE_E2_CAP60_NC2880: step 69 ELEVATED pairs=22044 evals=948 589s
[599638.4] P4_BASE_E2_CAP60_NC2880: step 70 ELEVATED pairs=21928 evals=964 597s
[599645.7] P4_BASE_E2_CAP60_NC2880: step 71 ELEVATED pairs=21809 evals=980 605s
[599652.5] P4_BASE_E2_CAP60_NC2880: step 72 ELEVATED pairs=21678 evals=996 612s
[599659.6] P4_BASE_E2_CAP60_NC2880: step 73 ELEVATED pairs=21556 evals=1012 619s
[599665.9] P4_BASE_E2_CAP60_NC2880: step 74 ELEVATED pairs=21461 evals=1028 625s
[599677.6] P4_BASE_E2_CAP60_NC2880: step 75 ELEVATED pairs=21381 evals=1037 637s
[599686.4] P4_BASE_E2_CAP60_NC2880: step 76 ELEVATED pairs=21330 evals=1053 645s
[599696.2] P4_BASE_E2_CAP60_NC2880: step 77 ELEVATED pairs=21212 evals=1069 655s
[599706.4] P4_BASE_E2_CAP60_NC2880: step 78 ELEVATED pairs=21096 evals=1085 665s
[599731.2] P4_BASE_E2_CAP60_NC2880: step 79 ELEVATED pairs=20988 evals=1101 690s
[599741.9] P4_BASE_E2_CAP60_NC2880: step 80 ELEVATED pairs=20874 evals=1117 701s
[599750.9] P4_BASE_E2_CAP60_NC2880: step 81 ELEVATED pairs=20765 evals=1133 710s
[599774.8] P4_BASE_E2_CAP60_NC2880: step 82 ELEVATED pairs=20657 evals=1149 734s
[599798.1] P4_BASE_E2_CAP60_NC2880: step 83 ELEVATED pairs=20550 evals=1165 757s
[599805.8] P4_BASE_E2_CAP60_NC2880: step 84 ELEVATED pairs=20466 evals=1181 765s
[599829.8] P4_BASE_E2_CAP60_NC2880: step 85 ELEVATED pairs=20360 evals=1197 789s
[599850.4] P4_BASE_E2_CAP60_NC2880: step 86 ELEVATED pairs=20240 evals=1213 809s
[599859.9] P4_BASE_E2_CAP60_NC2880: step 87 ELEVATED pairs=20154 evals=1229 819s
[599867.2] P4_BASE_E2_CAP60_NC2880: step 88 ELEVATED pairs=20099 evals=1245 826s
[599878.6] P4_BASE_E2_CAP60_NC2880: step 89 ELEVATED pairs=19950 evals=1261 838s
[599885.9] P4_BASE_E2_CAP60_NC2880: step 90 ELEVATED pairs=19898 evals=1277 845s
[599896.9] P4_BASE_E2_CAP60_NC2880: step 91 ELEVATED pairs=19751 evals=1293 856s
[599906.6] P4_BASE_E2_CAP60_NC2880: step 92 ELEVATED pairs=19666 evals=1309 866s
[599917.1] P4_BASE_E2_CAP60_NC2880: step 93 ELEVATED pairs=19521 evals=1325 876s
[599926.8] P4_BASE_E2_CAP60_NC2880: step 94 ELEVATED pairs=19437 evals=1341 886s
[599937.2] P4_BASE_E2_CAP60_NC2880: step 95 ELEVATED pairs=19294 evals=1357 896s
[599945.0] P4_BASE_E2_CAP60_NC2880: step 96 ELEVATED pairs=19217 evals=1373 904s
[599952.7] P4_BASE_E2_CAP60_NC2880: step 97 ELEVATED pairs=19140 evals=1389 912s
[599960.4] P4_BASE_E2_CAP60_NC2880: step 98 ELEVATED pairs=19063 evals=1405 919s
[599960.6] P4_BASE_E2_CAP60_NC2880: step 99 NO_CANDIDATES_GENERATED pairs=19063 evals=1405 920s
[599965.1] P4_BASE_E2_CAP60_NC2880: step 100 ELEVATED pairs=18958 evals=1414 924s
[599972.9] P4_BASE_E2_CAP60_NC2880: step 101 ELEVATED pairs=18893 evals=1430 932s
[599979.9] P4_BASE_E2_CAP60_NC2880: step 102 ELEVATED pairs=18828 evals=1446 939s
[599990.2] P4_BASE_E2_CAP60_NC2880: step 103 ELEVATED pairs=18739 evals=1462 949s
[599997.5] P4_BASE_E2_CAP60_NC2880: step 104 ELEVATED pairs=18674 evals=1478 957s
[600005.1] P4_BASE_E2_CAP60_NC2880: step 105 ELEVATED pairs=18609 evals=1494 964s
[600011.9] P4_BASE_E2_CAP60_NC2880: step 106 ELEVATED pairs=18572 evals=1510 971s
[600017.2] P4_BASE_E2_CAP60_NC2880: step 107 ELEVATED pairs=18480 evals=1519 976s
[600025.7] P4_BASE_E2_CAP60_NC2880: step 108 ELEVATED pairs=18409 evals=1535 985s
[600032.7] P4_BASE_E2_CAP60_NC2880: step 109 ELEVATED pairs=18374 evals=1551 992s
[600040.1] P4_BASE_E2_CAP60_NC2880: step 110 ELEVATED pairs=18309 evals=1567 999s
[600046.4] P4_BASE_E2_CAP60_NC2880: step 111 ELEVATED pairs=18265 evals=1583 1005s
[600053.1] P4_BASE_E2_CAP60_NC2880: step 112 ELEVATED pairs=18175 evals=1592 1012s
[600059.5] P4_BASE_E2_CAP60_NC2880: step 113 ELEVATED pairs=18131 evals=1608 1018s
[600066.0] P4_BASE_E2_CAP60_NC2880: step 114 ELEVATED pairs=18097 evals=1624 1025s
[600074.2] P4_BASE_E2_CAP60_NC2880: step 115 ELEVATED pairs=18029 evals=1640 1033s
[600085.4] P4_BASE_E2_CAP60_NC2880: step 116 ELEVATED pairs=17977 evals=1649 1044s
[600085.5] P4_BASE_E2_CAP60_NC2880: step 117 NO_CANDIDATES_GENERATED pairs=17977 evals=1649 1045s
[600085.7] P4_BASE_E2_CAP60_NC2880: step 118 NO_CANDIDATES_GENERATED pairs=17977 evals=1649 1045s
[600085.9] P4_BASE_E2_CAP60_NC2880: step 119 NO_CANDIDATES_GENERATED pairs=17977 evals=1649 1045s
[600086.1] P4_BASE_E2_CAP60_NC2880: step 120 NO_CANDIDATES_GENERATED pairs=17977 evals=1649 1045s
[600086.2] P4_BASE_E2_CAP60_NC2880: step 121 NO_CANDIDATES_GENERATED pairs=17977 evals=1649 1045s
[600086.4] P4_BASE_E2_CAP60_NC2880: step 122 NO_CANDIDATES_GENERATED pairs=17977 evals=1649 1045s
[600086.6] P4_BASE_E2_CAP60_NC2880: step 123 NO_CANDIDATES_GENERATED pairs=17977 evals=1649 1046s
[600086.8] P4_BASE_E2_CAP60_NC2880: step 124 NO_CANDIDATES_GENERATED pairs=17977 evals=1649 1046s
[600086.9] P4_BASE_E2_CAP60_NC2880: step 125 NO_CANDIDATES_GENERATED pairs=17977 evals=1649 1046s
[600087.1] P4_BASE_E2_CAP60_NC2880: step 126 NO_CANDIDATES_GENERATED pairs=17977 evals=1649 1046s
[600087.3] P4_BASE_E2_CAP60_NC2880: step 127 NO_CANDIDATES_GENERATED pairs=17977 evals=1649 1046s
[600087.5] P4_BASE_E2_CAP60_NC2880: step 128 NO_CANDIDATES_GENERATED pairs=17977 evals=1649 1046s
[600087.6] P4_BASE_E2_CAP60_NC2880: step 129 NO_CANDIDATES_GENERATED pairs=17977 evals=1649 1047s
[600087.8] P4_BASE_E2_CAP60_NC2880: step 130 NO_CANDIDATES_GENERATED pairs=17977 evals=1649 1047s
[600087.9] P4_BASE_E2_CAP60_NC2880: step 131 NO_CANDIDATES_GENERATED pairs=17977 evals=1649 1047s
[600088.1] P4_BASE_E2_CAP60_NC2880: step 132 NO_CANDIDATES_GENERATED pairs=17977 evals=1649 1047s
[600095.8] P4_BASE_E2_CAP60_NC2880: step 133 ELEVATED pairs=17916 evals=1665 1055s
[600110.5] P4_BASE_E2_CAP60_NC2880: step 134 ELEVATED pairs=17831 evals=1681 1069s
[600118.0] P4_BASE_E2_CAP60_NC2880: step 135 ELEVATED pairs=17765 evals=1697 1077s
[600132.2] P4_BASE_E2_CAP60_NC2880: step 136 ELEVATED pairs=17681 evals=1713 1091s
[600139.4] P4_BASE_E2_CAP60_NC2880: step 137 ELEVATED pairs=17615 evals=1729 1098s
[600146.3] P4_BASE_E2_CAP60_NC2880: step 138 ELEVATED pairs=17549 evals=1745 1105s
[600155.6] P4_BASE_E2_CAP60_NC2880: step 139 ELEVATED pairs=17483 evals=1761 1115s
[600163.8] P4_BASE_E2_CAP60_NC2880: step 140 ELEVATED pairs=17363 evals=1777 1123s
[600164.2] P4_BASE_E2_CAP60_NC2880: step 141 NO_CANDIDATES_GENERATED pairs=17363 evals=1777 1123s
[600164.5] P4_BASE_E2_CAP60_NC2880: step 142 NO_CANDIDATES_GENERATED pairs=17363 evals=1777 1124s
[600164.9] P4_BASE_E2_CAP60_NC2880: step 143 NO_CANDIDATES_GENERATED pairs=17363 evals=1777 1124s
[600165.3] P4_BASE_E2_CAP60_NC2880: step 144 NO_CANDIDATES_GENERATED pairs=17363 evals=1777 1124s
[600165.6] P4_BASE_E2_CAP60_NC2880: step 145 NO_CANDIDATES_GENERATED pairs=17363 evals=1777 1125s
[600166.0] P4_BASE_E2_CAP60_NC2880: step 146 NO_CANDIDATES_GENERATED pairs=17363 evals=1777 1125s
[600166.4] P4_BASE_E2_CAP60_NC2880: step 147 NO_CANDIDATES_GENERATED pairs=17363 evals=1777 1125s
[600166.7] P4_BASE_E2_CAP60_NC2880: step 148 NO_CANDIDATES_GENERATED pairs=17363 evals=1777 1126s
[600167.1] P4_BASE_E2_CAP60_NC2880: step 149 NO_CANDIDATES_GENERATED pairs=17363 evals=1777 1126s
[600167.5] P4_BASE_E2_CAP60_NC2880: step 150 NO_CANDIDATES_GENERATED pairs=17363 evals=1777 1126s
[600167.8] P4_BASE_E2_CAP60_NC2880: step 151 NO_CANDIDATES_GENERATED pairs=17363 evals=1777 1127s
[600168.2] P4_BASE_E2_CAP60_NC2880: step 152 NO_CANDIDATES_GENERATED pairs=17363 evals=1777 1127s
[600168.5] P4_BASE_E2_CAP60_NC2880: step 153 NO_CANDIDATES_GENERATED pairs=17363 evals=1777 1128s
[600168.9] P4_BASE_E2_CAP60_NC2880: step 154 NO_CANDIDATES_GENERATED pairs=17363 evals=1777 1128s
[600169.2] P4_BASE_E2_CAP60_NC2880: step 155 NO_CANDIDATES_GENERATED pairs=17363 evals=1777 1128s
[600169.6] P4_BASE_E2_CAP60_NC2880: step 156 NO_CANDIDATES_GENERATED pairs=17363 evals=1777 1129s
[600178.6] P4_BASE_E2_CAP60_NC2880: step 157 ELEVATED pairs=17248 evals=1793 1138s
[600187.2] P4_BASE_E2_CAP60_NC2880: step 158 ELEVATED pairs=17135 evals=1809 1146s
[600195.5] P4_BASE_E2_CAP60_NC2880: step 159 ELEVATED pairs=17024 evals=1825 1155s
[600202.8] P4_BASE_E2_CAP60_NC2880: step 160 ELEVATED pairs=16989 evals=1841 1162s
[600211.0] P4_BASE_E2_CAP60_NC2880: step 161 ELEVATED pairs=16967 evals=1857 1170s
[600220.1] P4_BASE_E2_CAP60_NC2880: step 162 ELEVATED pairs=16918 evals=1873 1179s
[600227.8] P4_BASE_E2_CAP60_NC2880: step 163 ELEVATED pairs=16845 evals=1889 1187s
[600234.8] P4_BASE_E2_CAP60_NC2880: step 164 ELEVATED pairs=16744 evals=1905 1194s
[600242.1] P4_BASE_E2_CAP60_NC2880: step 165 ELEVATED pairs=16706 evals=1921 1201s
[600249.8] P4_BASE_E2_CAP60_NC2880: step 166 ELEVATED pairs=16660 evals=1937 1209s
[600257.6] P4_BASE_E2_CAP60_NC2880: step 167 ELEVATED pairs=16614 evals=1953 1217s
[600265.8] P4_BASE_E2_CAP60_NC2880: step 168 ELEVATED pairs=16588 evals=1969 1225s
[600272.5] P4_BASE_E2_CAP60_NC2880: step 169 PREFIX_EVALUATED_NO_WINNER_DEFERRED pairs=16588 evals=1985 1231s
[600280.7] P4_BASE_E2_CAP60_NC2880: step 170 PREFIX_EVALUATED_NO_WINNER_DEFERRED pairs=16588 evals=2001 1240s
[600288.2] P4_BASE_E2_CAP60_NC2880: step 171 PREFIX_EVALUATED_NO_WINNER_DEFERRED pairs=16588 evals=2017 1247s
[600296.4] P4_BASE_E2_CAP60_NC2880: step 172 ELEVATED pairs=16576 evals=2033 1255s
[600303.3] P4_BASE_E2_CAP60_NC2880: step 173 PREFIX_EVALUATED_NO_WINNER_DEFERRED pairs=16576 evals=2049 1262s
[600311.2] P4_BASE_E2_CAP60_NC2880: step 174 PREFIX_EVALUATED_NO_WINNER_DEFERRED pairs=16576 evals=2065 1270s
[600318.0] P4_BASE_E2_CAP60_NC2880: step 175 PREFIX_EVALUATED_NO_WINNER_DEFERRED pairs=16576 evals=2081 1277s
[600324.9] P4_BASE_E2_CAP60_NC2880: step 176 PREFIX_EVALUATED_NO_WINNER_DEFERRED pairs=16576 evals=2097 1284s
[600331.7] P4_BASE_E2_CAP60_NC2880: step 177 ELEVATED pairs=16565 evals=2113 1291s
[600340.6] P4_BASE_E2_CAP60_NC2880: step 178 ELEVATED pairs=16518 evals=2129 1300s
[600350.5] P4_BASE_E2_CAP60_NC2880: step 179 ELEVATED pairs=16420 evals=2145 1310s
[600359.8] P4_BASE_E2_CAP60_NC2880: step 180 ELEVATED pairs=16375 evals=2161 1319s
[600369.3] P4_BASE_E2_CAP60_NC2880: step 181 ELEVATED pairs=16332 evals=2177 1328s
[600378.7] P4_BASE_E2_CAP60_NC2880: step 182 ELEVATED pairs=16291 evals=2193 1338s
[600386.0] P4_BASE_E2_CAP60_NC2880: step 183 ELEVATED pairs=16277 evals=2209 1345s
[600392.9] P4_BASE_E2_CAP60_NC2880: step 184 ELEVATED pairs=16259 evals=2225 1352s
[600401.9] P4_BASE_E2_CAP60_NC2880: step 185 ELEVATED pairs=16246 evals=2241 1361s
[600410.3] P4_BASE_E2_CAP60_NC2880: step 186 ELEVATED pairs=16229 evals=2257 1369s
[600428.3] P4_BASE_E2_CAP60_NC2880: step 187 ELEVATED pairs=16155 evals=2273 1387s
[600428.7] P4_BASE_E2_CAP60_NC2880: step 188 NO_CANDIDATES_GENERATED pairs=16155 evals=2273 1388s
[600429.1] P4_BASE_E2_CAP60_NC2880: step 189 NO_CANDIDATES_GENERATED pairs=16155 evals=2273 1388s
[600429.4] P4_BASE_E2_CAP60_NC2880: step 190 NO_CANDIDATES_GENERATED pairs=16155 evals=2273 1388s
[600429.8] P4_BASE_E2_CAP60_NC2880: step 191 NO_CANDIDATES_GENERATED pairs=16155 evals=2273 1389s
[600430.3] P4_BASE_E2_CAP60_NC2880: step 192 NO_CANDIDATES_GENERATED pairs=16155 evals=2273 1389s
[600430.6] P4_BASE_E2_CAP60_NC2880: step 193 NO_CANDIDATES_GENERATED pairs=16155 evals=2273 1390s
[600454.1] P4_BASE_E2_CAP60_NC2880: step 194 ELEVATED pairs=16080 evals=2289 1413s
[600460.9] P4_BASE_E2_CAP60_NC2880: step 195 ELEVATED pairs=16053 evals=2305 1420s
[600484.3] P4_BASE_E2_CAP60_NC2880: step 196 ELEVATED pairs=15978 evals=2321 1443s
[600506.6] P4_BASE_E2_CAP60_NC2880: step 197 ELEVATED pairs=15902 evals=2337 1466s
[600514.9] P4_BASE_E2_CAP60_NC2880: step 198 ELEVATED pairs=15837 evals=2353 1474s
[600515.1] P4_BASE_E2_CAP60_NC2880: step 199 NO_CANDIDATES_GENERATED pairs=15837 evals=2353 1474s
[600515.5] P4_BASE_E2_CAP60_NC2880: step 200 NO_CANDIDATES_GENERATED pairs=15837 evals=2353 1474s
[600515.7] P4_BASE_E2_CAP60_NC2880: step 201 NO_CANDIDATES_GENERATED pairs=15837 evals=2353 1475s
[600516.0] P4_BASE_E2_CAP60_NC2880: step 202 NO_CANDIDATES_GENERATED pairs=15837 evals=2353 1475s
[600524.0] P4_BASE_E2_CAP60_NC2880: step 203 ELEVATED pairs=15775 evals=2369 1483s
[600556.5] P4_BASE_E2_CAP60_NC2880: step 204 ELEVATED pairs=15697 evals=2385 1516s
[600589.6] P4_BASE_E2_CAP60_NC2880: step 205 ELEVATED pairs=15625 evals=2401 1549s
[600589.9] P4_BASE_E2_CAP60_NC2880: step 206 NO_CANDIDATES_GENERATED pairs=15625 evals=2401 1549s
[600590.2] P4_BASE_E2_CAP60_NC2880: step 207 NO_CANDIDATES_GENERATED pairs=15625 evals=2401 1549s
[600590.5] P4_BASE_E2_CAP60_NC2880: step 208 NO_CANDIDATES_GENERATED pairs=15625 evals=2401 1550s
[600590.8] P4_BASE_E2_CAP60_NC2880: step 209 NO_CANDIDATES_GENERATED pairs=15625 evals=2401 1550s
[600601.4] P4_BASE_E2_CAP60_NC2880: step 210 ELEVATED pairs=15574 evals=2417 1560s
[600611.8] P4_BASE_E2_CAP60_NC2880: step 211 ELEVATED pairs=15521 evals=2433 1571s
[600625.8] P4_BASE_E2_CAP60_NC2880: step 212 ELEVATED pairs=15462 evals=2449 1585s
[600626.8] P4_BASE_E2_CAP60_NC2880: step 213 NO_CANDIDATES_GENERATED pairs=15462 evals=2449 1586s
[600627.8] P4_BASE_E2_CAP60_NC2880: step 214 NO_CANDIDATES_GENERATED pairs=15462 evals=2449 1587s
[600628.9] P4_BASE_E2_CAP60_NC2880: step 215 NO_CANDIDATES_GENERATED pairs=15462 evals=2449 1588s
[600629.9] P4_BASE_E2_CAP60_NC2880: step 216 NO_CANDIDATES_GENERATED pairs=15462 evals=2449 1589s
[600630.8] P4_BASE_E2_CAP60_NC2880: step 217 NO_CANDIDATES_GENERATED pairs=15462 evals=2449 1590s
[600631.8] P4_BASE_E2_CAP60_NC2880: step 218 NO_CANDIDATES_GENERATED pairs=15462 evals=2449 1591s
[600632.8] P4_BASE_E2_CAP60_NC2880: step 219 NO_CANDIDATES_GENERATED pairs=15462 evals=2449 1592s
[600633.8] P4_BASE_E2_CAP60_NC2880: step 220 NO_CANDIDATES_GENERATED pairs=15462 evals=2449 1593s
[600634.8] P4_BASE_E2_CAP60_NC2880: step 221 NO_CANDIDATES_GENERATED pairs=15462 evals=2449 1594s
[600635.8] P4_BASE_E2_CAP60_NC2880: step 222 NO_CANDIDATES_GENERATED pairs=15462 evals=2449 1595s
[600636.8] P4_BASE_E2_CAP60_NC2880: step 223 NO_CANDIDATES_GENERATED pairs=15462 evals=2449 1596s
[600637.7] P4_BASE_E2_CAP60_NC2880: step 224 NO_CANDIDATES_GENERATED pairs=15462 evals=2449 1597s
[600638.7] P4_BASE_E2_CAP60_NC2880: step 225 NO_CANDIDATES_GENERATED pairs=15462 evals=2449 1598s
[600639.7] P4_BASE_E2_CAP60_NC2880: step 226 NO_CANDIDATES_GENERATED pairs=15462 evals=2449 1599s
[600653.8] P4_BASE_E2_CAP60_NC2880: step 227 ELEVATED pairs=15408 evals=2458 1613s
[600654.8] P4_BASE_E2_CAP60_NC2880: step 228 NO_CANDIDATES_GENERATED pairs=15408 evals=2458 1614s
[600656.1] P4_BASE_E2_CAP60_NC2880: step 229 NO_CANDIDATES_GENERATED pairs=15408 evals=2458 1615s
[600657.4] P4_BASE_E2_CAP60_NC2880: step 230 NO_CANDIDATES_GENERATED pairs=15408 evals=2458 1616s
[600672.6] P4_BASE_E2_CAP60_NC2880: step 231 ELEVATED pairs=15355 evals=2467 1632s
[600682.6] P4_BASE_E2_CAP60_NC2880: step 232 ELEVATED pairs=15306 evals=2483 1642s
[600684.7] P4_BASE_E2_CAP60_NC2880: step 233 NO_CANDIDATES_GENERATED pairs=15306 evals=2483 1644s
[600686.8] P4_BASE_E2_CAP60_NC2880: step 234 NO_CANDIDATES_GENERATED pairs=15306 evals=2483 1646s
[600688.9] P4_BASE_E2_CAP60_NC2880: step 235 NO_CANDIDATES_GENERATED pairs=15306 evals=2483 1648s
[600691.3] P4_BASE_E2_CAP60_NC2880: step 236 NO_CANDIDATES_GENERATED pairs=15306 evals=2483 1650s
[600693.6] P4_BASE_E2_CAP60_NC2880: step 237 NO_CANDIDATES_GENERATED pairs=15306 evals=2483 1653s
[600696.1] P4_BASE_E2_CAP60_NC2880: step 238 NO_CANDIDATES_GENERATED pairs=15306 evals=2483 1655s
[600698.5] P4_BASE_E2_CAP60_NC2880: step 239 NO_CANDIDATES_GENERATED pairs=15306 evals=2483 1658s
[600711.4] P4_BASE_E2_CAP60_NC2880: step 240 ELEVATED pairs=15257 evals=2499 1670s
[600714.5] P4_BASE_E2_CAP60_NC2880: step 241 NO_CANDIDATES_GENERATED pairs=15257 evals=2499 1674s
[600717.7] P4_BASE_E2_CAP60_NC2880: step 242 NO_CANDIDATES_GENERATED pairs=15257 evals=2499 1677s
[600720.8] P4_BASE_E2_CAP60_NC2880: step 243 NO_CANDIDATES_GENERATED pairs=15257 evals=2499 1680s
[600724.1] P4_BASE_E2_CAP60_NC2880: step 244 NO_CANDIDATES_GENERATED pairs=15257 evals=2499 1683s
[600727.3] P4_BASE_E2_CAP60_NC2880: step 245 NO_CANDIDATES_GENERATED pairs=15257 evals=2499 1686s
[600730.4] P4_BASE_E2_CAP60_NC2880: step 246 NO_CANDIDATES_GENERATED pairs=15257 evals=2499 1689s
[600756.7] P4_BASE_E2_CAP60_NC2880: step 247 ELEVATED pairs=15201 evals=2515 1716s
[600768.1] P4_BASE_E2_CAP60_NC2880: step 248 ELEVATED pairs=15158 evals=2531 1727s
[600794.3] P4_BASE_E2_CAP60_NC2880: step 249 ELEVATED pairs=15100 evals=2547 1753s
[600821.1] P4_BASE_E2_CAP60_NC2880: step 250 ELEVATED pairs=15041 evals=2563 1780s
[600824.6] P4_BASE_E2_CAP60_NC2880: step 251 NO_CANDIDATES_GENERATED pairs=15041 evals=2563 1784s
[600828.2] P4_BASE_E2_CAP60_NC2880: step 252 NO_CANDIDATES_GENERATED pairs=15041 evals=2563 1787s
[600854.9] P4_BASE_E2_CAP60_NC2880: step 253 ELEVATED pairs=14982 evals=2579 1814s
[600894.5] P4_BASE_E2_CAP60_NC2880: step 254 ELEVATED pairs=14911 evals=2595 1854s
[600928.8] P4_BASE_E2_CAP60_NC2880: step 255 ELEVATED pairs=14840 evals=2611 1888s
[600932.8] P4_BASE_E2_CAP60_NC2880: step 256 NO_CANDIDATES_GENERATED pairs=14840 evals=2611 1892s
[600936.6] P4_BASE_E2_CAP60_NC2880: step 257 NO_CANDIDATES_GENERATED pairs=14840 evals=2611 1896s
[600941.7] P4_BASE_E2_CAP60_NC2880: step 258 NO_CANDIDATES_GENERATED pairs=14840 evals=2611 1901s
[600946.9] P4_BASE_E2_CAP60_NC2880: step 259 NO_CANDIDATES_GENERATED pairs=14840 evals=2611 1906s
[600952.1] P4_BASE_E2_CAP60_NC2880: step 260 NO_CANDIDATES_GENERATED pairs=14840 evals=2611 1911s
[600957.0] P4_BASE_E2_CAP60_NC2880: step 261 NO_CANDIDATES_GENERATED pairs=14840 evals=2611 1916s
[600972.8] P4_BASE_E2_CAP60_NC2880: step 262 ELEVATED pairs=14825 evals=2627 1932s
[600989.4] P4_BASE_E2_CAP60_NC2880: step 263 ELEVATED pairs=14824 evals=2643 1948s
[601006.4] P4_BASE_E2_CAP60_NC2880: step 264 ELEVATED pairs=14823 evals=2659 1965s
[601024.3] P4_BASE_E2_CAP60_NC2880: step 265 ELEVATED pairs=14797 evals=2675 1983s
[601044.8] P4_BASE_E2_CAP60_NC2880: step 266 ELEVATED pairs=14776 evals=2691 2004s
[601062.7] P4_BASE_E2_CAP60_NC2880: step 267 ELEVATED pairs=14775 evals=2707 2022s
[601083.4] P4_BASE_E2_CAP60_NC2880: step 268 ELEVATED pairs=14754 evals=2723 2042s
[601101.2] P4_BASE_E2_CAP60_NC2880: step 269 ELEVATED pairs=14753 evals=2739 2060s
[601119.1] P4_BASE_E2_CAP60_NC2880: step 270 ELEVATED pairs=14742 evals=2755 2078s
[601139.4] P4_BASE_E2_CAP60_NC2880: step 271 ELEVATED pairs=14718 evals=2771 2098s
[601162.6] P4_BASE_E2_CAP60_NC2880: step 272 ELEVATED pairs=14707 evals=2787 2122s
[601185.2] P4_BASE_E2_CAP60_NC2880: step 273 ELEVATED pairs=14703 evals=2803 2144s
[601214.7] P4_BASE_E2_CAP60_NC2880: step 274 ELEVATED pairs=14674 evals=2819 2174s
[601237.8] P4_BASE_E2_CAP60_NC2880: step 275 ELEVATED pairs=14670 evals=2835 2197s
[601285.8] P4_BASE_E2_CAP60_NC2880: step 276 ELEVATED pairs=14615 evals=2851 2245s
[601314.9] P4_BASE_E2_CAP60_NC2880: step 277 ELEVATED pairs=14587 evals=2867 2274s
[601335.8] P4_BASE_E2_CAP60_NC2880: step 278 ELEVATED pairs=14583 evals=2880 2295s
[601336.4] P4_BASE_E2_CAP60_NC2880: done final=14583 moves=178 first=178 reloc=0 ret=0 evals=2880 stop=CANDIDATE_BUDGET_EXHAUSTED
[601436.4] P4_BASE_E2_CAP60_NC2880: recheck PASS checks=130816
GROUP DONE P4_BASE_E2_CAP60_NC2880 PASS
