start-state rescan (challenge) ...
  challenge PASS pairs=30999 unresolved=3 elevated=77
[600901.6] P4_A_FAMILY_CAP60_RC2880: start mode=R budget=2880 spec={"name": "P4_A_FAMILY_CAP60", "target_policy": "LEGACY", "evaluation_policy": "E2_ORDERED_K16", "traversal_policy": "BASE", "max_targets": 2000, "k_per_target": 16, "family_round_robin": true, "relocation_side_reserve": 0, "waiting_age": false, "route_coverage": false, "multi_anchor": false, "exact_dedup": false, "decision_cache": false, "return_action": false, "cache_structural_skips": false, "window_slack_mm": 1e-05, "generation_domain": "LINE_ONLY", "path_window_settings": null, "stage_length_cap_mm": 60.0, "notes": ""}
[600901.6] P4_A_FAMILY_CAP60_RC2880: start state=challenge C:\Users\lihao\Desktop\Graduation Project\OpticalWaveguideRouter3D\outputs\3d_strategy_v4\512_full_layout\N2880 pairs=30999
[600905.9] P4_A_FAMILY_CAP60_RC2880: INITIAL_DONE pairs=30999
[600906.0] P4_A_FAMILY_CAP60_RC2880: step 1 NO_CANDIDATES_GENERATED pairs=30999 evals=0 0s
[600906.1] P4_A_FAMILY_CAP60_RC2880: step 2 NO_CANDIDATES_GENERATED pairs=30999 evals=0 0s
[600906.2] P4_A_FAMILY_CAP60_RC2880: step 3 NO_CANDIDATES_GENERATED pairs=30999 evals=0 0s
[600906.3] P4_A_FAMILY_CAP60_RC2880: step 4 NO_CANDIDATES_GENERATED pairs=30999 evals=0 0s
[600906.4] P4_A_FAMILY_CAP60_RC2880: step 5 NO_CANDIDATES_GENERATED pairs=30999 evals=0 0s
[600906.5] P4_A_FAMILY_CAP60_RC2880: step 6 NO_CANDIDATES_GENERATED pairs=30999 evals=0 1s
[600913.4] P4_A_FAMILY_CAP60_RC2880: step 7 ELEVATED pairs=30804 evals=16 8s
[600920.6] P4_A_FAMILY_CAP60_RC2880: step 8 ELEVATED pairs=30610 evals=32 15s
[600930.5] P4_A_FAMILY_CAP60_RC2880: step 9 ELEVATED pairs=30437 evals=48 25s
[600940.3] P4_A_FAMILY_CAP60_RC2880: step 10 ELEVATED pairs=30266 evals=64 34s
[600940.5] P4_A_FAMILY_CAP60_RC2880: step 11 NO_CANDIDATES_GENERATED pairs=30266 evals=64 35s
[600950.3] P4_A_FAMILY_CAP60_RC2880: step 12 ELEVATED pairs=30075 evals=80 44s
[600961.4] P4_A_FAMILY_CAP60_RC2880: step 13 ELEVATED pairs=29886 evals=96 55s
[600975.7] P4_A_FAMILY_CAP60_RC2880: step 14 ELEVATED pairs=29699 evals=112 70s
[600988.9] P4_A_FAMILY_CAP60_RC2880: step 15 ELEVATED pairs=29500 evals=128 83s
[601004.4] P4_A_FAMILY_CAP60_RC2880: step 16 ELEVATED pairs=29315 evals=144 98s
[601017.4] P4_A_FAMILY_CAP60_RC2880: step 17 ELEVATED pairs=29118 evals=160 112s
[601029.1] P4_A_FAMILY_CAP60_RC2880: step 18 ELEVATED pairs=28923 evals=176 123s
[601042.8] P4_A_FAMILY_CAP60_RC2880: step 19 ELEVATED pairs=28748 evals=192 137s
[601057.6] P4_A_FAMILY_CAP60_RC2880: step 20 ELEVATED pairs=28575 evals=208 152s
[601068.3] P4_A_FAMILY_CAP60_RC2880: step 21 ELEVATED pairs=28386 evals=224 162s
[601078.7] P4_A_FAMILY_CAP60_RC2880: step 22 ELEVATED pairs=28255 evals=240 173s
[601090.2] P4_A_FAMILY_CAP60_RC2880: step 23 ELEVATED pairs=28068 evals=256 184s
[601104.8] P4_A_FAMILY_CAP60_RC2880: step 24 ELEVATED pairs=27906 evals=272 199s
[601115.8] P4_A_FAMILY_CAP60_RC2880: step 25 ELEVATED pairs=27721 evals=288 210s
[601128.2] P4_A_FAMILY_CAP60_RC2880: step 26 ELEVATED pairs=27538 evals=304 222s
[601141.0] P4_A_FAMILY_CAP60_RC2880: step 27 ELEVATED pairs=27361 evals=320 235s
[601147.4] P4_A_FAMILY_CAP60_RC2880: step 28 ELEVATED pairs=27189 evals=329 242s
[601162.6] P4_A_FAMILY_CAP60_RC2880: step 29 ELEVATED pairs=27013 evals=345 257s
[601169.5] P4_A_FAMILY_CAP60_RC2880: step 30 ELEVATED pairs=26843 evals=354 264s
[601183.9] P4_A_FAMILY_CAP60_RC2880: step 31 ELEVATED pairs=26670 evals=370 278s
[601190.3] P4_A_FAMILY_CAP60_RC2880: step 32 ELEVATED pairs=26502 evals=379 284s
[601204.5] P4_A_FAMILY_CAP60_RC2880: step 33 ELEVATED pairs=26331 evals=395 299s
[601204.8] P4_A_FAMILY_CAP60_RC2880: step 34 NO_CANDIDATES_GENERATED pairs=26331 evals=395 299s
[601211.3] P4_A_FAMILY_CAP60_RC2880: step 35 ELEVATED pairs=26165 evals=404 305s
[601225.2] P4_A_FAMILY_CAP60_RC2880: step 36 ELEVATED pairs=25996 evals=420 319s
[601239.6] P4_A_FAMILY_CAP60_RC2880: step 37 ELEVATED pairs=25829 evals=436 334s
[601254.2] P4_A_FAMILY_CAP60_RC2880: step 38 ELEVATED pairs=25664 evals=452 348s
[601268.8] P4_A_FAMILY_CAP60_RC2880: step 39 ELEVATED pairs=25501 evals=468 363s
[601276.5] P4_A_FAMILY_CAP60_RC2880: step 40 ELEVATED pairs=25346 evals=484 371s
[601290.3] P4_A_FAMILY_CAP60_RC2880: step 41 ELEVATED pairs=25184 evals=500 384s
[601302.1] P4_A_FAMILY_CAP60_RC2880: step 42 ELEVATED pairs=25045 evals=516 396s
[601316.5] P4_A_FAMILY_CAP60_RC2880: step 43 ELEVATED pairs=24886 evals=532 411s
[601328.1] P4_A_FAMILY_CAP60_RC2880: step 44 ELEVATED pairs=24749 evals=548 422s
[601336.7] P4_A_FAMILY_CAP60_RC2880: step 45 ELEVATED pairs=24585 evals=564 431s
[601351.8] P4_A_FAMILY_CAP60_RC2880: step 46 ELEVATED pairs=24424 evals=580 446s
[601366.3] P4_A_FAMILY_CAP60_RC2880: step 47 ELEVATED pairs=24265 evals=596 460s
[601377.5] P4_A_FAMILY_CAP60_RC2880: step 48 ELEVATED pairs=24233 evals=612 472s
[601392.2] P4_A_FAMILY_CAP60_RC2880: step 49 ELEVATED pairs=24076 evals=628 486s
[601407.4] P4_A_FAMILY_CAP60_RC2880: step 50 ELEVATED pairs=23921 evals=644 501s
[601418.3] P4_A_FAMILY_CAP60_RC2880: step 51 ELEVATED pairs=23789 evals=660 512s
[601429.4] P4_A_FAMILY_CAP60_RC2880: step 52 ELEVATED pairs=23657 evals=676 523s
[601442.3] P4_A_FAMILY_CAP60_RC2880: step 53 ELEVATED pairs=23503 evals=692 536s
[601452.4] P4_A_FAMILY_CAP60_RC2880: step 54 ELEVATED pairs=23364 evals=708 546s
[601464.4] P4_A_FAMILY_CAP60_RC2880: step 55 ELEVATED pairs=23212 evals=724 558s
[601473.8] P4_A_FAMILY_CAP60_RC2880: step 56 ELEVATED pairs=23073 evals=740 568s
[601483.9] P4_A_FAMILY_CAP60_RC2880: step 57 ELEVATED pairs=22926 evals=756 578s
[601496.0] P4_A_FAMILY_CAP60_RC2880: step 58 ELEVATED pairs=22776 evals=772 590s
[601505.9] P4_A_FAMILY_CAP60_RC2880: step 59 ELEVATED pairs=22629 evals=788 600s
[601516.1] P4_A_FAMILY_CAP60_RC2880: step 60 ELEVATED pairs=22482 evals=804 610s
[601521.2] P4_A_FAMILY_CAP60_RC2880: step 61 ELEVATED pairs=22353 evals=820 615s
[601530.7] P4_A_FAMILY_CAP60_RC2880: step 62 ELEVATED pairs=22254 evals=829 625s
[601540.5] P4_A_FAMILY_CAP60_RC2880: step 63 ELEVATED pairs=22137 evals=845 635s
[601554.0] P4_A_FAMILY_CAP60_RC2880: step 64 ELEVATED pairs=22033 evals=861 648s
[601565.6] P4_A_FAMILY_CAP60_RC2880: step 65 ELEVATED pairs=21939 evals=877 660s
[601574.8] P4_A_FAMILY_CAP60_RC2880: step 66 ELEVATED pairs=21795 evals=893 669s
[601589.3] P4_A_FAMILY_CAP60_RC2880: step 67 ELEVATED pairs=21694 evals=909 683s
[601599.2] P4_A_FAMILY_CAP60_RC2880: step 68 ELEVATED pairs=21552 evals=925 693s
[601620.1] P4_A_FAMILY_CAP60_RC2880: step 69 ELEVATED pairs=21420 evals=941 714s
[601630.7] P4_A_FAMILY_CAP60_RC2880: step 70 ELEVATED pairs=21280 evals=957 725s
[601644.3] P4_A_FAMILY_CAP60_RC2880: step 71 ELEVATED pairs=21136 evals=973 738s
[601657.0] P4_A_FAMILY_CAP60_RC2880: step 72 ELEVATED pairs=20994 evals=989 751s
[601683.1] P4_A_FAMILY_CAP60_RC2880: step 73 ELEVATED pairs=20877 evals=1005 777s
[601696.9] P4_A_FAMILY_CAP60_RC2880: step 74 ELEVATED pairs=20737 evals=1021 791s
[601721.3] P4_A_FAMILY_CAP60_RC2880: step 75 ELEVATED pairs=20637 evals=1037 815s
[601746.7] P4_A_FAMILY_CAP60_RC2880: step 76 ELEVATED pairs=20527 evals=1053 841s
[601759.5] P4_A_FAMILY_CAP60_RC2880: step 77 ELEVATED pairs=20425 evals=1069 854s
[601783.8] P4_A_FAMILY_CAP60_RC2880: step 78 ELEVATED pairs=20315 evals=1085 878s
[601792.8] P4_A_FAMILY_CAP60_RC2880: step 79 ELEVATED pairs=20221 evals=1101 887s
[601803.5] P4_A_FAMILY_CAP60_RC2880: step 80 ELEVATED pairs=20119 evals=1117 898s
[601813.7] P4_A_FAMILY_CAP60_RC2880: step 81 ELEVATED pairs=19992 evals=1133 908s
[601824.0] P4_A_FAMILY_CAP60_RC2880: step 82 ELEVATED pairs=19892 evals=1149 918s
[601834.2] P4_A_FAMILY_CAP60_RC2880: step 83 ELEVATED pairs=19795 evals=1165 928s
[601842.1] P4_A_FAMILY_CAP60_RC2880: step 84 ELEVATED pairs=19673 evals=1181 936s
[601852.4] P4_A_FAMILY_CAP60_RC2880: step 85 ELEVATED pairs=19577 evals=1197 947s
[601862.9] P4_A_FAMILY_CAP60_RC2880: step 86 ELEVATED pairs=19448 evals=1213 957s
[601876.8] P4_A_FAMILY_CAP60_RC2880: step 87 ELEVATED pairs=19367 evals=1229 971s
[601887.9] P4_A_FAMILY_CAP60_RC2880: step 88 ELEVATED pairs=19240 evals=1245 982s
[601899.5] P4_A_FAMILY_CAP60_RC2880: step 89 ELEVATED pairs=19115 evals=1261 994s
[601910.2] P4_A_FAMILY_CAP60_RC2880: step 90 ELEVATED pairs=18998 evals=1277 1004s
[601921.7] P4_A_FAMILY_CAP60_RC2880: step 91 ELEVATED pairs=18875 evals=1293 1016s
[601932.4] P4_A_FAMILY_CAP60_RC2880: step 92 ELEVATED pairs=18760 evals=1309 1026s
[601946.3] P4_A_FAMILY_CAP60_RC2880: step 93 ELEVATED pairs=18681 evals=1325 1040s
[601946.5] P4_A_FAMILY_CAP60_RC2880: step 94 NO_CANDIDATES_GENERATED pairs=18681 evals=1325 1041s
[601950.6] P4_A_FAMILY_CAP60_RC2880: step 95 ELEVATED pairs=18564 evals=1334 1045s
[601956.9] P4_A_FAMILY_CAP60_RC2880: step 96 ELEVATED pairs=18496 evals=1350 1051s
[601963.5] P4_A_FAMILY_CAP60_RC2880: step 97 ELEVATED pairs=18419 evals=1366 1058s
[601974.2] P4_A_FAMILY_CAP60_RC2880: step 98 ELEVATED pairs=18343 evals=1382 1068s
[601986.5] P4_A_FAMILY_CAP60_RC2880: step 99 ELEVATED pairs=18268 evals=1398 1081s
[601996.9] P4_A_FAMILY_CAP60_RC2880: step 100 ELEVATED pairs=18194 evals=1414 1091s
[602007.6] P4_A_FAMILY_CAP60_RC2880: step 101 ELEVATED pairs=18120 evals=1430 1102s
[602014.2] P4_A_FAMILY_CAP60_RC2880: step 102 ELEVATED pairs=18014 evals=1439 1108s
[602022.0] P4_A_FAMILY_CAP60_RC2880: step 103 ELEVATED pairs=17910 evals=1448 1116s
[602029.8] P4_A_FAMILY_CAP60_RC2880: step 104 ELEVATED pairs=17847 evals=1464 1124s
[602037.7] P4_A_FAMILY_CAP60_RC2880: step 105 ELEVATED pairs=17784 evals=1480 1132s
[602037.8] P4_A_FAMILY_CAP60_RC2880: step 106 NO_CANDIDATES_GENERATED pairs=17784 evals=1480 1132s
[602038.0] P4_A_FAMILY_CAP60_RC2880: step 107 NO_CANDIDATES_GENERATED pairs=17784 evals=1480 1132s
[602038.2] P4_A_FAMILY_CAP60_RC2880: step 108 NO_CANDIDATES_GENERATED pairs=17784 evals=1480 1132s
[602038.4] P4_A_FAMILY_CAP60_RC2880: step 109 NO_CANDIDATES_GENERATED pairs=17784 evals=1480 1132s
[602038.5] P4_A_FAMILY_CAP60_RC2880: step 110 NO_CANDIDATES_GENERATED pairs=17784 evals=1480 1133s
[602038.7] P4_A_FAMILY_CAP60_RC2880: step 111 NO_CANDIDATES_GENERATED pairs=17784 evals=1480 1133s
[602038.9] P4_A_FAMILY_CAP60_RC2880: step 112 NO_CANDIDATES_GENERATED pairs=17784 evals=1480 1133s
[602039.1] P4_A_FAMILY_CAP60_RC2880: step 113 NO_CANDIDATES_GENERATED pairs=17784 evals=1480 1133s
[602039.2] P4_A_FAMILY_CAP60_RC2880: step 114 NO_CANDIDATES_GENERATED pairs=17784 evals=1480 1133s
[602039.4] P4_A_FAMILY_CAP60_RC2880: step 115 NO_CANDIDATES_GENERATED pairs=17784 evals=1480 1133s
[602039.6] P4_A_FAMILY_CAP60_RC2880: step 116 NO_CANDIDATES_GENERATED pairs=17784 evals=1480 1134s
[602039.7] P4_A_FAMILY_CAP60_RC2880: step 117 NO_CANDIDATES_GENERATED pairs=17784 evals=1480 1134s
[602039.9] P4_A_FAMILY_CAP60_RC2880: step 118 NO_CANDIDATES_GENERATED pairs=17784 evals=1480 1134s
[602040.1] P4_A_FAMILY_CAP60_RC2880: step 119 NO_CANDIDATES_GENERATED pairs=17784 evals=1480 1134s
[602040.3] P4_A_FAMILY_CAP60_RC2880: step 120 NO_CANDIDATES_GENERATED pairs=17784 evals=1480 1134s
[602040.4] P4_A_FAMILY_CAP60_RC2880: step 121 NO_CANDIDATES_GENERATED pairs=17784 evals=1480 1135s
[602048.3] P4_A_FAMILY_CAP60_RC2880: step 122 PREFIX_EVALUATED_NO_WINNER_DEFERRED pairs=17784 evals=1496 1142s
[602056.0] P4_A_FAMILY_CAP60_RC2880: step 123 PREFIX_EVALUATED_NO_WINNER_DEFERRED pairs=17784 evals=1512 1150s
[602063.9] P4_A_FAMILY_CAP60_RC2880: step 124 ELEVATED pairs=17725 evals=1528 1158s
[602071.9] P4_A_FAMILY_CAP60_RC2880: step 125 PREFIX_EVALUATED_NO_WINNER_DEFERRED pairs=17725 evals=1544 1166s
[602079.7] P4_A_FAMILY_CAP60_RC2880: step 126 PREFIX_EVALUATED_NO_WINNER_DEFERRED pairs=17725 evals=1560 1174s
[602080.1] P4_A_FAMILY_CAP60_RC2880: step 127 NO_CANDIDATES_GENERATED pairs=17725 evals=1560 1174s
[602080.4] P4_A_FAMILY_CAP60_RC2880: step 128 NO_CANDIDATES_GENERATED pairs=17725 evals=1560 1175s
[602080.8] P4_A_FAMILY_CAP60_RC2880: step 129 NO_CANDIDATES_GENERATED pairs=17725 evals=1560 1175s
[602081.2] P4_A_FAMILY_CAP60_RC2880: step 130 NO_CANDIDATES_GENERATED pairs=17725 evals=1560 1175s
[602081.6] P4_A_FAMILY_CAP60_RC2880: step 131 NO_CANDIDATES_GENERATED pairs=17725 evals=1560 1176s
[602082.0] P4_A_FAMILY_CAP60_RC2880: step 132 NO_CANDIDATES_GENERATED pairs=17725 evals=1560 1176s
[602082.4] P4_A_FAMILY_CAP60_RC2880: step 133 NO_CANDIDATES_GENERATED pairs=17725 evals=1560 1176s
[602082.7] P4_A_FAMILY_CAP60_RC2880: step 134 NO_CANDIDATES_GENERATED pairs=17725 evals=1560 1177s
[602083.1] P4_A_FAMILY_CAP60_RC2880: step 135 NO_CANDIDATES_GENERATED pairs=17725 evals=1560 1177s
[602083.5] P4_A_FAMILY_CAP60_RC2880: step 136 NO_CANDIDATES_GENERATED pairs=17725 evals=1560 1178s
[602083.8] P4_A_FAMILY_CAP60_RC2880: step 137 NO_CANDIDATES_GENERATED pairs=17725 evals=1560 1178s
[602084.2] P4_A_FAMILY_CAP60_RC2880: step 138 NO_CANDIDATES_GENERATED pairs=17725 evals=1560 1178s
[602084.6] P4_A_FAMILY_CAP60_RC2880: step 139 NO_CANDIDATES_GENERATED pairs=17725 evals=1560 1179s
[602085.0] P4_A_FAMILY_CAP60_RC2880: step 140 NO_CANDIDATES_GENERATED pairs=17725 evals=1560 1179s
[602085.3] P4_A_FAMILY_CAP60_RC2880: step 141 NO_CANDIDATES_GENERATED pairs=17725 evals=1560 1179s
[602085.8] P4_A_FAMILY_CAP60_RC2880: step 142 NO_CANDIDATES_GENERATED pairs=17725 evals=1560 1180s
[602094.0] P4_A_FAMILY_CAP60_RC2880: step 143 ELEVATED pairs=17667 evals=1576 1188s
[602103.2] P4_A_FAMILY_CAP60_RC2880: step 144 ELEVATED pairs=17576 evals=1592 1197s
[602111.0] P4_A_FAMILY_CAP60_RC2880: step 145 PREFIX_EVALUATED_NO_WINNER_DEFERRED pairs=17576 evals=1608 1205s
[602118.8] P4_A_FAMILY_CAP60_RC2880: step 146 PREFIX_EVALUATED_NO_WINNER_DEFERRED pairs=17576 evals=1624 1213s
[602127.1] P4_A_FAMILY_CAP60_RC2880: step 147 ELEVATED pairs=17518 evals=1640 1221s
[602135.1] P4_A_FAMILY_CAP60_RC2880: step 148 PREFIX_EVALUATED_NO_WINNER_DEFERRED pairs=17518 evals=1656 1229s
[602143.4] P4_A_FAMILY_CAP60_RC2880: step 149 PREFIX_EVALUATED_NO_WINNER_DEFERRED pairs=17518 evals=1672 1237s
[602152.3] P4_A_FAMILY_CAP60_RC2880: step 150 ELEVATED pairs=17429 evals=1688 1246s
[602160.1] P4_A_FAMILY_CAP60_RC2880: step 151 PREFIX_EVALUATED_NO_WINNER_DEFERRED pairs=17429 evals=1704 1254s
[602168.0] P4_A_FAMILY_CAP60_RC2880: step 152 PREFIX_EVALUATED_NO_WINNER_DEFERRED pairs=17429 evals=1720 1262s
[602176.4] P4_A_FAMILY_CAP60_RC2880: step 153 ELEVATED pairs=17371 evals=1736 1270s
[602184.5] P4_A_FAMILY_CAP60_RC2880: step 154 PREFIX_EVALUATED_NO_WINNER_DEFERRED pairs=17371 evals=1752 1279s
[602192.7] P4_A_FAMILY_CAP60_RC2880: step 155 PREFIX_EVALUATED_NO_WINNER_DEFERRED pairs=17371 evals=1768 1287s
[602201.4] P4_A_FAMILY_CAP60_RC2880: step 156 ELEVATED pairs=17313 evals=1784 1296s
[602209.8] P4_A_FAMILY_CAP60_RC2880: step 157 PREFIX_EVALUATED_NO_WINNER_DEFERRED pairs=17313 evals=1800 1304s
[602218.3] P4_A_FAMILY_CAP60_RC2880: step 158 PREFIX_EVALUATED_NO_WINNER_DEFERRED pairs=17313 evals=1816 1312s
[602227.8] P4_A_FAMILY_CAP60_RC2880: step 159 ELEVATED pairs=17226 evals=1832 1322s
[602236.1] P4_A_FAMILY_CAP60_RC2880: step 160 PREFIX_EVALUATED_NO_WINNER_DEFERRED pairs=17226 evals=1848 1330s
[602244.5] P4_A_FAMILY_CAP60_RC2880: step 161 PREFIX_EVALUATED_NO_WINNER_DEFERRED pairs=17226 evals=1864 1339s
[602253.0] P4_A_FAMILY_CAP60_RC2880: step 162 ELEVATED pairs=17168 evals=1880 1347s
[602261.3] P4_A_FAMILY_CAP60_RC2880: step 163 PREFIX_EVALUATED_NO_WINNER_DEFERRED pairs=17168 evals=1896 1355s
[602269.4] P4_A_FAMILY_CAP60_RC2880: step 164 PREFIX_EVALUATED_NO_WINNER_DEFERRED pairs=17168 evals=1912 1364s
[602278.5] P4_A_FAMILY_CAP60_RC2880: step 165 ELEVATED pairs=17110 evals=1928 1373s
[602287.0] P4_A_FAMILY_CAP60_RC2880: step 166 PREFIX_EVALUATED_NO_WINNER_DEFERRED pairs=17110 evals=1944 1381s
[602295.2] P4_A_FAMILY_CAP60_RC2880: step 167 PREFIX_EVALUATED_NO_WINNER_DEFERRED pairs=17110 evals=1960 1389s
[602305.9] P4_A_FAMILY_CAP60_RC2880: step 168 ELEVATED pairs=16988 evals=1976 1400s
[602314.1] P4_A_FAMILY_CAP60_RC2880: step 169 PREFIX_EVALUATED_NO_WINNER_DEFERRED pairs=16988 evals=1992 1408s
[602322.2] P4_A_FAMILY_CAP60_RC2880: step 170 PREFIX_EVALUATED_NO_WINNER_DEFERRED pairs=16988 evals=2008 1416s
[602334.4] P4_A_FAMILY_CAP60_RC2880: step 171 ELEVATED pairs=16920 evals=2017 1428s
[602342.4] P4_A_FAMILY_CAP60_RC2880: step 172 PREFIX_EVALUATED_NO_WINNER_DEFERRED pairs=16920 evals=2033 1436s
[602350.5] P4_A_FAMILY_CAP60_RC2880: step 173 PREFIX_EVALUATED_NO_WINNER_DEFERRED pairs=16920 evals=2049 1445s
[602361.5] P4_A_FAMILY_CAP60_RC2880: step 174 ELEVATED pairs=16798 evals=2065 1456s
[602369.7] P4_A_FAMILY_CAP60_RC2880: step 175 PREFIX_EVALUATED_NO_WINNER_DEFERRED pairs=16798 evals=2081 1464s
[602377.9] P4_A_FAMILY_CAP60_RC2880: step 176 PREFIX_EVALUATED_NO_WINNER_DEFERRED pairs=16798 evals=2097 1472s
[602388.0] P4_A_FAMILY_CAP60_RC2880: step 177 ELEVATED pairs=16679 evals=2113 1482s
[602396.2] P4_A_FAMILY_CAP60_RC2880: step 178 PREFIX_EVALUATED_NO_WINNER_DEFERRED pairs=16679 evals=2129 1490s
[602404.3] P4_A_FAMILY_CAP60_RC2880: step 179 PREFIX_EVALUATED_NO_WINNER_DEFERRED pairs=16679 evals=2145 1498s
[602413.5] P4_A_FAMILY_CAP60_RC2880: step 180 ELEVATED pairs=16604 evals=2161 1508s
[602421.6] P4_A_FAMILY_CAP60_RC2880: step 181 PREFIX_EVALUATED_NO_WINNER_DEFERRED pairs=16604 evals=2177 1516s
[602430.1] P4_A_FAMILY_CAP60_RC2880: step 182 PREFIX_EVALUATED_NO_WINNER_DEFERRED pairs=16604 evals=2193 1524s
[602440.9] P4_A_FAMILY_CAP60_RC2880: step 183 ELEVATED pairs=16524 evals=2209 1535s
[602449.1] P4_A_FAMILY_CAP60_RC2880: step 184 PREFIX_EVALUATED_NO_WINNER_DEFERRED pairs=16524 evals=2225 1543s
[602457.3] P4_A_FAMILY_CAP60_RC2880: step 185 PREFIX_EVALUATED_NO_WINNER_DEFERRED pairs=16524 evals=2241 1551s
[602471.4] P4_A_FAMILY_CAP60_RC2880: step 186 ELEVATED pairs=16431 evals=2257 1565s
[602479.2] P4_A_FAMILY_CAP60_RC2880: step 187 PREFIX_EVALUATED_NO_WINNER_DEFERRED pairs=16431 evals=2273 1573s
[602487.2] P4_A_FAMILY_CAP60_RC2880: step 188 PREFIX_EVALUATED_NO_WINNER_DEFERRED pairs=16431 evals=2289 1581s
[602501.3] P4_A_FAMILY_CAP60_RC2880: step 189 ELEVATED pairs=16338 evals=2305 1595s
[602509.1] P4_A_FAMILY_CAP60_RC2880: step 190 PREFIX_EVALUATED_NO_WINNER_DEFERRED pairs=16338 evals=2321 1603s
[602516.8] P4_A_FAMILY_CAP60_RC2880: step 191 PREFIX_EVALUATED_NO_WINNER_DEFERRED pairs=16338 evals=2337 1611s
[602530.7] P4_A_FAMILY_CAP60_RC2880: step 192 ELEVATED pairs=16244 evals=2353 1625s
[602538.4] P4_A_FAMILY_CAP60_RC2880: step 193 PREFIX_EVALUATED_NO_WINNER_DEFERRED pairs=16244 evals=2369 1632s
[602546.1] P4_A_FAMILY_CAP60_RC2880: step 194 PREFIX_EVALUATED_NO_WINNER_DEFERRED pairs=16244 evals=2385 1640s
[602562.1] P4_A_FAMILY_CAP60_RC2880: step 195 ELEVATED pairs=16157 evals=2401 1656s
[602570.7] P4_A_FAMILY_CAP60_RC2880: step 196 PREFIX_EVALUATED_NO_WINNER_DEFERRED pairs=16157 evals=2417 1665s
[602585.2] P4_A_FAMILY_CAP60_RC2880: step 197 ELEVATED pairs=16062 evals=2433 1679s
[602593.8] P4_A_FAMILY_CAP60_RC2880: step 198 PREFIX_EVALUATED_NO_WINNER_DEFERRED pairs=16062 evals=2449 1688s
[602613.2] P4_A_FAMILY_CAP60_RC2880: step 199 ELEVATED pairs=15974 evals=2465 1707s
[602626.0] P4_A_FAMILY_CAP60_RC2880: step 200 RELOCATED pairs=15877 evals=2481 1720s
[602626.0] P4_A_FAMILY_CAP60_RC2880: step 201 NO_CANDIDATES_GENERATED pairs=15877 evals=2481 1720s
[602626.1] P4_A_FAMILY_CAP60_RC2880: step 202 NO_CANDIDATES_GENERATED pairs=15877 evals=2481 1720s
[602626.2] P4_A_FAMILY_CAP60_RC2880: step 203 NO_CANDIDATES_GENERATED pairs=15877 evals=2481 1720s
[602626.2] P4_A_FAMILY_CAP60_RC2880: step 204 NO_CANDIDATES_GENERATED pairs=15877 evals=2481 1720s
[602626.3] P4_A_FAMILY_CAP60_RC2880: step 205 NO_CANDIDATES_GENERATED pairs=15877 evals=2481 1720s
[602636.3] P4_A_FAMILY_CAP60_RC2880: step 206 ELEVATED pairs=15791 evals=2497 1730s
[602636.4] P4_A_FAMILY_CAP60_RC2880: step 207 NO_CANDIDATES_GENERATED pairs=15791 evals=2497 1730s
[602636.5] P4_A_FAMILY_CAP60_RC2880: step 208 NO_CANDIDATES_GENERATED pairs=15791 evals=2497 1731s
[602636.7] P4_A_FAMILY_CAP60_RC2880: step 209 NO_CANDIDATES_GENERATED pairs=15791 evals=2497 1731s
[602636.8] P4_A_FAMILY_CAP60_RC2880: step 210 NO_CANDIDATES_GENERATED pairs=15791 evals=2497 1731s
[602636.9] P4_A_FAMILY_CAP60_RC2880: step 211 NO_CANDIDATES_GENERATED pairs=15791 evals=2497 1731s
[602637.1] P4_A_FAMILY_CAP60_RC2880: step 212 NO_CANDIDATES_GENERATED pairs=15791 evals=2497 1731s
[602637.2] P4_A_FAMILY_CAP60_RC2880: step 213 NO_CANDIDATES_GENERATED pairs=15791 evals=2497 1731s
[602637.3] P4_A_FAMILY_CAP60_RC2880: step 214 NO_CANDIDATES_GENERATED pairs=15791 evals=2497 1731s
[602637.5] P4_A_FAMILY_CAP60_RC2880: step 215 NO_CANDIDATES_GENERATED pairs=15791 evals=2497 1732s
[602651.0] P4_A_FAMILY_CAP60_RC2880: step 216 ELEVATED pairs=15713 evals=2506 1745s
[602664.0] P4_A_FAMILY_CAP60_RC2880: step 217 ELEVATED pairs=15635 evals=2515 1758s
[602664.2] P4_A_FAMILY_CAP60_RC2880: step 218 NO_CANDIDATES_GENERATED pairs=15635 evals=2515 1758s
[602664.4] P4_A_FAMILY_CAP60_RC2880: step 219 NO_CANDIDATES_GENERATED pairs=15635 evals=2515 1758s
[602664.6] P4_A_FAMILY_CAP60_RC2880: step 220 NO_CANDIDATES_GENERATED pairs=15635 evals=2515 1759s
[602664.8] P4_A_FAMILY_CAP60_RC2880: step 221 NO_CANDIDATES_GENERATED pairs=15635 evals=2515 1759s
[602664.9] P4_A_FAMILY_CAP60_RC2880: step 222 NO_CANDIDATES_GENERATED pairs=15635 evals=2515 1759s
[602665.1] P4_A_FAMILY_CAP60_RC2880: step 223 NO_CANDIDATES_GENERATED pairs=15635 evals=2515 1759s
[602680.3] P4_A_FAMILY_CAP60_RC2880: step 224 ELEVATED pairs=15560 evals=2531 1774s
[602696.2] P4_A_FAMILY_CAP60_RC2880: step 225 ELEVATED pairs=15483 evals=2547 1790s
[602707.5] P4_A_FAMILY_CAP60_RC2880: step 226 ELEVATED pairs=15408 evals=2563 1802s
[602710.1] P4_A_FAMILY_CAP60_RC2880: step 227 PREFIX_EVALUATED_NO_WINNER_DEFERRED pairs=15408 evals=2579 1804s
[602713.0] P4_A_FAMILY_CAP60_RC2880: step 228 PREFIX_EVALUATED_NO_WINNER_DEFERRED pairs=15408 evals=2595 1807s
[602715.3] P4_A_FAMILY_CAP60_RC2880: step 229 PREFIX_EVALUATED_NO_WINNER_DEFERRED pairs=15408 evals=2611 1809s
[602717.6] P4_A_FAMILY_CAP60_RC2880: step 230 PREFIX_EVALUATED_NO_WINNER_DEFERRED pairs=15408 evals=2627 1812s
[602719.8] P4_A_FAMILY_CAP60_RC2880: step 231 PREFIX_EVALUATED_NO_WINNER_DEFERRED pairs=15408 evals=2643 1814s
[602722.0] P4_A_FAMILY_CAP60_RC2880: step 232 PREFIX_EVALUATED_NO_WINNER_DEFERRED pairs=15408 evals=2659 1816s
[602724.6] P4_A_FAMILY_CAP60_RC2880: step 233 PREFIX_EVALUATED_NO_WINNER_DEFERRED pairs=15408 evals=2675 1819s
[602727.2] P4_A_FAMILY_CAP60_RC2880: step 234 PREFIX_EVALUATED_NO_WINNER_DEFERRED pairs=15408 evals=2691 1821s
[602727.4] P4_A_FAMILY_CAP60_RC2880: step 235 NO_CANDIDATES_GENERATED pairs=15408 evals=2691 1822s
[602727.7] P4_A_FAMILY_CAP60_RC2880: step 236 NO_CANDIDATES_GENERATED pairs=15408 evals=2691 1822s
[602727.9] P4_A_FAMILY_CAP60_RC2880: step 237 NO_CANDIDATES_GENERATED pairs=15408 evals=2691 1822s
[602728.2] P4_A_FAMILY_CAP60_RC2880: step 238 NO_CANDIDATES_GENERATED pairs=15408 evals=2691 1822s
[602730.8] P4_A_FAMILY_CAP60_RC2880: step 239 PREFIX_EVALUATED_NO_WINNER_DEFERRED pairs=15408 evals=2707 1825s
[602731.0] P4_A_FAMILY_CAP60_RC2880: step 240 NO_CANDIDATES_GENERATED pairs=15408 evals=2707 1825s
[602733.3] P4_A_FAMILY_CAP60_RC2880: step 241 PREFIX_EVALUATED_NO_WINNER_DEFERRED pairs=15408 evals=2723 1827s
[602735.8] P4_A_FAMILY_CAP60_RC2880: step 242 PREFIX_EVALUATED_NO_WINNER_DEFERRED pairs=15408 evals=2739 1830s
[602738.3] P4_A_FAMILY_CAP60_RC2880: step 243 PREFIX_EVALUATED_NO_WINNER_DEFERRED pairs=15408 evals=2755 1832s
[602741.0] P4_A_FAMILY_CAP60_RC2880: step 244 PREFIX_EVALUATED_NO_WINNER_DEFERRED pairs=15408 evals=2771 1835s
[602743.3] P4_A_FAMILY_CAP60_RC2880: step 245 PREFIX_EVALUATED_NO_WINNER_DEFERRED pairs=15408 evals=2787 1837s
[602745.6] P4_A_FAMILY_CAP60_RC2880: step 246 PREFIX_EVALUATED_NO_WINNER_DEFERRED pairs=15408 evals=2803 1840s
[602748.0] P4_A_FAMILY_CAP60_RC2880: step 247 PREFIX_EVALUATED_NO_WINNER_DEFERRED pairs=15408 evals=2819 1842s
[602750.4] P4_A_FAMILY_CAP60_RC2880: step 248 PREFIX_EVALUATED_NO_WINNER_DEFERRED pairs=15408 evals=2835 1844s
[602752.8] P4_A_FAMILY_CAP60_RC2880: step 249 PREFIX_EVALUATED_NO_WINNER_DEFERRED pairs=15408 evals=2851 1847s
[602755.4] P4_A_FAMILY_CAP60_RC2880: step 250 PREFIX_EVALUATED_NO_WINNER_DEFERRED pairs=15408 evals=2867 1850s
[602757.9] P4_A_FAMILY_CAP60_RC2880: step 251 ABORTED_CANDIDATE_BUDGET pairs=15408 evals=2880 1852s
[602758.4] P4_A_FAMILY_CAP60_RC2880: done final=15408 moves=125 first=124 reloc=1 ret=0 evals=2880 stop=CANDIDATE_BUDGET_EXHAUSTED
[602838.4] P4_A_FAMILY_CAP60_RC2880: recheck PASS checks=130816
GROUP DONE P4_A_FAMILY_CAP60_RC2880 PASS
