start-state rescan (challenge) ...
  challenge PASS pairs=30999 unresolved=3 elevated=77
[600848.3] P4_A_FAMILY_CAP60_NC2880: start mode=N budget=2880 spec={"name": "P4_A_FAMILY_CAP60", "target_policy": "LEGACY", "evaluation_policy": "E2_ORDERED_K16", "traversal_policy": "BASE", "max_targets": 2000, "k_per_target": 16, "family_round_robin": true, "relocation_side_reserve": 0, "waiting_age": false, "route_coverage": false, "multi_anchor": false, "exact_dedup": false, "decision_cache": false, "return_action": false, "cache_structural_skips": false, "window_slack_mm": 1e-05, "generation_domain": "LINE_ONLY", "path_window_settings": null, "stage_length_cap_mm": 60.0, "notes": ""}
[600848.3] P4_A_FAMILY_CAP60_NC2880: start state=challenge C:\Users\lihao\Desktop\Graduation Project\OpticalWaveguideRouter3D\outputs\3d_strategy_v4\512_full_layout\N2880 pairs=30999
[600853.3] P4_A_FAMILY_CAP60_NC2880: INITIAL_DONE pairs=30999
[600853.4] P4_A_FAMILY_CAP60_NC2880: step 1 NO_CANDIDATES_GENERATED pairs=30999 evals=0 0s
[600853.5] P4_A_FAMILY_CAP60_NC2880: step 2 NO_CANDIDATES_GENERATED pairs=30999 evals=0 0s
[600853.7] P4_A_FAMILY_CAP60_NC2880: step 3 NO_CANDIDATES_GENERATED pairs=30999 evals=0 0s
[600853.8] P4_A_FAMILY_CAP60_NC2880: step 4 NO_CANDIDATES_GENERATED pairs=30999 evals=0 1s
[600853.9] P4_A_FAMILY_CAP60_NC2880: step 5 NO_CANDIDATES_GENERATED pairs=30999 evals=0 1s
[600854.0] P4_A_FAMILY_CAP60_NC2880: step 6 NO_CANDIDATES_GENERATED pairs=30999 evals=0 1s
[600862.5] P4_A_FAMILY_CAP60_NC2880: step 7 ELEVATED pairs=30804 evals=16 9s
[600871.4] P4_A_FAMILY_CAP60_NC2880: step 8 ELEVATED pairs=30610 evals=32 18s
[600883.0] P4_A_FAMILY_CAP60_NC2880: step 9 ELEVATED pairs=30437 evals=48 30s
[600893.8] P4_A_FAMILY_CAP60_NC2880: step 10 ELEVATED pairs=30266 evals=64 41s
[600894.0] P4_A_FAMILY_CAP60_NC2880: step 11 NO_CANDIDATES_GENERATED pairs=30266 evals=64 41s
[600904.5] P4_A_FAMILY_CAP60_NC2880: step 12 ELEVATED pairs=30075 evals=80 51s
[600915.7] P4_A_FAMILY_CAP60_NC2880: step 13 ELEVATED pairs=29886 evals=96 62s
[600929.0] P4_A_FAMILY_CAP60_NC2880: step 14 ELEVATED pairs=29699 evals=112 76s
[600940.5] P4_A_FAMILY_CAP60_NC2880: step 15 ELEVATED pairs=29500 evals=128 87s
[600953.9] P4_A_FAMILY_CAP60_NC2880: step 16 ELEVATED pairs=29315 evals=144 101s
[600965.3] P4_A_FAMILY_CAP60_NC2880: step 17 ELEVATED pairs=29118 evals=160 112s
[600977.1] P4_A_FAMILY_CAP60_NC2880: step 18 ELEVATED pairs=28923 evals=176 124s
[600990.8] P4_A_FAMILY_CAP60_NC2880: step 19 ELEVATED pairs=28748 evals=192 138s
[601005.6] P4_A_FAMILY_CAP60_NC2880: step 20 ELEVATED pairs=28575 evals=208 152s
[601016.2] P4_A_FAMILY_CAP60_NC2880: step 21 ELEVATED pairs=28386 evals=224 163s
[601026.6] P4_A_FAMILY_CAP60_NC2880: step 22 ELEVATED pairs=28255 evals=240 173s
[601038.0] P4_A_FAMILY_CAP60_NC2880: step 23 ELEVATED pairs=28068 evals=256 185s
[601053.4] P4_A_FAMILY_CAP60_NC2880: step 24 ELEVATED pairs=27906 evals=272 200s
[601065.4] P4_A_FAMILY_CAP60_NC2880: step 25 ELEVATED pairs=27721 evals=288 212s
[601078.1] P4_A_FAMILY_CAP60_NC2880: step 26 ELEVATED pairs=27538 evals=304 225s
[601090.6] P4_A_FAMILY_CAP60_NC2880: step 27 ELEVATED pairs=27361 evals=320 237s
[601096.8] P4_A_FAMILY_CAP60_NC2880: step 28 ELEVATED pairs=27189 evals=329 244s
[601108.8] P4_A_FAMILY_CAP60_NC2880: step 29 ELEVATED pairs=27013 evals=345 256s
[601114.5] P4_A_FAMILY_CAP60_NC2880: step 30 ELEVATED pairs=26843 evals=354 261s
[601126.5] P4_A_FAMILY_CAP60_NC2880: step 31 ELEVATED pairs=26670 evals=370 273s
[601132.6] P4_A_FAMILY_CAP60_NC2880: step 32 ELEVATED pairs=26502 evals=379 279s
[601145.9] P4_A_FAMILY_CAP60_NC2880: step 33 ELEVATED pairs=26331 evals=395 293s
[601146.1] P4_A_FAMILY_CAP60_NC2880: step 34 NO_CANDIDATES_GENERATED pairs=26331 evals=395 293s
[601152.8] P4_A_FAMILY_CAP60_NC2880: step 35 ELEVATED pairs=26165 evals=404 300s
[601167.9] P4_A_FAMILY_CAP60_NC2880: step 36 ELEVATED pairs=25996 evals=420 315s
[601182.5] P4_A_FAMILY_CAP60_NC2880: step 37 ELEVATED pairs=25829 evals=436 329s
[601196.6] P4_A_FAMILY_CAP60_NC2880: step 38 ELEVATED pairs=25664 evals=452 343s
[601211.3] P4_A_FAMILY_CAP60_NC2880: step 39 ELEVATED pairs=25501 evals=468 358s
[601219.0] P4_A_FAMILY_CAP60_NC2880: step 40 ELEVATED pairs=25346 evals=484 366s
[601233.4] P4_A_FAMILY_CAP60_NC2880: step 41 ELEVATED pairs=25184 evals=500 380s
[601245.5] P4_A_FAMILY_CAP60_NC2880: step 42 ELEVATED pairs=25045 evals=516 392s
[601260.6] P4_A_FAMILY_CAP60_NC2880: step 43 ELEVATED pairs=24886 evals=532 407s
[601272.6] P4_A_FAMILY_CAP60_NC2880: step 44 ELEVATED pairs=24749 evals=548 419s
[601281.8] P4_A_FAMILY_CAP60_NC2880: step 45 ELEVATED pairs=24585 evals=564 429s
[601297.8] P4_A_FAMILY_CAP60_NC2880: step 46 ELEVATED pairs=24424 evals=580 445s
[601312.9] P4_A_FAMILY_CAP60_NC2880: step 47 ELEVATED pairs=24265 evals=596 460s
[601324.6] P4_A_FAMILY_CAP60_NC2880: step 48 ELEVATED pairs=24233 evals=612 471s
[601339.4] P4_A_FAMILY_CAP60_NC2880: step 49 ELEVATED pairs=24076 evals=628 486s
[601354.8] P4_A_FAMILY_CAP60_NC2880: step 50 ELEVATED pairs=23921 evals=644 502s
[601365.8] P4_A_FAMILY_CAP60_NC2880: step 51 ELEVATED pairs=23789 evals=660 512s
[601376.8] P4_A_FAMILY_CAP60_NC2880: step 52 ELEVATED pairs=23657 evals=676 524s
[601389.7] P4_A_FAMILY_CAP60_NC2880: step 53 ELEVATED pairs=23503 evals=692 536s
[601399.8] P4_A_FAMILY_CAP60_NC2880: step 54 ELEVATED pairs=23364 evals=708 547s
[601412.9] P4_A_FAMILY_CAP60_NC2880: step 55 ELEVATED pairs=23212 evals=724 560s
[601423.2] P4_A_FAMILY_CAP60_NC2880: step 56 ELEVATED pairs=23073 evals=740 570s
[601434.2] P4_A_FAMILY_CAP60_NC2880: step 57 ELEVATED pairs=22926 evals=756 581s
[601447.5] P4_A_FAMILY_CAP60_NC2880: step 58 ELEVATED pairs=22776 evals=772 594s
[601457.7] P4_A_FAMILY_CAP60_NC2880: step 59 ELEVATED pairs=22629 evals=788 604s
[601467.7] P4_A_FAMILY_CAP60_NC2880: step 60 ELEVATED pairs=22482 evals=804 614s
[601472.9] P4_A_FAMILY_CAP60_NC2880: step 61 ELEVATED pairs=22353 evals=820 620s
[601481.9] P4_A_FAMILY_CAP60_NC2880: step 62 ELEVATED pairs=22254 evals=829 629s
[601491.1] P4_A_FAMILY_CAP60_NC2880: step 63 ELEVATED pairs=22137 evals=845 638s
[601503.7] P4_A_FAMILY_CAP60_NC2880: step 64 ELEVATED pairs=22033 evals=861 650s
[601514.2] P4_A_FAMILY_CAP60_NC2880: step 65 ELEVATED pairs=21939 evals=877 661s
[601522.6] P4_A_FAMILY_CAP60_NC2880: step 66 ELEVATED pairs=21795 evals=893 669s
[601536.1] P4_A_FAMILY_CAP60_NC2880: step 67 ELEVATED pairs=21694 evals=909 683s
[601544.6] P4_A_FAMILY_CAP60_NC2880: step 68 ELEVATED pairs=21552 evals=925 691s
[601564.4] P4_A_FAMILY_CAP60_NC2880: step 69 ELEVATED pairs=21420 evals=941 711s
[601574.0] P4_A_FAMILY_CAP60_NC2880: step 70 ELEVATED pairs=21280 evals=957 721s
[601586.9] P4_A_FAMILY_CAP60_NC2880: step 71 ELEVATED pairs=21136 evals=973 734s
[601599.6] P4_A_FAMILY_CAP60_NC2880: step 72 ELEVATED pairs=20994 evals=989 746s
[601626.4] P4_A_FAMILY_CAP60_NC2880: step 73 ELEVATED pairs=20877 evals=1005 773s
[601640.2] P4_A_FAMILY_CAP60_NC2880: step 74 ELEVATED pairs=20737 evals=1021 787s
[601666.3] P4_A_FAMILY_CAP60_NC2880: step 75 ELEVATED pairs=20637 evals=1037 813s
[601691.8] P4_A_FAMILY_CAP60_NC2880: step 76 ELEVATED pairs=20527 evals=1053 839s
[601704.0] P4_A_FAMILY_CAP60_NC2880: step 77 ELEVATED pairs=20425 evals=1069 851s
[601727.3] P4_A_FAMILY_CAP60_NC2880: step 78 ELEVATED pairs=20315 evals=1085 874s
[601736.5] P4_A_FAMILY_CAP60_NC2880: step 79 ELEVATED pairs=20221 evals=1101 883s
[601747.2] P4_A_FAMILY_CAP60_NC2880: step 80 ELEVATED pairs=20119 evals=1117 894s
[601757.7] P4_A_FAMILY_CAP60_NC2880: step 81 ELEVATED pairs=19992 evals=1133 904s
[601768.4] P4_A_FAMILY_CAP60_NC2880: step 82 ELEVATED pairs=19892 evals=1149 915s
[601779.1] P4_A_FAMILY_CAP60_NC2880: step 83 ELEVATED pairs=19795 evals=1165 926s
[601787.7] P4_A_FAMILY_CAP60_NC2880: step 84 ELEVATED pairs=19673 evals=1181 934s
[601798.5] P4_A_FAMILY_CAP60_NC2880: step 85 ELEVATED pairs=19577 evals=1197 945s
[601809.2] P4_A_FAMILY_CAP60_NC2880: step 86 ELEVATED pairs=19448 evals=1213 956s
[601823.2] P4_A_FAMILY_CAP60_NC2880: step 87 ELEVATED pairs=19367 evals=1229 970s
[601834.1] P4_A_FAMILY_CAP60_NC2880: step 88 ELEVATED pairs=19240 evals=1245 981s
[601845.5] P4_A_FAMILY_CAP60_NC2880: step 89 ELEVATED pairs=19115 evals=1261 992s
[601856.2] P4_A_FAMILY_CAP60_NC2880: step 90 ELEVATED pairs=18998 evals=1277 1003s
[601867.6] P4_A_FAMILY_CAP60_NC2880: step 91 ELEVATED pairs=18875 evals=1293 1014s
[601878.4] P4_A_FAMILY_CAP60_NC2880: step 92 ELEVATED pairs=18760 evals=1309 1025s
[601892.1] P4_A_FAMILY_CAP60_NC2880: step 93 ELEVATED pairs=18681 evals=1325 1039s
[601892.3] P4_A_FAMILY_CAP60_NC2880: step 94 NO_CANDIDATES_GENERATED pairs=18681 evals=1325 1039s
[601896.3] P4_A_FAMILY_CAP60_NC2880: step 95 ELEVATED pairs=18564 evals=1334 1043s
[601902.6] P4_A_FAMILY_CAP60_NC2880: step 96 ELEVATED pairs=18496 evals=1350 1049s
[601909.3] P4_A_FAMILY_CAP60_NC2880: step 97 ELEVATED pairs=18419 evals=1366 1056s
[601919.8] P4_A_FAMILY_CAP60_NC2880: step 98 ELEVATED pairs=18343 evals=1382 1067s
[601932.0] P4_A_FAMILY_CAP60_NC2880: step 99 ELEVATED pairs=18268 evals=1398 1079s
[601942.4] P4_A_FAMILY_CAP60_NC2880: step 100 ELEVATED pairs=18194 evals=1414 1089s
[601953.2] P4_A_FAMILY_CAP60_NC2880: step 101 ELEVATED pairs=18120 evals=1430 1100s
[601959.5] P4_A_FAMILY_CAP60_NC2880: step 102 ELEVATED pairs=18014 evals=1439 1106s
[601966.9] P4_A_FAMILY_CAP60_NC2880: step 103 ELEVATED pairs=17910 evals=1448 1114s
[601974.5] P4_A_FAMILY_CAP60_NC2880: step 104 ELEVATED pairs=17847 evals=1464 1121s
[601982.4] P4_A_FAMILY_CAP60_NC2880: step 105 ELEVATED pairs=17784 evals=1480 1129s
[601982.5] P4_A_FAMILY_CAP60_NC2880: step 106 NO_CANDIDATES_GENERATED pairs=17784 evals=1480 1129s
[601982.7] P4_A_FAMILY_CAP60_NC2880: step 107 NO_CANDIDATES_GENERATED pairs=17784 evals=1480 1129s
[601982.9] P4_A_FAMILY_CAP60_NC2880: step 108 NO_CANDIDATES_GENERATED pairs=17784 evals=1480 1130s
[601983.1] P4_A_FAMILY_CAP60_NC2880: step 109 NO_CANDIDATES_GENERATED pairs=17784 evals=1480 1130s
[601983.2] P4_A_FAMILY_CAP60_NC2880: step 110 NO_CANDIDATES_GENERATED pairs=17784 evals=1480 1130s
[601983.4] P4_A_FAMILY_CAP60_NC2880: step 111 NO_CANDIDATES_GENERATED pairs=17784 evals=1480 1130s
[601983.6] P4_A_FAMILY_CAP60_NC2880: step 112 NO_CANDIDATES_GENERATED pairs=17784 evals=1480 1130s
[601983.8] P4_A_FAMILY_CAP60_NC2880: step 113 NO_CANDIDATES_GENERATED pairs=17784 evals=1480 1130s
[601983.9] P4_A_FAMILY_CAP60_NC2880: step 114 NO_CANDIDATES_GENERATED pairs=17784 evals=1480 1131s
[601984.1] P4_A_FAMILY_CAP60_NC2880: step 115 NO_CANDIDATES_GENERATED pairs=17784 evals=1480 1131s
[601984.2] P4_A_FAMILY_CAP60_NC2880: step 116 NO_CANDIDATES_GENERATED pairs=17784 evals=1480 1131s
[601984.4] P4_A_FAMILY_CAP60_NC2880: step 117 NO_CANDIDATES_GENERATED pairs=17784 evals=1480 1131s
[601984.6] P4_A_FAMILY_CAP60_NC2880: step 118 NO_CANDIDATES_GENERATED pairs=17784 evals=1480 1131s
[601984.7] P4_A_FAMILY_CAP60_NC2880: step 119 NO_CANDIDATES_GENERATED pairs=17784 evals=1480 1131s
[601984.9] P4_A_FAMILY_CAP60_NC2880: step 120 NO_CANDIDATES_GENERATED pairs=17784 evals=1480 1132s
[601985.1] P4_A_FAMILY_CAP60_NC2880: step 121 NO_CANDIDATES_GENERATED pairs=17784 evals=1480 1132s
[601993.0] P4_A_FAMILY_CAP60_NC2880: step 122 PREFIX_EVALUATED_NO_WINNER_DEFERRED pairs=17784 evals=1496 1140s
[602000.8] P4_A_FAMILY_CAP60_NC2880: step 123 PREFIX_EVALUATED_NO_WINNER_DEFERRED pairs=17784 evals=1512 1148s
[602008.9] P4_A_FAMILY_CAP60_NC2880: step 124 ELEVATED pairs=17725 evals=1528 1156s
[602017.1] P4_A_FAMILY_CAP60_NC2880: step 125 PREFIX_EVALUATED_NO_WINNER_DEFERRED pairs=17725 evals=1544 1164s
[602025.2] P4_A_FAMILY_CAP60_NC2880: step 126 PREFIX_EVALUATED_NO_WINNER_DEFERRED pairs=17725 evals=1560 1172s
[602025.6] P4_A_FAMILY_CAP60_NC2880: step 127 NO_CANDIDATES_GENERATED pairs=17725 evals=1560 1172s
[602026.0] P4_A_FAMILY_CAP60_NC2880: step 128 NO_CANDIDATES_GENERATED pairs=17725 evals=1560 1173s
[602026.4] P4_A_FAMILY_CAP60_NC2880: step 129 NO_CANDIDATES_GENERATED pairs=17725 evals=1560 1173s
[602026.8] P4_A_FAMILY_CAP60_NC2880: step 130 NO_CANDIDATES_GENERATED pairs=17725 evals=1560 1174s
[602027.2] P4_A_FAMILY_CAP60_NC2880: step 131 NO_CANDIDATES_GENERATED pairs=17725 evals=1560 1174s
[602027.6] P4_A_FAMILY_CAP60_NC2880: step 132 NO_CANDIDATES_GENERATED pairs=17725 evals=1560 1174s
[602027.9] P4_A_FAMILY_CAP60_NC2880: step 133 NO_CANDIDATES_GENERATED pairs=17725 evals=1560 1175s
[602028.3] P4_A_FAMILY_CAP60_NC2880: step 134 NO_CANDIDATES_GENERATED pairs=17725 evals=1560 1175s
[602028.7] P4_A_FAMILY_CAP60_NC2880: step 135 NO_CANDIDATES_GENERATED pairs=17725 evals=1560 1175s
[602029.1] P4_A_FAMILY_CAP60_NC2880: step 136 NO_CANDIDATES_GENERATED pairs=17725 evals=1560 1176s
[602029.5] P4_A_FAMILY_CAP60_NC2880: step 137 NO_CANDIDATES_GENERATED pairs=17725 evals=1560 1176s
[602029.9] P4_A_FAMILY_CAP60_NC2880: step 138 NO_CANDIDATES_GENERATED pairs=17725 evals=1560 1177s
[602030.3] P4_A_FAMILY_CAP60_NC2880: step 139 NO_CANDIDATES_GENERATED pairs=17725 evals=1560 1177s
[602030.7] P4_A_FAMILY_CAP60_NC2880: step 140 NO_CANDIDATES_GENERATED pairs=17725 evals=1560 1177s
[602031.1] P4_A_FAMILY_CAP60_NC2880: step 141 NO_CANDIDATES_GENERATED pairs=17725 evals=1560 1178s
[602031.5] P4_A_FAMILY_CAP60_NC2880: step 142 NO_CANDIDATES_GENERATED pairs=17725 evals=1560 1178s
[602039.8] P4_A_FAMILY_CAP60_NC2880: step 143 ELEVATED pairs=17667 evals=1576 1187s
[602049.1] P4_A_FAMILY_CAP60_NC2880: step 144 ELEVATED pairs=17576 evals=1592 1196s
[602057.0] P4_A_FAMILY_CAP60_NC2880: step 145 PREFIX_EVALUATED_NO_WINNER_DEFERRED pairs=17576 evals=1608 1204s
[602064.9] P4_A_FAMILY_CAP60_NC2880: step 146 PREFIX_EVALUATED_NO_WINNER_DEFERRED pairs=17576 evals=1624 1212s
[602073.2] P4_A_FAMILY_CAP60_NC2880: step 147 ELEVATED pairs=17518 evals=1640 1220s
[602081.1] P4_A_FAMILY_CAP60_NC2880: step 148 PREFIX_EVALUATED_NO_WINNER_DEFERRED pairs=17518 evals=1656 1228s
[602089.3] P4_A_FAMILY_CAP60_NC2880: step 149 PREFIX_EVALUATED_NO_WINNER_DEFERRED pairs=17518 evals=1672 1236s
[602098.2] P4_A_FAMILY_CAP60_NC2880: step 150 ELEVATED pairs=17429 evals=1688 1245s
[602106.2] P4_A_FAMILY_CAP60_NC2880: step 151 PREFIX_EVALUATED_NO_WINNER_DEFERRED pairs=17429 evals=1704 1253s
[602114.0] P4_A_FAMILY_CAP60_NC2880: step 152 PREFIX_EVALUATED_NO_WINNER_DEFERRED pairs=17429 evals=1720 1261s
[602122.0] P4_A_FAMILY_CAP60_NC2880: step 153 ELEVATED pairs=17371 evals=1736 1269s
[602129.9] P4_A_FAMILY_CAP60_NC2880: step 154 PREFIX_EVALUATED_NO_WINNER_DEFERRED pairs=17371 evals=1752 1277s
[602137.9] P4_A_FAMILY_CAP60_NC2880: step 155 PREFIX_EVALUATED_NO_WINNER_DEFERRED pairs=17371 evals=1768 1285s
[602146.1] P4_A_FAMILY_CAP60_NC2880: step 156 ELEVATED pairs=17313 evals=1784 1293s
[602154.2] P4_A_FAMILY_CAP60_NC2880: step 157 PREFIX_EVALUATED_NO_WINNER_DEFERRED pairs=17313 evals=1800 1301s
[602162.2] P4_A_FAMILY_CAP60_NC2880: step 158 PREFIX_EVALUATED_NO_WINNER_DEFERRED pairs=17313 evals=1816 1309s
[602171.4] P4_A_FAMILY_CAP60_NC2880: step 159 ELEVATED pairs=17226 evals=1832 1318s
[602179.6] P4_A_FAMILY_CAP60_NC2880: step 160 PREFIX_EVALUATED_NO_WINNER_DEFERRED pairs=17226 evals=1848 1326s
[602187.8] P4_A_FAMILY_CAP60_NC2880: step 161 PREFIX_EVALUATED_NO_WINNER_DEFERRED pairs=17226 evals=1864 1335s
[602196.4] P4_A_FAMILY_CAP60_NC2880: step 162 ELEVATED pairs=17168 evals=1880 1343s
[602204.6] P4_A_FAMILY_CAP60_NC2880: step 163 PREFIX_EVALUATED_NO_WINNER_DEFERRED pairs=17168 evals=1896 1351s
[602212.6] P4_A_FAMILY_CAP60_NC2880: step 164 PREFIX_EVALUATED_NO_WINNER_DEFERRED pairs=17168 evals=1912 1359s
[602221.6] P4_A_FAMILY_CAP60_NC2880: step 165 ELEVATED pairs=17110 evals=1928 1368s
[602230.2] P4_A_FAMILY_CAP60_NC2880: step 166 PREFIX_EVALUATED_NO_WINNER_DEFERRED pairs=17110 evals=1944 1377s
[602238.5] P4_A_FAMILY_CAP60_NC2880: step 167 PREFIX_EVALUATED_NO_WINNER_DEFERRED pairs=17110 evals=1960 1385s
[602249.9] P4_A_FAMILY_CAP60_NC2880: step 168 ELEVATED pairs=16988 evals=1976 1397s
[602258.5] P4_A_FAMILY_CAP60_NC2880: step 169 PREFIX_EVALUATED_NO_WINNER_DEFERRED pairs=16988 evals=1992 1405s
[602266.6] P4_A_FAMILY_CAP60_NC2880: step 170 PREFIX_EVALUATED_NO_WINNER_DEFERRED pairs=16988 evals=2008 1413s
[602279.3] P4_A_FAMILY_CAP60_NC2880: step 171 ELEVATED pairs=16920 evals=2017 1426s
[602287.5] P4_A_FAMILY_CAP60_NC2880: step 172 PREFIX_EVALUATED_NO_WINNER_DEFERRED pairs=16920 evals=2033 1434s
[602295.7] P4_A_FAMILY_CAP60_NC2880: step 173 PREFIX_EVALUATED_NO_WINNER_DEFERRED pairs=16920 evals=2049 1442s
[602306.3] P4_A_FAMILY_CAP60_NC2880: step 174 ELEVATED pairs=16798 evals=2065 1453s
[602314.4] P4_A_FAMILY_CAP60_NC2880: step 175 PREFIX_EVALUATED_NO_WINNER_DEFERRED pairs=16798 evals=2081 1461s
[602322.4] P4_A_FAMILY_CAP60_NC2880: step 176 PREFIX_EVALUATED_NO_WINNER_DEFERRED pairs=16798 evals=2097 1469s
[602332.6] P4_A_FAMILY_CAP60_NC2880: step 177 ELEVATED pairs=16679 evals=2113 1479s
[602340.6] P4_A_FAMILY_CAP60_NC2880: step 178 PREFIX_EVALUATED_NO_WINNER_DEFERRED pairs=16679 evals=2129 1487s
[602348.8] P4_A_FAMILY_CAP60_NC2880: step 179 PREFIX_EVALUATED_NO_WINNER_DEFERRED pairs=16679 evals=2145 1496s
[602358.3] P4_A_FAMILY_CAP60_NC2880: step 180 ELEVATED pairs=16604 evals=2161 1505s
[602366.6] P4_A_FAMILY_CAP60_NC2880: step 181 PREFIX_EVALUATED_NO_WINNER_DEFERRED pairs=16604 evals=2177 1513s
[602374.8] P4_A_FAMILY_CAP60_NC2880: step 182 PREFIX_EVALUATED_NO_WINNER_DEFERRED pairs=16604 evals=2193 1522s
[602385.5] P4_A_FAMILY_CAP60_NC2880: step 183 ELEVATED pairs=16524 evals=2209 1532s
[602393.6] P4_A_FAMILY_CAP60_NC2880: step 184 PREFIX_EVALUATED_NO_WINNER_DEFERRED pairs=16524 evals=2225 1540s
[602401.6] P4_A_FAMILY_CAP60_NC2880: step 185 PREFIX_EVALUATED_NO_WINNER_DEFERRED pairs=16524 evals=2241 1548s
[602415.9] P4_A_FAMILY_CAP60_NC2880: step 186 ELEVATED pairs=16431 evals=2257 1563s
[602424.1] P4_A_FAMILY_CAP60_NC2880: step 187 PREFIX_EVALUATED_NO_WINNER_DEFERRED pairs=16431 evals=2273 1571s
[602432.1] P4_A_FAMILY_CAP60_NC2880: step 188 PREFIX_EVALUATED_NO_WINNER_DEFERRED pairs=16431 evals=2289 1579s
[602446.2] P4_A_FAMILY_CAP60_NC2880: step 189 ELEVATED pairs=16338 evals=2305 1593s
[602453.9] P4_A_FAMILY_CAP60_NC2880: step 190 PREFIX_EVALUATED_NO_WINNER_DEFERRED pairs=16338 evals=2321 1601s
[602461.8] P4_A_FAMILY_CAP60_NC2880: step 191 PREFIX_EVALUATED_NO_WINNER_DEFERRED pairs=16338 evals=2337 1609s
[602475.9] P4_A_FAMILY_CAP60_NC2880: step 192 ELEVATED pairs=16244 evals=2353 1623s
[602483.4] P4_A_FAMILY_CAP60_NC2880: step 193 PREFIX_EVALUATED_NO_WINNER_DEFERRED pairs=16244 evals=2369 1630s
[602491.2] P4_A_FAMILY_CAP60_NC2880: step 194 PREFIX_EVALUATED_NO_WINNER_DEFERRED pairs=16244 evals=2385 1638s
[602507.1] P4_A_FAMILY_CAP60_NC2880: step 195 ELEVATED pairs=16157 evals=2401 1654s
[602515.0] P4_A_FAMILY_CAP60_NC2880: step 196 PREFIX_EVALUATED_NO_WINNER_DEFERRED pairs=16157 evals=2417 1662s
[602528.0] P4_A_FAMILY_CAP60_NC2880: step 197 ELEVATED pairs=16062 evals=2433 1675s
[602535.7] P4_A_FAMILY_CAP60_NC2880: step 198 PREFIX_EVALUATED_NO_WINNER_DEFERRED pairs=16062 evals=2449 1682s
[602553.6] P4_A_FAMILY_CAP60_NC2880: step 199 ELEVATED pairs=15974 evals=2465 1700s
[602565.2] P4_A_FAMILY_CAP60_NC2880: step 200 ELEVATED pairs=15906 evals=2481 1712s
[602578.4] P4_A_FAMILY_CAP60_NC2880: step 201 ELEVATED pairs=15838 evals=2497 1725s
[602591.0] P4_A_FAMILY_CAP60_NC2880: step 202 ELEVATED pairs=15766 evals=2513 1738s
[602598.0] P4_A_FAMILY_CAP60_NC2880: step 203 PREFIX_EVALUATED_NO_WINNER_DEFERRED pairs=15766 evals=2529 1745s
[602598.1] P4_A_FAMILY_CAP60_NC2880: step 204 NO_CANDIDATES_GENERATED pairs=15766 evals=2529 1745s
[602598.2] P4_A_FAMILY_CAP60_NC2880: step 205 NO_CANDIDATES_GENERATED pairs=15766 evals=2529 1745s
[602598.2] P4_A_FAMILY_CAP60_NC2880: step 206 NO_CANDIDATES_GENERATED pairs=15766 evals=2529 1745s
[602598.3] P4_A_FAMILY_CAP60_NC2880: step 207 NO_CANDIDATES_GENERATED pairs=15766 evals=2529 1745s
[602598.4] P4_A_FAMILY_CAP60_NC2880: step 208 NO_CANDIDATES_GENERATED pairs=15766 evals=2529 1745s
[602600.6] P4_A_FAMILY_CAP60_NC2880: step 209 PREFIX_EVALUATED_NO_WINNER_DEFERRED pairs=15766 evals=2545 1747s
[602602.9] P4_A_FAMILY_CAP60_NC2880: step 210 PREFIX_EVALUATED_NO_WINNER_DEFERRED pairs=15766 evals=2561 1750s
[602603.0] P4_A_FAMILY_CAP60_NC2880: step 211 NO_CANDIDATES_GENERATED pairs=15766 evals=2561 1750s
[602609.3] P4_A_FAMILY_CAP60_NC2880: step 212 PREFIX_EVALUATED_NO_WINNER_DEFERRED pairs=15766 evals=2577 1756s
[602611.4] P4_A_FAMILY_CAP60_NC2880: step 213 PREFIX_EVALUATED_NO_WINNER_DEFERRED pairs=15766 evals=2593 1758s
[602613.7] P4_A_FAMILY_CAP60_NC2880: step 214 PREFIX_EVALUATED_NO_WINNER_DEFERRED pairs=15766 evals=2609 1760s
[602620.1] P4_A_FAMILY_CAP60_NC2880: step 215 PREFIX_EVALUATED_NO_WINNER_DEFERRED pairs=15766 evals=2625 1767s
[602620.2] P4_A_FAMILY_CAP60_NC2880: step 216 NO_CANDIDATES_GENERATED pairs=15766 evals=2625 1767s
[602620.3] P4_A_FAMILY_CAP60_NC2880: step 217 NO_CANDIDATES_GENERATED pairs=15766 evals=2625 1767s
[602620.3] P4_A_FAMILY_CAP60_NC2880: step 218 NO_CANDIDATES_GENERATED pairs=15766 evals=2625 1767s
[602620.4] P4_A_FAMILY_CAP60_NC2880: step 219 NO_CANDIDATES_GENERATED pairs=15766 evals=2625 1767s
[602620.5] P4_A_FAMILY_CAP60_NC2880: step 220 NO_CANDIDATES_GENERATED pairs=15766 evals=2625 1767s
[602620.5] P4_A_FAMILY_CAP60_NC2880: step 221 NO_CANDIDATES_GENERATED pairs=15766 evals=2625 1767s
[602620.6] P4_A_FAMILY_CAP60_NC2880: step 222 NO_CANDIDATES_GENERATED pairs=15766 evals=2625 1767s
[602620.7] P4_A_FAMILY_CAP60_NC2880: step 223 NO_CANDIDATES_GENERATED pairs=15766 evals=2625 1767s
[602624.7] P4_A_FAMILY_CAP60_NC2880: step 224 PREFIX_EVALUATED_NO_WINNER_DEFERRED pairs=15766 evals=2641 1771s
[602628.7] P4_A_FAMILY_CAP60_NC2880: step 225 PREFIX_EVALUATED_NO_WINNER_DEFERRED pairs=15766 evals=2657 1775s
[602632.7] P4_A_FAMILY_CAP60_NC2880: step 226 PREFIX_EVALUATED_NO_WINNER_DEFERRED pairs=15766 evals=2673 1779s
[602636.8] P4_A_FAMILY_CAP60_NC2880: step 227 PREFIX_EVALUATED_NO_WINNER_DEFERRED pairs=15766 evals=2689 1784s
[602642.4] P4_A_FAMILY_CAP60_NC2880: step 228 PREFIX_EVALUATED_NO_WINNER_DEFERRED pairs=15766 evals=2705 1789s
[602644.0] P4_A_FAMILY_CAP60_NC2880: step 229 ALL_CANDIDATES_REJECTED pairs=15766 evals=2714 1791s
[602644.0] P4_A_FAMILY_CAP60_NC2880: step 230 NO_CANDIDATES_GENERATED pairs=15766 evals=2714 1791s
[602644.1] P4_A_FAMILY_CAP60_NC2880: step 231 NO_CANDIDATES_GENERATED pairs=15766 evals=2714 1791s
[602644.1] P4_A_FAMILY_CAP60_NC2880: step 232 NO_CANDIDATES_GENERATED pairs=15766 evals=2714 1791s
[602645.7] P4_A_FAMILY_CAP60_NC2880: step 233 ALL_CANDIDATES_REJECTED pairs=15766 evals=2723 1792s
[602647.3] P4_A_FAMILY_CAP60_NC2880: step 234 ALL_CANDIDATES_REJECTED pairs=15766 evals=2732 1794s
[602647.4] P4_A_FAMILY_CAP60_NC2880: step 235 NO_CANDIDATES_GENERATED pairs=15766 evals=2732 1794s
[602647.4] P4_A_FAMILY_CAP60_NC2880: step 236 NO_CANDIDATES_GENERATED pairs=15766 evals=2732 1794s
[602653.9] P4_A_FAMILY_CAP60_NC2880: step 237 PREFIX_EVALUATED_NO_WINNER_DEFERRED pairs=15766 evals=2748 1801s
[602660.4] P4_A_FAMILY_CAP60_NC2880: step 238 PREFIX_EVALUATED_NO_WINNER_DEFERRED pairs=15766 evals=2764 1807s
[602666.8] P4_A_FAMILY_CAP60_NC2880: step 239 PREFIX_EVALUATED_NO_WINNER_DEFERRED pairs=15766 evals=2780 1814s
[602673.2] P4_A_FAMILY_CAP60_NC2880: step 240 PREFIX_EVALUATED_NO_WINNER_DEFERRED pairs=15766 evals=2796 1820s
[602679.6] P4_A_FAMILY_CAP60_NC2880: step 241 PREFIX_EVALUATED_NO_WINNER_DEFERRED pairs=15766 evals=2812 1826s
[602685.8] P4_A_FAMILY_CAP60_NC2880: step 242 PREFIX_EVALUATED_NO_WINNER_DEFERRED pairs=15766 evals=2828 1833s
[602685.8] P4_A_FAMILY_CAP60_NC2880: step 243 NO_CANDIDATES_GENERATED pairs=15766 evals=2828 1833s
[602685.9] P4_A_FAMILY_CAP60_NC2880: step 244 NO_CANDIDATES_GENERATED pairs=15766 evals=2828 1833s
[602686.0] P4_A_FAMILY_CAP60_NC2880: step 245 NO_CANDIDATES_GENERATED pairs=15766 evals=2828 1833s
[602686.0] P4_A_FAMILY_CAP60_NC2880: step 246 NO_CANDIDATES_GENERATED pairs=15766 evals=2828 1833s
[602686.1] P4_A_FAMILY_CAP60_NC2880: step 247 NO_CANDIDATES_GENERATED pairs=15766 evals=2828 1833s
[602686.2] P4_A_FAMILY_CAP60_NC2880: step 248 NO_CANDIDATES_GENERATED pairs=15766 evals=2828 1833s
[602690.1] P4_A_FAMILY_CAP60_NC2880: step 249 PREFIX_EVALUATED_NO_WINNER_DEFERRED pairs=15766 evals=2844 1837s
[602694.6] P4_A_FAMILY_CAP60_NC2880: step 250 PREFIX_EVALUATED_NO_WINNER_DEFERRED pairs=15766 evals=2860 1841s
[602699.7] P4_A_FAMILY_CAP60_NC2880: step 251 PREFIX_EVALUATED_NO_WINNER_DEFERRED pairs=15766 evals=2876 1846s
[602701.2] P4_A_FAMILY_CAP60_NC2880: step 252 ABORTED_CANDIDATE_BUDGET pairs=15766 evals=2880 1848s
[602701.7] P4_A_FAMILY_CAP60_NC2880: done final=15766 moves=121 first=121 reloc=0 ret=0 evals=2880 stop=CANDIDATE_BUDGET_EXHAUSTED
[602780.1] P4_A_FAMILY_CAP60_NC2880: recheck PASS checks=130816
GROUP DONE P4_A_FAMILY_CAP60_NC2880 PASS
