start-state rescan (main) ...
  main PASS pairs=42909 unresolved=3 elevated=24
[602452.9] P4_BASE_E2_CAP60_N2880: start mode=N budget=2880 spec={"name": "P4_BASE_E2_CAP60", "target_policy": "LEGACY", "evaluation_policy": "E2_ORDERED_K16", "traversal_policy": "BASE", "max_targets": 2000, "k_per_target": 16, "family_round_robin": false, "relocation_side_reserve": 0, "waiting_age": false, "route_coverage": false, "multi_anchor": false, "exact_dedup": false, "decision_cache": false, "return_action": false, "cache_structural_skips": false, "window_slack_mm": 1e-05, "generation_domain": "LINE_ONLY", "path_window_settings": null, "stage_length_cap_mm": 60.0, "notes": ""}
[602452.9] P4_BASE_E2_CAP60_N2880: start state=main C:\Users\lihao\Desktop\Graduation Project\OpticalWaveguideRouter3D\outputs\3d_strategy_v3\512_ablation\D_both_enabled pairs=42909
[602457.4] P4_BASE_E2_CAP60_N2880: INITIAL_DONE pairs=42909
[602457.5] P4_BASE_E2_CAP60_N2880: step 1 NO_CANDIDATES_GENERATED pairs=42909 evals=0 0s
[602457.7] P4_BASE_E2_CAP60_N2880: step 2 NO_CANDIDATES_GENERATED pairs=42909 evals=0 0s
[602463.9] P4_BASE_E2_CAP60_N2880: step 3 ELEVATED pairs=42661 evals=16 7s
[602474.6] P4_BASE_E2_CAP60_N2880: step 4 ELEVATED pairs=42487 evals=32 17s
[602483.4] P4_BASE_E2_CAP60_N2880: step 5 ELEVATED pairs=42305 evals=48 26s
[602492.6] P4_BASE_E2_CAP60_N2880: step 6 ELEVATED pairs=42121 evals=64 35s
[602502.0] P4_BASE_E2_CAP60_N2880: step 7 ELEVATED pairs=41936 evals=80 45s
[602508.8] P4_BASE_E2_CAP60_N2880: step 8 ELEVATED pairs=41680 evals=96 51s
[602518.3] P4_BASE_E2_CAP60_N2880: step 9 ELEVATED pairs=41486 evals=112 61s
[602525.0] P4_BASE_E2_CAP60_N2880: step 10 ELEVATED pairs=41225 evals=128 68s
[602537.7] P4_BASE_E2_CAP60_N2880: step 11 ELEVATED pairs=41046 evals=144 80s
[602550.4] P4_BASE_E2_CAP60_N2880: step 12 ELEVATED pairs=40867 evals=160 93s
[602556.7] P4_BASE_E2_CAP60_N2880: step 13 ELEVATED pairs=40628 evals=176 99s
[602565.2] P4_BASE_E2_CAP60_N2880: step 14 ELEVATED pairs=40377 evals=192 108s
[602571.6] P4_BASE_E2_CAP60_N2880: step 15 ELEVATED pairs=40136 evals=208 114s
[602581.0] P4_BASE_E2_CAP60_N2880: step 16 ELEVATED pairs=39887 evals=224 124s
[602590.2] P4_BASE_E2_CAP60_N2880: step 17 ELEVATED pairs=39640 evals=240 133s
[602599.0] P4_BASE_E2_CAP60_N2880: step 18 ELEVATED pairs=39399 evals=256 142s
[602608.4] P4_BASE_E2_CAP60_N2880: step 19 ELEVATED pairs=39175 evals=272 151s
[602617.4] P4_BASE_E2_CAP60_N2880: step 20 ELEVATED pairs=38969 evals=288 160s
[602628.9] P4_BASE_E2_CAP60_N2880: step 21 ELEVATED pairs=38811 evals=304 172s
[602638.1] P4_BASE_E2_CAP60_N2880: step 22 ELEVATED pairs=38668 evals=320 181s
[602646.7] P4_BASE_E2_CAP60_N2880: step 23 ELEVATED pairs=38466 evals=336 189s
[602654.9] P4_BASE_E2_CAP60_N2880: step 24 ELEVATED pairs=38332 evals=352 198s
[602661.9] P4_BASE_E2_CAP60_N2880: step 25 ELEVATED pairs=38108 evals=368 205s
[602670.4] P4_BASE_E2_CAP60_N2880: step 26 ELEVATED pairs=37974 evals=384 213s
[602677.4] P4_BASE_E2_CAP60_N2880: step 27 ELEVATED pairs=37771 evals=400 220s
[602684.4] P4_BASE_E2_CAP60_N2880: step 28 ELEVATED pairs=37568 evals=416 227s
[602690.4] P4_BASE_E2_CAP60_N2880: step 29 ELEVATED pairs=37338 evals=432 233s
[602696.2] P4_BASE_E2_CAP60_N2880: step 30 ELEVATED pairs=37110 evals=448 239s
[602704.3] P4_BASE_E2_CAP60_N2880: step 31 ELEVATED pairs=36910 evals=464 247s
[602710.0] P4_BASE_E2_CAP60_N2880: step 32 ELEVATED pairs=36684 evals=480 253s
[602717.4] P4_BASE_E2_CAP60_N2880: step 33 ELEVATED pairs=36466 evals=496 260s
[602724.1] P4_BASE_E2_CAP60_N2880: step 34 ELEVATED pairs=36269 evals=512 267s
[602735.8] P4_BASE_E2_CAP60_N2880: step 35 ELEVATED pairs=36073 evals=528 278s
[602744.0] P4_BASE_E2_CAP60_N2880: step 36 ELEVATED pairs=35887 evals=544 287s
[602750.7] P4_BASE_E2_CAP60_N2880: step 37 ELEVATED pairs=35774 evals=560 293s
[602758.9] P4_BASE_E2_CAP60_N2880: step 38 ELEVATED pairs=35543 evals=576 302s
[602766.4] P4_BASE_E2_CAP60_N2880: step 39 ELEVATED pairs=35343 evals=592 309s
[602774.9] P4_BASE_E2_CAP60_N2880: step 40 ELEVATED pairs=35138 evals=608 318s
[602775.1] P4_BASE_E2_CAP60_N2880: step 41 NO_CANDIDATES_GENERATED pairs=35138 evals=608 318s
[602775.2] P4_BASE_E2_CAP60_N2880: step 42 NO_CANDIDATES_GENERATED pairs=35138 evals=608 318s
[602784.1] P4_BASE_E2_CAP60_N2880: step 43 ELEVATED pairs=34935 evals=624 327s
[602793.6] P4_BASE_E2_CAP60_N2880: step 44 ELEVATED pairs=34734 evals=640 336s
[602800.0] P4_BASE_E2_CAP60_N2880: step 45 ELEVATED pairs=34539 evals=656 343s
[602809.6] P4_BASE_E2_CAP60_N2880: step 46 ELEVATED pairs=34340 evals=672 352s
[602818.7] P4_BASE_E2_CAP60_N2880: step 47 ELEVATED pairs=34143 evals=688 361s
[602826.8] P4_BASE_E2_CAP60_N2880: step 48 ELEVATED pairs=33933 evals=704 369s
[602836.2] P4_BASE_E2_CAP60_N2880: step 49 ELEVATED pairs=33738 evals=720 379s
[602843.8] P4_BASE_E2_CAP60_N2880: step 50 ELEVATED pairs=33530 evals=736 386s
[602850.6] P4_BASE_E2_CAP60_N2880: step 51 ELEVATED pairs=33326 evals=752 393s
[602860.4] P4_BASE_E2_CAP60_N2880: step 52 ELEVATED pairs=33133 evals=768 403s
[602868.3] P4_BASE_E2_CAP60_N2880: step 53 ELEVATED pairs=32926 evals=784 411s
[602878.6] P4_BASE_E2_CAP60_N2880: step 54 ELEVATED pairs=32735 evals=800 421s
[602886.7] P4_BASE_E2_CAP60_N2880: step 55 ELEVATED pairs=32530 evals=816 429s
[602897.5] P4_BASE_E2_CAP60_N2880: step 56 ELEVATED pairs=32341 evals=832 440s
[602905.7] P4_BASE_E2_CAP60_N2880: step 57 ELEVATED pairs=32137 evals=848 448s
[602918.8] P4_BASE_E2_CAP60_N2880: step 58 ELEVATED pairs=31950 evals=864 461s
[602924.5] P4_BASE_E2_CAP60_N2880: step 59 ELEVATED pairs=31792 evals=880 467s
[602933.4] P4_BASE_E2_CAP60_N2880: step 60 ELEVATED pairs=31590 evals=896 476s
[602942.2] P4_BASE_E2_CAP60_N2880: step 61 ELEVATED pairs=31389 evals=912 485s
[602950.4] P4_BASE_E2_CAP60_N2880: step 62 ELEVATED pairs=31226 evals=928 493s
[602959.9] P4_BASE_E2_CAP60_N2880: step 63 ELEVATED pairs=31027 evals=944 503s
[602969.1] P4_BASE_E2_CAP60_N2880: step 64 ELEVATED pairs=30829 evals=960 512s
[602969.3] P4_BASE_E2_CAP60_N2880: step 65 NO_CANDIDATES_GENERATED pairs=30829 evals=960 512s
[602969.4] P4_BASE_E2_CAP60_N2880: step 66 NO_CANDIDATES_GENERATED pairs=30829 evals=960 512s
[602969.6] P4_BASE_E2_CAP60_N2880: step 67 NO_CANDIDATES_GENERATED pairs=30829 evals=960 512s
[602978.0] P4_BASE_E2_CAP60_N2880: step 68 ELEVATED pairs=30633 evals=976 521s
[602985.6] P4_BASE_E2_CAP60_N2880: step 69 ELEVATED pairs=30481 evals=992 528s
[602992.9] P4_BASE_E2_CAP60_N2880: step 70 ELEVATED pairs=30367 evals=1008 535s
[603001.8] P4_BASE_E2_CAP60_N2880: step 71 ELEVATED pairs=30214 evals=1024 544s
[603007.6] P4_BASE_E2_CAP60_N2880: step 72 ELEVATED pairs=30030 evals=1033 550s
[603015.9] P4_BASE_E2_CAP60_N2880: step 73 ELEVATED pairs=29879 evals=1049 559s
[603021.8] P4_BASE_E2_CAP60_N2880: step 74 ELEVATED pairs=29697 evals=1058 564s
[603030.0] P4_BASE_E2_CAP60_N2880: step 75 ELEVATED pairs=29548 evals=1074 573s
[603035.7] P4_BASE_E2_CAP60_N2880: step 76 ELEVATED pairs=29368 evals=1083 578s
[603041.2] P4_BASE_E2_CAP60_N2880: step 77 ELEVATED pairs=29190 evals=1092 584s
[603056.6] P4_BASE_E2_CAP60_N2880: step 78 ELEVATED pairs=28961 evals=1108 599s
[603062.4] P4_BASE_E2_CAP60_N2880: step 79 ELEVATED pairs=28776 evals=1124 605s
[603067.8] P4_BASE_E2_CAP60_N2880: step 80 ELEVATED pairs=28593 evals=1140 610s
[603073.0] P4_BASE_E2_CAP60_N2880: step 81 ELEVATED pairs=28412 evals=1156 616s
[603078.1] P4_BASE_E2_CAP60_N2880: step 82 ELEVATED pairs=28233 evals=1172 621s
[603083.3] P4_BASE_E2_CAP60_N2880: step 83 ELEVATED pairs=28134 evals=1188 626s
[603090.0] P4_BASE_E2_CAP60_N2880: step 84 ELEVATED pairs=28022 evals=1204 633s
[603096.0] P4_BASE_E2_CAP60_N2880: step 85 ELEVATED pairs=27902 evals=1220 639s
[603101.3] P4_BASE_E2_CAP60_N2880: step 86 ELEVATED pairs=27782 evals=1236 644s
[603107.3] P4_BASE_E2_CAP60_N2880: step 87 ELEVATED pairs=27662 evals=1252 650s
[603112.6] P4_BASE_E2_CAP60_N2880: step 88 ELEVATED pairs=27514 evals=1268 655s
[603118.3] P4_BASE_E2_CAP60_N2880: step 89 ELEVATED pairs=27394 evals=1284 661s
[603125.0] P4_BASE_E2_CAP60_N2880: step 90 ELEVATED pairs=27248 evals=1300 668s
[603132.7] P4_BASE_E2_CAP60_N2880: step 91 ELEVATED pairs=27092 evals=1316 675s
[603140.1] P4_BASE_E2_CAP60_N2880: step 92 PREFIX_EVALUATED_NO_WINNER_DEFERRED pairs=27092 evals=1332 683s
[603147.5] P4_BASE_E2_CAP60_N2880: step 93 ELEVATED pairs=26951 evals=1348 690s
[603155.2] P4_BASE_E2_CAP60_N2880: step 94 PREFIX_EVALUATED_NO_WINNER_DEFERRED pairs=26951 evals=1364 698s
[603162.8] P4_BASE_E2_CAP60_N2880: step 95 ELEVATED pairs=26895 evals=1380 705s
[603170.6] P4_BASE_E2_CAP60_N2880: step 96 ELEVATED pairs=26781 evals=1396 713s
[603180.4] P4_BASE_E2_CAP60_N2880: step 97 ELEVATED pairs=26690 evals=1412 723s
[603190.0] P4_BASE_E2_CAP60_N2880: step 98 ELEVATED pairs=26525 evals=1428 733s
[603197.4] P4_BASE_E2_CAP60_N2880: step 99 ELEVATED pairs=26436 evals=1444 740s
[603207.1] P4_BASE_E2_CAP60_N2880: step 100 ELEVATED pairs=26273 evals=1460 750s
[603216.3] P4_BASE_E2_CAP60_N2880: step 101 ELEVATED pairs=26112 evals=1476 759s
[603222.5] P4_BASE_E2_CAP60_N2880: step 102 ELEVATED pairs=26016 evals=1492 765s
[603233.6] P4_BASE_E2_CAP60_N2880: step 103 ELEVATED pairs=25857 evals=1508 776s
[603239.8] P4_BASE_E2_CAP60_N2880: step 104 ELEVATED pairs=25803 evals=1524 782s
[603248.5] P4_BASE_E2_CAP60_N2880: step 105 ELEVATED pairs=25644 evals=1540 791s
[603257.0] P4_BASE_E2_CAP60_N2880: step 106 ELEVATED pairs=25487 evals=1556 800s
[603262.2] P4_BASE_E2_CAP60_N2880: step 107 ELEVATED pairs=25361 evals=1572 805s
[603271.1] P4_BASE_E2_CAP60_N2880: step 108 ELEVATED pairs=25207 evals=1588 814s
[603278.9] P4_BASE_E2_CAP60_N2880: step 109 ELEVATED pairs=25144 evals=1604 822s
[603285.2] P4_BASE_E2_CAP60_N2880: step 110 ELEVATED pairs=24969 evals=1620 828s
[603291.1] P4_BASE_E2_CAP60_N2880: step 111 ELEVATED pairs=24796 evals=1636 834s
[603298.7] P4_BASE_E2_CAP60_N2880: step 112 ELEVATED pairs=24735 evals=1652 841s
[603314.4] P4_BASE_E2_CAP60_N2880: step 113 ELEVATED pairs=24607 evals=1668 857s
[603330.5] P4_BASE_E2_CAP60_N2880: step 114 ELEVATED pairs=24481 evals=1684 873s
[603338.2] P4_BASE_E2_CAP60_N2880: step 115 ELEVATED pairs=24411 evals=1700 881s
[603347.8] P4_BASE_E2_CAP60_N2880: step 116 ELEVATED pairs=24317 evals=1709 890s
[603361.3] P4_BASE_E2_CAP60_N2880: step 117 ELEVATED pairs=24173 evals=1725 904s
[603368.6] P4_BASE_E2_CAP60_N2880: step 118 ELEVATED pairs=24079 evals=1741 911s
[603382.3] P4_BASE_E2_CAP60_N2880: step 119 ELEVATED pairs=23935 evals=1757 925s
[603395.8] P4_BASE_E2_CAP60_N2880: step 120 ELEVATED pairs=23791 evals=1773 938s
[603402.5] P4_BASE_E2_CAP60_N2880: step 121 ELEVATED pairs=23698 evals=1789 945s
[603415.5] P4_BASE_E2_CAP60_N2880: step 122 ELEVATED pairs=23554 evals=1805 958s
[603437.0] P4_BASE_E2_CAP60_N2880: step 123 ELEVATED pairs=23440 evals=1821 980s
[603447.9] P4_BASE_E2_CAP60_N2880: step 124 ELEVATED pairs=23259 evals=1837 990s
[603469.0] P4_BASE_E2_CAP60_N2880: step 125 ELEVATED pairs=23145 evals=1853 1012s
[603489.1] P4_BASE_E2_CAP60_N2880: step 126 ELEVATED pairs=23031 evals=1869 1032s
[603502.6] P4_BASE_E2_CAP60_N2880: step 127 ELEVATED pairs=22866 evals=1885 1045s
[603523.4] P4_BASE_E2_CAP60_N2880: step 128 ELEVATED pairs=22752 evals=1901 1066s
[603537.4] P4_BASE_E2_CAP60_N2880: step 129 ELEVATED pairs=22589 evals=1917 1080s
[603553.4] P4_BASE_E2_CAP60_N2880: step 130 ELEVATED pairs=22428 evals=1933 1096s
[603570.2] P4_BASE_E2_CAP60_N2880: step 131 ELEVATED pairs=22269 evals=1949 1113s
[603578.6] P4_BASE_E2_CAP60_N2880: step 132 ELEVATED pairs=22187 evals=1965 1121s
[603586.2] P4_BASE_E2_CAP60_N2880: step 133 ELEVATED pairs=22053 evals=1981 1129s
[603593.7] P4_BASE_E2_CAP60_N2880: step 134 ELEVATED pairs=21921 evals=1997 1136s
[603606.5] P4_BASE_E2_CAP60_N2880: step 135 ELEVATED pairs=21793 evals=2013 1149s
[603614.1] P4_BASE_E2_CAP60_N2880: step 136 ELEVATED pairs=21663 evals=2029 1157s
[603621.5] P4_BASE_E2_CAP60_N2880: step 137 ELEVATED pairs=21599 evals=2045 1164s
[603628.9] P4_BASE_E2_CAP60_N2880: step 138 ELEVATED pairs=21536 evals=2061 1172s
[603636.3] P4_BASE_E2_CAP60_N2880: step 139 ELEVATED pairs=21473 evals=2077 1179s
[603642.7] P4_BASE_E2_CAP60_N2880: step 140 ELEVATED pairs=21404 evals=2093 1185s
[603649.0] P4_BASE_E2_CAP60_N2880: step 141 ELEVATED pairs=21335 evals=2109 1192s
[603655.7] P4_BASE_E2_CAP60_N2880: step 142 ELEVATED pairs=21266 evals=2125 1198s
[603662.2] P4_BASE_E2_CAP60_N2880: step 143 ELEVATED pairs=21197 evals=2141 1205s
[603668.8] P4_BASE_E2_CAP60_N2880: step 144 PREFIX_EVALUATED_NO_WINNER_DEFERRED pairs=21197 evals=2157 1211s
[603684.4] P4_BASE_E2_CAP60_N2880: step 145 ELEVATED pairs=21078 evals=2173 1227s
[603691.3] P4_BASE_E2_CAP60_N2880: step 146 PREFIX_EVALUATED_NO_WINNER_DEFERRED pairs=21078 evals=2189 1234s
[603699.6] P4_BASE_E2_CAP60_N2880: step 147 ELEVATED pairs=21032 evals=2205 1242s
[603706.3] P4_BASE_E2_CAP60_N2880: step 148 PREFIX_EVALUATED_NO_WINNER_DEFERRED pairs=21032 evals=2221 1249s
[603714.3] P4_BASE_E2_CAP60_N2880: step 149 ELEVATED pairs=20986 evals=2237 1257s
[603721.1] P4_BASE_E2_CAP60_N2880: step 150 PREFIX_EVALUATED_NO_WINNER_DEFERRED pairs=20986 evals=2253 1264s
[603727.3] P4_BASE_E2_CAP60_N2880: step 151 ELEVATED pairs=20932 evals=2269 1270s
[603733.8] P4_BASE_E2_CAP60_N2880: step 152 PREFIX_EVALUATED_NO_WINNER_DEFERRED pairs=20932 evals=2285 1276s
[603740.2] P4_BASE_E2_CAP60_N2880: step 153 ELEVATED pairs=20865 evals=2301 1283s
[603746.7] P4_BASE_E2_CAP60_N2880: step 154 PREFIX_EVALUATED_NO_WINNER_DEFERRED pairs=20865 evals=2317 1289s
[603753.0] P4_BASE_E2_CAP60_N2880: step 155 ELEVATED pairs=20798 evals=2333 1296s
[603759.3] P4_BASE_E2_CAP60_N2880: step 156 PREFIX_EVALUATED_NO_WINNER_DEFERRED pairs=20798 evals=2349 1302s
[603765.2] P4_BASE_E2_CAP60_N2880: step 157 ELEVATED pairs=20731 evals=2365 1308s
[603771.7] P4_BASE_E2_CAP60_N2880: step 158 PREFIX_EVALUATED_NO_WINNER_DEFERRED pairs=20731 evals=2381 1314s
[603783.0] P4_BASE_E2_CAP60_N2880: step 159 ELEVATED pairs=20568 evals=2397 1326s
[603789.4] P4_BASE_E2_CAP60_N2880: step 160 PREFIX_EVALUATED_NO_WINNER_DEFERRED pairs=20568 evals=2413 1332s
[603795.4] P4_BASE_E2_CAP60_N2880: step 161 ELEVATED pairs=20508 evals=2429 1338s
[603802.0] P4_BASE_E2_CAP60_N2880: step 162 PREFIX_EVALUATED_NO_WINNER_DEFERRED pairs=20508 evals=2445 1345s
[603807.7] P4_BASE_E2_CAP60_N2880: step 163 ELEVATED pairs=20448 evals=2461 1350s
[603814.1] P4_BASE_E2_CAP60_N2880: step 164 PREFIX_EVALUATED_NO_WINNER_DEFERRED pairs=20448 evals=2477 1357s
[603825.5] P4_BASE_E2_CAP60_N2880: step 165 ELEVATED pairs=20287 evals=2493 1368s
[603832.0] P4_BASE_E2_CAP60_N2880: step 166 PREFIX_EVALUATED_NO_WINNER_DEFERRED pairs=20287 evals=2509 1375s
[603838.0] P4_BASE_E2_CAP60_N2880: step 167 ELEVATED pairs=20221 evals=2525 1381s
[603844.6] P4_BASE_E2_CAP60_N2880: step 168 PREFIX_EVALUATED_NO_WINNER_DEFERRED pairs=20221 evals=2541 1387s
[603855.8] P4_BASE_E2_CAP60_N2880: step 169 ELEVATED pairs=20062 evals=2557 1398s
[603862.4] P4_BASE_E2_CAP60_N2880: step 170 PREFIX_EVALUATED_NO_WINNER_DEFERRED pairs=20062 evals=2573 1405s
[603877.2] P4_BASE_E2_CAP60_N2880: step 171 ELEVATED pairs=19908 evals=2589 1420s
[603886.9] P4_BASE_E2_CAP60_N2880: step 172 ELEVATED pairs=19759 evals=2605 1430s
[603896.8] P4_BASE_E2_CAP60_N2880: step 173 ELEVATED pairs=19612 evals=2621 1439s
[603906.4] P4_BASE_E2_CAP60_N2880: step 174 ELEVATED pairs=19467 evals=2637 1449s
[603916.4] P4_BASE_E2_CAP60_N2880: step 175 ELEVATED pairs=19324 evals=2653 1459s
[603926.4] P4_BASE_E2_CAP60_N2880: step 176 ELEVATED pairs=19185 evals=2669 1469s
[603936.5] P4_BASE_E2_CAP60_N2880: step 177 ELEVATED pairs=19069 evals=2685 1479s
[603948.0] P4_BASE_E2_CAP60_N2880: step 178 ELEVATED pairs=18955 evals=2701 1491s
[603967.4] P4_BASE_E2_CAP60_N2880: step 179 ELEVATED pairs=18864 evals=2717 1510s
[603974.6] P4_BASE_E2_CAP60_N2880: step 180 PREFIX_EVALUATED_NO_WINNER_DEFERRED pairs=18864 evals=2733 1517s
[603993.4] P4_BASE_E2_CAP60_N2880: step 181 ELEVATED pairs=18774 evals=2749 1536s
[604000.6] P4_BASE_E2_CAP60_N2880: step 182 PREFIX_EVALUATED_NO_WINNER_DEFERRED pairs=18774 evals=2765 1543s
[604018.7] P4_BASE_E2_CAP60_N2880: step 183 ELEVATED pairs=18685 evals=2781 1561s
[604026.1] P4_BASE_E2_CAP60_N2880: step 184 PREFIX_EVALUATED_NO_WINNER_DEFERRED pairs=18685 evals=2797 1569s
[604042.9] P4_BASE_E2_CAP60_N2880: step 185 ELEVATED pairs=18596 evals=2813 1586s
[604050.4] P4_BASE_E2_CAP60_N2880: step 186 PREFIX_EVALUATED_NO_WINNER_DEFERRED pairs=18596 evals=2829 1593s
[604067.3] P4_BASE_E2_CAP60_N2880: step 187 ELEVATED pairs=18520 evals=2845 1610s
[604074.9] P4_BASE_E2_CAP60_N2880: step 188 PREFIX_EVALUATED_NO_WINNER_DEFERRED pairs=18520 evals=2861 1618s
[604091.8] P4_BASE_E2_CAP60_N2880: step 189 ELEVATED pairs=18444 evals=2877 1634s
[604093.6] P4_BASE_E2_CAP60_N2880: step 190 ABORTED_CANDIDATE_BUDGET pairs=18444 evals=2880 1636s
[604094.0] P4_BASE_E2_CAP60_N2880: done final=18444 moves=161 first=161 reloc=0 ret=0 evals=2880 stop=CANDIDATE_BUDGET_EXHAUSTED
[604166.8] P4_BASE_E2_CAP60_N2880: recheck PASS checks=130816
GROUP DONE P4_BASE_E2_CAP60_N2880 PASS
