start-state rescan (challenge) ...
  challenge PASS pairs=30999 unresolved=3 elevated=77
[600696.8] P4_A_FAMILY_CAP40_RC2880: start mode=R budget=2880 spec={"name": "P4_A_FAMILY_CAP40", "target_policy": "LEGACY", "evaluation_policy": "E2_ORDERED_K16", "traversal_policy": "BASE", "max_targets": 2000, "k_per_target": 16, "family_round_robin": true, "relocation_side_reserve": 0, "waiting_age": false, "route_coverage": false, "multi_anchor": false, "exact_dedup": false, "decision_cache": false, "return_action": false, "cache_structural_skips": false, "window_slack_mm": 1e-05, "generation_domain": "LINE_ONLY", "path_window_settings": null, "stage_length_cap_mm": 40.0, "notes": ""}
[600696.8] P4_A_FAMILY_CAP40_RC2880: start state=challenge C:\Users\lihao\Desktop\Graduation Project\OpticalWaveguideRouter3D\outputs\3d_strategy_v4\512_full_layout\N2880 pairs=30999
[600701.5] P4_A_FAMILY_CAP40_RC2880: INITIAL_DONE pairs=30999
[600701.7] P4_A_FAMILY_CAP40_RC2880: step 1 NO_CANDIDATES_GENERATED pairs=30999 evals=0 0s
[600701.8] P4_A_FAMILY_CAP40_RC2880: step 2 NO_CANDIDATES_GENERATED pairs=30999 evals=0 0s
[600701.9] P4_A_FAMILY_CAP40_RC2880: step 3 NO_CANDIDATES_GENERATED pairs=30999 evals=0 0s
[600702.0] P4_A_FAMILY_CAP40_RC2880: step 4 NO_CANDIDATES_GENERATED pairs=30999 evals=0 1s
[600702.1] P4_A_FAMILY_CAP40_RC2880: step 5 NO_CANDIDATES_GENERATED pairs=30999 evals=0 1s
[600702.2] P4_A_FAMILY_CAP40_RC2880: step 6 NO_CANDIDATES_GENERATED pairs=30999 evals=0 1s
[600709.7] P4_A_FAMILY_CAP40_RC2880: step 7 ELEVATED pairs=30804 evals=16 8s
[600717.8] P4_A_FAMILY_CAP40_RC2880: step 8 ELEVATED pairs=30610 evals=32 16s
[600728.8] P4_A_FAMILY_CAP40_RC2880: step 9 ELEVATED pairs=30437 evals=48 27s
[600740.1] P4_A_FAMILY_CAP40_RC2880: step 10 ELEVATED pairs=30266 evals=64 39s
[600740.3] P4_A_FAMILY_CAP40_RC2880: step 11 NO_CANDIDATES_GENERATED pairs=30266 evals=64 39s
[600751.6] P4_A_FAMILY_CAP40_RC2880: step 12 ELEVATED pairs=30075 evals=80 50s
[600764.3] P4_A_FAMILY_CAP40_RC2880: step 13 ELEVATED pairs=29886 evals=96 63s
[600779.2] P4_A_FAMILY_CAP40_RC2880: step 14 ELEVATED pairs=29699 evals=112 78s
[600792.6] P4_A_FAMILY_CAP40_RC2880: step 15 ELEVATED pairs=29500 evals=128 91s
[600808.4] P4_A_FAMILY_CAP40_RC2880: step 16 ELEVATED pairs=29315 evals=144 107s
[600822.5] P4_A_FAMILY_CAP40_RC2880: step 17 ELEVATED pairs=29118 evals=160 121s
[600835.4] P4_A_FAMILY_CAP40_RC2880: step 18 ELEVATED pairs=28923 evals=176 134s
[600850.1] P4_A_FAMILY_CAP40_RC2880: step 19 ELEVATED pairs=28748 evals=192 149s
[600865.6] P4_A_FAMILY_CAP40_RC2880: step 20 ELEVATED pairs=28575 evals=208 164s
[600877.0] P4_A_FAMILY_CAP40_RC2880: step 21 ELEVATED pairs=28386 evals=224 175s
[600887.7] P4_A_FAMILY_CAP40_RC2880: step 22 ELEVATED pairs=28255 evals=240 186s
[600898.3] P4_A_FAMILY_CAP40_RC2880: step 23 ELEVATED pairs=28068 evals=256 197s
[600912.2] P4_A_FAMILY_CAP40_RC2880: step 24 ELEVATED pairs=27906 evals=272 211s
[600923.1] P4_A_FAMILY_CAP40_RC2880: step 25 ELEVATED pairs=27721 evals=288 222s
[600934.2] P4_A_FAMILY_CAP40_RC2880: step 26 ELEVATED pairs=27538 evals=304 233s
[600945.2] P4_A_FAMILY_CAP40_RC2880: step 27 ELEVATED pairs=27361 evals=320 244s
[600950.7] P4_A_FAMILY_CAP40_RC2880: step 28 ELEVATED pairs=27189 evals=329 249s
[600962.0] P4_A_FAMILY_CAP40_RC2880: step 29 ELEVATED pairs=27013 evals=345 260s
[600967.6] P4_A_FAMILY_CAP40_RC2880: step 30 ELEVATED pairs=26843 evals=354 266s
[600980.2] P4_A_FAMILY_CAP40_RC2880: step 31 ELEVATED pairs=26670 evals=370 279s
[600986.3] P4_A_FAMILY_CAP40_RC2880: step 32 ELEVATED pairs=26502 evals=379 285s
[600999.1] P4_A_FAMILY_CAP40_RC2880: step 33 ELEVATED pairs=26331 evals=395 298s
[600999.4] P4_A_FAMILY_CAP40_RC2880: step 34 NO_CANDIDATES_GENERATED pairs=26331 evals=395 298s
[601005.3] P4_A_FAMILY_CAP40_RC2880: step 35 ELEVATED pairs=26165 evals=404 304s
[601017.8] P4_A_FAMILY_CAP40_RC2880: step 36 ELEVATED pairs=25996 evals=420 316s
[601030.6] P4_A_FAMILY_CAP40_RC2880: step 37 ELEVATED pairs=25829 evals=436 329s
[601043.6] P4_A_FAMILY_CAP40_RC2880: step 38 ELEVATED pairs=25664 evals=452 342s
[601057.0] P4_A_FAMILY_CAP40_RC2880: step 39 ELEVATED pairs=25501 evals=468 356s
[601064.1] P4_A_FAMILY_CAP40_RC2880: step 40 ELEVATED pairs=25346 evals=484 363s
[601077.3] P4_A_FAMILY_CAP40_RC2880: step 41 ELEVATED pairs=25184 evals=500 376s
[601088.5] P4_A_FAMILY_CAP40_RC2880: step 42 ELEVATED pairs=25045 evals=516 387s
[601101.9] P4_A_FAMILY_CAP40_RC2880: step 43 ELEVATED pairs=24886 evals=532 400s
[601111.8] P4_A_FAMILY_CAP40_RC2880: step 44 ELEVATED pairs=24749 evals=548 410s
[601119.6] P4_A_FAMILY_CAP40_RC2880: step 45 ELEVATED pairs=24585 evals=564 418s
[601134.2] P4_A_FAMILY_CAP40_RC2880: step 46 ELEVATED pairs=24424 evals=580 433s
[601149.2] P4_A_FAMILY_CAP40_RC2880: step 47 ELEVATED pairs=24265 evals=596 448s
[601162.6] P4_A_FAMILY_CAP40_RC2880: step 48 ELEVATED pairs=24233 evals=612 461s
[601179.2] P4_A_FAMILY_CAP40_RC2880: step 49 ELEVATED pairs=24076 evals=628 478s
[601195.2] P4_A_FAMILY_CAP40_RC2880: step 50 ELEVATED pairs=23921 evals=644 494s
[601207.3] P4_A_FAMILY_CAP40_RC2880: step 51 ELEVATED pairs=23789 evals=660 506s
[601219.1] P4_A_FAMILY_CAP40_RC2880: step 52 ELEVATED pairs=23657 evals=676 518s
[601233.0] P4_A_FAMILY_CAP40_RC2880: step 53 ELEVATED pairs=23503 evals=692 531s
[601244.1] P4_A_FAMILY_CAP40_RC2880: step 54 ELEVATED pairs=23364 evals=708 543s
[601258.3] P4_A_FAMILY_CAP40_RC2880: step 55 ELEVATED pairs=23212 evals=724 557s
[601269.2] P4_A_FAMILY_CAP40_RC2880: step 56 ELEVATED pairs=23073 evals=740 568s
[601281.0] P4_A_FAMILY_CAP40_RC2880: step 57 ELEVATED pairs=22926 evals=756 580s
[601295.2] P4_A_FAMILY_CAP40_RC2880: step 58 ELEVATED pairs=22776 evals=772 594s
[601306.6] P4_A_FAMILY_CAP40_RC2880: step 59 ELEVATED pairs=22629 evals=788 605s
[601317.9] P4_A_FAMILY_CAP40_RC2880: step 60 ELEVATED pairs=22482 evals=804 616s
[601323.9] P4_A_FAMILY_CAP40_RC2880: step 61 ELEVATED pairs=22353 evals=820 622s
[601334.0] P4_A_FAMILY_CAP40_RC2880: step 62 ELEVATED pairs=22254 evals=829 632s
[601344.0] P4_A_FAMILY_CAP40_RC2880: step 63 ELEVATED pairs=22137 evals=845 643s
[601357.8] P4_A_FAMILY_CAP40_RC2880: step 64 ELEVATED pairs=22033 evals=861 656s
[601369.1] P4_A_FAMILY_CAP40_RC2880: step 65 ELEVATED pairs=21939 evals=877 668s
[601378.3] P4_A_FAMILY_CAP40_RC2880: step 66 ELEVATED pairs=21795 evals=893 677s
[601391.8] P4_A_FAMILY_CAP40_RC2880: step 67 ELEVATED pairs=21694 evals=909 690s
[601400.9] P4_A_FAMILY_CAP40_RC2880: step 68 ELEVATED pairs=21552 evals=925 699s
[601420.2] P4_A_FAMILY_CAP40_RC2880: step 69 ELEVATED pairs=21420 evals=941 719s
[601429.6] P4_A_FAMILY_CAP40_RC2880: step 70 ELEVATED pairs=21280 evals=957 728s
[601441.5] P4_A_FAMILY_CAP40_RC2880: step 71 ELEVATED pairs=21136 evals=973 740s
[601453.0] P4_A_FAMILY_CAP40_RC2880: step 72 ELEVATED pairs=20994 evals=989 752s
[601475.9] P4_A_FAMILY_CAP40_RC2880: step 73 ELEVATED pairs=20877 evals=1005 774s
[601486.8] P4_A_FAMILY_CAP40_RC2880: step 74 ELEVATED pairs=20737 evals=1021 785s
[601508.6] P4_A_FAMILY_CAP40_RC2880: step 75 ELEVATED pairs=20637 evals=1037 807s
[601531.0] P4_A_FAMILY_CAP40_RC2880: step 76 ELEVATED pairs=20527 evals=1053 830s
[601542.6] P4_A_FAMILY_CAP40_RC2880: step 77 ELEVATED pairs=20425 evals=1069 841s
[601565.3] P4_A_FAMILY_CAP40_RC2880: step 78 ELEVATED pairs=20315 evals=1085 864s
[601573.7] P4_A_FAMILY_CAP40_RC2880: step 79 ELEVATED pairs=20221 evals=1101 872s
[601584.7] P4_A_FAMILY_CAP40_RC2880: step 80 ELEVATED pairs=20119 evals=1117 883s
[601595.5] P4_A_FAMILY_CAP40_RC2880: step 81 ELEVATED pairs=19992 evals=1133 894s
[601606.3] P4_A_FAMILY_CAP40_RC2880: step 82 ELEVATED pairs=19892 evals=1149 905s
[601617.2] P4_A_FAMILY_CAP40_RC2880: step 83 ELEVATED pairs=19795 evals=1165 916s
[601625.7] P4_A_FAMILY_CAP40_RC2880: step 84 ELEVATED pairs=19673 evals=1181 924s
[601628.4] P4_A_FAMILY_CAP40_RC2880: step 85 PREFIX_EVALUATED_NO_WINNER_DEFERRED pairs=19673 evals=1197 927s
[601631.1] P4_A_FAMILY_CAP40_RC2880: step 86 PREFIX_EVALUATED_NO_WINNER_DEFERRED pairs=19673 evals=1213 930s
[601633.8] P4_A_FAMILY_CAP40_RC2880: step 87 PREFIX_EVALUATED_NO_WINNER_DEFERRED pairs=19673 evals=1229 932s
[601636.4] P4_A_FAMILY_CAP40_RC2880: step 88 PREFIX_EVALUATED_NO_WINNER_DEFERRED pairs=19673 evals=1245 935s
[601640.1] P4_A_FAMILY_CAP40_RC2880: step 89 PREFIX_EVALUATED_NO_WINNER_DEFERRED pairs=19673 evals=1261 939s
[601643.8] P4_A_FAMILY_CAP40_RC2880: step 90 PREFIX_EVALUATED_NO_WINNER_DEFERRED pairs=19673 evals=1277 942s
[601647.2] P4_A_FAMILY_CAP40_RC2880: step 91 PREFIX_EVALUATED_NO_WINNER_DEFERRED pairs=19673 evals=1293 946s
[601650.7] P4_A_FAMILY_CAP40_RC2880: step 92 PREFIX_EVALUATED_NO_WINNER_DEFERRED pairs=19673 evals=1309 949s
[601654.2] P4_A_FAMILY_CAP40_RC2880: step 93 PREFIX_EVALUATED_NO_WINNER_DEFERRED pairs=19673 evals=1325 953s
[601657.7] P4_A_FAMILY_CAP40_RC2880: step 94 PREFIX_EVALUATED_NO_WINNER_DEFERRED pairs=19673 evals=1341 956s
[601661.1] P4_A_FAMILY_CAP40_RC2880: step 95 PREFIX_EVALUATED_NO_WINNER_DEFERRED pairs=19673 evals=1357 960s
[601664.6] P4_A_FAMILY_CAP40_RC2880: step 96 PREFIX_EVALUATED_NO_WINNER_DEFERRED pairs=19673 evals=1373 963s
[601667.6] P4_A_FAMILY_CAP40_RC2880: step 97 PREFIX_EVALUATED_NO_WINNER_DEFERRED pairs=19673 evals=1389 966s
[601670.7] P4_A_FAMILY_CAP40_RC2880: step 98 PREFIX_EVALUATED_NO_WINNER_DEFERRED pairs=19673 evals=1405 969s
[601673.6] P4_A_FAMILY_CAP40_RC2880: step 99 PREFIX_EVALUATED_NO_WINNER_DEFERRED pairs=19673 evals=1421 972s
[601676.7] P4_A_FAMILY_CAP40_RC2880: step 100 PREFIX_EVALUATED_NO_WINNER_DEFERRED pairs=19673 evals=1437 975s
[601679.8] P4_A_FAMILY_CAP40_RC2880: step 101 PREFIX_EVALUATED_NO_WINNER_DEFERRED pairs=19673 evals=1453 978s
[601683.1] P4_A_FAMILY_CAP40_RC2880: step 102 PREFIX_EVALUATED_NO_WINNER_DEFERRED pairs=19673 evals=1469 982s
[601686.4] P4_A_FAMILY_CAP40_RC2880: step 103 PREFIX_EVALUATED_NO_WINNER_DEFERRED pairs=19673 evals=1485 985s
[601690.0] P4_A_FAMILY_CAP40_RC2880: step 104 PREFIX_EVALUATED_NO_WINNER_DEFERRED pairs=19673 evals=1501 989s
[601692.7] P4_A_FAMILY_CAP40_RC2880: step 105 PREFIX_EVALUATED_NO_WINNER_DEFERRED pairs=19673 evals=1517 991s
[601695.2] P4_A_FAMILY_CAP40_RC2880: step 106 PREFIX_EVALUATED_NO_WINNER_DEFERRED pairs=19673 evals=1533 994s
[601697.6] P4_A_FAMILY_CAP40_RC2880: step 107 PREFIX_EVALUATED_NO_WINNER_DEFERRED pairs=19673 evals=1549 996s
[601699.9] P4_A_FAMILY_CAP40_RC2880: step 108 PREFIX_EVALUATED_NO_WINNER_DEFERRED pairs=19673 evals=1565 998s
[601700.1] P4_A_FAMILY_CAP40_RC2880: step 109 NO_CANDIDATES_GENERATED pairs=19673 evals=1565 999s
[601702.0] P4_A_FAMILY_CAP40_RC2880: step 110 ALL_CANDIDATES_REJECTED pairs=19673 evals=1574 1001s
[601703.7] P4_A_FAMILY_CAP40_RC2880: step 111 ALL_CANDIDATES_REJECTED pairs=19673 evals=1583 1002s
[601705.5] P4_A_FAMILY_CAP40_RC2880: step 112 ALL_CANDIDATES_REJECTED pairs=19673 evals=1592 1004s
[601707.8] P4_A_FAMILY_CAP40_RC2880: step 113 PREFIX_EVALUATED_NO_WINNER_DEFERRED pairs=19673 evals=1608 1006s
[601709.9] P4_A_FAMILY_CAP40_RC2880: step 114 PREFIX_EVALUATED_NO_WINNER_DEFERRED pairs=19673 evals=1624 1008s
[601712.1] P4_A_FAMILY_CAP40_RC2880: step 115 PREFIX_EVALUATED_NO_WINNER_DEFERRED pairs=19673 evals=1640 1011s
[601714.4] P4_A_FAMILY_CAP40_RC2880: step 116 PREFIX_EVALUATED_NO_WINNER_DEFERRED pairs=19673 evals=1656 1013s
[601716.9] P4_A_FAMILY_CAP40_RC2880: step 117 PREFIX_EVALUATED_NO_WINNER_DEFERRED pairs=19673 evals=1672 1015s
[601719.4] P4_A_FAMILY_CAP40_RC2880: step 118 PREFIX_EVALUATED_NO_WINNER_DEFERRED pairs=19673 evals=1688 1018s
[601722.0] P4_A_FAMILY_CAP40_RC2880: step 119 PREFIX_EVALUATED_NO_WINNER_DEFERRED pairs=19673 evals=1704 1021s
[601724.6] P4_A_FAMILY_CAP40_RC2880: step 120 PREFIX_EVALUATED_NO_WINNER_DEFERRED pairs=19673 evals=1720 1023s
[601727.2] P4_A_FAMILY_CAP40_RC2880: step 121 PREFIX_EVALUATED_NO_WINNER_DEFERRED pairs=19673 evals=1736 1026s
[601729.8] P4_A_FAMILY_CAP40_RC2880: step 122 PREFIX_EVALUATED_NO_WINNER_DEFERRED pairs=19673 evals=1752 1028s
[601732.3] P4_A_FAMILY_CAP40_RC2880: step 123 PREFIX_EVALUATED_NO_WINNER_DEFERRED pairs=19673 evals=1768 1031s
[601734.7] P4_A_FAMILY_CAP40_RC2880: step 124 PREFIX_EVALUATED_NO_WINNER_DEFERRED pairs=19673 evals=1784 1033s
[601737.2] P4_A_FAMILY_CAP40_RC2880: step 125 PREFIX_EVALUATED_NO_WINNER_DEFERRED pairs=19673 evals=1800 1036s
[601739.6] P4_A_FAMILY_CAP40_RC2880: step 126 PREFIX_EVALUATED_NO_WINNER_DEFERRED pairs=19673 evals=1816 1038s
[601742.1] P4_A_FAMILY_CAP40_RC2880: step 127 PREFIX_EVALUATED_NO_WINNER_DEFERRED pairs=19673 evals=1832 1041s
[601744.6] P4_A_FAMILY_CAP40_RC2880: step 128 PREFIX_EVALUATED_NO_WINNER_DEFERRED pairs=19673 evals=1848 1043s
[601747.5] P4_A_FAMILY_CAP40_RC2880: step 129 PREFIX_EVALUATED_NO_WINNER_DEFERRED pairs=19673 evals=1864 1046s
[601750.2] P4_A_FAMILY_CAP40_RC2880: step 130 PREFIX_EVALUATED_NO_WINNER_DEFERRED pairs=19673 evals=1880 1049s
[601753.1] P4_A_FAMILY_CAP40_RC2880: step 131 PREFIX_EVALUATED_NO_WINNER_DEFERRED pairs=19673 evals=1896 1052s
[601756.0] P4_A_FAMILY_CAP40_RC2880: step 132 PREFIX_EVALUATED_NO_WINNER_DEFERRED pairs=19673 evals=1912 1055s
[601758.6] P4_A_FAMILY_CAP40_RC2880: step 133 PREFIX_EVALUATED_NO_WINNER_DEFERRED pairs=19673 evals=1928 1057s
[601761.1] P4_A_FAMILY_CAP40_RC2880: step 134 PREFIX_EVALUATED_NO_WINNER_DEFERRED pairs=19673 evals=1944 1060s
[601762.8] P4_A_FAMILY_CAP40_RC2880: step 135 ALL_CANDIDATES_REJECTED pairs=19673 evals=1953 1061s
[601764.5] P4_A_FAMILY_CAP40_RC2880: step 136 ALL_CANDIDATES_REJECTED pairs=19673 evals=1962 1063s
[601766.2] P4_A_FAMILY_CAP40_RC2880: step 137 ALL_CANDIDATES_REJECTED pairs=19673 evals=1971 1065s
[601767.8] P4_A_FAMILY_CAP40_RC2880: step 138 ALL_CANDIDATES_REJECTED pairs=19673 evals=1980 1066s
[601770.6] P4_A_FAMILY_CAP40_RC2880: step 139 PREFIX_EVALUATED_NO_WINNER_DEFERRED pairs=19673 evals=1996 1069s
[601773.3] P4_A_FAMILY_CAP40_RC2880: step 140 PREFIX_EVALUATED_NO_WINNER_DEFERRED pairs=19673 evals=2012 1072s
[601776.0] P4_A_FAMILY_CAP40_RC2880: step 141 PREFIX_EVALUATED_NO_WINNER_DEFERRED pairs=19673 evals=2028 1075s
[601778.7] P4_A_FAMILY_CAP40_RC2880: step 142 PREFIX_EVALUATED_NO_WINNER_DEFERRED pairs=19673 evals=2044 1077s
[601781.4] P4_A_FAMILY_CAP40_RC2880: step 143 PREFIX_EVALUATED_NO_WINNER_DEFERRED pairs=19673 evals=2060 1080s
[601784.3] P4_A_FAMILY_CAP40_RC2880: step 144 PREFIX_EVALUATED_NO_WINNER_DEFERRED pairs=19673 evals=2076 1083s
[601787.0] P4_A_FAMILY_CAP40_RC2880: step 145 PREFIX_EVALUATED_NO_WINNER_DEFERRED pairs=19673 evals=2092 1086s
[601789.9] P4_A_FAMILY_CAP40_RC2880: step 146 PREFIX_EVALUATED_NO_WINNER_DEFERRED pairs=19673 evals=2108 1088s
[601791.5] P4_A_FAMILY_CAP40_RC2880: step 147 ALL_CANDIDATES_REJECTED pairs=19673 evals=2117 1090s
[601793.0] P4_A_FAMILY_CAP40_RC2880: step 148 ALL_CANDIDATES_REJECTED pairs=19673 evals=2126 1092s
[601794.7] P4_A_FAMILY_CAP40_RC2880: step 149 ALL_CANDIDATES_REJECTED pairs=19673 evals=2135 1093s
[601796.3] P4_A_FAMILY_CAP40_RC2880: step 150 ALL_CANDIDATES_REJECTED pairs=19673 evals=2144 1095s
[601798.7] P4_A_FAMILY_CAP40_RC2880: step 151 PREFIX_EVALUATED_NO_WINNER_DEFERRED pairs=19673 evals=2160 1097s
[601801.1] P4_A_FAMILY_CAP40_RC2880: step 152 PREFIX_EVALUATED_NO_WINNER_DEFERRED pairs=19673 evals=2176 1100s
[601803.5] P4_A_FAMILY_CAP40_RC2880: step 153 PREFIX_EVALUATED_NO_WINNER_DEFERRED pairs=19673 evals=2192 1102s
[601805.9] P4_A_FAMILY_CAP40_RC2880: step 154 PREFIX_EVALUATED_NO_WINNER_DEFERRED pairs=19673 evals=2208 1104s
[601808.5] P4_A_FAMILY_CAP40_RC2880: step 155 PREFIX_EVALUATED_NO_WINNER_DEFERRED pairs=19673 evals=2224 1107s
[601810.9] P4_A_FAMILY_CAP40_RC2880: step 156 PREFIX_EVALUATED_NO_WINNER_DEFERRED pairs=19673 evals=2240 1109s
[601813.5] P4_A_FAMILY_CAP40_RC2880: step 157 PREFIX_EVALUATED_NO_WINNER_DEFERRED pairs=19673 evals=2256 1112s
[601815.9] P4_A_FAMILY_CAP40_RC2880: step 158 PREFIX_EVALUATED_NO_WINNER_DEFERRED pairs=19673 evals=2272 1114s
[601816.1] P4_A_FAMILY_CAP40_RC2880: step 159 NO_CANDIDATES_GENERATED pairs=19673 evals=2272 1115s
[601816.2] P4_A_FAMILY_CAP40_RC2880: step 160 NO_CANDIDATES_GENERATED pairs=19673 evals=2272 1115s
[601816.4] P4_A_FAMILY_CAP40_RC2880: step 161 NO_CANDIDATES_GENERATED pairs=19673 evals=2272 1115s
[601816.6] P4_A_FAMILY_CAP40_RC2880: step 162 NO_CANDIDATES_GENERATED pairs=19673 evals=2272 1115s
[601816.8] P4_A_FAMILY_CAP40_RC2880: step 163 NO_CANDIDATES_GENERATED pairs=19673 evals=2272 1115s
[601817.0] P4_A_FAMILY_CAP40_RC2880: step 164 NO_CANDIDATES_GENERATED pairs=19673 evals=2272 1115s
[601817.1] P4_A_FAMILY_CAP40_RC2880: step 165 NO_CANDIDATES_GENERATED pairs=19673 evals=2272 1116s
[601817.3] P4_A_FAMILY_CAP40_RC2880: step 166 NO_CANDIDATES_GENERATED pairs=19673 evals=2272 1116s
[601819.7] P4_A_FAMILY_CAP40_RC2880: step 167 PREFIX_EVALUATED_NO_WINNER_DEFERRED pairs=19673 evals=2288 1118s
[601822.0] P4_A_FAMILY_CAP40_RC2880: step 168 PREFIX_EVALUATED_NO_WINNER_DEFERRED pairs=19673 evals=2304 1121s
[601824.3] P4_A_FAMILY_CAP40_RC2880: step 169 PREFIX_EVALUATED_NO_WINNER_DEFERRED pairs=19673 evals=2320 1123s
[601826.7] P4_A_FAMILY_CAP40_RC2880: step 170 PREFIX_EVALUATED_NO_WINNER_DEFERRED pairs=19673 evals=2336 1125s
[601829.0] P4_A_FAMILY_CAP40_RC2880: step 171 PREFIX_EVALUATED_NO_WINNER_DEFERRED pairs=19673 evals=2352 1128s
[601831.4] P4_A_FAMILY_CAP40_RC2880: step 172 PREFIX_EVALUATED_NO_WINNER_DEFERRED pairs=19673 evals=2368 1130s
[601833.7] P4_A_FAMILY_CAP40_RC2880: step 173 PREFIX_EVALUATED_NO_WINNER_DEFERRED pairs=19673 evals=2384 1132s
[601836.2] P4_A_FAMILY_CAP40_RC2880: step 174 PREFIX_EVALUATED_NO_WINNER_DEFERRED pairs=19673 evals=2400 1135s
[601838.5] P4_A_FAMILY_CAP40_RC2880: step 175 PREFIX_EVALUATED_NO_WINNER_DEFERRED pairs=19673 evals=2416 1137s
[601840.9] P4_A_FAMILY_CAP40_RC2880: step 176 PREFIX_EVALUATED_NO_WINNER_DEFERRED pairs=19673 evals=2432 1139s
[601843.4] P4_A_FAMILY_CAP40_RC2880: step 177 PREFIX_EVALUATED_NO_WINNER_DEFERRED pairs=19673 evals=2448 1142s
[601845.8] P4_A_FAMILY_CAP40_RC2880: step 178 PREFIX_EVALUATED_NO_WINNER_DEFERRED pairs=19673 evals=2464 1144s
[601846.0] P4_A_FAMILY_CAP40_RC2880: step 179 NO_CANDIDATES_GENERATED pairs=19673 evals=2464 1145s
[601846.2] P4_A_FAMILY_CAP40_RC2880: step 180 NO_CANDIDATES_GENERATED pairs=19673 evals=2464 1145s
[601846.4] P4_A_FAMILY_CAP40_RC2880: step 181 NO_CANDIDATES_GENERATED pairs=19673 evals=2464 1145s
[601846.6] P4_A_FAMILY_CAP40_RC2880: step 182 NO_CANDIDATES_GENERATED pairs=19673 evals=2464 1145s
[601846.8] P4_A_FAMILY_CAP40_RC2880: step 183 NO_CANDIDATES_GENERATED pairs=19673 evals=2464 1145s
[601847.0] P4_A_FAMILY_CAP40_RC2880: step 184 NO_CANDIDATES_GENERATED pairs=19673 evals=2464 1145s
[601847.2] P4_A_FAMILY_CAP40_RC2880: step 185 NO_CANDIDATES_GENERATED pairs=19673 evals=2464 1146s
[601847.4] P4_A_FAMILY_CAP40_RC2880: step 186 NO_CANDIDATES_GENERATED pairs=19673 evals=2464 1146s
[601849.7] P4_A_FAMILY_CAP40_RC2880: step 187 PREFIX_EVALUATED_NO_WINNER_DEFERRED pairs=19673 evals=2480 1148s
[601852.1] P4_A_FAMILY_CAP40_RC2880: step 188 PREFIX_EVALUATED_NO_WINNER_DEFERRED pairs=19673 evals=2496 1151s
[601854.5] P4_A_FAMILY_CAP40_RC2880: step 189 PREFIX_EVALUATED_NO_WINNER_DEFERRED pairs=19673 evals=2512 1153s
[601856.9] P4_A_FAMILY_CAP40_RC2880: step 190 PREFIX_EVALUATED_NO_WINNER_DEFERRED pairs=19673 evals=2528 1155s
[601859.4] P4_A_FAMILY_CAP40_RC2880: step 191 PREFIX_EVALUATED_NO_WINNER_DEFERRED pairs=19673 evals=2544 1158s
[601861.8] P4_A_FAMILY_CAP40_RC2880: step 192 PREFIX_EVALUATED_NO_WINNER_DEFERRED pairs=19673 evals=2560 1160s
[601864.2] P4_A_FAMILY_CAP40_RC2880: step 193 PREFIX_EVALUATED_NO_WINNER_DEFERRED pairs=19673 evals=2576 1163s
[601866.7] P4_A_FAMILY_CAP40_RC2880: step 194 PREFIX_EVALUATED_NO_WINNER_DEFERRED pairs=19673 evals=2592 1165s
[601869.1] P4_A_FAMILY_CAP40_RC2880: step 195 PREFIX_EVALUATED_NO_WINNER_DEFERRED pairs=19673 evals=2608 1168s
[601871.5] P4_A_FAMILY_CAP40_RC2880: step 196 PREFIX_EVALUATED_NO_WINNER_DEFERRED pairs=19673 evals=2624 1170s
[601873.9] P4_A_FAMILY_CAP40_RC2880: step 197 PREFIX_EVALUATED_NO_WINNER_DEFERRED pairs=19673 evals=2640 1172s
[601876.4] P4_A_FAMILY_CAP40_RC2880: step 198 PREFIX_EVALUATED_NO_WINNER_DEFERRED pairs=19673 evals=2656 1175s
[601878.8] P4_A_FAMILY_CAP40_RC2880: step 199 PREFIX_EVALUATED_NO_WINNER_DEFERRED pairs=19673 evals=2672 1177s
[601881.2] P4_A_FAMILY_CAP40_RC2880: step 200 PREFIX_EVALUATED_NO_WINNER_DEFERRED pairs=19673 evals=2688 1180s
[601881.3] P4_A_FAMILY_CAP40_RC2880: step 201 NO_CANDIDATES_GENERATED pairs=19673 evals=2688 1180s
[601881.5] P4_A_FAMILY_CAP40_RC2880: step 202 NO_CANDIDATES_GENERATED pairs=19673 evals=2688 1180s
[601881.7] P4_A_FAMILY_CAP40_RC2880: step 203 NO_CANDIDATES_GENERATED pairs=19673 evals=2688 1180s
[601881.9] P4_A_FAMILY_CAP40_RC2880: step 204 NO_CANDIDATES_GENERATED pairs=19673 evals=2688 1180s
[601882.0] P4_A_FAMILY_CAP40_RC2880: step 205 NO_CANDIDATES_GENERATED pairs=19673 evals=2688 1181s
[601882.2] P4_A_FAMILY_CAP40_RC2880: step 206 NO_CANDIDATES_GENERATED pairs=19673 evals=2688 1181s
[601882.4] P4_A_FAMILY_CAP40_RC2880: step 207 NO_CANDIDATES_GENERATED pairs=19673 evals=2688 1181s
[601882.6] P4_A_FAMILY_CAP40_RC2880: step 208 NO_CANDIDATES_GENERATED pairs=19673 evals=2688 1181s
[601882.8] P4_A_FAMILY_CAP40_RC2880: step 209 NO_CANDIDATES_GENERATED pairs=19673 evals=2688 1181s
[601882.9] P4_A_FAMILY_CAP40_RC2880: step 210 NO_CANDIDATES_GENERATED pairs=19673 evals=2688 1181s
[601883.1] P4_A_FAMILY_CAP40_RC2880: step 211 NO_CANDIDATES_GENERATED pairs=19673 evals=2688 1182s
[601883.3] P4_A_FAMILY_CAP40_RC2880: step 212 NO_CANDIDATES_GENERATED pairs=19673 evals=2688 1182s
[601883.4] P4_A_FAMILY_CAP40_RC2880: step 213 NO_CANDIDATES_GENERATED pairs=19673 evals=2688 1182s
[601883.6] P4_A_FAMILY_CAP40_RC2880: step 214 NO_CANDIDATES_GENERATED pairs=19673 evals=2688 1182s
[601883.8] P4_A_FAMILY_CAP40_RC2880: step 215 NO_CANDIDATES_GENERATED pairs=19673 evals=2688 1182s
[601884.0] P4_A_FAMILY_CAP40_RC2880: step 216 NO_CANDIDATES_GENERATED pairs=19673 evals=2688 1183s
[601886.3] P4_A_FAMILY_CAP40_RC2880: step 217 PREFIX_EVALUATED_NO_WINNER_DEFERRED pairs=19673 evals=2704 1185s
[601888.7] P4_A_FAMILY_CAP40_RC2880: step 218 PREFIX_EVALUATED_NO_WINNER_DEFERRED pairs=19673 evals=2720 1187s
[601891.0] P4_A_FAMILY_CAP40_RC2880: step 219 PREFIX_EVALUATED_NO_WINNER_DEFERRED pairs=19673 evals=2736 1189s
[601893.2] P4_A_FAMILY_CAP40_RC2880: step 220 PREFIX_EVALUATED_NO_WINNER_DEFERRED pairs=19673 evals=2752 1192s
[601895.5] P4_A_FAMILY_CAP40_RC2880: step 221 PREFIX_EVALUATED_NO_WINNER_DEFERRED pairs=19673 evals=2768 1194s
[601897.9] P4_A_FAMILY_CAP40_RC2880: step 222 PREFIX_EVALUATED_NO_WINNER_DEFERRED pairs=19673 evals=2784 1196s
[601900.2] P4_A_FAMILY_CAP40_RC2880: step 223 PREFIX_EVALUATED_NO_WINNER_DEFERRED pairs=19673 evals=2800 1199s
[601902.5] P4_A_FAMILY_CAP40_RC2880: step 224 PREFIX_EVALUATED_NO_WINNER_DEFERRED pairs=19673 evals=2816 1201s
[601904.9] P4_A_FAMILY_CAP40_RC2880: step 225 PREFIX_EVALUATED_NO_WINNER_DEFERRED pairs=19673 evals=2832 1203s
[601907.2] P4_A_FAMILY_CAP40_RC2880: step 226 PREFIX_EVALUATED_NO_WINNER_DEFERRED pairs=19673 evals=2848 1206s
[601909.5] P4_A_FAMILY_CAP40_RC2880: step 227 PREFIX_EVALUATED_NO_WINNER_DEFERRED pairs=19673 evals=2864 1208s
[601911.8] P4_A_FAMILY_CAP40_RC2880: step 228 PREFIX_EVALUATED_NO_WINNER_DEFERRED pairs=19673 evals=2880 1210s
[601912.1] P4_A_FAMILY_CAP40_RC2880: step 229 ABORTED_CANDIDATE_BUDGET pairs=19673 evals=2880 1211s
[601912.6] P4_A_FAMILY_CAP40_RC2880: done final=19673 moves=76 first=76 reloc=0 ret=0 evals=2880 stop=CANDIDATE_BUDGET_EXHAUSTED
[601981.2] P4_A_FAMILY_CAP40_RC2880: recheck PASS checks=130816
GROUP DONE P4_A_FAMILY_CAP40_RC2880 PASS
