start-state rescan (challenge) ...
  challenge PASS pairs=30999 unresolved=3 elevated=77
[599033.3] P4_BASE_E2_CAP24_NC2880: start mode=N budget=2880 spec={"name": "P4_BASE_E2_CAP24", "target_policy": "LEGACY", "evaluation_policy": "E2_ORDERED_K16", "traversal_policy": "BASE", "max_targets": 2000, "k_per_target": 16, "family_round_robin": false, "relocation_side_reserve": 0, "waiting_age": false, "route_coverage": false, "multi_anchor": false, "exact_dedup": false, "decision_cache": false, "return_action": false, "cache_structural_skips": false, "window_slack_mm": 1e-05, "generation_domain": "LINE_ONLY", "path_window_settings": null, "stage_length_cap_mm": 24.0, "notes": ""}
[599033.3] P4_BASE_E2_CAP24_NC2880: start state=challenge C:\Users\lihao\Desktop\Graduation Project\OpticalWaveguideRouter3D\outputs\3d_strategy_v4\512_full_layout\N2880 pairs=30999
[599038.3] P4_BASE_E2_CAP24_NC2880: INITIAL_DONE pairs=30999
[599038.4] P4_BASE_E2_CAP24_NC2880: step 1 NO_CANDIDATES_GENERATED pairs=30999 evals=0 0s
[599038.5] P4_BASE_E2_CAP24_NC2880: step 2 NO_CANDIDATES_GENERATED pairs=30999 evals=0 0s
[599038.6] P4_BASE_E2_CAP24_NC2880: step 3 NO_CANDIDATES_GENERATED pairs=30999 evals=0 0s
[599038.7] P4_BASE_E2_CAP24_NC2880: step 4 NO_CANDIDATES_GENERATED pairs=30999 evals=0 0s
[599038.8] P4_BASE_E2_CAP24_NC2880: step 5 NO_CANDIDATES_GENERATED pairs=30999 evals=0 1s
[599038.9] P4_BASE_E2_CAP24_NC2880: step 6 NO_CANDIDATES_GENERATED pairs=30999 evals=0 1s
[599045.7] P4_BASE_E2_CAP24_NC2880: step 7 ELEVATED pairs=30804 evals=16 7s
[599052.9] P4_BASE_E2_CAP24_NC2880: step 8 ELEVATED pairs=30611 evals=32 15s
[599061.0] P4_BASE_E2_CAP24_NC2880: step 9 ELEVATED pairs=30460 evals=48 23s
[599069.1] P4_BASE_E2_CAP24_NC2880: step 10 ELEVATED pairs=30309 evals=64 31s
[599069.3] P4_BASE_E2_CAP24_NC2880: step 11 NO_CANDIDATES_GENERATED pairs=30309 evals=64 31s
[599081.0] P4_BASE_E2_CAP24_NC2880: step 12 ELEVATED pairs=30119 evals=80 43s
[599094.1] P4_BASE_E2_CAP24_NC2880: step 13 ELEVATED pairs=29931 evals=96 56s
[599109.7] P4_BASE_E2_CAP24_NC2880: step 14 ELEVATED pairs=29745 evals=112 71s
[599120.6] P4_BASE_E2_CAP24_NC2880: step 15 ELEVATED pairs=29554 evals=128 82s
[599136.7] P4_BASE_E2_CAP24_NC2880: step 16 ELEVATED pairs=29370 evals=144 99s
[599147.4] P4_BASE_E2_CAP24_NC2880: step 17 ELEVATED pairs=29181 evals=160 109s
[599154.4] P4_BASE_E2_CAP24_NC2880: step 18 ELEVATED pairs=29006 evals=176 116s
[599163.0] P4_BASE_E2_CAP24_NC2880: step 19 ELEVATED pairs=28833 evals=192 125s
[599173.9] P4_BASE_E2_CAP24_NC2880: step 20 ELEVATED pairs=28662 evals=208 136s
[599181.3] P4_BASE_E2_CAP24_NC2880: step 21 ELEVATED pairs=28479 evals=224 143s
[599189.3] P4_BASE_E2_CAP24_NC2880: step 22 ELEVATED pairs=28374 evals=240 151s
[599197.1] P4_BASE_E2_CAP24_NC2880: step 23 ELEVATED pairs=28193 evals=256 159s
[599214.1] P4_BASE_E2_CAP24_NC2880: step 24 ELEVATED pairs=28033 evals=272 176s
[599223.5] P4_BASE_E2_CAP24_NC2880: step 25 ELEVATED pairs=27854 evals=288 185s
[599232.7] P4_BASE_E2_CAP24_NC2880: step 26 ELEVATED pairs=27677 evals=304 194s
[599242.3] P4_BASE_E2_CAP24_NC2880: step 27 ELEVATED pairs=27511 evals=320 204s
[599248.3] P4_BASE_E2_CAP24_NC2880: step 28 ELEVATED pairs=27345 evals=329 210s
[599257.7] P4_BASE_E2_CAP24_NC2880: step 29 ELEVATED pairs=27181 evals=345 219s
[599263.9] P4_BASE_E2_CAP24_NC2880: step 30 ELEVATED pairs=27017 evals=354 226s
[599273.3] P4_BASE_E2_CAP24_NC2880: step 31 ELEVATED pairs=26856 evals=370 235s
[599279.2] P4_BASE_E2_CAP24_NC2880: step 32 ELEVATED pairs=26694 evals=379 241s
[599288.9] P4_BASE_E2_CAP24_NC2880: step 33 ELEVATED pairs=26535 evals=395 251s
[599289.1] P4_BASE_E2_CAP24_NC2880: step 34 NO_CANDIDATES_GENERATED pairs=26535 evals=395 251s
[599294.9] P4_BASE_E2_CAP24_NC2880: step 35 ELEVATED pairs=26375 evals=404 257s
[599304.9] P4_BASE_E2_CAP24_NC2880: step 36 ELEVATED pairs=26218 evals=420 267s
[599315.1] P4_BASE_E2_CAP24_NC2880: step 37 ELEVATED pairs=26063 evals=436 277s
[599325.7] P4_BASE_E2_CAP24_NC2880: step 38 ELEVATED pairs=25909 evals=452 287s
[599337.2] P4_BASE_E2_CAP24_NC2880: step 39 ELEVATED pairs=25757 evals=468 299s
[599346.0] P4_BASE_E2_CAP24_NC2880: step 40 ELEVATED pairs=25607 evals=484 308s
[599360.0] P4_BASE_E2_CAP24_NC2880: step 41 ELEVATED pairs=25457 evals=500 322s
[599369.6] P4_BASE_E2_CAP24_NC2880: step 42 ELEVATED pairs=25321 evals=516 331s
[599383.0] P4_BASE_E2_CAP24_NC2880: step 43 ELEVATED pairs=25173 evals=532 345s
[599391.9] P4_BASE_E2_CAP24_NC2880: step 44 ELEVATED pairs=25039 evals=548 354s
[599399.7] P4_BASE_E2_CAP24_NC2880: step 45 ELEVATED pairs=24954 evals=564 361s
[599414.1] P4_BASE_E2_CAP24_NC2880: step 46 ELEVATED pairs=24804 evals=580 376s
[599420.6] P4_BASE_E2_CAP24_NC2880: step 47 ELEVATED pairs=24685 evals=596 382s
[599434.9] P4_BASE_E2_CAP24_NC2880: step 48 ELEVATED pairs=24537 evals=612 397s
[599442.3] P4_BASE_E2_CAP24_NC2880: step 49 ELEVATED pairs=24398 evals=628 404s
[599455.8] P4_BASE_E2_CAP24_NC2880: step 50 ELEVATED pairs=24252 evals=644 418s
[599469.9] P4_BASE_E2_CAP24_NC2880: step 51 ELEVATED pairs=24108 evals=660 432s
[599480.1] P4_BASE_E2_CAP24_NC2880: step 52 ELEVATED pairs=23963 evals=676 442s
[599488.5] P4_BASE_E2_CAP24_NC2880: step 53 ELEVATED pairs=23864 evals=692 450s
[599496.3] P4_BASE_E2_CAP24_NC2880: step 54 ELEVATED pairs=23767 evals=708 458s
[599506.8] P4_BASE_E2_CAP24_NC2880: step 55 ELEVATED pairs=23624 evals=724 469s
[599515.1] P4_BASE_E2_CAP24_NC2880: step 56 ELEVATED pairs=23541 evals=740 477s
[599526.8] P4_BASE_E2_CAP24_NC2880: step 57 ELEVATED pairs=23400 evals=756 489s
[599534.8] P4_BASE_E2_CAP24_NC2880: step 58 ELEVATED pairs=23296 evals=772 497s
[599543.2] P4_BASE_E2_CAP24_NC2880: step 59 ELEVATED pairs=23194 evals=788 505s
[599551.7] P4_BASE_E2_CAP24_NC2880: step 60 ELEVATED pairs=23094 evals=804 513s
[599561.2] P4_BASE_E2_CAP24_NC2880: step 61 ELEVATED pairs=23009 evals=820 523s
[599569.9] P4_BASE_E2_CAP24_NC2880: step 62 ELEVATED pairs=22892 evals=836 532s
[599579.7] P4_BASE_E2_CAP24_NC2880: step 63 ELEVATED pairs=22779 evals=852 542s
[599587.9] P4_BASE_E2_CAP24_NC2880: step 64 ELEVATED pairs=22649 evals=868 550s
[599597.8] P4_BASE_E2_CAP24_NC2880: step 65 ELEVATED pairs=22529 evals=884 560s
[599604.7] P4_BASE_E2_CAP24_NC2880: step 66 ELEVATED pairs=22412 evals=900 566s
[599612.6] P4_BASE_E2_CAP24_NC2880: step 67 ELEVATED pairs=22298 evals=916 574s
[599621.6] P4_BASE_E2_CAP24_NC2880: step 68 ELEVATED pairs=22168 evals=932 583s
[599628.9] P4_BASE_E2_CAP24_NC2880: step 69 ELEVATED pairs=22044 evals=948 591s
[599638.0] P4_BASE_E2_CAP24_NC2880: step 70 ELEVATED pairs=21928 evals=964 600s
[599645.2] P4_BASE_E2_CAP24_NC2880: step 71 ELEVATED pairs=21809 evals=980 607s
[599652.0] P4_BASE_E2_CAP24_NC2880: step 72 ELEVATED pairs=21678 evals=996 614s
[599659.3] P4_BASE_E2_CAP24_NC2880: step 73 ELEVATED pairs=21556 evals=1012 621s
[599665.5] P4_BASE_E2_CAP24_NC2880: step 74 ELEVATED pairs=21461 evals=1028 627s
[599677.2] P4_BASE_E2_CAP24_NC2880: step 75 ELEVATED pairs=21381 evals=1037 639s
[599685.9] P4_BASE_E2_CAP24_NC2880: step 76 ELEVATED pairs=21330 evals=1053 648s
[599696.0] P4_BASE_E2_CAP24_NC2880: step 77 ELEVATED pairs=21212 evals=1069 658s
[599706.0] P4_BASE_E2_CAP24_NC2880: step 78 ELEVATED pairs=21096 evals=1085 668s
[599730.9] P4_BASE_E2_CAP24_NC2880: step 79 ELEVATED pairs=20988 evals=1101 693s
[599741.4] P4_BASE_E2_CAP24_NC2880: step 80 ELEVATED pairs=20874 evals=1117 703s
[599750.5] P4_BASE_E2_CAP24_NC2880: step 81 ELEVATED pairs=20765 evals=1133 712s
[599773.9] P4_BASE_E2_CAP24_NC2880: step 82 ELEVATED pairs=20657 evals=1149 736s
[599796.6] P4_BASE_E2_CAP24_NC2880: step 83 ELEVATED pairs=20550 evals=1165 758s
[599804.5] P4_BASE_E2_CAP24_NC2880: step 84 ELEVATED pairs=20466 evals=1181 766s
[599828.8] P4_BASE_E2_CAP24_NC2880: step 85 ELEVATED pairs=20360 evals=1197 791s
[599849.6] P4_BASE_E2_CAP24_NC2880: step 86 ELEVATED pairs=20240 evals=1213 811s
[599859.2] P4_BASE_E2_CAP24_NC2880: step 87 ELEVATED pairs=20154 evals=1229 821s
[599866.4] P4_BASE_E2_CAP24_NC2880: step 88 ELEVATED pairs=20099 evals=1245 828s
[599878.1] P4_BASE_E2_CAP24_NC2880: step 89 ELEVATED pairs=19950 evals=1261 840s
[599885.4] P4_BASE_E2_CAP24_NC2880: step 90 ELEVATED pairs=19898 evals=1277 847s
[599896.5] P4_BASE_E2_CAP24_NC2880: step 91 ELEVATED pairs=19751 evals=1293 858s
[599906.1] P4_BASE_E2_CAP24_NC2880: step 92 ELEVATED pairs=19666 evals=1309 868s
[599916.6] P4_BASE_E2_CAP24_NC2880: step 93 ELEVATED pairs=19521 evals=1325 878s
[599926.1] P4_BASE_E2_CAP24_NC2880: step 94 ELEVATED pairs=19437 evals=1341 888s
[599936.4] P4_BASE_E2_CAP24_NC2880: step 95 ELEVATED pairs=19294 evals=1357 898s
[599938.6] P4_BASE_E2_CAP24_NC2880: step 96 PREFIX_EVALUATED_NO_WINNER_DEFERRED pairs=19294 evals=1373 900s
[599941.0] P4_BASE_E2_CAP24_NC2880: step 97 PREFIX_EVALUATED_NO_WINNER_DEFERRED pairs=19294 evals=1389 903s
[599943.2] P4_BASE_E2_CAP24_NC2880: step 98 PREFIX_EVALUATED_NO_WINNER_DEFERRED pairs=19294 evals=1405 905s
[599945.4] P4_BASE_E2_CAP24_NC2880: step 99 PREFIX_EVALUATED_NO_WINNER_DEFERRED pairs=19294 evals=1421 907s
[599947.6] P4_BASE_E2_CAP24_NC2880: step 100 PREFIX_EVALUATED_NO_WINNER_DEFERRED pairs=19294 evals=1437 909s
[599949.8] P4_BASE_E2_CAP24_NC2880: step 101 PREFIX_EVALUATED_NO_WINNER_DEFERRED pairs=19294 evals=1453 912s
[599952.0] P4_BASE_E2_CAP24_NC2880: step 102 PREFIX_EVALUATED_NO_WINNER_DEFERRED pairs=19294 evals=1469 914s
[599954.3] P4_BASE_E2_CAP24_NC2880: step 103 PREFIX_EVALUATED_NO_WINNER_DEFERRED pairs=19294 evals=1485 916s
[599956.4] P4_BASE_E2_CAP24_NC2880: step 104 PREFIX_EVALUATED_NO_WINNER_DEFERRED pairs=19294 evals=1501 918s
[599958.6] P4_BASE_E2_CAP24_NC2880: step 105 PREFIX_EVALUATED_NO_WINNER_DEFERRED pairs=19294 evals=1517 920s
[599960.9] P4_BASE_E2_CAP24_NC2880: step 106 PREFIX_EVALUATED_NO_WINNER_DEFERRED pairs=19294 evals=1533 923s
[599963.3] P4_BASE_E2_CAP24_NC2880: step 107 PREFIX_EVALUATED_NO_WINNER_DEFERRED pairs=19294 evals=1549 925s
[599965.7] P4_BASE_E2_CAP24_NC2880: step 108 PREFIX_EVALUATED_NO_WINNER_DEFERRED pairs=19294 evals=1565 928s
[599968.1] P4_BASE_E2_CAP24_NC2880: step 109 PREFIX_EVALUATED_NO_WINNER_DEFERRED pairs=19294 evals=1581 930s
[599970.6] P4_BASE_E2_CAP24_NC2880: step 110 PREFIX_EVALUATED_NO_WINNER_DEFERRED pairs=19294 evals=1597 932s
[599970.8] P4_BASE_E2_CAP24_NC2880: step 111 NO_CANDIDATES_GENERATED pairs=19294 evals=1597 933s
[599972.6] P4_BASE_E2_CAP24_NC2880: step 112 ALL_CANDIDATES_REJECTED pairs=19294 evals=1606 934s
[599974.4] P4_BASE_E2_CAP24_NC2880: step 113 ALL_CANDIDATES_REJECTED pairs=19294 evals=1615 936s
[599976.2] P4_BASE_E2_CAP24_NC2880: step 114 ALL_CANDIDATES_REJECTED pairs=19294 evals=1624 938s
[599978.5] P4_BASE_E2_CAP24_NC2880: step 115 PREFIX_EVALUATED_NO_WINNER_DEFERRED pairs=19294 evals=1640 940s
[599981.1] P4_BASE_E2_CAP24_NC2880: step 116 PREFIX_EVALUATED_NO_WINNER_DEFERRED pairs=19294 evals=1656 943s
[599983.8] P4_BASE_E2_CAP24_NC2880: step 117 PREFIX_EVALUATED_NO_WINNER_DEFERRED pairs=19294 evals=1672 946s
[599986.3] P4_BASE_E2_CAP24_NC2880: step 118 PREFIX_EVALUATED_NO_WINNER_DEFERRED pairs=19294 evals=1688 948s
[599988.7] P4_BASE_E2_CAP24_NC2880: step 119 PREFIX_EVALUATED_NO_WINNER_DEFERRED pairs=19294 evals=1704 950s
[599991.0] P4_BASE_E2_CAP24_NC2880: step 120 PREFIX_EVALUATED_NO_WINNER_DEFERRED pairs=19294 evals=1720 953s
[599993.4] P4_BASE_E2_CAP24_NC2880: step 121 PREFIX_EVALUATED_NO_WINNER_DEFERRED pairs=19294 evals=1736 955s
[599996.0] P4_BASE_E2_CAP24_NC2880: step 122 PREFIX_EVALUATED_NO_WINNER_DEFERRED pairs=19294 evals=1752 958s
[599998.5] P4_BASE_E2_CAP24_NC2880: step 123 PREFIX_EVALUATED_NO_WINNER_DEFERRED pairs=19294 evals=1768 960s
[600001.0] P4_BASE_E2_CAP24_NC2880: step 124 PREFIX_EVALUATED_NO_WINNER_DEFERRED pairs=19294 evals=1784 963s
[600003.6] P4_BASE_E2_CAP24_NC2880: step 125 PREFIX_EVALUATED_NO_WINNER_DEFERRED pairs=19294 evals=1800 965s
[600006.0] P4_BASE_E2_CAP24_NC2880: step 126 PREFIX_EVALUATED_NO_WINNER_DEFERRED pairs=19294 evals=1816 968s
[600008.4] P4_BASE_E2_CAP24_NC2880: step 127 PREFIX_EVALUATED_NO_WINNER_DEFERRED pairs=19294 evals=1832 970s
[600011.0] P4_BASE_E2_CAP24_NC2880: step 128 PREFIX_EVALUATED_NO_WINNER_DEFERRED pairs=19294 evals=1848 973s
[600013.4] P4_BASE_E2_CAP24_NC2880: step 129 PREFIX_EVALUATED_NO_WINNER_DEFERRED pairs=19294 evals=1864 975s
[600015.9] P4_BASE_E2_CAP24_NC2880: step 130 PREFIX_EVALUATED_NO_WINNER_DEFERRED pairs=19294 evals=1880 978s
[600018.5] P4_BASE_E2_CAP24_NC2880: step 131 PREFIX_EVALUATED_NO_WINNER_DEFERRED pairs=19294 evals=1896 980s
[600021.1] P4_BASE_E2_CAP24_NC2880: step 132 PREFIX_EVALUATED_NO_WINNER_DEFERRED pairs=19294 evals=1912 983s
[600023.5] P4_BASE_E2_CAP24_NC2880: step 133 PREFIX_EVALUATED_NO_WINNER_DEFERRED pairs=19294 evals=1928 985s
[600026.1] P4_BASE_E2_CAP24_NC2880: step 134 PREFIX_EVALUATED_NO_WINNER_DEFERRED pairs=19294 evals=1944 988s
[600028.5] P4_BASE_E2_CAP24_NC2880: step 135 PREFIX_EVALUATED_NO_WINNER_DEFERRED pairs=19294 evals=1960 990s
[600031.1] P4_BASE_E2_CAP24_NC2880: step 136 PREFIX_EVALUATED_NO_WINNER_DEFERRED pairs=19294 evals=1976 993s
[600033.4] P4_BASE_E2_CAP24_NC2880: step 137 PREFIX_EVALUATED_NO_WINNER_DEFERRED pairs=19294 evals=1992 995s
[600035.8] P4_BASE_E2_CAP24_NC2880: step 138 PREFIX_EVALUATED_NO_WINNER_DEFERRED pairs=19294 evals=2008 998s
[600038.2] P4_BASE_E2_CAP24_NC2880: step 139 PREFIX_EVALUATED_NO_WINNER_DEFERRED pairs=19294 evals=2024 1000s
[600040.6] P4_BASE_E2_CAP24_NC2880: step 140 PREFIX_EVALUATED_NO_WINNER_DEFERRED pairs=19294 evals=2040 1002s
[600043.1] P4_BASE_E2_CAP24_NC2880: step 141 PREFIX_EVALUATED_NO_WINNER_DEFERRED pairs=19294 evals=2056 1005s
[600045.6] P4_BASE_E2_CAP24_NC2880: step 142 PREFIX_EVALUATED_NO_WINNER_DEFERRED pairs=19294 evals=2072 1007s
[600048.1] P4_BASE_E2_CAP24_NC2880: step 143 PREFIX_EVALUATED_NO_WINNER_DEFERRED pairs=19294 evals=2088 1010s
[600050.7] P4_BASE_E2_CAP24_NC2880: step 144 PREFIX_EVALUATED_NO_WINNER_DEFERRED pairs=19294 evals=2104 1013s
[600053.4] P4_BASE_E2_CAP24_NC2880: step 145 PREFIX_EVALUATED_NO_WINNER_DEFERRED pairs=19294 evals=2120 1015s
[600055.8] P4_BASE_E2_CAP24_NC2880: step 146 PREFIX_EVALUATED_NO_WINNER_DEFERRED pairs=19294 evals=2136 1018s
[600058.3] P4_BASE_E2_CAP24_NC2880: step 147 PREFIX_EVALUATED_NO_WINNER_DEFERRED pairs=19294 evals=2152 1020s
[600060.7] P4_BASE_E2_CAP24_NC2880: step 148 PREFIX_EVALUATED_NO_WINNER_DEFERRED pairs=19294 evals=2168 1023s
[600063.1] P4_BASE_E2_CAP24_NC2880: step 149 PREFIX_EVALUATED_NO_WINNER_DEFERRED pairs=19294 evals=2184 1025s
[600065.5] P4_BASE_E2_CAP24_NC2880: step 150 PREFIX_EVALUATED_NO_WINNER_DEFERRED pairs=19294 evals=2200 1027s
[600067.1] P4_BASE_E2_CAP24_NC2880: step 151 ALL_CANDIDATES_REJECTED pairs=19294 evals=2209 1029s
[600068.7] P4_BASE_E2_CAP24_NC2880: step 152 ALL_CANDIDATES_REJECTED pairs=19294 evals=2218 1030s
[600070.4] P4_BASE_E2_CAP24_NC2880: step 153 ALL_CANDIDATES_REJECTED pairs=19294 evals=2227 1032s
[600072.1] P4_BASE_E2_CAP24_NC2880: step 154 ALL_CANDIDATES_REJECTED pairs=19294 evals=2236 1034s
[600073.7] P4_BASE_E2_CAP24_NC2880: step 155 ALL_CANDIDATES_REJECTED pairs=19294 evals=2245 1035s
[600075.3] P4_BASE_E2_CAP24_NC2880: step 156 ALL_CANDIDATES_REJECTED pairs=19294 evals=2254 1037s
[600076.9] P4_BASE_E2_CAP24_NC2880: step 157 ALL_CANDIDATES_REJECTED pairs=19294 evals=2263 1039s
[600078.6] P4_BASE_E2_CAP24_NC2880: step 158 ALL_CANDIDATES_REJECTED pairs=19294 evals=2272 1040s
[600081.5] P4_BASE_E2_CAP24_NC2880: step 159 PREFIX_EVALUATED_NO_WINNER_DEFERRED pairs=19294 evals=2288 1043s
[600084.3] P4_BASE_E2_CAP24_NC2880: step 160 PREFIX_EVALUATED_NO_WINNER_DEFERRED pairs=19294 evals=2304 1046s
[600086.9] P4_BASE_E2_CAP24_NC2880: step 161 PREFIX_EVALUATED_NO_WINNER_DEFERRED pairs=19294 evals=2320 1049s
[600089.5] P4_BASE_E2_CAP24_NC2880: step 162 PREFIX_EVALUATED_NO_WINNER_DEFERRED pairs=19294 evals=2336 1051s
[600091.8] P4_BASE_E2_CAP24_NC2880: step 163 PREFIX_EVALUATED_NO_WINNER_DEFERRED pairs=19294 evals=2352 1054s
[600094.3] P4_BASE_E2_CAP24_NC2880: step 164 PREFIX_EVALUATED_NO_WINNER_DEFERRED pairs=19294 evals=2368 1056s
[600096.8] P4_BASE_E2_CAP24_NC2880: step 165 PREFIX_EVALUATED_NO_WINNER_DEFERRED pairs=19294 evals=2384 1059s
[600099.1] P4_BASE_E2_CAP24_NC2880: step 166 PREFIX_EVALUATED_NO_WINNER_DEFERRED pairs=19294 evals=2400 1061s
[600101.5] P4_BASE_E2_CAP24_NC2880: step 167 PREFIX_EVALUATED_NO_WINNER_DEFERRED pairs=19294 evals=2416 1063s
[600104.0] P4_BASE_E2_CAP24_NC2880: step 168 PREFIX_EVALUATED_NO_WINNER_DEFERRED pairs=19294 evals=2432 1066s
[600106.6] P4_BASE_E2_CAP24_NC2880: step 169 PREFIX_EVALUATED_NO_WINNER_DEFERRED pairs=19294 evals=2448 1068s
[600109.1] P4_BASE_E2_CAP24_NC2880: step 170 PREFIX_EVALUATED_NO_WINNER_DEFERRED pairs=19294 evals=2464 1071s
[600111.5] P4_BASE_E2_CAP24_NC2880: step 171 PREFIX_EVALUATED_NO_WINNER_DEFERRED pairs=19294 evals=2480 1073s
[600114.0] P4_BASE_E2_CAP24_NC2880: step 172 PREFIX_EVALUATED_NO_WINNER_DEFERRED pairs=19294 evals=2496 1076s
[600116.5] P4_BASE_E2_CAP24_NC2880: step 173 PREFIX_EVALUATED_NO_WINNER_DEFERRED pairs=19294 evals=2512 1078s
[600118.9] P4_BASE_E2_CAP24_NC2880: step 174 PREFIX_EVALUATED_NO_WINNER_DEFERRED pairs=19294 evals=2528 1081s
[600121.1] P4_BASE_E2_CAP24_NC2880: step 175 PREFIX_EVALUATED_NO_WINNER_DEFERRED pairs=19294 evals=2544 1083s
[600121.3] P4_BASE_E2_CAP24_NC2880: step 176 NO_CANDIDATES_GENERATED pairs=19294 evals=2544 1083s
[600121.4] P4_BASE_E2_CAP24_NC2880: step 177 NO_CANDIDATES_GENERATED pairs=19294 evals=2544 1083s
[600121.6] P4_BASE_E2_CAP24_NC2880: step 178 NO_CANDIDATES_GENERATED pairs=19294 evals=2544 1083s
[600121.8] P4_BASE_E2_CAP24_NC2880: step 179 NO_CANDIDATES_GENERATED pairs=19294 evals=2544 1084s
[600122.0] P4_BASE_E2_CAP24_NC2880: step 180 NO_CANDIDATES_GENERATED pairs=19294 evals=2544 1084s
[600122.1] P4_BASE_E2_CAP24_NC2880: step 181 NO_CANDIDATES_GENERATED pairs=19294 evals=2544 1084s
[600122.3] P4_BASE_E2_CAP24_NC2880: step 182 NO_CANDIDATES_GENERATED pairs=19294 evals=2544 1084s
[600122.5] P4_BASE_E2_CAP24_NC2880: step 183 NO_CANDIDATES_GENERATED pairs=19294 evals=2544 1084s
[600122.7] P4_BASE_E2_CAP24_NC2880: step 184 NO_CANDIDATES_GENERATED pairs=19294 evals=2544 1084s
[600122.8] P4_BASE_E2_CAP24_NC2880: step 185 NO_CANDIDATES_GENERATED pairs=19294 evals=2544 1085s
[600123.0] P4_BASE_E2_CAP24_NC2880: step 186 NO_CANDIDATES_GENERATED pairs=19294 evals=2544 1085s
[600123.2] P4_BASE_E2_CAP24_NC2880: step 187 NO_CANDIDATES_GENERATED pairs=19294 evals=2544 1085s
[600125.5] P4_BASE_E2_CAP24_NC2880: step 188 PREFIX_EVALUATED_NO_WINNER_DEFERRED pairs=19294 evals=2560 1087s
[600127.7] P4_BASE_E2_CAP24_NC2880: step 189 PREFIX_EVALUATED_NO_WINNER_DEFERRED pairs=19294 evals=2576 1090s
[600130.2] P4_BASE_E2_CAP24_NC2880: step 190 PREFIX_EVALUATED_NO_WINNER_DEFERRED pairs=19294 evals=2592 1092s
[600132.9] P4_BASE_E2_CAP24_NC2880: step 191 PREFIX_EVALUATED_NO_WINNER_DEFERRED pairs=19294 evals=2608 1095s
[600135.4] P4_BASE_E2_CAP24_NC2880: step 192 PREFIX_EVALUATED_NO_WINNER_DEFERRED pairs=19294 evals=2624 1097s
[600138.0] P4_BASE_E2_CAP24_NC2880: step 193 PREFIX_EVALUATED_NO_WINNER_DEFERRED pairs=19294 evals=2640 1100s
[600140.2] P4_BASE_E2_CAP24_NC2880: step 194 PREFIX_EVALUATED_NO_WINNER_DEFERRED pairs=19294 evals=2656 1102s
[600142.9] P4_BASE_E2_CAP24_NC2880: step 195 PREFIX_EVALUATED_NO_WINNER_DEFERRED pairs=19294 evals=2672 1105s
[600145.5] P4_BASE_E2_CAP24_NC2880: step 196 PREFIX_EVALUATED_NO_WINNER_DEFERRED pairs=19294 evals=2688 1107s
[600148.2] P4_BASE_E2_CAP24_NC2880: step 197 PREFIX_EVALUATED_NO_WINNER_DEFERRED pairs=19294 evals=2704 1110s
[600150.9] P4_BASE_E2_CAP24_NC2880: step 198 PREFIX_EVALUATED_NO_WINNER_DEFERRED pairs=19294 evals=2720 1113s
[600151.1] P4_BASE_E2_CAP24_NC2880: step 199 NO_CANDIDATES_GENERATED pairs=19294 evals=2720 1113s
[600151.2] P4_BASE_E2_CAP24_NC2880: step 200 NO_CANDIDATES_GENERATED pairs=19294 evals=2720 1113s
[600151.4] P4_BASE_E2_CAP24_NC2880: step 201 NO_CANDIDATES_GENERATED pairs=19294 evals=2720 1113s
[600151.6] P4_BASE_E2_CAP24_NC2880: step 202 NO_CANDIDATES_GENERATED pairs=19294 evals=2720 1113s
[600151.8] P4_BASE_E2_CAP24_NC2880: step 203 NO_CANDIDATES_GENERATED pairs=19294 evals=2720 1114s
[600152.0] P4_BASE_E2_CAP24_NC2880: step 204 NO_CANDIDATES_GENERATED pairs=19294 evals=2720 1114s
[600152.2] P4_BASE_E2_CAP24_NC2880: step 205 NO_CANDIDATES_GENERATED pairs=19294 evals=2720 1114s
[600152.4] P4_BASE_E2_CAP24_NC2880: step 206 NO_CANDIDATES_GENERATED pairs=19294 evals=2720 1114s
[600152.5] P4_BASE_E2_CAP24_NC2880: step 207 NO_CANDIDATES_GENERATED pairs=19294 evals=2720 1114s
[600152.7] P4_BASE_E2_CAP24_NC2880: step 208 NO_CANDIDATES_GENERATED pairs=19294 evals=2720 1115s
[600152.9] P4_BASE_E2_CAP24_NC2880: step 209 NO_CANDIDATES_GENERATED pairs=19294 evals=2720 1115s
[600153.1] P4_BASE_E2_CAP24_NC2880: step 210 NO_CANDIDATES_GENERATED pairs=19294 evals=2720 1115s
[600153.3] P4_BASE_E2_CAP24_NC2880: step 211 NO_CANDIDATES_GENERATED pairs=19294 evals=2720 1115s
[600153.5] P4_BASE_E2_CAP24_NC2880: step 212 NO_CANDIDATES_GENERATED pairs=19294 evals=2720 1115s
[600153.7] P4_BASE_E2_CAP24_NC2880: step 213 NO_CANDIDATES_GENERATED pairs=19294 evals=2720 1115s
[600153.8] P4_BASE_E2_CAP24_NC2880: step 214 NO_CANDIDATES_GENERATED pairs=19294 evals=2720 1116s
[600154.0] P4_BASE_E2_CAP24_NC2880: step 215 NO_CANDIDATES_GENERATED pairs=19294 evals=2720 1116s
[600154.2] P4_BASE_E2_CAP24_NC2880: step 216 NO_CANDIDATES_GENERATED pairs=19294 evals=2720 1116s
[600154.4] P4_BASE_E2_CAP24_NC2880: step 217 NO_CANDIDATES_GENERATED pairs=19294 evals=2720 1116s
[600154.5] P4_BASE_E2_CAP24_NC2880: step 218 NO_CANDIDATES_GENERATED pairs=19294 evals=2720 1116s
[600156.7] P4_BASE_E2_CAP24_NC2880: step 219 PREFIX_EVALUATED_NO_WINNER_DEFERRED pairs=19294 evals=2736 1119s
[600159.0] P4_BASE_E2_CAP24_NC2880: step 220 PREFIX_EVALUATED_NO_WINNER_DEFERRED pairs=19294 evals=2752 1121s
[600161.3] P4_BASE_E2_CAP24_NC2880: step 221 PREFIX_EVALUATED_NO_WINNER_DEFERRED pairs=19294 evals=2768 1123s
[600163.8] P4_BASE_E2_CAP24_NC2880: step 222 PREFIX_EVALUATED_NO_WINNER_DEFERRED pairs=19294 evals=2784 1126s
[600166.3] P4_BASE_E2_CAP24_NC2880: step 223 PREFIX_EVALUATED_NO_WINNER_DEFERRED pairs=19294 evals=2800 1128s
[600167.9] P4_BASE_E2_CAP24_NC2880: step 224 ALL_CANDIDATES_REJECTED pairs=19294 evals=2809 1130s
[600169.5] P4_BASE_E2_CAP24_NC2880: step 225 ALL_CANDIDATES_REJECTED pairs=19294 evals=2818 1131s
[600171.6] P4_BASE_E2_CAP24_NC2880: step 226 PREFIX_EVALUATED_NO_WINNER_DEFERRED pairs=19294 evals=2834 1133s
[600173.8] P4_BASE_E2_CAP24_NC2880: step 227 PREFIX_EVALUATED_NO_WINNER_DEFERRED pairs=19294 evals=2850 1136s
[600175.9] P4_BASE_E2_CAP24_NC2880: step 228 PREFIX_EVALUATED_NO_WINNER_DEFERRED pairs=19294 evals=2866 1138s
[600177.7] P4_BASE_E2_CAP24_NC2880: step 229 ABORTED_CANDIDATE_BUDGET pairs=19294 evals=2880 1139s
[600178.1] P4_BASE_E2_CAP24_NC2880: done final=19294 moves=87 first=87 reloc=0 ret=0 evals=2880 stop=CANDIDATE_BUDGET_EXHAUSTED
[600244.4] P4_BASE_E2_CAP24_NC2880: recheck PASS checks=130816
GROUP DONE P4_BASE_E2_CAP24_NC2880 PASS
