start-state rescan (main) ...
  main PASS pairs=42909 unresolved=3 elevated=24
[602812.6] P4_A_FAMILY_CAP40_N2880: start mode=N budget=2880 spec={"name": "P4_A_FAMILY_CAP40", "target_policy": "LEGACY", "evaluation_policy": "E2_ORDERED_K16", "traversal_policy": "BASE", "max_targets": 2000, "k_per_target": 16, "family_round_robin": true, "relocation_side_reserve": 0, "waiting_age": false, "route_coverage": false, "multi_anchor": false, "exact_dedup": false, "decision_cache": false, "return_action": false, "cache_structural_skips": false, "window_slack_mm": 1e-05, "generation_domain": "LINE_ONLY", "path_window_settings": null, "stage_length_cap_mm": 40.0, "notes": ""}
[602812.6] P4_A_FAMILY_CAP40_N2880: start state=main C:\Users\lihao\Desktop\Graduation Project\OpticalWaveguideRouter3D\outputs\3d_strategy_v3\512_ablation\D_both_enabled pairs=42909
[602816.9] P4_A_FAMILY_CAP40_N2880: INITIAL_DONE pairs=42909
[602817.0] P4_A_FAMILY_CAP40_N2880: step 1 NO_CANDIDATES_GENERATED pairs=42909 evals=0 0s
[602817.2] P4_A_FAMILY_CAP40_N2880: step 2 NO_CANDIDATES_GENERATED pairs=42909 evals=0 0s
[602824.3] P4_A_FAMILY_CAP40_N2880: step 3 ELEVATED pairs=42653 evals=16 7s
[602834.1] P4_A_FAMILY_CAP40_N2880: step 4 ELEVATED pairs=42440 evals=32 17s
[602843.4] P4_A_FAMILY_CAP40_N2880: step 5 ELEVATED pairs=42218 evals=48 26s
[602853.1] P4_A_FAMILY_CAP40_N2880: step 6 ELEVATED pairs=41998 evals=64 36s
[602861.8] P4_A_FAMILY_CAP40_N2880: step 7 ELEVATED pairs=41742 evals=80 45s
[602871.9] P4_A_FAMILY_CAP40_N2880: step 8 ELEVATED pairs=41524 evals=96 55s
[602879.3] P4_A_FAMILY_CAP40_N2880: step 9 ELEVATED pairs=41274 evals=112 62s
[602887.2] P4_A_FAMILY_CAP40_N2880: step 10 ELEVATED pairs=41024 evals=128 70s
[602894.7] P4_A_FAMILY_CAP40_N2880: step 11 ELEVATED pairs=40772 evals=144 78s
[602902.4] P4_A_FAMILY_CAP40_N2880: step 12 ELEVATED pairs=40524 evals=160 85s
[602914.1] P4_A_FAMILY_CAP40_N2880: step 13 ELEVATED pairs=40314 evals=176 97s
[602922.4] P4_A_FAMILY_CAP40_N2880: step 14 ELEVATED pairs=40068 evals=192 105s
[602936.4] P4_A_FAMILY_CAP40_N2880: step 15 ELEVATED pairs=39859 evals=208 120s
[602950.9] P4_A_FAMILY_CAP40_N2880: step 16 ELEVATED pairs=39652 evals=224 134s
[602962.1] P4_A_FAMILY_CAP40_N2880: step 17 ELEVATED pairs=39463 evals=240 145s
[602969.2] P4_A_FAMILY_CAP40_N2880: step 18 ELEVATED pairs=39221 evals=256 152s
[602977.7] P4_A_FAMILY_CAP40_N2880: step 19 ELEVATED pairs=38991 evals=272 161s
[602988.3] P4_A_FAMILY_CAP40_N2880: step 20 ELEVATED pairs=38838 evals=288 171s
[602996.6] P4_A_FAMILY_CAP40_N2880: step 21 ELEVATED pairs=38599 evals=304 180s
[603004.3] P4_A_FAMILY_CAP40_N2880: step 22 ELEVATED pairs=38376 evals=320 187s
[603010.0] P4_A_FAMILY_CAP40_N2880: step 23 ELEVATED pairs=38148 evals=336 193s
[603020.7] P4_A_FAMILY_CAP40_N2880: step 24 ELEVATED pairs=37927 evals=352 204s
[603026.2] P4_A_FAMILY_CAP40_N2880: step 25 ELEVATED pairs=37701 evals=368 209s
[603031.7] P4_A_FAMILY_CAP40_N2880: step 26 ELEVATED pairs=37476 evals=384 215s
[603044.3] P4_A_FAMILY_CAP40_N2880: step 27 ELEVATED pairs=37285 evals=400 227s
[603055.4] P4_A_FAMILY_CAP40_N2880: step 28 ELEVATED pairs=37126 evals=416 238s
[603067.1] P4_A_FAMILY_CAP40_N2880: step 29 ELEVATED pairs=36969 evals=432 250s
[603081.2] P4_A_FAMILY_CAP40_N2880: step 30 ELEVATED pairs=36778 evals=448 264s
[603091.3] P4_A_FAMILY_CAP40_N2880: step 31 ELEVATED pairs=36525 evals=464 274s
[603103.1] P4_A_FAMILY_CAP40_N2880: step 32 ELEVATED pairs=36365 evals=480 286s
[603103.3] P4_A_FAMILY_CAP40_N2880: step 33 NO_CANDIDATES_GENERATED pairs=36365 evals=480 286s
[603103.4] P4_A_FAMILY_CAP40_N2880: step 34 NO_CANDIDATES_GENERATED pairs=36365 evals=480 287s
[603112.2] P4_A_FAMILY_CAP40_N2880: step 35 ELEVATED pairs=36160 evals=496 295s
[603120.9] P4_A_FAMILY_CAP40_N2880: step 36 ELEVATED pairs=35958 evals=512 304s
[603129.3] P4_A_FAMILY_CAP40_N2880: step 37 ELEVATED pairs=35818 evals=528 312s
[603144.4] P4_A_FAMILY_CAP40_N2880: step 38 ELEVATED pairs=35612 evals=544 327s
[603151.4] P4_A_FAMILY_CAP40_N2880: step 39 ELEVATED pairs=35417 evals=560 334s
[603166.2] P4_A_FAMILY_CAP40_N2880: step 40 ELEVATED pairs=35213 evals=576 349s
[603180.2] P4_A_FAMILY_CAP40_N2880: step 41 ELEVATED pairs=35010 evals=592 363s
[603190.5] P4_A_FAMILY_CAP40_N2880: step 42 ELEVATED pairs=34768 evals=608 374s
[603205.3] P4_A_FAMILY_CAP40_N2880: step 43 ELEVATED pairs=34567 evals=624 388s
[603219.4] P4_A_FAMILY_CAP40_N2880: step 44 ELEVATED pairs=34447 evals=640 402s
[603232.8] P4_A_FAMILY_CAP40_N2880: step 45 ELEVATED pairs=34247 evals=656 416s
[603245.7] P4_A_FAMILY_CAP40_N2880: step 46 ELEVATED pairs=34042 evals=672 429s
[603258.9] P4_A_FAMILY_CAP40_N2880: step 47 ELEVATED pairs=33844 evals=688 442s
[603271.7] P4_A_FAMILY_CAP40_N2880: step 48 ELEVATED pairs=33726 evals=704 455s
[603285.1] P4_A_FAMILY_CAP40_N2880: step 49 ELEVATED pairs=33529 evals=720 468s
[603297.3] P4_A_FAMILY_CAP40_N2880: step 50 ELEVATED pairs=33337 evals=736 480s
[603310.6] P4_A_FAMILY_CAP40_N2880: step 51 ELEVATED pairs=33142 evals=752 494s
[603323.1] P4_A_FAMILY_CAP40_N2880: step 52 ELEVATED pairs=32952 evals=768 506s
[603336.8] P4_A_FAMILY_CAP40_N2880: step 53 ELEVATED pairs=32758 evals=784 520s
[603348.6] P4_A_FAMILY_CAP40_N2880: step 54 ELEVATED pairs=32569 evals=800 532s
[603361.2] P4_A_FAMILY_CAP40_N2880: step 55 ELEVATED pairs=32377 evals=816 544s
[603373.6] P4_A_FAMILY_CAP40_N2880: step 56 ELEVATED pairs=32190 evals=832 557s
[603386.9] P4_A_FAMILY_CAP40_N2880: step 57 ELEVATED pairs=32004 evals=848 570s
[603400.4] P4_A_FAMILY_CAP40_N2880: step 58 ELEVATED pairs=31882 evals=864 583s
[603416.8] P4_A_FAMILY_CAP40_N2880: step 59 ELEVATED pairs=31651 evals=880 600s
[603427.5] P4_A_FAMILY_CAP40_N2880: step 60 ELEVATED pairs=31440 evals=896 611s
[603438.0] P4_A_FAMILY_CAP40_N2880: step 61 ELEVATED pairs=31252 evals=912 621s
[603452.6] P4_A_FAMILY_CAP40_N2880: step 62 ELEVATED pairs=31023 evals=928 636s
[603463.3] P4_A_FAMILY_CAP40_N2880: step 63 ELEVATED pairs=30837 evals=944 646s
[603476.9] P4_A_FAMILY_CAP40_N2880: step 64 ELEVATED pairs=30610 evals=960 660s
[603487.1] P4_A_FAMILY_CAP40_N2880: step 65 ELEVATED pairs=30426 evals=976 670s
[603501.7] P4_A_FAMILY_CAP40_N2880: step 66 ELEVATED pairs=30201 evals=992 685s
[603512.6] P4_A_FAMILY_CAP40_N2880: step 67 ELEVATED pairs=30018 evals=1008 696s
[603526.5] P4_A_FAMILY_CAP40_N2880: step 68 ELEVATED pairs=29795 evals=1024 710s
[603540.1] P4_A_FAMILY_CAP40_N2880: step 69 ELEVATED pairs=29574 evals=1040 723s
[603547.3] P4_A_FAMILY_CAP40_N2880: step 70 ELEVATED pairs=29437 evals=1056 730s
[603559.9] P4_A_FAMILY_CAP40_N2880: step 71 ELEVATED pairs=29219 evals=1072 743s
[603567.4] P4_A_FAMILY_CAP40_N2880: step 72 ELEVATED pairs=29046 evals=1088 750s
[603574.4] P4_A_FAMILY_CAP40_N2880: step 73 ELEVATED pairs=28907 evals=1104 758s
[603586.2] P4_A_FAMILY_CAP40_N2880: step 74 ELEVATED pairs=28690 evals=1120 769s
[603593.3] P4_A_FAMILY_CAP40_N2880: step 75 ELEVATED pairs=28550 evals=1136 776s
[603600.6] P4_A_FAMILY_CAP40_N2880: step 76 ELEVATED pairs=28409 evals=1152 784s
[603612.3] P4_A_FAMILY_CAP40_N2880: step 77 ELEVATED pairs=28194 evals=1168 795s
[603618.5] P4_A_FAMILY_CAP40_N2880: step 78 ELEVATED pairs=28021 evals=1177 802s
[603624.7] P4_A_FAMILY_CAP40_N2880: step 79 ELEVATED pairs=27850 evals=1186 808s
[603635.6] P4_A_FAMILY_CAP40_N2880: step 80 ELEVATED pairs=27698 evals=1202 819s
[603641.7] P4_A_FAMILY_CAP40_N2880: step 81 ELEVATED pairs=27529 evals=1211 825s
[603653.7] P4_A_FAMILY_CAP40_N2880: step 82 ELEVATED pairs=27354 evals=1227 837s
[603659.4] P4_A_FAMILY_CAP40_N2880: step 83 ELEVATED pairs=27187 evals=1236 842s
[603668.2] P4_A_FAMILY_CAP40_N2880: step 84 ELEVATED pairs=26978 evals=1252 851s
[603674.5] P4_A_FAMILY_CAP40_N2880: step 85 ELEVATED pairs=26963 evals=1268 858s
[603679.6] P4_A_FAMILY_CAP40_N2880: step 86 ELEVATED pairs=26760 evals=1284 863s
[603682.0] P4_A_FAMILY_CAP40_N2880: step 87 PREFIX_EVALUATED_NO_WINNER_DEFERRED pairs=26760 evals=1300 865s
[603684.3] P4_A_FAMILY_CAP40_N2880: step 88 PREFIX_EVALUATED_NO_WINNER_DEFERRED pairs=26760 evals=1316 867s
[603686.7] P4_A_FAMILY_CAP40_N2880: step 89 PREFIX_EVALUATED_NO_WINNER_DEFERRED pairs=26760 evals=1332 870s
[603689.0] P4_A_FAMILY_CAP40_N2880: step 90 PREFIX_EVALUATED_NO_WINNER_DEFERRED pairs=26760 evals=1348 872s
[603691.6] P4_A_FAMILY_CAP40_N2880: step 91 PREFIX_EVALUATED_NO_WINNER_DEFERRED pairs=26760 evals=1364 875s
[603694.5] P4_A_FAMILY_CAP40_N2880: step 92 PREFIX_EVALUATED_NO_WINNER_DEFERRED pairs=26760 evals=1380 878s
[603697.5] P4_A_FAMILY_CAP40_N2880: step 93 PREFIX_EVALUATED_NO_WINNER_DEFERRED pairs=26760 evals=1396 881s
[603700.3] P4_A_FAMILY_CAP40_N2880: step 94 PREFIX_EVALUATED_NO_WINNER_DEFERRED pairs=26760 evals=1412 883s
[603703.2] P4_A_FAMILY_CAP40_N2880: step 95 PREFIX_EVALUATED_NO_WINNER_DEFERRED pairs=26760 evals=1428 886s
[603705.6] P4_A_FAMILY_CAP40_N2880: step 96 PREFIX_EVALUATED_NO_WINNER_DEFERRED pairs=26760 evals=1444 889s
[603707.8] P4_A_FAMILY_CAP40_N2880: step 97 PREFIX_EVALUATED_NO_WINNER_DEFERRED pairs=26760 evals=1460 891s
[603710.2] P4_A_FAMILY_CAP40_N2880: step 98 PREFIX_EVALUATED_NO_WINNER_DEFERRED pairs=26760 evals=1476 893s
[603712.5] P4_A_FAMILY_CAP40_N2880: step 99 PREFIX_EVALUATED_NO_WINNER_DEFERRED pairs=26760 evals=1492 896s
[603714.9] P4_A_FAMILY_CAP40_N2880: step 100 PREFIX_EVALUATED_NO_WINNER_DEFERRED pairs=26760 evals=1508 898s
[603717.5] P4_A_FAMILY_CAP40_N2880: step 101 PREFIX_EVALUATED_NO_WINNER_DEFERRED pairs=26760 evals=1524 901s
[603717.7] P4_A_FAMILY_CAP40_N2880: step 102 NO_CANDIDATES_GENERATED pairs=26760 evals=1524 901s
[603717.9] P4_A_FAMILY_CAP40_N2880: step 103 NO_CANDIDATES_GENERATED pairs=26760 evals=1524 901s
[603720.5] P4_A_FAMILY_CAP40_N2880: step 104 PREFIX_EVALUATED_NO_WINNER_DEFERRED pairs=26760 evals=1540 904s
[603723.2] P4_A_FAMILY_CAP40_N2880: step 105 PREFIX_EVALUATED_NO_WINNER_DEFERRED pairs=26760 evals=1556 906s
[603725.8] P4_A_FAMILY_CAP40_N2880: step 106 PREFIX_EVALUATED_NO_WINNER_DEFERRED pairs=26760 evals=1572 909s
[603728.4] P4_A_FAMILY_CAP40_N2880: step 107 PREFIX_EVALUATED_NO_WINNER_DEFERRED pairs=26760 evals=1588 911s
[603730.7] P4_A_FAMILY_CAP40_N2880: step 108 PREFIX_EVALUATED_NO_WINNER_DEFERRED pairs=26760 evals=1604 914s
[603733.5] P4_A_FAMILY_CAP40_N2880: step 109 PREFIX_EVALUATED_NO_WINNER_DEFERRED pairs=26760 evals=1620 917s
[603736.2] P4_A_FAMILY_CAP40_N2880: step 110 PREFIX_EVALUATED_NO_WINNER_DEFERRED pairs=26760 evals=1636 919s
[603738.9] P4_A_FAMILY_CAP40_N2880: step 111 PREFIX_EVALUATED_NO_WINNER_DEFERRED pairs=26760 evals=1652 922s
[603741.6] P4_A_FAMILY_CAP40_N2880: step 112 PREFIX_EVALUATED_NO_WINNER_DEFERRED pairs=26760 evals=1668 925s
[603746.0] P4_A_FAMILY_CAP40_N2880: step 113 PREFIX_EVALUATED_NO_WINNER_DEFERRED pairs=26760 evals=1684 929s
[603748.8] P4_A_FAMILY_CAP40_N2880: step 114 PREFIX_EVALUATED_NO_WINNER_DEFERRED pairs=26760 evals=1700 932s
[603751.2] P4_A_FAMILY_CAP40_N2880: step 115 PREFIX_EVALUATED_NO_WINNER_DEFERRED pairs=26760 evals=1716 934s
[603753.5] P4_A_FAMILY_CAP40_N2880: step 116 PREFIX_EVALUATED_NO_WINNER_DEFERRED pairs=26760 evals=1732 937s
[603755.9] P4_A_FAMILY_CAP40_N2880: step 117 PREFIX_EVALUATED_NO_WINNER_DEFERRED pairs=26760 evals=1748 939s
[603760.2] P4_A_FAMILY_CAP40_N2880: step 118 PREFIX_EVALUATED_NO_WINNER_DEFERRED pairs=26760 evals=1764 943s
[603764.5] P4_A_FAMILY_CAP40_N2880: step 119 PREFIX_EVALUATED_NO_WINNER_DEFERRED pairs=26760 evals=1780 948s
[603766.9] P4_A_FAMILY_CAP40_N2880: step 120 PREFIX_EVALUATED_NO_WINNER_DEFERRED pairs=26760 evals=1796 950s
[603769.4] P4_A_FAMILY_CAP40_N2880: step 121 PREFIX_EVALUATED_NO_WINNER_DEFERRED pairs=26760 evals=1812 952s
[603771.7] P4_A_FAMILY_CAP40_N2880: step 122 PREFIX_EVALUATED_NO_WINNER_DEFERRED pairs=26760 evals=1828 955s
[603773.9] P4_A_FAMILY_CAP40_N2880: step 123 PREFIX_EVALUATED_NO_WINNER_DEFERRED pairs=26760 evals=1844 957s
[603776.1] P4_A_FAMILY_CAP40_N2880: step 124 PREFIX_EVALUATED_NO_WINNER_DEFERRED pairs=26760 evals=1860 959s
[603778.2] P4_A_FAMILY_CAP40_N2880: step 125 PREFIX_EVALUATED_NO_WINNER_DEFERRED pairs=26760 evals=1876 961s
[603780.2] P4_A_FAMILY_CAP40_N2880: step 126 PREFIX_EVALUATED_NO_WINNER_DEFERRED pairs=26760 evals=1892 963s
[603784.7] P4_A_FAMILY_CAP40_N2880: step 127 PREFIX_EVALUATED_NO_WINNER_DEFERRED pairs=26760 evals=1908 968s
[603790.4] P4_A_FAMILY_CAP40_N2880: step 128 PREFIX_EVALUATED_NO_WINNER_DEFERRED pairs=26760 evals=1924 974s
[603796.2] P4_A_FAMILY_CAP40_N2880: step 129 PREFIX_EVALUATED_NO_WINNER_DEFERRED pairs=26760 evals=1940 979s
[603801.8] P4_A_FAMILY_CAP40_N2880: step 130 PREFIX_EVALUATED_NO_WINNER_DEFERRED pairs=26760 evals=1956 985s
[603807.3] P4_A_FAMILY_CAP40_N2880: step 131 PREFIX_EVALUATED_NO_WINNER_DEFERRED pairs=26760 evals=1972 990s
[603812.8] P4_A_FAMILY_CAP40_N2880: step 132 PREFIX_EVALUATED_NO_WINNER_DEFERRED pairs=26760 evals=1988 996s
[603818.3] P4_A_FAMILY_CAP40_N2880: step 133 PREFIX_EVALUATED_NO_WINNER_DEFERRED pairs=26760 evals=2004 1001s
[603824.5] P4_A_FAMILY_CAP40_N2880: step 134 PREFIX_EVALUATED_NO_WINNER_DEFERRED pairs=26760 evals=2020 1008s
[603826.7] P4_A_FAMILY_CAP40_N2880: step 135 PREFIX_EVALUATED_NO_WINNER_DEFERRED pairs=26760 evals=2036 1010s
[603828.8] P4_A_FAMILY_CAP40_N2880: step 136 PREFIX_EVALUATED_NO_WINNER_DEFERRED pairs=26760 evals=2052 1012s
[603831.5] P4_A_FAMILY_CAP40_N2880: step 137 PREFIX_EVALUATED_NO_WINNER_DEFERRED pairs=26760 evals=2068 1015s
[603833.8] P4_A_FAMILY_CAP40_N2880: step 138 PREFIX_EVALUATED_NO_WINNER_DEFERRED pairs=26760 evals=2084 1017s
[603834.0] P4_A_FAMILY_CAP40_N2880: step 139 NO_CANDIDATES_GENERATED pairs=26760 evals=2084 1017s
[603834.1] P4_A_FAMILY_CAP40_N2880: step 140 NO_CANDIDATES_GENERATED pairs=26760 evals=2084 1017s
[603834.3] P4_A_FAMILY_CAP40_N2880: step 141 NO_CANDIDATES_GENERATED pairs=26760 evals=2084 1017s
[603834.5] P4_A_FAMILY_CAP40_N2880: step 142 NO_CANDIDATES_GENERATED pairs=26760 evals=2084 1018s
[603834.6] P4_A_FAMILY_CAP40_N2880: step 143 NO_CANDIDATES_GENERATED pairs=26760 evals=2084 1018s
[603834.8] P4_A_FAMILY_CAP40_N2880: step 144 NO_CANDIDATES_GENERATED pairs=26760 evals=2084 1018s
[603841.0] P4_A_FAMILY_CAP40_N2880: step 145 PREFIX_EVALUATED_NO_WINNER_DEFERRED pairs=26760 evals=2100 1024s
[603847.4] P4_A_FAMILY_CAP40_N2880: step 146 PREFIX_EVALUATED_NO_WINNER_DEFERRED pairs=26760 evals=2116 1031s
[603849.5] P4_A_FAMILY_CAP40_N2880: step 147 PREFIX_EVALUATED_NO_WINNER_DEFERRED pairs=26760 evals=2132 1033s
[603851.6] P4_A_FAMILY_CAP40_N2880: step 148 PREFIX_EVALUATED_NO_WINNER_DEFERRED pairs=26760 evals=2148 1035s
[603854.0] P4_A_FAMILY_CAP40_N2880: step 149 PREFIX_EVALUATED_NO_WINNER_DEFERRED pairs=26760 evals=2164 1037s
[603856.3] P4_A_FAMILY_CAP40_N2880: step 150 PREFIX_EVALUATED_NO_WINNER_DEFERRED pairs=26760 evals=2180 1039s
[603858.7] P4_A_FAMILY_CAP40_N2880: step 151 PREFIX_EVALUATED_NO_WINNER_DEFERRED pairs=26760 evals=2196 1042s
[603864.8] P4_A_FAMILY_CAP40_N2880: step 152 PREFIX_EVALUATED_NO_WINNER_DEFERRED pairs=26760 evals=2212 1048s
[603867.2] P4_A_FAMILY_CAP40_N2880: step 153 PREFIX_EVALUATED_NO_WINNER_DEFERRED pairs=26760 evals=2228 1050s
[603869.4] P4_A_FAMILY_CAP40_N2880: step 154 PREFIX_EVALUATED_NO_WINNER_DEFERRED pairs=26760 evals=2244 1053s
[603871.8] P4_A_FAMILY_CAP40_N2880: step 155 PREFIX_EVALUATED_NO_WINNER_DEFERRED pairs=26760 evals=2260 1055s
[603874.1] P4_A_FAMILY_CAP40_N2880: step 156 PREFIX_EVALUATED_NO_WINNER_DEFERRED pairs=26760 evals=2276 1057s
[603876.5] P4_A_FAMILY_CAP40_N2880: step 157 PREFIX_EVALUATED_NO_WINNER_DEFERRED pairs=26760 evals=2292 1060s
[603878.9] P4_A_FAMILY_CAP40_N2880: step 158 PREFIX_EVALUATED_NO_WINNER_DEFERRED pairs=26760 evals=2308 1062s
[603881.1] P4_A_FAMILY_CAP40_N2880: step 159 PREFIX_EVALUATED_NO_WINNER_DEFERRED pairs=26760 evals=2324 1064s
[603883.6] P4_A_FAMILY_CAP40_N2880: step 160 PREFIX_EVALUATED_NO_WINNER_DEFERRED pairs=26760 evals=2340 1067s
[603885.9] P4_A_FAMILY_CAP40_N2880: step 161 PREFIX_EVALUATED_NO_WINNER_DEFERRED pairs=26760 evals=2356 1069s
[603888.2] P4_A_FAMILY_CAP40_N2880: step 162 PREFIX_EVALUATED_NO_WINNER_DEFERRED pairs=26760 evals=2372 1071s
[603890.5] P4_A_FAMILY_CAP40_N2880: step 163 PREFIX_EVALUATED_NO_WINNER_DEFERRED pairs=26760 evals=2388 1074s
[603892.9] P4_A_FAMILY_CAP40_N2880: step 164 PREFIX_EVALUATED_NO_WINNER_DEFERRED pairs=26760 evals=2404 1076s
[603895.1] P4_A_FAMILY_CAP40_N2880: step 165 PREFIX_EVALUATED_NO_WINNER_DEFERRED pairs=26760 evals=2420 1078s
[603897.3] P4_A_FAMILY_CAP40_N2880: step 166 PREFIX_EVALUATED_NO_WINNER_DEFERRED pairs=26760 evals=2436 1080s
[603899.6] P4_A_FAMILY_CAP40_N2880: step 167 PREFIX_EVALUATED_NO_WINNER_DEFERRED pairs=26760 evals=2452 1083s
[603901.9] P4_A_FAMILY_CAP40_N2880: step 168 PREFIX_EVALUATED_NO_WINNER_DEFERRED pairs=26760 evals=2468 1085s
[603904.2] P4_A_FAMILY_CAP40_N2880: step 169 PREFIX_EVALUATED_NO_WINNER_DEFERRED pairs=26760 evals=2484 1087s
[603906.4] P4_A_FAMILY_CAP40_N2880: step 170 PREFIX_EVALUATED_NO_WINNER_DEFERRED pairs=26760 evals=2500 1090s
[603908.7] P4_A_FAMILY_CAP40_N2880: step 171 PREFIX_EVALUATED_NO_WINNER_DEFERRED pairs=26760 evals=2516 1092s
[603910.9] P4_A_FAMILY_CAP40_N2880: step 172 PREFIX_EVALUATED_NO_WINNER_DEFERRED pairs=26760 evals=2532 1094s
[603913.3] P4_A_FAMILY_CAP40_N2880: step 173 PREFIX_EVALUATED_NO_WINNER_DEFERRED pairs=26760 evals=2548 1096s
[603915.5] P4_A_FAMILY_CAP40_N2880: step 174 PREFIX_EVALUATED_NO_WINNER_DEFERRED pairs=26760 evals=2564 1099s
[603917.7] P4_A_FAMILY_CAP40_N2880: step 175 PREFIX_EVALUATED_NO_WINNER_DEFERRED pairs=26760 evals=2580 1101s
[603919.9] P4_A_FAMILY_CAP40_N2880: step 176 PREFIX_EVALUATED_NO_WINNER_DEFERRED pairs=26760 evals=2596 1103s
[603922.3] P4_A_FAMILY_CAP40_N2880: step 177 PREFIX_EVALUATED_NO_WINNER_DEFERRED pairs=26760 evals=2612 1105s
[603924.8] P4_A_FAMILY_CAP40_N2880: step 178 PREFIX_EVALUATED_NO_WINNER_DEFERRED pairs=26760 evals=2628 1108s
[603927.1] P4_A_FAMILY_CAP40_N2880: step 179 PREFIX_EVALUATED_NO_WINNER_DEFERRED pairs=26760 evals=2644 1110s
[603929.3] P4_A_FAMILY_CAP40_N2880: step 180 PREFIX_EVALUATED_NO_WINNER_DEFERRED pairs=26760 evals=2660 1112s
[603931.6] P4_A_FAMILY_CAP40_N2880: step 181 PREFIX_EVALUATED_NO_WINNER_DEFERRED pairs=26760 evals=2676 1115s
[603934.0] P4_A_FAMILY_CAP40_N2880: step 182 PREFIX_EVALUATED_NO_WINNER_DEFERRED pairs=26760 evals=2692 1117s
[603938.3] P4_A_FAMILY_CAP40_N2880: step 183 PREFIX_EVALUATED_NO_WINNER_DEFERRED pairs=26760 evals=2708 1121s
[603941.7] P4_A_FAMILY_CAP40_N2880: step 184 ALL_CANDIDATES_REJECTED pairs=26760 evals=2717 1125s
[603944.1] P4_A_FAMILY_CAP40_N2880: step 185 PREFIX_EVALUATED_NO_WINNER_DEFERRED pairs=26760 evals=2733 1127s
[603946.2] P4_A_FAMILY_CAP40_N2880: step 186 PREFIX_EVALUATED_NO_WINNER_DEFERRED pairs=26760 evals=2749 1129s
[603948.7] P4_A_FAMILY_CAP40_N2880: step 187 PREFIX_EVALUATED_NO_WINNER_DEFERRED pairs=26760 evals=2765 1132s
[603950.7] P4_A_FAMILY_CAP40_N2880: step 188 PREFIX_EVALUATED_NO_WINNER_DEFERRED pairs=26760 evals=2781 1134s
[603953.1] P4_A_FAMILY_CAP40_N2880: step 189 PREFIX_EVALUATED_NO_WINNER_DEFERRED pairs=26760 evals=2797 1136s
[603955.5] P4_A_FAMILY_CAP40_N2880: step 190 PREFIX_EVALUATED_NO_WINNER_DEFERRED pairs=26760 evals=2813 1139s
[603957.8] P4_A_FAMILY_CAP40_N2880: step 191 PREFIX_EVALUATED_NO_WINNER_DEFERRED pairs=26760 evals=2829 1141s
[603960.1] P4_A_FAMILY_CAP40_N2880: step 192 PREFIX_EVALUATED_NO_WINNER_DEFERRED pairs=26760 evals=2845 1143s
[603962.5] P4_A_FAMILY_CAP40_N2880: step 193 PREFIX_EVALUATED_NO_WINNER_DEFERRED pairs=26760 evals=2861 1146s
[603964.9] P4_A_FAMILY_CAP40_N2880: step 194 PREFIX_EVALUATED_NO_WINNER_DEFERRED pairs=26760 evals=2877 1148s
[603965.6] P4_A_FAMILY_CAP40_N2880: step 195 ABORTED_CANDIDATE_BUDGET pairs=26760 evals=2880 1149s
[603966.0] P4_A_FAMILY_CAP40_N2880: done final=26760 moves=82 first=82 reloc=0 ret=0 evals=2880 stop=CANDIDATE_BUDGET_EXHAUSTED
[604024.2] P4_A_FAMILY_CAP40_N2880: recheck PASS checks=130816
GROUP DONE P4_A_FAMILY_CAP40_N2880 PASS
