start-state rescan (challenge) ...
  challenge PASS pairs=30999 unresolved=3 elevated=77
[599033.6] P4_BASE_E2_CAP40_RC2880: start mode=R budget=2880 spec={"name": "P4_BASE_E2_CAP40", "target_policy": "LEGACY", "evaluation_policy": "E2_ORDERED_K16", "traversal_policy": "BASE", "max_targets": 2000, "k_per_target": 16, "family_round_robin": false, "relocation_side_reserve": 0, "waiting_age": false, "route_coverage": false, "multi_anchor": false, "exact_dedup": false, "decision_cache": false, "return_action": false, "cache_structural_skips": false, "window_slack_mm": 1e-05, "generation_domain": "LINE_ONLY", "path_window_settings": null, "stage_length_cap_mm": 40.0, "notes": ""}
[599033.6] P4_BASE_E2_CAP40_RC2880: start state=challenge C:\Users\lihao\Desktop\Graduation Project\OpticalWaveguideRouter3D\outputs\3d_strategy_v4\512_full_layout\N2880 pairs=30999
[599038.6] P4_BASE_E2_CAP40_RC2880: INITIAL_DONE pairs=30999
[599038.7] P4_BASE_E2_CAP40_RC2880: step 1 NO_CANDIDATES_GENERATED pairs=30999 evals=0 0s
[599038.8] P4_BASE_E2_CAP40_RC2880: step 2 NO_CANDIDATES_GENERATED pairs=30999 evals=0 0s
[599038.9] P4_BASE_E2_CAP40_RC2880: step 3 NO_CANDIDATES_GENERATED pairs=30999 evals=0 0s
[599039.0] P4_BASE_E2_CAP40_RC2880: step 4 NO_CANDIDATES_GENERATED pairs=30999 evals=0 0s
[599039.1] P4_BASE_E2_CAP40_RC2880: step 5 NO_CANDIDATES_GENERATED pairs=30999 evals=0 1s
[599039.2] P4_BASE_E2_CAP40_RC2880: step 6 NO_CANDIDATES_GENERATED pairs=30999 evals=0 1s
[599046.0] P4_BASE_E2_CAP40_RC2880: step 7 ELEVATED pairs=30804 evals=16 7s
[599053.2] P4_BASE_E2_CAP40_RC2880: step 8 ELEVATED pairs=30611 evals=32 15s
[599061.5] P4_BASE_E2_CAP40_RC2880: step 9 ELEVATED pairs=30460 evals=48 23s
[599069.4] P4_BASE_E2_CAP40_RC2880: step 10 ELEVATED pairs=30309 evals=64 31s
[599069.7] P4_BASE_E2_CAP40_RC2880: step 11 NO_CANDIDATES_GENERATED pairs=30309 evals=64 31s
[599081.5] P4_BASE_E2_CAP40_RC2880: step 12 ELEVATED pairs=30119 evals=80 43s
[599094.6] P4_BASE_E2_CAP40_RC2880: step 13 ELEVATED pairs=29931 evals=96 56s
[599109.8] P4_BASE_E2_CAP40_RC2880: step 14 ELEVATED pairs=29745 evals=112 71s
[599120.5] P4_BASE_E2_CAP40_RC2880: step 15 ELEVATED pairs=29554 evals=128 82s
[599136.4] P4_BASE_E2_CAP40_RC2880: step 16 ELEVATED pairs=29370 evals=144 98s
[599147.1] P4_BASE_E2_CAP40_RC2880: step 17 ELEVATED pairs=29181 evals=160 109s
[599154.4] P4_BASE_E2_CAP40_RC2880: step 18 ELEVATED pairs=29006 evals=176 116s
[599163.0] P4_BASE_E2_CAP40_RC2880: step 19 ELEVATED pairs=28833 evals=192 124s
[599173.9] P4_BASE_E2_CAP40_RC2880: step 20 ELEVATED pairs=28662 evals=208 135s
[599181.1] P4_BASE_E2_CAP40_RC2880: step 21 ELEVATED pairs=28479 evals=224 143s
[599188.9] P4_BASE_E2_CAP40_RC2880: step 22 ELEVATED pairs=28374 evals=240 150s
[599196.7] P4_BASE_E2_CAP40_RC2880: step 23 ELEVATED pairs=28193 evals=256 158s
[599213.6] P4_BASE_E2_CAP40_RC2880: step 24 ELEVATED pairs=28033 evals=272 175s
[599222.7] P4_BASE_E2_CAP40_RC2880: step 25 ELEVATED pairs=27854 evals=288 184s
[599232.0] P4_BASE_E2_CAP40_RC2880: step 26 ELEVATED pairs=27677 evals=304 193s
[599241.6] P4_BASE_E2_CAP40_RC2880: step 27 ELEVATED pairs=27511 evals=320 203s
[599247.7] P4_BASE_E2_CAP40_RC2880: step 28 ELEVATED pairs=27345 evals=329 209s
[599257.1] P4_BASE_E2_CAP40_RC2880: step 29 ELEVATED pairs=27181 evals=345 219s
[599263.2] P4_BASE_E2_CAP40_RC2880: step 30 ELEVATED pairs=27017 evals=354 225s
[599272.7] P4_BASE_E2_CAP40_RC2880: step 31 ELEVATED pairs=26856 evals=370 234s
[599278.6] P4_BASE_E2_CAP40_RC2880: step 32 ELEVATED pairs=26694 evals=379 240s
[599288.3] P4_BASE_E2_CAP40_RC2880: step 33 ELEVATED pairs=26535 evals=395 250s
[599288.5] P4_BASE_E2_CAP40_RC2880: step 34 NO_CANDIDATES_GENERATED pairs=26535 evals=395 250s
[599294.4] P4_BASE_E2_CAP40_RC2880: step 35 ELEVATED pairs=26375 evals=404 256s
[599304.2] P4_BASE_E2_CAP40_RC2880: step 36 ELEVATED pairs=26218 evals=420 266s
[599314.5] P4_BASE_E2_CAP40_RC2880: step 37 ELEVATED pairs=26063 evals=436 276s
[599325.0] P4_BASE_E2_CAP40_RC2880: step 38 ELEVATED pairs=25909 evals=452 286s
[599336.5] P4_BASE_E2_CAP40_RC2880: step 39 ELEVATED pairs=25757 evals=468 298s
[599345.2] P4_BASE_E2_CAP40_RC2880: step 40 ELEVATED pairs=25607 evals=484 307s
[599359.4] P4_BASE_E2_CAP40_RC2880: step 41 ELEVATED pairs=25457 evals=500 321s
[599368.8] P4_BASE_E2_CAP40_RC2880: step 42 ELEVATED pairs=25321 evals=516 330s
[599382.6] P4_BASE_E2_CAP40_RC2880: step 43 ELEVATED pairs=25173 evals=532 344s
[599391.4] P4_BASE_E2_CAP40_RC2880: step 44 ELEVATED pairs=25039 evals=548 353s
[599399.2] P4_BASE_E2_CAP40_RC2880: step 45 ELEVATED pairs=24954 evals=564 361s
[599413.7] P4_BASE_E2_CAP40_RC2880: step 46 ELEVATED pairs=24804 evals=580 375s
[599420.2] P4_BASE_E2_CAP40_RC2880: step 47 ELEVATED pairs=24685 evals=596 382s
[599434.5] P4_BASE_E2_CAP40_RC2880: step 48 ELEVATED pairs=24537 evals=612 396s
[599441.9] P4_BASE_E2_CAP40_RC2880: step 49 ELEVATED pairs=24398 evals=628 403s
[599455.5] P4_BASE_E2_CAP40_RC2880: step 50 ELEVATED pairs=24252 evals=644 417s
[599469.7] P4_BASE_E2_CAP40_RC2880: step 51 ELEVATED pairs=24108 evals=660 431s
[599479.6] P4_BASE_E2_CAP40_RC2880: step 52 ELEVATED pairs=23963 evals=676 441s
[599488.0] P4_BASE_E2_CAP40_RC2880: step 53 ELEVATED pairs=23864 evals=692 449s
[599495.9] P4_BASE_E2_CAP40_RC2880: step 54 ELEVATED pairs=23767 evals=708 457s
[599506.2] P4_BASE_E2_CAP40_RC2880: step 55 ELEVATED pairs=23624 evals=724 468s
[599514.6] P4_BASE_E2_CAP40_RC2880: step 56 ELEVATED pairs=23541 evals=740 476s
[599526.4] P4_BASE_E2_CAP40_RC2880: step 57 ELEVATED pairs=23400 evals=756 488s
[599534.4] P4_BASE_E2_CAP40_RC2880: step 58 ELEVATED pairs=23296 evals=772 496s
[599542.8] P4_BASE_E2_CAP40_RC2880: step 59 ELEVATED pairs=23194 evals=788 504s
[599551.2] P4_BASE_E2_CAP40_RC2880: step 60 ELEVATED pairs=23094 evals=804 513s
[599560.5] P4_BASE_E2_CAP40_RC2880: step 61 ELEVATED pairs=23009 evals=820 522s
[599569.3] P4_BASE_E2_CAP40_RC2880: step 62 ELEVATED pairs=22892 evals=836 531s
[599579.0] P4_BASE_E2_CAP40_RC2880: step 63 ELEVATED pairs=22779 evals=852 540s
[599587.0] P4_BASE_E2_CAP40_RC2880: step 64 ELEVATED pairs=22649 evals=868 548s
[599596.9] P4_BASE_E2_CAP40_RC2880: step 65 ELEVATED pairs=22529 evals=884 558s
[599603.8] P4_BASE_E2_CAP40_RC2880: step 66 ELEVATED pairs=22412 evals=900 565s
[599611.7] P4_BASE_E2_CAP40_RC2880: step 67 ELEVATED pairs=22298 evals=916 573s
[599620.7] P4_BASE_E2_CAP40_RC2880: step 68 ELEVATED pairs=22168 evals=932 582s
[599628.0] P4_BASE_E2_CAP40_RC2880: step 69 ELEVATED pairs=22044 evals=948 589s
[599636.7] P4_BASE_E2_CAP40_RC2880: step 70 ELEVATED pairs=21928 evals=964 598s
[599644.0] P4_BASE_E2_CAP40_RC2880: step 71 ELEVATED pairs=21809 evals=980 605s
[599650.9] P4_BASE_E2_CAP40_RC2880: step 72 ELEVATED pairs=21678 evals=996 612s
[599657.8] P4_BASE_E2_CAP40_RC2880: step 73 ELEVATED pairs=21556 evals=1012 619s
[599664.2] P4_BASE_E2_CAP40_RC2880: step 74 ELEVATED pairs=21461 evals=1028 626s
[599675.9] P4_BASE_E2_CAP40_RC2880: step 75 ELEVATED pairs=21381 evals=1037 637s
[599684.4] P4_BASE_E2_CAP40_RC2880: step 76 ELEVATED pairs=21330 evals=1053 646s
[599694.3] P4_BASE_E2_CAP40_RC2880: step 77 ELEVATED pairs=21212 evals=1069 656s
[599704.3] P4_BASE_E2_CAP40_RC2880: step 78 ELEVATED pairs=21096 evals=1085 666s
[599729.4] P4_BASE_E2_CAP40_RC2880: step 79 ELEVATED pairs=20988 evals=1101 691s
[599739.9] P4_BASE_E2_CAP40_RC2880: step 80 ELEVATED pairs=20874 evals=1117 701s
[599749.0] P4_BASE_E2_CAP40_RC2880: step 81 ELEVATED pairs=20765 evals=1133 710s
[599772.1] P4_BASE_E2_CAP40_RC2880: step 82 ELEVATED pairs=20657 evals=1149 734s
[599795.2] P4_BASE_E2_CAP40_RC2880: step 83 ELEVATED pairs=20550 evals=1165 757s
[599802.9] P4_BASE_E2_CAP40_RC2880: step 84 ELEVATED pairs=20466 evals=1181 764s
[599826.5] P4_BASE_E2_CAP40_RC2880: step 85 ELEVATED pairs=20360 evals=1197 788s
[599847.0] P4_BASE_E2_CAP40_RC2880: step 86 ELEVATED pairs=20240 evals=1213 808s
[599856.8] P4_BASE_E2_CAP40_RC2880: step 87 ELEVATED pairs=20154 evals=1229 818s
[599863.8] P4_BASE_E2_CAP40_RC2880: step 88 ELEVATED pairs=20099 evals=1245 825s
[599875.4] P4_BASE_E2_CAP40_RC2880: step 89 ELEVATED pairs=19950 evals=1261 837s
[599882.7] P4_BASE_E2_CAP40_RC2880: step 90 ELEVATED pairs=19898 evals=1277 844s
[599893.9] P4_BASE_E2_CAP40_RC2880: step 91 ELEVATED pairs=19751 evals=1293 855s
[599903.4] P4_BASE_E2_CAP40_RC2880: step 92 ELEVATED pairs=19666 evals=1309 865s
[599914.0] P4_BASE_E2_CAP40_RC2880: step 93 ELEVATED pairs=19521 evals=1325 875s
[599923.5] P4_BASE_E2_CAP40_RC2880: step 94 ELEVATED pairs=19437 evals=1341 885s
[599934.0] P4_BASE_E2_CAP40_RC2880: step 95 ELEVATED pairs=19294 evals=1357 895s
[599941.8] P4_BASE_E2_CAP40_RC2880: step 96 ELEVATED pairs=19217 evals=1373 903s
[599949.5] P4_BASE_E2_CAP40_RC2880: step 97 ELEVATED pairs=19140 evals=1389 911s
[599957.1] P4_BASE_E2_CAP40_RC2880: step 98 ELEVATED pairs=19063 evals=1405 919s
[599957.3] P4_BASE_E2_CAP40_RC2880: step 99 NO_CANDIDATES_GENERATED pairs=19063 evals=1405 919s
[599961.4] P4_BASE_E2_CAP40_RC2880: step 100 ELEVATED pairs=18958 evals=1414 923s
[599969.2] P4_BASE_E2_CAP40_RC2880: step 101 ELEVATED pairs=18893 evals=1430 931s
[599976.5] P4_BASE_E2_CAP40_RC2880: step 102 ELEVATED pairs=18828 evals=1446 938s
[599986.7] P4_BASE_E2_CAP40_RC2880: step 103 ELEVATED pairs=18739 evals=1462 948s
[599993.9] P4_BASE_E2_CAP40_RC2880: step 104 ELEVATED pairs=18674 evals=1478 955s
[600001.4] P4_BASE_E2_CAP40_RC2880: step 105 ELEVATED pairs=18609 evals=1494 963s
[600008.1] P4_BASE_E2_CAP40_RC2880: step 106 ELEVATED pairs=18572 evals=1510 969s
[600013.4] P4_BASE_E2_CAP40_RC2880: step 107 ELEVATED pairs=18480 evals=1519 975s
[600021.8] P4_BASE_E2_CAP40_RC2880: step 108 ELEVATED pairs=18409 evals=1535 983s
[600028.7] P4_BASE_E2_CAP40_RC2880: step 109 ELEVATED pairs=18374 evals=1551 990s
[600036.1] P4_BASE_E2_CAP40_RC2880: step 110 ELEVATED pairs=18309 evals=1567 998s
[600042.4] P4_BASE_E2_CAP40_RC2880: step 111 ELEVATED pairs=18265 evals=1583 1004s
[600048.8] P4_BASE_E2_CAP40_RC2880: step 112 ELEVATED pairs=18175 evals=1592 1010s
[600055.2] P4_BASE_E2_CAP40_RC2880: step 113 ELEVATED pairs=18131 evals=1608 1017s
[600061.7] P4_BASE_E2_CAP40_RC2880: step 114 ELEVATED pairs=18097 evals=1624 1023s
[600069.8] P4_BASE_E2_CAP40_RC2880: step 115 ELEVATED pairs=18029 evals=1640 1031s
[600080.9] P4_BASE_E2_CAP40_RC2880: step 116 ELEVATED pairs=17977 evals=1649 1042s
[600081.1] P4_BASE_E2_CAP40_RC2880: step 117 NO_CANDIDATES_GENERATED pairs=17977 evals=1649 1043s
[600081.3] P4_BASE_E2_CAP40_RC2880: step 118 NO_CANDIDATES_GENERATED pairs=17977 evals=1649 1043s
[600081.5] P4_BASE_E2_CAP40_RC2880: step 119 NO_CANDIDATES_GENERATED pairs=17977 evals=1649 1043s
[600081.6] P4_BASE_E2_CAP40_RC2880: step 120 NO_CANDIDATES_GENERATED pairs=17977 evals=1649 1043s
[600081.8] P4_BASE_E2_CAP40_RC2880: step 121 NO_CANDIDATES_GENERATED pairs=17977 evals=1649 1043s
[600082.0] P4_BASE_E2_CAP40_RC2880: step 122 NO_CANDIDATES_GENERATED pairs=17977 evals=1649 1043s
[600082.1] P4_BASE_E2_CAP40_RC2880: step 123 NO_CANDIDATES_GENERATED pairs=17977 evals=1649 1044s
[600082.3] P4_BASE_E2_CAP40_RC2880: step 124 NO_CANDIDATES_GENERATED pairs=17977 evals=1649 1044s
[600082.5] P4_BASE_E2_CAP40_RC2880: step 125 NO_CANDIDATES_GENERATED pairs=17977 evals=1649 1044s
[600082.7] P4_BASE_E2_CAP40_RC2880: step 126 NO_CANDIDATES_GENERATED pairs=17977 evals=1649 1044s
[600082.9] P4_BASE_E2_CAP40_RC2880: step 127 NO_CANDIDATES_GENERATED pairs=17977 evals=1649 1044s
[600083.1] P4_BASE_E2_CAP40_RC2880: step 128 NO_CANDIDATES_GENERATED pairs=17977 evals=1649 1044s
[600083.2] P4_BASE_E2_CAP40_RC2880: step 129 NO_CANDIDATES_GENERATED pairs=17977 evals=1649 1045s
[600083.4] P4_BASE_E2_CAP40_RC2880: step 130 NO_CANDIDATES_GENERATED pairs=17977 evals=1649 1045s
[600083.6] P4_BASE_E2_CAP40_RC2880: step 131 NO_CANDIDATES_GENERATED pairs=17977 evals=1649 1045s
[600083.8] P4_BASE_E2_CAP40_RC2880: step 132 NO_CANDIDATES_GENERATED pairs=17977 evals=1649 1045s
[600091.3] P4_BASE_E2_CAP40_RC2880: step 133 ELEVATED pairs=17916 evals=1665 1053s
[600105.6] P4_BASE_E2_CAP40_RC2880: step 134 ELEVATED pairs=17831 evals=1681 1067s
[600113.2] P4_BASE_E2_CAP40_RC2880: step 135 ELEVATED pairs=17765 evals=1697 1075s
[600127.4] P4_BASE_E2_CAP40_RC2880: step 136 ELEVATED pairs=17681 evals=1713 1089s
[600134.5] P4_BASE_E2_CAP40_RC2880: step 137 ELEVATED pairs=17615 evals=1729 1096s
[600141.4] P4_BASE_E2_CAP40_RC2880: step 138 ELEVATED pairs=17549 evals=1745 1103s
[600150.6] P4_BASE_E2_CAP40_RC2880: step 139 ELEVATED pairs=17483 evals=1761 1112s
[600162.7] P4_BASE_E2_CAP40_RC2880: step 140 RELOCATED pairs=17469 evals=1777 1124s
[600170.7] P4_BASE_E2_CAP40_RC2880: step 141 ELEVATED pairs=17430 evals=1793 1132s
[600171.0] P4_BASE_E2_CAP40_RC2880: step 142 NO_CANDIDATES_GENERATED pairs=17430 evals=1793 1132s
[600171.4] P4_BASE_E2_CAP40_RC2880: step 143 NO_CANDIDATES_GENERATED pairs=17430 evals=1793 1133s
[600171.8] P4_BASE_E2_CAP40_RC2880: step 144 NO_CANDIDATES_GENERATED pairs=17430 evals=1793 1133s
[600172.2] P4_BASE_E2_CAP40_RC2880: step 145 NO_CANDIDATES_GENERATED pairs=17430 evals=1793 1134s
[600172.6] P4_BASE_E2_CAP40_RC2880: step 146 NO_CANDIDATES_GENERATED pairs=17430 evals=1793 1134s
[600172.9] P4_BASE_E2_CAP40_RC2880: step 147 NO_CANDIDATES_GENERATED pairs=17430 evals=1793 1134s
[600173.3] P4_BASE_E2_CAP40_RC2880: step 148 NO_CANDIDATES_GENERATED pairs=17430 evals=1793 1135s
[600173.7] P4_BASE_E2_CAP40_RC2880: step 149 NO_CANDIDATES_GENERATED pairs=17430 evals=1793 1135s
[600174.1] P4_BASE_E2_CAP40_RC2880: step 150 NO_CANDIDATES_GENERATED pairs=17430 evals=1793 1136s
[600174.4] P4_BASE_E2_CAP40_RC2880: step 151 NO_CANDIDATES_GENERATED pairs=17430 evals=1793 1136s
[600174.8] P4_BASE_E2_CAP40_RC2880: step 152 NO_CANDIDATES_GENERATED pairs=17430 evals=1793 1136s
[600175.2] P4_BASE_E2_CAP40_RC2880: step 153 NO_CANDIDATES_GENERATED pairs=17430 evals=1793 1137s
[600183.0] P4_BASE_E2_CAP40_RC2880: step 154 ELEVATED pairs=17391 evals=1809 1144s
[600183.5] P4_BASE_E2_CAP40_RC2880: step 155 NO_CANDIDATES_GENERATED pairs=17391 evals=1809 1145s
[600184.0] P4_BASE_E2_CAP40_RC2880: step 156 NO_CANDIDATES_GENERATED pairs=17391 evals=1809 1145s
[600184.5] P4_BASE_E2_CAP40_RC2880: step 157 NO_CANDIDATES_GENERATED pairs=17391 evals=1809 1146s
[600185.0] P4_BASE_E2_CAP40_RC2880: step 158 NO_CANDIDATES_GENERATED pairs=17391 evals=1809 1146s
[600194.4] P4_BASE_E2_CAP40_RC2880: step 159 ELEVATED pairs=17275 evals=1825 1156s
[600206.4] P4_BASE_E2_CAP40_RC2880: step 160 RELOCATED pairs=17261 evals=1841 1168s
[600215.1] P4_BASE_E2_CAP40_RC2880: step 161 ELEVATED pairs=17146 evals=1857 1177s
[600223.3] P4_BASE_E2_CAP40_RC2880: step 162 ELEVATED pairs=17033 evals=1873 1185s
[600230.9] P4_BASE_E2_CAP40_RC2880: step 163 ELEVATED pairs=16970 evals=1889 1192s
[600239.7] P4_BASE_E2_CAP40_RC2880: step 164 ELEVATED pairs=16902 evals=1905 1201s
[600246.7] P4_BASE_E2_CAP40_RC2880: step 165 ELEVATED pairs=16796 evals=1921 1208s
[600256.2] P4_BASE_E2_CAP40_RC2880: step 166 ELEVATED pairs=16748 evals=1937 1218s
[600263.5] P4_BASE_E2_CAP40_RC2880: step 167 ELEVATED pairs=16700 evals=1953 1225s
[600271.0] P4_BASE_E2_CAP40_RC2880: step 168 ELEVATED pairs=16652 evals=1969 1232s
[600277.7] P4_BASE_E2_CAP40_RC2880: step 169 PREFIX_EVALUATED_NO_WINNER_DEFERRED pairs=16652 evals=1985 1239s
[600284.1] P4_BASE_E2_CAP40_RC2880: step 170 PREFIX_EVALUATED_NO_WINNER_DEFERRED pairs=16652 evals=2001 1246s
[600291.3] P4_BASE_E2_CAP40_RC2880: step 171 PREFIX_EVALUATED_NO_WINNER_DEFERRED pairs=16652 evals=2017 1253s
[600297.8] P4_BASE_E2_CAP40_RC2880: step 172 PREFIX_EVALUATED_NO_WINNER_DEFERRED pairs=16652 evals=2033 1259s
[600304.7] P4_BASE_E2_CAP40_RC2880: step 173 PREFIX_EVALUATED_NO_WINNER_DEFERRED pairs=16652 evals=2049 1266s
[600312.6] P4_BASE_E2_CAP40_RC2880: step 174 ELEVATED pairs=16614 evals=2065 1274s
[600319.6] P4_BASE_E2_CAP40_RC2880: step 175 PREFIX_EVALUATED_NO_WINNER_DEFERRED pairs=16614 evals=2081 1281s
[600326.4] P4_BASE_E2_CAP40_RC2880: step 176 PREFIX_EVALUATED_NO_WINNER_DEFERRED pairs=16614 evals=2097 1288s
[600333.8] P4_BASE_E2_CAP40_RC2880: step 177 PREFIX_EVALUATED_NO_WINNER_DEFERRED pairs=16614 evals=2113 1295s
[600340.5] P4_BASE_E2_CAP40_RC2880: step 178 PREFIX_EVALUATED_NO_WINNER_DEFERRED pairs=16614 evals=2129 1302s
[600347.4] P4_BASE_E2_CAP40_RC2880: step 179 PREFIX_EVALUATED_NO_WINNER_DEFERRED pairs=16614 evals=2145 1309s
[600355.6] P4_BASE_E2_CAP40_RC2880: step 180 PREFIX_EVALUATED_NO_WINNER_DEFERRED pairs=16614 evals=2161 1317s
[600363.1] P4_BASE_E2_CAP40_RC2880: step 181 PREFIX_EVALUATED_NO_WINNER_DEFERRED pairs=16614 evals=2177 1325s
[600371.2] P4_BASE_E2_CAP40_RC2880: step 182 ELEVATED pairs=16602 evals=2193 1333s
[600377.7] P4_BASE_E2_CAP40_RC2880: step 183 PREFIX_EVALUATED_NO_WINNER_DEFERRED pairs=16602 evals=2209 1339s
[600385.1] P4_BASE_E2_CAP40_RC2880: step 184 PREFIX_EVALUATED_NO_WINNER_DEFERRED pairs=16602 evals=2225 1347s
[600391.5] P4_BASE_E2_CAP40_RC2880: step 185 PREFIX_EVALUATED_NO_WINNER_DEFERRED pairs=16602 evals=2241 1353s
[600398.1] P4_BASE_E2_CAP40_RC2880: step 186 PREFIX_EVALUATED_NO_WINNER_DEFERRED pairs=16602 evals=2257 1360s
[600405.7] P4_BASE_E2_CAP40_RC2880: step 187 ELEVATED pairs=16588 evals=2273 1367s
[600411.9] P4_BASE_E2_CAP40_RC2880: step 188 PREFIX_EVALUATED_NO_WINNER_DEFERRED pairs=16588 evals=2289 1373s
[600418.7] P4_BASE_E2_CAP40_RC2880: step 189 PREFIX_EVALUATED_NO_WINNER_DEFERRED pairs=16588 evals=2305 1380s
[600424.7] P4_BASE_E2_CAP40_RC2880: step 190 PREFIX_EVALUATED_NO_WINNER_DEFERRED pairs=16588 evals=2321 1386s
[600430.9] P4_BASE_E2_CAP40_RC2880: step 191 PREFIX_EVALUATED_NO_WINNER_DEFERRED pairs=16588 evals=2337 1392s
[600439.3] P4_BASE_E2_CAP40_RC2880: step 192 RELOCATED pairs=16549 evals=2353 1401s
[600446.3] P4_BASE_E2_CAP40_RC2880: step 193 PREFIX_EVALUATED_NO_WINNER_DEFERRED pairs=16549 evals=2369 1408s
[600453.7] P4_BASE_E2_CAP40_RC2880: step 194 PREFIX_EVALUATED_NO_WINNER_DEFERRED pairs=16549 evals=2385 1415s
[600460.3] P4_BASE_E2_CAP40_RC2880: step 195 PREFIX_EVALUATED_NO_WINNER_DEFERRED pairs=16549 evals=2401 1422s
[600466.8] P4_BASE_E2_CAP40_RC2880: step 196 PREFIX_EVALUATED_NO_WINNER_DEFERRED pairs=16549 evals=2417 1428s
[600475.1] P4_BASE_E2_CAP40_RC2880: step 197 ELEVATED pairs=16537 evals=2433 1437s
[600482.5] P4_BASE_E2_CAP40_RC2880: step 198 PREFIX_EVALUATED_NO_WINNER_DEFERRED pairs=16537 evals=2449 1444s
[600489.0] P4_BASE_E2_CAP40_RC2880: step 199 PREFIX_EVALUATED_NO_WINNER_DEFERRED pairs=16537 evals=2465 1450s
[600495.7] P4_BASE_E2_CAP40_RC2880: step 200 PREFIX_EVALUATED_NO_WINNER_DEFERRED pairs=16537 evals=2481 1457s
[600503.5] P4_BASE_E2_CAP40_RC2880: step 201 PREFIX_EVALUATED_NO_WINNER_DEFERRED pairs=16537 evals=2497 1465s
[600511.5] P4_BASE_E2_CAP40_RC2880: step 202 ELEVATED pairs=16525 evals=2513 1473s
[600517.9] P4_BASE_E2_CAP40_RC2880: step 203 PREFIX_EVALUATED_NO_WINNER_DEFERRED pairs=16525 evals=2529 1479s
[600524.4] P4_BASE_E2_CAP40_RC2880: step 204 PREFIX_EVALUATED_NO_WINNER_DEFERRED pairs=16525 evals=2545 1486s
[600533.2] P4_BASE_E2_CAP40_RC2880: step 205 ELEVATED pairs=16497 evals=2561 1495s
[600539.7] P4_BASE_E2_CAP40_RC2880: step 206 PREFIX_EVALUATED_NO_WINNER_DEFERRED pairs=16497 evals=2577 1501s
[600546.7] P4_BASE_E2_CAP40_RC2880: step 207 PREFIX_EVALUATED_NO_WINNER_DEFERRED pairs=16497 evals=2593 1508s
[600555.5] P4_BASE_E2_CAP40_RC2880: step 208 ELEVATED pairs=16485 evals=2609 1517s
[600562.5] P4_BASE_E2_CAP40_RC2880: step 209 PREFIX_EVALUATED_NO_WINNER_DEFERRED pairs=16485 evals=2625 1524s
[600571.0] P4_BASE_E2_CAP40_RC2880: step 210 PREFIX_EVALUATED_NO_WINNER_DEFERRED pairs=16485 evals=2641 1532s
[600579.8] P4_BASE_E2_CAP40_RC2880: step 211 ELEVATED pairs=16473 evals=2657 1541s
[600586.5] P4_BASE_E2_CAP40_RC2880: step 212 ELEVATED pairs=16460 evals=2673 1548s
[600596.9] P4_BASE_E2_CAP40_RC2880: step 213 ELEVATED pairs=16439 evals=2689 1558s
[600608.0] P4_BASE_E2_CAP40_RC2880: step 214 ELEVATED pairs=16388 evals=2705 1569s
[600617.6] P4_BASE_E2_CAP40_RC2880: step 215 RELOCATED pairs=16352 evals=2721 1579s
[600628.5] P4_BASE_E2_CAP40_RC2880: step 216 PREFIX_EVALUATED_NO_WINNER_DEFERRED pairs=16352 evals=2737 1590s
[600638.8] P4_BASE_E2_CAP40_RC2880: step 217 RELOCATED pairs=16351 evals=2753 1600s
[600651.2] P4_BASE_E2_CAP40_RC2880: step 218 PREFIX_EVALUATED_NO_WINNER_DEFERRED pairs=16351 evals=2769 1613s
[600661.4] P4_BASE_E2_CAP40_RC2880: step 219 RELOCATED pairs=16309 evals=2785 1623s
[600674.7] P4_BASE_E2_CAP40_RC2880: step 220 PREFIX_EVALUATED_NO_WINNER_DEFERRED pairs=16309 evals=2801 1636s
[600685.1] P4_BASE_E2_CAP40_RC2880: step 221 PREFIX_EVALUATED_NO_WINNER_DEFERRED pairs=16309 evals=2817 1647s
[600695.2] P4_BASE_E2_CAP40_RC2880: step 222 PREFIX_EVALUATED_NO_WINNER_DEFERRED pairs=16309 evals=2833 1657s
[600705.1] P4_BASE_E2_CAP40_RC2880: step 223 PREFIX_EVALUATED_NO_WINNER_DEFERRED pairs=16309 evals=2849 1667s
[600715.0] P4_BASE_E2_CAP40_RC2880: step 224 PREFIX_EVALUATED_NO_WINNER_DEFERRED pairs=16309 evals=2865 1676s
[600721.6] P4_BASE_E2_CAP40_RC2880: step 225 ELEVATED pairs=16285 evals=2880 1683s
[600722.1] P4_BASE_E2_CAP40_RC2880: done final=16285 moves=143 first=137 reloc=6 ret=0 evals=2880 stop=CANDIDATE_BUDGET_EXHAUSTED
[600802.5] P4_BASE_E2_CAP40_RC2880: recheck PASS checks=130816
GROUP DONE P4_BASE_E2_CAP40_RC2880 PASS
