start-state rescan (main) ...
  main PASS pairs=42909 unresolved=3 elevated=24
[598598.4] P5_CACHE_ON_R1440_seq3: start mode=R budget=1440 spec={"name": "P5_CACHE_ON", "target_policy": "LEGACY", "evaluation_policy": "E2_ORDERED_K16", "traversal_policy": "BASE", "max_targets": 200, "k_per_target": 16, "family_round_robin": false, "relocation_side_reserve": 0, "waiting_age": false, "route_coverage": false, "multi_anchor": false, "exact_dedup": false, "decision_cache": true, "return_action": false, "cache_structural_skips": false, "window_slack_mm": 1e-05, "generation_domain": "LINE_ONLY", "path_window_settings": null, "stage_length_cap_mm": null, "notes": ""}
[598598.4] P5_CACHE_ON_R1440_seq3: start state=main C:\Users\lihao\Desktop\Graduation Project\OpticalWaveguideRouter3D\outputs\3d_strategy_v3\512_ablation\D_both_enabled pairs=42909
[598600.2] P5_CACHE_ON_R1440_seq3: INITIAL_DONE pairs=42909
[598600.3] P5_CACHE_ON_R1440_seq3: step 1 NO_CANDIDATES_GENERATED pairs=42909 evals=0 0s
[598600.3] P5_CACHE_ON_R1440_seq3: step 2 NO_CANDIDATES_GENERATED pairs=42909 evals=0 0s
[598603.0] P5_CACHE_ON_R1440_seq3: step 3 ELEVATED pairs=42661 evals=16 2s
[598607.5] P5_CACHE_ON_R1440_seq3: step 4 ELEVATED pairs=42487 evals=32 7s
[598611.3] P5_CACHE_ON_R1440_seq3: step 5 ELEVATED pairs=42305 evals=48 11s
[598615.2] P5_CACHE_ON_R1440_seq3: step 6 ELEVATED pairs=42121 evals=64 15s
[598619.0] P5_CACHE_ON_R1440_seq3: step 7 ELEVATED pairs=41936 evals=80 19s
[598621.9] P5_CACHE_ON_R1440_seq3: step 8 ELEVATED pairs=41680 evals=96 21s
[598625.9] P5_CACHE_ON_R1440_seq3: step 9 ELEVATED pairs=41486 evals=112 25s
[598628.6] P5_CACHE_ON_R1440_seq3: step 10 ELEVATED pairs=41225 evals=128 28s
[598634.0] P5_CACHE_ON_R1440_seq3: step 11 ELEVATED pairs=41046 evals=144 33s
[598639.3] P5_CACHE_ON_R1440_seq3: step 12 ELEVATED pairs=40867 evals=160 39s
[598641.9] P5_CACHE_ON_R1440_seq3: step 13 ELEVATED pairs=40628 evals=176 41s
[598645.4] P5_CACHE_ON_R1440_seq3: step 14 ELEVATED pairs=40377 evals=192 45s
[598647.8] P5_CACHE_ON_R1440_seq3: step 15 ELEVATED pairs=40136 evals=208 47s
[598651.3] P5_CACHE_ON_R1440_seq3: step 16 ELEVATED pairs=39887 evals=224 51s
[598654.8] P5_CACHE_ON_R1440_seq3: step 17 ELEVATED pairs=39640 evals=240 54s
[598658.1] P5_CACHE_ON_R1440_seq3: step 18 ELEVATED pairs=39399 evals=256 58s
[598661.7] P5_CACHE_ON_R1440_seq3: step 19 ELEVATED pairs=39175 evals=272 61s
[598665.2] P5_CACHE_ON_R1440_seq3: step 20 ELEVATED pairs=38969 evals=288 65s
[598669.8] P5_CACHE_ON_R1440_seq3: step 21 ELEVATED pairs=38811 evals=304 69s
[598673.5] P5_CACHE_ON_R1440_seq3: step 22 ELEVATED pairs=38668 evals=320 73s
[598676.7] P5_CACHE_ON_R1440_seq3: step 23 ELEVATED pairs=38466 evals=336 76s
[598680.1] P5_CACHE_ON_R1440_seq3: step 24 ELEVATED pairs=38332 evals=352 80s
[598682.8] P5_CACHE_ON_R1440_seq3: step 25 ELEVATED pairs=38108 evals=368 82s
[598686.3] P5_CACHE_ON_R1440_seq3: step 26 ELEVATED pairs=37974 evals=384 86s
[598689.1] P5_CACHE_ON_R1440_seq3: step 27 ELEVATED pairs=37771 evals=400 89s
[598691.9] P5_CACHE_ON_R1440_seq3: step 28 ELEVATED pairs=37568 evals=416 91s
[598694.3] P5_CACHE_ON_R1440_seq3: step 29 ELEVATED pairs=37338 evals=432 94s
[598696.7] P5_CACHE_ON_R1440_seq3: step 30 ELEVATED pairs=37110 evals=448 96s
[598699.9] P5_CACHE_ON_R1440_seq3: step 31 ELEVATED pairs=36910 evals=464 99s
[598702.3] P5_CACHE_ON_R1440_seq3: step 32 ELEVATED pairs=36684 evals=480 102s
[598705.5] P5_CACHE_ON_R1440_seq3: step 33 ELEVATED pairs=36466 evals=496 105s
[598708.7] P5_CACHE_ON_R1440_seq3: step 34 ELEVATED pairs=36269 evals=512 108s
[598714.5] P5_CACHE_ON_R1440_seq3: step 35 ELEVATED pairs=36073 evals=528 114s
[598718.3] P5_CACHE_ON_R1440_seq3: step 36 ELEVATED pairs=35887 evals=544 118s
[598721.5] P5_CACHE_ON_R1440_seq3: step 37 ELEVATED pairs=35774 evals=560 121s
[598725.2] P5_CACHE_ON_R1440_seq3: step 38 ELEVATED pairs=35543 evals=576 125s
[598728.2] P5_CACHE_ON_R1440_seq3: step 39 ELEVATED pairs=35343 evals=592 128s
[598731.7] P5_CACHE_ON_R1440_seq3: step 40 ELEVATED pairs=35138 evals=608 131s
[598731.8] P5_CACHE_ON_R1440_seq3: step 41 NO_CANDIDATES_GENERATED pairs=35138 evals=608 131s
[598731.9] P5_CACHE_ON_R1440_seq3: step 42 NO_CANDIDATES_GENERATED pairs=35138 evals=608 131s
[598735.5] P5_CACHE_ON_R1440_seq3: step 43 ELEVATED pairs=34935 evals=624 135s
[598739.4] P5_CACHE_ON_R1440_seq3: step 44 ELEVATED pairs=34734 evals=640 139s
[598742.1] P5_CACHE_ON_R1440_seq3: step 45 ELEVATED pairs=34539 evals=656 142s
[598746.2] P5_CACHE_ON_R1440_seq3: step 46 ELEVATED pairs=34340 evals=672 146s
[598750.2] P5_CACHE_ON_R1440_seq3: step 47 ELEVATED pairs=34143 evals=688 150s
[598753.9] P5_CACHE_ON_R1440_seq3: step 48 ELEVATED pairs=33933 evals=704 153s
[598758.3] P5_CACHE_ON_R1440_seq3: step 49 ELEVATED pairs=33738 evals=720 158s
[598762.0] P5_CACHE_ON_R1440_seq3: step 50 ELEVATED pairs=33530 evals=736 161s
[598765.1] P5_CACHE_ON_R1440_seq3: step 51 ELEVATED pairs=33326 evals=752 165s
[598769.8] P5_CACHE_ON_R1440_seq3: step 52 ELEVATED pairs=33133 evals=768 169s
[598773.4] P5_CACHE_ON_R1440_seq3: step 53 ELEVATED pairs=32926 evals=784 173s
[598778.1] P5_CACHE_ON_R1440_seq3: step 54 ELEVATED pairs=32735 evals=800 178s
[598781.7] P5_CACHE_ON_R1440_seq3: step 55 ELEVATED pairs=32530 evals=816 181s
[598786.6] P5_CACHE_ON_R1440_seq3: step 56 ELEVATED pairs=32341 evals=832 186s
[598790.3] P5_CACHE_ON_R1440_seq3: step 57 ELEVATED pairs=32137 evals=848 190s
[598795.4] P5_CACHE_ON_R1440_seq3: step 58 ELEVATED pairs=31950 evals=864 195s
[598797.9] P5_CACHE_ON_R1440_seq3: step 59 ELEVATED pairs=31792 evals=880 197s
[598801.6] P5_CACHE_ON_R1440_seq3: step 60 ELEVATED pairs=31590 evals=896 201s
[598805.3] P5_CACHE_ON_R1440_seq3: step 61 ELEVATED pairs=31389 evals=912 205s
[598808.6] P5_CACHE_ON_R1440_seq3: step 62 ELEVATED pairs=31226 evals=928 208s
[598812.3] P5_CACHE_ON_R1440_seq3: step 63 ELEVATED pairs=31027 evals=944 212s
[598816.0] P5_CACHE_ON_R1440_seq3: step 64 ELEVATED pairs=30829 evals=960 215s
[598816.0] P5_CACHE_ON_R1440_seq3: step 65 NO_CANDIDATES_GENERATED pairs=30829 evals=960 216s
[598816.1] P5_CACHE_ON_R1440_seq3: step 66 NO_CANDIDATES_GENERATED pairs=30829 evals=960 216s
[598816.2] P5_CACHE_ON_R1440_seq3: step 67 NO_CANDIDATES_GENERATED pairs=30829 evals=960 216s
[598819.9] P5_CACHE_ON_R1440_seq3: step 68 ELEVATED pairs=30633 evals=976 219s
[598823.1] P5_CACHE_ON_R1440_seq3: step 69 ELEVATED pairs=30481 evals=992 223s
[598826.2] P5_CACHE_ON_R1440_seq3: step 70 ELEVATED pairs=30367 evals=1008 226s
[598830.0] P5_CACHE_ON_R1440_seq3: step 71 ELEVATED pairs=30214 evals=1024 230s
[598832.6] P5_CACHE_ON_R1440_seq3: step 72 ELEVATED pairs=30030 evals=1033 232s
[598836.2] P5_CACHE_ON_R1440_seq3: step 73 ELEVATED pairs=29879 evals=1049 236s
[598838.7] P5_CACHE_ON_R1440_seq3: step 74 ELEVATED pairs=29697 evals=1058 238s
[598842.3] P5_CACHE_ON_R1440_seq3: step 75 ELEVATED pairs=29548 evals=1074 242s
[598844.9] P5_CACHE_ON_R1440_seq3: step 76 ELEVATED pairs=29368 evals=1083 244s
[598847.3] P5_CACHE_ON_R1440_seq3: step 77 ELEVATED pairs=29190 evals=1092 247s
[598853.8] P5_CACHE_ON_R1440_seq3: step 78 ELEVATED pairs=28961 evals=1108 253s
[598856.0] P5_CACHE_ON_R1440_seq3: step 79 ELEVATED pairs=28776 evals=1124 255s
[598858.3] P5_CACHE_ON_R1440_seq3: step 80 ELEVATED pairs=28593 evals=1140 258s
[598860.5] P5_CACHE_ON_R1440_seq3: step 81 ELEVATED pairs=28412 evals=1156 260s
[598862.9] P5_CACHE_ON_R1440_seq3: step 82 ELEVATED pairs=28233 evals=1172 262s
[598865.3] P5_CACHE_ON_R1440_seq3: step 83 ELEVATED pairs=28134 evals=1188 265s
[598868.4] P5_CACHE_ON_R1440_seq3: step 84 ELEVATED pairs=28022 evals=1204 268s
[598870.8] P5_CACHE_ON_R1440_seq3: step 85 ELEVATED pairs=27902 evals=1220 270s
[598873.2] P5_CACHE_ON_R1440_seq3: step 86 ELEVATED pairs=27782 evals=1236 273s
[598875.6] P5_CACHE_ON_R1440_seq3: step 87 ELEVATED pairs=27662 evals=1252 275s
[598877.9] P5_CACHE_ON_R1440_seq3: step 88 ELEVATED pairs=27514 evals=1268 277s
[598880.3] P5_CACHE_ON_R1440_seq3: step 89 ELEVATED pairs=27394 evals=1284 280s
[598883.1] P5_CACHE_ON_R1440_seq3: step 90 ELEVATED pairs=27248 evals=1300 283s
[598886.2] P5_CACHE_ON_R1440_seq3: step 91 ELEVATED pairs=27092 evals=1316 286s
[598888.9] P5_CACHE_ON_R1440_seq3: step 92 PREFIX_EVALUATED_NO_WINNER_DEFERRED pairs=27092 evals=1332 288s
[598891.8] P5_CACHE_ON_R1440_seq3: step 93 ELEVATED pairs=26951 evals=1348 291s
[598892.9] P5_CACHE_ON_R1440_seq3: step 94 PREFIX_EVALUATED_NO_WINNER_DEFERRED pairs=26951 evals=1364 292s
[598896.0] P5_CACHE_ON_R1440_seq3: step 95 ELEVATED pairs=26895 evals=1380 295s
[598899.2] P5_CACHE_ON_R1440_seq3: step 96 ELEVATED pairs=26781 evals=1396 299s
[598903.1] P5_CACHE_ON_R1440_seq3: step 97 ELEVATED pairs=26690 evals=1412 303s
[598906.6] P5_CACHE_ON_R1440_seq3: step 98 ELEVATED pairs=26525 evals=1428 306s
[598908.8] P5_CACHE_ON_R1440_seq3: step 99 ELEVATED pairs=26437 evals=1440 308s
[598908.9] P5_CACHE_ON_R1440_seq3: done final=26437 moves=90 first=90 reloc=0 ret=0 evals=1440 stop=CANDIDATE_BUDGET_EXHAUSTED
[598931.0] P5_CACHE_ON_R1440_seq3: recheck PASS checks=130816
GROUP DONE P5_CACHE_ON_R1440 PASS
