start-state rescan (main) ...
  main PASS pairs=42909 unresolved=3 elevated=24
[597977.0] P5_CACHE_OFF_R1440_seq3: start mode=R budget=1440 spec={"name": "P5_CACHE_OFF", "target_policy": "LEGACY", "evaluation_policy": "E2_ORDERED_K16", "traversal_policy": "BASE", "max_targets": 200, "k_per_target": 16, "family_round_robin": false, "relocation_side_reserve": 0, "waiting_age": false, "route_coverage": false, "multi_anchor": false, "exact_dedup": false, "decision_cache": false, "return_action": false, "cache_structural_skips": false, "window_slack_mm": 1e-05, "generation_domain": "LINE_ONLY", "path_window_settings": null, "stage_length_cap_mm": null, "notes": ""}
[597977.0] P5_CACHE_OFF_R1440_seq3: start state=main C:\Users\lihao\Desktop\Graduation Project\OpticalWaveguideRouter3D\outputs\3d_strategy_v3\512_ablation\D_both_enabled pairs=42909
[597980.2] P5_CACHE_OFF_R1440_seq3: INITIAL_DONE pairs=42909
[597980.3] P5_CACHE_OFF_R1440_seq3: step 1 NO_CANDIDATES_GENERATED pairs=42909 evals=0 0s
[597980.4] P5_CACHE_OFF_R1440_seq3: step 2 NO_CANDIDATES_GENERATED pairs=42909 evals=0 0s
[597985.2] P5_CACHE_OFF_R1440_seq3: step 3 ELEVATED pairs=42661 evals=16 5s
[597993.4] P5_CACHE_OFF_R1440_seq3: step 4 ELEVATED pairs=42487 evals=32 13s
[598000.3] P5_CACHE_OFF_R1440_seq3: step 5 ELEVATED pairs=42305 evals=48 20s
[598007.1] P5_CACHE_OFF_R1440_seq3: step 6 ELEVATED pairs=42121 evals=64 27s
[598014.2] P5_CACHE_OFF_R1440_seq3: step 7 ELEVATED pairs=41936 evals=80 34s
[598019.3] P5_CACHE_OFF_R1440_seq3: step 8 ELEVATED pairs=41680 evals=96 39s
[598026.3] P5_CACHE_OFF_R1440_seq3: step 9 ELEVATED pairs=41486 evals=112 46s
[598031.3] P5_CACHE_OFF_R1440_seq3: step 10 ELEVATED pairs=41225 evals=128 51s
[598041.1] P5_CACHE_OFF_R1440_seq3: step 11 ELEVATED pairs=41046 evals=144 61s
[598051.0] P5_CACHE_OFF_R1440_seq3: step 12 ELEVATED pairs=40867 evals=160 71s
[598055.7] P5_CACHE_OFF_R1440_seq3: step 13 ELEVATED pairs=40628 evals=176 75s
[598062.1] P5_CACHE_OFF_R1440_seq3: step 14 ELEVATED pairs=40377 evals=192 82s
[598066.7] P5_CACHE_OFF_R1440_seq3: step 15 ELEVATED pairs=40136 evals=208 86s
[598073.0] P5_CACHE_OFF_R1440_seq3: step 16 ELEVATED pairs=39887 evals=224 93s
[598079.5] P5_CACHE_OFF_R1440_seq3: step 17 ELEVATED pairs=39640 evals=240 99s
[598085.7] P5_CACHE_OFF_R1440_seq3: step 18 ELEVATED pairs=39399 evals=256 105s
[598092.4] P5_CACHE_OFF_R1440_seq3: step 19 ELEVATED pairs=39175 evals=272 112s
[598098.8] P5_CACHE_OFF_R1440_seq3: step 20 ELEVATED pairs=38969 evals=288 118s
[598107.2] P5_CACHE_OFF_R1440_seq3: step 21 ELEVATED pairs=38811 evals=304 127s
[598113.8] P5_CACHE_OFF_R1440_seq3: step 22 ELEVATED pairs=38668 evals=320 133s
[598120.0] P5_CACHE_OFF_R1440_seq3: step 23 ELEVATED pairs=38466 evals=336 140s
[598126.2] P5_CACHE_OFF_R1440_seq3: step 24 ELEVATED pairs=38332 evals=352 146s
[598131.4] P5_CACHE_OFF_R1440_seq3: step 25 ELEVATED pairs=38108 evals=368 151s
[598137.6] P5_CACHE_OFF_R1440_seq3: step 26 ELEVATED pairs=37974 evals=384 157s
[598142.9] P5_CACHE_OFF_R1440_seq3: step 27 ELEVATED pairs=37771 evals=400 163s
[598148.1] P5_CACHE_OFF_R1440_seq3: step 28 ELEVATED pairs=37568 evals=416 168s
[598152.6] P5_CACHE_OFF_R1440_seq3: step 29 ELEVATED pairs=37338 evals=432 172s
[598157.0] P5_CACHE_OFF_R1440_seq3: step 30 ELEVATED pairs=37110 evals=448 177s
[598163.0] P5_CACHE_OFF_R1440_seq3: step 31 ELEVATED pairs=36910 evals=464 183s
[598167.2] P5_CACHE_OFF_R1440_seq3: step 32 ELEVATED pairs=36684 evals=480 187s
[598173.1] P5_CACHE_OFF_R1440_seq3: step 33 ELEVATED pairs=36466 evals=496 193s
[598178.8] P5_CACHE_OFF_R1440_seq3: step 34 ELEVATED pairs=36269 evals=512 198s
[598188.6] P5_CACHE_OFF_R1440_seq3: step 35 ELEVATED pairs=36073 evals=528 208s
[598195.4] P5_CACHE_OFF_R1440_seq3: step 36 ELEVATED pairs=35887 evals=544 215s
[598201.1] P5_CACHE_OFF_R1440_seq3: step 37 ELEVATED pairs=35774 evals=560 221s
[598207.4] P5_CACHE_OFF_R1440_seq3: step 38 ELEVATED pairs=35543 evals=576 227s
[598212.6] P5_CACHE_OFF_R1440_seq3: step 39 ELEVATED pairs=35343 evals=592 232s
[598219.0] P5_CACHE_OFF_R1440_seq3: step 40 ELEVATED pairs=35138 evals=608 239s
[598219.1] P5_CACHE_OFF_R1440_seq3: step 41 NO_CANDIDATES_GENERATED pairs=35138 evals=608 239s
[598219.2] P5_CACHE_OFF_R1440_seq3: step 42 NO_CANDIDATES_GENERATED pairs=35138 evals=608 239s
[598225.8] P5_CACHE_OFF_R1440_seq3: step 43 ELEVATED pairs=34935 evals=624 245s
[598232.7] P5_CACHE_OFF_R1440_seq3: step 44 ELEVATED pairs=34734 evals=640 252s
[598237.5] P5_CACHE_OFF_R1440_seq3: step 45 ELEVATED pairs=34539 evals=656 257s
[598245.0] P5_CACHE_OFF_R1440_seq3: step 46 ELEVATED pairs=34340 evals=672 265s
[598252.5] P5_CACHE_OFF_R1440_seq3: step 47 ELEVATED pairs=34143 evals=688 272s
[598259.3] P5_CACHE_OFF_R1440_seq3: step 48 ELEVATED pairs=33933 evals=704 279s
[598267.4] P5_CACHE_OFF_R1440_seq3: step 49 ELEVATED pairs=33738 evals=720 287s
[598274.1] P5_CACHE_OFF_R1440_seq3: step 50 ELEVATED pairs=33530 evals=736 294s
[598279.8] P5_CACHE_OFF_R1440_seq3: step 51 ELEVATED pairs=33326 evals=752 299s
[598288.3] P5_CACHE_OFF_R1440_seq3: step 52 ELEVATED pairs=33133 evals=768 308s
[598295.0] P5_CACHE_OFF_R1440_seq3: step 53 ELEVATED pairs=32926 evals=784 315s
[598303.7] P5_CACHE_OFF_R1440_seq3: step 54 ELEVATED pairs=32735 evals=800 323s
[598310.3] P5_CACHE_OFF_R1440_seq3: step 55 ELEVATED pairs=32530 evals=816 330s
[598319.4] P5_CACHE_OFF_R1440_seq3: step 56 ELEVATED pairs=32341 evals=832 339s
[598326.2] P5_CACHE_OFF_R1440_seq3: step 57 ELEVATED pairs=32137 evals=848 346s
[598335.5] P5_CACHE_OFF_R1440_seq3: step 58 ELEVATED pairs=31950 evals=864 355s
[598340.0] P5_CACHE_OFF_R1440_seq3: step 59 ELEVATED pairs=31792 evals=880 360s
[598346.8] P5_CACHE_OFF_R1440_seq3: step 60 ELEVATED pairs=31590 evals=896 366s
[598353.5] P5_CACHE_OFF_R1440_seq3: step 61 ELEVATED pairs=31389 evals=912 373s
[598359.6] P5_CACHE_OFF_R1440_seq3: step 62 ELEVATED pairs=31226 evals=928 379s
[598366.4] P5_CACHE_OFF_R1440_seq3: step 63 ELEVATED pairs=31027 evals=944 386s
[598373.1] P5_CACHE_OFF_R1440_seq3: step 64 ELEVATED pairs=30829 evals=960 393s
[598373.3] P5_CACHE_OFF_R1440_seq3: step 65 NO_CANDIDATES_GENERATED pairs=30829 evals=960 393s
[598373.4] P5_CACHE_OFF_R1440_seq3: step 66 NO_CANDIDATES_GENERATED pairs=30829 evals=960 393s
[598373.6] P5_CACHE_OFF_R1440_seq3: step 67 NO_CANDIDATES_GENERATED pairs=30829 evals=960 393s
[598380.2] P5_CACHE_OFF_R1440_seq3: step 68 ELEVATED pairs=30633 evals=976 400s
[598386.1] P5_CACHE_OFF_R1440_seq3: step 69 ELEVATED pairs=30481 evals=992 406s
[598391.8] P5_CACHE_OFF_R1440_seq3: step 70 ELEVATED pairs=30367 evals=1008 411s
[598398.8] P5_CACHE_OFF_R1440_seq3: step 71 ELEVATED pairs=30214 evals=1024 418s
[598403.5] P5_CACHE_OFF_R1440_seq3: step 72 ELEVATED pairs=30030 evals=1033 423s
[598410.2] P5_CACHE_OFF_R1440_seq3: step 73 ELEVATED pairs=29879 evals=1049 430s
[598414.9] P5_CACHE_OFF_R1440_seq3: step 74 ELEVATED pairs=29697 evals=1058 434s
[598421.6] P5_CACHE_OFF_R1440_seq3: step 75 ELEVATED pairs=29548 evals=1074 441s
[598426.1] P5_CACHE_OFF_R1440_seq3: step 76 ELEVATED pairs=29368 evals=1083 446s
[598428.9] P5_CACHE_OFF_R1440_seq3: step 77 ELEVATED pairs=29190 evals=1092 449s
[598437.6] P5_CACHE_OFF_R1440_seq3: step 78 ELEVATED pairs=28961 evals=1108 457s
[598441.6] P5_CACHE_OFF_R1440_seq3: step 79 ELEVATED pairs=28776 evals=1124 461s
[598445.5] P5_CACHE_OFF_R1440_seq3: step 80 ELEVATED pairs=28593 evals=1140 465s
[598449.6] P5_CACHE_OFF_R1440_seq3: step 81 ELEVATED pairs=28412 evals=1156 469s
[598454.1] P5_CACHE_OFF_R1440_seq3: step 82 ELEVATED pairs=28233 evals=1172 474s
[598458.4] P5_CACHE_OFF_R1440_seq3: step 83 ELEVATED pairs=28134 evals=1188 478s
[598464.2] P5_CACHE_OFF_R1440_seq3: step 84 ELEVATED pairs=28022 evals=1204 484s
[598468.5] P5_CACHE_OFF_R1440_seq3: step 85 ELEVATED pairs=27902 evals=1220 488s
[598472.9] P5_CACHE_OFF_R1440_seq3: step 86 ELEVATED pairs=27782 evals=1236 493s
[598477.3] P5_CACHE_OFF_R1440_seq3: step 87 ELEVATED pairs=27662 evals=1252 497s
[598481.5] P5_CACHE_OFF_R1440_seq3: step 88 ELEVATED pairs=27514 evals=1268 501s
[598485.9] P5_CACHE_OFF_R1440_seq3: step 89 ELEVATED pairs=27394 evals=1284 505s
[598491.0] P5_CACHE_OFF_R1440_seq3: step 90 ELEVATED pairs=27248 evals=1300 511s
[598496.5] P5_CACHE_OFF_R1440_seq3: step 91 ELEVATED pairs=27092 evals=1316 516s
[598501.6] P5_CACHE_OFF_R1440_seq3: step 92 PREFIX_EVALUATED_NO_WINNER_DEFERRED pairs=27092 evals=1332 521s
[598506.8] P5_CACHE_OFF_R1440_seq3: step 93 ELEVATED pairs=26951 evals=1348 526s
[598511.8] P5_CACHE_OFF_R1440_seq3: step 94 PREFIX_EVALUATED_NO_WINNER_DEFERRED pairs=26951 evals=1364 531s
[598517.2] P5_CACHE_OFF_R1440_seq3: step 95 ELEVATED pairs=26895 evals=1380 537s
[598522.9] P5_CACHE_OFF_R1440_seq3: step 96 ELEVATED pairs=26781 evals=1396 543s
[598529.9] P5_CACHE_OFF_R1440_seq3: step 97 ELEVATED pairs=26690 evals=1412 550s
[598536.3] P5_CACHE_OFF_R1440_seq3: step 98 ELEVATED pairs=26525 evals=1428 556s
[598540.2] P5_CACHE_OFF_R1440_seq3: step 99 ELEVATED pairs=26437 evals=1440 560s
[598540.5] P5_CACHE_OFF_R1440_seq3: done final=26437 moves=90 first=90 reloc=0 ret=0 evals=1440 stop=CANDIDATE_BUDGET_EXHAUSTED
[598583.0] P5_CACHE_OFF_R1440_seq3: recheck PASS checks=130816
GROUP DONE P5_CACHE_OFF_R1440 PASS
