start-state rescan (main) ...
  main PASS pairs=42909 unresolved=3 elevated=24
[595909.1] P5_CACHE_OFF_R1440_seq1: start mode=R budget=1440 spec={"name": "P5_CACHE_OFF", "target_policy": "LEGACY", "evaluation_policy": "E2_ORDERED_K16", "traversal_policy": "BASE", "max_targets": 200, "k_per_target": 16, "family_round_robin": false, "relocation_side_reserve": 0, "waiting_age": false, "route_coverage": false, "multi_anchor": false, "exact_dedup": false, "decision_cache": false, "return_action": false, "cache_structural_skips": false, "window_slack_mm": 1e-05, "generation_domain": "LINE_ONLY", "path_window_settings": null, "stage_length_cap_mm": null, "notes": ""}
[595909.1] P5_CACHE_OFF_R1440_seq1: start state=main C:\Users\lihao\Desktop\Graduation Project\OpticalWaveguideRouter3D\outputs\3d_strategy_v3\512_ablation\D_both_enabled pairs=42909
[595912.8] P5_CACHE_OFF_R1440_seq1: INITIAL_DONE pairs=42909
[595912.9] P5_CACHE_OFF_R1440_seq1: step 1 NO_CANDIDATES_GENERATED pairs=42909 evals=0 0s
[595913.0] P5_CACHE_OFF_R1440_seq1: step 2 NO_CANDIDATES_GENERATED pairs=42909 evals=0 0s
[595917.6] P5_CACHE_OFF_R1440_seq1: step 3 ELEVATED pairs=42661 evals=16 5s
[595925.6] P5_CACHE_OFF_R1440_seq1: step 4 ELEVATED pairs=42487 evals=32 13s
[595932.1] P5_CACHE_OFF_R1440_seq1: step 5 ELEVATED pairs=42305 evals=48 19s
[595938.9] P5_CACHE_OFF_R1440_seq1: step 6 ELEVATED pairs=42121 evals=64 26s
[595945.6] P5_CACHE_OFF_R1440_seq1: step 7 ELEVATED pairs=41936 evals=80 33s
[595950.6] P5_CACHE_OFF_R1440_seq1: step 8 ELEVATED pairs=41680 evals=96 38s
[595957.5] P5_CACHE_OFF_R1440_seq1: step 9 ELEVATED pairs=41486 evals=112 45s
[595962.3] P5_CACHE_OFF_R1440_seq1: step 10 ELEVATED pairs=41225 evals=128 49s
[595971.4] P5_CACHE_OFF_R1440_seq1: step 11 ELEVATED pairs=41046 evals=144 59s
[595980.7] P5_CACHE_OFF_R1440_seq1: step 12 ELEVATED pairs=40867 evals=160 68s
[595985.2] P5_CACHE_OFF_R1440_seq1: step 13 ELEVATED pairs=40628 evals=176 72s
[595991.2] P5_CACHE_OFF_R1440_seq1: step 14 ELEVATED pairs=40377 evals=192 78s
[595995.5] P5_CACHE_OFF_R1440_seq1: step 15 ELEVATED pairs=40136 evals=208 83s
[596001.6] P5_CACHE_OFF_R1440_seq1: step 16 ELEVATED pairs=39887 evals=224 89s
[596007.7] P5_CACHE_OFF_R1440_seq1: step 17 ELEVATED pairs=39640 evals=240 95s
[596013.6] P5_CACHE_OFF_R1440_seq1: step 18 ELEVATED pairs=39399 evals=256 101s
[596019.9] P5_CACHE_OFF_R1440_seq1: step 19 ELEVATED pairs=39175 evals=272 107s
[596026.1] P5_CACHE_OFF_R1440_seq1: step 20 ELEVATED pairs=38969 evals=288 113s
[596034.3] P5_CACHE_OFF_R1440_seq1: step 21 ELEVATED pairs=38811 evals=304 121s
[596040.9] P5_CACHE_OFF_R1440_seq1: step 22 ELEVATED pairs=38668 evals=320 128s
[596046.9] P5_CACHE_OFF_R1440_seq1: step 23 ELEVATED pairs=38466 evals=336 134s
[596053.0] P5_CACHE_OFF_R1440_seq1: step 24 ELEVATED pairs=38332 evals=352 140s
[596058.1] P5_CACHE_OFF_R1440_seq1: step 25 ELEVATED pairs=38108 evals=368 145s
[596064.2] P5_CACHE_OFF_R1440_seq1: step 26 ELEVATED pairs=37974 evals=384 151s
[596069.3] P5_CACHE_OFF_R1440_seq1: step 27 ELEVATED pairs=37771 evals=400 156s
[596074.4] P5_CACHE_OFF_R1440_seq1: step 28 ELEVATED pairs=37568 evals=416 162s
[596078.6] P5_CACHE_OFF_R1440_seq1: step 29 ELEVATED pairs=37338 evals=432 166s
[596082.9] P5_CACHE_OFF_R1440_seq1: step 30 ELEVATED pairs=37110 evals=448 170s
[596088.5] P5_CACHE_OFF_R1440_seq1: step 31 ELEVATED pairs=36910 evals=464 176s
[596090.9] P5_CACHE_OFF_R1440_seq1: step 32 ELEVATED pairs=36684 evals=480 178s
[596094.4] P5_CACHE_OFF_R1440_seq1: step 33 ELEVATED pairs=36466 evals=496 181s
[596097.6] P5_CACHE_OFF_R1440_seq1: step 34 ELEVATED pairs=36269 evals=512 185s
[596103.4] P5_CACHE_OFF_R1440_seq1: step 35 ELEVATED pairs=36073 evals=528 191s
[596107.4] P5_CACHE_OFF_R1440_seq1: step 36 ELEVATED pairs=35887 evals=544 195s
[596110.8] P5_CACHE_OFF_R1440_seq1: step 37 ELEVATED pairs=35774 evals=560 198s
[596114.4] P5_CACHE_OFF_R1440_seq1: step 38 ELEVATED pairs=35543 evals=576 201s
[596117.5] P5_CACHE_OFF_R1440_seq1: step 39 ELEVATED pairs=35343 evals=592 205s
[596121.2] P5_CACHE_OFF_R1440_seq1: step 40 ELEVATED pairs=35138 evals=608 208s
[596121.3] P5_CACHE_OFF_R1440_seq1: step 41 NO_CANDIDATES_GENERATED pairs=35138 evals=608 208s
[596121.3] P5_CACHE_OFF_R1440_seq1: step 42 NO_CANDIDATES_GENERATED pairs=35138 evals=608 208s
[596125.2] P5_CACHE_OFF_R1440_seq1: step 43 ELEVATED pairs=34935 evals=624 212s
[596129.4] P5_CACHE_OFF_R1440_seq1: step 44 ELEVATED pairs=34734 evals=640 216s
[596133.4] P5_CACHE_OFF_R1440_seq1: step 45 ELEVATED pairs=34539 evals=656 221s
[596140.3] P5_CACHE_OFF_R1440_seq1: step 46 ELEVATED pairs=34340 evals=672 227s
[596147.3] P5_CACHE_OFF_R1440_seq1: step 47 ELEVATED pairs=34143 evals=688 234s
[596153.7] P5_CACHE_OFF_R1440_seq1: step 48 ELEVATED pairs=33933 evals=704 241s
[596161.6] P5_CACHE_OFF_R1440_seq1: step 49 ELEVATED pairs=33738 evals=720 249s
[596168.0] P5_CACHE_OFF_R1440_seq1: step 50 ELEVATED pairs=33530 evals=736 255s
[596173.3] P5_CACHE_OFF_R1440_seq1: step 51 ELEVATED pairs=33326 evals=752 260s
[596181.4] P5_CACHE_OFF_R1440_seq1: step 52 ELEVATED pairs=33133 evals=768 268s
[596187.8] P5_CACHE_OFF_R1440_seq1: step 53 ELEVATED pairs=32926 evals=784 275s
[596196.1] P5_CACHE_OFF_R1440_seq1: step 54 ELEVATED pairs=32735 evals=800 283s
[596202.3] P5_CACHE_OFF_R1440_seq1: step 55 ELEVATED pairs=32530 evals=816 289s
[596211.1] P5_CACHE_OFF_R1440_seq1: step 56 ELEVATED pairs=32341 evals=832 298s
[596217.5] P5_CACHE_OFF_R1440_seq1: step 57 ELEVATED pairs=32137 evals=848 305s
[596226.3] P5_CACHE_OFF_R1440_seq1: step 58 ELEVATED pairs=31950 evals=864 313s
[596230.5] P5_CACHE_OFF_R1440_seq1: step 59 ELEVATED pairs=31792 evals=880 318s
[596237.0] P5_CACHE_OFF_R1440_seq1: step 60 ELEVATED pairs=31590 evals=896 324s
[596243.5] P5_CACHE_OFF_R1440_seq1: step 61 ELEVATED pairs=31389 evals=912 331s
[596249.6] P5_CACHE_OFF_R1440_seq1: step 62 ELEVATED pairs=31226 evals=928 337s
[596256.3] P5_CACHE_OFF_R1440_seq1: step 63 ELEVATED pairs=31027 evals=944 343s
[596263.0] P5_CACHE_OFF_R1440_seq1: step 64 ELEVATED pairs=30829 evals=960 350s
[596263.2] P5_CACHE_OFF_R1440_seq1: step 65 NO_CANDIDATES_GENERATED pairs=30829 evals=960 350s
[596263.3] P5_CACHE_OFF_R1440_seq1: step 66 NO_CANDIDATES_GENERATED pairs=30829 evals=960 350s
[596263.4] P5_CACHE_OFF_R1440_seq1: step 67 NO_CANDIDATES_GENERATED pairs=30829 evals=960 351s
[596269.9] P5_CACHE_OFF_R1440_seq1: step 68 ELEVATED pairs=30633 evals=976 357s
[596275.6] P5_CACHE_OFF_R1440_seq1: step 69 ELEVATED pairs=30481 evals=992 363s
[596281.3] P5_CACHE_OFF_R1440_seq1: step 70 ELEVATED pairs=30367 evals=1008 368s
[596288.2] P5_CACHE_OFF_R1440_seq1: step 71 ELEVATED pairs=30214 evals=1024 375s
[596292.8] P5_CACHE_OFF_R1440_seq1: step 72 ELEVATED pairs=30030 evals=1033 380s
[596299.6] P5_CACHE_OFF_R1440_seq1: step 73 ELEVATED pairs=29879 evals=1049 387s
[596304.3] P5_CACHE_OFF_R1440_seq1: step 74 ELEVATED pairs=29697 evals=1058 391s
[596311.1] P5_CACHE_OFF_R1440_seq1: step 75 ELEVATED pairs=29548 evals=1074 398s
[596315.7] P5_CACHE_OFF_R1440_seq1: step 76 ELEVATED pairs=29368 evals=1083 403s
[596320.1] P5_CACHE_OFF_R1440_seq1: step 77 ELEVATED pairs=29190 evals=1092 407s
[596332.1] P5_CACHE_OFF_R1440_seq1: step 78 ELEVATED pairs=28961 evals=1108 419s
[596335.2] P5_CACHE_OFF_R1440_seq1: step 79 ELEVATED pairs=28776 evals=1124 422s
[596337.6] P5_CACHE_OFF_R1440_seq1: step 80 ELEVATED pairs=28593 evals=1140 425s
[596339.8] P5_CACHE_OFF_R1440_seq1: step 81 ELEVATED pairs=28412 evals=1156 427s
[596342.3] P5_CACHE_OFF_R1440_seq1: step 82 ELEVATED pairs=28233 evals=1172 429s
[596344.8] P5_CACHE_OFF_R1440_seq1: step 83 ELEVATED pairs=28134 evals=1188 432s
[596348.1] P5_CACHE_OFF_R1440_seq1: step 84 ELEVATED pairs=28022 evals=1204 435s
[596350.6] P5_CACHE_OFF_R1440_seq1: step 85 ELEVATED pairs=27902 evals=1220 438s
[596353.1] P5_CACHE_OFF_R1440_seq1: step 86 ELEVATED pairs=27782 evals=1236 440s
[596355.6] P5_CACHE_OFF_R1440_seq1: step 87 ELEVATED pairs=27662 evals=1252 443s
[596358.0] P5_CACHE_OFF_R1440_seq1: step 88 ELEVATED pairs=27514 evals=1268 445s
[596360.5] P5_CACHE_OFF_R1440_seq1: step 89 ELEVATED pairs=27394 evals=1284 448s
[596363.4] P5_CACHE_OFF_R1440_seq1: step 90 ELEVATED pairs=27248 evals=1300 450s
[596366.5] P5_CACHE_OFF_R1440_seq1: step 91 ELEVATED pairs=27092 evals=1316 454s
[596369.3] P5_CACHE_OFF_R1440_seq1: step 92 PREFIX_EVALUATED_NO_WINNER_DEFERRED pairs=27092 evals=1332 456s
[596372.3] P5_CACHE_OFF_R1440_seq1: step 93 ELEVATED pairs=26951 evals=1348 459s
[596375.1] P5_CACHE_OFF_R1440_seq1: step 94 PREFIX_EVALUATED_NO_WINNER_DEFERRED pairs=26951 evals=1364 462s
[596378.1] P5_CACHE_OFF_R1440_seq1: step 95 ELEVATED pairs=26895 evals=1380 465s
[596381.4] P5_CACHE_OFF_R1440_seq1: step 96 ELEVATED pairs=26781 evals=1396 468s
[596385.3] P5_CACHE_OFF_R1440_seq1: step 97 ELEVATED pairs=26690 evals=1412 472s
[596389.0] P5_CACHE_OFF_R1440_seq1: step 98 ELEVATED pairs=26525 evals=1428 476s
[596391.1] P5_CACHE_OFF_R1440_seq1: step 99 ELEVATED pairs=26437 evals=1440 478s
[596391.3] P5_CACHE_OFF_R1440_seq1: done final=26437 moves=90 first=90 reloc=0 ret=0 evals=1440 stop=CANDIDATE_BUDGET_EXHAUSTED
[596414.1] P5_CACHE_OFF_R1440_seq1: recheck PASS checks=130816
GROUP DONE P5_CACHE_OFF_R1440 PASS
