start-state rescan (main) ...
  main PASS pairs=42909 unresolved=3 elevated=24
[596428.9] P5_CACHE_ON_R1440_seq1: start mode=R budget=1440 spec={"name": "P5_CACHE_ON", "target_policy": "LEGACY", "evaluation_policy": "E2_ORDERED_K16", "traversal_policy": "BASE", "max_targets": 200, "k_per_target": 16, "family_round_robin": false, "relocation_side_reserve": 0, "waiting_age": false, "route_coverage": false, "multi_anchor": false, "exact_dedup": false, "decision_cache": true, "return_action": false, "cache_structural_skips": false, "window_slack_mm": 1e-05, "generation_domain": "LINE_ONLY", "path_window_settings": null, "stage_length_cap_mm": null, "notes": ""}
[596428.9] P5_CACHE_ON_R1440_seq1: start state=main C:\Users\lihao\Desktop\Graduation Project\OpticalWaveguideRouter3D\outputs\3d_strategy_v3\512_ablation\D_both_enabled pairs=42909
[596431.9] P5_CACHE_ON_R1440_seq1: INITIAL_DONE pairs=42909
[596432.1] P5_CACHE_ON_R1440_seq1: step 1 NO_CANDIDATES_GENERATED pairs=42909 evals=0 0s
[596432.2] P5_CACHE_ON_R1440_seq1: step 2 NO_CANDIDATES_GENERATED pairs=42909 evals=0 0s
[596437.0] P5_CACHE_ON_R1440_seq1: step 3 ELEVATED pairs=42661 evals=16 5s
[596445.4] P5_CACHE_ON_R1440_seq1: step 4 ELEVATED pairs=42487 evals=32 13s
[596452.3] P5_CACHE_ON_R1440_seq1: step 5 ELEVATED pairs=42305 evals=48 20s
[596459.2] P5_CACHE_ON_R1440_seq1: step 6 ELEVATED pairs=42121 evals=64 27s
[596466.3] P5_CACHE_ON_R1440_seq1: step 7 ELEVATED pairs=41936 evals=80 34s
[596471.4] P5_CACHE_ON_R1440_seq1: step 8 ELEVATED pairs=41680 evals=96 39s
[596478.5] P5_CACHE_ON_R1440_seq1: step 9 ELEVATED pairs=41486 evals=112 46s
[596483.5] P5_CACHE_ON_R1440_seq1: step 10 ELEVATED pairs=41225 evals=128 51s
[596493.1] P5_CACHE_ON_R1440_seq1: step 11 ELEVATED pairs=41046 evals=144 61s
[596501.3] P5_CACHE_ON_R1440_seq1: step 12 ELEVATED pairs=40867 evals=160 69s
[596505.9] P5_CACHE_ON_R1440_seq1: step 13 ELEVATED pairs=40628 evals=176 74s
[596512.1] P5_CACHE_ON_R1440_seq1: step 14 ELEVATED pairs=40377 evals=192 80s
[596516.5] P5_CACHE_ON_R1440_seq1: step 15 ELEVATED pairs=40136 evals=208 84s
[596522.9] P5_CACHE_ON_R1440_seq1: step 16 ELEVATED pairs=39887 evals=224 91s
[596529.4] P5_CACHE_ON_R1440_seq1: step 17 ELEVATED pairs=39640 evals=240 97s
[596535.3] P5_CACHE_ON_R1440_seq1: step 18 ELEVATED pairs=39399 evals=256 103s
[596541.8] P5_CACHE_ON_R1440_seq1: step 19 ELEVATED pairs=39175 evals=272 110s
[596548.0] P5_CACHE_ON_R1440_seq1: step 20 ELEVATED pairs=38969 evals=288 116s
[596556.3] P5_CACHE_ON_R1440_seq1: step 21 ELEVATED pairs=38811 evals=304 124s
[596562.7] P5_CACHE_ON_R1440_seq1: step 22 ELEVATED pairs=38668 evals=320 131s
[596568.6] P5_CACHE_ON_R1440_seq1: step 23 ELEVATED pairs=38466 evals=336 137s
[596574.7] P5_CACHE_ON_R1440_seq1: step 24 ELEVATED pairs=38332 evals=352 143s
[596579.7] P5_CACHE_ON_R1440_seq1: step 25 ELEVATED pairs=38108 evals=368 148s
[596585.9] P5_CACHE_ON_R1440_seq1: step 26 ELEVATED pairs=37974 evals=384 154s
[596591.0] P5_CACHE_ON_R1440_seq1: step 27 ELEVATED pairs=37771 evals=400 159s
[596596.1] P5_CACHE_ON_R1440_seq1: step 28 ELEVATED pairs=37568 evals=416 164s
[596600.5] P5_CACHE_ON_R1440_seq1: step 29 ELEVATED pairs=37338 evals=432 168s
[596604.9] P5_CACHE_ON_R1440_seq1: step 30 ELEVATED pairs=37110 evals=448 173s
[596610.7] P5_CACHE_ON_R1440_seq1: step 31 ELEVATED pairs=36910 evals=464 179s
[596615.0] P5_CACHE_ON_R1440_seq1: step 32 ELEVATED pairs=36684 evals=480 183s
[596620.7] P5_CACHE_ON_R1440_seq1: step 33 ELEVATED pairs=36466 evals=496 189s
[596626.3] P5_CACHE_ON_R1440_seq1: step 34 ELEVATED pairs=36269 evals=512 194s
[596636.0] P5_CACHE_ON_R1440_seq1: step 35 ELEVATED pairs=36073 evals=528 204s
[596642.9] P5_CACHE_ON_R1440_seq1: step 36 ELEVATED pairs=35887 evals=544 211s
[596648.5] P5_CACHE_ON_R1440_seq1: step 37 ELEVATED pairs=35774 evals=560 216s
[596654.7] P5_CACHE_ON_R1440_seq1: step 38 ELEVATED pairs=35543 evals=576 223s
[596659.8] P5_CACHE_ON_R1440_seq1: step 39 ELEVATED pairs=35343 evals=592 228s
[596666.1] P5_CACHE_ON_R1440_seq1: step 40 ELEVATED pairs=35138 evals=608 234s
[596666.2] P5_CACHE_ON_R1440_seq1: step 41 NO_CANDIDATES_GENERATED pairs=35138 evals=608 234s
[596666.3] P5_CACHE_ON_R1440_seq1: step 42 NO_CANDIDATES_GENERATED pairs=35138 evals=608 234s
[596672.8] P5_CACHE_ON_R1440_seq1: step 43 ELEVATED pairs=34935 evals=624 241s
[596679.8] P5_CACHE_ON_R1440_seq1: step 44 ELEVATED pairs=34734 evals=640 248s
[596684.6] P5_CACHE_ON_R1440_seq1: step 45 ELEVATED pairs=34539 evals=656 252s
[596691.8] P5_CACHE_ON_R1440_seq1: step 46 ELEVATED pairs=34340 evals=672 260s
[596699.3] P5_CACHE_ON_R1440_seq1: step 47 ELEVATED pairs=34143 evals=688 267s
[596705.9] P5_CACHE_ON_R1440_seq1: step 48 ELEVATED pairs=33933 evals=704 274s
[596714.0] P5_CACHE_ON_R1440_seq1: step 49 ELEVATED pairs=33738 evals=720 282s
[596720.5] P5_CACHE_ON_R1440_seq1: step 50 ELEVATED pairs=33530 evals=736 288s
[596726.3] P5_CACHE_ON_R1440_seq1: step 51 ELEVATED pairs=33326 evals=752 294s
[596734.6] P5_CACHE_ON_R1440_seq1: step 52 ELEVATED pairs=33133 evals=768 303s
[596741.2] P5_CACHE_ON_R1440_seq1: step 53 ELEVATED pairs=32926 evals=784 309s
[596749.8] P5_CACHE_ON_R1440_seq1: step 54 ELEVATED pairs=32735 evals=800 318s
[596756.4] P5_CACHE_ON_R1440_seq1: step 55 ELEVATED pairs=32530 evals=816 324s
[596765.5] P5_CACHE_ON_R1440_seq1: step 56 ELEVATED pairs=32341 evals=832 333s
[596772.3] P5_CACHE_ON_R1440_seq1: step 57 ELEVATED pairs=32137 evals=848 340s
[596779.5] P5_CACHE_ON_R1440_seq1: step 58 ELEVATED pairs=31950 evals=864 347s
[596782.3] P5_CACHE_ON_R1440_seq1: step 59 ELEVATED pairs=31792 evals=880 350s
[596786.4] P5_CACHE_ON_R1440_seq1: step 60 ELEVATED pairs=31590 evals=896 354s
[596791.1] P5_CACHE_ON_R1440_seq1: step 61 ELEVATED pairs=31389 evals=912 359s
[596796.9] P5_CACHE_ON_R1440_seq1: step 62 ELEVATED pairs=31226 evals=928 365s
[596803.3] P5_CACHE_ON_R1440_seq1: step 63 ELEVATED pairs=31027 evals=944 371s
[596810.0] P5_CACHE_ON_R1440_seq1: step 64 ELEVATED pairs=30829 evals=960 378s
[596810.1] P5_CACHE_ON_R1440_seq1: step 65 NO_CANDIDATES_GENERATED pairs=30829 evals=960 378s
[596810.3] P5_CACHE_ON_R1440_seq1: step 66 NO_CANDIDATES_GENERATED pairs=30829 evals=960 378s
[596810.4] P5_CACHE_ON_R1440_seq1: step 67 NO_CANDIDATES_GENERATED pairs=30829 evals=960 378s
[596817.1] P5_CACHE_ON_R1440_seq1: step 68 ELEVATED pairs=30633 evals=976 385s
[596823.0] P5_CACHE_ON_R1440_seq1: step 69 ELEVATED pairs=30481 evals=992 391s
[596828.7] P5_CACHE_ON_R1440_seq1: step 70 ELEVATED pairs=30367 evals=1008 397s
[596835.6] P5_CACHE_ON_R1440_seq1: step 71 ELEVATED pairs=30214 evals=1024 404s
[596840.3] P5_CACHE_ON_R1440_seq1: step 72 ELEVATED pairs=30030 evals=1033 408s
[596847.0] P5_CACHE_ON_R1440_seq1: step 73 ELEVATED pairs=29879 evals=1049 415s
[596851.7] P5_CACHE_ON_R1440_seq1: step 74 ELEVATED pairs=29697 evals=1058 420s
[596858.4] P5_CACHE_ON_R1440_seq1: step 75 ELEVATED pairs=29548 evals=1074 426s
[596863.2] P5_CACHE_ON_R1440_seq1: step 76 ELEVATED pairs=29368 evals=1083 431s
[596867.6] P5_CACHE_ON_R1440_seq1: step 77 ELEVATED pairs=29190 evals=1092 436s
[596879.3] P5_CACHE_ON_R1440_seq1: step 78 ELEVATED pairs=28961 evals=1108 447s
[596883.3] P5_CACHE_ON_R1440_seq1: step 79 ELEVATED pairs=28776 evals=1124 451s
[596887.3] P5_CACHE_ON_R1440_seq1: step 80 ELEVATED pairs=28593 evals=1140 455s
[596891.4] P5_CACHE_ON_R1440_seq1: step 81 ELEVATED pairs=28412 evals=1156 459s
[596895.9] P5_CACHE_ON_R1440_seq1: step 82 ELEVATED pairs=28233 evals=1172 464s
[596900.3] P5_CACHE_ON_R1440_seq1: step 83 ELEVATED pairs=28134 evals=1188 468s
[596905.9] P5_CACHE_ON_R1440_seq1: step 84 ELEVATED pairs=28022 evals=1204 474s
[596910.3] P5_CACHE_ON_R1440_seq1: step 85 ELEVATED pairs=27902 evals=1220 478s
[596914.6] P5_CACHE_ON_R1440_seq1: step 86 ELEVATED pairs=27782 evals=1236 483s
[596919.0] P5_CACHE_ON_R1440_seq1: step 87 ELEVATED pairs=27662 evals=1252 487s
[596923.2] P5_CACHE_ON_R1440_seq1: step 88 ELEVATED pairs=27514 evals=1268 491s
[596927.4] P5_CACHE_ON_R1440_seq1: step 89 ELEVATED pairs=27394 evals=1284 495s
[596932.3] P5_CACHE_ON_R1440_seq1: step 90 ELEVATED pairs=27248 evals=1300 500s
[596937.6] P5_CACHE_ON_R1440_seq1: step 91 ELEVATED pairs=27092 evals=1316 505s
[596942.5] P5_CACHE_ON_R1440_seq1: step 92 PREFIX_EVALUATED_NO_WINNER_DEFERRED pairs=27092 evals=1332 510s
[596947.7] P5_CACHE_ON_R1440_seq1: step 93 ELEVATED pairs=26951 evals=1348 516s
[596949.6] P5_CACHE_ON_R1440_seq1: step 94 PREFIX_EVALUATED_NO_WINNER_DEFERRED pairs=26951 evals=1364 518s
[596954.8] P5_CACHE_ON_R1440_seq1: step 95 ELEVATED pairs=26895 evals=1380 523s
[596960.4] P5_CACHE_ON_R1440_seq1: step 96 ELEVATED pairs=26781 evals=1396 528s
[596967.4] P5_CACHE_ON_R1440_seq1: step 97 ELEVATED pairs=26690 evals=1412 535s
[596973.8] P5_CACHE_ON_R1440_seq1: step 98 ELEVATED pairs=26525 evals=1428 542s
[596977.7] P5_CACHE_ON_R1440_seq1: step 99 ELEVATED pairs=26437 evals=1440 546s
[596978.0] P5_CACHE_ON_R1440_seq1: done final=26437 moves=90 first=90 reloc=0 ret=0 evals=1440 stop=CANDIDATE_BUDGET_EXHAUSTED
[597016.9] P5_CACHE_ON_R1440_seq1: recheck PASS checks=130816
GROUP DONE P5_CACHE_ON_R1440 PASS
