start-state rescan (main) ...
  main PASS pairs=42909 unresolved=3 elevated=24
[608647.5] PE_E_T2000_N1440: start mode=N budget=1440 spec={"name": "PE_E_T2000", "target_policy": "LEGACY", "evaluation_policy": "E2_ORDERED_K16", "traversal_policy": "BASE", "max_targets": 2000, "k_per_target": 16, "family_round_robin": false, "relocation_side_reserve": 0, "waiting_age": false, "route_coverage": false, "multi_anchor": true, "exact_dedup": false, "decision_cache": false, "return_action": false, "cache_structural_skips": false, "window_slack_mm": 1e-05, "generation_domain": "LINE_ONLY", "path_window_settings": null, "stage_length_cap_mm": null, "notes": ""}
[608647.5] PE_E_T2000_N1440: start state=main C:\Users\lihao\Desktop\Graduation Project\OpticalWaveguideRouter3D\outputs\3d_strategy_v3\512_ablation\D_both_enabled pairs=42909
[608651.7] PE_E_T2000_N1440: INITIAL_DONE pairs=42909
[608651.9] PE_E_T2000_N1440: step 1 NO_CANDIDATES_GENERATED pairs=42909 evals=0 0s
[608652.1] PE_E_T2000_N1440: step 2 NO_CANDIDATES_GENERATED pairs=42909 evals=0 0s
[608655.7] PE_E_T2000_N1440: step 3 ELEVATED pairs=42648 evals=16 4s
[608655.9] PE_E_T2000_N1440: step 4 NO_CANDIDATES_GENERATED pairs=42648 evals=16 4s
[608656.0] PE_E_T2000_N1440: step 5 NO_CANDIDATES_GENERATED pairs=42648 evals=16 4s
[608659.3] PE_E_T2000_N1440: step 6 ELEVATED pairs=42403 evals=25 7s
[608659.5] PE_E_T2000_N1440: step 7 NO_CANDIDATES_GENERATED pairs=42403 evals=25 8s
[608659.6] PE_E_T2000_N1440: step 8 NO_CANDIDATES_GENERATED pairs=42403 evals=25 8s
[608662.5] PE_E_T2000_N1440: step 9 ELEVATED pairs=42161 evals=34 11s
[608662.6] PE_E_T2000_N1440: step 10 NO_CANDIDATES_GENERATED pairs=42161 evals=34 11s
[608662.8] PE_E_T2000_N1440: step 11 NO_CANDIDATES_GENERATED pairs=42161 evals=34 11s
[608665.7] PE_E_T2000_N1440: step 12 ELEVATED pairs=41921 evals=43 14s
[608665.9] PE_E_T2000_N1440: step 13 NO_CANDIDATES_GENERATED pairs=41921 evals=43 14s
[608666.0] PE_E_T2000_N1440: step 14 NO_CANDIDATES_GENERATED pairs=41921 evals=43 14s
[608669.2] PE_E_T2000_N1440: step 15 ELEVATED pairs=41683 evals=52 17s
[608669.3] PE_E_T2000_N1440: step 16 NO_CANDIDATES_GENERATED pairs=41683 evals=52 17s
[608669.5] PE_E_T2000_N1440: step 17 NO_CANDIDATES_GENERATED pairs=41683 evals=52 18s
[608676.2] PE_E_T2000_N1440: step 18 ELEVATED pairs=41434 evals=68 24s
[608676.3] PE_E_T2000_N1440: step 19 NO_CANDIDATES_GENERATED pairs=41434 evals=68 25s
[608676.5] PE_E_T2000_N1440: step 20 NO_CANDIDATES_GENERATED pairs=41434 evals=68 25s
[608683.7] PE_E_T2000_N1440: step 21 ELEVATED pairs=41184 evals=84 32s
[608683.8] PE_E_T2000_N1440: step 22 NO_CANDIDATES_GENERATED pairs=41184 evals=84 32s
[608683.9] PE_E_T2000_N1440: step 23 NO_CANDIDATES_GENERATED pairs=41184 evals=84 32s
[608691.2] PE_E_T2000_N1440: step 24 ELEVATED pairs=40937 evals=100 39s
[608691.3] PE_E_T2000_N1440: step 25 NO_CANDIDATES_GENERATED pairs=40937 evals=100 39s
[608691.4] PE_E_T2000_N1440: step 26 NO_CANDIDATES_GENERATED pairs=40937 evals=100 40s
[608698.3] PE_E_T2000_N1440: step 27 ELEVATED pairs=40689 evals=116 46s
[608698.5] PE_E_T2000_N1440: step 28 NO_CANDIDATES_GENERATED pairs=40689 evals=116 47s
[608698.6] PE_E_T2000_N1440: step 29 NO_CANDIDATES_GENERATED pairs=40689 evals=116 47s
[608704.2] PE_E_T2000_N1440: step 30 ELEVATED pairs=40444 evals=132 52s
[608704.3] PE_E_T2000_N1440: step 31 NO_CANDIDATES_GENERATED pairs=40444 evals=132 52s
[608704.4] PE_E_T2000_N1440: step 32 NO_CANDIDATES_GENERATED pairs=40444 evals=132 53s
[608711.3] PE_E_T2000_N1440: step 33 ELEVATED pairs=40198 evals=148 60s
[608711.5] PE_E_T2000_N1440: step 34 NO_CANDIDATES_GENERATED pairs=40198 evals=148 60s
[608711.6] PE_E_T2000_N1440: step 35 NO_CANDIDATES_GENERATED pairs=40198 evals=148 60s
[608717.0] PE_E_T2000_N1440: step 36 ELEVATED pairs=39951 evals=164 65s
[608717.1] PE_E_T2000_N1440: step 37 NO_CANDIDATES_GENERATED pairs=39951 evals=164 65s
[608717.3] PE_E_T2000_N1440: step 38 NO_CANDIDATES_GENERATED pairs=39951 evals=164 65s
[608721.6] PE_E_T2000_N1440: step 39 ELEVATED pairs=39725 evals=173 70s
[608721.8] PE_E_T2000_N1440: step 40 NO_CANDIDATES_GENERATED pairs=39725 evals=173 70s
[608721.9] PE_E_T2000_N1440: step 41 NO_CANDIDATES_GENERATED pairs=39725 evals=173 70s
[608726.2] PE_E_T2000_N1440: step 42 ELEVATED pairs=39501 evals=182 74s
[608726.4] PE_E_T2000_N1440: step 43 NO_CANDIDATES_GENERATED pairs=39501 evals=182 75s
[608726.5] PE_E_T2000_N1440: step 44 NO_CANDIDATES_GENERATED pairs=39501 evals=182 75s
[608729.3] PE_E_T2000_N1440: step 45 ELEVATED pairs=39283 evals=191 78s
[608729.5] PE_E_T2000_N1440: step 46 NO_CANDIDATES_GENERATED pairs=39283 evals=191 78s
[608729.6] PE_E_T2000_N1440: step 47 NO_CANDIDATES_GENERATED pairs=39283 evals=191 78s
[608735.5] PE_E_T2000_N1440: step 48 ELEVATED pairs=39034 evals=207 84s
[608735.6] PE_E_T2000_N1440: step 49 NO_CANDIDATES_GENERATED pairs=39034 evals=207 84s
[608735.8] PE_E_T2000_N1440: step 50 NO_CANDIDATES_GENERATED pairs=39034 evals=207 84s
[608737.9] PE_E_T2000_N1440: step 51 ELEVATED pairs=38813 evals=216 86s
[608738.1] PE_E_T2000_N1440: step 52 NO_CANDIDATES_GENERATED pairs=38813 evals=216 86s
[608738.2] PE_E_T2000_N1440: step 53 NO_CANDIDATES_GENERATED pairs=38813 evals=216 86s
[608741.5] PE_E_T2000_N1440: step 54 ELEVATED pairs=38586 evals=232 90s
[608741.6] PE_E_T2000_N1440: step 55 NO_CANDIDATES_GENERATED pairs=38586 evals=232 90s
[608741.8] PE_E_T2000_N1440: step 56 NO_CANDIDATES_GENERATED pairs=38586 evals=232 90s
[608745.3] PE_E_T2000_N1440: step 57 ELEVATED pairs=38370 evals=241 94s
[608745.5] PE_E_T2000_N1440: step 58 NO_CANDIDATES_GENERATED pairs=38370 evals=241 94s
[608745.7] PE_E_T2000_N1440: step 59 NO_CANDIDATES_GENERATED pairs=38370 evals=241 94s
[608751.4] PE_E_T2000_N1440: step 60 ELEVATED pairs=38142 evals=257 100s
[608751.6] PE_E_T2000_N1440: step 61 NO_CANDIDATES_GENERATED pairs=38142 evals=257 100s
[608751.7] PE_E_T2000_N1440: step 62 NO_CANDIDATES_GENERATED pairs=38142 evals=257 100s
[608754.3] PE_E_T2000_N1440: step 63 ELEVATED pairs=37928 evals=266 103s
[608754.5] PE_E_T2000_N1440: step 64 NO_CANDIDATES_GENERATED pairs=37928 evals=266 103s
[608754.7] PE_E_T2000_N1440: step 65 NO_CANDIDATES_GENERATED pairs=37928 evals=266 103s
[608760.2] PE_E_T2000_N1440: step 66 ELEVATED pairs=37702 evals=282 108s
[608760.4] PE_E_T2000_N1440: step 67 NO_CANDIDATES_GENERATED pairs=37702 evals=282 109s
[608760.6] PE_E_T2000_N1440: step 68 NO_CANDIDATES_GENERATED pairs=37702 evals=282 109s
[608763.0] PE_E_T2000_N1440: step 69 ELEVATED pairs=37490 evals=291 111s
[608763.1] PE_E_T2000_N1440: step 70 NO_CANDIDATES_GENERATED pairs=37490 evals=291 111s
[608763.3] PE_E_T2000_N1440: step 71 NO_CANDIDATES_GENERATED pairs=37490 evals=291 111s
[608769.0] PE_E_T2000_N1440: step 72 ELEVATED pairs=37265 evals=307 117s
[608769.2] PE_E_T2000_N1440: step 73 NO_CANDIDATES_GENERATED pairs=37265 evals=307 117s
[608769.3] PE_E_T2000_N1440: step 74 NO_CANDIDATES_GENERATED pairs=37265 evals=307 118s
[608778.0] PE_E_T2000_N1440: step 75 ELEVATED pairs=37052 evals=323 126s
[608778.2] PE_E_T2000_N1440: step 76 NO_CANDIDATES_GENERATED pairs=37052 evals=323 126s
[608778.3] PE_E_T2000_N1440: step 77 NO_CANDIDATES_GENERATED pairs=37052 evals=323 127s
[608781.7] PE_E_T2000_N1440: step 78 ELEVATED pairs=36852 evals=332 130s
[608781.9] PE_E_T2000_N1440: step 79 NO_CANDIDATES_GENERATED pairs=36852 evals=332 130s
[608782.1] PE_E_T2000_N1440: step 80 NO_CANDIDATES_GENERATED pairs=36852 evals=332 130s
[608782.2] PE_E_T2000_N1440: step 81 NO_CANDIDATES_GENERATED pairs=36852 evals=332 130s
[608790.5] PE_E_T2000_N1440: step 82 ELEVATED pairs=36638 evals=348 139s
[608790.7] PE_E_T2000_N1440: step 83 NO_CANDIDATES_GENERATED pairs=36638 evals=348 139s
[608790.8] PE_E_T2000_N1440: step 84 NO_CANDIDATES_GENERATED pairs=36638 evals=348 139s
[608791.0] PE_E_T2000_N1440: step 85 NO_CANDIDATES_GENERATED pairs=36638 evals=348 139s
[608797.6] PE_E_T2000_N1440: step 86 ELEVATED pairs=36437 evals=364 146s
[608797.7] PE_E_T2000_N1440: step 87 NO_CANDIDATES_GENERATED pairs=36437 evals=364 146s
[608797.9] PE_E_T2000_N1440: step 88 NO_CANDIDATES_GENERATED pairs=36437 evals=364 146s
[608798.0] PE_E_T2000_N1440: step 89 NO_CANDIDATES_GENERATED pairs=36437 evals=364 146s
[608798.2] PE_E_T2000_N1440: step 90 NO_CANDIDATES_GENERATED pairs=36437 evals=364 146s
[608798.3] PE_E_T2000_N1440: step 91 NO_CANDIDATES_GENERATED pairs=36437 evals=364 147s
[608803.9] PE_E_T2000_N1440: step 92 ELEVATED pairs=36235 evals=380 152s
[608804.0] PE_E_T2000_N1440: step 93 NO_CANDIDATES_GENERATED pairs=36235 evals=380 152s
[608804.2] PE_E_T2000_N1440: step 94 NO_CANDIDATES_GENERATED pairs=36235 evals=380 152s
[608804.3] PE_E_T2000_N1440: step 95 NO_CANDIDATES_GENERATED pairs=36235 evals=380 152s
[608804.4] PE_E_T2000_N1440: step 96 NO_CANDIDATES_GENERATED pairs=36235 evals=380 153s
[608804.5] PE_E_T2000_N1440: step 97 NO_CANDIDATES_GENERATED pairs=36235 evals=380 153s
[608808.4] PE_E_T2000_N1440: step 98 ELEVATED pairs=36026 evals=396 157s
[608808.5] PE_E_T2000_N1440: step 99 NO_CANDIDATES_GENERATED pairs=36026 evals=396 157s
[608808.7] PE_E_T2000_N1440: step 100 NO_CANDIDATES_GENERATED pairs=36026 evals=396 157s
[608808.8] PE_E_T2000_N1440: step 101 NO_CANDIDATES_GENERATED pairs=36026 evals=396 157s
[608809.0] PE_E_T2000_N1440: step 102 NO_CANDIDATES_GENERATED pairs=36026 evals=396 157s
[608809.1] PE_E_T2000_N1440: step 103 NO_CANDIDATES_GENERATED pairs=36026 evals=396 157s
[608813.3] PE_E_T2000_N1440: step 104 ELEVATED pairs=35817 evals=412 162s
[608813.5] PE_E_T2000_N1440: step 105 NO_CANDIDATES_GENERATED pairs=35817 evals=412 162s
[608813.6] PE_E_T2000_N1440: step 106 NO_CANDIDATES_GENERATED pairs=35817 evals=412 162s
[608813.7] PE_E_T2000_N1440: step 107 NO_CANDIDATES_GENERATED pairs=35817 evals=412 162s
[608813.9] PE_E_T2000_N1440: step 108 NO_CANDIDATES_GENERATED pairs=35817 evals=412 162s
[608814.0] PE_E_T2000_N1440: step 109 NO_CANDIDATES_GENERATED pairs=35817 evals=412 162s
[608821.8] PE_E_T2000_N1440: step 110 ELEVATED pairs=35591 evals=428 170s
[608821.9] PE_E_T2000_N1440: step 111 NO_CANDIDATES_GENERATED pairs=35591 evals=428 170s
[608822.1] PE_E_T2000_N1440: step 112 NO_CANDIDATES_GENERATED pairs=35591 evals=428 170s
[608822.2] PE_E_T2000_N1440: step 113 NO_CANDIDATES_GENERATED pairs=35591 evals=428 170s
[608822.4] PE_E_T2000_N1440: step 114 NO_CANDIDATES_GENERATED pairs=35591 evals=428 171s
[608822.6] PE_E_T2000_N1440: step 115 NO_CANDIDATES_GENERATED pairs=35591 evals=428 171s
[608831.4] PE_E_T2000_N1440: step 116 ELEVATED pairs=35382 evals=444 180s
[608831.6] PE_E_T2000_N1440: step 117 NO_CANDIDATES_GENERATED pairs=35382 evals=444 180s
[608831.8] PE_E_T2000_N1440: step 118 NO_CANDIDATES_GENERATED pairs=35382 evals=444 180s
[608831.9] PE_E_T2000_N1440: step 119 NO_CANDIDATES_GENERATED pairs=35382 evals=444 180s
[608832.1] PE_E_T2000_N1440: step 120 NO_CANDIDATES_GENERATED pairs=35382 evals=444 180s
[608832.3] PE_E_T2000_N1440: step 121 NO_CANDIDATES_GENERATED pairs=35382 evals=444 180s
[608838.4] PE_E_T2000_N1440: step 122 ELEVATED pairs=35180 evals=460 187s
[608838.5] PE_E_T2000_N1440: step 123 NO_CANDIDATES_GENERATED pairs=35180 evals=460 187s
[608838.7] PE_E_T2000_N1440: step 124 NO_CANDIDATES_GENERATED pairs=35180 evals=460 187s
[608838.8] PE_E_T2000_N1440: step 125 NO_CANDIDATES_GENERATED pairs=35180 evals=460 187s
[608839.0] PE_E_T2000_N1440: step 126 NO_CANDIDATES_GENERATED pairs=35180 evals=460 187s
[608839.1] PE_E_T2000_N1440: step 127 NO_CANDIDATES_GENERATED pairs=35180 evals=460 187s
[608846.7] PE_E_T2000_N1440: step 128 ELEVATED pairs=34973 evals=476 195s
[608846.8] PE_E_T2000_N1440: step 129 NO_CANDIDATES_GENERATED pairs=34973 evals=476 195s
[608847.0] PE_E_T2000_N1440: step 130 NO_CANDIDATES_GENERATED pairs=34973 evals=476 195s
[608847.1] PE_E_T2000_N1440: step 131 NO_CANDIDATES_GENERATED pairs=34973 evals=476 195s
[608847.2] PE_E_T2000_N1440: step 132 NO_CANDIDATES_GENERATED pairs=34973 evals=476 195s
[608847.3] PE_E_T2000_N1440: step 133 NO_CANDIDATES_GENERATED pairs=34973 evals=476 196s
[608853.4] PE_E_T2000_N1440: step 134 ELEVATED pairs=34773 evals=492 202s
[608853.5] PE_E_T2000_N1440: step 135 NO_CANDIDATES_GENERATED pairs=34773 evals=492 202s
[608853.6] PE_E_T2000_N1440: step 136 NO_CANDIDATES_GENERATED pairs=34773 evals=492 202s
[608853.8] PE_E_T2000_N1440: step 137 NO_CANDIDATES_GENERATED pairs=34773 evals=492 202s
[608853.9] PE_E_T2000_N1440: step 138 NO_CANDIDATES_GENERATED pairs=34773 evals=492 202s
[608854.0] PE_E_T2000_N1440: step 139 NO_CANDIDATES_GENERATED pairs=34773 evals=492 202s
[608861.4] PE_E_T2000_N1440: step 140 ELEVATED pairs=34567 evals=508 210s
[608861.5] PE_E_T2000_N1440: step 141 NO_CANDIDATES_GENERATED pairs=34567 evals=508 210s
[608861.7] PE_E_T2000_N1440: step 142 NO_CANDIDATES_GENERATED pairs=34567 evals=508 210s
[608861.8] PE_E_T2000_N1440: step 143 NO_CANDIDATES_GENERATED pairs=34567 evals=508 210s
[608862.0] PE_E_T2000_N1440: step 144 NO_CANDIDATES_GENERATED pairs=34567 evals=508 210s
[608862.1] PE_E_T2000_N1440: step 145 NO_CANDIDATES_GENERATED pairs=34567 evals=508 210s
[608867.9] PE_E_T2000_N1440: step 146 ELEVATED pairs=34368 evals=524 216s
[608868.1] PE_E_T2000_N1440: step 147 NO_CANDIDATES_GENERATED pairs=34368 evals=524 216s
[608868.2] PE_E_T2000_N1440: step 148 NO_CANDIDATES_GENERATED pairs=34368 evals=524 216s
[608868.4] PE_E_T2000_N1440: step 149 NO_CANDIDATES_GENERATED pairs=34368 evals=524 217s
[608868.5] PE_E_T2000_N1440: step 150 NO_CANDIDATES_GENERATED pairs=34368 evals=524 217s
[608868.6] PE_E_T2000_N1440: step 151 NO_CANDIDATES_GENERATED pairs=34368 evals=524 217s
[608876.0] PE_E_T2000_N1440: step 152 ELEVATED pairs=34164 evals=540 224s
[608876.1] PE_E_T2000_N1440: step 153 NO_CANDIDATES_GENERATED pairs=34164 evals=540 224s
[608876.2] PE_E_T2000_N1440: step 154 NO_CANDIDATES_GENERATED pairs=34164 evals=540 224s
[608876.4] PE_E_T2000_N1440: step 155 NO_CANDIDATES_GENERATED pairs=34164 evals=540 225s
[608876.5] PE_E_T2000_N1440: step 156 NO_CANDIDATES_GENERATED pairs=34164 evals=540 225s
[608876.6] PE_E_T2000_N1440: step 157 NO_CANDIDATES_GENERATED pairs=34164 evals=540 225s
[608882.3] PE_E_T2000_N1440: step 158 ELEVATED pairs=33967 evals=556 231s
[608882.5] PE_E_T2000_N1440: step 159 NO_CANDIDATES_GENERATED pairs=33967 evals=556 231s
[608882.7] PE_E_T2000_N1440: step 160 NO_CANDIDATES_GENERATED pairs=33967 evals=556 231s
[608882.8] PE_E_T2000_N1440: step 161 NO_CANDIDATES_GENERATED pairs=33967 evals=556 231s
[608882.9] PE_E_T2000_N1440: step 162 NO_CANDIDATES_GENERATED pairs=33967 evals=556 231s
[608883.1] PE_E_T2000_N1440: step 163 NO_CANDIDATES_GENERATED pairs=33967 evals=556 231s
[608892.3] PE_E_T2000_N1440: step 164 ELEVATED pairs=33764 evals=572 240s
[608892.5] PE_E_T2000_N1440: step 165 NO_CANDIDATES_GENERATED pairs=33764 evals=572 241s
[608892.7] PE_E_T2000_N1440: step 166 NO_CANDIDATES_GENERATED pairs=33764 evals=572 241s
[608892.8] PE_E_T2000_N1440: step 167 NO_CANDIDATES_GENERATED pairs=33764 evals=572 241s
[608893.0] PE_E_T2000_N1440: step 168 NO_CANDIDATES_GENERATED pairs=33764 evals=572 241s
[608893.1] PE_E_T2000_N1440: step 169 NO_CANDIDATES_GENERATED pairs=33764 evals=572 241s
[608900.1] PE_E_T2000_N1440: step 170 ELEVATED pairs=33568 evals=588 248s
[608900.3] PE_E_T2000_N1440: step 171 NO_CANDIDATES_GENERATED pairs=33568 evals=588 248s
[608900.4] PE_E_T2000_N1440: step 172 NO_CANDIDATES_GENERATED pairs=33568 evals=588 249s
[608900.6] PE_E_T2000_N1440: step 173 NO_CANDIDATES_GENERATED pairs=33568 evals=588 249s
[608900.7] PE_E_T2000_N1440: step 174 NO_CANDIDATES_GENERATED pairs=33568 evals=588 249s
[608900.9] PE_E_T2000_N1440: step 175 NO_CANDIDATES_GENERATED pairs=33568 evals=588 249s
[608909.9] PE_E_T2000_N1440: step 176 ELEVATED pairs=33367 evals=604 258s
[608910.1] PE_E_T2000_N1440: step 177 NO_CANDIDATES_GENERATED pairs=33367 evals=604 258s
[608910.3] PE_E_T2000_N1440: step 178 NO_CANDIDATES_GENERATED pairs=33367 evals=604 258s
[608910.4] PE_E_T2000_N1440: step 179 NO_CANDIDATES_GENERATED pairs=33367 evals=604 259s
[608910.6] PE_E_T2000_N1440: step 180 NO_CANDIDATES_GENERATED pairs=33367 evals=604 259s
[608910.8] PE_E_T2000_N1440: step 181 NO_CANDIDATES_GENERATED pairs=33367 evals=604 259s
[608920.1] PE_E_T2000_N1440: step 182 ELEVATED pairs=33167 evals=620 268s
[608920.2] PE_E_T2000_N1440: step 183 NO_CANDIDATES_GENERATED pairs=33167 evals=620 268s
[608920.4] PE_E_T2000_N1440: step 184 NO_CANDIDATES_GENERATED pairs=33167 evals=620 269s
[608920.6] PE_E_T2000_N1440: step 185 NO_CANDIDATES_GENERATED pairs=33167 evals=620 269s
[608920.7] PE_E_T2000_N1440: step 186 NO_CANDIDATES_GENERATED pairs=33167 evals=620 269s
[608920.9] PE_E_T2000_N1440: step 187 NO_CANDIDATES_GENERATED pairs=33167 evals=620 269s
[608927.5] PE_E_T2000_N1440: step 188 ELEVATED pairs=32960 evals=636 276s
[608927.6] PE_E_T2000_N1440: step 189 NO_CANDIDATES_GENERATED pairs=32960 evals=636 276s
[608927.8] PE_E_T2000_N1440: step 190 NO_CANDIDATES_GENERATED pairs=32960 evals=636 276s
[608928.0] PE_E_T2000_N1440: step 191 NO_CANDIDATES_GENERATED pairs=32960 evals=636 276s
[608928.1] PE_E_T2000_N1440: step 192 NO_CANDIDATES_GENERATED pairs=32960 evals=636 276s
[608928.3] PE_E_T2000_N1440: step 193 NO_CANDIDATES_GENERATED pairs=32960 evals=636 276s
[608937.6] PE_E_T2000_N1440: step 194 ELEVATED pairs=32762 evals=652 286s
[608937.7] PE_E_T2000_N1440: step 195 NO_CANDIDATES_GENERATED pairs=32762 evals=652 286s
[608937.9] PE_E_T2000_N1440: step 196 NO_CANDIDATES_GENERATED pairs=32762 evals=652 286s
[608938.0] PE_E_T2000_N1440: step 197 NO_CANDIDATES_GENERATED pairs=32762 evals=652 286s
[608938.1] PE_E_T2000_N1440: step 198 NO_CANDIDATES_GENERATED pairs=32762 evals=652 286s
[608938.3] PE_E_T2000_N1440: step 199 NO_CANDIDATES_GENERATED pairs=32762 evals=652 286s
[608946.0] PE_E_T2000_N1440: step 200 ELEVATED pairs=32565 evals=668 294s
[608946.2] PE_E_T2000_N1440: step 201 NO_CANDIDATES_GENERATED pairs=32565 evals=668 294s
[608946.3] PE_E_T2000_N1440: step 202 NO_CANDIDATES_GENERATED pairs=32565 evals=668 294s
[608946.5] PE_E_T2000_N1440: step 203 NO_CANDIDATES_GENERATED pairs=32565 evals=668 295s
[608946.6] PE_E_T2000_N1440: step 204 NO_CANDIDATES_GENERATED pairs=32565 evals=668 295s
[608946.7] PE_E_T2000_N1440: step 205 NO_CANDIDATES_GENERATED pairs=32565 evals=668 295s
[608953.2] PE_E_T2000_N1440: step 206 ELEVATED pairs=32369 evals=684 301s
[608953.4] PE_E_T2000_N1440: step 207 NO_CANDIDATES_GENERATED pairs=32369 evals=684 302s
[608953.5] PE_E_T2000_N1440: step 208 NO_CANDIDATES_GENERATED pairs=32369 evals=684 302s
[608953.7] PE_E_T2000_N1440: step 209 NO_CANDIDATES_GENERATED pairs=32369 evals=684 302s
[608953.8] PE_E_T2000_N1440: step 210 NO_CANDIDATES_GENERATED pairs=32369 evals=684 302s
[608953.9] PE_E_T2000_N1440: step 211 NO_CANDIDATES_GENERATED pairs=32369 evals=684 302s
[608962.3] PE_E_T2000_N1440: step 212 ELEVATED pairs=32174 evals=700 310s
[608962.4] PE_E_T2000_N1440: step 213 NO_CANDIDATES_GENERATED pairs=32174 evals=700 311s
[608962.6] PE_E_T2000_N1440: step 214 NO_CANDIDATES_GENERATED pairs=32174 evals=700 311s
[608962.7] PE_E_T2000_N1440: step 215 NO_CANDIDATES_GENERATED pairs=32174 evals=700 311s
[608962.9] PE_E_T2000_N1440: step 216 NO_CANDIDATES_GENERATED pairs=32174 evals=700 311s
[608963.0] PE_E_T2000_N1440: step 217 NO_CANDIDATES_GENERATED pairs=32174 evals=700 311s
[608970.6] PE_E_T2000_N1440: step 218 ELEVATED pairs=31951 evals=716 319s
[608970.8] PE_E_T2000_N1440: step 219 NO_CANDIDATES_GENERATED pairs=31951 evals=716 319s
[608970.9] PE_E_T2000_N1440: step 220 NO_CANDIDATES_GENERATED pairs=31951 evals=716 319s
[608971.1] PE_E_T2000_N1440: step 221 NO_CANDIDATES_GENERATED pairs=31951 evals=716 319s
[608971.2] PE_E_T2000_N1440: step 222 NO_CANDIDATES_GENERATED pairs=31951 evals=716 319s
[608971.4] PE_E_T2000_N1440: step 223 NO_CANDIDATES_GENERATED pairs=31951 evals=716 320s
[608975.2] PE_E_T2000_N1440: step 224 ELEVATED pairs=31755 evals=732 323s
[608975.3] PE_E_T2000_N1440: step 225 NO_CANDIDATES_GENERATED pairs=31755 evals=732 324s
[608975.5] PE_E_T2000_N1440: step 226 NO_CANDIDATES_GENERATED pairs=31755 evals=732 324s
[608975.6] PE_E_T2000_N1440: step 227 NO_CANDIDATES_GENERATED pairs=31755 evals=732 324s
[608975.8] PE_E_T2000_N1440: step 228 NO_CANDIDATES_GENERATED pairs=31755 evals=732 324s
[608975.9] PE_E_T2000_N1440: step 229 NO_CANDIDATES_GENERATED pairs=31755 evals=732 324s
[608983.9] PE_E_T2000_N1440: step 230 ELEVATED pairs=31534 evals=748 332s
[608984.1] PE_E_T2000_N1440: step 231 NO_CANDIDATES_GENERATED pairs=31534 evals=748 332s
[608984.2] PE_E_T2000_N1440: step 232 NO_CANDIDATES_GENERATED pairs=31534 evals=748 332s
[608984.3] PE_E_T2000_N1440: step 233 NO_CANDIDATES_GENERATED pairs=31534 evals=748 332s
[608984.5] PE_E_T2000_N1440: step 234 NO_CANDIDATES_GENERATED pairs=31534 evals=748 333s
[608984.6] PE_E_T2000_N1440: step 235 NO_CANDIDATES_GENERATED pairs=31534 evals=748 333s
[608990.7] PE_E_T2000_N1440: step 236 ELEVATED pairs=31315 evals=764 339s
[608990.9] PE_E_T2000_N1440: step 237 NO_CANDIDATES_GENERATED pairs=31315 evals=764 339s
[608991.0] PE_E_T2000_N1440: step 238 NO_CANDIDATES_GENERATED pairs=31315 evals=764 339s
[608991.1] PE_E_T2000_N1440: step 239 NO_CANDIDATES_GENERATED pairs=31315 evals=764 339s
[608991.2] PE_E_T2000_N1440: step 240 NO_CANDIDATES_GENERATED pairs=31315 evals=764 339s
[608991.4] PE_E_T2000_N1440: step 241 NO_CANDIDATES_GENERATED pairs=31315 evals=764 340s
[608997.0] PE_E_T2000_N1440: step 242 ELEVATED pairs=31136 evals=773 345s
[608997.1] PE_E_T2000_N1440: step 243 NO_CANDIDATES_GENERATED pairs=31136 evals=773 345s
[608997.2] PE_E_T2000_N1440: step 244 NO_CANDIDATES_GENERATED pairs=31136 evals=773 345s
[608997.4] PE_E_T2000_N1440: step 245 NO_CANDIDATES_GENERATED pairs=31136 evals=773 346s
[608997.5] PE_E_T2000_N1440: step 246 NO_CANDIDATES_GENERATED pairs=31136 evals=773 346s
[608997.6] PE_E_T2000_N1440: step 247 NO_CANDIDATES_GENERATED pairs=31136 evals=773 346s
[609002.4] PE_E_T2000_N1440: step 248 ELEVATED pairs=30959 evals=782 351s
[609002.5] PE_E_T2000_N1440: step 249 NO_CANDIDATES_GENERATED pairs=30959 evals=782 351s
[609002.6] PE_E_T2000_N1440: step 250 NO_CANDIDATES_GENERATED pairs=30959 evals=782 351s
[609002.7] PE_E_T2000_N1440: step 251 NO_CANDIDATES_GENERATED pairs=30959 evals=782 351s
[609002.8] PE_E_T2000_N1440: step 252 NO_CANDIDATES_GENERATED pairs=30959 evals=782 351s
[609002.9] PE_E_T2000_N1440: step 253 NO_CANDIDATES_GENERATED pairs=30959 evals=782 351s
[609007.4] PE_E_T2000_N1440: step 254 ELEVATED pairs=30784 evals=791 356s
[609007.4] PE_E_T2000_N1440: step 255 NO_CANDIDATES_GENERATED pairs=30784 evals=791 356s
[609007.5] PE_E_T2000_N1440: step 256 NO_CANDIDATES_GENERATED pairs=30784 evals=791 356s
[609007.6] PE_E_T2000_N1440: step 257 NO_CANDIDATES_GENERATED pairs=30784 evals=791 356s
[609007.8] PE_E_T2000_N1440: step 258 NO_CANDIDATES_GENERATED pairs=30784 evals=791 356s
[609007.9] PE_E_T2000_N1440: step 259 NO_CANDIDATES_GENERATED pairs=30784 evals=791 356s
[609012.2] PE_E_T2000_N1440: step 260 ELEVATED pairs=30611 evals=800 360s
[609012.3] PE_E_T2000_N1440: step 261 NO_CANDIDATES_GENERATED pairs=30611 evals=800 360s
[609012.4] PE_E_T2000_N1440: step 262 NO_CANDIDATES_GENERATED pairs=30611 evals=800 361s
[609012.5] PE_E_T2000_N1440: step 263 NO_CANDIDATES_GENERATED pairs=30611 evals=800 361s
[609012.6] PE_E_T2000_N1440: step 264 NO_CANDIDATES_GENERATED pairs=30611 evals=800 361s
[609012.7] PE_E_T2000_N1440: step 265 NO_CANDIDATES_GENERATED pairs=30611 evals=800 361s
[609017.1] PE_E_T2000_N1440: step 266 ELEVATED pairs=30410 evals=816 365s
[609017.2] PE_E_T2000_N1440: step 267 NO_CANDIDATES_GENERATED pairs=30410 evals=816 365s
[609017.3] PE_E_T2000_N1440: step 268 NO_CANDIDATES_GENERATED pairs=30410 evals=816 366s
[609017.4] PE_E_T2000_N1440: step 269 NO_CANDIDATES_GENERATED pairs=30410 evals=816 366s
[609017.6] PE_E_T2000_N1440: step 270 NO_CANDIDATES_GENERATED pairs=30410 evals=816 366s
[609017.7] PE_E_T2000_N1440: step 271 NO_CANDIDATES_GENERATED pairs=30410 evals=816 366s
[609021.6] PE_E_T2000_N1440: step 272 ELEVATED pairs=30224 evals=832 370s
[609021.7] PE_E_T2000_N1440: step 273 NO_CANDIDATES_GENERATED pairs=30224 evals=832 370s
[609021.9] PE_E_T2000_N1440: step 274 NO_CANDIDATES_GENERATED pairs=30224 evals=832 370s
[609022.0] PE_E_T2000_N1440: step 275 NO_CANDIDATES_GENERATED pairs=30224 evals=832 370s
[609022.1] PE_E_T2000_N1440: step 276 NO_CANDIDATES_GENERATED pairs=30224 evals=832 370s
[609022.2] PE_E_T2000_N1440: step 277 NO_CANDIDATES_GENERATED pairs=30224 evals=832 370s
[609026.5] PE_E_T2000_N1440: step 278 ELEVATED pairs=30025 evals=848 375s
[609026.6] PE_E_T2000_N1440: step 279 NO_CANDIDATES_GENERATED pairs=30025 evals=848 375s
[609026.7] PE_E_T2000_N1440: step 280 NO_CANDIDATES_GENERATED pairs=30025 evals=848 375s
[609026.8] PE_E_T2000_N1440: step 281 NO_CANDIDATES_GENERATED pairs=30025 evals=848 375s
[609026.9] PE_E_T2000_N1440: step 282 NO_CANDIDATES_GENERATED pairs=30025 evals=848 375s
[609027.0] PE_E_T2000_N1440: step 283 NO_CANDIDATES_GENERATED pairs=30025 evals=848 375s
[609031.0] PE_E_T2000_N1440: step 284 ELEVATED pairs=29841 evals=864 379s
[609031.1] PE_E_T2000_N1440: step 285 NO_CANDIDATES_GENERATED pairs=29841 evals=864 379s
[609031.2] PE_E_T2000_N1440: step 286 NO_CANDIDATES_GENERATED pairs=29841 evals=864 379s
[609031.3] PE_E_T2000_N1440: step 287 NO_CANDIDATES_GENERATED pairs=29841 evals=864 379s
[609031.4] PE_E_T2000_N1440: step 288 NO_CANDIDATES_GENERATED pairs=29841 evals=864 380s
[609031.5] PE_E_T2000_N1440: step 289 NO_CANDIDATES_GENERATED pairs=29841 evals=864 380s
[609035.7] PE_E_T2000_N1440: step 290 ELEVATED pairs=29644 evals=880 384s
[609035.8] PE_E_T2000_N1440: step 291 NO_CANDIDATES_GENERATED pairs=29644 evals=880 384s
[609035.9] PE_E_T2000_N1440: step 292 NO_CANDIDATES_GENERATED pairs=29644 evals=880 384s
[609036.0] PE_E_T2000_N1440: step 293 NO_CANDIDATES_GENERATED pairs=29644 evals=880 384s
[609036.1] PE_E_T2000_N1440: step 294 NO_CANDIDATES_GENERATED pairs=29644 evals=880 384s
[609036.2] PE_E_T2000_N1440: step 295 NO_CANDIDATES_GENERATED pairs=29644 evals=880 384s
[609039.4] PE_E_T2000_N1440: step 296 ELEVATED pairs=29462 evals=896 388s
[609039.5] PE_E_T2000_N1440: step 297 NO_CANDIDATES_GENERATED pairs=29462 evals=896 388s
[609039.6] PE_E_T2000_N1440: step 298 NO_CANDIDATES_GENERATED pairs=29462 evals=896 388s
[609039.6] PE_E_T2000_N1440: step 299 NO_CANDIDATES_GENERATED pairs=29462 evals=896 388s
[609039.7] PE_E_T2000_N1440: step 300 NO_CANDIDATES_GENERATED pairs=29462 evals=896 388s
[609039.8] PE_E_T2000_N1440: step 301 NO_CANDIDATES_GENERATED pairs=29462 evals=896 388s
[609043.3] PE_E_T2000_N1440: step 302 ELEVATED pairs=29282 evals=912 392s
[609043.4] PE_E_T2000_N1440: step 303 NO_CANDIDATES_GENERATED pairs=29282 evals=912 392s
[609043.5] PE_E_T2000_N1440: step 304 NO_CANDIDATES_GENERATED pairs=29282 evals=912 392s
[609043.6] PE_E_T2000_N1440: step 305 NO_CANDIDATES_GENERATED pairs=29282 evals=912 392s
[609043.7] PE_E_T2000_N1440: step 306 NO_CANDIDATES_GENERATED pairs=29282 evals=912 392s
[609043.8] PE_E_T2000_N1440: step 307 NO_CANDIDATES_GENERATED pairs=29282 evals=912 392s
[609049.4] PE_E_T2000_N1440: step 308 ELEVATED pairs=29090 evals=928 398s
[609049.5] PE_E_T2000_N1440: step 309 NO_CANDIDATES_GENERATED pairs=29090 evals=928 398s
[609049.6] PE_E_T2000_N1440: step 310 NO_CANDIDATES_GENERATED pairs=29090 evals=928 398s
[609049.7] PE_E_T2000_N1440: step 311 NO_CANDIDATES_GENERATED pairs=29090 evals=928 398s
[609049.8] PE_E_T2000_N1440: step 312 NO_CANDIDATES_GENERATED pairs=29090 evals=928 398s
[609049.8] PE_E_T2000_N1440: step 313 NO_CANDIDATES_GENERATED pairs=29090 evals=928 398s
[609053.5] PE_E_T2000_N1440: step 314 ELEVATED pairs=28918 evals=944 402s
[609053.6] PE_E_T2000_N1440: step 315 NO_CANDIDATES_GENERATED pairs=28918 evals=944 402s
[609053.7] PE_E_T2000_N1440: step 316 NO_CANDIDATES_GENERATED pairs=28918 evals=944 402s
[609053.7] PE_E_T2000_N1440: step 317 NO_CANDIDATES_GENERATED pairs=28918 evals=944 402s
[609053.8] PE_E_T2000_N1440: step 318 NO_CANDIDATES_GENERATED pairs=28918 evals=944 402s
[609053.9] PE_E_T2000_N1440: step 319 NO_CANDIDATES_GENERATED pairs=28918 evals=944 402s
[609057.5] PE_E_T2000_N1440: step 320 ELEVATED pairs=28748 evals=960 406s
[609057.6] PE_E_T2000_N1440: step 321 NO_CANDIDATES_GENERATED pairs=28748 evals=960 406s
[609057.7] PE_E_T2000_N1440: step 322 NO_CANDIDATES_GENERATED pairs=28748 evals=960 406s
[609057.8] PE_E_T2000_N1440: step 323 NO_CANDIDATES_GENERATED pairs=28748 evals=960 406s
[609057.8] PE_E_T2000_N1440: step 324 NO_CANDIDATES_GENERATED pairs=28748 evals=960 406s
[609057.9] PE_E_T2000_N1440: step 325 NO_CANDIDATES_GENERATED pairs=28748 evals=960 406s
[609063.6] PE_E_T2000_N1440: step 326 ELEVATED pairs=28558 evals=976 412s
[609063.7] PE_E_T2000_N1440: step 327 NO_CANDIDATES_GENERATED pairs=28558 evals=976 412s
[609063.8] PE_E_T2000_N1440: step 328 NO_CANDIDATES_GENERATED pairs=28558 evals=976 412s
[609063.9] PE_E_T2000_N1440: step 329 NO_CANDIDATES_GENERATED pairs=28558 evals=976 412s
[609064.0] PE_E_T2000_N1440: step 330 NO_CANDIDATES_GENERATED pairs=28558 evals=976 412s
[609064.0] PE_E_T2000_N1440: step 331 NO_CANDIDATES_GENERATED pairs=28558 evals=976 412s
[609068.8] PE_E_T2000_N1440: step 332 ELEVATED pairs=28387 evals=992 417s
[609068.9] PE_E_T2000_N1440: step 333 NO_CANDIDATES_GENERATED pairs=28387 evals=992 417s
[609069.0] PE_E_T2000_N1440: step 334 NO_CANDIDATES_GENERATED pairs=28387 evals=992 417s
[609069.1] PE_E_T2000_N1440: step 335 NO_CANDIDATES_GENERATED pairs=28387 evals=992 417s
[609069.2] PE_E_T2000_N1440: step 336 NO_CANDIDATES_GENERATED pairs=28387 evals=992 417s
[609069.3] PE_E_T2000_N1440: step 337 NO_CANDIDATES_GENERATED pairs=28387 evals=992 417s
[609074.4] PE_E_T2000_N1440: step 338 ELEVATED pairs=28218 evals=1008 423s
[609074.5] PE_E_T2000_N1440: step 339 NO_CANDIDATES_GENERATED pairs=28218 evals=1008 423s
[609074.6] PE_E_T2000_N1440: step 340 NO_CANDIDATES_GENERATED pairs=28218 evals=1008 423s
[609074.8] PE_E_T2000_N1440: step 341 NO_CANDIDATES_GENERATED pairs=28218 evals=1008 423s
[609074.8] PE_E_T2000_N1440: step 342 NO_CANDIDATES_GENERATED pairs=28218 evals=1008 423s
[609074.9] PE_E_T2000_N1440: step 343 NO_CANDIDATES_GENERATED pairs=28218 evals=1008 423s
[609078.7] PE_E_T2000_N1440: step 344 ELEVATED pairs=28059 evals=1024 427s
[609078.8] PE_E_T2000_N1440: step 345 NO_CANDIDATES_GENERATED pairs=28059 evals=1024 427s
[609078.9] PE_E_T2000_N1440: step 346 NO_CANDIDATES_GENERATED pairs=28059 evals=1024 427s
[609079.0] PE_E_T2000_N1440: step 347 NO_CANDIDATES_GENERATED pairs=28059 evals=1024 427s
[609079.1] PE_E_T2000_N1440: step 348 NO_CANDIDATES_GENERATED pairs=28059 evals=1024 427s
[609079.2] PE_E_T2000_N1440: step 349 NO_CANDIDATES_GENERATED pairs=28059 evals=1024 427s
[609082.7] PE_E_T2000_N1440: step 350 ELEVATED pairs=27895 evals=1040 431s
[609082.8] PE_E_T2000_N1440: step 351 NO_CANDIDATES_GENERATED pairs=27895 evals=1040 431s
[609082.9] PE_E_T2000_N1440: step 352 NO_CANDIDATES_GENERATED pairs=27895 evals=1040 431s
[609083.0] PE_E_T2000_N1440: step 353 NO_CANDIDATES_GENERATED pairs=27895 evals=1040 431s
[609083.1] PE_E_T2000_N1440: step 354 NO_CANDIDATES_GENERATED pairs=27895 evals=1040 431s
[609083.2] PE_E_T2000_N1440: step 355 NO_CANDIDATES_GENERATED pairs=27895 evals=1040 431s
[609087.3] PE_E_T2000_N1440: step 356 ELEVATED pairs=27731 evals=1056 435s
[609087.4] PE_E_T2000_N1440: step 357 NO_CANDIDATES_GENERATED pairs=27731 evals=1056 436s
[609087.5] PE_E_T2000_N1440: step 358 NO_CANDIDATES_GENERATED pairs=27731 evals=1056 436s
[609087.6] PE_E_T2000_N1440: step 359 NO_CANDIDATES_GENERATED pairs=27731 evals=1056 436s
[609087.7] PE_E_T2000_N1440: step 360 NO_CANDIDATES_GENERATED pairs=27731 evals=1056 436s
[609087.8] PE_E_T2000_N1440: step 361 NO_CANDIDATES_GENERATED pairs=27731 evals=1056 436s
[609091.0] PE_E_T2000_N1440: step 362 ELEVATED pairs=27567 evals=1072 439s
[609091.1] PE_E_T2000_N1440: step 363 NO_CANDIDATES_GENERATED pairs=27567 evals=1072 439s
[609091.2] PE_E_T2000_N1440: step 364 NO_CANDIDATES_GENERATED pairs=27567 evals=1072 439s
[609091.3] PE_E_T2000_N1440: step 365 NO_CANDIDATES_GENERATED pairs=27567 evals=1072 439s
[609091.4] PE_E_T2000_N1440: step 366 NO_CANDIDATES_GENERATED pairs=27567 evals=1072 440s
[609091.5] PE_E_T2000_N1440: step 367 NO_CANDIDATES_GENERATED pairs=27567 evals=1072 440s
[609094.6] PE_E_T2000_N1440: step 368 ELEVATED pairs=27403 evals=1088 443s
[609094.7] PE_E_T2000_N1440: step 369 NO_CANDIDATES_GENERATED pairs=27403 evals=1088 443s
[609094.8] PE_E_T2000_N1440: step 370 NO_CANDIDATES_GENERATED pairs=27403 evals=1088 443s
[609094.9] PE_E_T2000_N1440: step 371 NO_CANDIDATES_GENERATED pairs=27403 evals=1088 443s
[609095.0] PE_E_T2000_N1440: step 372 NO_CANDIDATES_GENERATED pairs=27403 evals=1088 443s
[609095.1] PE_E_T2000_N1440: step 373 NO_CANDIDATES_GENERATED pairs=27403 evals=1088 443s
[609098.3] PE_E_T2000_N1440: step 374 ELEVATED pairs=27239 evals=1104 447s
[609098.4] PE_E_T2000_N1440: step 375 NO_CANDIDATES_GENERATED pairs=27239 evals=1104 447s
[609098.5] PE_E_T2000_N1440: step 376 NO_CANDIDATES_GENERATED pairs=27239 evals=1104 447s
[609098.7] PE_E_T2000_N1440: step 377 NO_CANDIDATES_GENERATED pairs=27239 evals=1104 447s
[609098.8] PE_E_T2000_N1440: step 378 NO_CANDIDATES_GENERATED pairs=27239 evals=1104 447s
[609098.9] PE_E_T2000_N1440: step 379 NO_CANDIDATES_GENERATED pairs=27239 evals=1104 447s
[609103.4] PE_E_T2000_N1440: step 380 ELEVATED pairs=27081 evals=1120 452s
[609103.5] PE_E_T2000_N1440: step 381 NO_CANDIDATES_GENERATED pairs=27081 evals=1120 452s
[609103.6] PE_E_T2000_N1440: step 382 NO_CANDIDATES_GENERATED pairs=27081 evals=1120 452s
[609103.8] PE_E_T2000_N1440: step 383 NO_CANDIDATES_GENERATED pairs=27081 evals=1120 452s
[609103.9] PE_E_T2000_N1440: step 384 NO_CANDIDATES_GENERATED pairs=27081 evals=1120 452s
[609104.0] PE_E_T2000_N1440: step 385 NO_CANDIDATES_GENERATED pairs=27081 evals=1120 452s
[609110.5] PE_E_T2000_N1440: step 386 ELEVATED pairs=26914 evals=1136 459s
[609110.6] PE_E_T2000_N1440: step 387 NO_CANDIDATES_GENERATED pairs=26914 evals=1136 459s
[609110.7] PE_E_T2000_N1440: step 388 NO_CANDIDATES_GENERATED pairs=26914 evals=1136 459s
[609110.8] PE_E_T2000_N1440: step 389 NO_CANDIDATES_GENERATED pairs=26914 evals=1136 459s
[609110.9] PE_E_T2000_N1440: step 390 NO_CANDIDATES_GENERATED pairs=26914 evals=1136 459s
[609111.0] PE_E_T2000_N1440: step 391 NO_CANDIDATES_GENERATED pairs=26914 evals=1136 459s
[609115.3] PE_E_T2000_N1440: step 392 ELEVATED pairs=26757 evals=1152 463s
[609115.4] PE_E_T2000_N1440: step 393 NO_CANDIDATES_GENERATED pairs=26757 evals=1152 464s
[609115.5] PE_E_T2000_N1440: step 394 NO_CANDIDATES_GENERATED pairs=26757 evals=1152 464s
[609115.6] PE_E_T2000_N1440: step 395 NO_CANDIDATES_GENERATED pairs=26757 evals=1152 464s
[609115.7] PE_E_T2000_N1440: step 396 NO_CANDIDATES_GENERATED pairs=26757 evals=1152 464s
[609115.8] PE_E_T2000_N1440: step 397 NO_CANDIDATES_GENERATED pairs=26757 evals=1152 464s
[609119.5] PE_E_T2000_N1440: step 398 ELEVATED pairs=26600 evals=1168 468s
[609119.6] PE_E_T2000_N1440: step 399 NO_CANDIDATES_GENERATED pairs=26600 evals=1168 468s
[609119.7] PE_E_T2000_N1440: step 400 NO_CANDIDATES_GENERATED pairs=26600 evals=1168 468s
[609119.7] PE_E_T2000_N1440: step 401 NO_CANDIDATES_GENERATED pairs=26600 evals=1168 468s
[609119.8] PE_E_T2000_N1440: step 402 NO_CANDIDATES_GENERATED pairs=26600 evals=1168 468s
[609119.9] PE_E_T2000_N1440: step 403 NO_CANDIDATES_GENERATED pairs=26600 evals=1168 468s
[609126.4] PE_E_T2000_N1440: step 404 ELEVATED pairs=26435 evals=1184 475s
[609126.5] PE_E_T2000_N1440: step 405 NO_CANDIDATES_GENERATED pairs=26435 evals=1184 475s
[609126.6] PE_E_T2000_N1440: step 406 NO_CANDIDATES_GENERATED pairs=26435 evals=1184 475s
[609126.7] PE_E_T2000_N1440: step 407 NO_CANDIDATES_GENERATED pairs=26435 evals=1184 475s
[609126.8] PE_E_T2000_N1440: step 408 NO_CANDIDATES_GENERATED pairs=26435 evals=1184 475s
[609126.9] PE_E_T2000_N1440: step 409 NO_CANDIDATES_GENERATED pairs=26435 evals=1184 475s
[609133.7] PE_E_T2000_N1440: step 410 ELEVATED pairs=26272 evals=1200 482s
[609133.8] PE_E_T2000_N1440: step 411 NO_CANDIDATES_GENERATED pairs=26272 evals=1200 482s
[609133.9] PE_E_T2000_N1440: step 412 NO_CANDIDATES_GENERATED pairs=26272 evals=1200 482s
[609134.0] PE_E_T2000_N1440: step 413 NO_CANDIDATES_GENERATED pairs=26272 evals=1200 482s
[609134.1] PE_E_T2000_N1440: step 414 NO_CANDIDATES_GENERATED pairs=26272 evals=1200 482s
[609134.2] PE_E_T2000_N1440: step 415 NO_CANDIDATES_GENERATED pairs=26272 evals=1200 482s
[609141.2] PE_E_T2000_N1440: step 416 ELEVATED pairs=26113 evals=1216 489s
[609141.3] PE_E_T2000_N1440: step 417 NO_CANDIDATES_GENERATED pairs=26113 evals=1216 489s
[609141.4] PE_E_T2000_N1440: step 418 NO_CANDIDATES_GENERATED pairs=26113 evals=1216 490s
[609141.5] PE_E_T2000_N1440: step 419 NO_CANDIDATES_GENERATED pairs=26113 evals=1216 490s
[609141.6] PE_E_T2000_N1440: step 420 NO_CANDIDATES_GENERATED pairs=26113 evals=1216 490s
[609141.8] PE_E_T2000_N1440: step 421 NO_CANDIDATES_GENERATED pairs=26113 evals=1216 490s
[609149.2] PE_E_T2000_N1440: step 422 ELEVATED pairs=25960 evals=1232 497s
[609149.3] PE_E_T2000_N1440: step 423 NO_CANDIDATES_GENERATED pairs=25960 evals=1232 497s
[609149.4] PE_E_T2000_N1440: step 424 NO_CANDIDATES_GENERATED pairs=25960 evals=1232 498s
[609149.5] PE_E_T2000_N1440: step 425 NO_CANDIDATES_GENERATED pairs=25960 evals=1232 498s
[609149.6] PE_E_T2000_N1440: step 426 NO_CANDIDATES_GENERATED pairs=25960 evals=1232 498s
[609149.7] PE_E_T2000_N1440: step 427 NO_CANDIDATES_GENERATED pairs=25960 evals=1232 498s
[609156.6] PE_E_T2000_N1440: step 428 ELEVATED pairs=25803 evals=1248 505s
[609156.7] PE_E_T2000_N1440: step 429 NO_CANDIDATES_GENERATED pairs=25803 evals=1248 505s
[609156.8] PE_E_T2000_N1440: step 430 NO_CANDIDATES_GENERATED pairs=25803 evals=1248 505s
[609156.9] PE_E_T2000_N1440: step 431 NO_CANDIDATES_GENERATED pairs=25803 evals=1248 505s
[609157.0] PE_E_T2000_N1440: step 432 NO_CANDIDATES_GENERATED pairs=25803 evals=1248 505s
[609157.1] PE_E_T2000_N1440: step 433 NO_CANDIDATES_GENERATED pairs=25803 evals=1248 505s
[609164.1] PE_E_T2000_N1440: step 434 ELEVATED pairs=25648 evals=1264 512s
[609164.1] PE_E_T2000_N1440: step 435 NO_CANDIDATES_GENERATED pairs=25648 evals=1264 512s
[609164.3] PE_E_T2000_N1440: step 436 NO_CANDIDATES_GENERATED pairs=25648 evals=1264 512s
[609164.4] PE_E_T2000_N1440: step 437 NO_CANDIDATES_GENERATED pairs=25648 evals=1264 513s
[609164.5] PE_E_T2000_N1440: step 438 NO_CANDIDATES_GENERATED pairs=25648 evals=1264 513s
[609164.6] PE_E_T2000_N1440: step 439 NO_CANDIDATES_GENERATED pairs=25648 evals=1264 513s
[609174.3] PE_E_T2000_N1440: step 440 ELEVATED pairs=25495 evals=1280 523s
[609174.4] PE_E_T2000_N1440: step 441 NO_CANDIDATES_GENERATED pairs=25495 evals=1280 523s
[609174.5] PE_E_T2000_N1440: step 442 NO_CANDIDATES_GENERATED pairs=25495 evals=1280 523s
[609174.6] PE_E_T2000_N1440: step 443 NO_CANDIDATES_GENERATED pairs=25495 evals=1280 523s
[609174.7] PE_E_T2000_N1440: step 444 NO_CANDIDATES_GENERATED pairs=25495 evals=1280 523s
[609174.8] PE_E_T2000_N1440: step 445 NO_CANDIDATES_GENERATED pairs=25495 evals=1280 523s
[609178.3] PE_E_T2000_N1440: step 446 ELEVATED pairs=25357 evals=1296 526s
[609178.4] PE_E_T2000_N1440: step 447 NO_CANDIDATES_GENERATED pairs=25357 evals=1296 527s
[609178.5] PE_E_T2000_N1440: step 448 NO_CANDIDATES_GENERATED pairs=25357 evals=1296 527s
[609178.6] PE_E_T2000_N1440: step 449 NO_CANDIDATES_GENERATED pairs=25357 evals=1296 527s
[609178.7] PE_E_T2000_N1440: step 450 NO_CANDIDATES_GENERATED pairs=25357 evals=1296 527s
[609178.8] PE_E_T2000_N1440: step 451 NO_CANDIDATES_GENERATED pairs=25357 evals=1296 527s
[609182.2] PE_E_T2000_N1440: step 452 ELEVATED pairs=25224 evals=1312 530s
[609182.3] PE_E_T2000_N1440: step 453 NO_CANDIDATES_GENERATED pairs=25224 evals=1312 530s
[609182.4] PE_E_T2000_N1440: step 454 NO_CANDIDATES_GENERATED pairs=25224 evals=1312 531s
[609182.5] PE_E_T2000_N1440: step 455 NO_CANDIDATES_GENERATED pairs=25224 evals=1312 531s
[609182.6] PE_E_T2000_N1440: step 456 NO_CANDIDATES_GENERATED pairs=25224 evals=1312 531s
[609182.7] PE_E_T2000_N1440: step 457 NO_CANDIDATES_GENERATED pairs=25224 evals=1312 531s
[609182.8] PE_E_T2000_N1440: step 458 NO_CANDIDATES_GENERATED pairs=25224 evals=1312 531s
[609182.9] PE_E_T2000_N1440: step 459 NO_CANDIDATES_GENERATED pairs=25224 evals=1312 531s
[609190.3] PE_E_T2000_N1440: step 460 ELEVATED pairs=25077 evals=1328 538s
[609190.4] PE_E_T2000_N1440: step 461 NO_CANDIDATES_GENERATED pairs=25077 evals=1328 539s
[609190.5] PE_E_T2000_N1440: step 462 NO_CANDIDATES_GENERATED pairs=25077 evals=1328 539s
[609190.6] PE_E_T2000_N1440: step 463 NO_CANDIDATES_GENERATED pairs=25077 evals=1328 539s
[609190.7] PE_E_T2000_N1440: step 464 NO_CANDIDATES_GENERATED pairs=25077 evals=1328 539s
[609190.8] PE_E_T2000_N1440: step 465 NO_CANDIDATES_GENERATED pairs=25077 evals=1328 539s
[609190.9] PE_E_T2000_N1440: step 466 NO_CANDIDATES_GENERATED pairs=25077 evals=1328 539s
[609191.0] PE_E_T2000_N1440: step 467 NO_CANDIDATES_GENERATED pairs=25077 evals=1328 539s
[609191.1] PE_E_T2000_N1440: step 468 NO_CANDIDATES_GENERATED pairs=25077 evals=1328 539s
[609191.2] PE_E_T2000_N1440: step 469 NO_CANDIDATES_GENERATED pairs=25077 evals=1328 539s
[609194.4] PE_E_T2000_N1440: step 470 ELEVATED pairs=24952 evals=1344 543s
[609194.6] PE_E_T2000_N1440: step 471 NO_CANDIDATES_GENERATED pairs=24952 evals=1344 543s
[609194.7] PE_E_T2000_N1440: step 472 NO_CANDIDATES_GENERATED pairs=24952 evals=1344 543s
[609194.8] PE_E_T2000_N1440: step 473 NO_CANDIDATES_GENERATED pairs=24952 evals=1344 543s
[609194.9] PE_E_T2000_N1440: step 474 NO_CANDIDATES_GENERATED pairs=24952 evals=1344 543s
[609195.0] PE_E_T2000_N1440: step 475 NO_CANDIDATES_GENERATED pairs=24952 evals=1344 543s
[609195.1] PE_E_T2000_N1440: step 476 NO_CANDIDATES_GENERATED pairs=24952 evals=1344 543s
[609195.2] PE_E_T2000_N1440: step 477 NO_CANDIDATES_GENERATED pairs=24952 evals=1344 543s
[609195.3] PE_E_T2000_N1440: step 478 NO_CANDIDATES_GENERATED pairs=24952 evals=1344 543s
[609195.4] PE_E_T2000_N1440: step 479 NO_CANDIDATES_GENERATED pairs=24952 evals=1344 544s
[609206.6] PE_E_T2000_N1440: step 480 ELEVATED pairs=24781 evals=1360 555s
[609206.7] PE_E_T2000_N1440: step 481 NO_CANDIDATES_GENERATED pairs=24781 evals=1360 555s
[609206.8] PE_E_T2000_N1440: step 482 NO_CANDIDATES_GENERATED pairs=24781 evals=1360 555s
[609206.9] PE_E_T2000_N1440: step 483 NO_CANDIDATES_GENERATED pairs=24781 evals=1360 555s
[609207.0] PE_E_T2000_N1440: step 484 NO_CANDIDATES_GENERATED pairs=24781 evals=1360 555s
[609207.1] PE_E_T2000_N1440: step 485 NO_CANDIDATES_GENERATED pairs=24781 evals=1360 555s
[609207.2] PE_E_T2000_N1440: step 486 NO_CANDIDATES_GENERATED pairs=24781 evals=1360 555s
[609207.3] PE_E_T2000_N1440: step 487 NO_CANDIDATES_GENERATED pairs=24781 evals=1360 555s
[609207.4] PE_E_T2000_N1440: step 488 NO_CANDIDATES_GENERATED pairs=24781 evals=1360 556s
[609207.5] PE_E_T2000_N1440: step 489 NO_CANDIDATES_GENERATED pairs=24781 evals=1360 556s
[609217.4] PE_E_T2000_N1440: step 490 ELEVATED pairs=24612 evals=1376 566s
[609217.5] PE_E_T2000_N1440: step 491 NO_CANDIDATES_GENERATED pairs=24612 evals=1376 566s
[609217.6] PE_E_T2000_N1440: step 492 NO_CANDIDATES_GENERATED pairs=24612 evals=1376 566s
[609217.7] PE_E_T2000_N1440: step 493 NO_CANDIDATES_GENERATED pairs=24612 evals=1376 566s
[609217.8] PE_E_T2000_N1440: step 494 NO_CANDIDATES_GENERATED pairs=24612 evals=1376 566s
[609217.9] PE_E_T2000_N1440: step 495 NO_CANDIDATES_GENERATED pairs=24612 evals=1376 566s
[609218.0] PE_E_T2000_N1440: step 496 NO_CANDIDATES_GENERATED pairs=24612 evals=1376 566s
[609218.1] PE_E_T2000_N1440: step 497 NO_CANDIDATES_GENERATED pairs=24612 evals=1376 566s
[609218.2] PE_E_T2000_N1440: step 498 NO_CANDIDATES_GENERATED pairs=24612 evals=1376 566s
[609218.3] PE_E_T2000_N1440: step 499 NO_CANDIDATES_GENERATED pairs=24612 evals=1376 566s
[609221.2] PE_E_T2000_N1440: step 500 ELEVATED pairs=24481 evals=1392 569s
[609221.3] PE_E_T2000_N1440: step 501 NO_CANDIDATES_GENERATED pairs=24481 evals=1392 569s
[609221.4] PE_E_T2000_N1440: step 502 NO_CANDIDATES_GENERATED pairs=24481 evals=1392 570s
[609221.5] PE_E_T2000_N1440: step 503 NO_CANDIDATES_GENERATED pairs=24481 evals=1392 570s
[609221.5] PE_E_T2000_N1440: step 504 NO_CANDIDATES_GENERATED pairs=24481 evals=1392 570s
[609221.7] PE_E_T2000_N1440: step 505 NO_CANDIDATES_GENERATED pairs=24481 evals=1392 570s
[609221.7] PE_E_T2000_N1440: step 506 NO_CANDIDATES_GENERATED pairs=24481 evals=1392 570s
[609221.8] PE_E_T2000_N1440: step 507 NO_CANDIDATES_GENERATED pairs=24481 evals=1392 570s
[609221.9] PE_E_T2000_N1440: step 508 NO_CANDIDATES_GENERATED pairs=24481 evals=1392 570s
[609222.0] PE_E_T2000_N1440: step 509 NO_CANDIDATES_GENERATED pairs=24481 evals=1392 570s
[609230.6] PE_E_T2000_N1440: step 510 ELEVATED pairs=24315 evals=1408 579s
[609230.7] PE_E_T2000_N1440: step 511 NO_CANDIDATES_GENERATED pairs=24315 evals=1408 579s
[609230.7] PE_E_T2000_N1440: step 512 NO_CANDIDATES_GENERATED pairs=24315 evals=1408 579s
[609230.8] PE_E_T2000_N1440: step 513 NO_CANDIDATES_GENERATED pairs=24315 evals=1408 579s
[609230.9] PE_E_T2000_N1440: step 514 NO_CANDIDATES_GENERATED pairs=24315 evals=1408 579s
[609231.0] PE_E_T2000_N1440: step 515 NO_CANDIDATES_GENERATED pairs=24315 evals=1408 579s
[609231.1] PE_E_T2000_N1440: step 516 NO_CANDIDATES_GENERATED pairs=24315 evals=1408 579s
[609231.1] PE_E_T2000_N1440: step 517 NO_CANDIDATES_GENERATED pairs=24315 evals=1408 579s
[609231.2] PE_E_T2000_N1440: step 518 NO_CANDIDATES_GENERATED pairs=24315 evals=1408 579s
[609231.3] PE_E_T2000_N1440: step 519 NO_CANDIDATES_GENERATED pairs=24315 evals=1408 579s
[609238.5] PE_E_T2000_N1440: step 520 ELEVATED pairs=24220 evals=1417 587s
[609238.5] PE_E_T2000_N1440: step 521 NO_CANDIDATES_GENERATED pairs=24220 evals=1417 587s
[609238.6] PE_E_T2000_N1440: step 522 NO_CANDIDATES_GENERATED pairs=24220 evals=1417 587s
[609238.7] PE_E_T2000_N1440: step 523 NO_CANDIDATES_GENERATED pairs=24220 evals=1417 587s
[609238.8] PE_E_T2000_N1440: step 524 NO_CANDIDATES_GENERATED pairs=24220 evals=1417 587s
[609238.9] PE_E_T2000_N1440: step 525 NO_CANDIDATES_GENERATED pairs=24220 evals=1417 587s
[609239.0] PE_E_T2000_N1440: step 526 NO_CANDIDATES_GENERATED pairs=24220 evals=1417 587s
[609239.0] PE_E_T2000_N1440: step 527 NO_CANDIDATES_GENERATED pairs=24220 evals=1417 587s
[609239.1] PE_E_T2000_N1440: step 528 NO_CANDIDATES_GENERATED pairs=24220 evals=1417 587s
[609239.2] PE_E_T2000_N1440: step 529 NO_CANDIDATES_GENERATED pairs=24220 evals=1417 587s
[609246.3] PE_E_T2000_N1440: step 530 ELEVATED pairs=24056 evals=1433 595s
[609246.4] PE_E_T2000_N1440: step 531 NO_CANDIDATES_GENERATED pairs=24056 evals=1433 595s
[609246.5] PE_E_T2000_N1440: step 532 NO_CANDIDATES_GENERATED pairs=24056 evals=1433 595s
[609246.6] PE_E_T2000_N1440: step 533 NO_CANDIDATES_GENERATED pairs=24056 evals=1433 595s
[609246.7] PE_E_T2000_N1440: step 534 NO_CANDIDATES_GENERATED pairs=24056 evals=1433 595s
[609246.8] PE_E_T2000_N1440: step 535 NO_CANDIDATES_GENERATED pairs=24056 evals=1433 595s
[609246.8] PE_E_T2000_N1440: step 536 NO_CANDIDATES_GENERATED pairs=24056 evals=1433 595s
[609246.9] PE_E_T2000_N1440: step 537 NO_CANDIDATES_GENERATED pairs=24056 evals=1433 595s
[609247.0] PE_E_T2000_N1440: step 538 NO_CANDIDATES_GENERATED pairs=24056 evals=1433 595s
[609247.1] PE_E_T2000_N1440: step 539 NO_CANDIDATES_GENERATED pairs=24056 evals=1433 595s
[609250.7] PE_E_T2000_N1440: step 540 ELEVATED pairs=23894 evals=1440 599s
[609250.9] PE_E_T2000_N1440: done final=23894 moves=98 first=98 reloc=0 ret=0 evals=1440 stop=CANDIDATE_BUDGET_EXHAUSTED
[609295.3] PE_E_T2000_N1440: recheck PASS checks=130816
GROUP DONE PE_E_T2000_N1440 PASS
