start-state rescan (main) ...
  main PASS pairs=42909 unresolved=3 elevated=24
[604991.5] V8_G1_R720_boundaryfix: start mode=R budget=720 spec={"name": "V8_G1", "target_policy": "LEGACY", "evaluation_policy": "E2_ORDERED_K16", "traversal_policy": "BASE", "max_targets": 200, "k_per_target": 16, "family_round_robin": false, "relocation_side_reserve": 0, "waiting_age": false, "route_coverage": false, "multi_anchor": false, "exact_dedup": false, "decision_cache": false, "return_action": false, "cache_structural_skips": false, "window_slack_mm": 1e-05, "generation_domain": "PATH_WINDOWS", "path_window_settings": {"placements": [0.0, 0.5, 1.0], "length_factors": [1.0, 1.5, 2.0, 3.0], "cap": 4096}, "stage_length_cap_mm": null, "notes": ""}
[604991.5] V8_G1_R720_boundaryfix: start state=main C:\Users\lihao\Desktop\Graduation Project\OpticalWaveguideRouter3D\outputs\3d_strategy_v3\512_ablation\D_both_enabled pairs=42909
[604994.8] V8_G1_R720_boundaryfix: INITIAL_DONE pairs=42909
[604994.9] V8_G1_R720_boundaryfix: step 1 NO_CANDIDATES_GENERATED pairs=42909 evals=0 0s
[604995.3] V8_G1_R720_boundaryfix: step 2 NO_CANDIDATES_GENERATED pairs=42909 evals=0 0s
[605008.1] V8_G1_R720_boundaryfix: step 3 ELEVATED pairs=42657 evals=16 13s
[605024.3] V8_G1_R720_boundaryfix: step 4 ELEVATED pairs=42411 evals=32 29s
[605040.4] V8_G1_R720_boundaryfix: step 5 ELEVATED pairs=42168 evals=48 45s
[605057.4] V8_G1_R720_boundaryfix: step 6 ELEVATED pairs=41927 evals=64 62s
[605074.7] V8_G1_R720_boundaryfix: step 7 ELEVATED pairs=41688 evals=80 80s
[605088.5] V8_G1_R720_boundaryfix: step 8 ELEVATED pairs=41453 evals=96 94s
[605099.3] V8_G1_R720_boundaryfix: step 9 ELEVATED pairs=41202 evals=112 104s
[605109.4] V8_G1_R720_boundaryfix: step 10 ELEVATED pairs=40956 evals=128 114s
[605119.9] V8_G1_R720_boundaryfix: step 11 ELEVATED pairs=40707 evals=144 125s
[605131.9] V8_G1_R720_boundaryfix: step 12 ELEVATED pairs=40456 evals=160 137s
[605140.9] V8_G1_R720_boundaryfix: step 13 ELEVATED pairs=40209 evals=176 146s
[605152.2] V8_G1_R720_boundaryfix: step 14 ELEVATED pairs=39960 evals=192 157s
[605175.5] V8_G1_R720_boundaryfix: step 15 ELEVATED pairs=39734 evals=208 181s
[605198.0] V8_G1_R720_boundaryfix: step 16 ELEVATED pairs=39510 evals=224 203s
[605213.5] V8_G1_R720_boundaryfix: step 17 ELEVATED pairs=39292 evals=240 219s
[605221.9] V8_G1_R720_boundaryfix: step 18 ELEVATED pairs=39053 evals=256 227s
[605233.4] V8_G1_R720_boundaryfix: step 19 ELEVATED pairs=38833 evals=272 238s
[605244.1] V8_G1_R720_boundaryfix: step 20 ELEVATED pairs=38623 evals=288 249s
[605257.9] V8_G1_R720_boundaryfix: step 21 ELEVATED pairs=38409 evals=304 263s
[605264.0] V8_G1_R720_boundaryfix: step 22 ELEVATED pairs=38183 evals=320 269s
[605274.6] V8_G1_R720_boundaryfix: step 23 ELEVATED pairs=37971 evals=336 280s
[605280.5] V8_G1_R720_boundaryfix: step 24 ELEVATED pairs=37747 evals=352 286s
[605290.9] V8_G1_R720_boundaryfix: step 25 ELEVATED pairs=37537 evals=368 296s
[605297.1] V8_G1_R720_boundaryfix: step 26 ELEVATED pairs=37315 evals=384 302s
[605310.1] V8_G1_R720_boundaryfix: step 27 ELEVATED pairs=37102 evals=400 315s
[605323.9] V8_G1_R720_boundaryfix: step 28 ELEVATED pairs=36902 evals=416 329s
[605350.2] V8_G1_R720_boundaryfix: step 29 ELEVATED pairs=36665 evals=432 355s
[605358.9] V8_G1_R720_boundaryfix: step 30 ELEVATED pairs=36450 evals=448 364s
[605368.3] V8_G1_R720_boundaryfix: step 31 ELEVATED pairs=36249 evals=464 373s
[605377.2] V8_G1_R720_boundaryfix: step 32 ELEVATED pairs=36047 evals=480 382s
[605377.6] V8_G1_R720_boundaryfix: step 33 NO_CANDIDATES_GENERATED pairs=36047 evals=480 383s
[605377.9] V8_G1_R720_boundaryfix: step 34 NO_CANDIDATES_GENERATED pairs=36047 evals=480 383s
[605386.8] V8_G1_R720_boundaryfix: step 35 ELEVATED pairs=35864 evals=496 392s
[605400.3] V8_G1_R720_boundaryfix: step 36 ELEVATED pairs=35674 evals=512 405s
[605410.4] V8_G1_R720_boundaryfix: step 37 ELEVATED pairs=35495 evals=528 415s
[605417.0] V8_G1_R720_boundaryfix: step 38 ELEVATED pairs=35303 evals=544 422s
[605426.5] V8_G1_R720_boundaryfix: step 39 ELEVATED pairs=35100 evals=560 432s
[605433.3] V8_G1_R720_boundaryfix: step 40 ELEVATED pairs=34927 evals=576 438s
[605440.1] V8_G1_R720_boundaryfix: step 41 ELEVATED pairs=34754 evals=592 445s
[605450.2] V8_G1_R720_boundaryfix: step 42 ELEVATED pairs=34553 evals=608 455s
[605460.2] V8_G1_R720_boundaryfix: step 43 ELEVATED pairs=34354 evals=624 465s
[605474.0] V8_G1_R720_boundaryfix: step 44 ELEVATED pairs=34174 evals=640 479s
[605483.6] V8_G1_R720_boundaryfix: step 45 ELEVATED pairs=33977 evals=656 489s
[605497.1] V8_G1_R720_boundaryfix: step 46 ELEVATED pairs=33799 evals=672 502s
[605507.4] V8_G1_R720_boundaryfix: step 47 ELEVATED pairs=33604 evals=688 512s
[605515.1] V8_G1_R720_boundaryfix: step 48 ELEVATED pairs=33433 evals=704 520s
[605525.9] V8_G1_R720_boundaryfix: step 49 ELEVATED pairs=33240 evals=720 531s
[605526.9] V8_G1_R720_boundaryfix: step 50 ABORTED_CANDIDATE_BUDGET pairs=33240 evals=720 532s
[605527.1] V8_G1_R720_boundaryfix: done final=33240 moves=45 first=45 reloc=0 ret=0 evals=720 stop=CANDIDATE_BUDGET_EXHAUSTED
[605569.8] V8_G1_R720_boundaryfix: recheck PASS checks=130816
GROUP DONE V8_G1_R720 PASS
