start-state rescan (main) ...
  main PASS pairs=42909 unresolved=3 elevated=24
[604991.4] V8_G1_N720_boundaryfix: start mode=N budget=720 spec={"name": "V8_G1", "target_policy": "LEGACY", "evaluation_policy": "E2_ORDERED_K16", "traversal_policy": "BASE", "max_targets": 200, "k_per_target": 16, "family_round_robin": false, "relocation_side_reserve": 0, "waiting_age": false, "route_coverage": false, "multi_anchor": false, "exact_dedup": false, "decision_cache": false, "return_action": false, "cache_structural_skips": false, "window_slack_mm": 1e-05, "generation_domain": "PATH_WINDOWS", "path_window_settings": {"placements": [0.0, 0.5, 1.0], "length_factors": [1.0, 1.5, 2.0, 3.0], "cap": 4096}, "stage_length_cap_mm": null, "notes": ""}
[604991.4] V8_G1_N720_boundaryfix: start state=main C:\Users\lihao\Desktop\Graduation Project\OpticalWaveguideRouter3D\outputs\3d_strategy_v3\512_ablation\D_both_enabled pairs=42909
[604994.8] V8_G1_N720_boundaryfix: INITIAL_DONE pairs=42909
[604995.0] V8_G1_N720_boundaryfix: step 1 NO_CANDIDATES_GENERATED pairs=42909 evals=0 0s
[604995.3] V8_G1_N720_boundaryfix: step 2 NO_CANDIDATES_GENERATED pairs=42909 evals=0 0s
[605007.9] V8_G1_N720_boundaryfix: step 3 ELEVATED pairs=42657 evals=16 13s
[605024.2] V8_G1_N720_boundaryfix: step 4 ELEVATED pairs=42411 evals=32 29s
[605040.4] V8_G1_N720_boundaryfix: step 5 ELEVATED pairs=42168 evals=48 45s
[605057.6] V8_G1_N720_boundaryfix: step 6 ELEVATED pairs=41927 evals=64 63s
[605074.8] V8_G1_N720_boundaryfix: step 7 ELEVATED pairs=41688 evals=80 80s
[605088.4] V8_G1_N720_boundaryfix: step 8 ELEVATED pairs=41453 evals=96 93s
[605099.2] V8_G1_N720_boundaryfix: step 9 ELEVATED pairs=41202 evals=112 104s
[605109.3] V8_G1_N720_boundaryfix: step 10 ELEVATED pairs=40956 evals=128 114s
[605119.9] V8_G1_N720_boundaryfix: step 11 ELEVATED pairs=40707 evals=144 125s
[605131.7] V8_G1_N720_boundaryfix: step 12 ELEVATED pairs=40456 evals=160 137s
[605140.8] V8_G1_N720_boundaryfix: step 13 ELEVATED pairs=40209 evals=176 146s
[605152.6] V8_G1_N720_boundaryfix: step 14 ELEVATED pairs=39960 evals=192 158s
[605175.4] V8_G1_N720_boundaryfix: step 15 ELEVATED pairs=39734 evals=208 180s
[605197.7] V8_G1_N720_boundaryfix: step 16 ELEVATED pairs=39510 evals=224 203s
[605213.3] V8_G1_N720_boundaryfix: step 17 ELEVATED pairs=39292 evals=240 218s
[605221.8] V8_G1_N720_boundaryfix: step 18 ELEVATED pairs=39053 evals=256 227s
[605233.4] V8_G1_N720_boundaryfix: step 19 ELEVATED pairs=38833 evals=272 238s
[605244.5] V8_G1_N720_boundaryfix: step 20 ELEVATED pairs=38623 evals=288 250s
[605258.5] V8_G1_N720_boundaryfix: step 21 ELEVATED pairs=38409 evals=304 264s
[605264.6] V8_G1_N720_boundaryfix: step 22 ELEVATED pairs=38183 evals=320 270s
[605275.3] V8_G1_N720_boundaryfix: step 23 ELEVATED pairs=37971 evals=336 280s
[605281.2] V8_G1_N720_boundaryfix: step 24 ELEVATED pairs=37747 evals=352 286s
[605291.4] V8_G1_N720_boundaryfix: step 25 ELEVATED pairs=37537 evals=368 296s
[605297.5] V8_G1_N720_boundaryfix: step 26 ELEVATED pairs=37315 evals=384 303s
[605310.7] V8_G1_N720_boundaryfix: step 27 ELEVATED pairs=37102 evals=400 316s
[605324.5] V8_G1_N720_boundaryfix: step 28 ELEVATED pairs=36902 evals=416 330s
[605350.9] V8_G1_N720_boundaryfix: step 29 ELEVATED pairs=36665 evals=432 356s
[605359.8] V8_G1_N720_boundaryfix: step 30 ELEVATED pairs=36450 evals=448 365s
[605369.2] V8_G1_N720_boundaryfix: step 31 ELEVATED pairs=36249 evals=464 374s
[605378.2] V8_G1_N720_boundaryfix: step 32 ELEVATED pairs=36047 evals=480 383s
[605378.6] V8_G1_N720_boundaryfix: step 33 NO_CANDIDATES_GENERATED pairs=36047 evals=480 384s
[605379.0] V8_G1_N720_boundaryfix: step 34 NO_CANDIDATES_GENERATED pairs=36047 evals=480 384s
[605387.9] V8_G1_N720_boundaryfix: step 35 ELEVATED pairs=35864 evals=496 393s
[605401.5] V8_G1_N720_boundaryfix: step 36 ELEVATED pairs=35674 evals=512 407s
[605411.5] V8_G1_N720_boundaryfix: step 37 ELEVATED pairs=35495 evals=528 417s
[605418.1] V8_G1_N720_boundaryfix: step 38 ELEVATED pairs=35303 evals=544 423s
[605427.6] V8_G1_N720_boundaryfix: step 39 ELEVATED pairs=35100 evals=560 433s
[605434.3] V8_G1_N720_boundaryfix: step 40 ELEVATED pairs=34927 evals=576 439s
[605441.0] V8_G1_N720_boundaryfix: step 41 ELEVATED pairs=34754 evals=592 446s
[605451.2] V8_G1_N720_boundaryfix: step 42 ELEVATED pairs=34553 evals=608 456s
[605461.2] V8_G1_N720_boundaryfix: step 43 ELEVATED pairs=34354 evals=624 466s
[605474.6] V8_G1_N720_boundaryfix: step 44 ELEVATED pairs=34174 evals=640 480s
[605484.1] V8_G1_N720_boundaryfix: step 45 ELEVATED pairs=33977 evals=656 489s
[605497.6] V8_G1_N720_boundaryfix: step 46 ELEVATED pairs=33799 evals=672 503s
[605507.8] V8_G1_N720_boundaryfix: step 47 ELEVATED pairs=33604 evals=688 513s
[605515.5] V8_G1_N720_boundaryfix: step 48 ELEVATED pairs=33433 evals=704 520s
[605526.2] V8_G1_N720_boundaryfix: step 49 ELEVATED pairs=33240 evals=720 531s
[605527.1] V8_G1_N720_boundaryfix: step 50 ABORTED_CANDIDATE_BUDGET pairs=33240 evals=720 532s
[605527.4] V8_G1_N720_boundaryfix: done final=33240 moves=45 first=45 reloc=0 ret=0 evals=720 stop=CANDIDATE_BUDGET_EXHAUSTED
[605569.9] V8_G1_N720_boundaryfix: recheck PASS checks=130816
GROUP DONE V8_G1_N720 PASS
