start-state rescan (challenge) ...
  challenge PASS pairs=30999 unresolved=3 elevated=77
[599033.6] V8_G1_RC2880: start mode=R budget=2880 spec={"name": "V8_G1", "target_policy": "LEGACY", "evaluation_policy": "E2_ORDERED_K16", "traversal_policy": "BASE", "max_targets": 200, "k_per_target": 16, "family_round_robin": false, "relocation_side_reserve": 0, "waiting_age": false, "route_coverage": false, "multi_anchor": false, "exact_dedup": false, "decision_cache": false, "return_action": false, "cache_structural_skips": false, "window_slack_mm": 1e-05, "generation_domain": "PATH_WINDOWS", "path_window_settings": {"placements": [0.0, 0.5, 1.0], "length_factors": [1.0, 1.5, 2.0, 3.0], "cap": 4096}, "stage_length_cap_mm": null, "notes": ""}
[599033.6] V8_G1_RC2880: start state=challenge C:\Users\lihao\Desktop\Graduation Project\OpticalWaveguideRouter3D\outputs\3d_strategy_v4\512_full_layout\N2880 pairs=30999
[599038.6] V8_G1_RC2880: INITIAL_DONE pairs=30999
[599038.9] V8_G1_RC2880: step 1 NO_CANDIDATES_GENERATED pairs=30999 evals=0 0s
[599039.1] V8_G1_RC2880: step 2 NO_CANDIDATES_GENERATED pairs=30999 evals=0 1s
[599039.4] V8_G1_RC2880: step 3 NO_CANDIDATES_GENERATED pairs=30999 evals=0 1s
[599039.6] V8_G1_RC2880: step 4 NO_CANDIDATES_GENERATED pairs=30999 evals=0 1s
[599039.9] V8_G1_RC2880: step 5 NO_CANDIDATES_GENERATED pairs=30999 evals=0 1s
[599040.1] V8_G1_RC2880: step 6 NO_CANDIDATES_GENERATED pairs=30999 evals=0 2s
[599053.2] V8_G1_RC2880: step 7 ELEVATED pairs=30804 evals=16 15s
[599065.7] V8_G1_RC2880: step 8 ELEVATED pairs=30611 evals=32 27s
[599081.7] V8_G1_RC2880: step 9 ELEVATED pairs=30417 evals=48 43s
[599097.4] V8_G1_RC2880: step 10 ELEVATED pairs=30225 evals=64 59s
[599097.8] V8_G1_RC2880: step 11 NO_CANDIDATES_GENERATED pairs=30225 evals=64 59s
[599110.5] V8_G1_RC2880: step 12 ELEVATED pairs=30035 evals=80 72s
[599124.1] V8_G1_RC2880: step 13 ELEVATED pairs=29847 evals=96 86s
[599140.0] V8_G1_RC2880: step 14 ELEVATED pairs=29661 evals=112 101s
[599154.3] V8_G1_RC2880: step 15 ELEVATED pairs=29471 evals=128 116s
[599172.7] V8_G1_RC2880: step 16 ELEVATED pairs=29287 evals=144 134s
[599186.0] V8_G1_RC2880: step 17 ELEVATED pairs=29099 evals=160 147s
[599194.0] V8_G1_RC2880: step 18 ELEVATED pairs=28924 evals=176 155s
[599203.8] V8_G1_RC2880: step 19 ELEVATED pairs=28751 evals=192 165s
[599218.5] V8_G1_RC2880: step 20 ELEVATED pairs=28580 evals=208 180s
[599231.1] V8_G1_RC2880: step 21 ELEVATED pairs=28398 evals=224 193s
[599251.5] V8_G1_RC2880: step 22 ELEVATED pairs=28228 evals=240 213s
[599263.6] V8_G1_RC2880: step 23 ELEVATED pairs=28048 evals=256 225s
[599285.7] V8_G1_RC2880: step 24 ELEVATED pairs=27944 evals=272 247s
[599298.3] V8_G1_RC2880: step 25 ELEVATED pairs=27766 evals=288 260s
[599313.0] V8_G1_RC2880: step 26 ELEVATED pairs=27590 evals=304 275s
[599330.2] V8_G1_RC2880: step 27 ELEVATED pairs=27424 evals=320 292s
[599337.2] V8_G1_RC2880: step 28 ELEVATED pairs=27258 evals=329 299s
[599357.5] V8_G1_RC2880: step 29 ELEVATED pairs=27094 evals=345 319s
[599364.7] V8_G1_RC2880: step 30 ELEVATED pairs=26930 evals=354 326s
[599370.6] V8_G1_RC2880: step 31 PREFIX_EVALUATED_NO_WINNER_DEFERRED pairs=26930 evals=370 332s
[599376.1] V8_G1_RC2880: step 32 PREFIX_EVALUATED_NO_WINNER_DEFERRED pairs=26930 evals=386 338s
[599381.7] V8_G1_RC2880: step 33 PREFIX_EVALUATED_NO_WINNER_DEFERRED pairs=26930 evals=402 343s
[599386.9] V8_G1_RC2880: step 34 PREFIX_EVALUATED_NO_WINNER_DEFERRED pairs=26930 evals=418 348s
[599392.2] V8_G1_RC2880: step 35 PREFIX_EVALUATED_NO_WINNER_DEFERRED pairs=26930 evals=434 354s
[599397.2] V8_G1_RC2880: step 36 PREFIX_EVALUATED_NO_WINNER_DEFERRED pairs=26930 evals=450 359s
[599402.5] V8_G1_RC2880: step 37 PREFIX_EVALUATED_NO_WINNER_DEFERRED pairs=26930 evals=466 364s
[599407.7] V8_G1_RC2880: step 38 PREFIX_EVALUATED_NO_WINNER_DEFERRED pairs=26930 evals=482 369s
[599423.4] V8_G1_RC2880: step 39 ELEVATED pairs=26768 evals=498 385s
[599430.2] V8_G1_RC2880: step 40 ELEVATED pairs=26606 evals=507 392s
[599435.4] V8_G1_RC2880: step 41 PREFIX_EVALUATED_NO_WINNER_DEFERRED pairs=26606 evals=523 397s
[599440.4] V8_G1_RC2880: step 42 PREFIX_EVALUATED_NO_WINNER_DEFERRED pairs=26606 evals=539 402s
[599445.5] V8_G1_RC2880: step 43 PREFIX_EVALUATED_NO_WINNER_DEFERRED pairs=26606 evals=555 407s
[599450.6] V8_G1_RC2880: step 44 PREFIX_EVALUATED_NO_WINNER_DEFERRED pairs=26606 evals=571 412s
[599455.6] V8_G1_RC2880: step 45 PREFIX_EVALUATED_NO_WINNER_DEFERRED pairs=26606 evals=587 417s
[599460.7] V8_G1_RC2880: step 46 PREFIX_EVALUATED_NO_WINNER_DEFERRED pairs=26606 evals=603 422s
[599465.7] V8_G1_RC2880: step 47 PREFIX_EVALUATED_NO_WINNER_DEFERRED pairs=26606 evals=619 427s
[599470.6] V8_G1_RC2880: step 48 PREFIX_EVALUATED_NO_WINNER_DEFERRED pairs=26606 evals=635 432s
[599487.4] V8_G1_RC2880: step 49 ELEVATED pairs=26446 evals=651 449s
[599487.7] V8_G1_RC2880: step 50 NO_CANDIDATES_GENERATED pairs=26446 evals=651 449s
[599494.0] V8_G1_RC2880: step 51 ELEVATED pairs=26286 evals=660 455s
[599499.1] V8_G1_RC2880: step 52 PREFIX_EVALUATED_NO_WINNER_DEFERRED pairs=26286 evals=676 461s
[599504.0] V8_G1_RC2880: step 53 PREFIX_EVALUATED_NO_WINNER_DEFERRED pairs=26286 evals=692 465s
[599509.2] V8_G1_RC2880: step 54 PREFIX_EVALUATED_NO_WINNER_DEFERRED pairs=26286 evals=708 471s
[599514.6] V8_G1_RC2880: step 55 PREFIX_EVALUATED_NO_WINNER_DEFERRED pairs=26286 evals=724 476s
[599520.1] V8_G1_RC2880: step 56 PREFIX_EVALUATED_NO_WINNER_DEFERRED pairs=26286 evals=740 482s
[599525.4] V8_G1_RC2880: step 57 PREFIX_EVALUATED_NO_WINNER_DEFERRED pairs=26286 evals=756 487s
[599530.8] V8_G1_RC2880: step 58 PREFIX_EVALUATED_NO_WINNER_DEFERRED pairs=26286 evals=772 492s
[599536.1] V8_G1_RC2880: step 59 PREFIX_EVALUATED_NO_WINNER_DEFERRED pairs=26286 evals=788 498s
[599554.3] V8_G1_RC2880: step 60 ELEVATED pairs=26128 evals=804 516s
[599559.9] V8_G1_RC2880: step 61 PREFIX_EVALUATED_NO_WINNER_DEFERRED pairs=26128 evals=820 521s
[599565.3] V8_G1_RC2880: step 62 PREFIX_EVALUATED_NO_WINNER_DEFERRED pairs=26128 evals=836 527s
[599570.5] V8_G1_RC2880: step 63 PREFIX_EVALUATED_NO_WINNER_DEFERRED pairs=26128 evals=852 532s
[599575.6] V8_G1_RC2880: step 64 PREFIX_EVALUATED_NO_WINNER_DEFERRED pairs=26128 evals=868 537s
[599580.8] V8_G1_RC2880: step 65 PREFIX_EVALUATED_NO_WINNER_DEFERRED pairs=26128 evals=884 542s
[599586.0] V8_G1_RC2880: step 66 PREFIX_EVALUATED_NO_WINNER_DEFERRED pairs=26128 evals=900 547s
[599591.2] V8_G1_RC2880: step 67 PREFIX_EVALUATED_NO_WINNER_DEFERRED pairs=26128 evals=916 553s
[599596.4] V8_G1_RC2880: step 68 PREFIX_EVALUATED_NO_WINNER_DEFERRED pairs=26128 evals=932 558s
[599601.5] V8_G1_RC2880: step 69 PREFIX_EVALUATED_NO_WINNER_DEFERRED pairs=26128 evals=948 563s
[599606.6] V8_G1_RC2880: step 70 PREFIX_EVALUATED_NO_WINNER_DEFERRED pairs=26128 evals=964 568s
[599612.0] V8_G1_RC2880: step 71 ELEVATED pairs=26095 evals=980 574s
[599617.1] V8_G1_RC2880: step 72 PREFIX_EVALUATED_NO_WINNER_DEFERRED pairs=26095 evals=996 579s
[599622.1] V8_G1_RC2880: step 73 PREFIX_EVALUATED_NO_WINNER_DEFERRED pairs=26095 evals=1012 584s
[599627.0] V8_G1_RC2880: step 74 PREFIX_EVALUATED_NO_WINNER_DEFERRED pairs=26095 evals=1028 588s
[599631.7] V8_G1_RC2880: step 75 PREFIX_EVALUATED_NO_WINNER_DEFERRED pairs=26095 evals=1044 593s
[599636.6] V8_G1_RC2880: step 76 PREFIX_EVALUATED_NO_WINNER_DEFERRED pairs=26095 evals=1060 598s
[599641.3] V8_G1_RC2880: step 77 PREFIX_EVALUATED_NO_WINNER_DEFERRED pairs=26095 evals=1076 603s
[599646.2] V8_G1_RC2880: step 78 PREFIX_EVALUATED_NO_WINNER_DEFERRED pairs=26095 evals=1092 608s
[599651.0] V8_G1_RC2880: step 79 PREFIX_EVALUATED_NO_WINNER_DEFERRED pairs=26095 evals=1108 612s
[599656.1] V8_G1_RC2880: step 80 PREFIX_EVALUATED_NO_WINNER_DEFERRED pairs=26095 evals=1124 618s
[599661.9] V8_G1_RC2880: step 81 ELEVATED pairs=26062 evals=1140 623s
[599667.3] V8_G1_RC2880: step 82 PREFIX_EVALUATED_NO_WINNER_DEFERRED pairs=26062 evals=1156 629s
[599672.5] V8_G1_RC2880: step 83 PREFIX_EVALUATED_NO_WINNER_DEFERRED pairs=26062 evals=1172 634s
[599678.0] V8_G1_RC2880: step 84 PREFIX_EVALUATED_NO_WINNER_DEFERRED pairs=26062 evals=1188 639s
[599683.2] V8_G1_RC2880: step 85 PREFIX_EVALUATED_NO_WINNER_DEFERRED pairs=26062 evals=1204 645s
[599688.7] V8_G1_RC2880: step 86 PREFIX_EVALUATED_NO_WINNER_DEFERRED pairs=26062 evals=1220 650s
[599693.8] V8_G1_RC2880: step 87 PREFIX_EVALUATED_NO_WINNER_DEFERRED pairs=26062 evals=1236 655s
[599698.8] V8_G1_RC2880: step 88 PREFIX_EVALUATED_NO_WINNER_DEFERRED pairs=26062 evals=1252 660s
[599704.0] V8_G1_RC2880: step 89 PREFIX_EVALUATED_NO_WINNER_DEFERRED pairs=26062 evals=1268 665s
[599721.8] V8_G1_RC2880: step 90 ELEVATED pairs=25908 evals=1284 683s
[599727.0] V8_G1_RC2880: step 91 PREFIX_EVALUATED_NO_WINNER_DEFERRED pairs=25908 evals=1300 688s
[599732.1] V8_G1_RC2880: step 92 PREFIX_EVALUATED_NO_WINNER_DEFERRED pairs=25908 evals=1316 694s
[599737.2] V8_G1_RC2880: step 93 PREFIX_EVALUATED_NO_WINNER_DEFERRED pairs=25908 evals=1332 699s
[599742.3] V8_G1_RC2880: step 94 PREFIX_EVALUATED_NO_WINNER_DEFERRED pairs=25908 evals=1348 704s
[599747.5] V8_G1_RC2880: step 95 PREFIX_EVALUATED_NO_WINNER_DEFERRED pairs=25908 evals=1364 709s
[599752.5] V8_G1_RC2880: step 96 PREFIX_EVALUATED_NO_WINNER_DEFERRED pairs=25908 evals=1380 714s
[599757.2] V8_G1_RC2880: step 97 PREFIX_EVALUATED_NO_WINNER_DEFERRED pairs=25908 evals=1396 719s
[599762.1] V8_G1_RC2880: step 98 PREFIX_EVALUATED_NO_WINNER_DEFERRED pairs=25908 evals=1412 724s
[599776.5] V8_G1_RC2880: step 99 ELEVATED pairs=25760 evals=1428 738s
[599781.5] V8_G1_RC2880: step 100 PREFIX_EVALUATED_NO_WINNER_DEFERRED pairs=25760 evals=1444 743s
[599786.3] V8_G1_RC2880: step 101 PREFIX_EVALUATED_NO_WINNER_DEFERRED pairs=25760 evals=1460 748s
[599791.0] V8_G1_RC2880: step 102 PREFIX_EVALUATED_NO_WINNER_DEFERRED pairs=25760 evals=1476 752s
[599795.8] V8_G1_RC2880: step 103 PREFIX_EVALUATED_NO_WINNER_DEFERRED pairs=25760 evals=1492 757s
[599800.7] V8_G1_RC2880: step 104 PREFIX_EVALUATED_NO_WINNER_DEFERRED pairs=25760 evals=1508 762s
[599805.3] V8_G1_RC2880: step 105 PREFIX_EVALUATED_NO_WINNER_DEFERRED pairs=25760 evals=1524 767s
[599810.2] V8_G1_RC2880: step 106 PREFIX_EVALUATED_NO_WINNER_DEFERRED pairs=25760 evals=1540 772s
[599815.4] V8_G1_RC2880: step 107 PREFIX_EVALUATED_NO_WINNER_DEFERRED pairs=25760 evals=1556 777s
[599828.6] V8_G1_RC2880: step 108 ELEVATED pairs=25627 evals=1572 790s
[599833.9] V8_G1_RC2880: step 109 PREFIX_EVALUATED_NO_WINNER_DEFERRED pairs=25627 evals=1588 795s
[599839.2] V8_G1_RC2880: step 110 PREFIX_EVALUATED_NO_WINNER_DEFERRED pairs=25627 evals=1604 801s
[599844.4] V8_G1_RC2880: step 111 PREFIX_EVALUATED_NO_WINNER_DEFERRED pairs=25627 evals=1620 806s
[599849.6] V8_G1_RC2880: step 112 PREFIX_EVALUATED_NO_WINNER_DEFERRED pairs=25627 evals=1636 811s
[599854.9] V8_G1_RC2880: step 113 PREFIX_EVALUATED_NO_WINNER_DEFERRED pairs=25627 evals=1652 816s
[599860.0] V8_G1_RC2880: step 114 PREFIX_EVALUATED_NO_WINNER_DEFERRED pairs=25627 evals=1668 821s
[599865.0] V8_G1_RC2880: step 115 PREFIX_EVALUATED_NO_WINNER_DEFERRED pairs=25627 evals=1684 826s
[599870.1] V8_G1_RC2880: step 116 PREFIX_EVALUATED_NO_WINNER_DEFERRED pairs=25627 evals=1700 832s
[599875.2] V8_G1_RC2880: step 117 ELEVATED pairs=25478 evals=1716 837s
[599880.3] V8_G1_RC2880: step 118 PREFIX_EVALUATED_NO_WINNER_DEFERRED pairs=25478 evals=1732 842s
[599885.5] V8_G1_RC2880: step 119 PREFIX_EVALUATED_NO_WINNER_DEFERRED pairs=25478 evals=1748 847s
[599890.4] V8_G1_RC2880: step 120 PREFIX_EVALUATED_NO_WINNER_DEFERRED pairs=25478 evals=1764 852s
[599895.4] V8_G1_RC2880: step 121 PREFIX_EVALUATED_NO_WINNER_DEFERRED pairs=25478 evals=1780 857s
[599911.2] V8_G1_RC2880: step 122 ELEVATED pairs=25346 evals=1796 873s
[599916.2] V8_G1_RC2880: step 123 PREFIX_EVALUATED_NO_WINNER_DEFERRED pairs=25346 evals=1812 878s
[599921.2] V8_G1_RC2880: step 124 PREFIX_EVALUATED_NO_WINNER_DEFERRED pairs=25346 evals=1828 883s
[599926.1] V8_G1_RC2880: step 125 PREFIX_EVALUATED_NO_WINNER_DEFERRED pairs=25346 evals=1844 888s
[599930.9] V8_G1_RC2880: step 126 PREFIX_EVALUATED_NO_WINNER_DEFERRED pairs=25346 evals=1860 892s
[599948.5] V8_G1_RC2880: step 127 ELEVATED pairs=25202 evals=1876 910s
[599953.2] V8_G1_RC2880: step 128 PREFIX_EVALUATED_NO_WINNER_DEFERRED pairs=25202 evals=1892 915s
[599957.8] V8_G1_RC2880: step 129 PREFIX_EVALUATED_NO_WINNER_DEFERRED pairs=25202 evals=1908 919s
[599962.5] V8_G1_RC2880: step 130 PREFIX_EVALUATED_NO_WINNER_DEFERRED pairs=25202 evals=1924 924s
[599967.8] V8_G1_RC2880: step 131 PREFIX_EVALUATED_NO_WINNER_DEFERRED pairs=25202 evals=1940 929s
[599977.0] V8_G1_RC2880: step 132 ELEVATED pairs=25073 evals=1956 938s
[599982.2] V8_G1_RC2880: step 133 PREFIX_EVALUATED_NO_WINNER_DEFERRED pairs=25073 evals=1972 944s
[599987.4] V8_G1_RC2880: step 134 PREFIX_EVALUATED_NO_WINNER_DEFERRED pairs=25073 evals=1988 949s
[599992.4] V8_G1_RC2880: step 135 PREFIX_EVALUATED_NO_WINNER_DEFERRED pairs=25073 evals=2004 954s
[599997.5] V8_G1_RC2880: step 136 PREFIX_EVALUATED_NO_WINNER_DEFERRED pairs=25073 evals=2020 959s
[600015.9] V8_G1_RC2880: step 137 ELEVATED pairs=24927 evals=2036 977s
[600021.1] V8_G1_RC2880: step 138 PREFIX_EVALUATED_NO_WINNER_DEFERRED pairs=24927 evals=2052 983s
[600026.1] V8_G1_RC2880: step 139 PREFIX_EVALUATED_NO_WINNER_DEFERRED pairs=24927 evals=2068 988s
[600031.1] V8_G1_RC2880: step 140 PREFIX_EVALUATED_NO_WINNER_DEFERRED pairs=24927 evals=2084 993s
[600036.0] V8_G1_RC2880: step 141 PREFIX_EVALUATED_NO_WINNER_DEFERRED pairs=24927 evals=2100 997s
[600044.2] V8_G1_RC2880: step 142 ELEVATED pairs=24798 evals=2116 1006s
[600049.3] V8_G1_RC2880: step 143 PREFIX_EVALUATED_NO_WINNER_DEFERRED pairs=24798 evals=2132 1011s
[600054.4] V8_G1_RC2880: step 144 PREFIX_EVALUATED_NO_WINNER_DEFERRED pairs=24798 evals=2148 1016s
[600059.2] V8_G1_RC2880: step 145 PREFIX_EVALUATED_NO_WINNER_DEFERRED pairs=24798 evals=2164 1021s
[600064.1] V8_G1_RC2880: step 146 PREFIX_EVALUATED_NO_WINNER_DEFERRED pairs=24798 evals=2180 1026s
[600085.2] V8_G1_RC2880: step 147 ELEVATED pairs=24654 evals=2196 1047s
[600090.2] V8_G1_RC2880: step 148 PREFIX_EVALUATED_NO_WINNER_DEFERRED pairs=24654 evals=2212 1052s
[600095.1] V8_G1_RC2880: step 149 PREFIX_EVALUATED_NO_WINNER_DEFERRED pairs=24654 evals=2228 1057s
[600099.8] V8_G1_RC2880: step 150 PREFIX_EVALUATED_NO_WINNER_DEFERRED pairs=24654 evals=2244 1061s
[600104.9] V8_G1_RC2880: step 151 PREFIX_EVALUATED_NO_WINNER_DEFERRED pairs=24654 evals=2260 1066s
[600124.8] V8_G1_RC2880: step 152 ELEVATED pairs=24512 evals=2276 1086s
[600129.8] V8_G1_RC2880: step 153 PREFIX_EVALUATED_NO_WINNER_DEFERRED pairs=24512 evals=2292 1091s
[600134.9] V8_G1_RC2880: step 154 PREFIX_EVALUATED_NO_WINNER_DEFERRED pairs=24512 evals=2308 1096s
[600139.8] V8_G1_RC2880: step 155 PREFIX_EVALUATED_NO_WINNER_DEFERRED pairs=24512 evals=2324 1101s
[600144.8] V8_G1_RC2880: step 156 PREFIX_EVALUATED_NO_WINNER_DEFERRED pairs=24512 evals=2340 1106s
[600149.2] V8_G1_RC2880: step 157 PREFIX_EVALUATED_NO_WINNER_DEFERRED pairs=24512 evals=2356 1111s
[600158.0] V8_G1_RC2880: step 158 ELEVATED pairs=24387 evals=2372 1119s
[600163.0] V8_G1_RC2880: step 159 PREFIX_EVALUATED_NO_WINNER_DEFERRED pairs=24387 evals=2388 1125s
[600167.8] V8_G1_RC2880: step 160 PREFIX_EVALUATED_NO_WINNER_DEFERRED pairs=24387 evals=2404 1129s
[600172.6] V8_G1_RC2880: step 161 PREFIX_EVALUATED_NO_WINNER_DEFERRED pairs=24387 evals=2420 1134s
[600177.3] V8_G1_RC2880: step 162 PREFIX_EVALUATED_NO_WINNER_DEFERRED pairs=24387 evals=2436 1139s
[600191.7] V8_G1_RC2880: step 163 ELEVATED pairs=24247 evals=2452 1153s
[600196.6] V8_G1_RC2880: step 164 PREFIX_EVALUATED_NO_WINNER_DEFERRED pairs=24247 evals=2468 1158s
[600201.3] V8_G1_RC2880: step 165 PREFIX_EVALUATED_NO_WINNER_DEFERRED pairs=24247 evals=2484 1163s
[600206.0] V8_G1_RC2880: step 166 PREFIX_EVALUATED_NO_WINNER_DEFERRED pairs=24247 evals=2500 1168s
[600210.6] V8_G1_RC2880: step 167 PREFIX_EVALUATED_NO_WINNER_DEFERRED pairs=24247 evals=2516 1172s
[600214.8] V8_G1_RC2880: step 168 PREFIX_EVALUATED_NO_WINNER_DEFERRED pairs=24247 evals=2532 1176s
[600228.2] V8_G1_RC2880: step 169 ELEVATED pairs=24146 evals=2548 1190s
[600233.1] V8_G1_RC2880: step 170 PREFIX_EVALUATED_NO_WINNER_DEFERRED pairs=24146 evals=2564 1195s
[600238.0] V8_G1_RC2880: step 171 PREFIX_EVALUATED_NO_WINNER_DEFERRED pairs=24146 evals=2580 1199s
[600242.7] V8_G1_RC2880: step 172 PREFIX_EVALUATED_NO_WINNER_DEFERRED pairs=24146 evals=2596 1204s
[600247.5] V8_G1_RC2880: step 173 PREFIX_EVALUATED_NO_WINNER_DEFERRED pairs=24146 evals=2612 1209s
[600251.8] V8_G1_RC2880: step 174 PREFIX_EVALUATED_NO_WINNER_DEFERRED pairs=24146 evals=2628 1213s
[600279.7] V8_G1_RC2880: step 175 ELEVATED pairs=24006 evals=2644 1241s
[600284.5] V8_G1_RC2880: step 176 PREFIX_EVALUATED_NO_WINNER_DEFERRED pairs=24006 evals=2660 1246s
[600289.2] V8_G1_RC2880: step 177 PREFIX_EVALUATED_NO_WINNER_DEFERRED pairs=24006 evals=2676 1251s
[600293.9] V8_G1_RC2880: step 178 PREFIX_EVALUATED_NO_WINNER_DEFERRED pairs=24006 evals=2692 1255s
[600298.7] V8_G1_RC2880: step 179 PREFIX_EVALUATED_NO_WINNER_DEFERRED pairs=24006 evals=2708 1260s
[600303.2] V8_G1_RC2880: step 180 PREFIX_EVALUATED_NO_WINNER_DEFERRED pairs=24006 evals=2724 1265s
[600321.7] V8_G1_RC2880: step 181 ELEVATED pairs=23883 evals=2740 1283s
[600326.6] V8_G1_RC2880: step 182 PREFIX_EVALUATED_NO_WINNER_DEFERRED pairs=23883 evals=2756 1288s
[600331.4] V8_G1_RC2880: step 183 PREFIX_EVALUATED_NO_WINNER_DEFERRED pairs=23883 evals=2772 1293s
[600336.3] V8_G1_RC2880: step 184 PREFIX_EVALUATED_NO_WINNER_DEFERRED pairs=23883 evals=2788 1298s
[600341.0] V8_G1_RC2880: step 185 PREFIX_EVALUATED_NO_WINNER_DEFERRED pairs=23883 evals=2804 1303s
[600345.3] V8_G1_RC2880: step 186 PREFIX_EVALUATED_NO_WINNER_DEFERRED pairs=23883 evals=2820 1307s
[600370.7] V8_G1_RC2880: step 187 ELEVATED pairs=23745 evals=2836 1332s
[600375.5] V8_G1_RC2880: step 188 PREFIX_EVALUATED_NO_WINNER_DEFERRED pairs=23745 evals=2852 1337s
[600380.3] V8_G1_RC2880: step 189 PREFIX_EVALUATED_NO_WINNER_DEFERRED pairs=23745 evals=2868 1342s
[600384.2] V8_G1_RC2880: step 190 ABORTED_CANDIDATE_BUDGET pairs=23745 evals=2880 1346s
[600384.7] V8_G1_RC2880: done final=23745 moves=47 first=47 reloc=0 ret=0 evals=2880 stop=CANDIDATE_BUDGET_EXHAUSTED
[600448.9] V8_G1_RC2880: recheck PASS checks=130816
GROUP DONE V8_G1_RC2880 PASS
