start-state rescan (main) ...
  main PASS pairs=42909 unresolved=3 elevated=24
[604991.6] V8_G1_N2880_boundaryfix: start mode=N budget=2880 spec={"name": "V8_G1", "target_policy": "LEGACY", "evaluation_policy": "E2_ORDERED_K16", "traversal_policy": "BASE", "max_targets": 200, "k_per_target": 16, "family_round_robin": false, "relocation_side_reserve": 0, "waiting_age": false, "route_coverage": false, "multi_anchor": false, "exact_dedup": false, "decision_cache": false, "return_action": false, "cache_structural_skips": false, "window_slack_mm": 1e-05, "generation_domain": "PATH_WINDOWS", "path_window_settings": {"placements": [0.0, 0.5, 1.0], "length_factors": [1.0, 1.5, 2.0, 3.0], "cap": 4096}, "stage_length_cap_mm": null, "notes": ""}
[604991.6] V8_G1_N2880_boundaryfix: start state=main C:\Users\lihao\Desktop\Graduation Project\OpticalWaveguideRouter3D\outputs\3d_strategy_v3\512_ablation\D_both_enabled pairs=42909
[604994.9] V8_G1_N2880_boundaryfix: INITIAL_DONE pairs=42909
[604995.1] V8_G1_N2880_boundaryfix: step 1 NO_CANDIDATES_GENERATED pairs=42909 evals=0 0s
[604995.4] V8_G1_N2880_boundaryfix: step 2 NO_CANDIDATES_GENERATED pairs=42909 evals=0 0s
[605008.1] V8_G1_N2880_boundaryfix: step 3 ELEVATED pairs=42657 evals=16 13s
[605024.4] V8_G1_N2880_boundaryfix: step 4 ELEVATED pairs=42411 evals=32 29s
[605040.6] V8_G1_N2880_boundaryfix: step 5 ELEVATED pairs=42168 evals=48 46s
[605057.7] V8_G1_N2880_boundaryfix: step 6 ELEVATED pairs=41927 evals=64 63s
[605074.9] V8_G1_N2880_boundaryfix: step 7 ELEVATED pairs=41688 evals=80 80s
[605088.8] V8_G1_N2880_boundaryfix: step 8 ELEVATED pairs=41453 evals=96 94s
[605099.6] V8_G1_N2880_boundaryfix: step 9 ELEVATED pairs=41202 evals=112 105s
[605109.8] V8_G1_N2880_boundaryfix: step 10 ELEVATED pairs=40956 evals=128 115s
[605120.5] V8_G1_N2880_boundaryfix: step 11 ELEVATED pairs=40707 evals=144 125s
[605132.5] V8_G1_N2880_boundaryfix: step 12 ELEVATED pairs=40456 evals=160 137s
[605141.5] V8_G1_N2880_boundaryfix: step 13 ELEVATED pairs=40209 evals=176 146s
[605152.9] V8_G1_N2880_boundaryfix: step 14 ELEVATED pairs=39960 evals=192 158s
[605176.4] V8_G1_N2880_boundaryfix: step 15 ELEVATED pairs=39734 evals=208 181s
[605198.9] V8_G1_N2880_boundaryfix: step 16 ELEVATED pairs=39510 evals=224 204s
[605214.6] V8_G1_N2880_boundaryfix: step 17 ELEVATED pairs=39292 evals=240 220s
[605222.9] V8_G1_N2880_boundaryfix: step 18 ELEVATED pairs=39053 evals=256 228s
[605234.8] V8_G1_N2880_boundaryfix: step 19 ELEVATED pairs=38833 evals=272 240s
[605246.1] V8_G1_N2880_boundaryfix: step 20 ELEVATED pairs=38623 evals=288 251s
[605259.9] V8_G1_N2880_boundaryfix: step 21 ELEVATED pairs=38409 evals=304 265s
[605266.2] V8_G1_N2880_boundaryfix: step 22 ELEVATED pairs=38183 evals=320 271s
[605276.5] V8_G1_N2880_boundaryfix: step 23 ELEVATED pairs=37971 evals=336 281s
[605282.6] V8_G1_N2880_boundaryfix: step 24 ELEVATED pairs=37747 evals=352 288s
[605292.9] V8_G1_N2880_boundaryfix: step 25 ELEVATED pairs=37537 evals=368 298s
[605299.1] V8_G1_N2880_boundaryfix: step 26 ELEVATED pairs=37315 evals=384 304s
[605312.2] V8_G1_N2880_boundaryfix: step 27 ELEVATED pairs=37102 evals=400 317s
[605325.8] V8_G1_N2880_boundaryfix: step 28 ELEVATED pairs=36902 evals=416 331s
[605352.5] V8_G1_N2880_boundaryfix: step 29 ELEVATED pairs=36665 evals=432 357s
[605361.5] V8_G1_N2880_boundaryfix: step 30 ELEVATED pairs=36450 evals=448 366s
[605371.0] V8_G1_N2880_boundaryfix: step 31 ELEVATED pairs=36249 evals=464 376s
[605379.9] V8_G1_N2880_boundaryfix: step 32 ELEVATED pairs=36047 evals=480 385s
[605380.3] V8_G1_N2880_boundaryfix: step 33 NO_CANDIDATES_GENERATED pairs=36047 evals=480 385s
[605380.6] V8_G1_N2880_boundaryfix: step 34 NO_CANDIDATES_GENERATED pairs=36047 evals=480 386s
[605389.7] V8_G1_N2880_boundaryfix: step 35 ELEVATED pairs=35864 evals=496 395s
[605403.4] V8_G1_N2880_boundaryfix: step 36 ELEVATED pairs=35674 evals=512 408s
[605413.4] V8_G1_N2880_boundaryfix: step 37 ELEVATED pairs=35495 evals=528 418s
[605420.1] V8_G1_N2880_boundaryfix: step 38 ELEVATED pairs=35303 evals=544 425s
[605429.7] V8_G1_N2880_boundaryfix: step 39 ELEVATED pairs=35100 evals=560 435s
[605436.3] V8_G1_N2880_boundaryfix: step 40 ELEVATED pairs=34927 evals=576 441s
[605443.0] V8_G1_N2880_boundaryfix: step 41 ELEVATED pairs=34754 evals=592 448s
[605453.4] V8_G1_N2880_boundaryfix: step 42 ELEVATED pairs=34553 evals=608 458s
[605463.6] V8_G1_N2880_boundaryfix: step 43 ELEVATED pairs=34354 evals=624 468s
[605477.1] V8_G1_N2880_boundaryfix: step 44 ELEVATED pairs=34174 evals=640 482s
[605486.6] V8_G1_N2880_boundaryfix: step 45 ELEVATED pairs=33977 evals=656 492s
[605499.9] V8_G1_N2880_boundaryfix: step 46 ELEVATED pairs=33799 evals=672 505s
[605510.4] V8_G1_N2880_boundaryfix: step 47 ELEVATED pairs=33604 evals=688 515s
[605517.9] V8_G1_N2880_boundaryfix: step 48 ELEVATED pairs=33433 evals=704 523s
[605528.8] V8_G1_N2880_boundaryfix: step 49 ELEVATED pairs=33240 evals=720 534s
[605540.8] V8_G1_N2880_boundaryfix: step 50 ELEVATED pairs=33061 evals=736 546s
[605550.5] V8_G1_N2880_boundaryfix: step 51 ELEVATED pairs=32870 evals=752 555s
[605562.2] V8_G1_N2880_boundaryfix: step 52 ELEVATED pairs=32693 evals=768 567s
[605572.4] V8_G1_N2880_boundaryfix: step 53 ELEVATED pairs=32504 evals=784 577s
[605581.0] V8_G1_N2880_boundaryfix: step 54 ELEVATED pairs=32320 evals=800 586s
[605589.9] V8_G1_N2880_boundaryfix: step 55 ELEVATED pairs=32133 evals=816 595s
[605598.3] V8_G1_N2880_boundaryfix: step 56 ELEVATED pairs=31951 evals=832 603s
[605607.9] V8_G1_N2880_boundaryfix: step 57 ELEVATED pairs=31766 evals=848 613s
[605625.7] V8_G1_N2880_boundaryfix: step 58 ELEVATED pairs=31533 evals=864 631s
[605634.0] V8_G1_N2880_boundaryfix: step 59 ELEVATED pairs=31353 evals=880 639s
[605642.1] V8_G1_N2880_boundaryfix: step 60 ELEVATED pairs=31175 evals=896 647s
[605650.1] V8_G1_N2880_boundaryfix: step 61 ELEVATED pairs=30999 evals=912 655s
[605677.0] V8_G1_N2880_boundaryfix: step 62 ELEVATED pairs=30759 evals=928 682s
[605684.8] V8_G1_N2880_boundaryfix: step 63 ELEVATED pairs=30579 evals=944 690s
[605693.2] V8_G1_N2880_boundaryfix: step 64 ELEVATED pairs=30406 evals=960 698s
[605725.0] V8_G1_N2880_boundaryfix: step 65 ELEVATED pairs=30224 evals=976 730s
[605742.1] V8_G1_N2880_boundaryfix: step 66 ELEVATED pairs=30065 evals=992 747s
[605775.8] V8_G1_N2880_boundaryfix: step 67 ELEVATED pairs=29885 evals=1008 781s
[605788.2] V8_G1_N2880_boundaryfix: step 68 ELEVATED pairs=29720 evals=1024 793s
[605797.0] V8_G1_N2880_boundaryfix: step 69 ELEVATED pairs=29575 evals=1040 802s
[605809.6] V8_G1_N2880_boundaryfix: step 70 ELEVATED pairs=29412 evals=1056 814s
[605822.1] V8_G1_N2880_boundaryfix: step 71 ELEVATED pairs=29251 evals=1072 827s
[605834.0] V8_G1_N2880_boundaryfix: step 72 ELEVATED pairs=29092 evals=1088 839s
[605847.0] V8_G1_N2880_boundaryfix: step 73 ELEVATED pairs=28955 evals=1104 852s
[605854.8] V8_G1_N2880_boundaryfix: step 74 ELEVATED pairs=28766 evals=1120 860s
[605867.8] V8_G1_N2880_boundaryfix: step 75 ELEVATED pairs=28631 evals=1136 873s
[605882.0] V8_G1_N2880_boundaryfix: step 76 ELEVATED pairs=28498 evals=1152 887s
[605890.1] V8_G1_N2880_boundaryfix: step 77 ELEVATED pairs=28311 evals=1168 895s
[605903.9] V8_G1_N2880_boundaryfix: step 78 ELEVATED pairs=28180 evals=1184 909s
[605912.2] V8_G1_N2880_boundaryfix: step 79 ELEVATED pairs=27995 evals=1200 917s
[605920.9] V8_G1_N2880_boundaryfix: step 80 ELEVATED pairs=27812 evals=1216 926s
[605933.1] V8_G1_N2880_boundaryfix: step 81 ELEVATED pairs=27696 evals=1232 938s
[605945.4] V8_G1_N2880_boundaryfix: step 82 ELEVATED pairs=27574 evals=1248 950s
[605959.2] V8_G1_N2880_boundaryfix: step 83 ELEVATED pairs=27454 evals=1264 964s
[605972.8] V8_G1_N2880_boundaryfix: step 84 ELEVATED pairs=27336 evals=1280 978s
[605986.2] V8_G1_N2880_boundaryfix: step 85 ELEVATED pairs=27220 evals=1296 991s
[605995.0] V8_G1_N2880_boundaryfix: step 86 ELEVATED pairs=27098 evals=1312 1000s
[606005.6] V8_G1_N2880_boundaryfix: step 87 ELEVATED pairs=26943 evals=1328 1011s
[606015.8] V8_G1_N2880_boundaryfix: step 88 ELEVATED pairs=26827 evals=1344 1021s
[606025.5] V8_G1_N2880_boundaryfix: step 89 ELEVATED pairs=26711 evals=1360 1030s
[606035.9] V8_G1_N2880_boundaryfix: step 90 ELEVATED pairs=26595 evals=1376 1041s
[606046.2] V8_G1_N2880_boundaryfix: step 91 ELEVATED pairs=26479 evals=1392 1051s
[606056.1] V8_G1_N2880_boundaryfix: step 92 ELEVATED pairs=26363 evals=1408 1061s
[606066.7] V8_G1_N2880_boundaryfix: step 93 ELEVATED pairs=26210 evals=1424 1072s
[606075.8] V8_G1_N2880_boundaryfix: step 94 ELEVATED pairs=26097 evals=1440 1081s
[606084.8] V8_G1_N2880_boundaryfix: step 95 ELEVATED pairs=25985 evals=1456 1090s
[606093.7] V8_G1_N2880_boundaryfix: step 96 ELEVATED pairs=25873 evals=1472 1099s
[606103.8] V8_G1_N2880_boundaryfix: step 97 ELEVATED pairs=25722 evals=1488 1109s
[606112.5] V8_G1_N2880_boundaryfix: step 98 ELEVATED pairs=25572 evals=1504 1117s
[606121.8] V8_G1_N2880_boundaryfix: step 99 ELEVATED pairs=25406 evals=1520 1127s
[606130.3] V8_G1_N2880_boundaryfix: step 100 ELEVATED pairs=25256 evals=1536 1135s
[606139.0] V8_G1_N2880_boundaryfix: step 101 ELEVATED pairs=25092 evals=1552 1144s
[606154.4] V8_G1_N2880_boundaryfix: step 102 ELEVATED pairs=24952 evals=1568 1159s
[606165.7] V8_G1_N2880_boundaryfix: step 103 ELEVATED pairs=24865 evals=1584 1171s
[606174.7] V8_G1_N2880_boundaryfix: step 104 ELEVATED pairs=24703 evals=1600 1180s
[606190.4] V8_G1_N2880_boundaryfix: step 105 ELEVATED pairs=24565 evals=1616 1195s
[606200.1] V8_G1_N2880_boundaryfix: step 106 ELEVATED pairs=24405 evals=1632 1205s
[606215.4] V8_G1_N2880_boundaryfix: step 107 ELEVATED pairs=24269 evals=1648 1220s
[606225.8] V8_G1_N2880_boundaryfix: step 108 ELEVATED pairs=24184 evals=1664 1231s
[606240.0] V8_G1_N2880_boundaryfix: step 109 ELEVATED pairs=24050 evals=1680 1245s
[606245.7] V8_G1_N2880_boundaryfix: step 110 ELEVATED pairs=23918 evals=1696 1251s
[606257.8] V8_G1_N2880_boundaryfix: step 111 ELEVATED pairs=23779 evals=1712 1263s
[606267.6] V8_G1_N2880_boundaryfix: step 112 ELEVATED pairs=23675 evals=1728 1273s
[606279.0] V8_G1_N2880_boundaryfix: step 113 ELEVATED pairs=23547 evals=1744 1284s
[606289.1] V8_G1_N2880_boundaryfix: step 114 ELEVATED pairs=23445 evals=1760 1294s
[606300.4] V8_G1_N2880_boundaryfix: step 115 ELEVATED pairs=23319 evals=1776 1305s
[606308.1] V8_G1_N2880_boundaryfix: step 116 ELEVATED pairs=23250 evals=1792 1313s
[606319.7] V8_G1_N2880_boundaryfix: step 117 ELEVATED pairs=23126 evals=1808 1325s
[606327.9] V8_G1_N2880_boundaryfix: step 118 ELEVATED pairs=23043 evals=1824 1333s
[606339.4] V8_G1_N2880_boundaryfix: step 119 ELEVATED pairs=22921 evals=1840 1344s
[606372.4] V8_G1_N2880_boundaryfix: step 120 ELEVATED pairs=22759 evals=1856 1377s
[606380.1] V8_G1_N2880_boundaryfix: step 121 ELEVATED pairs=22631 evals=1872 1385s
[606414.6] V8_G1_N2880_boundaryfix: step 122 ELEVATED pairs=22471 evals=1888 1420s
[606422.3] V8_G1_N2880_boundaryfix: step 123 ELEVATED pairs=22345 evals=1904 1427s
[606458.2] V8_G1_N2880_boundaryfix: step 124 ELEVATED pairs=22187 evals=1920 1463s
[606465.7] V8_G1_N2880_boundaryfix: step 125 ELEVATED pairs=22063 evals=1936 1471s
[606501.8] V8_G1_N2880_boundaryfix: step 126 ELEVATED pairs=21907 evals=1952 1507s
[606509.4] V8_G1_N2880_boundaryfix: step 127 ELEVATED pairs=21764 evals=1968 1514s
[606533.8] V8_G1_N2880_boundaryfix: step 128 ELEVATED pairs=21662 evals=1984 1539s
[606568.3] V8_G1_N2880_boundaryfix: step 129 ELEVATED pairs=21616 evals=2000 1573s
[606597.0] V8_G1_N2880_boundaryfix: step 130 ELEVATED pairs=21510 evals=2016 1602s
[606621.9] V8_G1_N2880_boundaryfix: step 131 ELEVATED pairs=21438 evals=2032 1627s
[606649.9] V8_G1_N2880_boundaryfix: step 132 ELEVATED pairs=21335 evals=2048 1655s
[606677.0] V8_G1_N2880_boundaryfix: step 133 ELEVATED pairs=21237 evals=2064 1682s
[606687.6] V8_G1_N2880_boundaryfix: step 134 ELEVATED pairs=21124 evals=2080 1693s
[606698.5] V8_G1_N2880_boundaryfix: step 135 ELEVATED pairs=21013 evals=2096 1703s
[606733.7] V8_G1_N2880_boundaryfix: step 136 ELEVATED pairs=20942 evals=2112 1739s
[606769.5] V8_G1_N2880_boundaryfix: step 137 ELEVATED pairs=20873 evals=2128 1774s
[606809.8] V8_G1_N2880_boundaryfix: step 138 ELEVATED pairs=20802 evals=2144 1815s
[606842.8] V8_G1_N2880_boundaryfix: step 139 ELEVATED pairs=20729 evals=2160 1848s
[606850.6] V8_G1_N2880_boundaryfix: step 140 ELEVATED pairs=20637 evals=2176 1856s
[606862.4] V8_G1_N2880_boundaryfix: step 141 ELEVATED pairs=20594 evals=2192 1867s
[606870.9] V8_G1_N2880_boundaryfix: step 142 ELEVATED pairs=20551 evals=2208 1876s
[606879.9] V8_G1_N2880_boundaryfix: step 143 ELEVATED pairs=20508 evals=2224 1885s
[606888.7] V8_G1_N2880_boundaryfix: step 144 ELEVATED pairs=20466 evals=2240 1894s
[606899.2] V8_G1_N2880_boundaryfix: step 145 ELEVATED pairs=20368 evals=2256 1904s
[606908.4] V8_G1_N2880_boundaryfix: step 146 ELEVATED pairs=20328 evals=2272 1913s
[606919.1] V8_G1_N2880_boundaryfix: step 147 ELEVATED pairs=20288 evals=2288 1924s
[606930.7] V8_G1_N2880_boundaryfix: step 148 ELEVATED pairs=20192 evals=2304 1936s
[606941.6] V8_G1_N2880_boundaryfix: step 149 ELEVATED pairs=20152 evals=2320 1947s
[606952.6] V8_G1_N2880_boundaryfix: step 150 ELEVATED pairs=20112 evals=2336 1958s
[606965.4] V8_G1_N2880_boundaryfix: step 151 ELEVATED pairs=20018 evals=2352 1970s
[606978.0] V8_G1_N2880_boundaryfix: step 152 ELEVATED pairs=19978 evals=2368 1983s
[606989.6] V8_G1_N2880_boundaryfix: step 153 ELEVATED pairs=19938 evals=2384 1995s
[607002.4] V8_G1_N2880_boundaryfix: step 154 ELEVATED pairs=19898 evals=2400 2007s
[607035.4] V8_G1_N2880_boundaryfix: step 155 ELEVATED pairs=19814 evals=2416 2040s
[607047.0] V8_G1_N2880_boundaryfix: step 156 ELEVATED pairs=19770 evals=2432 2052s
[607056.9] V8_G1_N2880_boundaryfix: step 157 ELEVATED pairs=19726 evals=2448 2062s
[607069.7] V8_G1_N2880_boundaryfix: step 158 ELEVATED pairs=19632 evals=2464 2075s
[607082.5] V8_G1_N2880_boundaryfix: step 159 ELEVATED pairs=19540 evals=2480 2087s
[607094.8] V8_G1_N2880_boundaryfix: step 160 ELEVATED pairs=19450 evals=2496 2100s
[607102.7] V8_G1_N2880_boundaryfix: step 161 ELEVATED pairs=19378 evals=2512 2108s
[607108.1] V8_G1_N2880_boundaryfix: step 162 ELEVATED pairs=19313 evals=2528 2113s
[607113.7] V8_G1_N2880_boundaryfix: step 163 ELEVATED pairs=19253 evals=2544 2119s
[607126.1] V8_G1_N2880_boundaryfix: step 164 ELEVATED pairs=19169 evals=2560 2131s
[607134.4] V8_G1_N2880_boundaryfix: step 165 ELEVATED pairs=19137 evals=2576 2139s
[607156.5] V8_G1_N2880_boundaryfix: step 166 ELEVATED pairs=19085 evals=2592 2161s
[607177.8] V8_G1_N2880_boundaryfix: step 167 ELEVATED pairs=19017 evals=2608 2183s
[607206.4] V8_G1_N2880_boundaryfix: step 168 ELEVATED pairs=18980 evals=2624 2211s
[607215.5] V8_G1_N2880_boundaryfix: step 169 ELEVATED pairs=18968 evals=2640 2220s
[607224.2] V8_G1_N2880_boundaryfix: step 170 ELEVATED pairs=18956 evals=2656 2229s
[607251.7] V8_G1_N2880_boundaryfix: step 171 ELEVATED pairs=18910 evals=2672 2257s
[607260.2] V8_G1_N2880_boundaryfix: step 172 ELEVATED pairs=18898 evals=2688 2265s
[607288.4] V8_G1_N2880_boundaryfix: step 173 ELEVATED pairs=18810 evals=2704 2293s
[607314.9] V8_G1_N2880_boundaryfix: step 174 ELEVATED pairs=18722 evals=2720 2320s
[607344.0] V8_G1_N2880_boundaryfix: step 175 ELEVATED pairs=18628 evals=2736 2349s
[607354.0] V8_G1_N2880_boundaryfix: step 176 ELEVATED pairs=18571 evals=2752 2359s
[607365.6] V8_G1_N2880_boundaryfix: step 177 ELEVATED pairs=18541 evals=2768 2371s
[607378.1] V8_G1_N2880_boundaryfix: step 178 ELEVATED pairs=18483 evals=2784 2383s
[607414.4] V8_G1_N2880_boundaryfix: step 179 ELEVATED pairs=18430 evals=2800 2419s
[607426.4] V8_G1_N2880_boundaryfix: step 180 ELEVATED pairs=18405 evals=2816 2431s
[607464.2] V8_G1_N2880_boundaryfix: step 181 ELEVATED pairs=18352 evals=2832 2469s
[607475.2] V8_G1_N2880_boundaryfix: step 182 ELEVATED pairs=18330 evals=2848 2480s
[607509.2] V8_G1_N2880_boundaryfix: step 183 ELEVATED pairs=18276 evals=2864 2514s
[607542.2] V8_G1_N2880_boundaryfix: step 184 ELEVATED pairs=18211 evals=2880 2547s
[607543.4] V8_G1_N2880_boundaryfix: step 185 ABORTED_CANDIDATE_BUDGET pairs=18211 evals=2880 2548s
[607543.9] V8_G1_N2880_boundaryfix: done final=18211 moves=180 first=180 reloc=0 ret=0 evals=2880 stop=CANDIDATE_BUDGET_EXHAUSTED
[607649.5] V8_G1_N2880_boundaryfix: recheck PASS checks=130816
GROUP DONE V8_G1_N2880 PASS
