start-state rescan (main) ...
  main PASS pairs=42909 unresolved=3 elevated=24
[600918.1] V8_G1_N2880: start mode=N budget=2880 spec={"name": "V8_G1", "target_policy": "LEGACY", "evaluation_policy": "E2_ORDERED_K16", "traversal_policy": "BASE", "max_targets": 200, "k_per_target": 16, "family_round_robin": false, "relocation_side_reserve": 0, "waiting_age": false, "route_coverage": false, "multi_anchor": false, "exact_dedup": false, "decision_cache": false, "return_action": false, "cache_structural_skips": false, "window_slack_mm": 1e-05, "generation_domain": "PATH_WINDOWS", "path_window_settings": {"placements": [0.0, 0.5, 1.0], "length_factors": [1.0, 1.5, 2.0, 3.0], "cap": 4096}, "stage_length_cap_mm": null, "notes": ""}
[600918.1] V8_G1_N2880: start state=main C:\Users\lihao\Desktop\Graduation Project\OpticalWaveguideRouter3D\outputs\3d_strategy_v3\512_ablation\D_both_enabled pairs=42909
[600921.9] V8_G1_N2880: INITIAL_DONE pairs=42909
[600922.1] V8_G1_N2880: step 1 NO_CANDIDATES_GENERATED pairs=42909 evals=0 0s
[600922.5] V8_G1_N2880: step 2 NO_CANDIDATES_GENERATED pairs=42909 evals=0 0s
[600934.6] V8_G1_N2880: step 3 ELEVATED pairs=42657 evals=16 13s
[600949.6] V8_G1_N2880: step 4 ELEVATED pairs=42411 evals=32 28s
[600964.0] V8_G1_N2880: step 5 ELEVATED pairs=42168 evals=48 42s
[600980.2] V8_G1_N2880: step 6 ELEVATED pairs=41927 evals=64 58s
[600996.6] V8_G1_N2880: step 7 ELEVATED pairs=41688 evals=80 75s
[601009.8] V8_G1_N2880: step 8 ELEVATED pairs=41453 evals=96 88s
[601019.7] V8_G1_N2880: step 9 ELEVATED pairs=41202 evals=112 98s
[601028.0] V8_G1_N2880: step 10 ELEVATED pairs=40956 evals=128 106s
[601037.2] V8_G1_N2880: step 11 ELEVATED pairs=40707 evals=144 115s
[601047.9] V8_G1_N2880: step 12 ELEVATED pairs=40456 evals=160 126s
[601056.2] V8_G1_N2880: step 13 ELEVATED pairs=40209 evals=176 134s
[601066.8] V8_G1_N2880: step 14 ELEVATED pairs=39960 evals=192 145s
[601088.4] V8_G1_N2880: step 15 ELEVATED pairs=39734 evals=208 166s
[601109.6] V8_G1_N2880: step 16 ELEVATED pairs=39510 evals=224 188s
[601125.3] V8_G1_N2880: step 17 ELEVATED pairs=39292 evals=240 203s
[601134.8] V8_G1_N2880: step 18 ELEVATED pairs=39053 evals=256 213s
[601149.7] V8_G1_N2880: step 19 ELEVATED pairs=38833 evals=272 228s
[601154.7] V8_G1_N2880: step 20 PREFIX_EVALUATED_NO_WINNER_DEFERRED pairs=38833 evals=288 233s
[601159.7] V8_G1_N2880: step 21 PREFIX_EVALUATED_NO_WINNER_DEFERRED pairs=38833 evals=304 238s
[601174.2] V8_G1_N2880: step 22 ELEVATED pairs=38617 evals=320 252s
[601179.5] V8_G1_N2880: step 23 PREFIX_EVALUATED_NO_WINNER_DEFERRED pairs=38617 evals=336 257s
[601184.0] V8_G1_N2880: step 24 PREFIX_EVALUATED_NO_WINNER_DEFERRED pairs=38617 evals=352 262s
[601191.7] V8_G1_N2880: step 25 ELEVATED pairs=38389 evals=368 270s
[601196.0] V8_G1_N2880: step 26 PREFIX_EVALUATED_NO_WINNER_DEFERRED pairs=38389 evals=384 274s
[601200.8] V8_G1_N2880: step 27 PREFIX_EVALUATED_NO_WINNER_DEFERRED pairs=38389 evals=400 279s
[601214.3] V8_G1_N2880: step 28 ELEVATED pairs=38175 evals=416 292s
[601218.4] V8_G1_N2880: step 29 PREFIX_EVALUATED_NO_WINNER_DEFERRED pairs=38175 evals=432 296s
[601225.9] V8_G1_N2880: step 30 ELEVATED pairs=37949 evals=448 304s
[601230.0] V8_G1_N2880: step 31 PREFIX_EVALUATED_NO_WINNER_DEFERRED pairs=37949 evals=464 308s
[601237.9] V8_G1_N2880: step 32 ELEVATED pairs=37725 evals=480 316s
[601242.0] V8_G1_N2880: step 33 PREFIX_EVALUATED_NO_WINNER_DEFERRED pairs=37725 evals=496 320s
[601259.7] V8_G1_N2880: step 34 ELEVATED pairs=37519 evals=512 338s
[601263.9] V8_G1_N2880: step 35 PREFIX_EVALUATED_NO_WINNER_DEFERRED pairs=37519 evals=528 342s
[601280.4] V8_G1_N2880: step 36 ELEVATED pairs=37306 evals=544 358s
[601284.6] V8_G1_N2880: step 37 PREFIX_EVALUATED_NO_WINNER_DEFERRED pairs=37306 evals=560 363s
[601289.1] V8_G1_N2880: step 38 PREFIX_EVALUATED_NO_WINNER_DEFERRED pairs=37306 evals=576 367s
[601300.3] V8_G1_N2880: step 39 ELEVATED pairs=37087 evals=592 378s
[601304.3] V8_G1_N2880: step 40 PREFIX_EVALUATED_NO_WINNER_DEFERRED pairs=37087 evals=608 382s
[601336.8] V8_G1_N2880: step 41 ELEVATED pairs=36847 evals=624 415s
[601340.8] V8_G1_N2880: step 42 PREFIX_EVALUATED_NO_WINNER_DEFERRED pairs=36847 evals=640 419s
[601345.2] V8_G1_N2880: step 43 PREFIX_EVALUATED_NO_WINNER_DEFERRED pairs=36847 evals=656 423s
[601356.4] V8_G1_N2880: step 44 ELEVATED pairs=36642 evals=672 434s
[601360.5] V8_G1_N2880: step 45 PREFIX_EVALUATED_NO_WINNER_DEFERRED pairs=36642 evals=688 438s
[601364.8] V8_G1_N2880: step 46 PREFIX_EVALUATED_NO_WINNER_DEFERRED pairs=36642 evals=704 443s
[601365.3] V8_G1_N2880: step 47 NO_CANDIDATES_GENERATED pairs=36642 evals=704 443s
[601365.8] V8_G1_N2880: step 48 NO_CANDIDATES_GENERATED pairs=36642 evals=704 444s
[601376.8] V8_G1_N2880: step 49 ELEVATED pairs=36438 evals=720 455s
[601380.8] V8_G1_N2880: step 50 PREFIX_EVALUATED_NO_WINNER_DEFERRED pairs=36438 evals=736 459s
[601385.1] V8_G1_N2880: step 51 PREFIX_EVALUATED_NO_WINNER_DEFERRED pairs=36438 evals=752 463s
[601393.5] V8_G1_N2880: step 52 ELEVATED pairs=36228 evals=768 471s
[601397.3] V8_G1_N2880: step 53 PREFIX_EVALUATED_NO_WINNER_DEFERRED pairs=36228 evals=784 475s
[601401.7] V8_G1_N2880: step 54 PREFIX_EVALUATED_NO_WINNER_DEFERRED pairs=36228 evals=800 480s
[601412.8] V8_G1_N2880: step 55 ELEVATED pairs=36045 evals=816 491s
[601416.6] V8_G1_N2880: step 56 PREFIX_EVALUATED_NO_WINNER_DEFERRED pairs=36045 evals=832 495s
[601421.1] V8_G1_N2880: step 57 PREFIX_EVALUATED_NO_WINNER_DEFERRED pairs=36045 evals=848 499s
[601437.4] V8_G1_N2880: step 58 ELEVATED pairs=35853 evals=864 515s
[601441.4] V8_G1_N2880: step 59 PREFIX_EVALUATED_NO_WINNER_DEFERRED pairs=35853 evals=880 519s
[601445.9] V8_G1_N2880: step 60 PREFIX_EVALUATED_NO_WINNER_DEFERRED pairs=35853 evals=896 524s
[601457.1] V8_G1_N2880: step 61 ELEVATED pairs=35646 evals=912 535s
[601460.7] V8_G1_N2880: step 62 PREFIX_EVALUATED_NO_WINNER_DEFERRED pairs=35646 evals=928 539s
[601464.9] V8_G1_N2880: step 63 PREFIX_EVALUATED_NO_WINNER_DEFERRED pairs=35646 evals=944 543s
[601479.9] V8_G1_N2880: step 64 ELEVATED pairs=35456 evals=960 558s
[601483.7] V8_G1_N2880: step 65 PREFIX_EVALUATED_NO_WINNER_DEFERRED pairs=35456 evals=976 562s
[601487.9] V8_G1_N2880: step 66 PREFIX_EVALUATED_NO_WINNER_DEFERRED pairs=35456 evals=992 566s
[601499.3] V8_G1_N2880: step 67 ELEVATED pairs=35251 evals=1008 577s
[601502.8] V8_G1_N2880: step 68 PREFIX_EVALUATED_NO_WINNER_DEFERRED pairs=35251 evals=1024 581s
[601506.8] V8_G1_N2880: step 69 PREFIX_EVALUATED_NO_WINNER_DEFERRED pairs=35251 evals=1040 585s
[601522.0] V8_G1_N2880: step 70 ELEVATED pairs=35063 evals=1056 600s
[601525.7] V8_G1_N2880: step 71 PREFIX_EVALUATED_NO_WINNER_DEFERRED pairs=35063 evals=1072 604s
[601530.4] V8_G1_N2880: step 72 PREFIX_EVALUATED_NO_WINNER_DEFERRED pairs=35063 evals=1088 608s
[601542.6] V8_G1_N2880: step 73 ELEVATED pairs=34860 evals=1104 621s
[601546.5] V8_G1_N2880: step 74 PREFIX_EVALUATED_NO_WINNER_DEFERRED pairs=34860 evals=1120 624s
[601551.0] V8_G1_N2880: step 75 PREFIX_EVALUATED_NO_WINNER_DEFERRED pairs=34860 evals=1136 629s
[601559.2] V8_G1_N2880: step 76 ELEVATED pairs=34660 evals=1152 637s
[601563.3] V8_G1_N2880: step 77 PREFIX_EVALUATED_NO_WINNER_DEFERRED pairs=34660 evals=1168 641s
[601567.7] V8_G1_N2880: step 78 PREFIX_EVALUATED_NO_WINNER_DEFERRED pairs=34660 evals=1184 646s
[601579.8] V8_G1_N2880: step 79 ELEVATED pairs=34459 evals=1200 658s
[601584.1] V8_G1_N2880: step 80 PREFIX_EVALUATED_NO_WINNER_DEFERRED pairs=34459 evals=1216 662s
[601588.8] V8_G1_N2880: step 81 PREFIX_EVALUATED_NO_WINNER_DEFERRED pairs=34459 evals=1232 667s
[601597.7] V8_G1_N2880: step 82 ELEVATED pairs=34273 evals=1248 676s
[601602.1] V8_G1_N2880: step 83 PREFIX_EVALUATED_NO_WINNER_DEFERRED pairs=34273 evals=1264 680s
[601606.8] V8_G1_N2880: step 84 PREFIX_EVALUATED_NO_WINNER_DEFERRED pairs=34273 evals=1280 685s
[601620.3] V8_G1_N2880: step 85 ELEVATED pairs=34074 evals=1296 698s
[601624.5] V8_G1_N2880: step 86 PREFIX_EVALUATED_NO_WINNER_DEFERRED pairs=34074 evals=1312 702s
[601629.6] V8_G1_N2880: step 87 PREFIX_EVALUATED_NO_WINNER_DEFERRED pairs=34074 evals=1328 708s
[601639.0] V8_G1_N2880: step 88 ELEVATED pairs=33907 evals=1344 717s
[601643.5] V8_G1_N2880: step 89 PREFIX_EVALUATED_NO_WINNER_DEFERRED pairs=33907 evals=1360 721s
[601648.3] V8_G1_N2880: step 90 PREFIX_EVALUATED_NO_WINNER_DEFERRED pairs=33907 evals=1376 726s
[601662.2] V8_G1_N2880: step 91 ELEVATED pairs=33710 evals=1392 740s
[601666.3] V8_G1_N2880: step 92 PREFIX_EVALUATED_NO_WINNER_DEFERRED pairs=33710 evals=1408 744s
[601671.0] V8_G1_N2880: step 93 PREFIX_EVALUATED_NO_WINNER_DEFERRED pairs=33710 evals=1424 749s
[601679.7] V8_G1_N2880: step 94 ELEVATED pairs=33543 evals=1440 758s
[601684.1] V8_G1_N2880: step 95 PREFIX_EVALUATED_NO_WINNER_DEFERRED pairs=33543 evals=1456 762s
[601689.4] V8_G1_N2880: step 96 PREFIX_EVALUATED_NO_WINNER_DEFERRED pairs=33543 evals=1472 767s
[601702.2] V8_G1_N2880: step 97 ELEVATED pairs=33348 evals=1488 780s
[601706.1] V8_G1_N2880: step 98 PREFIX_EVALUATED_NO_WINNER_DEFERRED pairs=33348 evals=1504 784s
[601710.3] V8_G1_N2880: step 99 PREFIX_EVALUATED_NO_WINNER_DEFERRED pairs=33348 evals=1520 788s
[601721.1] V8_G1_N2880: step 100 ELEVATED pairs=33156 evals=1536 799s
[601725.3] V8_G1_N2880: step 101 PREFIX_EVALUATED_NO_WINNER_DEFERRED pairs=33156 evals=1552 803s
[601729.9] V8_G1_N2880: step 102 PREFIX_EVALUATED_NO_WINNER_DEFERRED pairs=33156 evals=1568 808s
[601743.1] V8_G1_N2880: step 103 ELEVATED pairs=32963 evals=1584 821s
[601747.0] V8_G1_N2880: step 104 PREFIX_EVALUATED_NO_WINNER_DEFERRED pairs=32963 evals=1600 825s
[601751.5] V8_G1_N2880: step 105 PREFIX_EVALUATED_NO_WINNER_DEFERRED pairs=32963 evals=1616 829s
[601766.6] V8_G1_N2880: step 106 ELEVATED pairs=32784 evals=1632 845s
[601770.5] V8_G1_N2880: step 107 PREFIX_EVALUATED_NO_WINNER_DEFERRED pairs=32784 evals=1648 848s
[601775.1] V8_G1_N2880: step 108 PREFIX_EVALUATED_NO_WINNER_DEFERRED pairs=32784 evals=1664 853s
[601786.9] V8_G1_N2880: step 109 ELEVATED pairs=32593 evals=1680 865s
[601790.9] V8_G1_N2880: step 110 PREFIX_EVALUATED_NO_WINNER_DEFERRED pairs=32593 evals=1696 869s
[601795.3] V8_G1_N2880: step 111 PREFIX_EVALUATED_NO_WINNER_DEFERRED pairs=32593 evals=1712 873s
[601798.8] V8_G1_N2880: step 112 PREFIX_EVALUATED_NO_WINNER_DEFERRED pairs=32593 evals=1728 877s
[601813.6] V8_G1_N2880: step 113 ELEVATED pairs=32416 evals=1744 892s
[601817.5] V8_G1_N2880: step 114 PREFIX_EVALUATED_NO_WINNER_DEFERRED pairs=32416 evals=1760 895s
[601821.9] V8_G1_N2880: step 115 PREFIX_EVALUATED_NO_WINNER_DEFERRED pairs=32416 evals=1776 900s
[601833.9] V8_G1_N2880: step 116 ELEVATED pairs=32227 evals=1792 912s
[601837.7] V8_G1_N2880: step 117 PREFIX_EVALUATED_NO_WINNER_DEFERRED pairs=32227 evals=1808 916s
[601841.4] V8_G1_N2880: step 118 PREFIX_EVALUATED_NO_WINNER_DEFERRED pairs=32227 evals=1824 919s
[601851.8] V8_G1_N2880: step 119 ELEVATED pairs=32041 evals=1840 930s
[601855.7] V8_G1_N2880: step 120 PREFIX_EVALUATED_NO_WINNER_DEFERRED pairs=32041 evals=1856 934s
[601859.3] V8_G1_N2880: step 121 PREFIX_EVALUATED_NO_WINNER_DEFERRED pairs=32041 evals=1872 937s
[601863.7] V8_G1_N2880: step 122 PREFIX_EVALUATED_NO_WINNER_DEFERRED pairs=32041 evals=1888 942s
[601873.8] V8_G1_N2880: step 123 ELEVATED pairs=31857 evals=1904 952s
[601877.8] V8_G1_N2880: step 124 PREFIX_EVALUATED_NO_WINNER_DEFERRED pairs=31857 evals=1920 956s
[601881.4] V8_G1_N2880: step 125 PREFIX_EVALUATED_NO_WINNER_DEFERRED pairs=31857 evals=1936 959s
[601885.7] V8_G1_N2880: step 126 PREFIX_EVALUATED_NO_WINNER_DEFERRED pairs=31857 evals=1952 964s
[601908.2] V8_G1_N2880: step 127 ELEVATED pairs=31623 evals=1968 986s
[601912.2] V8_G1_N2880: step 128 PREFIX_EVALUATED_NO_WINNER_DEFERRED pairs=31623 evals=1984 990s
[601916.6] V8_G1_N2880: step 129 PREFIX_EVALUATED_NO_WINNER_DEFERRED pairs=31623 evals=2000 995s
[601925.5] V8_G1_N2880: step 130 ELEVATED pairs=31464 evals=2016 1003s
[601929.3] V8_G1_N2880: step 131 PREFIX_EVALUATED_NO_WINNER_DEFERRED pairs=31464 evals=2032 1007s
[601933.7] V8_G1_N2880: step 132 PREFIX_EVALUATED_NO_WINNER_DEFERRED pairs=31464 evals=2048 1012s
[601967.4] V8_G1_N2880: step 133 ELEVATED pairs=31218 evals=2064 1045s
[601978.1] V8_G1_N2880: step 134 ELEVATED pairs=31037 evals=2080 1056s
[601982.9] V8_G1_N2880: step 135 PREFIX_EVALUATED_NO_WINNER_DEFERRED pairs=31037 evals=2096 1061s
[601987.5] V8_G1_N2880: step 136 PREFIX_EVALUATED_NO_WINNER_DEFERRED pairs=31037 evals=2112 1065s
[602004.4] V8_G1_N2880: step 137 ELEVATED pairs=30872 evals=2128 1082s
[602009.4] V8_G1_N2880: step 138 PREFIX_EVALUATED_NO_WINNER_DEFERRED pairs=30872 evals=2144 1087s
[602014.3] V8_G1_N2880: step 139 PREFIX_EVALUATED_NO_WINNER_DEFERRED pairs=30872 evals=2160 1092s
[602055.4] V8_G1_N2880: step 140 ELEVATED pairs=30686 evals=2176 1133s
[602060.1] V8_G1_N2880: step 141 PREFIX_EVALUATED_NO_WINNER_DEFERRED pairs=30686 evals=2192 1138s
[602064.8] V8_G1_N2880: step 142 PREFIX_EVALUATED_NO_WINNER_DEFERRED pairs=30686 evals=2208 1143s
[602108.3] V8_G1_N2880: step 143 ELEVATED pairs=30502 evals=2224 1186s
[602113.0] V8_G1_N2880: step 144 PREFIX_EVALUATED_NO_WINNER_DEFERRED pairs=30502 evals=2240 1191s
[602117.7] V8_G1_N2880: step 145 PREFIX_EVALUATED_NO_WINNER_DEFERRED pairs=30502 evals=2256 1196s
[602122.1] V8_G1_N2880: step 146 PREFIX_EVALUATED_NO_WINNER_DEFERRED pairs=30502 evals=2272 1200s
[602126.9] V8_G1_N2880: step 147 PREFIX_EVALUATED_NO_WINNER_DEFERRED pairs=30502 evals=2288 1205s
[602134.2] V8_G1_N2880: step 148 ELEVATED pairs=30351 evals=2304 1212s
[602138.9] V8_G1_N2880: step 149 PREFIX_EVALUATED_NO_WINNER_DEFERRED pairs=30351 evals=2320 1217s
[602143.4] V8_G1_N2880: step 150 PREFIX_EVALUATED_NO_WINNER_DEFERRED pairs=30351 evals=2336 1221s
[602148.0] V8_G1_N2880: step 151 PREFIX_EVALUATED_NO_WINNER_DEFERRED pairs=30351 evals=2352 1226s
[602152.7] V8_G1_N2880: step 152 PREFIX_EVALUATED_NO_WINNER_DEFERRED pairs=30351 evals=2368 1231s
[602167.6] V8_G1_N2880: step 153 ELEVATED pairs=30182 evals=2384 1246s
[602172.2] V8_G1_N2880: step 154 PREFIX_EVALUATED_NO_WINNER_DEFERRED pairs=30182 evals=2400 1250s
[602176.7] V8_G1_N2880: step 155 PREFIX_EVALUATED_NO_WINNER_DEFERRED pairs=30182 evals=2416 1255s
[602181.3] V8_G1_N2880: step 156 PREFIX_EVALUATED_NO_WINNER_DEFERRED pairs=30182 evals=2432 1259s
[602185.9] V8_G1_N2880: step 157 PREFIX_EVALUATED_NO_WINNER_DEFERRED pairs=30182 evals=2448 1264s
[602199.0] V8_G1_N2880: step 158 ELEVATED pairs=30081 evals=2464 1277s
[602203.8] V8_G1_N2880: step 159 PREFIX_EVALUATED_NO_WINNER_DEFERRED pairs=30081 evals=2480 1282s
[602208.3] V8_G1_N2880: step 160 PREFIX_EVALUATED_NO_WINNER_DEFERRED pairs=30081 evals=2496 1286s
[602212.8] V8_G1_N2880: step 161 PREFIX_EVALUATED_NO_WINNER_DEFERRED pairs=30081 evals=2512 1291s
[602217.5] V8_G1_N2880: step 162 PREFIX_EVALUATED_NO_WINNER_DEFERRED pairs=30081 evals=2528 1295s
[602230.4] V8_G1_N2880: step 163 ELEVATED pairs=29982 evals=2544 1308s
[602235.1] V8_G1_N2880: step 164 PREFIX_EVALUATED_NO_WINNER_DEFERRED pairs=29982 evals=2560 1313s
[602239.6] V8_G1_N2880: step 165 PREFIX_EVALUATED_NO_WINNER_DEFERRED pairs=29982 evals=2576 1318s
[602244.2] V8_G1_N2880: step 166 PREFIX_EVALUATED_NO_WINNER_DEFERRED pairs=29982 evals=2592 1322s
[602248.9] V8_G1_N2880: step 167 PREFIX_EVALUATED_NO_WINNER_DEFERRED pairs=29982 evals=2608 1327s
[602253.8] V8_G1_N2880: step 168 PREFIX_EVALUATED_NO_WINNER_DEFERRED pairs=29982 evals=2624 1332s
[602267.4] V8_G1_N2880: step 169 ELEVATED pairs=29887 evals=2640 1345s
[602272.2] V8_G1_N2880: step 170 PREFIX_EVALUATED_NO_WINNER_DEFERRED pairs=29887 evals=2656 1350s
[602276.7] V8_G1_N2880: step 171 PREFIX_EVALUATED_NO_WINNER_DEFERRED pairs=29887 evals=2672 1355s
[602281.1] V8_G1_N2880: step 172 PREFIX_EVALUATED_NO_WINNER_DEFERRED pairs=29887 evals=2688 1359s
[602285.7] V8_G1_N2880: step 173 PREFIX_EVALUATED_NO_WINNER_DEFERRED pairs=29887 evals=2704 1364s
[602295.4] V8_G1_N2880: step 174 ELEVATED pairs=29694 evals=2720 1373s
[602300.0] V8_G1_N2880: step 175 PREFIX_EVALUATED_NO_WINNER_DEFERRED pairs=29694 evals=2736 1378s
[602304.6] V8_G1_N2880: step 176 PREFIX_EVALUATED_NO_WINNER_DEFERRED pairs=29694 evals=2752 1383s
[602309.2] V8_G1_N2880: step 177 PREFIX_EVALUATED_NO_WINNER_DEFERRED pairs=29694 evals=2768 1387s
[602313.8] V8_G1_N2880: step 178 PREFIX_EVALUATED_NO_WINNER_DEFERRED pairs=29694 evals=2784 1392s
[602318.4] V8_G1_N2880: step 179 PREFIX_EVALUATED_NO_WINNER_DEFERRED pairs=29694 evals=2800 1396s
[602328.5] V8_G1_N2880: step 180 ELEVATED pairs=29503 evals=2816 1406s
[602333.0] V8_G1_N2880: step 181 PREFIX_EVALUATED_NO_WINNER_DEFERRED pairs=29503 evals=2832 1411s
[602337.7] V8_G1_N2880: step 182 PREFIX_EVALUATED_NO_WINNER_DEFERRED pairs=29503 evals=2848 1416s
[602342.2] V8_G1_N2880: step 183 PREFIX_EVALUATED_NO_WINNER_DEFERRED pairs=29503 evals=2864 1420s
[602346.8] V8_G1_N2880: step 184 PREFIX_EVALUATED_NO_WINNER_DEFERRED pairs=29503 evals=2880 1425s
[602348.4] V8_G1_N2880: step 185 ABORTED_CANDIDATE_BUDGET pairs=29503 evals=2880 1426s
[602348.9] V8_G1_N2880: done final=29503 moves=66 first=66 reloc=0 ret=0 evals=2880 stop=CANDIDATE_BUDGET_EXHAUSTED
[602421.2] V8_G1_N2880: recheck PASS checks=130816
GROUP DONE V8_G1_N2880 PASS
