start-state rescan (main) ...
  main PASS pairs=42909 unresolved=3 elevated=24
[604991.7] V8_G1_R1440_boundaryfix: start mode=R budget=1440 spec={"name": "V8_G1", "target_policy": "LEGACY", "evaluation_policy": "E2_ORDERED_K16", "traversal_policy": "BASE", "max_targets": 200, "k_per_target": 16, "family_round_robin": false, "relocation_side_reserve": 0, "waiting_age": false, "route_coverage": false, "multi_anchor": false, "exact_dedup": false, "decision_cache": false, "return_action": false, "cache_structural_skips": false, "window_slack_mm": 1e-05, "generation_domain": "PATH_WINDOWS", "path_window_settings": {"placements": [0.0, 0.5, 1.0], "length_factors": [1.0, 1.5, 2.0, 3.0], "cap": 4096}, "stage_length_cap_mm": null, "notes": ""}
[604991.7] V8_G1_R1440_boundaryfix: start state=main C:\Users\lihao\Desktop\Graduation Project\OpticalWaveguideRouter3D\outputs\3d_strategy_v3\512_ablation\D_both_enabled pairs=42909
[604995.2] V8_G1_R1440_boundaryfix: INITIAL_DONE pairs=42909
[604995.3] V8_G1_R1440_boundaryfix: step 1 NO_CANDIDATES_GENERATED pairs=42909 evals=0 0s
[604995.6] V8_G1_R1440_boundaryfix: step 2 NO_CANDIDATES_GENERATED pairs=42909 evals=0 0s
[605008.6] V8_G1_R1440_boundaryfix: step 3 ELEVATED pairs=42657 evals=16 13s
[605025.1] V8_G1_R1440_boundaryfix: step 4 ELEVATED pairs=42411 evals=32 30s
[605041.5] V8_G1_R1440_boundaryfix: step 5 ELEVATED pairs=42168 evals=48 46s
[605058.9] V8_G1_R1440_boundaryfix: step 6 ELEVATED pairs=41927 evals=64 64s
[605076.3] V8_G1_R1440_boundaryfix: step 7 ELEVATED pairs=41688 evals=80 81s
[605090.2] V8_G1_R1440_boundaryfix: step 8 ELEVATED pairs=41453 evals=96 95s
[605101.0] V8_G1_R1440_boundaryfix: step 9 ELEVATED pairs=41202 evals=112 106s
[605111.1] V8_G1_R1440_boundaryfix: step 10 ELEVATED pairs=40956 evals=128 116s
[605121.8] V8_G1_R1440_boundaryfix: step 11 ELEVATED pairs=40707 evals=144 127s
[605133.7] V8_G1_R1440_boundaryfix: step 12 ELEVATED pairs=40456 evals=160 138s
[605142.7] V8_G1_R1440_boundaryfix: step 13 ELEVATED pairs=40209 evals=176 147s
[605154.4] V8_G1_R1440_boundaryfix: step 14 ELEVATED pairs=39960 evals=192 159s
[605177.4] V8_G1_R1440_boundaryfix: step 15 ELEVATED pairs=39734 evals=208 182s
[605199.9] V8_G1_R1440_boundaryfix: step 16 ELEVATED pairs=39510 evals=224 205s
[605215.3] V8_G1_R1440_boundaryfix: step 17 ELEVATED pairs=39292 evals=240 220s
[605223.5] V8_G1_R1440_boundaryfix: step 18 ELEVATED pairs=39053 evals=256 228s
[605235.3] V8_G1_R1440_boundaryfix: step 19 ELEVATED pairs=38833 evals=272 240s
[605246.4] V8_G1_R1440_boundaryfix: step 20 ELEVATED pairs=38623 evals=288 251s
[605260.1] V8_G1_R1440_boundaryfix: step 21 ELEVATED pairs=38409 evals=304 265s
[605266.3] V8_G1_R1440_boundaryfix: step 22 ELEVATED pairs=38183 evals=320 271s
[605276.8] V8_G1_R1440_boundaryfix: step 23 ELEVATED pairs=37971 evals=336 281s
[605282.7] V8_G1_R1440_boundaryfix: step 24 ELEVATED pairs=37747 evals=352 287s
[605293.2] V8_G1_R1440_boundaryfix: step 25 ELEVATED pairs=37537 evals=368 298s
[605299.3] V8_G1_R1440_boundaryfix: step 26 ELEVATED pairs=37315 evals=384 304s
[605312.4] V8_G1_R1440_boundaryfix: step 27 ELEVATED pairs=37102 evals=400 317s
[605326.1] V8_G1_R1440_boundaryfix: step 28 ELEVATED pairs=36902 evals=416 331s
[605352.8] V8_G1_R1440_boundaryfix: step 29 ELEVATED pairs=36665 evals=432 357s
[605361.6] V8_G1_R1440_boundaryfix: step 30 ELEVATED pairs=36450 evals=448 366s
[605371.0] V8_G1_R1440_boundaryfix: step 31 ELEVATED pairs=36249 evals=464 376s
[605379.9] V8_G1_R1440_boundaryfix: step 32 ELEVATED pairs=36047 evals=480 385s
[605380.3] V8_G1_R1440_boundaryfix: step 33 NO_CANDIDATES_GENERATED pairs=36047 evals=480 385s
[605380.7] V8_G1_R1440_boundaryfix: step 34 NO_CANDIDATES_GENERATED pairs=36047 evals=480 385s
[605389.6] V8_G1_R1440_boundaryfix: step 35 ELEVATED pairs=35864 evals=496 394s
[605403.0] V8_G1_R1440_boundaryfix: step 36 ELEVATED pairs=35674 evals=512 408s
[605412.9] V8_G1_R1440_boundaryfix: step 37 ELEVATED pairs=35495 evals=528 418s
[605419.6] V8_G1_R1440_boundaryfix: step 38 ELEVATED pairs=35303 evals=544 424s
[605429.2] V8_G1_R1440_boundaryfix: step 39 ELEVATED pairs=35100 evals=560 434s
[605435.9] V8_G1_R1440_boundaryfix: step 40 ELEVATED pairs=34927 evals=576 441s
[605442.7] V8_G1_R1440_boundaryfix: step 41 ELEVATED pairs=34754 evals=592 447s
[605452.9] V8_G1_R1440_boundaryfix: step 42 ELEVATED pairs=34553 evals=608 458s
[605462.9] V8_G1_R1440_boundaryfix: step 43 ELEVATED pairs=34354 evals=624 468s
[605476.4] V8_G1_R1440_boundaryfix: step 44 ELEVATED pairs=34174 evals=640 481s
[605485.9] V8_G1_R1440_boundaryfix: step 45 ELEVATED pairs=33977 evals=656 491s
[605499.4] V8_G1_R1440_boundaryfix: step 46 ELEVATED pairs=33799 evals=672 504s
[605510.0] V8_G1_R1440_boundaryfix: step 47 ELEVATED pairs=33604 evals=688 515s
[605517.4] V8_G1_R1440_boundaryfix: step 48 ELEVATED pairs=33433 evals=704 522s
[605528.2] V8_G1_R1440_boundaryfix: step 49 ELEVATED pairs=33240 evals=720 533s
[605540.0] V8_G1_R1440_boundaryfix: step 50 ELEVATED pairs=33061 evals=736 545s
[605549.7] V8_G1_R1440_boundaryfix: step 51 ELEVATED pairs=32870 evals=752 554s
[605561.5] V8_G1_R1440_boundaryfix: step 52 ELEVATED pairs=32693 evals=768 566s
[605571.9] V8_G1_R1440_boundaryfix: step 53 ELEVATED pairs=32504 evals=784 577s
[605580.3] V8_G1_R1440_boundaryfix: step 54 ELEVATED pairs=32320 evals=800 585s
[605589.2] V8_G1_R1440_boundaryfix: step 55 ELEVATED pairs=32133 evals=816 594s
[605597.5] V8_G1_R1440_boundaryfix: step 56 ELEVATED pairs=31951 evals=832 602s
[605607.1] V8_G1_R1440_boundaryfix: step 57 ELEVATED pairs=31766 evals=848 612s
[605625.4] V8_G1_R1440_boundaryfix: step 58 ELEVATED pairs=31533 evals=864 630s
[605633.6] V8_G1_R1440_boundaryfix: step 59 ELEVATED pairs=31353 evals=880 638s
[605641.9] V8_G1_R1440_boundaryfix: step 60 ELEVATED pairs=31175 evals=896 647s
[605650.0] V8_G1_R1440_boundaryfix: step 61 ELEVATED pairs=30999 evals=912 655s
[605676.7] V8_G1_R1440_boundaryfix: step 62 ELEVATED pairs=30759 evals=928 681s
[605684.4] V8_G1_R1440_boundaryfix: step 63 ELEVATED pairs=30579 evals=944 689s
[605692.7] V8_G1_R1440_boundaryfix: step 64 ELEVATED pairs=30406 evals=960 697s
[605724.2] V8_G1_R1440_boundaryfix: step 65 ELEVATED pairs=30224 evals=976 729s
[605741.2] V8_G1_R1440_boundaryfix: step 66 ELEVATED pairs=30065 evals=992 746s
[605774.9] V8_G1_R1440_boundaryfix: step 67 ELEVATED pairs=29885 evals=1008 780s
[605787.0] V8_G1_R1440_boundaryfix: step 68 ELEVATED pairs=29720 evals=1024 792s
[605795.8] V8_G1_R1440_boundaryfix: step 69 ELEVATED pairs=29575 evals=1040 800s
[605808.3] V8_G1_R1440_boundaryfix: step 70 ELEVATED pairs=29412 evals=1056 813s
[605821.0] V8_G1_R1440_boundaryfix: step 71 ELEVATED pairs=29251 evals=1072 826s
[605833.1] V8_G1_R1440_boundaryfix: step 72 ELEVATED pairs=29092 evals=1088 838s
[605845.9] V8_G1_R1440_boundaryfix: step 73 ELEVATED pairs=28955 evals=1104 851s
[605853.5] V8_G1_R1440_boundaryfix: step 74 ELEVATED pairs=28766 evals=1120 858s
[605866.4] V8_G1_R1440_boundaryfix: step 75 ELEVATED pairs=28631 evals=1136 871s
[605880.4] V8_G1_R1440_boundaryfix: step 76 ELEVATED pairs=28498 evals=1152 885s
[605888.4] V8_G1_R1440_boundaryfix: step 77 ELEVATED pairs=28311 evals=1168 893s
[605902.1] V8_G1_R1440_boundaryfix: step 78 ELEVATED pairs=28180 evals=1184 907s
[605910.3] V8_G1_R1440_boundaryfix: step 79 ELEVATED pairs=27995 evals=1200 915s
[605918.8] V8_G1_R1440_boundaryfix: step 80 ELEVATED pairs=27812 evals=1216 924s
[605931.3] V8_G1_R1440_boundaryfix: step 81 ELEVATED pairs=27696 evals=1232 936s
[605943.6] V8_G1_R1440_boundaryfix: step 82 ELEVATED pairs=27574 evals=1248 948s
[605957.2] V8_G1_R1440_boundaryfix: step 83 ELEVATED pairs=27454 evals=1264 962s
[605970.8] V8_G1_R1440_boundaryfix: step 84 ELEVATED pairs=27336 evals=1280 975s
[605984.4] V8_G1_R1440_boundaryfix: step 85 ELEVATED pairs=27220 evals=1296 989s
[605993.2] V8_G1_R1440_boundaryfix: step 86 ELEVATED pairs=27098 evals=1312 998s
[606003.6] V8_G1_R1440_boundaryfix: step 87 ELEVATED pairs=26943 evals=1328 1008s
[606013.9] V8_G1_R1440_boundaryfix: step 88 ELEVATED pairs=26827 evals=1344 1019s
[606023.5] V8_G1_R1440_boundaryfix: step 89 ELEVATED pairs=26711 evals=1360 1028s
[606034.2] V8_G1_R1440_boundaryfix: step 90 ELEVATED pairs=26595 evals=1376 1039s
[606044.2] V8_G1_R1440_boundaryfix: step 91 ELEVATED pairs=26479 evals=1392 1049s
[606054.0] V8_G1_R1440_boundaryfix: step 92 ELEVATED pairs=26363 evals=1408 1059s
[606064.6] V8_G1_R1440_boundaryfix: step 93 ELEVATED pairs=26210 evals=1424 1069s
[606073.7] V8_G1_R1440_boundaryfix: step 94 ELEVATED pairs=26097 evals=1440 1078s
[606075.2] V8_G1_R1440_boundaryfix: step 95 ABORTED_CANDIDATE_BUDGET pairs=26097 evals=1440 1080s
[606075.6] V8_G1_R1440_boundaryfix: done final=26097 moves=90 first=90 reloc=0 ret=0 evals=1440 stop=CANDIDATE_BUDGET_EXHAUSTED
[606141.1] V8_G1_R1440_boundaryfix: recheck PASS checks=130816
GROUP DONE V8_G1_R1440 PASS
