start-state rescan (main) ...
  main PASS pairs=42909 unresolved=3 elevated=24
[603820.3] V8_G1_N720: start mode=N budget=720 spec={"name": "V8_G1", "target_policy": "LEGACY", "evaluation_policy": "E2_ORDERED_K16", "traversal_policy": "BASE", "max_targets": 200, "k_per_target": 16, "family_round_robin": false, "relocation_side_reserve": 0, "waiting_age": false, "route_coverage": false, "multi_anchor": false, "exact_dedup": false, "decision_cache": false, "return_action": false, "cache_structural_skips": false, "window_slack_mm": 1e-05, "generation_domain": "PATH_WINDOWS", "path_window_settings": {"placements": [0.0, 0.5, 1.0], "length_factors": [1.0, 1.5, 2.0, 3.0], "cap": 4096}, "stage_length_cap_mm": null, "notes": ""}
[603820.3] V8_G1_N720: start state=main C:\Users\lihao\Desktop\Graduation Project\OpticalWaveguideRouter3D\outputs\3d_strategy_v3\512_ablation\D_both_enabled pairs=42909
[603824.7] V8_G1_N720: INITIAL_DONE pairs=42909
[603824.8] V8_G1_N720: step 1 NO_CANDIDATES_GENERATED pairs=42909 evals=0 0s
[603825.2] V8_G1_N720: step 2 NO_CANDIDATES_GENERATED pairs=42909 evals=0 1s
[603838.7] V8_G1_N720: step 3 ELEVATED pairs=42657 evals=16 14s
[603855.2] V8_G1_N720: step 4 ELEVATED pairs=42411 evals=32 30s
[603871.3] V8_G1_N720: step 5 ELEVATED pairs=42168 evals=48 47s
[603887.4] V8_G1_N720: step 6 ELEVATED pairs=41927 evals=64 63s
[603903.8] V8_G1_N720: step 7 ELEVATED pairs=41688 evals=80 79s
[603916.8] V8_G1_N720: step 8 ELEVATED pairs=41453 evals=96 92s
[603926.7] V8_G1_N720: step 9 ELEVATED pairs=41202 evals=112 102s
[603934.8] V8_G1_N720: step 10 ELEVATED pairs=40956 evals=128 110s
[603944.0] V8_G1_N720: step 11 ELEVATED pairs=40707 evals=144 119s
[603954.6] V8_G1_N720: step 12 ELEVATED pairs=40456 evals=160 130s
[603962.7] V8_G1_N720: step 13 ELEVATED pairs=40209 evals=176 138s
[603973.2] V8_G1_N720: step 14 ELEVATED pairs=39960 evals=192 149s
[603995.1] V8_G1_N720: step 15 ELEVATED pairs=39734 evals=208 170s
[604017.4] V8_G1_N720: step 16 ELEVATED pairs=39510 evals=224 193s
[604033.8] V8_G1_N720: step 17 ELEVATED pairs=39292 evals=240 209s
[604043.3] V8_G1_N720: step 18 ELEVATED pairs=39053 evals=256 219s
[604057.2] V8_G1_N720: step 19 ELEVATED pairs=38833 evals=272 233s
[604061.7] V8_G1_N720: step 20 PREFIX_EVALUATED_NO_WINNER_DEFERRED pairs=38833 evals=288 237s
[604065.7] V8_G1_N720: step 21 PREFIX_EVALUATED_NO_WINNER_DEFERRED pairs=38833 evals=304 241s
[604078.0] V8_G1_N720: step 22 ELEVATED pairs=38617 evals=320 253s
[604082.5] V8_G1_N720: step 23 PREFIX_EVALUATED_NO_WINNER_DEFERRED pairs=38617 evals=336 258s
[604086.6] V8_G1_N720: step 24 PREFIX_EVALUATED_NO_WINNER_DEFERRED pairs=38617 evals=352 262s
[604093.9] V8_G1_N720: step 25 ELEVATED pairs=38389 evals=368 269s
[604097.4] V8_G1_N720: step 26 PREFIX_EVALUATED_NO_WINNER_DEFERRED pairs=38389 evals=384 273s
[604101.4] V8_G1_N720: step 27 PREFIX_EVALUATED_NO_WINNER_DEFERRED pairs=38389 evals=400 277s
[604113.4] V8_G1_N720: step 28 ELEVATED pairs=38175 evals=416 289s
[604117.8] V8_G1_N720: step 29 PREFIX_EVALUATED_NO_WINNER_DEFERRED pairs=38175 evals=432 293s
[604124.7] V8_G1_N720: step 30 ELEVATED pairs=37949 evals=448 300s
[604128.4] V8_G1_N720: step 31 PREFIX_EVALUATED_NO_WINNER_DEFERRED pairs=37949 evals=464 304s
[604135.4] V8_G1_N720: step 32 ELEVATED pairs=37725 evals=480 311s
[604139.8] V8_G1_N720: step 33 PREFIX_EVALUATED_NO_WINNER_DEFERRED pairs=37725 evals=496 315s
[604156.7] V8_G1_N720: step 34 ELEVATED pairs=37519 evals=512 332s
[604160.7] V8_G1_N720: step 35 PREFIX_EVALUATED_NO_WINNER_DEFERRED pairs=37519 evals=528 336s
[604176.2] V8_G1_N720: step 36 ELEVATED pairs=37306 evals=544 352s
[604180.1] V8_G1_N720: step 37 PREFIX_EVALUATED_NO_WINNER_DEFERRED pairs=37306 evals=560 355s
[604184.2] V8_G1_N720: step 38 PREFIX_EVALUATED_NO_WINNER_DEFERRED pairs=37306 evals=576 359s
[604194.5] V8_G1_N720: step 39 ELEVATED pairs=37087 evals=592 370s
[604198.3] V8_G1_N720: step 40 PREFIX_EVALUATED_NO_WINNER_DEFERRED pairs=37087 evals=608 374s
[604230.1] V8_G1_N720: step 41 ELEVATED pairs=36847 evals=624 405s
[604233.7] V8_G1_N720: step 42 PREFIX_EVALUATED_NO_WINNER_DEFERRED pairs=36847 evals=640 409s
[604237.8] V8_G1_N720: step 43 PREFIX_EVALUATED_NO_WINNER_DEFERRED pairs=36847 evals=656 413s
[604247.9] V8_G1_N720: step 44 ELEVATED pairs=36642 evals=672 423s
[604251.5] V8_G1_N720: step 45 PREFIX_EVALUATED_NO_WINNER_DEFERRED pairs=36642 evals=688 427s
[604255.3] V8_G1_N720: step 46 PREFIX_EVALUATED_NO_WINNER_DEFERRED pairs=36642 evals=704 431s
[604255.7] V8_G1_N720: step 47 NO_CANDIDATES_GENERATED pairs=36642 evals=704 431s
[604256.2] V8_G1_N720: step 48 NO_CANDIDATES_GENERATED pairs=36642 evals=704 432s
[604266.2] V8_G1_N720: step 49 ELEVATED pairs=36438 evals=720 442s
[604267.5] V8_G1_N720: step 50 ABORTED_CANDIDATE_BUDGET pairs=36438 evals=720 443s
[604267.8] V8_G1_N720: done final=36438 moves=28 first=28 reloc=0 ret=0 evals=720 stop=CANDIDATE_BUDGET_EXHAUSTED
[604311.0] V8_G1_N720: recheck PASS checks=130816
GROUP DONE V8_G1_N720 PASS
