start-state rescan (challenge) ...
  challenge PASS pairs=30999 unresolved=3 elevated=77
[604998.0] V8_G0_NEUTRALITY_RC2880_refreeze: start mode=R budget=2880 spec={"name": "V8_G0_NEUTRALITY", "target_policy": "LEGACY", "evaluation_policy": "E2_ORDERED_K16", "traversal_policy": "BASE", "max_targets": 200, "k_per_target": 16, "family_round_robin": false, "relocation_side_reserve": 0, "waiting_age": false, "route_coverage": false, "multi_anchor": false, "exact_dedup": false, "decision_cache": false, "return_action": false, "cache_structural_skips": false, "window_slack_mm": 1e-05, "generation_domain": "LINE_ONLY", "path_window_settings": null, "stage_length_cap_mm": null, "notes": ""}
[604998.1] V8_G0_NEUTRALITY_RC2880_refreeze: start state=challenge C:\Users\lihao\Desktop\Graduation Project\OpticalWaveguideRouter3D\outputs\3d_strategy_v4\512_full_layout\N2880 pairs=30999
[605002.7] V8_G0_NEUTRALITY_RC2880_refreeze: INITIAL_DONE pairs=30999
[605002.8] V8_G0_NEUTRALITY_RC2880_refreeze: step 1 NO_CANDIDATES_GENERATED pairs=30999 evals=0 0s
[605002.9] V8_G0_NEUTRALITY_RC2880_refreeze: step 2 NO_CANDIDATES_GENERATED pairs=30999 evals=0 0s
[605003.0] V8_G0_NEUTRALITY_RC2880_refreeze: step 3 NO_CANDIDATES_GENERATED pairs=30999 evals=0 0s
[605003.1] V8_G0_NEUTRALITY_RC2880_refreeze: step 4 NO_CANDIDATES_GENERATED pairs=30999 evals=0 0s
[605003.2] V8_G0_NEUTRALITY_RC2880_refreeze: step 5 NO_CANDIDATES_GENERATED pairs=30999 evals=0 1s
[605003.3] V8_G0_NEUTRALITY_RC2880_refreeze: step 6 NO_CANDIDATES_GENERATED pairs=30999 evals=0 1s
[605009.4] V8_G0_NEUTRALITY_RC2880_refreeze: step 7 ELEVATED pairs=30804 evals=16 7s
[605015.8] V8_G0_NEUTRALITY_RC2880_refreeze: step 8 ELEVATED pairs=30611 evals=32 13s
[605023.1] V8_G0_NEUTRALITY_RC2880_refreeze: step 9 ELEVATED pairs=30460 evals=48 20s
[605030.4] V8_G0_NEUTRALITY_RC2880_refreeze: step 10 ELEVATED pairs=30309 evals=64 28s
[605030.7] V8_G0_NEUTRALITY_RC2880_refreeze: step 11 NO_CANDIDATES_GENERATED pairs=30309 evals=64 28s
[605041.7] V8_G0_NEUTRALITY_RC2880_refreeze: step 12 ELEVATED pairs=30119 evals=80 39s
[605054.7] V8_G0_NEUTRALITY_RC2880_refreeze: step 13 ELEVATED pairs=29931 evals=96 52s
[605070.8] V8_G0_NEUTRALITY_RC2880_refreeze: step 14 ELEVATED pairs=29745 evals=112 68s
[605082.0] V8_G0_NEUTRALITY_RC2880_refreeze: step 15 ELEVATED pairs=29554 evals=128 79s
[605099.0] V8_G0_NEUTRALITY_RC2880_refreeze: step 16 ELEVATED pairs=29370 evals=144 96s
[605110.8] V8_G0_NEUTRALITY_RC2880_refreeze: step 17 ELEVATED pairs=29181 evals=160 108s
[605118.8] V8_G0_NEUTRALITY_RC2880_refreeze: step 18 ELEVATED pairs=29006 evals=176 116s
[605128.5] V8_G0_NEUTRALITY_RC2880_refreeze: step 19 ELEVATED pairs=28833 evals=192 126s
[605140.6] V8_G0_NEUTRALITY_RC2880_refreeze: step 20 ELEVATED pairs=28662 evals=208 138s
[605148.6] V8_G0_NEUTRALITY_RC2880_refreeze: step 21 ELEVATED pairs=28479 evals=224 146s
[605157.5] V8_G0_NEUTRALITY_RC2880_refreeze: step 22 ELEVATED pairs=28374 evals=240 155s
[605165.9] V8_G0_NEUTRALITY_RC2880_refreeze: step 23 ELEVATED pairs=28193 evals=256 163s
[605181.5] V8_G0_NEUTRALITY_RC2880_refreeze: step 24 ELEVATED pairs=28033 evals=272 179s
[605190.1] V8_G0_NEUTRALITY_RC2880_refreeze: step 25 ELEVATED pairs=27854 evals=288 187s
[605199.2] V8_G0_NEUTRALITY_RC2880_refreeze: step 26 ELEVATED pairs=27677 evals=304 197s
[605208.3] V8_G0_NEUTRALITY_RC2880_refreeze: step 27 ELEVATED pairs=27511 evals=320 206s
[605213.7] V8_G0_NEUTRALITY_RC2880_refreeze: step 28 ELEVATED pairs=27345 evals=329 211s
[605222.1] V8_G0_NEUTRALITY_RC2880_refreeze: step 29 ELEVATED pairs=27181 evals=345 219s
[605227.3] V8_G0_NEUTRALITY_RC2880_refreeze: step 30 ELEVATED pairs=27017 evals=354 225s
[605235.3] V8_G0_NEUTRALITY_RC2880_refreeze: step 31 ELEVATED pairs=26856 evals=370 233s
[605240.4] V8_G0_NEUTRALITY_RC2880_refreeze: step 32 ELEVATED pairs=26694 evals=379 238s
[605248.7] V8_G0_NEUTRALITY_RC2880_refreeze: step 33 ELEVATED pairs=26535 evals=395 246s
[605248.9] V8_G0_NEUTRALITY_RC2880_refreeze: step 34 NO_CANDIDATES_GENERATED pairs=26535 evals=395 246s
[605254.0] V8_G0_NEUTRALITY_RC2880_refreeze: step 35 ELEVATED pairs=26375 evals=404 251s
[605262.3] V8_G0_NEUTRALITY_RC2880_refreeze: step 36 ELEVATED pairs=26218 evals=420 260s
[605271.4] V8_G0_NEUTRALITY_RC2880_refreeze: step 37 ELEVATED pairs=26063 evals=436 269s
[605280.7] V8_G0_NEUTRALITY_RC2880_refreeze: step 38 ELEVATED pairs=25909 evals=452 278s
[605289.7] V8_G0_NEUTRALITY_RC2880_refreeze: step 39 ELEVATED pairs=25757 evals=468 287s
[605295.4] V8_G0_NEUTRALITY_RC2880_refreeze: step 40 ELEVATED pairs=25607 evals=484 293s
[605304.9] V8_G0_NEUTRALITY_RC2880_refreeze: step 41 ELEVATED pairs=25457 evals=500 302s
[605311.3] V8_G0_NEUTRALITY_RC2880_refreeze: step 42 ELEVATED pairs=25321 evals=516 309s
[605320.5] V8_G0_NEUTRALITY_RC2880_refreeze: step 43 ELEVATED pairs=25173 evals=532 318s
[605326.7] V8_G0_NEUTRALITY_RC2880_refreeze: step 44 ELEVATED pairs=25039 evals=548 324s
[605332.2] V8_G0_NEUTRALITY_RC2880_refreeze: step 45 ELEVATED pairs=24954 evals=564 330s
[605342.6] V8_G0_NEUTRALITY_RC2880_refreeze: step 46 ELEVATED pairs=24804 evals=580 340s
[605347.4] V8_G0_NEUTRALITY_RC2880_refreeze: step 47 ELEVATED pairs=24685 evals=596 345s
[605357.9] V8_G0_NEUTRALITY_RC2880_refreeze: step 48 ELEVATED pairs=24537 evals=612 355s
[605363.3] V8_G0_NEUTRALITY_RC2880_refreeze: step 49 ELEVATED pairs=24398 evals=628 361s
[605373.5] V8_G0_NEUTRALITY_RC2880_refreeze: step 50 ELEVATED pairs=24252 evals=644 371s
[605384.0] V8_G0_NEUTRALITY_RC2880_refreeze: step 51 ELEVATED pairs=24108 evals=660 381s
[605391.6] V8_G0_NEUTRALITY_RC2880_refreeze: step 52 ELEVATED pairs=23963 evals=676 389s
[605398.0] V8_G0_NEUTRALITY_RC2880_refreeze: step 53 ELEVATED pairs=23864 evals=692 395s
[605404.0] V8_G0_NEUTRALITY_RC2880_refreeze: step 54 ELEVATED pairs=23767 evals=708 401s
[605411.9] V8_G0_NEUTRALITY_RC2880_refreeze: step 55 ELEVATED pairs=23624 evals=724 409s
[605417.8] V8_G0_NEUTRALITY_RC2880_refreeze: step 56 ELEVATED pairs=23541 evals=740 415s
[605426.0] V8_G0_NEUTRALITY_RC2880_refreeze: step 57 ELEVATED pairs=23400 evals=756 423s
[605431.9] V8_G0_NEUTRALITY_RC2880_refreeze: step 58 ELEVATED pairs=23296 evals=772 429s
[605437.9] V8_G0_NEUTRALITY_RC2880_refreeze: step 59 ELEVATED pairs=23194 evals=788 435s
[605443.9] V8_G0_NEUTRALITY_RC2880_refreeze: step 60 ELEVATED pairs=23094 evals=804 441s
[605450.5] V8_G0_NEUTRALITY_RC2880_refreeze: step 61 ELEVATED pairs=23009 evals=820 448s
[605457.1] V8_G0_NEUTRALITY_RC2880_refreeze: step 62 ELEVATED pairs=22892 evals=836 454s
[605464.6] V8_G0_NEUTRALITY_RC2880_refreeze: step 63 ELEVATED pairs=22779 evals=852 462s
[605470.5] V8_G0_NEUTRALITY_RC2880_refreeze: step 64 ELEVATED pairs=22649 evals=868 468s
[605477.8] V8_G0_NEUTRALITY_RC2880_refreeze: step 65 ELEVATED pairs=22529 evals=884 475s
[605483.2] V8_G0_NEUTRALITY_RC2880_refreeze: step 66 ELEVATED pairs=22412 evals=900 481s
[605489.4] V8_G0_NEUTRALITY_RC2880_refreeze: step 67 ELEVATED pairs=22298 evals=916 487s
[605496.6] V8_G0_NEUTRALITY_RC2880_refreeze: step 68 ELEVATED pairs=22168 evals=932 494s
[605502.1] V8_G0_NEUTRALITY_RC2880_refreeze: step 69 ELEVATED pairs=22044 evals=948 499s
[605509.3] V8_G0_NEUTRALITY_RC2880_refreeze: step 70 ELEVATED pairs=21928 evals=964 507s
[605515.1] V8_G0_NEUTRALITY_RC2880_refreeze: step 71 ELEVATED pairs=21809 evals=980 512s
[605520.8] V8_G0_NEUTRALITY_RC2880_refreeze: step 72 ELEVATED pairs=21678 evals=996 518s
[605526.6] V8_G0_NEUTRALITY_RC2880_refreeze: step 73 ELEVATED pairs=21556 evals=1012 524s
[605531.3] V8_G0_NEUTRALITY_RC2880_refreeze: step 74 ELEVATED pairs=21461 evals=1028 529s
[605539.8] V8_G0_NEUTRALITY_RC2880_refreeze: step 75 ELEVATED pairs=21381 evals=1037 537s
[605546.1] V8_G0_NEUTRALITY_RC2880_refreeze: step 76 ELEVATED pairs=21330 evals=1053 543s
[605553.4] V8_G0_NEUTRALITY_RC2880_refreeze: step 77 ELEVATED pairs=21212 evals=1069 551s
[605561.0] V8_G0_NEUTRALITY_RC2880_refreeze: step 78 ELEVATED pairs=21096 evals=1085 558s
[605579.6] V8_G0_NEUTRALITY_RC2880_refreeze: step 79 ELEVATED pairs=20988 evals=1101 577s
[605587.3] V8_G0_NEUTRALITY_RC2880_refreeze: step 80 ELEVATED pairs=20874 evals=1117 585s
[605594.0] V8_G0_NEUTRALITY_RC2880_refreeze: step 81 ELEVATED pairs=20765 evals=1133 591s
[605611.6] V8_G0_NEUTRALITY_RC2880_refreeze: step 82 ELEVATED pairs=20657 evals=1149 609s
[605628.2] V8_G0_NEUTRALITY_RC2880_refreeze: step 83 ELEVATED pairs=20550 evals=1165 626s
[605634.1] V8_G0_NEUTRALITY_RC2880_refreeze: step 84 ELEVATED pairs=20466 evals=1181 631s
[605650.9] V8_G0_NEUTRALITY_RC2880_refreeze: step 85 ELEVATED pairs=20360 evals=1197 648s
[605664.9] V8_G0_NEUTRALITY_RC2880_refreeze: step 86 ELEVATED pairs=20240 evals=1213 662s
[605671.4] V8_G0_NEUTRALITY_RC2880_refreeze: step 87 ELEVATED pairs=20154 evals=1229 669s
[605676.5] V8_G0_NEUTRALITY_RC2880_refreeze: step 88 ELEVATED pairs=20099 evals=1245 674s
[605684.7] V8_G0_NEUTRALITY_RC2880_refreeze: step 89 ELEVATED pairs=19950 evals=1261 682s
[605689.8] V8_G0_NEUTRALITY_RC2880_refreeze: step 90 ELEVATED pairs=19898 evals=1277 687s
[605698.0] V8_G0_NEUTRALITY_RC2880_refreeze: step 91 ELEVATED pairs=19751 evals=1293 695s
[605705.1] V8_G0_NEUTRALITY_RC2880_refreeze: step 92 ELEVATED pairs=19666 evals=1309 702s
[605712.9] V8_G0_NEUTRALITY_RC2880_refreeze: step 93 ELEVATED pairs=19521 evals=1325 710s
[605719.8] V8_G0_NEUTRALITY_RC2880_refreeze: step 94 ELEVATED pairs=19437 evals=1341 717s
[605728.0] V8_G0_NEUTRALITY_RC2880_refreeze: step 95 ELEVATED pairs=19294 evals=1357 725s
[605734.2] V8_G0_NEUTRALITY_RC2880_refreeze: step 96 ELEVATED pairs=19217 evals=1373 732s
[605740.1] V8_G0_NEUTRALITY_RC2880_refreeze: step 97 ELEVATED pairs=19140 evals=1389 737s
[605746.0] V8_G0_NEUTRALITY_RC2880_refreeze: step 98 ELEVATED pairs=19063 evals=1405 743s
[605746.1] V8_G0_NEUTRALITY_RC2880_refreeze: step 99 NO_CANDIDATES_GENERATED pairs=19063 evals=1405 743s
[605749.2] V8_G0_NEUTRALITY_RC2880_refreeze: step 100 ELEVATED pairs=18958 evals=1414 747s
[605754.6] V8_G0_NEUTRALITY_RC2880_refreeze: step 101 ELEVATED pairs=18893 evals=1430 752s
[605760.0] V8_G0_NEUTRALITY_RC2880_refreeze: step 102 ELEVATED pairs=18828 evals=1446 757s
[605767.5] V8_G0_NEUTRALITY_RC2880_refreeze: step 103 ELEVATED pairs=18739 evals=1462 765s
[605773.0] V8_G0_NEUTRALITY_RC2880_refreeze: step 104 ELEVATED pairs=18674 evals=1478 770s
[605778.6] V8_G0_NEUTRALITY_RC2880_refreeze: step 105 ELEVATED pairs=18609 evals=1494 776s
[605783.6] V8_G0_NEUTRALITY_RC2880_refreeze: step 106 ELEVATED pairs=18572 evals=1510 781s
[605787.5] V8_G0_NEUTRALITY_RC2880_refreeze: step 107 ELEVATED pairs=18480 evals=1519 785s
[605793.7] V8_G0_NEUTRALITY_RC2880_refreeze: step 108 ELEVATED pairs=18409 evals=1535 791s
[605798.7] V8_G0_NEUTRALITY_RC2880_refreeze: step 109 ELEVATED pairs=18374 evals=1551 796s
[605804.3] V8_G0_NEUTRALITY_RC2880_refreeze: step 110 ELEVATED pairs=18309 evals=1567 802s
[605808.9] V8_G0_NEUTRALITY_RC2880_refreeze: step 111 ELEVATED pairs=18265 evals=1583 806s
[605813.8] V8_G0_NEUTRALITY_RC2880_refreeze: step 112 ELEVATED pairs=18175 evals=1592 811s
[605818.7] V8_G0_NEUTRALITY_RC2880_refreeze: step 113 ELEVATED pairs=18131 evals=1608 816s
[605823.6] V8_G0_NEUTRALITY_RC2880_refreeze: step 114 ELEVATED pairs=18097 evals=1624 821s
[605829.5] V8_G0_NEUTRALITY_RC2880_refreeze: step 115 ELEVATED pairs=18029 evals=1640 827s
[605837.9] V8_G0_NEUTRALITY_RC2880_refreeze: step 116 ELEVATED pairs=17977 evals=1649 835s
[605838.0] V8_G0_NEUTRALITY_RC2880_refreeze: step 117 NO_CANDIDATES_GENERATED pairs=17977 evals=1649 835s
[605838.2] V8_G0_NEUTRALITY_RC2880_refreeze: step 118 NO_CANDIDATES_GENERATED pairs=17977 evals=1649 836s
[605838.3] V8_G0_NEUTRALITY_RC2880_refreeze: step 119 NO_CANDIDATES_GENERATED pairs=17977 evals=1649 836s
[605838.4] V8_G0_NEUTRALITY_RC2880_refreeze: step 120 NO_CANDIDATES_GENERATED pairs=17977 evals=1649 836s
[605838.5] V8_G0_NEUTRALITY_RC2880_refreeze: step 121 NO_CANDIDATES_GENERATED pairs=17977 evals=1649 836s
[605838.7] V8_G0_NEUTRALITY_RC2880_refreeze: step 122 NO_CANDIDATES_GENERATED pairs=17977 evals=1649 836s
[605838.8] V8_G0_NEUTRALITY_RC2880_refreeze: step 123 NO_CANDIDATES_GENERATED pairs=17977 evals=1649 836s
[605838.9] V8_G0_NEUTRALITY_RC2880_refreeze: step 124 NO_CANDIDATES_GENERATED pairs=17977 evals=1649 836s
[605839.1] V8_G0_NEUTRALITY_RC2880_refreeze: step 125 NO_CANDIDATES_GENERATED pairs=17977 evals=1649 836s
[605839.2] V8_G0_NEUTRALITY_RC2880_refreeze: step 126 NO_CANDIDATES_GENERATED pairs=17977 evals=1649 837s
[605839.3] V8_G0_NEUTRALITY_RC2880_refreeze: step 127 NO_CANDIDATES_GENERATED pairs=17977 evals=1649 837s
[605839.5] V8_G0_NEUTRALITY_RC2880_refreeze: step 128 NO_CANDIDATES_GENERATED pairs=17977 evals=1649 837s
[605839.6] V8_G0_NEUTRALITY_RC2880_refreeze: step 129 NO_CANDIDATES_GENERATED pairs=17977 evals=1649 837s
[605839.7] V8_G0_NEUTRALITY_RC2880_refreeze: step 130 NO_CANDIDATES_GENERATED pairs=17977 evals=1649 837s
[605839.9] V8_G0_NEUTRALITY_RC2880_refreeze: step 131 NO_CANDIDATES_GENERATED pairs=17977 evals=1649 837s
[605840.0] V8_G0_NEUTRALITY_RC2880_refreeze: step 132 NO_CANDIDATES_GENERATED pairs=17977 evals=1649 837s
[605845.8] V8_G0_NEUTRALITY_RC2880_refreeze: step 133 ELEVATED pairs=17916 evals=1665 843s
[605856.4] V8_G0_NEUTRALITY_RC2880_refreeze: step 134 ELEVATED pairs=17831 evals=1681 854s
[605861.9] V8_G0_NEUTRALITY_RC2880_refreeze: step 135 ELEVATED pairs=17765 evals=1697 859s
[605872.8] V8_G0_NEUTRALITY_RC2880_refreeze: step 136 ELEVATED pairs=17681 evals=1713 870s
[605878.0] V8_G0_NEUTRALITY_RC2880_refreeze: step 137 ELEVATED pairs=17615 evals=1729 875s
[605883.4] V8_G0_NEUTRALITY_RC2880_refreeze: step 138 ELEVATED pairs=17549 evals=1745 881s
[605890.7] V8_G0_NEUTRALITY_RC2880_refreeze: step 139 ELEVATED pairs=17483 evals=1761 888s
[605900.0] V8_G0_NEUTRALITY_RC2880_refreeze: step 140 RELOCATED pairs=17469 evals=1777 897s
[605905.9] V8_G0_NEUTRALITY_RC2880_refreeze: step 141 ELEVATED pairs=17430 evals=1793 903s
[605906.2] V8_G0_NEUTRALITY_RC2880_refreeze: step 142 NO_CANDIDATES_GENERATED pairs=17430 evals=1793 904s
[605906.5] V8_G0_NEUTRALITY_RC2880_refreeze: step 143 NO_CANDIDATES_GENERATED pairs=17430 evals=1793 904s
[605906.7] V8_G0_NEUTRALITY_RC2880_refreeze: step 144 NO_CANDIDATES_GENERATED pairs=17430 evals=1793 904s
[605907.0] V8_G0_NEUTRALITY_RC2880_refreeze: step 145 NO_CANDIDATES_GENERATED pairs=17430 evals=1793 904s
[605907.3] V8_G0_NEUTRALITY_RC2880_refreeze: step 146 NO_CANDIDATES_GENERATED pairs=17430 evals=1793 905s
[605907.6] V8_G0_NEUTRALITY_RC2880_refreeze: step 147 NO_CANDIDATES_GENERATED pairs=17430 evals=1793 905s
[605907.9] V8_G0_NEUTRALITY_RC2880_refreeze: step 148 NO_CANDIDATES_GENERATED pairs=17430 evals=1793 905s
[605908.1] V8_G0_NEUTRALITY_RC2880_refreeze: step 149 NO_CANDIDATES_GENERATED pairs=17430 evals=1793 905s
[605908.4] V8_G0_NEUTRALITY_RC2880_refreeze: step 150 NO_CANDIDATES_GENERATED pairs=17430 evals=1793 906s
[605908.7] V8_G0_NEUTRALITY_RC2880_refreeze: step 151 NO_CANDIDATES_GENERATED pairs=17430 evals=1793 906s
[605909.0] V8_G0_NEUTRALITY_RC2880_refreeze: step 152 NO_CANDIDATES_GENERATED pairs=17430 evals=1793 906s
[605909.3] V8_G0_NEUTRALITY_RC2880_refreeze: step 153 NO_CANDIDATES_GENERATED pairs=17430 evals=1793 907s
[605915.6] V8_G0_NEUTRALITY_RC2880_refreeze: step 154 ELEVATED pairs=17391 evals=1809 913s
[605916.0] V8_G0_NEUTRALITY_RC2880_refreeze: step 155 NO_CANDIDATES_GENERATED pairs=17391 evals=1809 913s
[605916.4] V8_G0_NEUTRALITY_RC2880_refreeze: step 156 NO_CANDIDATES_GENERATED pairs=17391 evals=1809 914s
[605916.8] V8_G0_NEUTRALITY_RC2880_refreeze: step 157 NO_CANDIDATES_GENERATED pairs=17391 evals=1809 914s
[605917.2] V8_G0_NEUTRALITY_RC2880_refreeze: step 158 NO_CANDIDATES_GENERATED pairs=17391 evals=1809 915s
[605924.3] V8_G0_NEUTRALITY_RC2880_refreeze: step 159 ELEVATED pairs=17275 evals=1825 922s
[605933.7] V8_G0_NEUTRALITY_RC2880_refreeze: step 160 RELOCATED pairs=17261 evals=1841 931s
[605940.7] V8_G0_NEUTRALITY_RC2880_refreeze: step 161 ELEVATED pairs=17146 evals=1857 938s
[605947.2] V8_G0_NEUTRALITY_RC2880_refreeze: step 162 ELEVATED pairs=17033 evals=1873 945s
[605953.3] V8_G0_NEUTRALITY_RC2880_refreeze: step 163 ELEVATED pairs=16970 evals=1889 951s
[605960.2] V8_G0_NEUTRALITY_RC2880_refreeze: step 164 ELEVATED pairs=16902 evals=1905 958s
[605965.8] V8_G0_NEUTRALITY_RC2880_refreeze: step 165 ELEVATED pairs=16796 evals=1921 963s
[605973.2] V8_G0_NEUTRALITY_RC2880_refreeze: step 166 ELEVATED pairs=16748 evals=1937 971s
[605979.1] V8_G0_NEUTRALITY_RC2880_refreeze: step 167 ELEVATED pairs=16700 evals=1953 976s
[605985.0] V8_G0_NEUTRALITY_RC2880_refreeze: step 168 ELEVATED pairs=16652 evals=1969 982s
[605990.4] V8_G0_NEUTRALITY_RC2880_refreeze: step 169 PREFIX_EVALUATED_NO_WINNER_DEFERRED pairs=16652 evals=1985 988s
[605995.7] V8_G0_NEUTRALITY_RC2880_refreeze: step 170 PREFIX_EVALUATED_NO_WINNER_DEFERRED pairs=16652 evals=2001 993s
[606001.6] V8_G0_NEUTRALITY_RC2880_refreeze: step 171 PREFIX_EVALUATED_NO_WINNER_DEFERRED pairs=16652 evals=2017 999s
[606007.1] V8_G0_NEUTRALITY_RC2880_refreeze: step 172 PREFIX_EVALUATED_NO_WINNER_DEFERRED pairs=16652 evals=2033 1004s
[606012.2] V8_G0_NEUTRALITY_RC2880_refreeze: step 173 PREFIX_EVALUATED_NO_WINNER_DEFERRED pairs=16652 evals=2049 1010s
[606018.2] V8_G0_NEUTRALITY_RC2880_refreeze: step 174 ELEVATED pairs=16614 evals=2065 1016s
[606023.5] V8_G0_NEUTRALITY_RC2880_refreeze: step 175 PREFIX_EVALUATED_NO_WINNER_DEFERRED pairs=16614 evals=2081 1021s
[606028.9] V8_G0_NEUTRALITY_RC2880_refreeze: step 176 PREFIX_EVALUATED_NO_WINNER_DEFERRED pairs=16614 evals=2097 1026s
[606034.8] V8_G0_NEUTRALITY_RC2880_refreeze: step 177 PREFIX_EVALUATED_NO_WINNER_DEFERRED pairs=16614 evals=2113 1032s
[606039.9] V8_G0_NEUTRALITY_RC2880_refreeze: step 178 PREFIX_EVALUATED_NO_WINNER_DEFERRED pairs=16614 evals=2129 1037s
[606045.2] V8_G0_NEUTRALITY_RC2880_refreeze: step 179 PREFIX_EVALUATED_NO_WINNER_DEFERRED pairs=16614 evals=2145 1043s
[606051.5] V8_G0_NEUTRALITY_RC2880_refreeze: step 180 PREFIX_EVALUATED_NO_WINNER_DEFERRED pairs=16614 evals=2161 1049s
[606057.6] V8_G0_NEUTRALITY_RC2880_refreeze: step 181 PREFIX_EVALUATED_NO_WINNER_DEFERRED pairs=16614 evals=2177 1055s
[606064.0] V8_G0_NEUTRALITY_RC2880_refreeze: step 182 ELEVATED pairs=16602 evals=2193 1061s
[606069.2] V8_G0_NEUTRALITY_RC2880_refreeze: step 183 PREFIX_EVALUATED_NO_WINNER_DEFERRED pairs=16602 evals=2209 1067s
[606074.9] V8_G0_NEUTRALITY_RC2880_refreeze: step 184 PREFIX_EVALUATED_NO_WINNER_DEFERRED pairs=16602 evals=2225 1072s
[606080.1] V8_G0_NEUTRALITY_RC2880_refreeze: step 185 PREFIX_EVALUATED_NO_WINNER_DEFERRED pairs=16602 evals=2241 1077s
[606085.3] V8_G0_NEUTRALITY_RC2880_refreeze: step 186 PREFIX_EVALUATED_NO_WINNER_DEFERRED pairs=16602 evals=2257 1083s
[606091.2] V8_G0_NEUTRALITY_RC2880_refreeze: step 187 ELEVATED pairs=16588 evals=2273 1089s
[606096.3] V8_G0_NEUTRALITY_RC2880_refreeze: step 188 PREFIX_EVALUATED_NO_WINNER_DEFERRED pairs=16588 evals=2289 1094s
[606102.1] V8_G0_NEUTRALITY_RC2880_refreeze: step 189 PREFIX_EVALUATED_NO_WINNER_DEFERRED pairs=16588 evals=2305 1099s
[606107.1] V8_G0_NEUTRALITY_RC2880_refreeze: step 190 PREFIX_EVALUATED_NO_WINNER_DEFERRED pairs=16588 evals=2321 1104s
[606112.3] V8_G0_NEUTRALITY_RC2880_refreeze: step 191 PREFIX_EVALUATED_NO_WINNER_DEFERRED pairs=16588 evals=2337 1110s
[606119.1] V8_G0_NEUTRALITY_RC2880_refreeze: step 192 RELOCATED pairs=16549 evals=2353 1116s
[606124.5] V8_G0_NEUTRALITY_RC2880_refreeze: step 193 PREFIX_EVALUATED_NO_WINNER_DEFERRED pairs=16549 evals=2369 1122s
[606130.5] V8_G0_NEUTRALITY_RC2880_refreeze: step 194 PREFIX_EVALUATED_NO_WINNER_DEFERRED pairs=16549 evals=2385 1128s
[606135.8] V8_G0_NEUTRALITY_RC2880_refreeze: step 195 PREFIX_EVALUATED_NO_WINNER_DEFERRED pairs=16549 evals=2401 1133s
[606141.0] V8_G0_NEUTRALITY_RC2880_refreeze: step 196 PREFIX_EVALUATED_NO_WINNER_DEFERRED pairs=16549 evals=2417 1138s
[606147.5] V8_G0_NEUTRALITY_RC2880_refreeze: step 197 ELEVATED pairs=16537 evals=2433 1145s
[606153.4] V8_G0_NEUTRALITY_RC2880_refreeze: step 198 PREFIX_EVALUATED_NO_WINNER_DEFERRED pairs=16537 evals=2449 1151s
[606158.6] V8_G0_NEUTRALITY_RC2880_refreeze: step 199 PREFIX_EVALUATED_NO_WINNER_DEFERRED pairs=16537 evals=2465 1156s
[606163.8] V8_G0_NEUTRALITY_RC2880_refreeze: step 200 PREFIX_EVALUATED_NO_WINNER_DEFERRED pairs=16537 evals=2481 1161s
[606164.2] V8_G0_NEUTRALITY_RC2880_refreeze: done final=16537 moves=132 first=129 reloc=3 ret=0 evals=2481 stop=TARGET_LIMIT
[606226.7] V8_G0_NEUTRALITY_RC2880_refreeze: recheck PASS checks=130816
GROUP DONE V8_G0_NEUTRALITY_RC2880 PASS
