start-state rescan (main) ...
  main PASS pairs=42909 unresolved=3 elevated=24
[601228.7] V8_G0_NEUTRALITY_R2880: start mode=R budget=2880 spec={"name": "V8_G0_NEUTRALITY", "target_policy": "LEGACY", "evaluation_policy": "E2_ORDERED_K16", "traversal_policy": "BASE", "max_targets": 200, "k_per_target": 16, "family_round_robin": false, "relocation_side_reserve": 0, "waiting_age": false, "route_coverage": false, "multi_anchor": false, "exact_dedup": false, "decision_cache": false, "return_action": false, "cache_structural_skips": false, "window_slack_mm": 1e-05, "generation_domain": "LINE_ONLY", "path_window_settings": null, "stage_length_cap_mm": null, "notes": ""}
[601228.7] V8_G0_NEUTRALITY_R2880: start state=main C:\Users\lihao\Desktop\Graduation Project\OpticalWaveguideRouter3D\outputs\3d_strategy_v3\512_ablation\D_both_enabled pairs=42909
[601233.7] V8_G0_NEUTRALITY_R2880: INITIAL_DONE pairs=42909
[601233.8] V8_G0_NEUTRALITY_R2880: step 1 NO_CANDIDATES_GENERATED pairs=42909 evals=0 0s
[601234.0] V8_G0_NEUTRALITY_R2880: step 2 NO_CANDIDATES_GENERATED pairs=42909 evals=0 0s
[601240.8] V8_G0_NEUTRALITY_R2880: step 3 ELEVATED pairs=42661 evals=16 7s
[601252.9] V8_G0_NEUTRALITY_R2880: step 4 ELEVATED pairs=42487 evals=32 19s
[601262.7] V8_G0_NEUTRALITY_R2880: step 5 ELEVATED pairs=42305 evals=48 29s
[601272.7] V8_G0_NEUTRALITY_R2880: step 6 ELEVATED pairs=42121 evals=64 39s
[601282.6] V8_G0_NEUTRALITY_R2880: step 7 ELEVATED pairs=41936 evals=80 49s
[601290.1] V8_G0_NEUTRALITY_R2880: step 8 ELEVATED pairs=41680 evals=96 56s
[601300.3] V8_G0_NEUTRALITY_R2880: step 9 ELEVATED pairs=41486 evals=112 67s
[601307.2] V8_G0_NEUTRALITY_R2880: step 10 ELEVATED pairs=41225 evals=128 74s
[601320.7] V8_G0_NEUTRALITY_R2880: step 11 ELEVATED pairs=41046 evals=144 87s
[601334.3] V8_G0_NEUTRALITY_R2880: step 12 ELEVATED pairs=40867 evals=160 101s
[601340.8] V8_G0_NEUTRALITY_R2880: step 13 ELEVATED pairs=40628 evals=176 107s
[601349.4] V8_G0_NEUTRALITY_R2880: step 14 ELEVATED pairs=40377 evals=192 116s
[601355.4] V8_G0_NEUTRALITY_R2880: step 15 ELEVATED pairs=40136 evals=208 122s
[601364.0] V8_G0_NEUTRALITY_R2880: step 16 ELEVATED pairs=39887 evals=224 130s
[601372.6] V8_G0_NEUTRALITY_R2880: step 17 ELEVATED pairs=39640 evals=240 139s
[601380.8] V8_G0_NEUTRALITY_R2880: step 18 ELEVATED pairs=39399 evals=256 147s
[601389.6] V8_G0_NEUTRALITY_R2880: step 19 ELEVATED pairs=39175 evals=272 156s
[601398.1] V8_G0_NEUTRALITY_R2880: step 20 ELEVATED pairs=38969 evals=288 164s
[601409.1] V8_G0_NEUTRALITY_R2880: step 21 ELEVATED pairs=38811 evals=304 175s
[601417.7] V8_G0_NEUTRALITY_R2880: step 22 ELEVATED pairs=38668 evals=320 184s
[601425.9] V8_G0_NEUTRALITY_R2880: step 23 ELEVATED pairs=38466 evals=336 192s
[601434.2] V8_G0_NEUTRALITY_R2880: step 24 ELEVATED pairs=38332 evals=352 200s
[601441.0] V8_G0_NEUTRALITY_R2880: step 25 ELEVATED pairs=38108 evals=368 207s
[601449.2] V8_G0_NEUTRALITY_R2880: step 26 ELEVATED pairs=37974 evals=384 216s
[601455.8] V8_G0_NEUTRALITY_R2880: step 27 ELEVATED pairs=37771 evals=400 222s
[601462.0] V8_G0_NEUTRALITY_R2880: step 28 ELEVATED pairs=37568 evals=416 228s
[601467.2] V8_G0_NEUTRALITY_R2880: step 29 ELEVATED pairs=37338 evals=432 234s
[601472.4] V8_G0_NEUTRALITY_R2880: step 30 ELEVATED pairs=37110 evals=448 239s
[601479.6] V8_G0_NEUTRALITY_R2880: step 31 ELEVATED pairs=36910 evals=464 246s
[601485.0] V8_G0_NEUTRALITY_R2880: step 32 ELEVATED pairs=36684 evals=480 251s
[601492.2] V8_G0_NEUTRALITY_R2880: step 33 ELEVATED pairs=36466 evals=496 259s
[601499.1] V8_G0_NEUTRALITY_R2880: step 34 ELEVATED pairs=36269 evals=512 265s
[601510.8] V8_G0_NEUTRALITY_R2880: step 35 ELEVATED pairs=36073 evals=528 277s
[601519.2] V8_G0_NEUTRALITY_R2880: step 36 ELEVATED pairs=35887 evals=544 285s
[601526.1] V8_G0_NEUTRALITY_R2880: step 37 ELEVATED pairs=35774 evals=560 292s
[601534.9] V8_G0_NEUTRALITY_R2880: step 38 ELEVATED pairs=35543 evals=576 301s
[601541.6] V8_G0_NEUTRALITY_R2880: step 39 ELEVATED pairs=35343 evals=592 308s
[601549.8] V8_G0_NEUTRALITY_R2880: step 40 ELEVATED pairs=35138 evals=608 316s
[601549.9] V8_G0_NEUTRALITY_R2880: step 41 NO_CANDIDATES_GENERATED pairs=35138 evals=608 316s
[601550.1] V8_G0_NEUTRALITY_R2880: step 42 NO_CANDIDATES_GENERATED pairs=35138 evals=608 316s
[601559.0] V8_G0_NEUTRALITY_R2880: step 43 ELEVATED pairs=34935 evals=624 325s
[601568.4] V8_G0_NEUTRALITY_R2880: step 44 ELEVATED pairs=34734 evals=640 335s
[601574.8] V8_G0_NEUTRALITY_R2880: step 45 ELEVATED pairs=34539 evals=656 341s
[601585.5] V8_G0_NEUTRALITY_R2880: step 46 ELEVATED pairs=34340 evals=672 352s
[601596.1] V8_G0_NEUTRALITY_R2880: step 47 ELEVATED pairs=34143 evals=688 362s
[601606.0] V8_G0_NEUTRALITY_R2880: step 48 ELEVATED pairs=33933 evals=704 372s
[601617.6] V8_G0_NEUTRALITY_R2880: step 49 ELEVATED pairs=33738 evals=720 384s
[601627.3] V8_G0_NEUTRALITY_R2880: step 50 ELEVATED pairs=33530 evals=736 394s
[601635.9] V8_G0_NEUTRALITY_R2880: step 51 ELEVATED pairs=33326 evals=752 402s
[601648.4] V8_G0_NEUTRALITY_R2880: step 52 ELEVATED pairs=33133 evals=768 415s
[601657.9] V8_G0_NEUTRALITY_R2880: step 53 ELEVATED pairs=32926 evals=784 424s
[601670.3] V8_G0_NEUTRALITY_R2880: step 54 ELEVATED pairs=32735 evals=800 437s
[601679.5] V8_G0_NEUTRALITY_R2880: step 55 ELEVATED pairs=32530 evals=816 446s
[601693.3] V8_G0_NEUTRALITY_R2880: step 56 ELEVATED pairs=32341 evals=832 460s
[601702.7] V8_G0_NEUTRALITY_R2880: step 57 ELEVATED pairs=32137 evals=848 469s
[601714.5] V8_G0_NEUTRALITY_R2880: step 58 ELEVATED pairs=31950 evals=864 481s
[601721.1] V8_G0_NEUTRALITY_R2880: step 59 ELEVATED pairs=31792 evals=880 487s
[601730.8] V8_G0_NEUTRALITY_R2880: step 60 ELEVATED pairs=31590 evals=896 497s
[601740.0] V8_G0_NEUTRALITY_R2880: step 61 ELEVATED pairs=31389 evals=912 506s
[601748.5] V8_G0_NEUTRALITY_R2880: step 62 ELEVATED pairs=31226 evals=928 515s
[601758.0] V8_G0_NEUTRALITY_R2880: step 63 ELEVATED pairs=31027 evals=944 524s
[601767.3] V8_G0_NEUTRALITY_R2880: step 64 ELEVATED pairs=30829 evals=960 534s
[601767.6] V8_G0_NEUTRALITY_R2880: step 65 NO_CANDIDATES_GENERATED pairs=30829 evals=960 534s
[601767.7] V8_G0_NEUTRALITY_R2880: step 66 NO_CANDIDATES_GENERATED pairs=30829 evals=960 534s
[601767.9] V8_G0_NEUTRALITY_R2880: step 67 NO_CANDIDATES_GENERATED pairs=30829 evals=960 534s
[601777.0] V8_G0_NEUTRALITY_R2880: step 68 ELEVATED pairs=30633 evals=976 543s
[601785.3] V8_G0_NEUTRALITY_R2880: step 69 ELEVATED pairs=30481 evals=992 552s
[601793.2] V8_G0_NEUTRALITY_R2880: step 70 ELEVATED pairs=30367 evals=1008 559s
[601802.9] V8_G0_NEUTRALITY_R2880: step 71 ELEVATED pairs=30214 evals=1024 569s
[601809.0] V8_G0_NEUTRALITY_R2880: step 72 ELEVATED pairs=30030 evals=1033 575s
[601817.9] V8_G0_NEUTRALITY_R2880: step 73 ELEVATED pairs=29879 evals=1049 584s
[601824.0] V8_G0_NEUTRALITY_R2880: step 74 ELEVATED pairs=29697 evals=1058 590s
[601832.8] V8_G0_NEUTRALITY_R2880: step 75 ELEVATED pairs=29548 evals=1074 599s
[601839.0] V8_G0_NEUTRALITY_R2880: step 76 ELEVATED pairs=29368 evals=1083 605s
[601844.8] V8_G0_NEUTRALITY_R2880: step 77 ELEVATED pairs=29190 evals=1092 611s
[601860.9] V8_G0_NEUTRALITY_R2880: step 78 ELEVATED pairs=28961 evals=1108 627s
[601866.2] V8_G0_NEUTRALITY_R2880: step 79 ELEVATED pairs=28776 evals=1124 633s
[601871.7] V8_G0_NEUTRALITY_R2880: step 80 ELEVATED pairs=28593 evals=1140 638s
[601877.0] V8_G0_NEUTRALITY_R2880: step 81 ELEVATED pairs=28412 evals=1156 643s
[601882.8] V8_G0_NEUTRALITY_R2880: step 82 ELEVATED pairs=28233 evals=1172 649s
[601888.7] V8_G0_NEUTRALITY_R2880: step 83 ELEVATED pairs=28134 evals=1188 655s
[601896.3] V8_G0_NEUTRALITY_R2880: step 84 ELEVATED pairs=28022 evals=1204 663s
[601902.1] V8_G0_NEUTRALITY_R2880: step 85 ELEVATED pairs=27902 evals=1220 668s
[601908.0] V8_G0_NEUTRALITY_R2880: step 86 ELEVATED pairs=27782 evals=1236 674s
[601913.9] V8_G0_NEUTRALITY_R2880: step 87 ELEVATED pairs=27662 evals=1252 680s
[601919.5] V8_G0_NEUTRALITY_R2880: step 88 ELEVATED pairs=27514 evals=1268 686s
[601925.2] V8_G0_NEUTRALITY_R2880: step 89 ELEVATED pairs=27394 evals=1284 691s
[601931.9] V8_G0_NEUTRALITY_R2880: step 90 ELEVATED pairs=27248 evals=1300 698s
[601939.2] V8_G0_NEUTRALITY_R2880: step 91 ELEVATED pairs=27092 evals=1316 706s
[601945.9] V8_G0_NEUTRALITY_R2880: step 92 PREFIX_EVALUATED_NO_WINNER_DEFERRED pairs=27092 evals=1332 712s
[601952.9] V8_G0_NEUTRALITY_R2880: step 93 ELEVATED pairs=26951 evals=1348 719s
[601959.5] V8_G0_NEUTRALITY_R2880: step 94 PREFIX_EVALUATED_NO_WINNER_DEFERRED pairs=26951 evals=1364 726s
[601966.6] V8_G0_NEUTRALITY_R2880: step 95 ELEVATED pairs=26895 evals=1380 733s
[601974.1] V8_G0_NEUTRALITY_R2880: step 96 ELEVATED pairs=26781 evals=1396 740s
[601983.5] V8_G0_NEUTRALITY_R2880: step 97 ELEVATED pairs=26690 evals=1412 750s
[601992.2] V8_G0_NEUTRALITY_R2880: step 98 ELEVATED pairs=26525 evals=1428 758s
[601999.0] V8_G0_NEUTRALITY_R2880: step 99 ELEVATED pairs=26436 evals=1444 765s
[602007.7] V8_G0_NEUTRALITY_R2880: step 100 ELEVATED pairs=26273 evals=1460 774s
[602016.6] V8_G0_NEUTRALITY_R2880: step 101 ELEVATED pairs=26112 evals=1476 783s
[602022.7] V8_G0_NEUTRALITY_R2880: step 102 ELEVATED pairs=26016 evals=1492 789s
[602033.5] V8_G0_NEUTRALITY_R2880: step 103 ELEVATED pairs=25857 evals=1508 800s
[602039.7] V8_G0_NEUTRALITY_R2880: step 104 ELEVATED pairs=25803 evals=1524 806s
[602048.7] V8_G0_NEUTRALITY_R2880: step 105 ELEVATED pairs=25644 evals=1540 815s
[602057.4] V8_G0_NEUTRALITY_R2880: step 106 ELEVATED pairs=25487 evals=1556 824s
[602062.4] V8_G0_NEUTRALITY_R2880: step 107 ELEVATED pairs=25361 evals=1572 829s
[602071.1] V8_G0_NEUTRALITY_R2880: step 108 ELEVATED pairs=25207 evals=1588 837s
[602078.8] V8_G0_NEUTRALITY_R2880: step 109 ELEVATED pairs=25144 evals=1604 845s
[602085.0] V8_G0_NEUTRALITY_R2880: step 110 ELEVATED pairs=24969 evals=1620 851s
[602090.9] V8_G0_NEUTRALITY_R2880: step 111 ELEVATED pairs=24796 evals=1636 857s
[602098.6] V8_G0_NEUTRALITY_R2880: step 112 ELEVATED pairs=24735 evals=1652 865s
[602114.1] V8_G0_NEUTRALITY_R2880: step 113 ELEVATED pairs=24607 evals=1668 880s
[602129.4] V8_G0_NEUTRALITY_R2880: step 114 ELEVATED pairs=24481 evals=1684 896s
[602137.2] V8_G0_NEUTRALITY_R2880: step 115 ELEVATED pairs=24411 evals=1700 903s
[602146.9] V8_G0_NEUTRALITY_R2880: step 116 ELEVATED pairs=24317 evals=1709 913s
[602160.8] V8_G0_NEUTRALITY_R2880: step 117 ELEVATED pairs=24173 evals=1725 927s
[602167.8] V8_G0_NEUTRALITY_R2880: step 118 ELEVATED pairs=24079 evals=1741 934s
[602181.8] V8_G0_NEUTRALITY_R2880: step 119 ELEVATED pairs=23935 evals=1757 948s
[602195.6] V8_G0_NEUTRALITY_R2880: step 120 ELEVATED pairs=23791 evals=1773 962s
[602202.6] V8_G0_NEUTRALITY_R2880: step 121 ELEVATED pairs=23698 evals=1789 969s
[602215.8] V8_G0_NEUTRALITY_R2880: step 122 ELEVATED pairs=23554 evals=1805 982s
[602237.8] V8_G0_NEUTRALITY_R2880: step 123 ELEVATED pairs=23440 evals=1821 1004s
[602249.0] V8_G0_NEUTRALITY_R2880: step 124 ELEVATED pairs=23259 evals=1837 1015s
[602270.7] V8_G0_NEUTRALITY_R2880: step 125 ELEVATED pairs=23145 evals=1853 1037s
[602292.0] V8_G0_NEUTRALITY_R2880: step 126 ELEVATED pairs=23031 evals=1869 1058s
[602304.8] V8_G0_NEUTRALITY_R2880: step 127 ELEVATED pairs=22866 evals=1885 1071s
[602325.0] V8_G0_NEUTRALITY_R2880: step 128 ELEVATED pairs=22752 evals=1901 1091s
[602339.1] V8_G0_NEUTRALITY_R2880: step 129 ELEVATED pairs=22589 evals=1917 1105s
[602355.1] V8_G0_NEUTRALITY_R2880: step 130 ELEVATED pairs=22428 evals=1933 1121s
[602372.7] V8_G0_NEUTRALITY_R2880: step 131 ELEVATED pairs=22269 evals=1949 1139s
[602381.2] V8_G0_NEUTRALITY_R2880: step 132 ELEVATED pairs=22187 evals=1965 1147s
[602389.0] V8_G0_NEUTRALITY_R2880: step 133 ELEVATED pairs=22053 evals=1981 1155s
[602396.7] V8_G0_NEUTRALITY_R2880: step 134 ELEVATED pairs=21921 evals=1997 1163s
[602409.1] V8_G0_NEUTRALITY_R2880: step 135 ELEVATED pairs=21793 evals=2013 1175s
[602416.8] V8_G0_NEUTRALITY_R2880: step 136 ELEVATED pairs=21663 evals=2029 1183s
[602424.3] V8_G0_NEUTRALITY_R2880: step 137 ELEVATED pairs=21599 evals=2045 1191s
[602431.7] V8_G0_NEUTRALITY_R2880: step 138 ELEVATED pairs=21536 evals=2061 1198s
[602439.1] V8_G0_NEUTRALITY_R2880: step 139 ELEVATED pairs=21473 evals=2077 1205s
[602445.2] V8_G0_NEUTRALITY_R2880: step 140 ELEVATED pairs=21404 evals=2093 1212s
[602451.5] V8_G0_NEUTRALITY_R2880: step 141 ELEVATED pairs=21335 evals=2109 1218s
[602458.0] V8_G0_NEUTRALITY_R2880: step 142 ELEVATED pairs=21266 evals=2125 1224s
[602464.6] V8_G0_NEUTRALITY_R2880: step 143 ELEVATED pairs=21197 evals=2141 1231s
[602471.1] V8_G0_NEUTRALITY_R2880: step 144 PREFIX_EVALUATED_NO_WINNER_DEFERRED pairs=21197 evals=2157 1237s
[602486.4] V8_G0_NEUTRALITY_R2880: step 145 ELEVATED pairs=21078 evals=2173 1253s
[602493.0] V8_G0_NEUTRALITY_R2880: step 146 PREFIX_EVALUATED_NO_WINNER_DEFERRED pairs=21078 evals=2189 1259s
[602500.9] V8_G0_NEUTRALITY_R2880: step 147 ELEVATED pairs=21032 evals=2205 1267s
[602507.5] V8_G0_NEUTRALITY_R2880: step 148 PREFIX_EVALUATED_NO_WINNER_DEFERRED pairs=21032 evals=2221 1274s
[602515.5] V8_G0_NEUTRALITY_R2880: step 149 ELEVATED pairs=20986 evals=2237 1282s
[602522.0] V8_G0_NEUTRALITY_R2880: step 150 PREFIX_EVALUATED_NO_WINNER_DEFERRED pairs=20986 evals=2253 1288s
[602528.2] V8_G0_NEUTRALITY_R2880: step 151 ELEVATED pairs=20932 evals=2269 1294s
[602534.7] V8_G0_NEUTRALITY_R2880: step 152 PREFIX_EVALUATED_NO_WINNER_DEFERRED pairs=20932 evals=2285 1301s
[602541.0] V8_G0_NEUTRALITY_R2880: step 153 ELEVATED pairs=20865 evals=2301 1307s
[602547.7] V8_G0_NEUTRALITY_R2880: step 154 PREFIX_EVALUATED_NO_WINNER_DEFERRED pairs=20865 evals=2317 1314s
[602554.2] V8_G0_NEUTRALITY_R2880: step 155 ELEVATED pairs=20798 evals=2333 1321s
[602560.7] V8_G0_NEUTRALITY_R2880: step 156 PREFIX_EVALUATED_NO_WINNER_DEFERRED pairs=20798 evals=2349 1327s
[602567.2] V8_G0_NEUTRALITY_R2880: step 157 ELEVATED pairs=20731 evals=2365 1333s
[602574.3] V8_G0_NEUTRALITY_R2880: step 158 PREFIX_EVALUATED_NO_WINNER_DEFERRED pairs=20731 evals=2381 1341s
[602587.1] V8_G0_NEUTRALITY_R2880: step 159 ELEVATED pairs=20568 evals=2397 1353s
[602594.5] V8_G0_NEUTRALITY_R2880: step 160 PREFIX_EVALUATED_NO_WINNER_DEFERRED pairs=20568 evals=2413 1361s
[602600.8] V8_G0_NEUTRALITY_R2880: step 161 ELEVATED pairs=20508 evals=2429 1367s
[602608.1] V8_G0_NEUTRALITY_R2880: step 162 PREFIX_EVALUATED_NO_WINNER_DEFERRED pairs=20508 evals=2445 1374s
[602614.6] V8_G0_NEUTRALITY_R2880: step 163 ELEVATED pairs=20448 evals=2461 1381s
[602621.5] V8_G0_NEUTRALITY_R2880: step 164 PREFIX_EVALUATED_NO_WINNER_DEFERRED pairs=20448 evals=2477 1388s
[602633.8] V8_G0_NEUTRALITY_R2880: step 165 ELEVATED pairs=20287 evals=2493 1400s
[602641.1] V8_G0_NEUTRALITY_R2880: step 166 PREFIX_EVALUATED_NO_WINNER_DEFERRED pairs=20287 evals=2509 1407s
[602647.5] V8_G0_NEUTRALITY_R2880: step 167 ELEVATED pairs=20221 evals=2525 1414s
[602654.4] V8_G0_NEUTRALITY_R2880: step 168 PREFIX_EVALUATED_NO_WINNER_DEFERRED pairs=20221 evals=2541 1421s
[602666.1] V8_G0_NEUTRALITY_R2880: step 169 ELEVATED pairs=20062 evals=2557 1432s
[602672.8] V8_G0_NEUTRALITY_R2880: step 170 PREFIX_EVALUATED_NO_WINNER_DEFERRED pairs=20062 evals=2573 1439s
[602681.0] V8_G0_NEUTRALITY_R2880: step 171 PREFIX_EVALUATED_NO_WINNER_DEFERRED pairs=20062 evals=2589 1447s
[602691.8] V8_G0_NEUTRALITY_R2880: step 172 ELEVATED pairs=19997 evals=2598 1458s
[602698.5] V8_G0_NEUTRALITY_R2880: step 173 PREFIX_EVALUATED_NO_WINNER_DEFERRED pairs=19997 evals=2614 1465s
[602706.7] V8_G0_NEUTRALITY_R2880: step 174 PREFIX_EVALUATED_NO_WINNER_DEFERRED pairs=19997 evals=2630 1473s
[602716.7] V8_G0_NEUTRALITY_R2880: step 175 ELEVATED pairs=19848 evals=2646 1483s
[602722.8] V8_G0_NEUTRALITY_R2880: step 176 PREFIX_EVALUATED_NO_WINNER_DEFERRED pairs=19848 evals=2662 1489s
[602730.0] V8_G0_NEUTRALITY_R2880: step 177 PREFIX_EVALUATED_NO_WINNER_DEFERRED pairs=19848 evals=2678 1496s
[602736.3] V8_G0_NEUTRALITY_R2880: step 178 ELEVATED pairs=19770 evals=2694 1503s
[602742.2] V8_G0_NEUTRALITY_R2880: step 179 PREFIX_EVALUATED_NO_WINNER_DEFERRED pairs=19770 evals=2710 1508s
[602749.2] V8_G0_NEUTRALITY_R2880: step 180 PREFIX_EVALUATED_NO_WINNER_DEFERRED pairs=19770 evals=2726 1516s
[602759.4] V8_G0_NEUTRALITY_R2880: step 181 ELEVATED pairs=19623 evals=2742 1526s
[602766.7] V8_G0_NEUTRALITY_R2880: step 182 PREFIX_EVALUATED_NO_WINNER_DEFERRED pairs=19623 evals=2758 1533s
[602774.8] V8_G0_NEUTRALITY_R2880: step 183 PREFIX_EVALUATED_NO_WINNER_DEFERRED pairs=19623 evals=2774 1541s
[602784.8] V8_G0_NEUTRALITY_R2880: step 184 ELEVATED pairs=19478 evals=2790 1551s
[602791.7] V8_G0_NEUTRALITY_R2880: step 185 PREFIX_EVALUATED_NO_WINNER_DEFERRED pairs=19478 evals=2806 1558s
[602799.7] V8_G0_NEUTRALITY_R2880: step 186 PREFIX_EVALUATED_NO_WINNER_DEFERRED pairs=19478 evals=2822 1566s
[602809.5] V8_G0_NEUTRALITY_R2880: step 187 ELEVATED pairs=19335 evals=2838 1576s
[602815.9] V8_G0_NEUTRALITY_R2880: step 188 PREFIX_EVALUATED_NO_WINNER_DEFERRED pairs=19335 evals=2854 1582s
[602823.3] V8_G0_NEUTRALITY_R2880: step 189 PREFIX_EVALUATED_NO_WINNER_DEFERRED pairs=19335 evals=2870 1590s
[602826.6] V8_G0_NEUTRALITY_R2880: step 190 ELEVATED pairs=19233 evals=2880 1593s
[602827.0] V8_G0_NEUTRALITY_R2880: done final=19233 moves=154 first=154 reloc=0 ret=0 evals=2880 stop=CANDIDATE_BUDGET_EXHAUSTED
[602889.7] V8_G0_NEUTRALITY_R2880: recheck PASS checks=130816
GROUP DONE V8_G0_NEUTRALITY_R2880 PASS
