start-state rescan (main) ...
  main PASS pairs=42909 unresolved=3 elevated=24
[606177.5] V8_G0_NEUTRALITY_R1440_refreeze: start mode=R budget=1440 spec={"name": "V8_G0_NEUTRALITY", "target_policy": "LEGACY", "evaluation_policy": "E2_ORDERED_K16", "traversal_policy": "BASE", "max_targets": 200, "k_per_target": 16, "family_round_robin": false, "relocation_side_reserve": 0, "waiting_age": false, "route_coverage": false, "multi_anchor": false, "exact_dedup": false, "decision_cache": false, "return_action": false, "cache_structural_skips": false, "window_slack_mm": 1e-05, "generation_domain": "LINE_ONLY", "path_window_settings": null, "stage_length_cap_mm": null, "notes": ""}
[606177.5] V8_G0_NEUTRALITY_R1440_refreeze: start state=main C:\Users\lihao\Desktop\Graduation Project\OpticalWaveguideRouter3D\outputs\3d_strategy_v3\512_ablation\D_both_enabled pairs=42909
[606180.8] V8_G0_NEUTRALITY_R1440_refreeze: INITIAL_DONE pairs=42909
[606180.9] V8_G0_NEUTRALITY_R1440_refreeze: step 1 NO_CANDIDATES_GENERATED pairs=42909 evals=0 0s
[606181.1] V8_G0_NEUTRALITY_R1440_refreeze: step 2 NO_CANDIDATES_GENERATED pairs=42909 evals=0 0s
[606186.1] V8_G0_NEUTRALITY_R1440_refreeze: step 3 ELEVATED pairs=42661 evals=16 5s
[606194.5] V8_G0_NEUTRALITY_R1440_refreeze: step 4 ELEVATED pairs=42487 evals=32 14s
[606201.7] V8_G0_NEUTRALITY_R1440_refreeze: step 5 ELEVATED pairs=42305 evals=48 21s
[606208.8] V8_G0_NEUTRALITY_R1440_refreeze: step 6 ELEVATED pairs=42121 evals=64 28s
[606216.1] V8_G0_NEUTRALITY_R1440_refreeze: step 7 ELEVATED pairs=41936 evals=80 35s
[606221.4] V8_G0_NEUTRALITY_R1440_refreeze: step 8 ELEVATED pairs=41680 evals=96 40s
[606228.6] V8_G0_NEUTRALITY_R1440_refreeze: step 9 ELEVATED pairs=41486 evals=112 48s
[606233.4] V8_G0_NEUTRALITY_R1440_refreeze: step 10 ELEVATED pairs=41225 evals=128 52s
[606242.6] V8_G0_NEUTRALITY_R1440_refreeze: step 11 ELEVATED pairs=41046 evals=144 62s
[606251.8] V8_G0_NEUTRALITY_R1440_refreeze: step 12 ELEVATED pairs=40867 evals=160 71s
[606256.0] V8_G0_NEUTRALITY_R1440_refreeze: step 13 ELEVATED pairs=40628 evals=176 75s
[606261.7] V8_G0_NEUTRALITY_R1440_refreeze: step 14 ELEVATED pairs=40377 evals=192 81s
[606265.8] V8_G0_NEUTRALITY_R1440_refreeze: step 15 ELEVATED pairs=40136 evals=208 85s
[606271.5] V8_G0_NEUTRALITY_R1440_refreeze: step 16 ELEVATED pairs=39887 evals=224 91s
[606277.2] V8_G0_NEUTRALITY_R1440_refreeze: step 17 ELEVATED pairs=39640 evals=240 96s
[606282.8] V8_G0_NEUTRALITY_R1440_refreeze: step 18 ELEVATED pairs=39399 evals=256 102s
[606288.7] V8_G0_NEUTRALITY_R1440_refreeze: step 19 ELEVATED pairs=39175 evals=272 108s
[606294.3] V8_G0_NEUTRALITY_R1440_refreeze: step 20 ELEVATED pairs=38969 evals=288 113s
[606302.0] V8_G0_NEUTRALITY_R1440_refreeze: step 21 ELEVATED pairs=38811 evals=304 121s
[606307.8] V8_G0_NEUTRALITY_R1440_refreeze: step 22 ELEVATED pairs=38668 evals=320 127s
[606313.3] V8_G0_NEUTRALITY_R1440_refreeze: step 23 ELEVATED pairs=38466 evals=336 132s
[606318.9] V8_G0_NEUTRALITY_R1440_refreeze: step 24 ELEVATED pairs=38332 evals=352 138s
[606323.6] V8_G0_NEUTRALITY_R1440_refreeze: step 25 ELEVATED pairs=38108 evals=368 143s
[606329.4] V8_G0_NEUTRALITY_R1440_refreeze: step 26 ELEVATED pairs=37974 evals=384 148s
[606334.1] V8_G0_NEUTRALITY_R1440_refreeze: step 27 ELEVATED pairs=37771 evals=400 153s
[606338.7] V8_G0_NEUTRALITY_R1440_refreeze: step 28 ELEVATED pairs=37568 evals=416 158s
[606342.7] V8_G0_NEUTRALITY_R1440_refreeze: step 29 ELEVATED pairs=37338 evals=432 162s
[606346.6] V8_G0_NEUTRALITY_R1440_refreeze: step 30 ELEVATED pairs=37110 evals=448 166s
[606352.0] V8_G0_NEUTRALITY_R1440_refreeze: step 31 ELEVATED pairs=36910 evals=464 171s
[606355.9] V8_G0_NEUTRALITY_R1440_refreeze: step 32 ELEVATED pairs=36684 evals=480 175s
[606361.2] V8_G0_NEUTRALITY_R1440_refreeze: step 33 ELEVATED pairs=36466 evals=496 180s
[606366.4] V8_G0_NEUTRALITY_R1440_refreeze: step 34 ELEVATED pairs=36269 evals=512 185s
[606375.3] V8_G0_NEUTRALITY_R1440_refreeze: step 35 ELEVATED pairs=36073 evals=528 194s
[606381.7] V8_G0_NEUTRALITY_R1440_refreeze: step 36 ELEVATED pairs=35887 evals=544 201s
[606386.8] V8_G0_NEUTRALITY_R1440_refreeze: step 37 ELEVATED pairs=35774 evals=560 206s
[606392.6] V8_G0_NEUTRALITY_R1440_refreeze: step 38 ELEVATED pairs=35543 evals=576 212s
[606397.3] V8_G0_NEUTRALITY_R1440_refreeze: step 39 ELEVATED pairs=35343 evals=592 216s
[606403.1] V8_G0_NEUTRALITY_R1440_refreeze: step 40 ELEVATED pairs=35138 evals=608 222s
[606403.2] V8_G0_NEUTRALITY_R1440_refreeze: step 41 NO_CANDIDATES_GENERATED pairs=35138 evals=608 222s
[606403.3] V8_G0_NEUTRALITY_R1440_refreeze: step 42 NO_CANDIDATES_GENERATED pairs=35138 evals=608 222s
[606409.3] V8_G0_NEUTRALITY_R1440_refreeze: step 43 ELEVATED pairs=34935 evals=624 228s
[606415.5] V8_G0_NEUTRALITY_R1440_refreeze: step 44 ELEVATED pairs=34734 evals=640 235s
[606419.9] V8_G0_NEUTRALITY_R1440_refreeze: step 45 ELEVATED pairs=34539 evals=656 239s
[606426.7] V8_G0_NEUTRALITY_R1440_refreeze: step 46 ELEVATED pairs=34340 evals=672 246s
[606433.4] V8_G0_NEUTRALITY_R1440_refreeze: step 47 ELEVATED pairs=34143 evals=688 252s
[606439.6] V8_G0_NEUTRALITY_R1440_refreeze: step 48 ELEVATED pairs=33933 evals=704 259s
[606446.8] V8_G0_NEUTRALITY_R1440_refreeze: step 49 ELEVATED pairs=33738 evals=720 266s
[606452.7] V8_G0_NEUTRALITY_R1440_refreeze: step 50 ELEVATED pairs=33530 evals=736 272s
[606457.9] V8_G0_NEUTRALITY_R1440_refreeze: step 51 ELEVATED pairs=33326 evals=752 277s
[606465.4] V8_G0_NEUTRALITY_R1440_refreeze: step 52 ELEVATED pairs=33133 evals=768 284s
[606471.5] V8_G0_NEUTRALITY_R1440_refreeze: step 53 ELEVATED pairs=32926 evals=784 291s
[606478.9] V8_G0_NEUTRALITY_R1440_refreeze: step 54 ELEVATED pairs=32735 evals=800 298s
[606484.4] V8_G0_NEUTRALITY_R1440_refreeze: step 55 ELEVATED pairs=32530 evals=816 303s
[606492.1] V8_G0_NEUTRALITY_R1440_refreeze: step 56 ELEVATED pairs=32341 evals=832 311s
[606498.0] V8_G0_NEUTRALITY_R1440_refreeze: step 57 ELEVATED pairs=32137 evals=848 317s
[606506.0] V8_G0_NEUTRALITY_R1440_refreeze: step 58 ELEVATED pairs=31950 evals=864 325s
[606509.9] V8_G0_NEUTRALITY_R1440_refreeze: step 59 ELEVATED pairs=31792 evals=880 329s
[606515.6] V8_G0_NEUTRALITY_R1440_refreeze: step 60 ELEVATED pairs=31590 evals=896 335s
[606521.3] V8_G0_NEUTRALITY_R1440_refreeze: step 61 ELEVATED pairs=31389 evals=912 340s
[606526.3] V8_G0_NEUTRALITY_R1440_refreeze: step 62 ELEVATED pairs=31226 evals=928 345s
[606532.0] V8_G0_NEUTRALITY_R1440_refreeze: step 63 ELEVATED pairs=31027 evals=944 351s
[606537.7] V8_G0_NEUTRALITY_R1440_refreeze: step 64 ELEVATED pairs=30829 evals=960 357s
[606537.8] V8_G0_NEUTRALITY_R1440_refreeze: step 65 NO_CANDIDATES_GENERATED pairs=30829 evals=960 357s
[606537.9] V8_G0_NEUTRALITY_R1440_refreeze: step 66 NO_CANDIDATES_GENERATED pairs=30829 evals=960 357s
[606538.1] V8_G0_NEUTRALITY_R1440_refreeze: step 67 NO_CANDIDATES_GENERATED pairs=30829 evals=960 357s
[606543.7] V8_G0_NEUTRALITY_R1440_refreeze: step 68 ELEVATED pairs=30633 evals=976 363s
[606548.8] V8_G0_NEUTRALITY_R1440_refreeze: step 69 ELEVATED pairs=30481 evals=992 368s
[606553.6] V8_G0_NEUTRALITY_R1440_refreeze: step 70 ELEVATED pairs=30367 evals=1008 373s
[606559.6] V8_G0_NEUTRALITY_R1440_refreeze: step 71 ELEVATED pairs=30214 evals=1024 379s
[606563.5] V8_G0_NEUTRALITY_R1440_refreeze: step 72 ELEVATED pairs=30030 evals=1033 383s
[606569.3] V8_G0_NEUTRALITY_R1440_refreeze: step 73 ELEVATED pairs=29879 evals=1049 388s
[606573.3] V8_G0_NEUTRALITY_R1440_refreeze: step 74 ELEVATED pairs=29697 evals=1058 392s
[606578.9] V8_G0_NEUTRALITY_R1440_refreeze: step 75 ELEVATED pairs=29548 evals=1074 398s
[606582.9] V8_G0_NEUTRALITY_R1440_refreeze: step 76 ELEVATED pairs=29368 evals=1083 402s
[606586.6] V8_G0_NEUTRALITY_R1440_refreeze: step 77 ELEVATED pairs=29190 evals=1092 406s
[606596.8] V8_G0_NEUTRALITY_R1440_refreeze: step 78 ELEVATED pairs=28961 evals=1108 416s
[606600.3] V8_G0_NEUTRALITY_R1440_refreeze: step 79 ELEVATED pairs=28776 evals=1124 419s
[606603.9] V8_G0_NEUTRALITY_R1440_refreeze: step 80 ELEVATED pairs=28593 evals=1140 423s
[606607.3] V8_G0_NEUTRALITY_R1440_refreeze: step 81 ELEVATED pairs=28412 evals=1156 426s
[606611.0] V8_G0_NEUTRALITY_R1440_refreeze: step 82 ELEVATED pairs=28233 evals=1172 430s
[606614.6] V8_G0_NEUTRALITY_R1440_refreeze: step 83 ELEVATED pairs=28134 evals=1188 434s
[606619.4] V8_G0_NEUTRALITY_R1440_refreeze: step 84 ELEVATED pairs=28022 evals=1204 438s
[606623.1] V8_G0_NEUTRALITY_R1440_refreeze: step 85 ELEVATED pairs=27902 evals=1220 442s
[606626.8] V8_G0_NEUTRALITY_R1440_refreeze: step 86 ELEVATED pairs=27782 evals=1236 446s
[606630.4] V8_G0_NEUTRALITY_R1440_refreeze: step 87 ELEVATED pairs=27662 evals=1252 449s
[606633.9] V8_G0_NEUTRALITY_R1440_refreeze: step 88 ELEVATED pairs=27514 evals=1268 453s
[606637.6] V8_G0_NEUTRALITY_R1440_refreeze: step 89 ELEVATED pairs=27394 evals=1284 457s
[606641.8] V8_G0_NEUTRALITY_R1440_refreeze: step 90 ELEVATED pairs=27248 evals=1300 461s
[606646.4] V8_G0_NEUTRALITY_R1440_refreeze: step 91 ELEVATED pairs=27092 evals=1316 465s
[606650.7] V8_G0_NEUTRALITY_R1440_refreeze: step 92 PREFIX_EVALUATED_NO_WINNER_DEFERRED pairs=27092 evals=1332 470s
[606655.2] V8_G0_NEUTRALITY_R1440_refreeze: step 93 ELEVATED pairs=26951 evals=1348 474s
[606659.4] V8_G0_NEUTRALITY_R1440_refreeze: step 94 PREFIX_EVALUATED_NO_WINNER_DEFERRED pairs=26951 evals=1364 478s
[606664.0] V8_G0_NEUTRALITY_R1440_refreeze: step 95 ELEVATED pairs=26895 evals=1380 483s
[606669.1] V8_G0_NEUTRALITY_R1440_refreeze: step 96 ELEVATED pairs=26781 evals=1396 488s
[606675.2] V8_G0_NEUTRALITY_R1440_refreeze: step 97 ELEVATED pairs=26690 evals=1412 494s
[606680.7] V8_G0_NEUTRALITY_R1440_refreeze: step 98 ELEVATED pairs=26525 evals=1428 500s
[606684.0] V8_G0_NEUTRALITY_R1440_refreeze: step 99 ELEVATED pairs=26437 evals=1440 503s
[606684.2] V8_G0_NEUTRALITY_R1440_refreeze: done final=26437 moves=90 first=90 reloc=0 ret=0 evals=1440 stop=CANDIDATE_BUDGET_EXHAUSTED
[606718.8] V8_G0_NEUTRALITY_R1440_refreeze: recheck PASS checks=130816
GROUP DONE V8_G0_NEUTRALITY_R1440 PASS
