[555884.5] V6_E1_RC2880: start mode=R budget=2880 spec={"name": "V6_E1", "target_policy": "LEGACY", "evaluation_policy": "E1_ORDERED_EXHAUSTIVE", "traversal_policy": "BASE", "max_targets": 200, "k_per_target": 16, "family_round_robin": false, "relocation_side_reserve": 0, "waiting_age": false, "route_coverage": false, "multi_anchor": false, "exact_dedup": false, "decision_cache": false, "return_action": false, "cache_structural_skips": false, "window_slack_mm": 1e-05, "notes": ""}
[555884.5] V6_E1_RC2880: start state=challenge C:\Users\lihao\Desktop\Graduation Project\OpticalWaveguideRouter3D\outputs\3d_strategy_v4\512_full_layout\N2880 pairs=30999
[555892.6] V6_E1_RC2880: INITIAL_DONE pairs=30999
[555892.7] V6_E1_RC2880: step 1 NO_CANDIDATES_GENERATED pairs=30999 evals=0 1s
[555892.9] V6_E1_RC2880: step 2 NO_CANDIDATES_GENERATED pairs=30999 evals=0 1s
[555893.1] V6_E1_RC2880: step 3 NO_CANDIDATES_GENERATED pairs=30999 evals=0 1s
[555893.3] V6_E1_RC2880: step 4 NO_CANDIDATES_GENERATED pairs=30999 evals=0 1s
[555893.5] V6_E1_RC2880: step 5 NO_CANDIDATES_GENERATED pairs=30999 evals=0 1s
[555893.7] V6_E1_RC2880: step 6 NO_CANDIDATES_GENERATED pairs=30999 evals=0 1s
[555937.3] V6_E1_RC2880: step 7 ELEVATED pairs=30804 evals=54 45s
[555980.8] V6_E1_RC2880: step 8 ELEVATED pairs=30610 evals=108 89s
[556045.7] V6_E1_RC2880: step 9 ELEVATED pairs=30415 evals=180 153s
[556109.8] V6_E1_RC2880: step 10 ELEVATED pairs=30222 evals=252 218s
[556110.2] V6_E1_RC2880: step 11 NO_CANDIDATES_GENERATED pairs=30222 evals=252 218s
[556129.7] V6_E1_RC2880: step 12 ELEVATED pairs=30031 evals=270 237s
[556152.1] V6_E1_RC2880: step 13 ELEVATED pairs=29842 evals=288 260s
[556178.5] V6_E1_RC2880: step 14 ELEVATED pairs=29655 evals=306 286s
[556242.4] V6_E1_RC2880: step 15 ELEVATED pairs=29456 evals=360 350s
[556268.7] V6_E1_RC2880: step 16 ELEVATED pairs=29271 evals=378 377s
[556332.2] V6_E1_RC2880: step 17 ELEVATED pairs=29074 evals=432 440s
[556394.4] V6_E1_RC2880: step 18 ELEVATED pairs=28879 evals=486 502s
[556447.9] V6_E1_RC2880: step 19 ELEVATED pairs=28704 evals=522 556s
[556503.2] V6_E1_RC2880: step 20 ELEVATED pairs=28531 evals=558 611s
[556562.8] V6_E1_RC2880: step 21 ELEVATED pairs=28342 evals=612 671s
[556614.8] V6_E1_RC2880: step 22 ELEVATED pairs=28165 evals=666 723s
[556668.3] V6_E1_RC2880: step 23 ELEVATED pairs=27978 evals=720 776s
[556696.3] V6_E1_RC2880: step 24 ELEVATED pairs=27815 evals=738 804s
[556752.5] V6_E1_RC2880: step 25 ELEVATED pairs=27630 evals=792 860s
[556813.2] V6_E1_RC2880: step 26 ELEVATED pairs=27447 evals=846 921s
[556878.1] V6_E1_RC2880: step 27 ELEVATED pairs=27269 evals=900 986s
[556888.1] V6_E1_RC2880: step 28 ELEVATED pairs=27097 evals=909 996s
[556952.1] V6_E1_RC2880: step 29 ELEVATED pairs=26921 evals=963 1060s
[556962.1] V6_E1_RC2880: step 30 ELEVATED pairs=26751 evals=972 1070s
[557025.5] V6_E1_RC2880: step 31 ELEVATED pairs=26577 evals=1026 1133s
[557035.4] V6_E1_RC2880: step 32 ELEVATED pairs=26409 evals=1035 1143s
[557098.4] V6_E1_RC2880: step 33 ELEVATED pairs=26237 evals=1089 1206s
[557098.8] V6_E1_RC2880: step 34 NO_CANDIDATES_GENERATED pairs=26237 evals=1089 1207s
[557108.7] V6_E1_RC2880: step 35 ELEVATED pairs=26071 evals=1098 1217s
[557172.5] V6_E1_RC2880: step 36 ELEVATED pairs=25901 evals=1152 1280s
[557231.5] V6_E1_RC2880: step 37 ELEVATED pairs=25733 evals=1206 1339s
[557288.6] V6_E1_RC2880: step 38 ELEVATED pairs=25567 evals=1260 1396s
[557344.6] V6_E1_RC2880: step 39 ELEVATED pairs=25403 evals=1314 1452s
[557398.5] V6_E1_RC2880: step 40 ELEVATED pairs=25241 evals=1368 1506s
[557429.7] V6_E1_RC2880: step 41 ELEVATED pairs=25086 evals=1422 1537s
[557482.8] V6_E1_RC2880: step 42 ELEVATED pairs=24926 evals=1476 1591s
[557528.2] V6_E1_RC2880: step 43 ELEVATED pairs=24735 evals=1548 1636s
[557592.6] V6_E1_RC2880: step 44 ELEVATED pairs=24570 evals=1620 1700s
[557658.8] V6_E1_RC2880: step 45 ELEVATED pairs=24407 evals=1692 1767s
[557719.0] V6_E1_RC2880: step 46 ELEVATED pairs=24246 evals=1746 1827s
[557774.6] V6_E1_RC2880: step 47 ELEVATED pairs=24087 evals=1800 1882s
[557814.8] V6_E1_RC2880: step 48 ELEVATED pairs=23913 evals=1872 1923s
[557870.7] V6_E1_RC2880: step 49 ELEVATED pairs=23756 evals=1926 1979s
[557912.6] V6_E1_RC2880: step 50 ELEVATED pairs=23605 evals=1980 2020s
[557971.4] V6_E1_RC2880: step 51 ELEVATED pairs=23450 evals=2034 2079s
[558014.1] V6_E1_RC2880: step 52 ELEVATED pairs=23299 evals=2088 2122s
[558055.1] V6_E1_RC2880: step 53 ELEVATED pairs=23148 evals=2142 2163s
[558094.6] V6_E1_RC2880: step 54 ELEVATED pairs=22997 evals=2196 2202s
[558145.5] V6_E1_RC2880: step 55 ELEVATED pairs=22844 evals=2250 2253s
[558188.1] V6_E1_RC2880: step 56 ELEVATED pairs=22693 evals=2313 2296s
[558235.7] V6_E1_RC2880: step 57 ELEVATED pairs=22541 evals=2367 2343s
[558282.6] V6_E1_RC2880: step 58 ELEVATED pairs=22391 evals=2421 2390s
[558334.3] V6_E1_RC2880: step 59 ELEVATED pairs=22253 evals=2493 2442s
[558377.4] V6_E1_RC2880: step 60 ELEVATED pairs=22114 evals=2565 2485s
[558419.8] V6_E1_RC2880: step 61 ELEVATED pairs=21984 evals=2637 2528s
[558469.1] V6_E1_RC2880: step 62 ELEVATED pairs=21856 evals=2709 2577s
[558519.6] V6_E1_RC2880: step 63 ELEVATED pairs=21730 evals=2781 2627s
[558550.6] V6_E1_RC2880: step 64 ELEVATED pairs=21594 evals=2835 2658s
[558571.5] V6_E1_RC2880: step 65 ELEVATED pairs=21462 evals=2853 2679s
[558582.2] V6_E1_RC2880: step 66 ELEVATED pairs=21351 evals=2880 2690s
[558582.6] V6_E1_RC2880: done final=21351 moves=58 first=58 reloc=0 ret=0 evals=2880 stop=CANDIDATE_BUDGET_EXHAUSTED
[558695.3] V6_E1_RC2880: recheck PASS checks=130816
