[602452.8] P4_BASE_E2_CAP60_R2880: start mode=R budget=2880 spec={"name": "P4_BASE_E2_CAP60", "target_policy": "LEGACY", "evaluation_policy": "E2_ORDERED_K16", "traversal_policy": "BASE", "max_targets": 2000, "k_per_target": 16, "family_round_robin": false, "relocation_side_reserve": 0, "waiting_age": false, "route_coverage": false, "multi_anchor": false, "exact_dedup": false, "decision_cache": false, "return_action": false, "cache_structural_skips": false, "window_slack_mm": 1e-05, "generation_domain": "LINE_ONLY", "path_window_settings": null, "stage_length_cap_mm": 60.0, "notes": ""}
[602452.8] P4_BASE_E2_CAP60_R2880: start state=main C:\Users\lihao\Desktop\Graduation Project\OpticalWaveguideRouter3D\outputs\3d_strategy_v3\512_ablation\D_both_enabled pairs=42909
[602457.3] P4_BASE_E2_CAP60_R2880: INITIAL_DONE pairs=42909
[602457.4] P4_BASE_E2_CAP60_R2880: step 1 NO_CANDIDATES_GENERATED pairs=42909 evals=0 0s
[602457.6] P4_BASE_E2_CAP60_R2880: step 2 NO_CANDIDATES_GENERATED pairs=42909 evals=0 0s
[602464.0] P4_BASE_E2_CAP60_R2880: step 3 ELEVATED pairs=42661 evals=16 7s
[602474.9] P4_BASE_E2_CAP60_R2880: step 4 ELEVATED pairs=42487 evals=32 18s
[602483.8] P4_BASE_E2_CAP60_R2880: step 5 ELEVATED pairs=42305 evals=48 27s
[602492.9] P4_BASE_E2_CAP60_R2880: step 6 ELEVATED pairs=42121 evals=64 36s
[602502.3] P4_BASE_E2_CAP60_R2880: step 7 ELEVATED pairs=41936 evals=80 45s
[602509.0] P4_BASE_E2_CAP60_R2880: step 8 ELEVATED pairs=41680 evals=96 52s
[602518.3] P4_BASE_E2_CAP60_R2880: step 9 ELEVATED pairs=41486 evals=112 61s
[602524.9] P4_BASE_E2_CAP60_R2880: step 10 ELEVATED pairs=41225 evals=128 68s
[602537.5] P4_BASE_E2_CAP60_R2880: step 11 ELEVATED pairs=41046 evals=144 80s
[602550.1] P4_BASE_E2_CAP60_R2880: step 12 ELEVATED pairs=40867 evals=160 93s
[602556.3] P4_BASE_E2_CAP60_R2880: step 13 ELEVATED pairs=40628 evals=176 99s
[602564.6] P4_BASE_E2_CAP60_R2880: step 14 ELEVATED pairs=40377 evals=192 107s
[602571.0] P4_BASE_E2_CAP60_R2880: step 15 ELEVATED pairs=40136 evals=208 114s
[602580.4] P4_BASE_E2_CAP60_R2880: step 16 ELEVATED pairs=39887 evals=224 123s
[602589.4] P4_BASE_E2_CAP60_R2880: step 17 ELEVATED pairs=39640 evals=240 132s
[602598.1] P4_BASE_E2_CAP60_R2880: step 18 ELEVATED pairs=39399 evals=256 141s
[602607.5] P4_BASE_E2_CAP60_R2880: step 19 ELEVATED pairs=39175 evals=272 150s
[602616.3] P4_BASE_E2_CAP60_R2880: step 20 ELEVATED pairs=38969 evals=288 159s
[602627.8] P4_BASE_E2_CAP60_R2880: step 21 ELEVATED pairs=38811 evals=304 171s
[602637.0] P4_BASE_E2_CAP60_R2880: step 22 ELEVATED pairs=38668 evals=320 180s
[602645.5] P4_BASE_E2_CAP60_R2880: step 23 ELEVATED pairs=38466 evals=336 188s
[602653.9] P4_BASE_E2_CAP60_R2880: step 24 ELEVATED pairs=38332 evals=352 197s
[602660.9] P4_BASE_E2_CAP60_R2880: step 25 ELEVATED pairs=38108 evals=368 204s
[602669.4] P4_BASE_E2_CAP60_R2880: step 26 ELEVATED pairs=37974 evals=384 212s
[602676.4] P4_BASE_E2_CAP60_R2880: step 27 ELEVATED pairs=37771 evals=400 219s
[602683.5] P4_BASE_E2_CAP60_R2880: step 28 ELEVATED pairs=37568 evals=416 226s
[602689.5] P4_BASE_E2_CAP60_R2880: step 29 ELEVATED pairs=37338 evals=432 232s
[602695.3] P4_BASE_E2_CAP60_R2880: step 30 ELEVATED pairs=37110 evals=448 238s
[602703.3] P4_BASE_E2_CAP60_R2880: step 31 ELEVATED pairs=36910 evals=464 246s
[602708.9] P4_BASE_E2_CAP60_R2880: step 32 ELEVATED pairs=36684 evals=480 252s
[602716.4] P4_BASE_E2_CAP60_R2880: step 33 ELEVATED pairs=36466 evals=496 259s
[602723.2] P4_BASE_E2_CAP60_R2880: step 34 ELEVATED pairs=36269 evals=512 266s
[602735.0] P4_BASE_E2_CAP60_R2880: step 35 ELEVATED pairs=36073 evals=528 278s
[602743.4] P4_BASE_E2_CAP60_R2880: step 36 ELEVATED pairs=35887 evals=544 286s
[602750.2] P4_BASE_E2_CAP60_R2880: step 37 ELEVATED pairs=35774 evals=560 293s
[602758.4] P4_BASE_E2_CAP60_R2880: step 38 ELEVATED pairs=35543 evals=576 301s
[602765.8] P4_BASE_E2_CAP60_R2880: step 39 ELEVATED pairs=35343 evals=592 308s
[602774.2] P4_BASE_E2_CAP60_R2880: step 40 ELEVATED pairs=35138 evals=608 317s
[602774.4] P4_BASE_E2_CAP60_R2880: step 41 NO_CANDIDATES_GENERATED pairs=35138 evals=608 317s
[602774.5] P4_BASE_E2_CAP60_R2880: step 42 NO_CANDIDATES_GENERATED pairs=35138 evals=608 317s
[602783.3] P4_BASE_E2_CAP60_R2880: step 43 ELEVATED pairs=34935 evals=624 326s
[602792.5] P4_BASE_E2_CAP60_R2880: step 44 ELEVATED pairs=34734 evals=640 335s
[602798.8] P4_BASE_E2_CAP60_R2880: step 45 ELEVATED pairs=34539 evals=656 342s
[602808.4] P4_BASE_E2_CAP60_R2880: step 46 ELEVATED pairs=34340 evals=672 351s
[602817.6] P4_BASE_E2_CAP60_R2880: step 47 ELEVATED pairs=34143 evals=688 360s
[602825.9] P4_BASE_E2_CAP60_R2880: step 48 ELEVATED pairs=33933 evals=704 369s
[602835.4] P4_BASE_E2_CAP60_R2880: step 49 ELEVATED pairs=33738 evals=720 378s
[602843.1] P4_BASE_E2_CAP60_R2880: step 50 ELEVATED pairs=33530 evals=736 386s
[602849.8] P4_BASE_E2_CAP60_R2880: step 51 ELEVATED pairs=33326 evals=752 393s
[602859.8] P4_BASE_E2_CAP60_R2880: step 52 ELEVATED pairs=33133 evals=768 402s
[602867.6] P4_BASE_E2_CAP60_R2880: step 53 ELEVATED pairs=32926 evals=784 410s
[602877.9] P4_BASE_E2_CAP60_R2880: step 54 ELEVATED pairs=32735 evals=800 421s
[602885.8] P4_BASE_E2_CAP60_R2880: step 55 ELEVATED pairs=32530 evals=816 428s
[602896.4] P4_BASE_E2_CAP60_R2880: step 56 ELEVATED pairs=32341 evals=832 439s
[602904.6] P4_BASE_E2_CAP60_R2880: step 57 ELEVATED pairs=32137 evals=848 447s
[602917.6] P4_BASE_E2_CAP60_R2880: step 58 ELEVATED pairs=31950 evals=864 460s
[602923.6] P4_BASE_E2_CAP60_R2880: step 59 ELEVATED pairs=31792 evals=880 466s
[602932.5] P4_BASE_E2_CAP60_R2880: step 60 ELEVATED pairs=31590 evals=896 475s
[602941.4] P4_BASE_E2_CAP60_R2880: step 61 ELEVATED pairs=31389 evals=912 484s
[602949.4] P4_BASE_E2_CAP60_R2880: step 62 ELEVATED pairs=31226 evals=928 492s
[602958.8] P4_BASE_E2_CAP60_R2880: step 63 ELEVATED pairs=31027 evals=944 502s
[602967.8] P4_BASE_E2_CAP60_R2880: step 64 ELEVATED pairs=30829 evals=960 510s
[602968.0] P4_BASE_E2_CAP60_R2880: step 65 NO_CANDIDATES_GENERATED pairs=30829 evals=960 511s
[602968.2] P4_BASE_E2_CAP60_R2880: step 66 NO_CANDIDATES_GENERATED pairs=30829 evals=960 511s
[602968.4] P4_BASE_E2_CAP60_R2880: step 67 NO_CANDIDATES_GENERATED pairs=30829 evals=960 511s
[602976.9] P4_BASE_E2_CAP60_R2880: step 68 ELEVATED pairs=30633 evals=976 520s
[602984.4] P4_BASE_E2_CAP60_R2880: step 69 ELEVATED pairs=30481 evals=992 527s
[602991.8] P4_BASE_E2_CAP60_R2880: step 70 ELEVATED pairs=30367 evals=1008 535s
[603000.7] P4_BASE_E2_CAP60_R2880: step 71 ELEVATED pairs=30214 evals=1024 543s
[603006.6] P4_BASE_E2_CAP60_R2880: step 72 ELEVATED pairs=30030 evals=1033 549s
[603015.0] P4_BASE_E2_CAP60_R2880: step 73 ELEVATED pairs=29879 evals=1049 558s
[603020.8] P4_BASE_E2_CAP60_R2880: step 74 ELEVATED pairs=29697 evals=1058 564s
[603029.0] P4_BASE_E2_CAP60_R2880: step 75 ELEVATED pairs=29548 evals=1074 572s
[603034.8] P4_BASE_E2_CAP60_R2880: step 76 ELEVATED pairs=29368 evals=1083 578s
[603040.3] P4_BASE_E2_CAP60_R2880: step 77 ELEVATED pairs=29190 evals=1092 583s
[603055.5] P4_BASE_E2_CAP60_R2880: step 78 ELEVATED pairs=28961 evals=1108 598s
[603061.2] P4_BASE_E2_CAP60_R2880: step 79 ELEVATED pairs=28776 evals=1124 604s
[603066.7] P4_BASE_E2_CAP60_R2880: step 80 ELEVATED pairs=28593 evals=1140 609s
[603072.1] P4_BASE_E2_CAP60_R2880: step 81 ELEVATED pairs=28412 evals=1156 615s
[603077.5] P4_BASE_E2_CAP60_R2880: step 82 ELEVATED pairs=28233 evals=1172 620s
[603082.6] P4_BASE_E2_CAP60_R2880: step 83 ELEVATED pairs=28134 evals=1188 625s
[603089.4] P4_BASE_E2_CAP60_R2880: step 84 ELEVATED pairs=28022 evals=1204 632s
[603095.0] P4_BASE_E2_CAP60_R2880: step 85 ELEVATED pairs=27902 evals=1220 638s
[603100.5] P4_BASE_E2_CAP60_R2880: step 86 ELEVATED pairs=27782 evals=1236 643s
[603106.4] P4_BASE_E2_CAP60_R2880: step 87 ELEVATED pairs=27662 evals=1252 649s
[603111.7] P4_BASE_E2_CAP60_R2880: step 88 ELEVATED pairs=27514 evals=1268 654s
[603117.3] P4_BASE_E2_CAP60_R2880: step 89 ELEVATED pairs=27394 evals=1284 660s
[603124.1] P4_BASE_E2_CAP60_R2880: step 90 ELEVATED pairs=27248 evals=1300 667s
[603131.9] P4_BASE_E2_CAP60_R2880: step 91 ELEVATED pairs=27092 evals=1316 675s
[603139.4] P4_BASE_E2_CAP60_R2880: step 92 PREFIX_EVALUATED_NO_WINNER_DEFERRED pairs=27092 evals=1332 682s
[603146.8] P4_BASE_E2_CAP60_R2880: step 93 ELEVATED pairs=26951 evals=1348 690s
[603154.4] P4_BASE_E2_CAP60_R2880: step 94 PREFIX_EVALUATED_NO_WINNER_DEFERRED pairs=26951 evals=1364 697s
[603162.1] P4_BASE_E2_CAP60_R2880: step 95 ELEVATED pairs=26895 evals=1380 705s
[603169.9] P4_BASE_E2_CAP60_R2880: step 96 ELEVATED pairs=26781 evals=1396 713s
[603179.8] P4_BASE_E2_CAP60_R2880: step 97 ELEVATED pairs=26690 evals=1412 722s
[603189.1] P4_BASE_E2_CAP60_R2880: step 98 ELEVATED pairs=26525 evals=1428 732s
[603196.6] P4_BASE_E2_CAP60_R2880: step 99 ELEVATED pairs=26436 evals=1444 739s
[603206.2] P4_BASE_E2_CAP60_R2880: step 100 ELEVATED pairs=26273 evals=1460 749s
[603215.1] P4_BASE_E2_CAP60_R2880: step 101 ELEVATED pairs=26112 evals=1476 758s
[603221.2] P4_BASE_E2_CAP60_R2880: step 102 ELEVATED pairs=26016 evals=1492 764s
[603232.4] P4_BASE_E2_CAP60_R2880: step 103 ELEVATED pairs=25857 evals=1508 775s
[603238.7] P4_BASE_E2_CAP60_R2880: step 104 ELEVATED pairs=25803 evals=1524 781s
[603247.8] P4_BASE_E2_CAP60_R2880: step 105 ELEVATED pairs=25644 evals=1540 791s
[603256.6] P4_BASE_E2_CAP60_R2880: step 106 ELEVATED pairs=25487 evals=1556 799s
[603261.7] P4_BASE_E2_CAP60_R2880: step 107 ELEVATED pairs=25361 evals=1572 804s
[603270.5] P4_BASE_E2_CAP60_R2880: step 108 ELEVATED pairs=25207 evals=1588 813s
[603278.2] P4_BASE_E2_CAP60_R2880: step 109 ELEVATED pairs=25144 evals=1604 821s
[603284.6] P4_BASE_E2_CAP60_R2880: step 110 ELEVATED pairs=24969 evals=1620 827s
[603290.6] P4_BASE_E2_CAP60_R2880: step 111 ELEVATED pairs=24796 evals=1636 833s
[603298.3] P4_BASE_E2_CAP60_R2880: step 112 ELEVATED pairs=24735 evals=1652 841s
[603313.9] P4_BASE_E2_CAP60_R2880: step 113 ELEVATED pairs=24607 evals=1668 857s
[603329.9] P4_BASE_E2_CAP60_R2880: step 114 ELEVATED pairs=24481 evals=1684 873s
[603337.8] P4_BASE_E2_CAP60_R2880: step 115 ELEVATED pairs=24411 evals=1700 881s
[603347.5] P4_BASE_E2_CAP60_R2880: step 116 ELEVATED pairs=24317 evals=1709 890s
[603361.0] P4_BASE_E2_CAP60_R2880: step 117 ELEVATED pairs=24173 evals=1725 904s
[603368.2] P4_BASE_E2_CAP60_R2880: step 118 ELEVATED pairs=24079 evals=1741 911s
[603381.9] P4_BASE_E2_CAP60_R2880: step 119 ELEVATED pairs=23935 evals=1757 925s
[603395.2] P4_BASE_E2_CAP60_R2880: step 120 ELEVATED pairs=23791 evals=1773 938s
[603401.7] P4_BASE_E2_CAP60_R2880: step 121 ELEVATED pairs=23698 evals=1789 944s
[603415.0] P4_BASE_E2_CAP60_R2880: step 122 ELEVATED pairs=23554 evals=1805 958s
[603435.9] P4_BASE_E2_CAP60_R2880: step 123 ELEVATED pairs=23440 evals=1821 979s
[603446.8] P4_BASE_E2_CAP60_R2880: step 124 ELEVATED pairs=23259 evals=1837 989s
[603467.4] P4_BASE_E2_CAP60_R2880: step 125 ELEVATED pairs=23145 evals=1853 1010s
[603487.8] P4_BASE_E2_CAP60_R2880: step 126 ELEVATED pairs=23031 evals=1869 1031s
[603501.1] P4_BASE_E2_CAP60_R2880: step 127 ELEVATED pairs=22866 evals=1885 1044s
[603521.8] P4_BASE_E2_CAP60_R2880: step 128 ELEVATED pairs=22752 evals=1901 1065s
[603536.1] P4_BASE_E2_CAP60_R2880: step 129 ELEVATED pairs=22589 evals=1917 1079s
[603552.2] P4_BASE_E2_CAP60_R2880: step 130 ELEVATED pairs=22428 evals=1933 1095s
[603569.0] P4_BASE_E2_CAP60_R2880: step 131 ELEVATED pairs=22269 evals=1949 1112s
[603577.3] P4_BASE_E2_CAP60_R2880: step 132 ELEVATED pairs=22187 evals=1965 1120s
[603585.0] P4_BASE_E2_CAP60_R2880: step 133 ELEVATED pairs=22053 evals=1981 1128s
[603592.4] P4_BASE_E2_CAP60_R2880: step 134 ELEVATED pairs=21921 evals=1997 1135s
[603604.9] P4_BASE_E2_CAP60_R2880: step 135 ELEVATED pairs=21793 evals=2013 1148s
[603612.7] P4_BASE_E2_CAP60_R2880: step 136 ELEVATED pairs=21663 evals=2029 1155s
[603620.0] P4_BASE_E2_CAP60_R2880: step 137 ELEVATED pairs=21599 evals=2045 1163s
[603627.5] P4_BASE_E2_CAP60_R2880: step 138 ELEVATED pairs=21536 evals=2061 1170s
[603634.9] P4_BASE_E2_CAP60_R2880: step 139 ELEVATED pairs=21473 evals=2077 1178s
[603641.3] P4_BASE_E2_CAP60_R2880: step 140 ELEVATED pairs=21404 evals=2093 1184s
[603647.6] P4_BASE_E2_CAP60_R2880: step 141 ELEVATED pairs=21335 evals=2109 1190s
[603654.1] P4_BASE_E2_CAP60_R2880: step 142 ELEVATED pairs=21266 evals=2125 1197s
[603660.7] P4_BASE_E2_CAP60_R2880: step 143 ELEVATED pairs=21197 evals=2141 1203s
[603667.4] P4_BASE_E2_CAP60_R2880: step 144 PREFIX_EVALUATED_NO_WINNER_DEFERRED pairs=21197 evals=2157 1210s
[603683.1] P4_BASE_E2_CAP60_R2880: step 145 ELEVATED pairs=21078 evals=2173 1226s
[603689.9] P4_BASE_E2_CAP60_R2880: step 146 PREFIX_EVALUATED_NO_WINNER_DEFERRED pairs=21078 evals=2189 1233s
[603698.1] P4_BASE_E2_CAP60_R2880: step 147 ELEVATED pairs=21032 evals=2205 1241s
[603704.8] P4_BASE_E2_CAP60_R2880: step 148 PREFIX_EVALUATED_NO_WINNER_DEFERRED pairs=21032 evals=2221 1248s
[603713.0] P4_BASE_E2_CAP60_R2880: step 149 ELEVATED pairs=20986 evals=2237 1256s
[603719.7] P4_BASE_E2_CAP60_R2880: step 150 PREFIX_EVALUATED_NO_WINNER_DEFERRED pairs=20986 evals=2253 1262s
[603725.8] P4_BASE_E2_CAP60_R2880: step 151 ELEVATED pairs=20932 evals=2269 1269s
[603732.5] P4_BASE_E2_CAP60_R2880: step 152 PREFIX_EVALUATED_NO_WINNER_DEFERRED pairs=20932 evals=2285 1275s
[603738.8] P4_BASE_E2_CAP60_R2880: step 153 ELEVATED pairs=20865 evals=2301 1282s
[603745.2] P4_BASE_E2_CAP60_R2880: step 154 PREFIX_EVALUATED_NO_WINNER_DEFERRED pairs=20865 evals=2317 1288s
[603751.5] P4_BASE_E2_CAP60_R2880: step 155 ELEVATED pairs=20798 evals=2333 1294s
[603758.1] P4_BASE_E2_CAP60_R2880: step 156 PREFIX_EVALUATED_NO_WINNER_DEFERRED pairs=20798 evals=2349 1301s
[603763.9] P4_BASE_E2_CAP60_R2880: step 157 ELEVATED pairs=20731 evals=2365 1307s
[603770.5] P4_BASE_E2_CAP60_R2880: step 158 PREFIX_EVALUATED_NO_WINNER_DEFERRED pairs=20731 evals=2381 1313s
[603781.6] P4_BASE_E2_CAP60_R2880: step 159 ELEVATED pairs=20568 evals=2397 1324s
[603788.0] P4_BASE_E2_CAP60_R2880: step 160 PREFIX_EVALUATED_NO_WINNER_DEFERRED pairs=20568 evals=2413 1331s
[603793.9] P4_BASE_E2_CAP60_R2880: step 161 ELEVATED pairs=20508 evals=2429 1337s
[603800.3] P4_BASE_E2_CAP60_R2880: step 162 PREFIX_EVALUATED_NO_WINNER_DEFERRED pairs=20508 evals=2445 1343s
[603806.0] P4_BASE_E2_CAP60_R2880: step 163 ELEVATED pairs=20448 evals=2461 1349s
[603812.4] P4_BASE_E2_CAP60_R2880: step 164 PREFIX_EVALUATED_NO_WINNER_DEFERRED pairs=20448 evals=2477 1355s
[603823.7] P4_BASE_E2_CAP60_R2880: step 165 ELEVATED pairs=20287 evals=2493 1366s
[603830.1] P4_BASE_E2_CAP60_R2880: step 166 PREFIX_EVALUATED_NO_WINNER_DEFERRED pairs=20287 evals=2509 1373s
[603836.0] P4_BASE_E2_CAP60_R2880: step 167 ELEVATED pairs=20221 evals=2525 1379s
[603842.5] P4_BASE_E2_CAP60_R2880: step 168 PREFIX_EVALUATED_NO_WINNER_DEFERRED pairs=20221 evals=2541 1385s
[603853.6] P4_BASE_E2_CAP60_R2880: step 169 ELEVATED pairs=20062 evals=2557 1396s
[603860.2] P4_BASE_E2_CAP60_R2880: step 170 PREFIX_EVALUATED_NO_WINNER_DEFERRED pairs=20062 evals=2573 1403s
[603867.9] P4_BASE_E2_CAP60_R2880: step 171 PREFIX_EVALUATED_NO_WINNER_DEFERRED pairs=20062 evals=2589 1411s
[603878.2] P4_BASE_E2_CAP60_R2880: step 172 ELEVATED pairs=19997 evals=2598 1421s
[603884.6] P4_BASE_E2_CAP60_R2880: step 173 PREFIX_EVALUATED_NO_WINNER_DEFERRED pairs=19997 evals=2614 1427s
[603892.3] P4_BASE_E2_CAP60_R2880: step 174 PREFIX_EVALUATED_NO_WINNER_DEFERRED pairs=19997 evals=2630 1435s
[603902.2] P4_BASE_E2_CAP60_R2880: step 175 ELEVATED pairs=19848 evals=2646 1445s
[603908.6] P4_BASE_E2_CAP60_R2880: step 176 PREFIX_EVALUATED_NO_WINNER_DEFERRED pairs=19848 evals=2662 1451s
[603916.2] P4_BASE_E2_CAP60_R2880: step 177 PREFIX_EVALUATED_NO_WINNER_DEFERRED pairs=19848 evals=2678 1459s
[603923.0] P4_BASE_E2_CAP60_R2880: step 178 ELEVATED pairs=19770 evals=2694 1466s
[603929.5] P4_BASE_E2_CAP60_R2880: step 179 PREFIX_EVALUATED_NO_WINNER_DEFERRED pairs=19770 evals=2710 1472s
[603937.2] P4_BASE_E2_CAP60_R2880: step 180 PREFIX_EVALUATED_NO_WINNER_DEFERRED pairs=19770 evals=2726 1480s
[603947.2] P4_BASE_E2_CAP60_R2880: step 181 ELEVATED pairs=19623 evals=2742 1490s
[603953.5] P4_BASE_E2_CAP60_R2880: step 182 PREFIX_EVALUATED_NO_WINNER_DEFERRED pairs=19623 evals=2758 1496s
[603961.2] P4_BASE_E2_CAP60_R2880: step 183 PREFIX_EVALUATED_NO_WINNER_DEFERRED pairs=19623 evals=2774 1504s
[603970.8] P4_BASE_E2_CAP60_R2880: step 184 ELEVATED pairs=19478 evals=2790 1514s
[603977.4] P4_BASE_E2_CAP60_R2880: step 185 PREFIX_EVALUATED_NO_WINNER_DEFERRED pairs=19478 evals=2806 1520s
[603985.1] P4_BASE_E2_CAP60_R2880: step 186 PREFIX_EVALUATED_NO_WINNER_DEFERRED pairs=19478 evals=2822 1528s
[603995.1] P4_BASE_E2_CAP60_R2880: step 187 ELEVATED pairs=19335 evals=2838 1538s
[604001.5] P4_BASE_E2_CAP60_R2880: step 188 PREFIX_EVALUATED_NO_WINNER_DEFERRED pairs=19335 evals=2854 1544s
[604009.3] P4_BASE_E2_CAP60_R2880: step 189 PREFIX_EVALUATED_NO_WINNER_DEFERRED pairs=19335 evals=2870 1552s
[604012.9] P4_BASE_E2_CAP60_R2880: step 190 ELEVATED pairs=19233 evals=2880 1556s
[604013.4] P4_BASE_E2_CAP60_R2880: done final=19233 moves=154 first=154 reloc=0 ret=0 evals=2880 stop=CANDIDATE_BUDGET_EXHAUSTED
[604083.3] P4_BASE_E2_CAP60_R2880: recheck PASS checks=130816
