[605597.6] V8_G0_NEUTRALITY_N720_refreeze: start mode=N budget=720 spec={"name": "V8_G0_NEUTRALITY", "target_policy": "LEGACY", "evaluation_policy": "E2_ORDERED_K16", "traversal_policy": "BASE", "max_targets": 200, "k_per_target": 16, "family_round_robin": false, "relocation_side_reserve": 0, "waiting_age": false, "route_coverage": false, "multi_anchor": false, "exact_dedup": false, "decision_cache": false, "return_action": false, "cache_structural_skips": false, "window_slack_mm": 1e-05, "generation_domain": "LINE_ONLY", "path_window_settings": null, "stage_length_cap_mm": null, "notes": ""}
[605597.6] V8_G0_NEUTRALITY_N720_refreeze: start state=main C:\Users\lihao\Desktop\Graduation Project\OpticalWaveguideRouter3D\outputs\3d_strategy_v3\512_ablation\D_both_enabled pairs=42909
[605601.0] V8_G0_NEUTRALITY_N720_refreeze: INITIAL_DONE pairs=42909
[605601.1] V8_G0_NEUTRALITY_N720_refreeze: step 1 NO_CANDIDATES_GENERATED pairs=42909 evals=0 0s
[605601.2] V8_G0_NEUTRALITY_N720_refreeze: step 2 NO_CANDIDATES_GENERATED pairs=42909 evals=0 0s
[605606.0] V8_G0_NEUTRALITY_N720_refreeze: step 3 ELEVATED pairs=42661 evals=16 5s
[605614.5] V8_G0_NEUTRALITY_N720_refreeze: step 4 ELEVATED pairs=42487 evals=32 13s
[605621.4] V8_G0_NEUTRALITY_N720_refreeze: step 5 ELEVATED pairs=42305 evals=48 20s
[605628.5] V8_G0_NEUTRALITY_N720_refreeze: step 6 ELEVATED pairs=42121 evals=64 27s
[605635.6] V8_G0_NEUTRALITY_N720_refreeze: step 7 ELEVATED pairs=41936 evals=80 34s
[605641.0] V8_G0_NEUTRALITY_N720_refreeze: step 8 ELEVATED pairs=41680 evals=96 40s
[605648.4] V8_G0_NEUTRALITY_N720_refreeze: step 9 ELEVATED pairs=41486 evals=112 47s
[605653.4] V8_G0_NEUTRALITY_N720_refreeze: step 10 ELEVATED pairs=41225 evals=128 52s
[605663.3] V8_G0_NEUTRALITY_N720_refreeze: step 11 ELEVATED pairs=41046 evals=144 62s
[605673.3] V8_G0_NEUTRALITY_N720_refreeze: step 12 ELEVATED pairs=40867 evals=160 72s
[605678.1] V8_G0_NEUTRALITY_N720_refreeze: step 13 ELEVATED pairs=40628 evals=176 77s
[605684.6] V8_G0_NEUTRALITY_N720_refreeze: step 14 ELEVATED pairs=40377 evals=192 83s
[605689.3] V8_G0_NEUTRALITY_N720_refreeze: step 15 ELEVATED pairs=40136 evals=208 88s
[605695.9] V8_G0_NEUTRALITY_N720_refreeze: step 16 ELEVATED pairs=39887 evals=224 95s
[605702.5] V8_G0_NEUTRALITY_N720_refreeze: step 17 ELEVATED pairs=39640 evals=240 101s
[605708.7] V8_G0_NEUTRALITY_N720_refreeze: step 18 ELEVATED pairs=39399 evals=256 108s
[605715.4] V8_G0_NEUTRALITY_N720_refreeze: step 19 ELEVATED pairs=39175 evals=272 114s
[605721.8] V8_G0_NEUTRALITY_N720_refreeze: step 20 ELEVATED pairs=38969 evals=288 121s
[605730.7] V8_G0_NEUTRALITY_N720_refreeze: step 21 ELEVATED pairs=38811 evals=304 130s
[605737.5] V8_G0_NEUTRALITY_N720_refreeze: step 22 ELEVATED pairs=38668 evals=320 136s
[605743.6] V8_G0_NEUTRALITY_N720_refreeze: step 23 ELEVATED pairs=38466 evals=336 142s
[605749.8] V8_G0_NEUTRALITY_N720_refreeze: step 24 ELEVATED pairs=38332 evals=352 149s
[605755.0] V8_G0_NEUTRALITY_N720_refreeze: step 25 ELEVATED pairs=38108 evals=368 154s
[605761.3] V8_G0_NEUTRALITY_N720_refreeze: step 26 ELEVATED pairs=37974 evals=384 160s
[605766.5] V8_G0_NEUTRALITY_N720_refreeze: step 27 ELEVATED pairs=37771 evals=400 165s
[605771.8] V8_G0_NEUTRALITY_N720_refreeze: step 28 ELEVATED pairs=37568 evals=416 171s
[605776.2] V8_G0_NEUTRALITY_N720_refreeze: step 29 ELEVATED pairs=37338 evals=432 175s
[605780.8] V8_G0_NEUTRALITY_N720_refreeze: step 30 ELEVATED pairs=37110 evals=448 180s
[605786.9] V8_G0_NEUTRALITY_N720_refreeze: step 31 ELEVATED pairs=36910 evals=464 186s
[605791.2] V8_G0_NEUTRALITY_N720_refreeze: step 32 ELEVATED pairs=36684 evals=480 190s
[605797.1] V8_G0_NEUTRALITY_N720_refreeze: step 33 ELEVATED pairs=36466 evals=496 196s
[605802.8] V8_G0_NEUTRALITY_N720_refreeze: step 34 ELEVATED pairs=36269 evals=512 202s
[605812.7] V8_G0_NEUTRALITY_N720_refreeze: step 35 ELEVATED pairs=36073 evals=528 212s
[605820.0] V8_G0_NEUTRALITY_N720_refreeze: step 36 ELEVATED pairs=35887 evals=544 219s
[605825.9] V8_G0_NEUTRALITY_N720_refreeze: step 37 ELEVATED pairs=35774 evals=560 225s
[605832.4] V8_G0_NEUTRALITY_N720_refreeze: step 38 ELEVATED pairs=35543 evals=576 231s
[605837.8] V8_G0_NEUTRALITY_N720_refreeze: step 39 ELEVATED pairs=35343 evals=592 237s
[605844.2] V8_G0_NEUTRALITY_N720_refreeze: step 40 ELEVATED pairs=35138 evals=608 243s
[605844.4] V8_G0_NEUTRALITY_N720_refreeze: step 41 NO_CANDIDATES_GENERATED pairs=35138 evals=608 243s
[605844.5] V8_G0_NEUTRALITY_N720_refreeze: step 42 NO_CANDIDATES_GENERATED pairs=35138 evals=608 243s
[605851.4] V8_G0_NEUTRALITY_N720_refreeze: step 43 ELEVATED pairs=34935 evals=624 250s
[605858.5] V8_G0_NEUTRALITY_N720_refreeze: step 44 ELEVATED pairs=34734 evals=640 257s
[605863.4] V8_G0_NEUTRALITY_N720_refreeze: step 45 ELEVATED pairs=34539 evals=656 262s
[605871.0] V8_G0_NEUTRALITY_N720_refreeze: step 46 ELEVATED pairs=34340 evals=672 270s
[605878.5] V8_G0_NEUTRALITY_N720_refreeze: step 47 ELEVATED pairs=34143 evals=688 277s
[605885.6] V8_G0_NEUTRALITY_N720_refreeze: step 48 ELEVATED pairs=33933 evals=704 284s
[605893.9] V8_G0_NEUTRALITY_N720_refreeze: step 49 ELEVATED pairs=33738 evals=720 293s
[605894.1] V8_G0_NEUTRALITY_N720_refreeze: step 50 ABORTED_CANDIDATE_BUDGET pairs=33738 evals=720 293s
[605894.4] V8_G0_NEUTRALITY_N720_refreeze: done final=33738 moves=45 first=45 reloc=0 ret=0 evals=720 stop=CANDIDATE_BUDGET_EXHAUSTED
[605930.0] V8_G0_NEUTRALITY_N720_refreeze: recheck PASS checks=130816
