[605597.1] V8_G0_NEUTRALITY_N1440_refreeze: start mode=N budget=1440 spec={"name": "V8_G0_NEUTRALITY", "target_policy": "LEGACY", "evaluation_policy": "E2_ORDERED_K16", "traversal_policy": "BASE", "max_targets": 200, "k_per_target": 16, "family_round_robin": false, "relocation_side_reserve": 0, "waiting_age": false, "route_coverage": false, "multi_anchor": false, "exact_dedup": false, "decision_cache": false, "return_action": false, "cache_structural_skips": false, "window_slack_mm": 1e-05, "generation_domain": "LINE_ONLY", "path_window_settings": null, "stage_length_cap_mm": null, "notes": ""}
[605597.1] V8_G0_NEUTRALITY_N1440_refreeze: start state=main C:\Users\lihao\Desktop\Graduation Project\OpticalWaveguideRouter3D\outputs\3d_strategy_v3\512_ablation\D_both_enabled pairs=42909
[605600.5] V8_G0_NEUTRALITY_N1440_refreeze: INITIAL_DONE pairs=42909
[605600.6] V8_G0_NEUTRALITY_N1440_refreeze: step 1 NO_CANDIDATES_GENERATED pairs=42909 evals=0 0s
[605600.7] V8_G0_NEUTRALITY_N1440_refreeze: step 2 NO_CANDIDATES_GENERATED pairs=42909 evals=0 0s
[605605.6] V8_G0_NEUTRALITY_N1440_refreeze: step 3 ELEVATED pairs=42661 evals=16 5s
[605614.0] V8_G0_NEUTRALITY_N1440_refreeze: step 4 ELEVATED pairs=42487 evals=32 13s
[605620.9] V8_G0_NEUTRALITY_N1440_refreeze: step 5 ELEVATED pairs=42305 evals=48 20s
[605627.9] V8_G0_NEUTRALITY_N1440_refreeze: step 6 ELEVATED pairs=42121 evals=64 27s
[605635.1] V8_G0_NEUTRALITY_N1440_refreeze: step 7 ELEVATED pairs=41936 evals=80 35s
[605640.5] V8_G0_NEUTRALITY_N1440_refreeze: step 8 ELEVATED pairs=41680 evals=96 40s
[605647.7] V8_G0_NEUTRALITY_N1440_refreeze: step 9 ELEVATED pairs=41486 evals=112 47s
[605652.9] V8_G0_NEUTRALITY_N1440_refreeze: step 10 ELEVATED pairs=41225 evals=128 52s
[605662.7] V8_G0_NEUTRALITY_N1440_refreeze: step 11 ELEVATED pairs=41046 evals=144 62s
[605672.7] V8_G0_NEUTRALITY_N1440_refreeze: step 12 ELEVATED pairs=40867 evals=160 72s
[605677.6] V8_G0_NEUTRALITY_N1440_refreeze: step 13 ELEVATED pairs=40628 evals=176 77s
[605684.0] V8_G0_NEUTRALITY_N1440_refreeze: step 14 ELEVATED pairs=40377 evals=192 83s
[605688.7] V8_G0_NEUTRALITY_N1440_refreeze: step 15 ELEVATED pairs=40136 evals=208 88s
[605695.2] V8_G0_NEUTRALITY_N1440_refreeze: step 16 ELEVATED pairs=39887 evals=224 95s
[605701.9] V8_G0_NEUTRALITY_N1440_refreeze: step 17 ELEVATED pairs=39640 evals=240 101s
[605708.1] V8_G0_NEUTRALITY_N1440_refreeze: step 18 ELEVATED pairs=39399 evals=256 108s
[605714.7] V8_G0_NEUTRALITY_N1440_refreeze: step 19 ELEVATED pairs=39175 evals=272 114s
[605721.1] V8_G0_NEUTRALITY_N1440_refreeze: step 20 ELEVATED pairs=38969 evals=288 121s
[605729.9] V8_G0_NEUTRALITY_N1440_refreeze: step 21 ELEVATED pairs=38811 evals=304 129s
[605736.8] V8_G0_NEUTRALITY_N1440_refreeze: step 22 ELEVATED pairs=38668 evals=320 136s
[605743.0] V8_G0_NEUTRALITY_N1440_refreeze: step 23 ELEVATED pairs=38466 evals=336 142s
[605749.0] V8_G0_NEUTRALITY_N1440_refreeze: step 24 ELEVATED pairs=38332 evals=352 148s
[605754.2] V8_G0_NEUTRALITY_N1440_refreeze: step 25 ELEVATED pairs=38108 evals=368 154s
[605760.6] V8_G0_NEUTRALITY_N1440_refreeze: step 26 ELEVATED pairs=37974 evals=384 160s
[605766.0] V8_G0_NEUTRALITY_N1440_refreeze: step 27 ELEVATED pairs=37771 evals=400 165s
[605771.1] V8_G0_NEUTRALITY_N1440_refreeze: step 28 ELEVATED pairs=37568 evals=416 171s
[605775.5] V8_G0_NEUTRALITY_N1440_refreeze: step 29 ELEVATED pairs=37338 evals=432 175s
[605779.9] V8_G0_NEUTRALITY_N1440_refreeze: step 30 ELEVATED pairs=37110 evals=448 179s
[605786.0] V8_G0_NEUTRALITY_N1440_refreeze: step 31 ELEVATED pairs=36910 evals=464 185s
[605790.4] V8_G0_NEUTRALITY_N1440_refreeze: step 32 ELEVATED pairs=36684 evals=480 190s
[605796.3] V8_G0_NEUTRALITY_N1440_refreeze: step 33 ELEVATED pairs=36466 evals=496 196s
[605802.1] V8_G0_NEUTRALITY_N1440_refreeze: step 34 ELEVATED pairs=36269 evals=512 201s
[605811.9] V8_G0_NEUTRALITY_N1440_refreeze: step 35 ELEVATED pairs=36073 evals=528 211s
[605819.1] V8_G0_NEUTRALITY_N1440_refreeze: step 36 ELEVATED pairs=35887 evals=544 218s
[605825.0] V8_G0_NEUTRALITY_N1440_refreeze: step 37 ELEVATED pairs=35774 evals=560 224s
[605831.4] V8_G0_NEUTRALITY_N1440_refreeze: step 38 ELEVATED pairs=35543 evals=576 231s
[605836.8] V8_G0_NEUTRALITY_N1440_refreeze: step 39 ELEVATED pairs=35343 evals=592 236s
[605843.2] V8_G0_NEUTRALITY_N1440_refreeze: step 40 ELEVATED pairs=35138 evals=608 243s
[605843.4] V8_G0_NEUTRALITY_N1440_refreeze: step 41 NO_CANDIDATES_GENERATED pairs=35138 evals=608 243s
[605843.5] V8_G0_NEUTRALITY_N1440_refreeze: step 42 NO_CANDIDATES_GENERATED pairs=35138 evals=608 243s
[605850.2] V8_G0_NEUTRALITY_N1440_refreeze: step 43 ELEVATED pairs=34935 evals=624 250s
[605857.2] V8_G0_NEUTRALITY_N1440_refreeze: step 44 ELEVATED pairs=34734 evals=640 257s
[605862.1] V8_G0_NEUTRALITY_N1440_refreeze: step 45 ELEVATED pairs=34539 evals=656 262s
[605869.8] V8_G0_NEUTRALITY_N1440_refreeze: step 46 ELEVATED pairs=34340 evals=672 269s
[605877.2] V8_G0_NEUTRALITY_N1440_refreeze: step 47 ELEVATED pairs=34143 evals=688 277s
[605884.3] V8_G0_NEUTRALITY_N1440_refreeze: step 48 ELEVATED pairs=33933 evals=704 284s
[605892.6] V8_G0_NEUTRALITY_N1440_refreeze: step 49 ELEVATED pairs=33738 evals=720 292s
[605899.4] V8_G0_NEUTRALITY_N1440_refreeze: step 50 ELEVATED pairs=33530 evals=736 299s
[605905.2] V8_G0_NEUTRALITY_N1440_refreeze: step 51 ELEVATED pairs=33326 evals=752 305s
[605913.7] V8_G0_NEUTRALITY_N1440_refreeze: step 52 ELEVATED pairs=33133 evals=768 313s
[605920.4] V8_G0_NEUTRALITY_N1440_refreeze: step 53 ELEVATED pairs=32926 evals=784 320s
[605929.5] V8_G0_NEUTRALITY_N1440_refreeze: step 54 ELEVATED pairs=32735 evals=800 329s
[605936.4] V8_G0_NEUTRALITY_N1440_refreeze: step 55 ELEVATED pairs=32530 evals=816 336s
[605945.9] V8_G0_NEUTRALITY_N1440_refreeze: step 56 ELEVATED pairs=32341 evals=832 345s
[605953.0] V8_G0_NEUTRALITY_N1440_refreeze: step 57 ELEVATED pairs=32137 evals=848 352s
[605962.7] V8_G0_NEUTRALITY_N1440_refreeze: step 58 ELEVATED pairs=31950 evals=864 362s
[605967.2] V8_G0_NEUTRALITY_N1440_refreeze: step 59 ELEVATED pairs=31792 evals=880 367s
[605974.2] V8_G0_NEUTRALITY_N1440_refreeze: step 60 ELEVATED pairs=31590 evals=896 374s
[605981.0] V8_G0_NEUTRALITY_N1440_refreeze: step 61 ELEVATED pairs=31389 evals=912 380s
[605987.3] V8_G0_NEUTRALITY_N1440_refreeze: step 62 ELEVATED pairs=31226 evals=928 387s
[605994.3] V8_G0_NEUTRALITY_N1440_refreeze: step 63 ELEVATED pairs=31027 evals=944 394s
[606001.0] V8_G0_NEUTRALITY_N1440_refreeze: step 64 ELEVATED pairs=30829 evals=960 400s
[606001.2] V8_G0_NEUTRALITY_N1440_refreeze: step 65 NO_CANDIDATES_GENERATED pairs=30829 evals=960 401s
[606001.3] V8_G0_NEUTRALITY_N1440_refreeze: step 66 NO_CANDIDATES_GENERATED pairs=30829 evals=960 401s
[606001.5] V8_G0_NEUTRALITY_N1440_refreeze: step 67 NO_CANDIDATES_GENERATED pairs=30829 evals=960 401s
[606008.5] V8_G0_NEUTRALITY_N1440_refreeze: step 68 ELEVATED pairs=30633 evals=976 408s
[606014.8] V8_G0_NEUTRALITY_N1440_refreeze: step 69 ELEVATED pairs=30481 evals=992 414s
[606020.6] V8_G0_NEUTRALITY_N1440_refreeze: step 70 ELEVATED pairs=30367 evals=1008 420s
[606027.9] V8_G0_NEUTRALITY_N1440_refreeze: step 71 ELEVATED pairs=30214 evals=1024 427s
[606032.8] V8_G0_NEUTRALITY_N1440_refreeze: step 72 ELEVATED pairs=30030 evals=1033 432s
[606039.7] V8_G0_NEUTRALITY_N1440_refreeze: step 73 ELEVATED pairs=29879 evals=1049 439s
[606044.6] V8_G0_NEUTRALITY_N1440_refreeze: step 74 ELEVATED pairs=29697 evals=1058 444s
[606051.5] V8_G0_NEUTRALITY_N1440_refreeze: step 75 ELEVATED pairs=29548 evals=1074 451s
[606056.2] V8_G0_NEUTRALITY_N1440_refreeze: step 76 ELEVATED pairs=29368 evals=1083 456s
[606060.8] V8_G0_NEUTRALITY_N1440_refreeze: step 77 ELEVATED pairs=29190 evals=1092 460s
[606073.1] V8_G0_NEUTRALITY_N1440_refreeze: step 78 ELEVATED pairs=28961 evals=1108 473s
[606077.3] V8_G0_NEUTRALITY_N1440_refreeze: step 79 ELEVATED pairs=28776 evals=1124 477s
[606081.6] V8_G0_NEUTRALITY_N1440_refreeze: step 80 ELEVATED pairs=28593 evals=1140 481s
[606085.8] V8_G0_NEUTRALITY_N1440_refreeze: step 81 ELEVATED pairs=28412 evals=1156 485s
[606090.4] V8_G0_NEUTRALITY_N1440_refreeze: step 82 ELEVATED pairs=28233 evals=1172 490s
[606094.8] V8_G0_NEUTRALITY_N1440_refreeze: step 83 ELEVATED pairs=28134 evals=1188 494s
[606100.7] V8_G0_NEUTRALITY_N1440_refreeze: step 84 ELEVATED pairs=28022 evals=1204 500s
[606105.1] V8_G0_NEUTRALITY_N1440_refreeze: step 85 ELEVATED pairs=27902 evals=1220 505s
[606109.6] V8_G0_NEUTRALITY_N1440_refreeze: step 86 ELEVATED pairs=27782 evals=1236 509s
[606114.0] V8_G0_NEUTRALITY_N1440_refreeze: step 87 ELEVATED pairs=27662 evals=1252 513s
[606118.4] V8_G0_NEUTRALITY_N1440_refreeze: step 88 ELEVATED pairs=27514 evals=1268 518s
[606123.0] V8_G0_NEUTRALITY_N1440_refreeze: step 89 ELEVATED pairs=27394 evals=1284 522s
[606128.3] V8_G0_NEUTRALITY_N1440_refreeze: step 90 ELEVATED pairs=27248 evals=1300 528s
[606133.9] V8_G0_NEUTRALITY_N1440_refreeze: step 91 ELEVATED pairs=27092 evals=1316 533s
[606139.1] V8_G0_NEUTRALITY_N1440_refreeze: step 92 PREFIX_EVALUATED_NO_WINNER_DEFERRED pairs=27092 evals=1332 539s
[606144.5] V8_G0_NEUTRALITY_N1440_refreeze: step 93 ELEVATED pairs=26951 evals=1348 544s
[606149.7] V8_G0_NEUTRALITY_N1440_refreeze: step 94 PREFIX_EVALUATED_NO_WINNER_DEFERRED pairs=26951 evals=1364 549s
[606155.2] V8_G0_NEUTRALITY_N1440_refreeze: step 95 ELEVATED pairs=26895 evals=1380 555s
[606161.0] V8_G0_NEUTRALITY_N1440_refreeze: step 96 ELEVATED pairs=26781 evals=1396 560s
[606168.3] V8_G0_NEUTRALITY_N1440_refreeze: step 97 ELEVATED pairs=26690 evals=1412 568s
[606174.9] V8_G0_NEUTRALITY_N1440_refreeze: step 98 ELEVATED pairs=26525 evals=1428 574s
[606179.0] V8_G0_NEUTRALITY_N1440_refreeze: step 99 ELEVATED pairs=26437 evals=1440 578s
[606179.3] V8_G0_NEUTRALITY_N1440_refreeze: done final=26437 moves=90 first=90 reloc=0 ret=0 evals=1440 stop=CANDIDATE_BUDGET_EXHAUSTED
[606221.7] V8_G0_NEUTRALITY_N1440_refreeze: recheck PASS checks=130816
