[556429.1] V7_T2_R1440: start mode=R budget=1440 spec={"name": "V7_T2", "target_policy": "LEGACY", "evaluation_policy": "E2_ORDERED_K16", "traversal_policy": "COVERAGE", "max_targets": 2000, "k_per_target": 16, "family_round_robin": false, "relocation_side_reserve": 0, "waiting_age": false, "route_coverage": true, "multi_anchor": false, "exact_dedup": false, "decision_cache": false, "return_action": false, "cache_structural_skips": true, "window_slack_mm": 1e-05, "notes": ""}
[556429.1] V7_T2_R1440: start state=main C:\Users\lihao\Desktop\Graduation Project\OpticalWaveguideRouter3D\outputs\3d_strategy_v3\512_ablation\D_both_enabled pairs=42909
[556437.1] V7_T2_R1440: INITIAL_DONE pairs=42909
[556437.4] V7_T2_R1440: step 1 NO_CANDIDATES_GENERATED pairs=42909 evals=0 1s
[556437.7] V7_T2_R1440: step 2 NO_CANDIDATES_GENERATED pairs=42909 evals=0 1s
[556450.6] V7_T2_R1440: step 3 ELEVATED pairs=42661 evals=16 14s
[556463.1] V7_T2_R1440: step 4 ELEVATED pairs=42405 evals=32 26s
[556474.2] V7_T2_R1440: step 5 ELEVATED pairs=42144 evals=48 37s
[556491.9] V7_T2_R1440: step 6 ELEVATED pairs=41895 evals=64 55s
[556500.6] V7_T2_R1440: step 7 ELEVATED pairs=41639 evals=80 64s
[556513.4] V7_T2_R1440: step 8 ELEVATED pairs=41400 evals=96 77s
[556526.3] V7_T2_R1440: step 9 ELEVATED pairs=41182 evals=112 90s
[556538.5] V7_T2_R1440: step 10 ELEVATED pairs=40967 evals=128 102s
[556552.9] V7_T2_R1440: step 11 ELEVATED pairs=40716 evals=144 116s
[556566.6] V7_T2_R1440: step 12 ELEVATED pairs=40527 evals=160 130s
[556585.6] V7_T2_R1440: step 13 ELEVATED pairs=40359 evals=176 149s
[556597.5] V7_T2_R1440: step 14 ELEVATED pairs=40161 evals=192 161s
[556611.6] V7_T2_R1440: step 15 ELEVATED pairs=39967 evals=208 175s
[556623.8] V7_T2_R1440: step 16 ELEVATED pairs=39773 evals=224 187s
[556637.7] V7_T2_R1440: step 17 ELEVATED pairs=39609 evals=240 201s
[556649.4] V7_T2_R1440: step 18 ELEVATED pairs=39381 evals=256 213s
[556661.3] V7_T2_R1440: step 19 ELEVATED pairs=39242 evals=272 225s
[556676.6] V7_T2_R1440: step 20 ELEVATED pairs=39029 evals=288 240s
[556691.4] V7_T2_R1440: step 21 ELEVATED pairs=38864 evals=304 255s
[556704.3] V7_T2_R1440: step 22 ELEVATED pairs=38631 evals=320 268s
[556724.6] V7_T2_R1440: step 23 ELEVATED pairs=38452 evals=336 288s
[556743.3] V7_T2_R1440: step 24 ELEVATED pairs=38287 evals=352 307s
[556760.1] V7_T2_R1440: step 25 ELEVATED pairs=38071 evals=368 323s
[556774.6] V7_T2_R1440: step 26 ELEVATED pairs=37863 evals=384 338s
[556793.2] V7_T2_R1440: step 27 ELEVATED pairs=37652 evals=400 356s
[556810.8] V7_T2_R1440: step 28 ELEVATED pairs=37442 evals=416 374s
[556822.0] V7_T2_R1440: step 29 ELEVATED pairs=37268 evals=432 385s
[556838.1] V7_T2_R1440: step 30 ELEVATED pairs=37060 evals=448 401s
[556854.4] V7_T2_R1440: step 31 ELEVATED pairs=36921 evals=464 418s
[556863.1] V7_T2_R1440: step 32 ELEVATED pairs=36726 evals=480 426s
[556873.1] V7_T2_R1440: step 33 ELEVATED pairs=36523 evals=496 436s
[556883.2] V7_T2_R1440: step 34 ELEVATED pairs=36321 evals=512 446s
[556898.6] V7_T2_R1440: step 35 ELEVATED pairs=36205 evals=528 462s
[556917.1] V7_T2_R1440: step 36 ELEVATED pairs=35993 evals=544 480s
[556934.4] V7_T2_R1440: step 37 ELEVATED pairs=35783 evals=560 498s
[556951.6] V7_T2_R1440: step 38 ELEVATED pairs=35575 evals=576 515s
[556967.9] V7_T2_R1440: step 39 ELEVATED pairs=35369 evals=592 531s
[556979.3] V7_T2_R1440: step 40 ELEVATED pairs=35201 evals=608 543s
[556979.5] V7_T2_R1440: step 41 NO_CANDIDATES_GENERATED pairs=35201 evals=608 543s
[556979.7] V7_T2_R1440: step 42 NO_CANDIDATES_GENERATED pairs=35201 evals=608 543s
[556980.0] V7_T2_R1440: step 43 NO_CANDIDATES_GENERATED pairs=35201 evals=608 543s
[556980.2] V7_T2_R1440: step 44 NO_CANDIDATES_GENERATED pairs=35201 evals=608 543s
[556980.4] V7_T2_R1440: step 45 NO_CANDIDATES_GENERATED pairs=35201 evals=608 544s
[556980.6] V7_T2_R1440: step 46 NO_CANDIDATES_GENERATED pairs=35201 evals=608 544s
[556996.2] V7_T2_R1440: step 47 ELEVATED pairs=34996 evals=624 559s
[557010.2] V7_T2_R1440: step 48 ELEVATED pairs=34847 evals=640 573s
[557028.3] V7_T2_R1440: step 49 ELEVATED pairs=34650 evals=656 592s
[557045.8] V7_T2_R1440: step 50 ELEVATED pairs=34455 evals=672 609s
[557064.9] V7_T2_R1440: step 51 ELEVATED pairs=34265 evals=688 628s
[557085.9] V7_T2_R1440: step 52 ELEVATED pairs=34077 evals=704 649s
[557110.7] V7_T2_R1440: step 53 ELEVATED pairs=33891 evals=720 674s
[557122.3] V7_T2_R1440: step 54 ELEVATED pairs=33699 evals=736 686s
[557134.4] V7_T2_R1440: step 55 ELEVATED pairs=33536 evals=752 698s
[557147.2] V7_T2_R1440: step 56 ELEVATED pairs=33346 evals=768 710s
[557158.2] V7_T2_R1440: step 57 ELEVATED pairs=33185 evals=784 721s
[557168.9] V7_T2_R1440: step 58 ELEVATED pairs=33022 evals=800 732s
[557180.4] V7_T2_R1440: step 59 ELEVATED pairs=32937 evals=816 744s
[557193.2] V7_T2_R1440: step 60 ELEVATED pairs=32822 evals=832 756s
[557204.6] V7_T2_R1440: step 61 ELEVATED pairs=32675 evals=848 768s
[557213.8] V7_T2_R1440: step 62 ELEVATED pairs=32567 evals=864 777s
[557225.0] V7_T2_R1440: step 63 ELEVATED pairs=32480 evals=880 788s
[557225.2] V7_T2_R1440: step 64 NO_CANDIDATES_GENERATED pairs=32480 evals=880 788s
[557225.4] V7_T2_R1440: step 65 NO_CANDIDATES_GENERATED pairs=32480 evals=880 789s
[557225.5] V7_T2_R1440: step 66 NO_CANDIDATES_GENERATED pairs=32480 evals=880 789s
[557235.5] V7_T2_R1440: step 67 ELEVATED pairs=32414 evals=896 799s
[557246.8] V7_T2_R1440: step 68 ELEVATED pairs=32316 evals=912 810s
[557257.8] V7_T2_R1440: step 69 ELEVATED pairs=32239 evals=928 821s
[557271.4] V7_T2_R1440: step 70 ELEVATED pairs=32068 evals=944 835s
[557282.1] V7_T2_R1440: step 71 ELEVATED pairs=31938 evals=960 845s
[557294.3] V7_T2_R1440: step 72 ELEVATED pairs=31769 evals=976 858s
[557305.6] V7_T2_R1440: step 73 ELEVATED pairs=31641 evals=992 869s
[557320.3] V7_T2_R1440: step 74 ELEVATED pairs=31472 evals=1008 884s
[557331.5] V7_T2_R1440: step 75 ELEVATED pairs=31392 evals=1024 895s
[557346.4] V7_T2_R1440: step 76 ELEVATED pairs=31268 evals=1040 910s
[557346.6] V7_T2_R1440: step 77 NO_CANDIDATES_GENERATED pairs=31268 evals=1040 910s
[557346.7] V7_T2_R1440: step 78 NO_CANDIDATES_GENERATED pairs=31268 evals=1040 910s
[557364.2] V7_T2_R1440: step 79 ELEVATED pairs=31128 evals=1056 927s
[557364.3] V7_T2_R1440: step 80 NO_CANDIDATES_GENERATED pairs=31128 evals=1056 928s
[557375.8] V7_T2_R1440: step 81 ELEVATED pairs=31063 evals=1072 939s
[557387.5] V7_T2_R1440: step 82 ELEVATED pairs=30998 evals=1088 951s
[557396.0] V7_T2_R1440: step 83 ELEVATED pairs=30929 evals=1104 959s
[557410.9] V7_T2_R1440: step 84 ELEVATED pairs=30773 evals=1120 974s
[557419.9] V7_T2_R1440: step 85 ELEVATED pairs=30696 evals=1136 983s
[557433.1] V7_T2_R1440: step 86 ELEVATED pairs=30542 evals=1152 996s
[557447.1] V7_T2_R1440: step 87 ELEVATED pairs=30436 evals=1168 1010s
[557458.6] V7_T2_R1440: step 88 ELEVATED pairs=30285 evals=1184 1022s
[557478.7] V7_T2_R1440: step 89 ELEVATED pairs=30147 evals=1200 1042s
[557487.2] V7_T2_R1440: step 90 ELEVATED pairs=30109 evals=1216 1051s
[557500.7] V7_T2_R1440: step 91 ELEVATED pairs=30035 evals=1232 1064s
[557509.7] V7_T2_R1440: step 92 ELEVATED pairs=29941 evals=1248 1073s
[557518.6] V7_T2_R1440: step 93 ELEVATED pairs=29864 evals=1264 1082s
[557533.6] V7_T2_R1440: step 94 ELEVATED pairs=29766 evals=1280 1097s
[557544.0] V7_T2_R1440: step 95 ELEVATED pairs=29706 evals=1296 1107s
[557554.1] V7_T2_R1440: step 96 ELEVATED pairs=29572 evals=1312 1117s
[557567.3] V7_T2_R1440: step 97 ELEVATED pairs=29498 evals=1328 1131s
[557580.7] V7_T2_R1440: step 98 ELEVATED pairs=29408 evals=1344 1144s
[557592.4] V7_T2_R1440: step 99 ELEVATED pairs=29337 evals=1360 1156s
[557604.7] V7_T2_R1440: step 100 ELEVATED pairs=29254 evals=1376 1168s
[557616.4] V7_T2_R1440: step 101 ELEVATED pairs=29186 evals=1392 1180s
[557629.3] V7_T2_R1440: step 102 ELEVATED pairs=29048 evals=1408 1193s
[557642.5] V7_T2_R1440: step 103 ELEVATED pairs=28985 evals=1424 1206s
[557655.2] V7_T2_R1440: step 104 ELEVATED pairs=28944 evals=1440 1218s
[557655.8] V7_T2_R1440: step 105 ABORTED_CANDIDATE_BUDGET pairs=28944 evals=1440 1219s
[557656.3] V7_T2_R1440: done final=28944 moves=90 first=90 reloc=0 ret=0 evals=1440 stop=CANDIDATE_BUDGET_EXHAUSTED
[557733.9] V7_T2_R1440: recheck PASS checks=130816
