[558647.2] IDEA_C_R2880: start mode=R budget=2880 spec={"name": "IDEA_C", "target_policy": "LEGACY", "evaluation_policy": "E2_ORDERED_K16", "traversal_policy": "BASE", "max_targets": 200, "k_per_target": 16, "family_round_robin": false, "relocation_side_reserve": 0, "waiting_age": true, "route_coverage": false, "multi_anchor": false, "exact_dedup": false, "decision_cache": false, "return_action": false, "cache_structural_skips": false, "window_slack_mm": 1e-05, "notes": ""}
[558647.2] IDEA_C_R2880: start state=main C:\Users\lihao\Desktop\Graduation Project\OpticalWaveguideRouter3D\outputs\3d_strategy_v3\512_ablation\D_both_enabled pairs=42909
[558655.3] IDEA_C_R2880: INITIAL_DONE pairs=42909
[558655.6] IDEA_C_R2880: step 1 NO_CANDIDATES_GENERATED pairs=42909 evals=0 1s
[558655.9] IDEA_C_R2880: step 2 NO_CANDIDATES_GENERATED pairs=42909 evals=0 1s
[558667.6] IDEA_C_R2880: step 3 ELEVATED pairs=42661 evals=16 13s
[558686.6] IDEA_C_R2880: step 4 ELEVATED pairs=42487 evals=32 32s
[558701.7] IDEA_C_R2880: step 5 ELEVATED pairs=42305 evals=48 47s
[558716.7] IDEA_C_R2880: step 6 ELEVATED pairs=42121 evals=64 62s
[558731.6] IDEA_C_R2880: step 7 ELEVATED pairs=41936 evals=80 77s
[558742.6] IDEA_C_R2880: step 8 ELEVATED pairs=41680 evals=96 88s
[558757.6] IDEA_C_R2880: step 9 ELEVATED pairs=41486 evals=112 103s
[558767.7] IDEA_C_R2880: step 10 ELEVATED pairs=41225 evals=128 113s
[558787.5] IDEA_C_R2880: step 11 ELEVATED pairs=41046 evals=144 132s
[558807.3] IDEA_C_R2880: step 12 ELEVATED pairs=40867 evals=160 152s
[558816.9] IDEA_C_R2880: step 13 ELEVATED pairs=40628 evals=176 162s
[558830.1] IDEA_C_R2880: step 14 ELEVATED pairs=40377 evals=192 175s
[558839.3] IDEA_C_R2880: step 15 ELEVATED pairs=40136 evals=208 184s
[558852.3] IDEA_C_R2880: step 16 ELEVATED pairs=39887 evals=224 197s
[558866.2] IDEA_C_R2880: step 17 ELEVATED pairs=39640 evals=240 211s
[558879.4] IDEA_C_R2880: step 18 ELEVATED pairs=39399 evals=256 224s
[558893.3] IDEA_C_R2880: step 19 ELEVATED pairs=39175 evals=272 238s
[558906.4] IDEA_C_R2880: step 20 ELEVATED pairs=38969 evals=288 251s
[558923.8] IDEA_C_R2880: step 21 ELEVATED pairs=38811 evals=304 269s
[558937.2] IDEA_C_R2880: step 22 ELEVATED pairs=38668 evals=320 282s
[558949.6] IDEA_C_R2880: step 23 ELEVATED pairs=38466 evals=336 295s
[558962.2] IDEA_C_R2880: step 24 ELEVATED pairs=38332 evals=352 307s
[558972.4] IDEA_C_R2880: step 25 ELEVATED pairs=38108 evals=368 317s
[558985.4] IDEA_C_R2880: step 26 ELEVATED pairs=37974 evals=384 330s
[558995.9] IDEA_C_R2880: step 27 ELEVATED pairs=37771 evals=400 341s
[559006.3] IDEA_C_R2880: step 28 ELEVATED pairs=37568 evals=416 351s
[559015.2] IDEA_C_R2880: step 29 ELEVATED pairs=37338 evals=432 360s
[559024.2] IDEA_C_R2880: step 30 ELEVATED pairs=37110 evals=448 369s
[559036.0] IDEA_C_R2880: step 31 ELEVATED pairs=36910 evals=464 381s
[559044.8] IDEA_C_R2880: step 32 ELEVATED pairs=36684 evals=480 390s
[559056.4] IDEA_C_R2880: step 33 ELEVATED pairs=36466 evals=496 401s
[559068.1] IDEA_C_R2880: step 34 ELEVATED pairs=36269 evals=512 413s
[559088.0] IDEA_C_R2880: step 35 ELEVATED pairs=36073 evals=528 433s
[559101.9] IDEA_C_R2880: step 36 ELEVATED pairs=35887 evals=544 447s
[559113.5] IDEA_C_R2880: step 37 ELEVATED pairs=35774 evals=560 458s
[559126.2] IDEA_C_R2880: step 38 ELEVATED pairs=35543 evals=576 471s
[559136.7] IDEA_C_R2880: step 39 ELEVATED pairs=35343 evals=592 482s
[559149.9] IDEA_C_R2880: step 40 ELEVATED pairs=35138 evals=608 495s
[559150.2] IDEA_C_R2880: step 41 NO_CANDIDATES_GENERATED pairs=35138 evals=608 495s
[559150.5] IDEA_C_R2880: step 42 NO_CANDIDATES_GENERATED pairs=35138 evals=608 495s
[559163.7] IDEA_C_R2880: step 43 ELEVATED pairs=34935 evals=624 509s
[559177.7] IDEA_C_R2880: step 44 ELEVATED pairs=34734 evals=640 523s
[559187.5] IDEA_C_R2880: step 45 ELEVATED pairs=34539 evals=656 532s
[559202.6] IDEA_C_R2880: step 46 ELEVATED pairs=34340 evals=672 548s
[559217.7] IDEA_C_R2880: step 47 ELEVATED pairs=34143 evals=688 563s
[559232.3] IDEA_C_R2880: step 48 ELEVATED pairs=33933 evals=704 577s
[559249.9] IDEA_C_R2880: step 49 ELEVATED pairs=33738 evals=720 595s
[559263.6] IDEA_C_R2880: step 50 ELEVATED pairs=33530 evals=736 609s
[559275.6] IDEA_C_R2880: step 51 ELEVATED pairs=33326 evals=752 621s
[559293.1] IDEA_C_R2880: step 52 ELEVATED pairs=33133 evals=768 638s
[559307.0] IDEA_C_R2880: step 53 ELEVATED pairs=32926 evals=784 652s
[559324.5] IDEA_C_R2880: step 54 ELEVATED pairs=32735 evals=800 669s
[559336.8] IDEA_C_R2880: step 55 ELEVATED pairs=32530 evals=816 682s
[559353.6] IDEA_C_R2880: step 56 ELEVATED pairs=32341 evals=832 699s
[559366.1] IDEA_C_R2880: step 57 ELEVATED pairs=32137 evals=848 711s
[559383.1] IDEA_C_R2880: step 58 ELEVATED pairs=31950 evals=864 728s
[559391.2] IDEA_C_R2880: step 59 ELEVATED pairs=31792 evals=880 736s
[559403.5] IDEA_C_R2880: step 60 ELEVATED pairs=31590 evals=896 748s
[559415.8] IDEA_C_R2880: step 61 ELEVATED pairs=31389 evals=912 761s
[559428.8] IDEA_C_R2880: step 62 ELEVATED pairs=31226 evals=928 774s
[559445.4] IDEA_C_R2880: step 63 ELEVATED pairs=31027 evals=944 790s
[559466.0] IDEA_C_R2880: step 64 ELEVATED pairs=30829 evals=960 811s
[559467.1] IDEA_C_R2880: step 65 NO_CANDIDATES_GENERATED pairs=30829 evals=960 812s
[559467.9] IDEA_C_R2880: step 66 NO_CANDIDATES_GENERATED pairs=30829 evals=960 813s
[559469.0] IDEA_C_R2880: step 67 NO_CANDIDATES_GENERATED pairs=30829 evals=960 814s
[559490.3] IDEA_C_R2880: step 68 ELEVATED pairs=30633 evals=976 835s
[559508.5] IDEA_C_R2880: step 69 ELEVATED pairs=30481 evals=992 853s
[559522.2] IDEA_C_R2880: step 70 ELEVATED pairs=30367 evals=1008 867s
[559542.4] IDEA_C_R2880: step 71 ELEVATED pairs=30214 evals=1024 887s
[559556.3] IDEA_C_R2880: step 72 ELEVATED pairs=30030 evals=1033 901s
[559577.8] IDEA_C_R2880: step 73 ELEVATED pairs=29879 evals=1049 923s
[559591.8] IDEA_C_R2880: step 74 ELEVATED pairs=29697 evals=1058 937s
[559612.6] IDEA_C_R2880: step 75 ELEVATED pairs=29548 evals=1074 958s
[559626.2] IDEA_C_R2880: step 76 ELEVATED pairs=29368 evals=1083 971s
[559636.5] IDEA_C_R2880: step 77 ELEVATED pairs=29190 evals=1092 981s
[559675.7] IDEA_C_R2880: step 78 ELEVATED pairs=28961 evals=1108 1021s
[559685.4] IDEA_C_R2880: step 79 ELEVATED pairs=28776 evals=1124 1030s
[559698.1] IDEA_C_R2880: step 80 ELEVATED pairs=28593 evals=1140 1043s
[559707.4] IDEA_C_R2880: step 81 ELEVATED pairs=28412 evals=1156 1052s
[559722.8] IDEA_C_R2880: step 82 ELEVATED pairs=28233 evals=1172 1068s
[559735.9] IDEA_C_R2880: step 83 ELEVATED pairs=28134 evals=1188 1081s
[559753.3] IDEA_C_R2880: step 84 ELEVATED pairs=28022 evals=1204 1098s
[559763.6] IDEA_C_R2880: step 85 ELEVATED pairs=27902 evals=1220 1109s
[559778.5] IDEA_C_R2880: step 86 ELEVATED pairs=27782 evals=1236 1123s
[559792.6] IDEA_C_R2880: step 87 ELEVATED pairs=27662 evals=1252 1138s
[559805.3] IDEA_C_R2880: step 88 ELEVATED pairs=27514 evals=1268 1150s
[559819.0] IDEA_C_R2880: step 89 ELEVATED pairs=27394 evals=1284 1164s
[559839.7] IDEA_C_R2880: step 90 ELEVATED pairs=27248 evals=1300 1185s
[559857.7] IDEA_C_R2880: step 91 ELEVATED pairs=27092 evals=1316 1203s
[559873.0] IDEA_C_R2880: step 92 PREFIX_EVALUATED_NO_WINNER_DEFERRED pairs=27092 evals=1332 1218s
[559887.6] IDEA_C_R2880: step 93 ELEVATED pairs=26951 evals=1348 1233s
[559903.3] IDEA_C_R2880: step 94 PREFIX_EVALUATED_NO_WINNER_DEFERRED pairs=26951 evals=1364 1248s
[559923.7] IDEA_C_R2880: step 95 ELEVATED pairs=26895 evals=1380 1269s
[559938.9] IDEA_C_R2880: step 96 ELEVATED pairs=26781 evals=1396 1284s
[559960.1] IDEA_C_R2880: step 97 ELEVATED pairs=26690 evals=1412 1305s
[559976.8] IDEA_C_R2880: step 98 ELEVATED pairs=26525 evals=1428 1322s
[559989.6] IDEA_C_R2880: step 99 ELEVATED pairs=26436 evals=1444 1335s
[560009.4] IDEA_C_R2880: step 100 ELEVATED pairs=26273 evals=1460 1354s
[560027.4] IDEA_C_R2880: step 101 ELEVATED pairs=26112 evals=1476 1372s
[560039.1] IDEA_C_R2880: step 102 ELEVATED pairs=26016 evals=1492 1384s
[560067.2] IDEA_C_R2880: step 103 ELEVATED pairs=25857 evals=1508 1412s
[560084.7] IDEA_C_R2880: step 104 ELEVATED pairs=25803 evals=1524 1430s
[560102.9] IDEA_C_R2880: step 105 ELEVATED pairs=25644 evals=1540 1448s
[560118.7] IDEA_C_R2880: step 106 ELEVATED pairs=25487 evals=1556 1464s
[560129.0] IDEA_C_R2880: step 107 ELEVATED pairs=25361 evals=1572 1474s
[560145.9] IDEA_C_R2880: step 108 ELEVATED pairs=25207 evals=1588 1491s
[560159.7] IDEA_C_R2880: step 109 ELEVATED pairs=25144 evals=1604 1505s
[560172.2] IDEA_C_R2880: step 110 ELEVATED pairs=24969 evals=1620 1517s
[560182.7] IDEA_C_R2880: step 111 ELEVATED pairs=24796 evals=1636 1528s
[560196.8] IDEA_C_R2880: step 112 ELEVATED pairs=24735 evals=1652 1542s
[560225.7] IDEA_C_R2880: step 113 ELEVATED pairs=24607 evals=1668 1571s
[560256.4] IDEA_C_R2880: step 114 ELEVATED pairs=24481 evals=1684 1601s
[560270.1] IDEA_C_R2880: step 115 ELEVATED pairs=24411 evals=1700 1615s
[560290.2] IDEA_C_R2880: step 116 ELEVATED pairs=24317 evals=1709 1635s
[560317.5] IDEA_C_R2880: step 117 ELEVATED pairs=24173 evals=1725 1662s
[560329.7] IDEA_C_R2880: step 118 ELEVATED pairs=24079 evals=1741 1675s
[560352.0] IDEA_C_R2880: step 119 ELEVATED pairs=23935 evals=1757 1697s
[560373.8] IDEA_C_R2880: step 120 ELEVATED pairs=23791 evals=1773 1719s
[560384.3] IDEA_C_R2880: step 121 ELEVATED pairs=23698 evals=1789 1729s
[560404.6] IDEA_C_R2880: step 122 ELEVATED pairs=23554 evals=1805 1750s
[560437.3] IDEA_C_R2880: step 123 ELEVATED pairs=23440 evals=1821 1782s
[560453.4] IDEA_C_R2880: step 124 ELEVATED pairs=23259 evals=1837 1798s
[560485.5] IDEA_C_R2880: step 125 ELEVATED pairs=23145 evals=1853 1830s
[560518.0] IDEA_C_R2880: step 126 ELEVATED pairs=23031 evals=1869 1863s
[560537.4] IDEA_C_R2880: step 127 ELEVATED pairs=22866 evals=1885 1882s
[560567.0] IDEA_C_R2880: step 128 ELEVATED pairs=22752 evals=1901 1912s
[560587.4] IDEA_C_R2880: step 129 ELEVATED pairs=22589 evals=1917 1932s
[560610.3] IDEA_C_R2880: step 130 ELEVATED pairs=22428 evals=1933 1955s
[560634.7] IDEA_C_R2880: step 131 ELEVATED pairs=22269 evals=1949 1980s
[560646.8] IDEA_C_R2880: step 132 ELEVATED pairs=22187 evals=1965 1992s
[560657.8] IDEA_C_R2880: step 133 ELEVATED pairs=22053 evals=1981 2003s
[560668.7] IDEA_C_R2880: step 134 ELEVATED pairs=21921 evals=1997 2014s
[560686.2] IDEA_C_R2880: step 135 ELEVATED pairs=21793 evals=2013 2031s
[560697.1] IDEA_C_R2880: step 136 ELEVATED pairs=21663 evals=2029 2042s
[560707.6] IDEA_C_R2880: step 137 ELEVATED pairs=21599 evals=2045 2053s
[560718.1] IDEA_C_R2880: step 138 ELEVATED pairs=21536 evals=2061 2063s
[560728.7] IDEA_C_R2880: step 139 ELEVATED pairs=21473 evals=2077 2074s
[560737.6] IDEA_C_R2880: step 140 ELEVATED pairs=21404 evals=2093 2083s
[560746.3] IDEA_C_R2880: step 141 ELEVATED pairs=21335 evals=2109 2091s
[560755.4] IDEA_C_R2880: step 142 ELEVATED pairs=21266 evals=2125 2100s
[560764.6] IDEA_C_R2880: step 143 ELEVATED pairs=21197 evals=2141 2110s
[560774.0] IDEA_C_R2880: step 144 PREFIX_EVALUATED_NO_WINNER_DEFERRED pairs=21197 evals=2157 2119s
[560796.3] IDEA_C_R2880: step 145 ELEVATED pairs=21078 evals=2173 2141s
[560805.7] IDEA_C_R2880: step 146 PREFIX_EVALUATED_NO_WINNER_DEFERRED pairs=21078 evals=2189 2151s
[560817.1] IDEA_C_R2880: step 147 ELEVATED pairs=21032 evals=2205 2162s
[560826.5] IDEA_C_R2880: step 148 PREFIX_EVALUATED_NO_WINNER_DEFERRED pairs=21032 evals=2221 2171s
[560838.1] IDEA_C_R2880: step 149 ELEVATED pairs=20986 evals=2237 2183s
[560847.7] IDEA_C_R2880: step 150 PREFIX_EVALUATED_NO_WINNER_DEFERRED pairs=20986 evals=2253 2193s
[560856.4] IDEA_C_R2880: step 151 ELEVATED pairs=20932 evals=2269 2201s
[560865.9] IDEA_C_R2880: step 152 PREFIX_EVALUATED_NO_WINNER_DEFERRED pairs=20932 evals=2285 2211s
[560875.0] IDEA_C_R2880: step 153 ELEVATED pairs=20865 evals=2301 2220s
[560884.4] IDEA_C_R2880: step 154 PREFIX_EVALUATED_NO_WINNER_DEFERRED pairs=20865 evals=2317 2229s
[560893.7] IDEA_C_R2880: step 155 ELEVATED pairs=20798 evals=2333 2239s
[560903.6] IDEA_C_R2880: step 156 PREFIX_EVALUATED_NO_WINNER_DEFERRED pairs=20798 evals=2349 2249s
[560912.5] IDEA_C_R2880: step 157 ELEVATED pairs=20731 evals=2365 2257s
[560922.1] IDEA_C_R2880: step 158 PREFIX_EVALUATED_NO_WINNER_DEFERRED pairs=20731 evals=2381 2267s
[560938.5] IDEA_C_R2880: step 159 ELEVATED pairs=20568 evals=2397 2283s
[560947.7] IDEA_C_R2880: step 160 PREFIX_EVALUATED_NO_WINNER_DEFERRED pairs=20568 evals=2413 2293s
[560955.6] IDEA_C_R2880: step 161 ELEVATED pairs=20508 evals=2429 2301s
[560964.2] IDEA_C_R2880: step 162 PREFIX_EVALUATED_NO_WINNER_DEFERRED pairs=20508 evals=2445 2309s
[560972.0] IDEA_C_R2880: step 163 ELEVATED pairs=20448 evals=2461 2317s
[560980.6] IDEA_C_R2880: step 164 PREFIX_EVALUATED_NO_WINNER_DEFERRED pairs=20448 evals=2477 2326s
[560995.3] IDEA_C_R2880: step 165 ELEVATED pairs=20287 evals=2493 2340s
[561003.7] IDEA_C_R2880: step 166 PREFIX_EVALUATED_NO_WINNER_DEFERRED pairs=20287 evals=2509 2349s
[561011.9] IDEA_C_R2880: step 167 ELEVATED pairs=20221 evals=2525 2357s
[561021.6] IDEA_C_R2880: step 168 PREFIX_EVALUATED_NO_WINNER_DEFERRED pairs=20221 evals=2541 2367s
[561038.7] IDEA_C_R2880: step 169 ELEVATED pairs=20062 evals=2557 2384s
[561048.7] IDEA_C_R2880: step 170 PREFIX_EVALUATED_NO_WINNER_DEFERRED pairs=20062 evals=2573 2394s
[561060.8] IDEA_C_R2880: step 171 PREFIX_EVALUATED_NO_WINNER_DEFERRED pairs=20062 evals=2589 2406s
[561076.7] IDEA_C_R2880: step 172 ELEVATED pairs=19997 evals=2598 2422s
[561086.7] IDEA_C_R2880: step 173 PREFIX_EVALUATED_NO_WINNER_DEFERRED pairs=19997 evals=2614 2432s
[561098.8] IDEA_C_R2880: step 174 PREFIX_EVALUATED_NO_WINNER_DEFERRED pairs=19997 evals=2630 2444s
[561113.9] IDEA_C_R2880: step 175 ELEVATED pairs=19848 evals=2646 2459s
[561123.9] IDEA_C_R2880: step 176 PREFIX_EVALUATED_NO_WINNER_DEFERRED pairs=19848 evals=2662 2469s
[561135.8] IDEA_C_R2880: step 177 PREFIX_EVALUATED_NO_WINNER_DEFERRED pairs=19848 evals=2678 2481s
[561146.4] IDEA_C_R2880: step 178 ELEVATED pairs=19770 evals=2694 2491s
[561156.2] IDEA_C_R2880: step 179 PREFIX_EVALUATED_NO_WINNER_DEFERRED pairs=19770 evals=2710 2501s
[561168.0] IDEA_C_R2880: step 180 PREFIX_EVALUATED_NO_WINNER_DEFERRED pairs=19770 evals=2726 2513s
[561183.3] IDEA_C_R2880: step 181 ELEVATED pairs=19623 evals=2742 2528s
[561193.4] IDEA_C_R2880: step 182 PREFIX_EVALUATED_NO_WINNER_DEFERRED pairs=19623 evals=2758 2538s
[561205.2] IDEA_C_R2880: step 183 PREFIX_EVALUATED_NO_WINNER_DEFERRED pairs=19623 evals=2774 2550s
[561220.3] IDEA_C_R2880: step 184 ELEVATED pairs=19478 evals=2790 2565s
[561230.0] IDEA_C_R2880: step 185 PREFIX_EVALUATED_NO_WINNER_DEFERRED pairs=19478 evals=2806 2575s
[561241.8] IDEA_C_R2880: step 186 PREFIX_EVALUATED_NO_WINNER_DEFERRED pairs=19478 evals=2822 2587s
[561256.7] IDEA_C_R2880: step 187 ELEVATED pairs=19335 evals=2838 2602s
[561266.7] IDEA_C_R2880: step 188 PREFIX_EVALUATED_NO_WINNER_DEFERRED pairs=19335 evals=2854 2612s
[561278.5] IDEA_C_R2880: step 189 PREFIX_EVALUATED_NO_WINNER_DEFERRED pairs=19335 evals=2870 2623s
[561284.2] IDEA_C_R2880: step 190 ELEVATED pairs=19233 evals=2880 2629s
[561284.9] IDEA_C_R2880: done final=19233 moves=154 first=154 reloc=0 ret=0 evals=2880 stop=CANDIDATE_BUDGET_EXHAUSTED
[561390.7] IDEA_C_R2880: recheck PASS checks=130816
