[599033.0] P4_BASE_E2_CAP24_RC2880: start mode=R budget=2880 spec={"name": "P4_BASE_E2_CAP24", "target_policy": "LEGACY", "evaluation_policy": "E2_ORDERED_K16", "traversal_policy": "BASE", "max_targets": 2000, "k_per_target": 16, "family_round_robin": false, "relocation_side_reserve": 0, "waiting_age": false, "route_coverage": false, "multi_anchor": false, "exact_dedup": false, "decision_cache": false, "return_action": false, "cache_structural_skips": false, "window_slack_mm": 1e-05, "generation_domain": "LINE_ONLY", "path_window_settings": null, "stage_length_cap_mm": 24.0, "notes": ""}
[599033.0] P4_BASE_E2_CAP24_RC2880: start state=challenge C:\Users\lihao\Desktop\Graduation Project\OpticalWaveguideRouter3D\outputs\3d_strategy_v4\512_full_layout\N2880 pairs=30999
[599038.0] P4_BASE_E2_CAP24_RC2880: INITIAL_DONE pairs=30999
[599038.1] P4_BASE_E2_CAP24_RC2880: step 1 NO_CANDIDATES_GENERATED pairs=30999 evals=0 0s
[599038.2] P4_BASE_E2_CAP24_RC2880: step 2 NO_CANDIDATES_GENERATED pairs=30999 evals=0 0s
[599038.3] P4_BASE_E2_CAP24_RC2880: step 3 NO_CANDIDATES_GENERATED pairs=30999 evals=0 0s
[599038.4] P4_BASE_E2_CAP24_RC2880: step 4 NO_CANDIDATES_GENERATED pairs=30999 evals=0 0s
[599038.6] P4_BASE_E2_CAP24_RC2880: step 5 NO_CANDIDATES_GENERATED pairs=30999 evals=0 1s
[599038.7] P4_BASE_E2_CAP24_RC2880: step 6 NO_CANDIDATES_GENERATED pairs=30999 evals=0 1s
[599045.4] P4_BASE_E2_CAP24_RC2880: step 7 ELEVATED pairs=30804 evals=16 7s
[599052.5] P4_BASE_E2_CAP24_RC2880: step 8 ELEVATED pairs=30611 evals=32 15s
[599060.6] P4_BASE_E2_CAP24_RC2880: step 9 ELEVATED pairs=30460 evals=48 23s
[599068.6] P4_BASE_E2_CAP24_RC2880: step 10 ELEVATED pairs=30309 evals=64 31s
[599068.9] P4_BASE_E2_CAP24_RC2880: step 11 NO_CANDIDATES_GENERATED pairs=30309 evals=64 31s
[599080.5] P4_BASE_E2_CAP24_RC2880: step 12 ELEVATED pairs=30119 evals=80 43s
[599093.6] P4_BASE_E2_CAP24_RC2880: step 13 ELEVATED pairs=29931 evals=96 56s
[599108.8] P4_BASE_E2_CAP24_RC2880: step 14 ELEVATED pairs=29745 evals=112 71s
[599119.6] P4_BASE_E2_CAP24_RC2880: step 15 ELEVATED pairs=29554 evals=128 82s
[599135.5] P4_BASE_E2_CAP24_RC2880: step 16 ELEVATED pairs=29370 evals=144 98s
[599146.5] P4_BASE_E2_CAP24_RC2880: step 17 ELEVATED pairs=29181 evals=160 109s
[599153.7] P4_BASE_E2_CAP24_RC2880: step 18 ELEVATED pairs=29006 evals=176 116s
[599162.5] P4_BASE_E2_CAP24_RC2880: step 19 ELEVATED pairs=28833 evals=192 125s
[599173.4] P4_BASE_E2_CAP24_RC2880: step 20 ELEVATED pairs=28662 evals=208 135s
[599180.4] P4_BASE_E2_CAP24_RC2880: step 21 ELEVATED pairs=28479 evals=224 142s
[599188.4] P4_BASE_E2_CAP24_RC2880: step 22 ELEVATED pairs=28374 evals=240 150s
[599196.2] P4_BASE_E2_CAP24_RC2880: step 23 ELEVATED pairs=28193 evals=256 158s
[599213.2] P4_BASE_E2_CAP24_RC2880: step 24 ELEVATED pairs=28033 evals=272 175s
[599222.4] P4_BASE_E2_CAP24_RC2880: step 25 ELEVATED pairs=27854 evals=288 184s
[599231.7] P4_BASE_E2_CAP24_RC2880: step 26 ELEVATED pairs=27677 evals=304 194s
[599241.3] P4_BASE_E2_CAP24_RC2880: step 27 ELEVATED pairs=27511 evals=320 203s
[599247.4] P4_BASE_E2_CAP24_RC2880: step 28 ELEVATED pairs=27345 evals=329 209s
[599257.0] P4_BASE_E2_CAP24_RC2880: step 29 ELEVATED pairs=27181 evals=345 219s
[599263.1] P4_BASE_E2_CAP24_RC2880: step 30 ELEVATED pairs=27017 evals=354 225s
[599272.4] P4_BASE_E2_CAP24_RC2880: step 31 ELEVATED pairs=26856 evals=370 234s
[599278.3] P4_BASE_E2_CAP24_RC2880: step 32 ELEVATED pairs=26694 evals=379 240s
[599287.9] P4_BASE_E2_CAP24_RC2880: step 33 ELEVATED pairs=26535 evals=395 250s
[599288.2] P4_BASE_E2_CAP24_RC2880: step 34 NO_CANDIDATES_GENERATED pairs=26535 evals=395 250s
[599294.0] P4_BASE_E2_CAP24_RC2880: step 35 ELEVATED pairs=26375 evals=404 256s
[599304.0] P4_BASE_E2_CAP24_RC2880: step 36 ELEVATED pairs=26218 evals=420 266s
[599314.3] P4_BASE_E2_CAP24_RC2880: step 37 ELEVATED pairs=26063 evals=436 276s
[599324.6] P4_BASE_E2_CAP24_RC2880: step 38 ELEVATED pairs=25909 evals=452 287s
[599335.9] P4_BASE_E2_CAP24_RC2880: step 39 ELEVATED pairs=25757 evals=468 298s
[599344.3] P4_BASE_E2_CAP24_RC2880: step 40 ELEVATED pairs=25607 evals=484 306s
[599358.3] P4_BASE_E2_CAP24_RC2880: step 41 ELEVATED pairs=25457 evals=500 320s
[599367.8] P4_BASE_E2_CAP24_RC2880: step 42 ELEVATED pairs=25321 evals=516 330s
[599381.3] P4_BASE_E2_CAP24_RC2880: step 43 ELEVATED pairs=25173 evals=532 343s
[599390.1] P4_BASE_E2_CAP24_RC2880: step 44 ELEVATED pairs=25039 evals=548 352s
[599397.7] P4_BASE_E2_CAP24_RC2880: step 45 ELEVATED pairs=24954 evals=564 360s
[599412.3] P4_BASE_E2_CAP24_RC2880: step 46 ELEVATED pairs=24804 evals=580 374s
[599418.8] P4_BASE_E2_CAP24_RC2880: step 47 ELEVATED pairs=24685 evals=596 381s
[599432.7] P4_BASE_E2_CAP24_RC2880: step 48 ELEVATED pairs=24537 evals=612 395s
[599440.0] P4_BASE_E2_CAP24_RC2880: step 49 ELEVATED pairs=24398 evals=628 402s
[599453.3] P4_BASE_E2_CAP24_RC2880: step 50 ELEVATED pairs=24252 evals=644 415s
[599467.3] P4_BASE_E2_CAP24_RC2880: step 51 ELEVATED pairs=24108 evals=660 429s
[599477.3] P4_BASE_E2_CAP24_RC2880: step 52 ELEVATED pairs=23963 evals=676 439s
[599485.6] P4_BASE_E2_CAP24_RC2880: step 53 ELEVATED pairs=23864 evals=692 448s
[599493.3] P4_BASE_E2_CAP24_RC2880: step 54 ELEVATED pairs=23767 evals=708 455s
[599503.4] P4_BASE_E2_CAP24_RC2880: step 55 ELEVATED pairs=23624 evals=724 465s
[599511.4] P4_BASE_E2_CAP24_RC2880: step 56 ELEVATED pairs=23541 evals=740 473s
[599523.3] P4_BASE_E2_CAP24_RC2880: step 57 ELEVATED pairs=23400 evals=756 485s
[599531.1] P4_BASE_E2_CAP24_RC2880: step 58 ELEVATED pairs=23296 evals=772 493s
[599539.4] P4_BASE_E2_CAP24_RC2880: step 59 ELEVATED pairs=23194 evals=788 501s
[599547.8] P4_BASE_E2_CAP24_RC2880: step 60 ELEVATED pairs=23094 evals=804 510s
[599557.1] P4_BASE_E2_CAP24_RC2880: step 61 ELEVATED pairs=23009 evals=820 519s
[599565.7] P4_BASE_E2_CAP24_RC2880: step 62 ELEVATED pairs=22892 evals=836 528s
[599575.4] P4_BASE_E2_CAP24_RC2880: step 63 ELEVATED pairs=22779 evals=852 537s
[599583.2] P4_BASE_E2_CAP24_RC2880: step 64 ELEVATED pairs=22649 evals=868 545s
[599593.2] P4_BASE_E2_CAP24_RC2880: step 65 ELEVATED pairs=22529 evals=884 555s
[599600.3] P4_BASE_E2_CAP24_RC2880: step 66 ELEVATED pairs=22412 evals=900 562s
[599608.3] P4_BASE_E2_CAP24_RC2880: step 67 ELEVATED pairs=22298 evals=916 570s
[599617.3] P4_BASE_E2_CAP24_RC2880: step 68 ELEVATED pairs=22168 evals=932 579s
[599624.4] P4_BASE_E2_CAP24_RC2880: step 69 ELEVATED pairs=22044 evals=948 586s
[599633.4] P4_BASE_E2_CAP24_RC2880: step 70 ELEVATED pairs=21928 evals=964 595s
[599640.6] P4_BASE_E2_CAP24_RC2880: step 71 ELEVATED pairs=21809 evals=980 603s
[599647.5] P4_BASE_E2_CAP24_RC2880: step 72 ELEVATED pairs=21678 evals=996 610s
[599654.4] P4_BASE_E2_CAP24_RC2880: step 73 ELEVATED pairs=21556 evals=1012 616s
[599660.3] P4_BASE_E2_CAP24_RC2880: step 74 ELEVATED pairs=21461 evals=1028 622s
[599672.0] P4_BASE_E2_CAP24_RC2880: step 75 ELEVATED pairs=21381 evals=1037 634s
[599680.5] P4_BASE_E2_CAP24_RC2880: step 76 ELEVATED pairs=21330 evals=1053 643s
[599690.4] P4_BASE_E2_CAP24_RC2880: step 77 ELEVATED pairs=21212 evals=1069 652s
[599700.3] P4_BASE_E2_CAP24_RC2880: step 78 ELEVATED pairs=21096 evals=1085 662s
[599724.8] P4_BASE_E2_CAP24_RC2880: step 79 ELEVATED pairs=20988 evals=1101 687s
[599735.4] P4_BASE_E2_CAP24_RC2880: step 80 ELEVATED pairs=20874 evals=1117 697s
[599744.3] P4_BASE_E2_CAP24_RC2880: step 81 ELEVATED pairs=20765 evals=1133 706s
[599767.3] P4_BASE_E2_CAP24_RC2880: step 82 ELEVATED pairs=20657 evals=1149 729s
[599790.1] P4_BASE_E2_CAP24_RC2880: step 83 ELEVATED pairs=20550 evals=1165 752s
[599797.9] P4_BASE_E2_CAP24_RC2880: step 84 ELEVATED pairs=20466 evals=1181 760s
[599821.0] P4_BASE_E2_CAP24_RC2880: step 85 ELEVATED pairs=20360 evals=1197 783s
[599841.8] P4_BASE_E2_CAP24_RC2880: step 86 ELEVATED pairs=20240 evals=1213 804s
[599851.1] P4_BASE_E2_CAP24_RC2880: step 87 ELEVATED pairs=20154 evals=1229 813s
[599858.5] P4_BASE_E2_CAP24_RC2880: step 88 ELEVATED pairs=20099 evals=1245 821s
[599870.1] P4_BASE_E2_CAP24_RC2880: step 89 ELEVATED pairs=19950 evals=1261 832s
[599877.3] P4_BASE_E2_CAP24_RC2880: step 90 ELEVATED pairs=19898 evals=1277 839s
[599888.6] P4_BASE_E2_CAP24_RC2880: step 91 ELEVATED pairs=19751 evals=1293 851s
[599898.2] P4_BASE_E2_CAP24_RC2880: step 92 ELEVATED pairs=19666 evals=1309 860s
[599908.5] P4_BASE_E2_CAP24_RC2880: step 93 ELEVATED pairs=19521 evals=1325 871s
[599917.7] P4_BASE_E2_CAP24_RC2880: step 94 ELEVATED pairs=19437 evals=1341 880s
[599928.3] P4_BASE_E2_CAP24_RC2880: step 95 ELEVATED pairs=19294 evals=1357 890s
[599930.6] P4_BASE_E2_CAP24_RC2880: step 96 PREFIX_EVALUATED_NO_WINNER_DEFERRED pairs=19294 evals=1373 893s
[599932.8] P4_BASE_E2_CAP24_RC2880: step 97 PREFIX_EVALUATED_NO_WINNER_DEFERRED pairs=19294 evals=1389 895s
[599935.0] P4_BASE_E2_CAP24_RC2880: step 98 PREFIX_EVALUATED_NO_WINNER_DEFERRED pairs=19294 evals=1405 897s
[599937.2] P4_BASE_E2_CAP24_RC2880: step 99 PREFIX_EVALUATED_NO_WINNER_DEFERRED pairs=19294 evals=1421 899s
[599939.4] P4_BASE_E2_CAP24_RC2880: step 100 PREFIX_EVALUATED_NO_WINNER_DEFERRED pairs=19294 evals=1437 901s
[599941.6] P4_BASE_E2_CAP24_RC2880: step 101 PREFIX_EVALUATED_NO_WINNER_DEFERRED pairs=19294 evals=1453 904s
[599943.8] P4_BASE_E2_CAP24_RC2880: step 102 PREFIX_EVALUATED_NO_WINNER_DEFERRED pairs=19294 evals=1469 906s
[599946.0] P4_BASE_E2_CAP24_RC2880: step 103 PREFIX_EVALUATED_NO_WINNER_DEFERRED pairs=19294 evals=1485 908s
[599948.2] P4_BASE_E2_CAP24_RC2880: step 104 PREFIX_EVALUATED_NO_WINNER_DEFERRED pairs=19294 evals=1501 910s
[599950.4] P4_BASE_E2_CAP24_RC2880: step 105 PREFIX_EVALUATED_NO_WINNER_DEFERRED pairs=19294 evals=1517 912s
[599952.7] P4_BASE_E2_CAP24_RC2880: step 106 PREFIX_EVALUATED_NO_WINNER_DEFERRED pairs=19294 evals=1533 915s
[599954.9] P4_BASE_E2_CAP24_RC2880: step 107 PREFIX_EVALUATED_NO_WINNER_DEFERRED pairs=19294 evals=1549 917s
[599957.0] P4_BASE_E2_CAP24_RC2880: step 108 PREFIX_EVALUATED_NO_WINNER_DEFERRED pairs=19294 evals=1565 919s
[599959.2] P4_BASE_E2_CAP24_RC2880: step 109 PREFIX_EVALUATED_NO_WINNER_DEFERRED pairs=19294 evals=1581 921s
[599961.3] P4_BASE_E2_CAP24_RC2880: step 110 PREFIX_EVALUATED_NO_WINNER_DEFERRED pairs=19294 evals=1597 923s
[599961.5] P4_BASE_E2_CAP24_RC2880: step 111 NO_CANDIDATES_GENERATED pairs=19294 evals=1597 924s
[599963.5] P4_BASE_E2_CAP24_RC2880: step 112 ALL_CANDIDATES_REJECTED pairs=19294 evals=1606 926s
[599965.5] P4_BASE_E2_CAP24_RC2880: step 113 ALL_CANDIDATES_REJECTED pairs=19294 evals=1615 928s
[599967.5] P4_BASE_E2_CAP24_RC2880: step 114 ALL_CANDIDATES_REJECTED pairs=19294 evals=1624 930s
[599970.1] P4_BASE_E2_CAP24_RC2880: step 115 PREFIX_EVALUATED_NO_WINNER_DEFERRED pairs=19294 evals=1640 932s
[599972.6] P4_BASE_E2_CAP24_RC2880: step 116 PREFIX_EVALUATED_NO_WINNER_DEFERRED pairs=19294 evals=1656 935s
[599975.1] P4_BASE_E2_CAP24_RC2880: step 117 PREFIX_EVALUATED_NO_WINNER_DEFERRED pairs=19294 evals=1672 937s
[599977.2] P4_BASE_E2_CAP24_RC2880: step 118 PREFIX_EVALUATED_NO_WINNER_DEFERRED pairs=19294 evals=1688 939s
[599979.4] P4_BASE_E2_CAP24_RC2880: step 119 PREFIX_EVALUATED_NO_WINNER_DEFERRED pairs=19294 evals=1704 941s
[599981.9] P4_BASE_E2_CAP24_RC2880: step 120 PREFIX_EVALUATED_NO_WINNER_DEFERRED pairs=19294 evals=1720 944s
[599984.4] P4_BASE_E2_CAP24_RC2880: step 121 PREFIX_EVALUATED_NO_WINNER_DEFERRED pairs=19294 evals=1736 946s
[599986.9] P4_BASE_E2_CAP24_RC2880: step 122 PREFIX_EVALUATED_NO_WINNER_DEFERRED pairs=19294 evals=1752 949s
[599989.3] P4_BASE_E2_CAP24_RC2880: step 123 PREFIX_EVALUATED_NO_WINNER_DEFERRED pairs=19294 evals=1768 951s
[599991.7] P4_BASE_E2_CAP24_RC2880: step 124 PREFIX_EVALUATED_NO_WINNER_DEFERRED pairs=19294 evals=1784 954s
[599994.2] P4_BASE_E2_CAP24_RC2880: step 125 PREFIX_EVALUATED_NO_WINNER_DEFERRED pairs=19294 evals=1800 956s
[599996.6] P4_BASE_E2_CAP24_RC2880: step 126 PREFIX_EVALUATED_NO_WINNER_DEFERRED pairs=19294 evals=1816 959s
[599999.0] P4_BASE_E2_CAP24_RC2880: step 127 PREFIX_EVALUATED_NO_WINNER_DEFERRED pairs=19294 evals=1832 961s
[600001.4] P4_BASE_E2_CAP24_RC2880: step 128 PREFIX_EVALUATED_NO_WINNER_DEFERRED pairs=19294 evals=1848 963s
[600003.9] P4_BASE_E2_CAP24_RC2880: step 129 PREFIX_EVALUATED_NO_WINNER_DEFERRED pairs=19294 evals=1864 966s
[600006.4] P4_BASE_E2_CAP24_RC2880: step 130 PREFIX_EVALUATED_NO_WINNER_DEFERRED pairs=19294 evals=1880 968s
[600009.0] P4_BASE_E2_CAP24_RC2880: step 131 PREFIX_EVALUATED_NO_WINNER_DEFERRED pairs=19294 evals=1896 971s
[600011.6] P4_BASE_E2_CAP24_RC2880: step 132 PREFIX_EVALUATED_NO_WINNER_DEFERRED pairs=19294 evals=1912 974s
[600014.1] P4_BASE_E2_CAP24_RC2880: step 133 PREFIX_EVALUATED_NO_WINNER_DEFERRED pairs=19294 evals=1928 976s
[600016.5] P4_BASE_E2_CAP24_RC2880: step 134 PREFIX_EVALUATED_NO_WINNER_DEFERRED pairs=19294 evals=1944 979s
[600019.1] P4_BASE_E2_CAP24_RC2880: step 135 PREFIX_EVALUATED_NO_WINNER_DEFERRED pairs=19294 evals=1960 981s
[600021.5] P4_BASE_E2_CAP24_RC2880: step 136 PREFIX_EVALUATED_NO_WINNER_DEFERRED pairs=19294 evals=1976 984s
[600023.9] P4_BASE_E2_CAP24_RC2880: step 137 PREFIX_EVALUATED_NO_WINNER_DEFERRED pairs=19294 evals=1992 986s
[600026.3] P4_BASE_E2_CAP24_RC2880: step 138 PREFIX_EVALUATED_NO_WINNER_DEFERRED pairs=19294 evals=2008 988s
[600028.7] P4_BASE_E2_CAP24_RC2880: step 139 PREFIX_EVALUATED_NO_WINNER_DEFERRED pairs=19294 evals=2024 991s
[600031.1] P4_BASE_E2_CAP24_RC2880: step 140 PREFIX_EVALUATED_NO_WINNER_DEFERRED pairs=19294 evals=2040 993s
[600033.6] P4_BASE_E2_CAP24_RC2880: step 141 PREFIX_EVALUATED_NO_WINNER_DEFERRED pairs=19294 evals=2056 996s
[600036.0] P4_BASE_E2_CAP24_RC2880: step 142 PREFIX_EVALUATED_NO_WINNER_DEFERRED pairs=19294 evals=2072 998s
[600038.6] P4_BASE_E2_CAP24_RC2880: step 143 PREFIX_EVALUATED_NO_WINNER_DEFERRED pairs=19294 evals=2088 1001s
[600041.1] P4_BASE_E2_CAP24_RC2880: step 144 PREFIX_EVALUATED_NO_WINNER_DEFERRED pairs=19294 evals=2104 1003s
[600043.6] P4_BASE_E2_CAP24_RC2880: step 145 PREFIX_EVALUATED_NO_WINNER_DEFERRED pairs=19294 evals=2120 1006s
[600046.2] P4_BASE_E2_CAP24_RC2880: step 146 PREFIX_EVALUATED_NO_WINNER_DEFERRED pairs=19294 evals=2136 1008s
[600048.6] P4_BASE_E2_CAP24_RC2880: step 147 PREFIX_EVALUATED_NO_WINNER_DEFERRED pairs=19294 evals=2152 1011s
[600051.1] P4_BASE_E2_CAP24_RC2880: step 148 PREFIX_EVALUATED_NO_WINNER_DEFERRED pairs=19294 evals=2168 1013s
[600053.5] P4_BASE_E2_CAP24_RC2880: step 149 PREFIX_EVALUATED_NO_WINNER_DEFERRED pairs=19294 evals=2184 1016s
[600055.9] P4_BASE_E2_CAP24_RC2880: step 150 PREFIX_EVALUATED_NO_WINNER_DEFERRED pairs=19294 evals=2200 1018s
[600057.6] P4_BASE_E2_CAP24_RC2880: step 151 ALL_CANDIDATES_REJECTED pairs=19294 evals=2209 1020s
[600059.2] P4_BASE_E2_CAP24_RC2880: step 152 ALL_CANDIDATES_REJECTED pairs=19294 evals=2218 1021s
[600060.8] P4_BASE_E2_CAP24_RC2880: step 153 ALL_CANDIDATES_REJECTED pairs=19294 evals=2227 1023s
[600062.4] P4_BASE_E2_CAP24_RC2880: step 154 ALL_CANDIDATES_REJECTED pairs=19294 evals=2236 1024s
[600064.0] P4_BASE_E2_CAP24_RC2880: step 155 ALL_CANDIDATES_REJECTED pairs=19294 evals=2245 1026s
[600065.6] P4_BASE_E2_CAP24_RC2880: step 156 ALL_CANDIDATES_REJECTED pairs=19294 evals=2254 1028s
[600067.1] P4_BASE_E2_CAP24_RC2880: step 157 ALL_CANDIDATES_REJECTED pairs=19294 evals=2263 1029s
[600068.8] P4_BASE_E2_CAP24_RC2880: step 158 ALL_CANDIDATES_REJECTED pairs=19294 evals=2272 1031s
[600071.8] P4_BASE_E2_CAP24_RC2880: step 159 PREFIX_EVALUATED_NO_WINNER_DEFERRED pairs=19294 evals=2288 1034s
[600074.6] P4_BASE_E2_CAP24_RC2880: step 160 PREFIX_EVALUATED_NO_WINNER_DEFERRED pairs=19294 evals=2304 1037s
[600077.3] P4_BASE_E2_CAP24_RC2880: step 161 PREFIX_EVALUATED_NO_WINNER_DEFERRED pairs=19294 evals=2320 1039s
[600080.0] P4_BASE_E2_CAP24_RC2880: step 162 PREFIX_EVALUATED_NO_WINNER_DEFERRED pairs=19294 evals=2336 1042s
[600082.3] P4_BASE_E2_CAP24_RC2880: step 163 PREFIX_EVALUATED_NO_WINNER_DEFERRED pairs=19294 evals=2352 1044s
[600084.9] P4_BASE_E2_CAP24_RC2880: step 164 PREFIX_EVALUATED_NO_WINNER_DEFERRED pairs=19294 evals=2368 1047s
[600087.3] P4_BASE_E2_CAP24_RC2880: step 165 PREFIX_EVALUATED_NO_WINNER_DEFERRED pairs=19294 evals=2384 1049s
[600089.7] P4_BASE_E2_CAP24_RC2880: step 166 PREFIX_EVALUATED_NO_WINNER_DEFERRED pairs=19294 evals=2400 1052s
[600092.2] P4_BASE_E2_CAP24_RC2880: step 167 PREFIX_EVALUATED_NO_WINNER_DEFERRED pairs=19294 evals=2416 1054s
[600094.6] P4_BASE_E2_CAP24_RC2880: step 168 PREFIX_EVALUATED_NO_WINNER_DEFERRED pairs=19294 evals=2432 1057s
[600097.0] P4_BASE_E2_CAP24_RC2880: step 169 PREFIX_EVALUATED_NO_WINNER_DEFERRED pairs=19294 evals=2448 1059s
[600099.3] P4_BASE_E2_CAP24_RC2880: step 170 PREFIX_EVALUATED_NO_WINNER_DEFERRED pairs=19294 evals=2464 1061s
[600101.6] P4_BASE_E2_CAP24_RC2880: step 171 PREFIX_EVALUATED_NO_WINNER_DEFERRED pairs=19294 evals=2480 1064s
[600104.2] P4_BASE_E2_CAP24_RC2880: step 172 PREFIX_EVALUATED_NO_WINNER_DEFERRED pairs=19294 evals=2496 1066s
[600106.8] P4_BASE_E2_CAP24_RC2880: step 173 PREFIX_EVALUATED_NO_WINNER_DEFERRED pairs=19294 evals=2512 1069s
[600109.2] P4_BASE_E2_CAP24_RC2880: step 174 PREFIX_EVALUATED_NO_WINNER_DEFERRED pairs=19294 evals=2528 1071s
[600111.7] P4_BASE_E2_CAP24_RC2880: step 175 PREFIX_EVALUATED_NO_WINNER_DEFERRED pairs=19294 evals=2544 1074s
[600111.9] P4_BASE_E2_CAP24_RC2880: step 176 NO_CANDIDATES_GENERATED pairs=19294 evals=2544 1074s
[600112.1] P4_BASE_E2_CAP24_RC2880: step 177 NO_CANDIDATES_GENERATED pairs=19294 evals=2544 1074s
[600112.3] P4_BASE_E2_CAP24_RC2880: step 178 NO_CANDIDATES_GENERATED pairs=19294 evals=2544 1074s
[600112.5] P4_BASE_E2_CAP24_RC2880: step 179 NO_CANDIDATES_GENERATED pairs=19294 evals=2544 1075s
[600112.7] P4_BASE_E2_CAP24_RC2880: step 180 NO_CANDIDATES_GENERATED pairs=19294 evals=2544 1075s
[600112.8] P4_BASE_E2_CAP24_RC2880: step 181 NO_CANDIDATES_GENERATED pairs=19294 evals=2544 1075s
[600113.0] P4_BASE_E2_CAP24_RC2880: step 182 NO_CANDIDATES_GENERATED pairs=19294 evals=2544 1075s
[600113.3] P4_BASE_E2_CAP24_RC2880: step 183 NO_CANDIDATES_GENERATED pairs=19294 evals=2544 1075s
[600113.4] P4_BASE_E2_CAP24_RC2880: step 184 NO_CANDIDATES_GENERATED pairs=19294 evals=2544 1075s
[600113.6] P4_BASE_E2_CAP24_RC2880: step 185 NO_CANDIDATES_GENERATED pairs=19294 evals=2544 1076s
[600113.8] P4_BASE_E2_CAP24_RC2880: step 186 NO_CANDIDATES_GENERATED pairs=19294 evals=2544 1076s
[600114.0] P4_BASE_E2_CAP24_RC2880: step 187 NO_CANDIDATES_GENERATED pairs=19294 evals=2544 1076s
[600116.3] P4_BASE_E2_CAP24_RC2880: step 188 PREFIX_EVALUATED_NO_WINNER_DEFERRED pairs=19294 evals=2560 1078s
[600118.5] P4_BASE_E2_CAP24_RC2880: step 189 PREFIX_EVALUATED_NO_WINNER_DEFERRED pairs=19294 evals=2576 1081s
[600121.0] P4_BASE_E2_CAP24_RC2880: step 190 PREFIX_EVALUATED_NO_WINNER_DEFERRED pairs=19294 evals=2592 1083s
[600123.4] P4_BASE_E2_CAP24_RC2880: step 191 PREFIX_EVALUATED_NO_WINNER_DEFERRED pairs=19294 evals=2608 1085s
[600126.1] P4_BASE_E2_CAP24_RC2880: step 192 PREFIX_EVALUATED_NO_WINNER_DEFERRED pairs=19294 evals=2624 1088s
[600128.6] P4_BASE_E2_CAP24_RC2880: step 193 PREFIX_EVALUATED_NO_WINNER_DEFERRED pairs=19294 evals=2640 1091s
[600131.0] P4_BASE_E2_CAP24_RC2880: step 194 PREFIX_EVALUATED_NO_WINNER_DEFERRED pairs=19294 evals=2656 1093s
[600133.6] P4_BASE_E2_CAP24_RC2880: step 195 PREFIX_EVALUATED_NO_WINNER_DEFERRED pairs=19294 evals=2672 1096s
[600136.2] P4_BASE_E2_CAP24_RC2880: step 196 PREFIX_EVALUATED_NO_WINNER_DEFERRED pairs=19294 evals=2688 1098s
[600138.9] P4_BASE_E2_CAP24_RC2880: step 197 PREFIX_EVALUATED_NO_WINNER_DEFERRED pairs=19294 evals=2704 1101s
[600141.6] P4_BASE_E2_CAP24_RC2880: step 198 PREFIX_EVALUATED_NO_WINNER_DEFERRED pairs=19294 evals=2720 1104s
[600141.8] P4_BASE_E2_CAP24_RC2880: step 199 NO_CANDIDATES_GENERATED pairs=19294 evals=2720 1104s
[600142.0] P4_BASE_E2_CAP24_RC2880: step 200 NO_CANDIDATES_GENERATED pairs=19294 evals=2720 1104s
[600142.1] P4_BASE_E2_CAP24_RC2880: step 201 NO_CANDIDATES_GENERATED pairs=19294 evals=2720 1104s
[600142.3] P4_BASE_E2_CAP24_RC2880: step 202 NO_CANDIDATES_GENERATED pairs=19294 evals=2720 1104s
[600142.5] P4_BASE_E2_CAP24_RC2880: step 203 NO_CANDIDATES_GENERATED pairs=19294 evals=2720 1105s
[600142.7] P4_BASE_E2_CAP24_RC2880: step 204 NO_CANDIDATES_GENERATED pairs=19294 evals=2720 1105s
[600142.8] P4_BASE_E2_CAP24_RC2880: step 205 NO_CANDIDATES_GENERATED pairs=19294 evals=2720 1105s
[600143.0] P4_BASE_E2_CAP24_RC2880: step 206 NO_CANDIDATES_GENERATED pairs=19294 evals=2720 1105s
[600143.2] P4_BASE_E2_CAP24_RC2880: step 207 NO_CANDIDATES_GENERATED pairs=19294 evals=2720 1105s
[600143.4] P4_BASE_E2_CAP24_RC2880: step 208 NO_CANDIDATES_GENERATED pairs=19294 evals=2720 1105s
[600143.6] P4_BASE_E2_CAP24_RC2880: step 209 NO_CANDIDATES_GENERATED pairs=19294 evals=2720 1106s
[600143.8] P4_BASE_E2_CAP24_RC2880: step 210 NO_CANDIDATES_GENERATED pairs=19294 evals=2720 1106s
[600144.0] P4_BASE_E2_CAP24_RC2880: step 211 NO_CANDIDATES_GENERATED pairs=19294 evals=2720 1106s
[600144.1] P4_BASE_E2_CAP24_RC2880: step 212 NO_CANDIDATES_GENERATED pairs=19294 evals=2720 1106s
[600144.3] P4_BASE_E2_CAP24_RC2880: step 213 NO_CANDIDATES_GENERATED pairs=19294 evals=2720 1106s
[600144.5] P4_BASE_E2_CAP24_RC2880: step 214 NO_CANDIDATES_GENERATED pairs=19294 evals=2720 1107s
[600144.7] P4_BASE_E2_CAP24_RC2880: step 215 NO_CANDIDATES_GENERATED pairs=19294 evals=2720 1107s
[600144.9] P4_BASE_E2_CAP24_RC2880: step 216 NO_CANDIDATES_GENERATED pairs=19294 evals=2720 1107s
[600145.0] P4_BASE_E2_CAP24_RC2880: step 217 NO_CANDIDATES_GENERATED pairs=19294 evals=2720 1107s
[600145.2] P4_BASE_E2_CAP24_RC2880: step 218 NO_CANDIDATES_GENERATED pairs=19294 evals=2720 1107s
[600147.5] P4_BASE_E2_CAP24_RC2880: step 219 PREFIX_EVALUATED_NO_WINNER_DEFERRED pairs=19294 evals=2736 1110s
[600149.7] P4_BASE_E2_CAP24_RC2880: step 220 PREFIX_EVALUATED_NO_WINNER_DEFERRED pairs=19294 evals=2752 1112s
[600152.2] P4_BASE_E2_CAP24_RC2880: step 221 PREFIX_EVALUATED_NO_WINNER_DEFERRED pairs=19294 evals=2768 1114s
[600154.7] P4_BASE_E2_CAP24_RC2880: step 222 PREFIX_EVALUATED_NO_WINNER_DEFERRED pairs=19294 evals=2784 1117s
[600157.2] P4_BASE_E2_CAP24_RC2880: step 223 PREFIX_EVALUATED_NO_WINNER_DEFERRED pairs=19294 evals=2800 1119s
[600158.8] P4_BASE_E2_CAP24_RC2880: step 224 ALL_CANDIDATES_REJECTED pairs=19294 evals=2809 1121s
[600160.4] P4_BASE_E2_CAP24_RC2880: step 225 ALL_CANDIDATES_REJECTED pairs=19294 evals=2818 1122s
[600162.5] P4_BASE_E2_CAP24_RC2880: step 226 PREFIX_EVALUATED_NO_WINNER_DEFERRED pairs=19294 evals=2834 1125s
[600164.7] P4_BASE_E2_CAP24_RC2880: step 227 PREFIX_EVALUATED_NO_WINNER_DEFERRED pairs=19294 evals=2850 1127s
[600166.8] P4_BASE_E2_CAP24_RC2880: step 228 PREFIX_EVALUATED_NO_WINNER_DEFERRED pairs=19294 evals=2866 1129s
[600168.6] P4_BASE_E2_CAP24_RC2880: step 229 ABORTED_CANDIDATE_BUDGET pairs=19294 evals=2880 1131s
[600169.1] P4_BASE_E2_CAP24_RC2880: done final=19294 moves=87 first=87 reloc=0 ret=0 evals=2880 stop=CANDIDATE_BUDGET_EXHAUSTED
[600235.3] P4_BASE_E2_CAP24_RC2880: recheck PASS checks=130816
