[604998.3] V8_G1_NC2880_boundaryfix: start mode=N budget=2880 spec={"name": "V8_G1", "target_policy": "LEGACY", "evaluation_policy": "E2_ORDERED_K16", "traversal_policy": "BASE", "max_targets": 200, "k_per_target": 16, "family_round_robin": false, "relocation_side_reserve": 0, "waiting_age": false, "route_coverage": false, "multi_anchor": false, "exact_dedup": false, "decision_cache": false, "return_action": false, "cache_structural_skips": false, "window_slack_mm": 1e-05, "generation_domain": "PATH_WINDOWS", "path_window_settings": {"placements": [0.0, 0.5, 1.0], "length_factors": [1.0, 1.5, 2.0, 3.0], "cap": 4096}, "stage_length_cap_mm": null, "notes": ""}
[604998.3] V8_G1_NC2880_boundaryfix: start state=challenge C:\Users\lihao\Desktop\Graduation Project\OpticalWaveguideRouter3D\outputs\3d_strategy_v4\512_full_layout\N2880 pairs=30999
[605002.9] V8_G1_NC2880_boundaryfix: INITIAL_DONE pairs=30999
[605003.2] V8_G1_NC2880_boundaryfix: step 1 NO_CANDIDATES_GENERATED pairs=30999 evals=0 0s
[605003.5] V8_G1_NC2880_boundaryfix: step 2 NO_CANDIDATES_GENERATED pairs=30999 evals=0 1s
[605003.7] V8_G1_NC2880_boundaryfix: step 3 NO_CANDIDATES_GENERATED pairs=30999 evals=0 1s
[605003.9] V8_G1_NC2880_boundaryfix: step 4 NO_CANDIDATES_GENERATED pairs=30999 evals=0 1s
[605004.1] V8_G1_NC2880_boundaryfix: step 5 NO_CANDIDATES_GENERATED pairs=30999 evals=0 1s
[605004.3] V8_G1_NC2880_boundaryfix: step 6 NO_CANDIDATES_GENERATED pairs=30999 evals=0 1s
[605016.6] V8_G1_NC2880_boundaryfix: step 7 ELEVATED pairs=30804 evals=16 14s
[605028.6] V8_G1_NC2880_boundaryfix: step 8 ELEVATED pairs=30611 evals=32 26s
[605044.4] V8_G1_NC2880_boundaryfix: step 9 ELEVATED pairs=30417 evals=48 42s
[605060.6] V8_G1_NC2880_boundaryfix: step 10 ELEVATED pairs=30225 evals=64 58s
[605061.0] V8_G1_NC2880_boundaryfix: step 11 NO_CANDIDATES_GENERATED pairs=30225 evals=64 58s
[605075.2] V8_G1_NC2880_boundaryfix: step 12 ELEVATED pairs=30035 evals=80 72s
[605089.0] V8_G1_NC2880_boundaryfix: step 13 ELEVATED pairs=29847 evals=96 86s
[605106.3] V8_G1_NC2880_boundaryfix: step 14 ELEVATED pairs=29661 evals=112 103s
[605122.7] V8_G1_NC2880_boundaryfix: step 15 ELEVATED pairs=29471 evals=128 120s
[605143.3] V8_G1_NC2880_boundaryfix: step 16 ELEVATED pairs=29287 evals=144 140s
[605157.9] V8_G1_NC2880_boundaryfix: step 17 ELEVATED pairs=29099 evals=160 155s
[605166.7] V8_G1_NC2880_boundaryfix: step 18 ELEVATED pairs=28924 evals=176 164s
[605176.8] V8_G1_NC2880_boundaryfix: step 19 ELEVATED pairs=28751 evals=192 174s
[605189.0] V8_G1_NC2880_boundaryfix: step 20 ELEVATED pairs=28580 evals=208 186s
[605200.5] V8_G1_NC2880_boundaryfix: step 21 ELEVATED pairs=28398 evals=224 198s
[605218.3] V8_G1_NC2880_boundaryfix: step 22 ELEVATED pairs=28228 evals=240 215s
[605228.3] V8_G1_NC2880_boundaryfix: step 23 ELEVATED pairs=28048 evals=256 225s
[605246.3] V8_G1_NC2880_boundaryfix: step 24 ELEVATED pairs=27944 evals=272 243s
[605256.6] V8_G1_NC2880_boundaryfix: step 25 ELEVATED pairs=27766 evals=288 254s
[605268.8] V8_G1_NC2880_boundaryfix: step 26 ELEVATED pairs=27590 evals=304 266s
[605283.0] V8_G1_NC2880_boundaryfix: step 27 ELEVATED pairs=27424 evals=320 280s
[605288.2] V8_G1_NC2880_boundaryfix: step 28 ELEVATED pairs=27258 evals=329 285s
[605302.4] V8_G1_NC2880_boundaryfix: step 29 ELEVATED pairs=27094 evals=345 300s
[605307.7] V8_G1_NC2880_boundaryfix: step 30 ELEVATED pairs=26930 evals=354 305s
[605321.7] V8_G1_NC2880_boundaryfix: step 31 ELEVATED pairs=26768 evals=370 319s
[605326.9] V8_G1_NC2880_boundaryfix: step 32 ELEVATED pairs=26606 evals=379 324s
[605340.4] V8_G1_NC2880_boundaryfix: step 33 ELEVATED pairs=26446 evals=395 338s
[605340.6] V8_G1_NC2880_boundaryfix: step 34 NO_CANDIDATES_GENERATED pairs=26446 evals=395 338s
[605345.7] V8_G1_NC2880_boundaryfix: step 35 ELEVATED pairs=26286 evals=404 343s
[605357.9] V8_G1_NC2880_boundaryfix: step 36 ELEVATED pairs=26128 evals=420 355s
[605371.8] V8_G1_NC2880_boundaryfix: step 37 ELEVATED pairs=25972 evals=436 369s
[605386.0] V8_G1_NC2880_boundaryfix: step 38 ELEVATED pairs=25818 evals=452 383s
[605400.3] V8_G1_NC2880_boundaryfix: step 39 ELEVATED pairs=25667 evals=468 397s
[605415.2] V8_G1_NC2880_boundaryfix: step 40 ELEVATED pairs=25517 evals=484 412s
[605425.2] V8_G1_NC2880_boundaryfix: step 41 ELEVATED pairs=25382 evals=500 422s
[605439.9] V8_G1_NC2880_boundaryfix: step 42 ELEVATED pairs=25234 evals=516 437s
[605454.7] V8_G1_NC2880_boundaryfix: step 43 ELEVATED pairs=25088 evals=532 452s
[605469.8] V8_G1_NC2880_boundaryfix: step 44 ELEVATED pairs=24944 evals=548 467s
[605479.6] V8_G1_NC2880_boundaryfix: step 45 ELEVATED pairs=24812 evals=564 477s
[605489.0] V8_G1_NC2880_boundaryfix: step 46 ELEVATED pairs=24677 evals=580 486s
[605503.7] V8_G1_NC2880_boundaryfix: step 47 ELEVATED pairs=24531 evals=596 501s
[605515.6] V8_G1_NC2880_boundaryfix: step 48 ELEVATED pairs=24397 evals=612 513s
[605532.5] V8_G1_NC2880_boundaryfix: step 49 ELEVATED pairs=24253 evals=628 530s
[605548.4] V8_G1_NC2880_boundaryfix: step 50 ELEVATED pairs=24111 evals=644 546s
[605560.5] V8_G1_NC2880_boundaryfix: step 51 ELEVATED pairs=23971 evals=660 558s
[605572.8] V8_G1_NC2880_boundaryfix: step 52 ELEVATED pairs=23847 evals=676 570s
[605594.4] V8_G1_NC2880_boundaryfix: step 53 ELEVATED pairs=23707 evals=692 592s
[605606.3] V8_G1_NC2880_boundaryfix: step 54 ELEVATED pairs=23585 evals=708 603s
[605626.1] V8_G1_NC2880_boundaryfix: step 55 ELEVATED pairs=23447 evals=724 623s
[605634.5] V8_G1_NC2880_boundaryfix: step 56 ELEVATED pairs=23309 evals=740 632s
[605647.8] V8_G1_NC2880_boundaryfix: step 57 ELEVATED pairs=23173 evals=756 645s
[605660.0] V8_G1_NC2880_boundaryfix: step 58 ELEVATED pairs=23040 evals=772 657s
[605668.3] V8_G1_NC2880_boundaryfix: step 59 ELEVATED pairs=22903 evals=788 665s
[605680.8] V8_G1_NC2880_boundaryfix: step 60 ELEVATED pairs=22770 evals=804 678s
[605689.2] V8_G1_NC2880_boundaryfix: step 61 ELEVATED pairs=22633 evals=820 686s
[605701.7] V8_G1_NC2880_boundaryfix: step 62 ELEVATED pairs=22500 evals=836 699s
[605714.1] V8_G1_NC2880_boundaryfix: step 63 ELEVATED pairs=22367 evals=852 711s
[605723.6] V8_G1_NC2880_boundaryfix: step 64 ELEVATED pairs=22261 evals=868 721s
[605736.3] V8_G1_NC2880_boundaryfix: step 65 ELEVATED pairs=22128 evals=884 733s
[605749.2] V8_G1_NC2880_boundaryfix: step 66 ELEVATED pairs=22029 evals=900 746s
[605762.8] V8_G1_NC2880_boundaryfix: step 67 ELEVATED pairs=21932 evals=916 760s
[605774.1] V8_G1_NC2880_boundaryfix: step 68 ELEVATED pairs=21810 evals=932 771s
[605787.8] V8_G1_NC2880_boundaryfix: step 69 ELEVATED pairs=21715 evals=948 785s
[605799.3] V8_G1_NC2880_boundaryfix: step 70 ELEVATED pairs=21595 evals=964 796s
[605812.9] V8_G1_NC2880_boundaryfix: step 71 ELEVATED pairs=21502 evals=980 810s
[605824.0] V8_G1_NC2880_boundaryfix: step 72 ELEVATED pairs=21384 evals=996 821s
[605835.0] V8_G1_NC2880_boundaryfix: step 73 ELEVATED pairs=21289 evals=1012 832s
[605848.3] V8_G1_NC2880_boundaryfix: step 74 ELEVATED pairs=21207 evals=1028 845s
[605861.5] V8_G1_NC2880_boundaryfix: step 75 ELEVATED pairs=21127 evals=1044 859s
[605869.3] V8_G1_NC2880_boundaryfix: step 76 ELEVATED pairs=21047 evals=1060 866s
[605879.9] V8_G1_NC2880_boundaryfix: step 77 ELEVATED pairs=20973 evals=1069 877s
[605894.2] V8_G1_NC2880_boundaryfix: step 78 ELEVATED pairs=20878 evals=1085 891s
[605905.6] V8_G1_NC2880_boundaryfix: step 79 ELEVATED pairs=20806 evals=1101 903s
[605912.6] V8_G1_NC2880_boundaryfix: step 80 ELEVATED pairs=20682 evals=1117 910s
[605925.6] V8_G1_NC2880_boundaryfix: step 81 ELEVATED pairs=20578 evals=1133 923s
[605937.4] V8_G1_NC2880_boundaryfix: step 82 ELEVATED pairs=20476 evals=1149 935s
[605950.2] V8_G1_NC2880_boundaryfix: step 83 ELEVATED pairs=20374 evals=1165 947s
[605962.1] V8_G1_NC2880_boundaryfix: step 84 ELEVATED pairs=20274 evals=1181 959s
[605974.9] V8_G1_NC2880_boundaryfix: step 85 ELEVATED pairs=20174 evals=1197 972s
[605999.8] V8_G1_NC2880_boundaryfix: step 86 ELEVATED pairs=20081 evals=1213 997s
[606014.0] V8_G1_NC2880_boundaryfix: step 87 ELEVATED pairs=20019 evals=1229 1011s
[606027.9] V8_G1_NC2880_boundaryfix: step 88 ELEVATED pairs=19959 evals=1245 1025s
[606042.1] V8_G1_NC2880_boundaryfix: step 89 ELEVATED pairs=19901 evals=1261 1039s
[606055.6] V8_G1_NC2880_boundaryfix: step 90 ELEVATED pairs=19818 evals=1277 1053s
[606082.0] V8_G1_NC2880_boundaryfix: step 91 ELEVATED pairs=19708 evals=1293 1079s
[606119.1] V8_G1_NC2880_boundaryfix: step 92 ELEVATED pairs=19639 evals=1309 1116s
[606155.0] V8_G1_NC2880_boundaryfix: step 93 ELEVATED pairs=19571 evals=1325 1152s
[606190.4] V8_G1_NC2880_boundaryfix: step 94 ELEVATED pairs=19500 evals=1341 1188s
[606225.5] V8_G1_NC2880_boundaryfix: step 95 ELEVATED pairs=19429 evals=1357 1223s
[606235.4] V8_G1_NC2880_boundaryfix: step 96 ELEVATED pairs=19375 evals=1373 1233s
[606245.3] V8_G1_NC2880_boundaryfix: step 97 ELEVATED pairs=19321 evals=1389 1242s
[606254.3] V8_G1_NC2880_boundaryfix: step 98 ELEVATED pairs=19267 evals=1405 1251s
[606263.0] V8_G1_NC2880_boundaryfix: step 99 ELEVATED pairs=19213 evals=1421 1260s
[606270.2] V8_G1_NC2880_boundaryfix: step 100 ELEVATED pairs=19121 evals=1437 1267s
[606279.2] V8_G1_NC2880_boundaryfix: step 101 ELEVATED pairs=19068 evals=1453 1276s
[606290.1] V8_G1_NC2880_boundaryfix: step 102 ELEVATED pairs=18984 evals=1469 1287s
[606299.0] V8_G1_NC2880_boundaryfix: step 103 ELEVATED pairs=18847 evals=1485 1296s
[606310.1] V8_G1_NC2880_boundaryfix: step 104 ELEVATED pairs=18797 evals=1501 1307s
[606319.5] V8_G1_NC2880_boundaryfix: step 105 ELEVATED pairs=18662 evals=1517 1317s
[606330.3] V8_G1_NC2880_boundaryfix: step 106 ELEVATED pairs=18612 evals=1533 1327s
[606340.5] V8_G1_NC2880_boundaryfix: step 107 ELEVATED pairs=18562 evals=1549 1338s
[606347.7] V8_G1_NC2880_boundaryfix: step 108 ELEVATED pairs=18429 evals=1565 1345s
[606354.5] V8_G1_NC2880_boundaryfix: step 109 ELEVATED pairs=18380 evals=1581 1352s
[606364.2] V8_G1_NC2880_boundaryfix: step 110 ELEVATED pairs=18326 evals=1597 1361s
[606373.7] V8_G1_NC2880_boundaryfix: step 111 ELEVATED pairs=18272 evals=1613 1371s
[606383.1] V8_G1_NC2880_boundaryfix: step 112 ELEVATED pairs=18234 evals=1629 1380s
[606383.2] V8_G1_NC2880_boundaryfix: step 113 NO_CANDIDATES_GENERATED pairs=18234 evals=1629 1380s
[606387.1] V8_G1_NC2880_boundaryfix: step 114 ELEVATED pairs=18150 evals=1638 1384s
[606396.7] V8_G1_NC2880_boundaryfix: step 115 ELEVATED pairs=18078 evals=1654 1394s
[606401.5] V8_G1_NC2880_boundaryfix: step 116 ELEVATED pairs=17990 evals=1663 1399s
[606411.9] V8_G1_NC2880_boundaryfix: step 117 ELEVATED pairs=17936 evals=1679 1409s
[606422.8] V8_G1_NC2880_boundaryfix: step 118 ELEVATED pairs=17917 evals=1695 1420s
[606428.1] V8_G1_NC2880_boundaryfix: step 119 ELEVATED pairs=17831 evals=1705 1425s
[606438.8] V8_G1_NC2880_boundaryfix: step 120 ELEVATED pairs=17812 evals=1721 1436s
[606456.2] V8_G1_NC2880_boundaryfix: step 121 ELEVATED pairs=17691 evals=1737 1453s
[606472.9] V8_G1_NC2880_boundaryfix: step 122 ELEVATED pairs=17572 evals=1753 1470s
[606473.3] V8_G1_NC2880_boundaryfix: step 123 NO_CANDIDATES_GENERATED pairs=17572 evals=1753 1470s
[606473.7] V8_G1_NC2880_boundaryfix: step 124 NO_CANDIDATES_GENERATED pairs=17572 evals=1753 1471s
[606474.1] V8_G1_NC2880_boundaryfix: step 125 NO_CANDIDATES_GENERATED pairs=17572 evals=1753 1471s
[606474.5] V8_G1_NC2880_boundaryfix: step 126 NO_CANDIDATES_GENERATED pairs=17572 evals=1753 1472s
[606474.9] V8_G1_NC2880_boundaryfix: step 127 NO_CANDIDATES_GENERATED pairs=17572 evals=1753 1472s
[606475.3] V8_G1_NC2880_boundaryfix: step 128 NO_CANDIDATES_GENERATED pairs=17572 evals=1753 1472s
[606475.7] V8_G1_NC2880_boundaryfix: step 129 NO_CANDIDATES_GENERATED pairs=17572 evals=1753 1473s
[606476.0] V8_G1_NC2880_boundaryfix: step 130 NO_CANDIDATES_GENERATED pairs=17572 evals=1753 1473s
[606476.5] V8_G1_NC2880_boundaryfix: step 131 NO_CANDIDATES_GENERATED pairs=17572 evals=1753 1474s
[606476.9] V8_G1_NC2880_boundaryfix: step 132 NO_CANDIDATES_GENERATED pairs=17572 evals=1753 1474s
[606477.2] V8_G1_NC2880_boundaryfix: step 133 NO_CANDIDATES_GENERATED pairs=17572 evals=1753 1474s
[606477.6] V8_G1_NC2880_boundaryfix: step 134 NO_CANDIDATES_GENERATED pairs=17572 evals=1753 1475s
[606478.0] V8_G1_NC2880_boundaryfix: step 135 NO_CANDIDATES_GENERATED pairs=17572 evals=1753 1475s
[606478.4] V8_G1_NC2880_boundaryfix: step 136 NO_CANDIDATES_GENERATED pairs=17572 evals=1753 1476s
[606478.8] V8_G1_NC2880_boundaryfix: step 137 NO_CANDIDATES_GENERATED pairs=17572 evals=1753 1476s
[606479.1] V8_G1_NC2880_boundaryfix: step 138 NO_CANDIDATES_GENERATED pairs=17572 evals=1753 1476s
[606485.8] V8_G1_NC2880_boundaryfix: step 139 ELEVATED pairs=17528 evals=1769 1483s
[606494.8] V8_G1_NC2880_boundaryfix: step 140 ELEVATED pairs=17465 evals=1785 1492s
[606503.9] V8_G1_NC2880_boundaryfix: step 141 ELEVATED pairs=17404 evals=1801 1501s
[606511.9] V8_G1_NC2880_boundaryfix: step 142 ELEVATED pairs=17344 evals=1817 1509s
[606521.1] V8_G1_NC2880_boundaryfix: step 143 ELEVATED pairs=17285 evals=1833 1518s
[606532.6] V8_G1_NC2880_boundaryfix: step 144 ELEVATED pairs=17227 evals=1849 1530s
[606543.9] V8_G1_NC2880_boundaryfix: step 145 ELEVATED pairs=17171 evals=1865 1541s
[606555.3] V8_G1_NC2880_boundaryfix: step 146 ELEVATED pairs=17117 evals=1881 1552s
[606560.0] V8_G1_NC2880_boundaryfix: step 147 ELEVATED pairs=17052 evals=1897 1557s
[606571.3] V8_G1_NC2880_boundaryfix: step 148 ELEVATED pairs=17000 evals=1913 1568s
[606579.2] V8_G1_NC2880_boundaryfix: step 149 ELEVATED pairs=16937 evals=1929 1576s
[606587.1] V8_G1_NC2880_boundaryfix: step 150 ELEVATED pairs=16878 evals=1945 1584s
[606594.7] V8_G1_NC2880_boundaryfix: step 151 ELEVATED pairs=16817 evals=1961 1592s
[606595.5] V8_G1_NC2880_boundaryfix: step 152 NO_CANDIDATES_GENERATED pairs=16817 evals=1961 1593s
[606596.3] V8_G1_NC2880_boundaryfix: step 153 NO_CANDIDATES_GENERATED pairs=16817 evals=1961 1593s
[606597.1] V8_G1_NC2880_boundaryfix: step 154 NO_CANDIDATES_GENERATED pairs=16817 evals=1961 1594s
[606597.9] V8_G1_NC2880_boundaryfix: step 155 NO_CANDIDATES_GENERATED pairs=16817 evals=1961 1595s
[606598.6] V8_G1_NC2880_boundaryfix: step 156 NO_CANDIDATES_GENERATED pairs=16817 evals=1961 1596s
[606599.4] V8_G1_NC2880_boundaryfix: step 157 NO_CANDIDATES_GENERATED pairs=16817 evals=1961 1597s
[606600.1] V8_G1_NC2880_boundaryfix: step 158 NO_CANDIDATES_GENERATED pairs=16817 evals=1961 1597s
[606601.0] V8_G1_NC2880_boundaryfix: step 159 NO_CANDIDATES_GENERATED pairs=16817 evals=1961 1598s
[606601.7] V8_G1_NC2880_boundaryfix: step 160 NO_CANDIDATES_GENERATED pairs=16817 evals=1961 1599s
[606602.5] V8_G1_NC2880_boundaryfix: step 161 NO_CANDIDATES_GENERATED pairs=16817 evals=1961 1600s
[606603.2] V8_G1_NC2880_boundaryfix: step 162 NO_CANDIDATES_GENERATED pairs=16817 evals=1961 1600s
[606604.0] V8_G1_NC2880_boundaryfix: step 163 NO_CANDIDATES_GENERATED pairs=16817 evals=1961 1601s
[606604.7] V8_G1_NC2880_boundaryfix: step 164 NO_CANDIDATES_GENERATED pairs=16817 evals=1961 1602s
[606605.5] V8_G1_NC2880_boundaryfix: step 165 NO_CANDIDATES_GENERATED pairs=16817 evals=1961 1603s
[606606.2] V8_G1_NC2880_boundaryfix: step 166 NO_CANDIDATES_GENERATED pairs=16817 evals=1961 1603s
[606606.8] V8_G1_NC2880_boundaryfix: step 167 NO_CANDIDATES_GENERATED pairs=16817 evals=1961 1604s
[606615.6] V8_G1_NC2880_boundaryfix: step 168 ELEVATED pairs=16771 evals=1977 1613s
[606627.5] V8_G1_NC2880_boundaryfix: step 169 ELEVATED pairs=16753 evals=1993 1625s
[606638.2] V8_G1_NC2880_boundaryfix: step 170 ELEVATED pairs=16702 evals=2009 1635s
[606650.5] V8_G1_NC2880_boundaryfix: step 171 ELEVATED pairs=16686 evals=2025 1648s
[606662.5] V8_G1_NC2880_boundaryfix: step 172 ELEVATED pairs=16651 evals=2041 1660s
[606671.9] V8_G1_NC2880_boundaryfix: step 173 ELEVATED pairs=16605 evals=2057 1669s
[606682.2] V8_G1_NC2880_boundaryfix: step 174 ELEVATED pairs=16586 evals=2073 1679s
[606689.1] V8_G1_NC2880_boundaryfix: step 175 ELEVATED pairs=16555 evals=2089 1686s
[606700.3] V8_G1_NC2880_boundaryfix: step 176 ELEVATED pairs=16544 evals=2105 1697s
[606711.9] V8_G1_NC2880_boundaryfix: step 177 ELEVATED pairs=16533 evals=2121 1709s
[606720.4] V8_G1_NC2880_boundaryfix: step 178 ELEVATED pairs=16510 evals=2137 1718s
[606728.5] V8_G1_NC2880_boundaryfix: step 179 ELEVATED pairs=16487 evals=2153 1726s
[606734.7] V8_G1_NC2880_boundaryfix: step 180 ELEVATED pairs=16449 evals=2169 1732s
[606744.6] V8_G1_NC2880_boundaryfix: step 181 ELEVATED pairs=16436 evals=2185 1742s
[606751.5] V8_G1_NC2880_boundaryfix: step 182 ELEVATED pairs=16404 evals=2201 1749s
[606762.7] V8_G1_NC2880_boundaryfix: step 183 PREFIX_EVALUATED_NO_WINNER_DEFERRED pairs=16404 evals=2217 1760s
[606770.7] V8_G1_NC2880_boundaryfix: step 184 ELEVATED pairs=16379 evals=2233 1768s
[606782.7] V8_G1_NC2880_boundaryfix: step 185 PREFIX_EVALUATED_NO_WINNER_DEFERRED pairs=16379 evals=2249 1780s
[606795.2] V8_G1_NC2880_boundaryfix: step 186 ELEVATED pairs=16362 evals=2265 1792s
[606809.8] V8_G1_NC2880_boundaryfix: step 187 ELEVATED pairs=16344 evals=2281 1807s
[606821.7] V8_G1_NC2880_boundaryfix: step 188 ELEVATED pairs=16326 evals=2297 1819s
[606833.9] V8_G1_NC2880_boundaryfix: step 189 ELEVATED pairs=16307 evals=2313 1831s
[606846.4] V8_G1_NC2880_boundaryfix: step 190 ELEVATED pairs=16290 evals=2329 1844s
[606858.2] V8_G1_NC2880_boundaryfix: step 191 PREFIX_EVALUATED_NO_WINNER_DEFERRED pairs=16290 evals=2345 1855s
[606870.5] V8_G1_NC2880_boundaryfix: step 192 ELEVATED pairs=16275 evals=2361 1868s
[606883.1] V8_G1_NC2880_boundaryfix: step 193 PREFIX_EVALUATED_NO_WINNER_DEFERRED pairs=16275 evals=2377 1880s
[606893.7] V8_G1_NC2880_boundaryfix: step 194 PREFIX_EVALUATED_NO_WINNER_DEFERRED pairs=16275 evals=2393 1891s
[606908.5] V8_G1_NC2880_boundaryfix: step 195 ELEVATED pairs=16253 evals=2409 1906s
[606923.9] V8_G1_NC2880_boundaryfix: step 196 PREFIX_EVALUATED_NO_WINNER_DEFERRED pairs=16253 evals=2425 1921s
[606936.8] V8_G1_NC2880_boundaryfix: step 197 PREFIX_EVALUATED_NO_WINNER_DEFERRED pairs=16253 evals=2441 1934s
[606958.7] V8_G1_NC2880_boundaryfix: step 198 ELEVATED pairs=16243 evals=2457 1956s
[606976.7] V8_G1_NC2880_boundaryfix: step 199 PREFIX_EVALUATED_NO_WINNER_DEFERRED pairs=16243 evals=2473 1974s
[607000.7] V8_G1_NC2880_boundaryfix: step 200 ELEVATED pairs=16232 evals=2489 1998s
[607001.3] V8_G1_NC2880_boundaryfix: done final=16232 moves=151 first=151 reloc=0 ret=0 evals=2489 stop=TARGET_LIMIT
[607093.5] V8_G1_NC2880_boundaryfix: recheck PASS checks=130816
