[608655.3] PE_E_T200_NC2880: start mode=N budget=2880 spec={"name": "PE_E_T200", "target_policy": "LEGACY", "evaluation_policy": "E2_ORDERED_K16", "traversal_policy": "BASE", "max_targets": 200, "k_per_target": 16, "family_round_robin": false, "relocation_side_reserve": 0, "waiting_age": false, "route_coverage": false, "multi_anchor": true, "exact_dedup": false, "decision_cache": false, "return_action": false, "cache_structural_skips": false, "window_slack_mm": 1e-05, "generation_domain": "LINE_ONLY", "path_window_settings": null, "stage_length_cap_mm": null, "notes": ""}
[608655.3] PE_E_T200_NC2880: start state=challenge C:\Users\lihao\Desktop\Graduation Project\OpticalWaveguideRouter3D\outputs\3d_strategy_v4\512_full_layout\N2880 pairs=30999
[608659.5] PE_E_T200_NC2880: INITIAL_DONE pairs=30999
[608659.6] PE_E_T200_NC2880: step 1 NO_CANDIDATES_GENERATED pairs=30999 evals=0 0s
[608659.7] PE_E_T200_NC2880: step 2 NO_CANDIDATES_GENERATED pairs=30999 evals=0 0s
[608659.8] PE_E_T200_NC2880: step 3 NO_CANDIDATES_GENERATED pairs=30999 evals=0 0s
[608660.0] PE_E_T200_NC2880: step 4 NO_CANDIDATES_GENERATED pairs=30999 evals=0 1s
[608660.1] PE_E_T200_NC2880: step 5 NO_CANDIDATES_GENERATED pairs=30999 evals=0 1s
[608660.2] PE_E_T200_NC2880: step 6 NO_CANDIDATES_GENERATED pairs=30999 evals=0 1s
[608665.7] PE_E_T200_NC2880: step 7 ELEVATED pairs=30804 evals=16 6s
[608665.8] PE_E_T200_NC2880: step 8 NO_CANDIDATES_GENERATED pairs=30804 evals=16 6s
[608666.0] PE_E_T200_NC2880: step 9 NO_CANDIDATES_GENERATED pairs=30804 evals=16 6s
[608666.1] PE_E_T200_NC2880: step 10 NO_CANDIDATES_GENERATED pairs=30804 evals=16 7s
[608666.2] PE_E_T200_NC2880: step 11 NO_CANDIDATES_GENERATED pairs=30804 evals=16 7s
[608666.4] PE_E_T200_NC2880: step 12 NO_CANDIDATES_GENERATED pairs=30804 evals=16 7s
[608666.5] PE_E_T200_NC2880: step 13 NO_CANDIDATES_GENERATED pairs=30804 evals=16 7s
[608672.8] PE_E_T200_NC2880: step 14 ELEVATED pairs=30611 evals=32 13s
[608672.9] PE_E_T200_NC2880: step 15 NO_CANDIDATES_GENERATED pairs=30611 evals=32 13s
[608673.0] PE_E_T200_NC2880: step 16 NO_CANDIDATES_GENERATED pairs=30611 evals=32 14s
[608673.1] PE_E_T200_NC2880: step 17 NO_CANDIDATES_GENERATED pairs=30611 evals=32 14s
[608673.3] PE_E_T200_NC2880: step 18 NO_CANDIDATES_GENERATED pairs=30611 evals=32 14s
[608673.4] PE_E_T200_NC2880: step 19 NO_CANDIDATES_GENERATED pairs=30611 evals=32 14s
[608673.5] PE_E_T200_NC2880: step 20 NO_CANDIDATES_GENERATED pairs=30611 evals=32 14s
[608680.1] PE_E_T200_NC2880: step 21 ELEVATED pairs=30439 evals=48 21s
[608680.2] PE_E_T200_NC2880: step 22 NO_CANDIDATES_GENERATED pairs=30439 evals=48 21s
[608680.3] PE_E_T200_NC2880: step 23 NO_CANDIDATES_GENERATED pairs=30439 evals=48 21s
[608680.4] PE_E_T200_NC2880: step 24 NO_CANDIDATES_GENERATED pairs=30439 evals=48 21s
[608680.5] PE_E_T200_NC2880: step 25 NO_CANDIDATES_GENERATED pairs=30439 evals=48 21s
[608680.7] PE_E_T200_NC2880: step 26 NO_CANDIDATES_GENERATED pairs=30439 evals=48 21s
[608680.8] PE_E_T200_NC2880: step 27 NO_CANDIDATES_GENERATED pairs=30439 evals=48 21s
[608687.0] PE_E_T200_NC2880: step 28 ELEVATED pairs=30289 evals=64 28s
[608687.1] PE_E_T200_NC2880: step 29 NO_CANDIDATES_GENERATED pairs=30289 evals=64 28s
[608687.3] PE_E_T200_NC2880: step 30 NO_CANDIDATES_GENERATED pairs=30289 evals=64 28s
[608687.4] PE_E_T200_NC2880: step 31 NO_CANDIDATES_GENERATED pairs=30289 evals=64 28s
[608687.5] PE_E_T200_NC2880: step 32 NO_CANDIDATES_GENERATED pairs=30289 evals=64 28s
[608687.6] PE_E_T200_NC2880: step 33 NO_CANDIDATES_GENERATED pairs=30289 evals=64 28s
[608687.7] PE_E_T200_NC2880: step 34 NO_CANDIDATES_GENERATED pairs=30289 evals=64 28s
[608687.8] PE_E_T200_NC2880: step 35 NO_CANDIDATES_GENERATED pairs=30289 evals=64 28s
[608696.9] PE_E_T200_NC2880: step 36 ELEVATED pairs=30099 evals=80 37s
[608697.0] PE_E_T200_NC2880: step 37 NO_CANDIDATES_GENERATED pairs=30099 evals=80 38s
[608697.1] PE_E_T200_NC2880: step 38 NO_CANDIDATES_GENERATED pairs=30099 evals=80 38s
[608697.2] PE_E_T200_NC2880: step 39 NO_CANDIDATES_GENERATED pairs=30099 evals=80 38s
[608697.4] PE_E_T200_NC2880: step 40 NO_CANDIDATES_GENERATED pairs=30099 evals=80 38s
[608697.5] PE_E_T200_NC2880: step 41 NO_CANDIDATES_GENERATED pairs=30099 evals=80 38s
[608697.6] PE_E_T200_NC2880: step 42 NO_CANDIDATES_GENERATED pairs=30099 evals=80 38s
[608697.7] PE_E_T200_NC2880: step 43 NO_CANDIDATES_GENERATED pairs=30099 evals=80 38s
[608708.1] PE_E_T200_NC2880: step 44 ELEVATED pairs=29911 evals=96 49s
[608708.2] PE_E_T200_NC2880: step 45 NO_CANDIDATES_GENERATED pairs=29911 evals=96 49s
[608708.3] PE_E_T200_NC2880: step 46 NO_CANDIDATES_GENERATED pairs=29911 evals=96 49s
[608708.4] PE_E_T200_NC2880: step 47 NO_CANDIDATES_GENERATED pairs=29911 evals=96 49s
[608708.5] PE_E_T200_NC2880: step 48 NO_CANDIDATES_GENERATED pairs=29911 evals=96 49s
[608708.6] PE_E_T200_NC2880: step 49 NO_CANDIDATES_GENERATED pairs=29911 evals=96 49s
[608708.7] PE_E_T200_NC2880: step 50 NO_CANDIDATES_GENERATED pairs=29911 evals=96 49s
[608708.9] PE_E_T200_NC2880: step 51 NO_CANDIDATES_GENERATED pairs=29911 evals=96 49s
[608721.1] PE_E_T200_NC2880: step 52 ELEVATED pairs=29725 evals=112 62s
[608721.3] PE_E_T200_NC2880: step 53 NO_CANDIDATES_GENERATED pairs=29725 evals=112 62s
[608721.4] PE_E_T200_NC2880: step 54 NO_CANDIDATES_GENERATED pairs=29725 evals=112 62s
[608721.5] PE_E_T200_NC2880: step 55 NO_CANDIDATES_GENERATED pairs=29725 evals=112 62s
[608721.6] PE_E_T200_NC2880: step 56 NO_CANDIDATES_GENERATED pairs=29725 evals=112 62s
[608721.7] PE_E_T200_NC2880: step 57 NO_CANDIDATES_GENERATED pairs=29725 evals=112 62s
[608721.9] PE_E_T200_NC2880: step 58 NO_CANDIDATES_GENERATED pairs=29725 evals=112 62s
[608722.0] PE_E_T200_NC2880: step 59 NO_CANDIDATES_GENERATED pairs=29725 evals=112 63s
[608730.8] PE_E_T200_NC2880: step 60 ELEVATED pairs=29535 evals=128 71s
[608730.9] PE_E_T200_NC2880: step 61 NO_CANDIDATES_GENERATED pairs=29535 evals=128 71s
[608731.0] PE_E_T200_NC2880: step 62 NO_CANDIDATES_GENERATED pairs=29535 evals=128 72s
[608731.1] PE_E_T200_NC2880: step 63 NO_CANDIDATES_GENERATED pairs=29535 evals=128 72s
[608731.2] PE_E_T200_NC2880: step 64 NO_CANDIDATES_GENERATED pairs=29535 evals=128 72s
[608731.4] PE_E_T200_NC2880: step 65 NO_CANDIDATES_GENERATED pairs=29535 evals=128 72s
[608731.5] PE_E_T200_NC2880: step 66 NO_CANDIDATES_GENERATED pairs=29535 evals=128 72s
[608731.7] PE_E_T200_NC2880: step 67 NO_CANDIDATES_GENERATED pairs=29535 evals=128 72s
[608745.8] PE_E_T200_NC2880: step 68 ELEVATED pairs=29351 evals=144 86s
[608745.9] PE_E_T200_NC2880: step 69 NO_CANDIDATES_GENERATED pairs=29351 evals=144 86s
[608746.1] PE_E_T200_NC2880: step 70 NO_CANDIDATES_GENERATED pairs=29351 evals=144 87s
[608746.2] PE_E_T200_NC2880: step 71 NO_CANDIDATES_GENERATED pairs=29351 evals=144 87s
[608746.4] PE_E_T200_NC2880: step 72 NO_CANDIDATES_GENERATED pairs=29351 evals=144 87s
[608746.5] PE_E_T200_NC2880: step 73 NO_CANDIDATES_GENERATED pairs=29351 evals=144 87s
[608746.7] PE_E_T200_NC2880: step 74 NO_CANDIDATES_GENERATED pairs=29351 evals=144 87s
[608746.8] PE_E_T200_NC2880: step 75 NO_CANDIDATES_GENERATED pairs=29351 evals=144 87s
[608757.2] PE_E_T200_NC2880: step 76 ELEVATED pairs=29163 evals=160 98s
[608757.3] PE_E_T200_NC2880: step 77 NO_CANDIDATES_GENERATED pairs=29163 evals=160 98s
[608757.4] PE_E_T200_NC2880: step 78 NO_CANDIDATES_GENERATED pairs=29163 evals=160 98s
[608757.6] PE_E_T200_NC2880: step 79 NO_CANDIDATES_GENERATED pairs=29163 evals=160 98s
[608757.7] PE_E_T200_NC2880: step 80 NO_CANDIDATES_GENERATED pairs=29163 evals=160 98s
[608757.8] PE_E_T200_NC2880: step 81 NO_CANDIDATES_GENERATED pairs=29163 evals=160 98s
[608758.0] PE_E_T200_NC2880: step 82 NO_CANDIDATES_GENERATED pairs=29163 evals=160 99s
[608758.1] PE_E_T200_NC2880: step 83 NO_CANDIDATES_GENERATED pairs=29163 evals=160 99s
[608764.9] PE_E_T200_NC2880: step 84 ELEVATED pairs=28988 evals=176 105s
[608765.0] PE_E_T200_NC2880: step 85 NO_CANDIDATES_GENERATED pairs=28988 evals=176 106s
[608765.1] PE_E_T200_NC2880: step 86 NO_CANDIDATES_GENERATED pairs=28988 evals=176 106s
[608765.3] PE_E_T200_NC2880: step 87 NO_CANDIDATES_GENERATED pairs=28988 evals=176 106s
[608765.4] PE_E_T200_NC2880: step 88 NO_CANDIDATES_GENERATED pairs=28988 evals=176 106s
[608765.5] PE_E_T200_NC2880: step 89 NO_CANDIDATES_GENERATED pairs=28988 evals=176 106s
[608765.7] PE_E_T200_NC2880: step 90 NO_CANDIDATES_GENERATED pairs=28988 evals=176 106s
[608765.8] PE_E_T200_NC2880: step 91 NO_CANDIDATES_GENERATED pairs=28988 evals=176 106s
[608774.2] PE_E_T200_NC2880: step 92 ELEVATED pairs=28815 evals=192 115s
[608774.3] PE_E_T200_NC2880: step 93 NO_CANDIDATES_GENERATED pairs=28815 evals=192 115s
[608774.4] PE_E_T200_NC2880: step 94 NO_CANDIDATES_GENERATED pairs=28815 evals=192 115s
[608774.5] PE_E_T200_NC2880: step 95 NO_CANDIDATES_GENERATED pairs=28815 evals=192 115s
[608774.7] PE_E_T200_NC2880: step 96 NO_CANDIDATES_GENERATED pairs=28815 evals=192 115s
[608774.8] PE_E_T200_NC2880: step 97 NO_CANDIDATES_GENERATED pairs=28815 evals=192 115s
[608775.0] PE_E_T200_NC2880: step 98 NO_CANDIDATES_GENERATED pairs=28815 evals=192 116s
[608775.1] PE_E_T200_NC2880: step 99 NO_CANDIDATES_GENERATED pairs=28815 evals=192 116s
[608785.5] PE_E_T200_NC2880: step 100 ELEVATED pairs=28644 evals=208 126s
[608785.6] PE_E_T200_NC2880: step 101 NO_CANDIDATES_GENERATED pairs=28644 evals=208 126s
[608785.8] PE_E_T200_NC2880: step 102 NO_CANDIDATES_GENERATED pairs=28644 evals=208 126s
[608785.9] PE_E_T200_NC2880: step 103 NO_CANDIDATES_GENERATED pairs=28644 evals=208 126s
[608786.1] PE_E_T200_NC2880: step 104 NO_CANDIDATES_GENERATED pairs=28644 evals=208 127s
[608786.2] PE_E_T200_NC2880: step 105 NO_CANDIDATES_GENERATED pairs=28644 evals=208 127s
[608786.3] PE_E_T200_NC2880: step 106 NO_CANDIDATES_GENERATED pairs=28644 evals=208 127s
[608786.5] PE_E_T200_NC2880: step 107 NO_CANDIDATES_GENERATED pairs=28644 evals=208 127s
[608793.1] PE_E_T200_NC2880: step 108 ELEVATED pairs=28462 evals=224 134s
[608793.2] PE_E_T200_NC2880: step 109 NO_CANDIDATES_GENERATED pairs=28462 evals=224 134s
[608793.4] PE_E_T200_NC2880: step 110 NO_CANDIDATES_GENERATED pairs=28462 evals=224 134s
[608793.5] PE_E_T200_NC2880: step 111 NO_CANDIDATES_GENERATED pairs=28462 evals=224 134s
[608793.6] PE_E_T200_NC2880: step 112 NO_CANDIDATES_GENERATED pairs=28462 evals=224 134s
[608793.8] PE_E_T200_NC2880: step 113 NO_CANDIDATES_GENERATED pairs=28462 evals=224 134s
[608793.9] PE_E_T200_NC2880: step 114 NO_CANDIDATES_GENERATED pairs=28462 evals=224 134s
[608794.0] PE_E_T200_NC2880: step 115 NO_CANDIDATES_GENERATED pairs=28462 evals=224 135s
[608801.0] PE_E_T200_NC2880: step 116 ELEVATED pairs=28357 evals=240 142s
[608801.1] PE_E_T200_NC2880: step 117 NO_CANDIDATES_GENERATED pairs=28357 evals=240 142s
[608801.2] PE_E_T200_NC2880: step 118 NO_CANDIDATES_GENERATED pairs=28357 evals=240 142s
[608801.3] PE_E_T200_NC2880: step 119 NO_CANDIDATES_GENERATED pairs=28357 evals=240 142s
[608801.4] PE_E_T200_NC2880: step 120 NO_CANDIDATES_GENERATED pairs=28357 evals=240 142s
[608801.5] PE_E_T200_NC2880: step 121 NO_CANDIDATES_GENERATED pairs=28357 evals=240 142s
[608801.6] PE_E_T200_NC2880: step 122 NO_CANDIDATES_GENERATED pairs=28357 evals=240 142s
[608801.7] PE_E_T200_NC2880: step 123 NO_CANDIDATES_GENERATED pairs=28357 evals=240 142s
[608807.9] PE_E_T200_NC2880: step 124 ELEVATED pairs=28177 evals=256 148s
[608808.0] PE_E_T200_NC2880: step 125 NO_CANDIDATES_GENERATED pairs=28177 evals=256 149s
[608808.2] PE_E_T200_NC2880: step 126 NO_CANDIDATES_GENERATED pairs=28177 evals=256 149s
[608808.3] PE_E_T200_NC2880: step 127 NO_CANDIDATES_GENERATED pairs=28177 evals=256 149s
[608808.4] PE_E_T200_NC2880: step 128 NO_CANDIDATES_GENERATED pairs=28177 evals=256 149s
[608808.5] PE_E_T200_NC2880: step 129 NO_CANDIDATES_GENERATED pairs=28177 evals=256 149s
[608808.6] PE_E_T200_NC2880: step 130 NO_CANDIDATES_GENERATED pairs=28177 evals=256 149s
[608808.8] PE_E_T200_NC2880: step 131 NO_CANDIDATES_GENERATED pairs=28177 evals=256 149s
[608822.0] PE_E_T200_NC2880: step 132 ELEVATED pairs=28016 evals=272 163s
[608822.1] PE_E_T200_NC2880: step 133 NO_CANDIDATES_GENERATED pairs=28016 evals=272 163s
[608822.2] PE_E_T200_NC2880: step 134 NO_CANDIDATES_GENERATED pairs=28016 evals=272 163s
[608822.4] PE_E_T200_NC2880: step 135 NO_CANDIDATES_GENERATED pairs=28016 evals=272 163s
[608822.5] PE_E_T200_NC2880: step 136 NO_CANDIDATES_GENERATED pairs=28016 evals=272 163s
[608822.6] PE_E_T200_NC2880: step 137 NO_CANDIDATES_GENERATED pairs=28016 evals=272 163s
[608822.8] PE_E_T200_NC2880: step 138 NO_CANDIDATES_GENERATED pairs=28016 evals=272 163s
[608822.9] PE_E_T200_NC2880: step 139 NO_CANDIDATES_GENERATED pairs=28016 evals=272 163s
[608830.7] PE_E_T200_NC2880: step 140 ELEVATED pairs=27838 evals=288 171s
[608830.8] PE_E_T200_NC2880: step 141 NO_CANDIDATES_GENERATED pairs=27838 evals=288 171s
[608831.0] PE_E_T200_NC2880: step 142 NO_CANDIDATES_GENERATED pairs=27838 evals=288 172s
[608831.1] PE_E_T200_NC2880: step 143 NO_CANDIDATES_GENERATED pairs=27838 evals=288 172s
[608831.3] PE_E_T200_NC2880: step 144 NO_CANDIDATES_GENERATED pairs=27838 evals=288 172s
[608831.4] PE_E_T200_NC2880: step 145 NO_CANDIDATES_GENERATED pairs=27838 evals=288 172s
[608831.5] PE_E_T200_NC2880: step 146 NO_CANDIDATES_GENERATED pairs=27838 evals=288 172s
[608831.7] PE_E_T200_NC2880: step 147 NO_CANDIDATES_GENERATED pairs=27838 evals=288 172s
[608839.4] PE_E_T200_NC2880: step 148 ELEVATED pairs=27662 evals=304 180s
[608839.6] PE_E_T200_NC2880: step 149 NO_CANDIDATES_GENERATED pairs=27662 evals=304 180s
[608839.7] PE_E_T200_NC2880: step 150 NO_CANDIDATES_GENERATED pairs=27662 evals=304 180s
[608839.8] PE_E_T200_NC2880: step 151 NO_CANDIDATES_GENERATED pairs=27662 evals=304 180s
[608839.9] PE_E_T200_NC2880: step 152 NO_CANDIDATES_GENERATED pairs=27662 evals=304 180s
[608840.0] PE_E_T200_NC2880: step 153 NO_CANDIDATES_GENERATED pairs=27662 evals=304 181s
[608840.2] PE_E_T200_NC2880: step 154 NO_CANDIDATES_GENERATED pairs=27662 evals=304 181s
[608840.3] PE_E_T200_NC2880: step 155 NO_CANDIDATES_GENERATED pairs=27662 evals=304 181s
[608848.2] PE_E_T200_NC2880: step 156 ELEVATED pairs=27496 evals=320 189s
[608848.3] PE_E_T200_NC2880: step 157 NO_CANDIDATES_GENERATED pairs=27496 evals=320 189s
[608848.4] PE_E_T200_NC2880: step 158 NO_CANDIDATES_GENERATED pairs=27496 evals=320 189s
[608848.5] PE_E_T200_NC2880: step 159 NO_CANDIDATES_GENERATED pairs=27496 evals=320 189s
[608848.7] PE_E_T200_NC2880: step 160 NO_CANDIDATES_GENERATED pairs=27496 evals=320 189s
[608848.8] PE_E_T200_NC2880: step 161 NO_CANDIDATES_GENERATED pairs=27496 evals=320 189s
[608848.9] PE_E_T200_NC2880: step 162 NO_CANDIDATES_GENERATED pairs=27496 evals=320 189s
[608849.0] PE_E_T200_NC2880: step 163 NO_CANDIDATES_GENERATED pairs=27496 evals=320 190s
[608854.3] PE_E_T200_NC2880: step 164 ELEVATED pairs=27330 evals=329 195s
[608854.4] PE_E_T200_NC2880: step 165 NO_CANDIDATES_GENERATED pairs=27330 evals=329 195s
[608854.5] PE_E_T200_NC2880: step 166 NO_CANDIDATES_GENERATED pairs=27330 evals=329 195s
[608854.7] PE_E_T200_NC2880: step 167 NO_CANDIDATES_GENERATED pairs=27330 evals=329 195s
[608854.8] PE_E_T200_NC2880: step 168 NO_CANDIDATES_GENERATED pairs=27330 evals=329 195s
[608854.9] PE_E_T200_NC2880: step 169 NO_CANDIDATES_GENERATED pairs=27330 evals=329 195s
[608855.0] PE_E_T200_NC2880: step 170 NO_CANDIDATES_GENERATED pairs=27330 evals=329 196s
[608855.1] PE_E_T200_NC2880: step 171 NO_CANDIDATES_GENERATED pairs=27330 evals=329 196s
[608863.3] PE_E_T200_NC2880: step 172 ELEVATED pairs=27166 evals=345 204s
[608863.4] PE_E_T200_NC2880: step 173 NO_CANDIDATES_GENERATED pairs=27166 evals=345 204s
[608863.6] PE_E_T200_NC2880: step 174 NO_CANDIDATES_GENERATED pairs=27166 evals=345 204s
[608863.7] PE_E_T200_NC2880: step 175 NO_CANDIDATES_GENERATED pairs=27166 evals=345 204s
[608863.8] PE_E_T200_NC2880: step 176 NO_CANDIDATES_GENERATED pairs=27166 evals=345 204s
[608863.9] PE_E_T200_NC2880: step 177 NO_CANDIDATES_GENERATED pairs=27166 evals=345 204s
[608864.0] PE_E_T200_NC2880: step 178 NO_CANDIDATES_GENERATED pairs=27166 evals=345 205s
[608864.1] PE_E_T200_NC2880: step 179 NO_CANDIDATES_GENERATED pairs=27166 evals=345 205s
[608869.0] PE_E_T200_NC2880: step 180 ELEVATED pairs=27002 evals=354 210s
[608869.1] PE_E_T200_NC2880: step 181 NO_CANDIDATES_GENERATED pairs=27002 evals=354 210s
[608869.3] PE_E_T200_NC2880: step 182 NO_CANDIDATES_GENERATED pairs=27002 evals=354 210s
[608869.4] PE_E_T200_NC2880: step 183 NO_CANDIDATES_GENERATED pairs=27002 evals=354 210s
[608869.5] PE_E_T200_NC2880: step 184 NO_CANDIDATES_GENERATED pairs=27002 evals=354 210s
[608869.6] PE_E_T200_NC2880: step 185 NO_CANDIDATES_GENERATED pairs=27002 evals=354 210s
[608869.7] PE_E_T200_NC2880: step 186 NO_CANDIDATES_GENERATED pairs=27002 evals=354 210s
[608869.8] PE_E_T200_NC2880: step 187 NO_CANDIDATES_GENERATED pairs=27002 evals=354 210s
[608877.7] PE_E_T200_NC2880: step 188 ELEVATED pairs=26841 evals=370 218s
[608877.8] PE_E_T200_NC2880: step 189 NO_CANDIDATES_GENERATED pairs=26841 evals=370 218s
[608877.9] PE_E_T200_NC2880: step 190 NO_CANDIDATES_GENERATED pairs=26841 evals=370 218s
[608878.0] PE_E_T200_NC2880: step 191 NO_CANDIDATES_GENERATED pairs=26841 evals=370 219s
[608878.1] PE_E_T200_NC2880: step 192 NO_CANDIDATES_GENERATED pairs=26841 evals=370 219s
[608878.2] PE_E_T200_NC2880: step 193 NO_CANDIDATES_GENERATED pairs=26841 evals=370 219s
[608878.3] PE_E_T200_NC2880: step 194 NO_CANDIDATES_GENERATED pairs=26841 evals=370 219s
[608878.4] PE_E_T200_NC2880: step 195 NO_CANDIDATES_GENERATED pairs=26841 evals=370 219s
[608883.8] PE_E_T200_NC2880: step 196 ELEVATED pairs=26679 evals=379 224s
[608884.0] PE_E_T200_NC2880: step 197 NO_CANDIDATES_GENERATED pairs=26679 evals=379 224s
[608884.1] PE_E_T200_NC2880: step 198 NO_CANDIDATES_GENERATED pairs=26679 evals=379 225s
[608884.2] PE_E_T200_NC2880: step 199 NO_CANDIDATES_GENERATED pairs=26679 evals=379 225s
[608884.3] PE_E_T200_NC2880: step 200 NO_CANDIDATES_GENERATED pairs=26679 evals=379 225s
[608884.7] PE_E_T200_NC2880: done final=26679 moves=25 first=25 reloc=0 ret=0 evals=379 stop=TARGET_LIMIT
[608936.8] PE_E_T200_NC2880: recheck PASS checks=130816
