[561063.7] IDEA_D_CONTROL_N2880: start mode=N budget=2880 spec={"name": "IDEA_D_CONTROL", "target_policy": "STRATIFIED", "evaluation_policy": "E2_ORDERED_K16", "traversal_policy": "BASE", "max_targets": 200, "k_per_target": 16, "family_round_robin": false, "relocation_side_reserve": 0, "waiting_age": false, "route_coverage": false, "multi_anchor": false, "exact_dedup": false, "decision_cache": false, "return_action": false, "cache_structural_skips": false, "window_slack_mm": 1e-05, "notes": ""}
[561063.7] IDEA_D_CONTROL_N2880: start state=main C:\Users\lihao\Desktop\Graduation Project\OpticalWaveguideRouter3D\outputs\3d_strategy_v3\512_ablation\D_both_enabled pairs=42909
[561070.4] IDEA_D_CONTROL_N2880: INITIAL_DONE pairs=42909
[561070.7] IDEA_D_CONTROL_N2880: step 1 NO_CANDIDATES_GENERATED pairs=42909 evals=0 1s
[561076.0] IDEA_D_CONTROL_N2880: step 2 NO_CANDIDATES_GENERATED pairs=42909 evals=0 6s
[561076.3] IDEA_D_CONTROL_N2880: step 3 NO_CANDIDATES_GENERATED pairs=42909 evals=0 6s
[561094.6] IDEA_D_CONTROL_N2880: step 4 ELEVATED pairs=42666 evals=16 24s
[561109.9] IDEA_D_CONTROL_N2880: step 5 ELEVATED pairs=42420 evals=32 40s
[561126.4] IDEA_D_CONTROL_N2880: step 6 ELEVATED pairs=42246 evals=48 56s
[561149.4] IDEA_D_CONTROL_N2880: step 7 ELEVATED pairs=41992 evals=64 79s
[561169.5] IDEA_D_CONTROL_N2880: step 8 ELEVATED pairs=41810 evals=80 99s
[561183.3] IDEA_D_CONTROL_N2880: step 9 ELEVATED pairs=41626 evals=96 113s
[561199.4] IDEA_D_CONTROL_N2880: step 10 ELEVATED pairs=41446 evals=112 129s
[561222.0] IDEA_D_CONTROL_N2880: step 11 ELEVATED pairs=41261 evals=128 152s
[561236.0] IDEA_D_CONTROL_N2880: step 12 ELEVATED pairs=41067 evals=144 166s
[561244.0] IDEA_D_CONTROL_N2880: step 13 ELEVATED pairs=40813 evals=160 174s
[561266.7] IDEA_D_CONTROL_N2880: step 14 ELEVATED pairs=40562 evals=176 196s
[561285.7] IDEA_D_CONTROL_N2880: step 15 ELEVATED pairs=40384 evals=192 216s
[561293.7] IDEA_D_CONTROL_N2880: step 16 ELEVATED pairs=40133 evals=208 224s
[561317.3] IDEA_D_CONTROL_N2880: step 17 ELEVATED pairs=39884 evals=224 247s
[561336.8] IDEA_D_CONTROL_N2880: step 18 ELEVATED pairs=39707 evals=240 267s
[561353.8] IDEA_D_CONTROL_N2880: step 19 ELEVATED pairs=39469 evals=256 284s
[561378.6] IDEA_D_CONTROL_N2880: step 20 ELEVATED pairs=39222 evals=272 308s
[561391.6] IDEA_D_CONTROL_N2880: step 21 ELEVATED pairs=38998 evals=288 321s
[561409.1] IDEA_D_CONTROL_N2880: step 22 ELEVATED pairs=38856 evals=304 339s
[561437.4] IDEA_D_CONTROL_N2880: step 23 ELEVATED pairs=38696 evals=320 367s
[561449.2] IDEA_D_CONTROL_N2880: step 24 ELEVATED pairs=38560 evals=336 379s
[561464.5] IDEA_D_CONTROL_N2880: step 25 ELEVATED pairs=38366 evals=352 394s
[561488.3] IDEA_D_CONTROL_N2880: step 26 ELEVATED pairs=38145 evals=368 418s
[561499.6] IDEA_D_CONTROL_N2880: step 27 ELEVATED pairs=38009 evals=384 429s
[561512.8] IDEA_D_CONTROL_N2880: step 28 ELEVATED pairs=37842 evals=400 443s
[561533.9] IDEA_D_CONTROL_N2880: step 29 ELEVATED pairs=37613 evals=416 464s
[561541.3] IDEA_D_CONTROL_N2880: step 30 ELEVATED pairs=37386 evals=432 471s
[561555.1] IDEA_D_CONTROL_N2880: step 31 ELEVATED pairs=37219 evals=448 485s
[561577.0] IDEA_D_CONTROL_N2880: step 32 ELEVATED pairs=36994 evals=464 507s
[561586.6] IDEA_D_CONTROL_N2880: step 33 ELEVATED pairs=36878 evals=480 516s
[561601.0] IDEA_D_CONTROL_N2880: step 34 ELEVATED pairs=36737 evals=496 531s
[561633.5] IDEA_D_CONTROL_N2880: step 35 ELEVATED pairs=36543 evals=512 563s
[561641.4] IDEA_D_CONTROL_N2880: step 36 ELEVATED pairs=36330 evals=528 571s
[561658.6] IDEA_D_CONTROL_N2880: step 37 ELEVATED pairs=36198 evals=544 588s
[561674.7] IDEA_D_CONTROL_N2880: step 38 NO_CANDIDATES_GENERATED pairs=36198 evals=544 605s
[561675.0] IDEA_D_CONTROL_N2880: step 39 NO_CANDIDATES_GENERATED pairs=36198 evals=544 605s
[561683.1] IDEA_D_CONTROL_N2880: step 40 ELEVATED pairs=35979 evals=560 613s
[561707.7] IDEA_D_CONTROL_N2880: step 41 ELEVATED pairs=35770 evals=576 638s
[561714.5] IDEA_D_CONTROL_N2880: step 42 ELEVATED pairs=35601 evals=592 644s
[561722.2] IDEA_D_CONTROL_N2880: step 43 ELEVATED pairs=35386 evals=608 652s
[561748.4] IDEA_D_CONTROL_N2880: step 44 ELEVATED pairs=35254 evals=624 678s
[561759.3] IDEA_D_CONTROL_N2880: step 45 ELEVATED pairs=35046 evals=640 689s
[561767.1] IDEA_D_CONTROL_N2880: step 46 ELEVATED pairs=34833 evals=656 697s
[561794.0] IDEA_D_CONTROL_N2880: step 47 ELEVATED pairs=34626 evals=672 724s
[561804.6] IDEA_D_CONTROL_N2880: step 48 ELEVATED pairs=34421 evals=688 734s
[561812.4] IDEA_D_CONTROL_N2880: step 49 ELEVATED pairs=34210 evals=704 742s
[561840.0] IDEA_D_CONTROL_N2880: step 50 ELEVATED pairs=34006 evals=720 770s
[561850.4] IDEA_D_CONTROL_N2880: step 51 ELEVATED pairs=33804 evals=736 780s
[561864.0] IDEA_D_CONTROL_N2880: step 52 ELEVATED pairs=33611 evals=752 794s
[561890.9] IDEA_D_CONTROL_N2880: step 53 ELEVATED pairs=33410 evals=768 821s
[561900.8] IDEA_D_CONTROL_N2880: step 54 ELEVATED pairs=33211 evals=784 831s
[561914.3] IDEA_D_CONTROL_N2880: step 55 ELEVATED pairs=32987 evals=800 844s
[561940.3] IDEA_D_CONTROL_N2880: step 56 ELEVATED pairs=32789 evals=816 870s
[561949.2] IDEA_D_CONTROL_N2880: step 57 ELEVATED pairs=32593 evals=832 879s
[561960.9] IDEA_D_CONTROL_N2880: step 58 ELEVATED pairs=32371 evals=848 891s
[561983.6] IDEA_D_CONTROL_N2880: step 59 ELEVATED pairs=32176 evals=864 913s
[561988.7] IDEA_D_CONTROL_N2880: step 60 ELEVATED pairs=31988 evals=880 919s
[561999.9] IDEA_D_CONTROL_N2880: step 61 ELEVATED pairs=31769 evals=896 930s
[562019.8] IDEA_D_CONTROL_N2880: step 62 ELEVATED pairs=31662 evals=912 950s
[562026.0] IDEA_D_CONTROL_N2880: step 63 ELEVATED pairs=31491 evals=928 956s
[562036.5] IDEA_D_CONTROL_N2880: step 64 ELEVATED pairs=31274 evals=944 966s
[562055.0] IDEA_D_CONTROL_N2880: step 65 ELEVATED pairs=31087 evals=960 985s
[562060.6] IDEA_D_CONTROL_N2880: step 66 PREFIX_EVALUATED_NO_WINNER_DEFERRED pairs=31087 evals=976 990s
[562070.3] IDEA_D_CONTROL_N2880: step 67 ELEVATED pairs=30872 evals=992 1000s
[562089.8] IDEA_D_CONTROL_N2880: step 68 PREFIX_EVALUATED_NO_WINNER_DEFERRED pairs=30872 evals=1008 1020s
[562095.4] IDEA_D_CONTROL_N2880: step 69 ELEVATED pairs=30724 evals=1024 1025s
[562104.5] IDEA_D_CONTROL_N2880: step 70 ELEVATED pairs=30511 evals=1040 1034s
[562124.3] IDEA_D_CONTROL_N2880: step 71 PREFIX_EVALUATED_NO_WINNER_DEFERRED pairs=30511 evals=1056 1054s
[562128.5] IDEA_D_CONTROL_N2880: step 72 ELEVATED pairs=30326 evals=1072 1058s
[562137.9] IDEA_D_CONTROL_N2880: step 73 ELEVATED pairs=30114 evals=1088 1068s
[562157.7] IDEA_D_CONTROL_N2880: step 74 PREFIX_EVALUATED_NO_WINNER_DEFERRED pairs=30114 evals=1104 1088s
[562162.1] IDEA_D_CONTROL_N2880: step 75 ELEVATED pairs=29987 evals=1120 1092s
[562171.1] IDEA_D_CONTROL_N2880: step 76 ELEVATED pairs=29777 evals=1136 1101s
[562191.4] IDEA_D_CONTROL_N2880: step 77 PREFIX_EVALUATED_NO_WINNER_DEFERRED pairs=29777 evals=1152 1121s
[562195.8] IDEA_D_CONTROL_N2880: step 78 ELEVATED pairs=29650 evals=1168 1126s
[562204.8] IDEA_D_CONTROL_N2880: step 79 ELEVATED pairs=29442 evals=1184 1135s
[562225.5] IDEA_D_CONTROL_N2880: step 80 PREFIX_EVALUATED_NO_WINNER_DEFERRED pairs=29442 evals=1200 1155s
[562230.0] IDEA_D_CONTROL_N2880: step 81 ELEVATED pairs=29315 evals=1216 1160s
[562238.7] IDEA_D_CONTROL_N2880: step 82 ELEVATED pairs=29109 evals=1232 1169s
[562259.7] IDEA_D_CONTROL_N2880: step 83 PREFIX_EVALUATED_NO_WINNER_DEFERRED pairs=29109 evals=1248 1190s
[562264.0] IDEA_D_CONTROL_N2880: step 84 ELEVATED pairs=28943 evals=1264 1194s
[562266.9] IDEA_D_CONTROL_N2880: step 85 PREFIX_EVALUATED_NO_WINNER_DEFERRED pairs=28943 evals=1280 1197s
[562288.5] IDEA_D_CONTROL_N2880: step 86 PREFIX_EVALUATED_NO_WINNER_DEFERRED pairs=28943 evals=1296 1218s
[562293.2] IDEA_D_CONTROL_N2880: step 87 ELEVATED pairs=28816 evals=1312 1223s
[562296.4] IDEA_D_CONTROL_N2880: step 88 PREFIX_EVALUATED_NO_WINNER_DEFERRED pairs=28816 evals=1328 1226s
[562318.6] IDEA_D_CONTROL_N2880: step 89 PREFIX_EVALUATED_NO_WINNER_DEFERRED pairs=28816 evals=1344 1248s
[562323.4] IDEA_D_CONTROL_N2880: step 90 ELEVATED pairs=28632 evals=1360 1253s
[562326.3] IDEA_D_CONTROL_N2880: step 91 PREFIX_EVALUATED_NO_WINNER_DEFERRED pairs=28632 evals=1376 1256s
[562349.1] IDEA_D_CONTROL_N2880: step 92 PREFIX_EVALUATED_NO_WINNER_DEFERRED pairs=28632 evals=1392 1279s
[562354.2] IDEA_D_CONTROL_N2880: step 93 ELEVATED pairs=28458 evals=1401 1284s
[562357.1] IDEA_D_CONTROL_N2880: step 94 PREFIX_EVALUATED_NO_WINNER_DEFERRED pairs=28458 evals=1417 1287s
[562379.5] IDEA_D_CONTROL_N2880: step 95 PREFIX_EVALUATED_NO_WINNER_DEFERRED pairs=28458 evals=1433 1309s
[562384.5] IDEA_D_CONTROL_N2880: step 96 ELEVATED pairs=28286 evals=1442 1314s
[562387.5] IDEA_D_CONTROL_N2880: step 97 PREFIX_EVALUATED_NO_WINNER_DEFERRED pairs=28286 evals=1458 1317s
[562409.5] IDEA_D_CONTROL_N2880: step 98 PREFIX_EVALUATED_NO_WINNER_DEFERRED pairs=28286 evals=1474 1339s
[562414.2] IDEA_D_CONTROL_N2880: step 99 ELEVATED pairs=28116 evals=1483 1344s
[562417.1] IDEA_D_CONTROL_N2880: step 100 PREFIX_EVALUATED_NO_WINNER_DEFERRED pairs=28116 evals=1499 1347s
[562438.3] IDEA_D_CONTROL_N2880: step 101 PREFIX_EVALUATED_NO_WINNER_DEFERRED pairs=28116 evals=1515 1368s
[562443.9] IDEA_D_CONTROL_N2880: step 102 ELEVATED pairs=27994 evals=1531 1374s
[562446.7] IDEA_D_CONTROL_N2880: step 103 PREFIX_EVALUATED_NO_WINNER_DEFERRED pairs=27994 evals=1547 1376s
[562468.2] IDEA_D_CONTROL_N2880: step 104 PREFIX_EVALUATED_NO_WINNER_DEFERRED pairs=27994 evals=1563 1398s
[562472.5] IDEA_D_CONTROL_N2880: step 105 ELEVATED pairs=27826 evals=1572 1402s
[562475.3] IDEA_D_CONTROL_N2880: step 106 PREFIX_EVALUATED_NO_WINNER_DEFERRED pairs=27826 evals=1588 1405s
[562496.7] IDEA_D_CONTROL_N2880: step 107 PREFIX_EVALUATED_NO_WINNER_DEFERRED pairs=27826 evals=1604 1426s
[562500.9] IDEA_D_CONTROL_N2880: step 108 ELEVATED pairs=27673 evals=1620 1431s
[562503.6] IDEA_D_CONTROL_N2880: step 109 PREFIX_EVALUATED_NO_WINNER_DEFERRED pairs=27673 evals=1636 1433s
[562525.2] IDEA_D_CONTROL_N2880: step 110 PREFIX_EVALUATED_NO_WINNER_DEFERRED pairs=27673 evals=1652 1455s
[562529.9] IDEA_D_CONTROL_N2880: step 111 ELEVATED pairs=27567 evals=1668 1460s
[562532.6] IDEA_D_CONTROL_N2880: step 112 PREFIX_EVALUATED_NO_WINNER_DEFERRED pairs=27567 evals=1684 1462s
[562554.5] IDEA_D_CONTROL_N2880: step 113 PREFIX_EVALUATED_NO_WINNER_DEFERRED pairs=27567 evals=1700 1484s
[562559.0] IDEA_D_CONTROL_N2880: step 114 ELEVATED pairs=27370 evals=1716 1489s
[562561.8] IDEA_D_CONTROL_N2880: step 115 PREFIX_EVALUATED_NO_WINNER_DEFERRED pairs=27370 evals=1732 1492s
[562583.9] IDEA_D_CONTROL_N2880: step 116 PREFIX_EVALUATED_NO_WINNER_DEFERRED pairs=27370 evals=1748 1514s
[562588.2] IDEA_D_CONTROL_N2880: step 117 ELEVATED pairs=27175 evals=1764 1518s
[562591.0] IDEA_D_CONTROL_N2880: step 118 PREFIX_EVALUATED_NO_WINNER_DEFERRED pairs=27175 evals=1780 1521s
[562613.8] IDEA_D_CONTROL_N2880: step 119 PREFIX_EVALUATED_NO_WINNER_DEFERRED pairs=27175 evals=1796 1544s
[562619.6] IDEA_D_CONTROL_N2880: step 120 ELEVATED pairs=26982 evals=1812 1549s
[562622.3] IDEA_D_CONTROL_N2880: step 121 PREFIX_EVALUATED_NO_WINNER_DEFERRED pairs=26982 evals=1828 1552s
[562645.0] IDEA_D_CONTROL_N2880: step 122 PREFIX_EVALUATED_NO_WINNER_DEFERRED pairs=26982 evals=1844 1575s
[562649.1] IDEA_D_CONTROL_N2880: step 123 ELEVATED pairs=26880 evals=1860 1579s
[562651.8] IDEA_D_CONTROL_N2880: step 124 PREFIX_EVALUATED_NO_WINNER_DEFERRED pairs=26880 evals=1876 1582s
[562674.5] IDEA_D_CONTROL_N2880: step 125 PREFIX_EVALUATED_NO_WINNER_DEFERRED pairs=26880 evals=1892 1604s
[562681.3] IDEA_D_CONTROL_N2880: step 126 ELEVATED pairs=26767 evals=1901 1611s
[562684.0] IDEA_D_CONTROL_N2880: step 127 PREFIX_EVALUATED_NO_WINNER_DEFERRED pairs=26767 evals=1917 1614s
[562707.0] IDEA_D_CONTROL_N2880: step 128 PREFIX_EVALUATED_NO_WINNER_DEFERRED pairs=26767 evals=1933 1637s
[562713.1] IDEA_D_CONTROL_N2880: step 129 ELEVATED pairs=26602 evals=1949 1643s
[562715.8] IDEA_D_CONTROL_N2880: step 130 PREFIX_EVALUATED_NO_WINNER_DEFERRED pairs=26602 evals=1965 1646s
[562738.9] IDEA_D_CONTROL_N2880: step 131 PREFIX_EVALUATED_NO_WINNER_DEFERRED pairs=26602 evals=1981 1669s
[562744.8] IDEA_D_CONTROL_N2880: step 132 ELEVATED pairs=26439 evals=1997 1675s
[562747.5] IDEA_D_CONTROL_N2880: step 133 PREFIX_EVALUATED_NO_WINNER_DEFERRED pairs=26439 evals=2013 1677s
[562770.5] IDEA_D_CONTROL_N2880: step 134 PREFIX_EVALUATED_NO_WINNER_DEFERRED pairs=26439 evals=2029 1700s
[562776.5] IDEA_D_CONTROL_N2880: step 135 ELEVATED pairs=26278 evals=2045 1706s
[562779.2] IDEA_D_CONTROL_N2880: step 136 PREFIX_EVALUATED_NO_WINNER_DEFERRED pairs=26278 evals=2061 1709s
[562802.5] IDEA_D_CONTROL_N2880: step 137 PREFIX_EVALUATED_NO_WINNER_DEFERRED pairs=26278 evals=2077 1732s
[562809.9] IDEA_D_CONTROL_N2880: step 138 ELEVATED pairs=26114 evals=2093 1740s
[562812.5] IDEA_D_CONTROL_N2880: step 139 PREFIX_EVALUATED_NO_WINNER_DEFERRED pairs=26114 evals=2109 1742s
[562835.3] IDEA_D_CONTROL_N2880: step 140 PREFIX_EVALUATED_NO_WINNER_DEFERRED pairs=26114 evals=2125 1765s
[562842.7] IDEA_D_CONTROL_N2880: step 141 ELEVATED pairs=25955 evals=2141 1773s
[562845.4] IDEA_D_CONTROL_N2880: step 142 PREFIX_EVALUATED_NO_WINNER_DEFERRED pairs=25955 evals=2157 1775s
[562868.8] IDEA_D_CONTROL_N2880: step 143 PREFIX_EVALUATED_NO_WINNER_DEFERRED pairs=25955 evals=2173 1799s
[562874.1] IDEA_D_CONTROL_N2880: step 144 ELEVATED pairs=25814 evals=2189 1804s
[562876.9] IDEA_D_CONTROL_N2880: step 145 PREFIX_EVALUATED_NO_WINNER_DEFERRED pairs=25814 evals=2205 1807s
[562900.2] IDEA_D_CONTROL_N2880: step 146 PREFIX_EVALUATED_NO_WINNER_DEFERRED pairs=25814 evals=2221 1830s
[562905.8] IDEA_D_CONTROL_N2880: step 147 ELEVATED pairs=25675 evals=2237 1836s
[562911.9] IDEA_D_CONTROL_N2880: step 148 ELEVATED pairs=25528 evals=2253 1842s
[562936.1] IDEA_D_CONTROL_N2880: step 149 PREFIX_EVALUATED_NO_WINNER_DEFERRED pairs=25528 evals=2269 1866s
[562941.9] IDEA_D_CONTROL_N2880: step 150 ELEVATED pairs=25429 evals=2285 1872s
[562952.5] IDEA_D_CONTROL_N2880: step 151 ELEVATED pairs=25321 evals=2301 1882s
[562976.4] IDEA_D_CONTROL_N2880: step 152 PREFIX_EVALUATED_NO_WINNER_DEFERRED pairs=25321 evals=2317 1906s
[562982.1] IDEA_D_CONTROL_N2880: step 153 ELEVATED pairs=25222 evals=2333 1912s
[562987.0] IDEA_D_CONTROL_N2880: step 154 ELEVATED pairs=25050 evals=2349 1917s
[563011.3] IDEA_D_CONTROL_N2880: step 155 PREFIX_EVALUATED_NO_WINNER_DEFERRED pairs=25050 evals=2365 1941s
[563011.5] IDEA_D_CONTROL_N2880: step 156 NO_CANDIDATES_GENERATED pairs=25050 evals=2365 1941s
[563019.1] IDEA_D_CONTROL_N2880: step 157 ELEVATED pairs=24901 evals=2381 1949s
[563039.1] IDEA_D_CONTROL_N2880: step 158 NO_CANDIDATES_GENERATED pairs=24901 evals=2381 1969s
[563039.3] IDEA_D_CONTROL_N2880: step 159 NO_CANDIDATES_GENERATED pairs=24901 evals=2381 1969s
[563039.4] IDEA_D_CONTROL_N2880: step 160 NO_CANDIDATES_GENERATED pairs=24901 evals=2381 1969s
[563059.4] IDEA_D_CONTROL_N2880: step 161 NO_CANDIDATES_GENERATED pairs=24901 evals=2381 1989s
[563059.6] IDEA_D_CONTROL_N2880: step 162 NO_CANDIDATES_GENERATED pairs=24901 evals=2381 1989s
[563059.7] IDEA_D_CONTROL_N2880: step 163 NO_CANDIDATES_GENERATED pairs=24901 evals=2381 1990s
[563079.8] IDEA_D_CONTROL_N2880: step 164 NO_CANDIDATES_GENERATED pairs=24901 evals=2381 2010s
[563086.0] IDEA_D_CONTROL_N2880: step 165 ELEVATED pairs=24748 evals=2397 2016s
[563086.2] IDEA_D_CONTROL_N2880: step 166 NO_CANDIDATES_GENERATED pairs=24748 evals=2397 2016s
[563115.0] IDEA_D_CONTROL_N2880: step 167 ELEVATED pairs=24569 evals=2413 2045s
[563121.3] IDEA_D_CONTROL_N2880: step 168 ELEVATED pairs=24418 evals=2429 2051s
[563123.9] IDEA_D_CONTROL_N2880: step 169 PREFIX_EVALUATED_NO_WINNER_DEFERRED pairs=24418 evals=2445 2054s
[563154.1] IDEA_D_CONTROL_N2880: step 170 ELEVATED pairs=24241 evals=2461 2084s
[563160.4] IDEA_D_CONTROL_N2880: step 171 ELEVATED pairs=24092 evals=2477 2090s
[563163.0] IDEA_D_CONTROL_N2880: step 172 PREFIX_EVALUATED_NO_WINNER_DEFERRED pairs=24092 evals=2493 2093s
[563194.6] IDEA_D_CONTROL_N2880: step 173 ELEVATED pairs=23917 evals=2509 2124s
[563206.0] IDEA_D_CONTROL_N2880: step 174 ELEVATED pairs=23744 evals=2525 2136s
[563208.6] IDEA_D_CONTROL_N2880: step 175 PREFIX_EVALUATED_NO_WINNER_DEFERRED pairs=23744 evals=2541 2138s
[563240.6] IDEA_D_CONTROL_N2880: step 176 ELEVATED pairs=23616 evals=2557 2170s
[563251.9] IDEA_D_CONTROL_N2880: step 177 ELEVATED pairs=23490 evals=2573 2182s
[563254.4] IDEA_D_CONTROL_N2880: step 178 PREFIX_EVALUATED_NO_WINNER_DEFERRED pairs=23490 evals=2589 2184s
[563292.2] IDEA_D_CONTROL_N2880: step 179 ELEVATED pairs=23359 evals=2605 2222s
[563308.3] IDEA_D_CONTROL_N2880: step 180 ELEVATED pairs=23228 evals=2621 2238s
[563308.5] IDEA_D_CONTROL_N2880: step 181 NO_CANDIDATES_GENERATED pairs=23228 evals=2621 2238s
[563345.6] IDEA_D_CONTROL_N2880: step 182 ELEVATED pairs=23098 evals=2637 2275s
[563356.6] IDEA_D_CONTROL_N2880: step 183 ELEVATED pairs=22943 evals=2653 2286s
[563359.3] IDEA_D_CONTROL_N2880: step 184 PREFIX_EVALUATED_NO_WINNER_DEFERRED pairs=22943 evals=2669 2289s
[563396.8] IDEA_D_CONTROL_N2880: step 185 ELEVATED pairs=22814 evals=2685 2327s
[563403.0] IDEA_D_CONTROL_N2880: step 186 ELEVATED pairs=22718 evals=2701 2333s
[563405.6] IDEA_D_CONTROL_N2880: step 187 PREFIX_EVALUATED_NO_WINNER_DEFERRED pairs=22718 evals=2717 2335s
[563433.2] IDEA_D_CONTROL_N2880: step 188 ELEVATED pairs=22638 evals=2733 2363s
[563439.0] IDEA_D_CONTROL_N2880: step 189 ELEVATED pairs=22559 evals=2749 2369s
[563441.6] IDEA_D_CONTROL_N2880: step 190 PREFIX_EVALUATED_NO_WINNER_DEFERRED pairs=22559 evals=2765 2371s
[563469.8] IDEA_D_CONTROL_N2880: step 191 ELEVATED pairs=22480 evals=2781 2400s
[563474.6] IDEA_D_CONTROL_N2880: step 192 ELEVATED pairs=22392 evals=2797 2404s
[563477.3] IDEA_D_CONTROL_N2880: step 193 PREFIX_EVALUATED_NO_WINNER_DEFERRED pairs=22392 evals=2813 2407s
[563505.9] IDEA_D_CONTROL_N2880: step 194 ELEVATED pairs=22304 evals=2829 2436s
[563510.5] IDEA_D_CONTROL_N2880: step 195 ELEVATED pairs=22218 evals=2845 2440s
[563510.6] IDEA_D_CONTROL_N2880: step 196 NO_CANDIDATES_GENERATED pairs=22218 evals=2845 2440s
[563540.8] IDEA_D_CONTROL_N2880: step 197 ELEVATED pairs=22132 evals=2861 2471s
[563545.9] IDEA_D_CONTROL_N2880: step 198 PREFIX_EVALUATED_NO_WINNER_DEFERRED pairs=22132 evals=2877 2476s
[563546.1] IDEA_D_CONTROL_N2880: step 199 NO_CANDIDATES_GENERATED pairs=22132 evals=2877 2476s
[563573.1] IDEA_D_CONTROL_N2880: step 200 ELEVATED pairs=22126 evals=2880 2503s
[563573.4] IDEA_D_CONTROL_N2880: done final=22126 moves=122 first=122 reloc=0 ret=0 evals=2880 stop=CANDIDATE_BUDGET_EXHAUSTED
[563621.4] IDEA_D_CONTROL_N2880: recheck PASS checks=130816
