[552729.8] V5_STRATIFIED_R2880: start mode=R budget=2880 spec={"name": "V5_STRATIFIED", "target_policy": "STRATIFIED", "evaluation_policy": "E0_EXHAUSTIVE", "traversal_policy": "BASE", "max_targets": 200, "k_per_target": 16, "family_round_robin": false, "relocation_side_reserve": 0, "waiting_age": false, "route_coverage": false, "multi_anchor": false, "exact_dedup": false, "decision_cache": false, "return_action": false, "cache_structural_skips": false, "window_slack_mm": 1e-05, "notes": ""}
[552729.8] V5_STRATIFIED_R2880: start state=main C:\Users\lihao\Desktop\Graduation Project\OpticalWaveguideRouter3D\outputs\3d_strategy_v3\512_ablation\D_both_enabled pairs=42909
[552733.4] V5_STRATIFIED_R2880: INITIAL_DONE pairs=42909
[552733.7] V5_STRATIFIED_R2880: step 1 NO_CANDIDATES_GENERATED pairs=42909 evals=0 0s
[552734.1] V5_STRATIFIED_R2880: step 2 NO_CANDIDATES_GENERATED pairs=42909 evals=0 1s
[552734.2] V5_STRATIFIED_R2880: step 3 NO_CANDIDATES_GENERATED pairs=42909 evals=0 1s
[553073.9] V5_STRATIFIED_R2880: start mode=R budget=2880 spec={"name": "V5_STRATIFIED", "target_policy": "STRATIFIED", "evaluation_policy": "E0_EXHAUSTIVE", "traversal_policy": "BASE", "max_targets": 200, "k_per_target": 16, "family_round_robin": false, "relocation_side_reserve": 0, "waiting_age": false, "route_coverage": false, "multi_anchor": false, "exact_dedup": false, "decision_cache": false, "return_action": false, "cache_structural_skips": false, "window_slack_mm": 1e-05, "notes": ""}
[553073.9] V5_STRATIFIED_R2880: start state=main C:\Users\lihao\Desktop\Graduation Project\OpticalWaveguideRouter3D\outputs\3d_strategy_v3\512_ablation\D_both_enabled pairs=42909
[553079.5] V5_STRATIFIED_R2880: INITIAL_DONE pairs=42909
[553079.9] V5_STRATIFIED_R2880: step 1 NO_CANDIDATES_GENERATED pairs=42909 evals=0 1s
[553080.5] V5_STRATIFIED_R2880: step 2 NO_CANDIDATES_GENERATED pairs=42909 evals=0 1s
[553080.7] V5_STRATIFIED_R2880: step 3 NO_CANDIDATES_GENERATED pairs=42909 evals=0 1s
[553106.4] V5_STRATIFIED_R2880: step 4 ELEVATED pairs=42635 evals=27 27s
[553107.2] V5_STRATIFIED_R2880: step 5 NO_CANDIDATES_GENERATED pairs=42635 evals=27 28s
[553107.5] V5_STRATIFIED_R2880: step 6 NO_CANDIDATES_GENERATED pairs=42635 evals=27 28s
[553107.9] V5_STRATIFIED_R2880: step 7 NO_CANDIDATES_GENERATED pairs=42635 evals=27 28s
[553108.7] V5_STRATIFIED_R2880: step 8 NO_CANDIDATES_GENERATED pairs=42635 evals=27 29s
[553159.1] V5_STRATIFIED_R2880: step 9 ELEVATED pairs=42375 evals=99 80s
[553189.6] V5_STRATIFIED_R2880: step 10 ELEVATED pairs=42128 evals=126 110s
[553190.4] V5_STRATIFIED_R2880: step 11 NO_CANDIDATES_GENERATED pairs=42128 evals=126 111s
[553263.9] V5_STRATIFIED_R2880: step 12 ELEVATED pairs=41874 evals=198 184s
[553322.7] V5_STRATIFIED_R2880: step 13 ELEVATED pairs=41619 evals=252 243s
[553323.6] V5_STRATIFIED_R2880: step 14 NO_CANDIDATES_GENERATED pairs=41619 evals=252 244s
[553337.6] V5_STRATIFIED_R2880: step 15 ELEVATED pairs=41366 evals=270 258s
[553398.4] V5_STRATIFIED_R2880: step 16 ELEVATED pairs=41113 evals=324 319s
[553423.4] V5_STRATIFIED_R2880: step 17 RELOCATED pairs=41102 evals=342 344s
[553435.2] V5_STRATIFIED_R2880: step 18 ELEVATED pairs=40851 evals=360 356s
[553492.7] V5_STRATIFIED_R2880: step 19 ELEVATED pairs=40600 evals=414 413s
[553493.9] V5_STRATIFIED_R2880: step 20 NO_CANDIDATES_GENERATED pairs=40600 evals=414 414s
[553507.3] V5_STRATIFIED_R2880: step 21 ELEVATED pairs=40350 evals=432 428s
[553566.6] V5_STRATIFIED_R2880: step 22 ELEVATED pairs=40101 evals=486 487s
[553567.7] V5_STRATIFIED_R2880: step 23 NO_CANDIDATES_GENERATED pairs=40101 evals=486 488s
[553599.8] V5_STRATIFIED_R2880: step 24 ELEVATED pairs=39848 evals=522 520s
[553656.2] V5_STRATIFIED_R2880: step 25 ELEVATED pairs=39601 evals=576 577s
[553657.4] V5_STRATIFIED_R2880: step 26 NO_CANDIDATES_GENERATED pairs=39601 evals=576 578s
[553699.9] V5_STRATIFIED_R2880: step 27 ELEVATED pairs=39362 evals=630 621s
[553719.2] V5_STRATIFIED_R2880: step 28 ELEVATED pairs=39130 evals=657 640s
[553720.2] V5_STRATIFIED_R2880: step 29 NO_CANDIDATES_GENERATED pairs=39130 evals=657 641s
[553779.0] V5_STRATIFIED_R2880: step 30 ELEVATED pairs=38884 evals=729 700s
[553790.3] V5_STRATIFIED_R2880: step 31 ELEVATED pairs=38650 evals=747 711s
[553841.5] V5_STRATIFIED_R2880: step 32 RELOCATED pairs=38644 evals=819 762s
[553886.8] V5_STRATIFIED_R2880: step 33 ELEVATED pairs=38379 evals=873 807s
[553897.6] V5_STRATIFIED_R2880: step 34 ELEVATED pairs=38149 evals=891 818s
[553898.7] V5_STRATIFIED_R2880: step 35 NO_CANDIDATES_GENERATED pairs=38149 evals=891 819s
[553922.7] V5_STRATIFIED_R2880: step 36 ELEVATED pairs=37899 evals=945 843s
[553933.2] V5_STRATIFIED_R2880: step 37 ELEVATED pairs=37671 evals=963 854s
[553934.3] V5_STRATIFIED_R2880: step 38 NO_CANDIDATES_GENERATED pairs=37671 evals=963 855s
[553991.3] V5_STRATIFIED_R2880: step 39 ELEVATED pairs=37423 evals=1062 912s
[554044.0] V5_STRATIFIED_R2880: step 40 ELEVATED pairs=37193 evals=1116 965s
[554086.9] V5_STRATIFIED_R2880: step 41 RELOCATED pairs=37183 evals=1161 1007s
[554141.3] V5_STRATIFIED_R2880: step 42 ELEVATED pairs=36938 evals=1260 1062s
[554141.7] V5_STRATIFIED_R2880: step 43 NO_CANDIDATES_GENERATED pairs=36938 evals=1260 1062s
[554142.7] V5_STRATIFIED_R2880: step 44 NO_CANDIDATES_GENERATED pairs=36938 evals=1260 1063s
[554193.5] V5_STRATIFIED_R2880: step 45 ELEVATED pairs=36711 evals=1314 1114s
[554193.9] V5_STRATIFIED_R2880: step 46 NO_CANDIDATES_GENERATED pairs=36711 evals=1314 1115s
[554208.3] V5_STRATIFIED_R2880: step 47 ALL_CANDIDATES_REJECTED pairs=36711 evals=1332 1129s
[554262.0] V5_STRATIFIED_R2880: step 48 ELEVATED pairs=36486 evals=1386 1183s
[554262.5] V5_STRATIFIED_R2880: step 49 NO_CANDIDATES_GENERATED pairs=36486 evals=1386 1183s
[554276.1] V5_STRATIFIED_R2880: step 50 ALL_CANDIDATES_REJECTED pairs=36486 evals=1404 1197s
[554310.7] V5_STRATIFIED_R2880: step 51 ELEVATED pairs=36245 evals=1476 1231s
[554337.2] V5_STRATIFIED_R2880: step 52 ELEVATED pairs=36027 evals=1503 1258s
[554379.9] V5_STRATIFIED_R2880: step 53 RELOCATED pairs=36023 evals=1548 1301s
[554453.2] V5_STRATIFIED_R2880: step 54 ELEVATED pairs=35810 evals=1620 1374s
[554485.7] V5_STRATIFIED_R2880: step 55 ELEVATED pairs=35604 evals=1647 1406s
[554569.9] V5_STRATIFIED_R2880: step 56 RELOCATED pairs=35599 evals=1719 1490s
[554644.5] V5_STRATIFIED_R2880: step 57 ELEVATED pairs=35390 evals=1791 1565s
[554683.3] V5_STRATIFIED_R2880: step 58 ELEVATED pairs=35182 evals=1818 1604s
[554703.6] V5_STRATIFIED_R2880: step 59 ALL_CANDIDATES_REJECTED pairs=35182 evals=1836 1624s
[554771.7] V5_STRATIFIED_R2880: step 60 ELEVATED pairs=34970 evals=1908 1692s
[554811.7] V5_STRATIFIED_R2880: step 61 ELEVATED pairs=34764 evals=1935 1732s
[554894.2] V5_STRATIFIED_R2880: step 62 ALL_CANDIDATES_REJECTED pairs=34764 evals=2007 1815s
[554894.4] V5_STRATIFIED_R2880: step 63 NO_CANDIDATES_GENERATED pairs=34764 evals=2007 1815s
[554895.0] V5_STRATIFIED_R2880: step 64 NO_CANDIDATES_GENERATED pairs=34764 evals=2007 1816s
[554915.6] V5_STRATIFIED_R2880: step 65 ALL_CANDIDATES_REJECTED pairs=34764 evals=2025 1836s
[554915.9] V5_STRATIFIED_R2880: step 66 NO_CANDIDATES_GENERATED pairs=34764 evals=2025 1836s
[554916.5] V5_STRATIFIED_R2880: step 67 NO_CANDIDATES_GENERATED pairs=34764 evals=2025 1837s
[554936.9] V5_STRATIFIED_R2880: step 68 ALL_CANDIDATES_REJECTED pairs=34764 evals=2043 1857s
[555015.9] V5_STRATIFIED_R2880: step 69 ELEVATED pairs=34553 evals=2115 1936s
[555016.5] V5_STRATIFIED_R2880: step 70 NO_CANDIDATES_GENERATED pairs=34553 evals=2115 1937s
[555097.3] V5_STRATIFIED_R2880: step 71 ALL_CANDIDATES_REJECTED pairs=34553 evals=2187 2018s
[555170.9] V5_STRATIFIED_R2880: step 72 ELEVATED pairs=34347 evals=2259 2091s
[555171.6] V5_STRATIFIED_R2880: step 73 NO_CANDIDATES_GENERATED pairs=34347 evals=2259 2092s
[555253.4] V5_STRATIFIED_R2880: step 74 ALL_CANDIDATES_REJECTED pairs=34347 evals=2331 2174s
[555318.8] V5_STRATIFIED_R2880: step 75 ELEVATED pairs=34143 evals=2403 2239s
[555319.3] V5_STRATIFIED_R2880: step 76 NO_CANDIDATES_GENERATED pairs=34143 evals=2403 2240s
[555394.2] V5_STRATIFIED_R2880: step 77 ALL_CANDIDATES_REJECTED pairs=34143 evals=2475 2315s
[555454.0] V5_STRATIFIED_R2880: step 78 ELEVATED pairs=33941 evals=2547 2375s
[555454.6] V5_STRATIFIED_R2880: step 79 NO_CANDIDATES_GENERATED pairs=33941 evals=2547 2375s
[555528.0] V5_STRATIFIED_R2880: step 80 ALL_CANDIDATES_REJECTED pairs=33941 evals=2619 2449s
[555557.2] V5_STRATIFIED_R2880: step 81 ELEVATED pairs=33738 evals=2673 2478s
[555598.0] V5_STRATIFIED_R2880: step 82 ELEVATED pairs=33540 evals=2727 2519s
[555665.2] V5_STRATIFIED_R2880: step 83 RELOCATED pairs=33538 evals=2799 2586s
[555728.8] V5_STRATIFIED_R2880: step 84 ELEVATED pairs=33343 evals=2871 2649s
[555729.4] V5_STRATIFIED_R2880: step 85 NO_CANDIDATES_GENERATED pairs=33343 evals=2871 2650s
[555734.7] V5_STRATIFIED_R2880: step 86 ABORTED_CANDIDATE_BUDGET pairs=33343 evals=2880 2655s
[555735.1] V5_STRATIFIED_R2880: done final=33343 moves=47 first=41 reloc=6 ret=0 evals=2880 stop=CANDIDATE_BUDGET_EXHAUSTED
[555788.5] V5_STRATIFIED_R2880: recheck PASS checks=130816
