[601467.6] P3_A_FAMILY_T2000_R2880: start mode=R budget=2880 spec={"name": "P3_A_FAMILY_T2000", "target_policy": "LEGACY", "evaluation_policy": "E2_ORDERED_K16", "traversal_policy": "BASE", "max_targets": 2000, "k_per_target": 16, "family_round_robin": true, "relocation_side_reserve": 0, "waiting_age": false, "route_coverage": false, "multi_anchor": false, "exact_dedup": false, "decision_cache": false, "return_action": false, "cache_structural_skips": false, "window_slack_mm": 1e-05, "generation_domain": "LINE_ONLY", "path_window_settings": null, "stage_length_cap_mm": null, "notes": ""}
[601467.6] P3_A_FAMILY_T2000_R2880: start state=main C:\Users\lihao\Desktop\Graduation Project\OpticalWaveguideRouter3D\outputs\3d_strategy_v3\512_ablation\D_both_enabled pairs=42909
[601471.6] P3_A_FAMILY_T2000_R2880: INITIAL_DONE pairs=42909
[601471.7] P3_A_FAMILY_T2000_R2880: step 1 NO_CANDIDATES_GENERATED pairs=42909 evals=0 0s
[601471.8] P3_A_FAMILY_T2000_R2880: step 2 NO_CANDIDATES_GENERATED pairs=42909 evals=0 0s
[601479.1] P3_A_FAMILY_T2000_R2880: step 3 ELEVATED pairs=42653 evals=16 8s
[601489.3] P3_A_FAMILY_T2000_R2880: step 4 ELEVATED pairs=42440 evals=32 18s
[601499.3] P3_A_FAMILY_T2000_R2880: step 5 ELEVATED pairs=42218 evals=48 28s
[601509.3] P3_A_FAMILY_T2000_R2880: step 6 ELEVATED pairs=41998 evals=64 38s
[601518.5] P3_A_FAMILY_T2000_R2880: step 7 ELEVATED pairs=41742 evals=80 47s
[601529.4] P3_A_FAMILY_T2000_R2880: step 8 ELEVATED pairs=41524 evals=96 58s
[601538.1] P3_A_FAMILY_T2000_R2880: step 9 ELEVATED pairs=41274 evals=112 66s
[601546.4] P3_A_FAMILY_T2000_R2880: step 10 ELEVATED pairs=41024 evals=128 75s
[601554.7] P3_A_FAMILY_T2000_R2880: step 11 ELEVATED pairs=40772 evals=144 83s
[601563.4] P3_A_FAMILY_T2000_R2880: step 12 ELEVATED pairs=40524 evals=160 92s
[601575.1] P3_A_FAMILY_T2000_R2880: step 13 ELEVATED pairs=40314 evals=176 104s
[601583.9] P3_A_FAMILY_T2000_R2880: step 14 ELEVATED pairs=40068 evals=192 112s
[601599.2] P3_A_FAMILY_T2000_R2880: step 15 ELEVATED pairs=39859 evals=208 128s
[601614.5] P3_A_FAMILY_T2000_R2880: step 16 ELEVATED pairs=39652 evals=224 143s
[601625.8] P3_A_FAMILY_T2000_R2880: step 17 ELEVATED pairs=39463 evals=240 154s
[601633.7] P3_A_FAMILY_T2000_R2880: step 18 ELEVATED pairs=39221 evals=256 162s
[601643.4] P3_A_FAMILY_T2000_R2880: step 19 ELEVATED pairs=38991 evals=272 172s
[601654.8] P3_A_FAMILY_T2000_R2880: step 20 ELEVATED pairs=38838 evals=288 183s
[601663.9] P3_A_FAMILY_T2000_R2880: step 21 ELEVATED pairs=38599 evals=304 192s
[601672.1] P3_A_FAMILY_T2000_R2880: step 22 ELEVATED pairs=38376 evals=320 200s
[601678.3] P3_A_FAMILY_T2000_R2880: step 23 ELEVATED pairs=38148 evals=336 207s
[601691.2] P3_A_FAMILY_T2000_R2880: step 24 ELEVATED pairs=37927 evals=352 220s
[601697.6] P3_A_FAMILY_T2000_R2880: step 25 ELEVATED pairs=37701 evals=368 226s
[601703.4] P3_A_FAMILY_T2000_R2880: step 26 ELEVATED pairs=37476 evals=384 232s
[601716.7] P3_A_FAMILY_T2000_R2880: step 27 ELEVATED pairs=37285 evals=400 245s
[601729.2] P3_A_FAMILY_T2000_R2880: step 28 ELEVATED pairs=37126 evals=416 258s
[601740.9] P3_A_FAMILY_T2000_R2880: step 29 ELEVATED pairs=36969 evals=432 269s
[601756.9] P3_A_FAMILY_T2000_R2880: step 30 ELEVATED pairs=36778 evals=448 285s
[601768.7] P3_A_FAMILY_T2000_R2880: step 31 ELEVATED pairs=36525 evals=464 297s
[601781.5] P3_A_FAMILY_T2000_R2880: step 32 ELEVATED pairs=36365 evals=480 310s
[601781.7] P3_A_FAMILY_T2000_R2880: step 33 NO_CANDIDATES_GENERATED pairs=36365 evals=480 310s
[601781.9] P3_A_FAMILY_T2000_R2880: step 34 NO_CANDIDATES_GENERATED pairs=36365 evals=480 310s
[601791.6] P3_A_FAMILY_T2000_R2880: step 35 ELEVATED pairs=36160 evals=496 320s
[601800.9] P3_A_FAMILY_T2000_R2880: step 36 ELEVATED pairs=35958 evals=512 329s
[601809.4] P3_A_FAMILY_T2000_R2880: step 37 ELEVATED pairs=35818 evals=528 338s
[601823.0] P3_A_FAMILY_T2000_R2880: step 38 ELEVATED pairs=35612 evals=544 351s
[601829.4] P3_A_FAMILY_T2000_R2880: step 39 ELEVATED pairs=35417 evals=560 358s
[601842.9] P3_A_FAMILY_T2000_R2880: step 40 ELEVATED pairs=35213 evals=576 371s
[601856.1] P3_A_FAMILY_T2000_R2880: step 41 ELEVATED pairs=35010 evals=592 384s
[601865.4] P3_A_FAMILY_T2000_R2880: step 42 ELEVATED pairs=34768 evals=608 394s
[601878.5] P3_A_FAMILY_T2000_R2880: step 43 ELEVATED pairs=34567 evals=624 407s
[601891.7] P3_A_FAMILY_T2000_R2880: step 44 ELEVATED pairs=34447 evals=640 420s
[601905.0] P3_A_FAMILY_T2000_R2880: step 45 ELEVATED pairs=34247 evals=656 433s
[601917.2] P3_A_FAMILY_T2000_R2880: step 46 ELEVATED pairs=34042 evals=672 446s
[601930.4] P3_A_FAMILY_T2000_R2880: step 47 ELEVATED pairs=33844 evals=688 459s
[601943.0] P3_A_FAMILY_T2000_R2880: step 48 ELEVATED pairs=33726 evals=704 471s
[601956.1] P3_A_FAMILY_T2000_R2880: step 49 ELEVATED pairs=33529 evals=720 484s
[601967.8] P3_A_FAMILY_T2000_R2880: step 50 ELEVATED pairs=33337 evals=736 496s
[601980.9] P3_A_FAMILY_T2000_R2880: step 51 ELEVATED pairs=33142 evals=752 509s
[601993.3] P3_A_FAMILY_T2000_R2880: step 52 ELEVATED pairs=32952 evals=768 522s
[602006.5] P3_A_FAMILY_T2000_R2880: step 53 ELEVATED pairs=32758 evals=784 535s
[602019.1] P3_A_FAMILY_T2000_R2880: step 54 ELEVATED pairs=32569 evals=800 548s
[602032.4] P3_A_FAMILY_T2000_R2880: step 55 ELEVATED pairs=32377 evals=816 561s
[602044.5] P3_A_FAMILY_T2000_R2880: step 56 ELEVATED pairs=32190 evals=832 573s
[602057.7] P3_A_FAMILY_T2000_R2880: step 57 ELEVATED pairs=32004 evals=848 586s
[602071.0] P3_A_FAMILY_T2000_R2880: step 58 ELEVATED pairs=31882 evals=864 599s
[602087.0] P3_A_FAMILY_T2000_R2880: step 59 ELEVATED pairs=31651 evals=880 615s
[602097.8] P3_A_FAMILY_T2000_R2880: step 60 ELEVATED pairs=31440 evals=896 626s
[602108.4] P3_A_FAMILY_T2000_R2880: step 61 ELEVATED pairs=31252 evals=912 637s
[602122.9] P3_A_FAMILY_T2000_R2880: step 62 ELEVATED pairs=31023 evals=928 651s
[602133.5] P3_A_FAMILY_T2000_R2880: step 63 ELEVATED pairs=30837 evals=944 662s
[602147.2] P3_A_FAMILY_T2000_R2880: step 64 ELEVATED pairs=30610 evals=960 676s
[602157.5] P3_A_FAMILY_T2000_R2880: step 65 ELEVATED pairs=30426 evals=976 686s
[602171.2] P3_A_FAMILY_T2000_R2880: step 66 ELEVATED pairs=30201 evals=992 700s
[602182.3] P3_A_FAMILY_T2000_R2880: step 67 ELEVATED pairs=30018 evals=1008 711s
[602196.6] P3_A_FAMILY_T2000_R2880: step 68 ELEVATED pairs=29795 evals=1024 725s
[602210.3] P3_A_FAMILY_T2000_R2880: step 69 ELEVATED pairs=29574 evals=1040 739s
[602217.7] P3_A_FAMILY_T2000_R2880: step 70 ELEVATED pairs=29437 evals=1056 746s
[602230.7] P3_A_FAMILY_T2000_R2880: step 71 ELEVATED pairs=29219 evals=1072 759s
[602238.3] P3_A_FAMILY_T2000_R2880: step 72 ELEVATED pairs=29046 evals=1088 767s
[602245.7] P3_A_FAMILY_T2000_R2880: step 73 ELEVATED pairs=28907 evals=1104 774s
[602258.1] P3_A_FAMILY_T2000_R2880: step 74 ELEVATED pairs=28690 evals=1120 787s
[602265.5] P3_A_FAMILY_T2000_R2880: step 75 ELEVATED pairs=28550 evals=1136 794s
[602272.8] P3_A_FAMILY_T2000_R2880: step 76 ELEVATED pairs=28409 evals=1152 801s
[602284.8] P3_A_FAMILY_T2000_R2880: step 77 ELEVATED pairs=28194 evals=1168 813s
[602291.0] P3_A_FAMILY_T2000_R2880: step 78 ELEVATED pairs=28021 evals=1177 819s
[602297.3] P3_A_FAMILY_T2000_R2880: step 79 ELEVATED pairs=27850 evals=1186 826s
[602308.0] P3_A_FAMILY_T2000_R2880: step 80 ELEVATED pairs=27698 evals=1202 836s
[602314.0] P3_A_FAMILY_T2000_R2880: step 81 ELEVATED pairs=27529 evals=1211 842s
[602325.9] P3_A_FAMILY_T2000_R2880: step 82 ELEVATED pairs=27354 evals=1227 854s
[602331.4] P3_A_FAMILY_T2000_R2880: step 83 ELEVATED pairs=27187 evals=1236 860s
[602339.9] P3_A_FAMILY_T2000_R2880: step 84 ELEVATED pairs=26978 evals=1252 868s
[602350.3] P3_A_FAMILY_T2000_R2880: step 85 ELEVATED pairs=26963 evals=1268 879s
[602361.3] P3_A_FAMILY_T2000_R2880: step 86 ELEVATED pairs=26753 evals=1284 890s
[602372.0] P3_A_FAMILY_T2000_R2880: step 87 ELEVATED pairs=26590 evals=1300 900s
[602378.3] P3_A_FAMILY_T2000_R2880: step 88 ELEVATED pairs=26388 evals=1316 907s
[602378.4] P3_A_FAMILY_T2000_R2880: step 89 NO_CANDIDATES_GENERATED pairs=26388 evals=1316 907s
[602378.6] P3_A_FAMILY_T2000_R2880: step 90 NO_CANDIDATES_GENERATED pairs=26388 evals=1316 907s
[602389.8] P3_A_FAMILY_T2000_R2880: step 91 ELEVATED pairs=26188 evals=1332 918s
[602401.1] P3_A_FAMILY_T2000_R2880: step 92 ELEVATED pairs=26060 evals=1348 930s
[602412.7] P3_A_FAMILY_T2000_R2880: step 93 ELEVATED pairs=25946 evals=1364 941s
[602422.6] P3_A_FAMILY_T2000_R2880: step 94 ELEVATED pairs=25827 evals=1380 951s
[602437.8] P3_A_FAMILY_T2000_R2880: step 95 ELEVATED pairs=25665 evals=1396 966s
[602452.6] P3_A_FAMILY_T2000_R2880: step 96 ELEVATED pairs=25504 evals=1412 981s
[602452.8] P3_A_FAMILY_T2000_R2880: step 97 NO_CANDIDATES_GENERATED pairs=25504 evals=1412 981s
[602453.0] P3_A_FAMILY_T2000_R2880: step 98 NO_CANDIDATES_GENERATED pairs=25504 evals=1412 981s
[602453.2] P3_A_FAMILY_T2000_R2880: step 99 NO_CANDIDATES_GENERATED pairs=25504 evals=1412 982s
[602453.4] P3_A_FAMILY_T2000_R2880: step 100 NO_CANDIDATES_GENERATED pairs=25504 evals=1412 982s
[602453.6] P3_A_FAMILY_T2000_R2880: step 101 NO_CANDIDATES_GENERATED pairs=25504 evals=1412 982s
[602453.8] P3_A_FAMILY_T2000_R2880: step 102 NO_CANDIDATES_GENERATED pairs=25504 evals=1412 982s
[602468.5] P3_A_FAMILY_T2000_R2880: step 103 ELEVATED pairs=25345 evals=1428 997s
[602485.4] P3_A_FAMILY_T2000_R2880: step 104 ELEVATED pairs=25187 evals=1444 1014s
[602497.7] P3_A_FAMILY_T2000_R2880: step 105 ELEVATED pairs=24999 evals=1460 1026s
[602511.2] P3_A_FAMILY_T2000_R2880: step 106 ELEVATED pairs=24813 evals=1476 1040s
[602520.6] P3_A_FAMILY_T2000_R2880: step 107 ELEVATED pairs=24670 evals=1492 1049s
[602536.7] P3_A_FAMILY_T2000_R2880: step 108 ELEVATED pairs=24486 evals=1508 1065s
[602550.6] P3_A_FAMILY_T2000_R2880: step 109 ELEVATED pairs=24329 evals=1524 1079s
[602567.2] P3_A_FAMILY_T2000_R2880: step 110 ELEVATED pairs=24147 evals=1540 1096s
[602582.7] P3_A_FAMILY_T2000_R2880: step 111 ELEVATED pairs=23992 evals=1556 1111s
[602598.0] P3_A_FAMILY_T2000_R2880: step 112 ELEVATED pairs=23839 evals=1572 1126s
[602610.5] P3_A_FAMILY_T2000_R2880: step 113 ELEVATED pairs=23694 evals=1588 1139s
[602622.8] P3_A_FAMILY_T2000_R2880: step 114 ELEVATED pairs=23552 evals=1604 1151s
[602639.9] P3_A_FAMILY_T2000_R2880: step 115 ELEVATED pairs=23396 evals=1620 1168s
[602656.5] P3_A_FAMILY_T2000_R2880: step 116 ELEVATED pairs=23290 evals=1636 1185s
[602672.7] P3_A_FAMILY_T2000_R2880: step 117 ELEVATED pairs=23186 evals=1652 1201s
[602685.5] P3_A_FAMILY_T2000_R2880: step 118 ELEVATED pairs=23054 evals=1668 1214s
[602696.7] P3_A_FAMILY_T2000_R2880: step 119 ELEVATED pairs=22938 evals=1684 1225s
[602709.9] P3_A_FAMILY_T2000_R2880: step 120 ELEVATED pairs=22837 evals=1693 1238s
[602719.3] P3_A_FAMILY_T2000_R2880: step 121 ELEVATED pairs=22691 evals=1709 1248s
[602730.9] P3_A_FAMILY_T2000_R2880: step 122 ELEVATED pairs=22553 evals=1725 1259s
[602742.1] P3_A_FAMILY_T2000_R2880: step 123 ELEVATED pairs=22417 evals=1741 1271s
[602750.6] P3_A_FAMILY_T2000_R2880: step 124 ELEVATED pairs=22274 evals=1757 1279s
[602763.8] P3_A_FAMILY_T2000_R2880: step 125 ELEVATED pairs=22140 evals=1773 1292s
[602774.3] P3_A_FAMILY_T2000_R2880: step 126 ELEVATED pairs=22000 evals=1789 1303s
[602803.2] P3_A_FAMILY_T2000_R2880: step 127 ELEVATED pairs=21884 evals=1805 1332s
[602828.2] P3_A_FAMILY_T2000_R2880: step 128 ELEVATED pairs=21762 evals=1821 1357s
[602851.8] P3_A_FAMILY_T2000_R2880: step 129 ELEVATED pairs=21651 evals=1837 1380s
[602875.1] P3_A_FAMILY_T2000_R2880: step 130 ELEVATED pairs=21539 evals=1853 1404s
[602886.2] P3_A_FAMILY_T2000_R2880: step 131 ELEVATED pairs=21450 evals=1869 1415s
[602901.5] P3_A_FAMILY_T2000_R2880: step 132 ELEVATED pairs=21312 evals=1885 1430s
[602918.7] P3_A_FAMILY_T2000_R2880: step 133 ELEVATED pairs=21224 evals=1901 1447s
[602931.7] P3_A_FAMILY_T2000_R2880: step 134 ELEVATED pairs=21068 evals=1917 1460s
[602944.8] P3_A_FAMILY_T2000_R2880: step 135 ELEVATED pairs=20914 evals=1933 1473s
[602958.7] P3_A_FAMILY_T2000_R2880: step 136 ELEVATED pairs=20762 evals=1949 1487s
[602968.6] P3_A_FAMILY_T2000_R2880: step 137 ELEVATED pairs=20685 evals=1965 1497s
[602977.8] P3_A_FAMILY_T2000_R2880: step 138 ELEVATED pairs=20607 evals=1981 1506s
[602989.5] P3_A_FAMILY_T2000_R2880: step 139 ELEVATED pairs=20509 evals=1997 1518s
[603001.9] P3_A_FAMILY_T2000_R2880: step 140 ELEVATED pairs=20418 evals=2013 1530s
[603013.8] P3_A_FAMILY_T2000_R2880: step 141 ELEVATED pairs=20326 evals=2029 1542s
[603026.1] P3_A_FAMILY_T2000_R2880: step 142 ELEVATED pairs=20235 evals=2045 1555s
[603035.9] P3_A_FAMILY_T2000_R2880: step 143 ELEVATED pairs=20158 evals=2061 1564s
[603045.9] P3_A_FAMILY_T2000_R2880: step 144 ELEVATED pairs=20080 evals=2077 1574s
[603056.4] P3_A_FAMILY_T2000_R2880: step 145 ELEVATED pairs=19938 evals=2093 1585s
[603067.5] P3_A_FAMILY_T2000_R2880: step 146 RELOCATED pairs=19917 evals=2109 1596s
[603080.2] P3_A_FAMILY_T2000_R2880: step 147 PREFIX_EVALUATED_NO_WINNER_DEFERRED pairs=19917 evals=2125 1609s
[603092.5] P3_A_FAMILY_T2000_R2880: step 148 PREFIX_EVALUATED_NO_WINNER_DEFERRED pairs=19917 evals=2141 1621s
[603106.0] P3_A_FAMILY_T2000_R2880: step 149 ELEVATED pairs=19785 evals=2157 1634s
[603119.7] P3_A_FAMILY_T2000_R2880: step 150 PREFIX_EVALUATED_NO_WINNER_DEFERRED pairs=19785 evals=2173 1648s
[603134.0] P3_A_FAMILY_T2000_R2880: step 151 PREFIX_EVALUATED_NO_WINNER_DEFERRED pairs=19785 evals=2189 1662s
[603145.7] P3_A_FAMILY_T2000_R2880: step 152 ELEVATED pairs=19645 evals=2205 1674s
[603161.2] P3_A_FAMILY_T2000_R2880: step 153 PREFIX_EVALUATED_NO_WINNER_DEFERRED pairs=19645 evals=2221 1690s
[603175.3] P3_A_FAMILY_T2000_R2880: step 154 PREFIX_EVALUATED_NO_WINNER_DEFERRED pairs=19645 evals=2237 1704s
[603175.6] P3_A_FAMILY_T2000_R2880: step 155 NO_CANDIDATES_GENERATED pairs=19645 evals=2237 1704s
[603186.4] P3_A_FAMILY_T2000_R2880: step 156 ELEVATED pairs=19507 evals=2253 1715s
[603201.9] P3_A_FAMILY_T2000_R2880: step 157 PREFIX_EVALUATED_NO_WINNER_DEFERRED pairs=19507 evals=2269 1730s
[603216.8] P3_A_FAMILY_T2000_R2880: step 158 PREFIX_EVALUATED_NO_WINNER_DEFERRED pairs=19507 evals=2285 1745s
[603227.0] P3_A_FAMILY_T2000_R2880: step 159 ELEVATED pairs=19371 evals=2301 1755s
[603241.2] P3_A_FAMILY_T2000_R2880: step 160 PREFIX_EVALUATED_NO_WINNER_DEFERRED pairs=19371 evals=2317 1770s
[603255.0] P3_A_FAMILY_T2000_R2880: step 161 PREFIX_EVALUATED_NO_WINNER_DEFERRED pairs=19371 evals=2333 1783s
[603263.7] P3_A_FAMILY_T2000_R2880: step 162 ELEVATED pairs=19239 evals=2349 1792s
[603277.7] P3_A_FAMILY_T2000_R2880: step 163 PREFIX_EVALUATED_NO_WINNER_DEFERRED pairs=19239 evals=2365 1806s
[603291.3] P3_A_FAMILY_T2000_R2880: step 164 PREFIX_EVALUATED_NO_WINNER_DEFERRED pairs=19239 evals=2381 1820s
[603300.1] P3_A_FAMILY_T2000_R2880: step 165 ELEVATED pairs=19109 evals=2397 1828s
[603314.3] P3_A_FAMILY_T2000_R2880: step 166 PREFIX_EVALUATED_NO_WINNER_DEFERRED pairs=19109 evals=2413 1843s
[603328.4] P3_A_FAMILY_T2000_R2880: step 167 PREFIX_EVALUATED_NO_WINNER_DEFERRED pairs=19109 evals=2429 1857s
[603338.9] P3_A_FAMILY_T2000_R2880: step 168 ELEVATED pairs=19074 evals=2445 1867s
[603352.4] P3_A_FAMILY_T2000_R2880: step 169 PREFIX_EVALUATED_NO_WINNER_DEFERRED pairs=19074 evals=2461 1881s
[603366.2] P3_A_FAMILY_T2000_R2880: step 170 PREFIX_EVALUATED_NO_WINNER_DEFERRED pairs=19074 evals=2477 1895s
[603375.3] P3_A_FAMILY_T2000_R2880: step 171 ELEVATED pairs=18946 evals=2493 1904s
[603389.3] P3_A_FAMILY_T2000_R2880: step 172 PREFIX_EVALUATED_NO_WINNER_DEFERRED pairs=18946 evals=2509 1918s
[603403.3] P3_A_FAMILY_T2000_R2880: step 173 PREFIX_EVALUATED_NO_WINNER_DEFERRED pairs=18946 evals=2525 1932s
[603409.2] P3_A_FAMILY_T2000_R2880: step 174 ELEVATED pairs=18821 evals=2534 1938s
[603423.2] P3_A_FAMILY_T2000_R2880: step 175 PREFIX_EVALUATED_NO_WINNER_DEFERRED pairs=18821 evals=2550 1952s
[603436.8] P3_A_FAMILY_T2000_R2880: step 176 PREFIX_EVALUATED_NO_WINNER_DEFERRED pairs=18821 evals=2566 1965s
[603443.9] P3_A_FAMILY_T2000_R2880: step 177 ELEVATED pairs=18698 evals=2575 1972s
[603457.6] P3_A_FAMILY_T2000_R2880: step 178 PREFIX_EVALUATED_NO_WINNER_DEFERRED pairs=18698 evals=2591 1986s
[603471.1] P3_A_FAMILY_T2000_R2880: step 179 PREFIX_EVALUATED_NO_WINNER_DEFERRED pairs=18698 evals=2607 2000s
[603471.4] P3_A_FAMILY_T2000_R2880: step 180 NO_CANDIDATES_GENERATED pairs=18698 evals=2607 2000s
[603471.6] P3_A_FAMILY_T2000_R2880: step 181 NO_CANDIDATES_GENERATED pairs=18698 evals=2607 2000s
[603471.9] P3_A_FAMILY_T2000_R2880: step 182 NO_CANDIDATES_GENERATED pairs=18698 evals=2607 2000s
[603472.1] P3_A_FAMILY_T2000_R2880: step 183 NO_CANDIDATES_GENERATED pairs=18698 evals=2607 2001s
[603472.4] P3_A_FAMILY_T2000_R2880: step 184 NO_CANDIDATES_GENERATED pairs=18698 evals=2607 2001s
[603472.6] P3_A_FAMILY_T2000_R2880: step 185 NO_CANDIDATES_GENERATED pairs=18698 evals=2607 2001s
[603472.9] P3_A_FAMILY_T2000_R2880: step 186 NO_CANDIDATES_GENERATED pairs=18698 evals=2607 2001s
[603473.1] P3_A_FAMILY_T2000_R2880: step 187 NO_CANDIDATES_GENERATED pairs=18698 evals=2607 2002s
[603473.4] P3_A_FAMILY_T2000_R2880: step 188 NO_CANDIDATES_GENERATED pairs=18698 evals=2607 2002s
[603479.9] P3_A_FAMILY_T2000_R2880: step 189 ELEVATED pairs=18576 evals=2616 2008s
[603493.9] P3_A_FAMILY_T2000_R2880: step 190 PREFIX_EVALUATED_NO_WINNER_DEFERRED pairs=18576 evals=2632 2022s
[603508.1] P3_A_FAMILY_T2000_R2880: step 191 PREFIX_EVALUATED_NO_WINNER_DEFERRED pairs=18576 evals=2648 2036s
[603508.5] P3_A_FAMILY_T2000_R2880: step 192 NO_CANDIDATES_GENERATED pairs=18576 evals=2648 2037s
[603508.9] P3_A_FAMILY_T2000_R2880: step 193 NO_CANDIDATES_GENERATED pairs=18576 evals=2648 2037s
[603509.3] P3_A_FAMILY_T2000_R2880: step 194 NO_CANDIDATES_GENERATED pairs=18576 evals=2648 2038s
[603509.7] P3_A_FAMILY_T2000_R2880: step 195 NO_CANDIDATES_GENERATED pairs=18576 evals=2648 2038s
[603510.1] P3_A_FAMILY_T2000_R2880: step 196 NO_CANDIDATES_GENERATED pairs=18576 evals=2648 2038s
[603510.5] P3_A_FAMILY_T2000_R2880: step 197 NO_CANDIDATES_GENERATED pairs=18576 evals=2648 2039s
[603510.9] P3_A_FAMILY_T2000_R2880: step 198 NO_CANDIDATES_GENERATED pairs=18576 evals=2648 2039s
[603511.3] P3_A_FAMILY_T2000_R2880: step 199 NO_CANDIDATES_GENERATED pairs=18576 evals=2648 2040s
[603521.8] P3_A_FAMILY_T2000_R2880: step 200 ELEVATED pairs=18459 evals=2664 2050s
[603535.9] P3_A_FAMILY_T2000_R2880: step 201 PREFIX_EVALUATED_NO_WINNER_DEFERRED pairs=18459 evals=2680 2064s
[603549.9] P3_A_FAMILY_T2000_R2880: step 202 PREFIX_EVALUATED_NO_WINNER_DEFERRED pairs=18459 evals=2696 2078s
[603562.7] P3_A_FAMILY_T2000_R2880: step 203 ELEVATED pairs=18371 evals=2712 2091s
[603576.4] P3_A_FAMILY_T2000_R2880: step 204 PREFIX_EVALUATED_NO_WINNER_DEFERRED pairs=18371 evals=2728 2105s
[603590.0] P3_A_FAMILY_T2000_R2880: step 205 PREFIX_EVALUATED_NO_WINNER_DEFERRED pairs=18371 evals=2744 2118s
[603600.9] P3_A_FAMILY_T2000_R2880: step 206 ELEVATED pairs=18265 evals=2760 2129s
[603615.3] P3_A_FAMILY_T2000_R2880: step 207 PREFIX_EVALUATED_NO_WINNER_DEFERRED pairs=18265 evals=2776 2144s
[603629.4] P3_A_FAMILY_T2000_R2880: step 208 PREFIX_EVALUATED_NO_WINNER_DEFERRED pairs=18265 evals=2792 2158s
[603629.9] P3_A_FAMILY_T2000_R2880: step 209 NO_CANDIDATES_GENERATED pairs=18265 evals=2792 2158s
[603630.5] P3_A_FAMILY_T2000_R2880: step 210 NO_CANDIDATES_GENERATED pairs=18265 evals=2792 2159s
[603631.0] P3_A_FAMILY_T2000_R2880: step 211 NO_CANDIDATES_GENERATED pairs=18265 evals=2792 2159s
[603631.5] P3_A_FAMILY_T2000_R2880: step 212 NO_CANDIDATES_GENERATED pairs=18265 evals=2792 2160s
[603632.0] P3_A_FAMILY_T2000_R2880: step 213 NO_CANDIDATES_GENERATED pairs=18265 evals=2792 2160s
[603632.5] P3_A_FAMILY_T2000_R2880: step 214 NO_CANDIDATES_GENERATED pairs=18265 evals=2792 2161s
[603633.0] P3_A_FAMILY_T2000_R2880: step 215 NO_CANDIDATES_GENERATED pairs=18265 evals=2792 2161s
[603633.5] P3_A_FAMILY_T2000_R2880: step 216 NO_CANDIDATES_GENERATED pairs=18265 evals=2792 2162s
[603634.1] P3_A_FAMILY_T2000_R2880: step 217 NO_CANDIDATES_GENERATED pairs=18265 evals=2792 2162s
[603634.6] P3_A_FAMILY_T2000_R2880: step 218 NO_CANDIDATES_GENERATED pairs=18265 evals=2792 2163s
[603635.0] P3_A_FAMILY_T2000_R2880: step 219 NO_CANDIDATES_GENERATED pairs=18265 evals=2792 2163s
[603635.6] P3_A_FAMILY_T2000_R2880: step 220 NO_CANDIDATES_GENERATED pairs=18265 evals=2792 2164s
[603636.0] P3_A_FAMILY_T2000_R2880: step 221 NO_CANDIDATES_GENERATED pairs=18265 evals=2792 2164s
[603636.5] P3_A_FAMILY_T2000_R2880: step 222 NO_CANDIDATES_GENERATED pairs=18265 evals=2792 2165s
[603637.0] P3_A_FAMILY_T2000_R2880: step 223 NO_CANDIDATES_GENERATED pairs=18265 evals=2792 2165s
[603637.5] P3_A_FAMILY_T2000_R2880: step 224 NO_CANDIDATES_GENERATED pairs=18265 evals=2792 2166s
[603652.1] P3_A_FAMILY_T2000_R2880: step 225 ELEVATED pairs=18156 evals=2808 2181s
[603666.2] P3_A_FAMILY_T2000_R2880: step 226 PREFIX_EVALUATED_NO_WINNER_DEFERRED pairs=18156 evals=2824 2195s
[603680.2] P3_A_FAMILY_T2000_R2880: step 227 PREFIX_EVALUATED_NO_WINNER_DEFERRED pairs=18156 evals=2840 2209s
[603691.1] P3_A_FAMILY_T2000_R2880: step 228 ELEVATED pairs=18042 evals=2856 2219s
[603705.4] P3_A_FAMILY_T2000_R2880: step 229 PREFIX_EVALUATED_NO_WINNER_DEFERRED pairs=18042 evals=2872 2234s
[603712.9] P3_A_FAMILY_T2000_R2880: step 230 ABORTED_CANDIDATE_BUDGET pairs=18042 evals=2880 2241s
[603713.4] P3_A_FAMILY_T2000_R2880: done final=18042 moves=150 first=149 reloc=1 ret=0 evals=2880 stop=CANDIDATE_BUDGET_EXHAUSTED
[603788.8] P3_A_FAMILY_T2000_R2880: recheck PASS checks=130816
