[536831.6] start v3 ablation size=512
[536832.0] group A_baseline_original: generation_failure_cache=False window_slack_mm=0.0
[536848.6]   INITIAL_DONE collisions=49518 uncertain=3
[536848.7]   step 1 NO_ACCEPTABLE_MOVE collisions=49518 evaluations=0 15s
[536850.9]   step 2 ELEVATED collisions=49203 evaluations=9 17s
[536853.2]   step 3 ELEVATED collisions=48891 evaluations=18 20s
[536855.4]   step 4 ELEVATED collisions=48765 evaluations=27 22s
[536860.9]   step 5 ELEVATED collisions=48462 evaluations=63 27s
[536866.3]   step 6 ELEVATED collisions=48160 evaluations=99 33s
[536885.8]   step 7 ELEVATED collisions=47874 evaluations=171 52s
[536898.7]   step 8 ELEVATED collisions=47582 evaluations=216 65s
[536917.3]   step 9 ELEVATED collisions=47302 evaluations=270 84s
[536919.5]   step 10 ELEVATED collisions=47177 evaluations=279 86s
[536919.6]   step 11 NO_ACCEPTABLE_MOVE collisions=47177 evaluations=279 86s
[536921.7]   step 12 ELEVATED collisions=47050 evaluations=288 88s
[536921.8]   step 13 NO_ACCEPTABLE_MOVE collisions=47050 evaluations=288 88s
[536921.9]   step 14 NO_ACCEPTABLE_MOVE collisions=47050 evaluations=288 88s
[536934.8]   step 15 ELEVATED collisions=46761 evaluations=333 101s
[536934.9]   step 16 NO_ACCEPTABLE_MOVE collisions=46761 evaluations=333 101s
[536935.0]   step 17 NO_ACCEPTABLE_MOVE collisions=46761 evaluations=333 101s
[536947.8]   step 18 ELEVATED collisions=46474 evaluations=378 114s
[536947.9]   step 19 NO_ACCEPTABLE_MOVE collisions=46474 evaluations=378 114s
[536947.9]   step 20 NO_ACCEPTABLE_MOVE collisions=46474 evaluations=378 114s
[536953.5]   step 21 ELEVATED collisions=46189 evaluations=405 120s
[536953.5]   step 22 NO_ACCEPTABLE_MOVE collisions=46189 evaluations=405 120s
[536953.6]   step 23 NO_ACCEPTABLE_MOVE collisions=46189 evaluations=405 120s
[536959.1]   step 24 ELEVATED collisions=45906 evaluations=432 126s
[536959.2]   step 25 NO_ACCEPTABLE_MOVE collisions=45906 evaluations=432 126s
[536959.3]   step 26 NO_ACCEPTABLE_MOVE collisions=45906 evaluations=432 126s
[536966.5]   step 27 ELEVATED collisions=45776 evaluations=450 133s
[536966.6]   step 28 NO_ACCEPTABLE_MOVE collisions=45776 evaluations=450 133s
[536966.7]   step 29 NO_ACCEPTABLE_MOVE collisions=45776 evaluations=450 133s
[536972.1]   step 30 ELEVATED collisions=45495 evaluations=477 138s
[536972.2]   step 31 NO_ACCEPTABLE_MOVE collisions=45495 evaluations=477 139s
[536972.3]   step 32 NO_ACCEPTABLE_MOVE collisions=45495 evaluations=477 139s
[536979.1]   step 33 ELEVATED collisions=45365 evaluations=495 146s
[536979.2]   step 34 NO_ACCEPTABLE_MOVE collisions=45365 evaluations=495 146s
[536979.3]   step 35 NO_ACCEPTABLE_MOVE collisions=45365 evaluations=495 146s
[536991.2]   step 36 ELEVATED collisions=45086 evaluations=540 158s
[536991.3]   step 37 NO_ACCEPTABLE_MOVE collisions=45086 evaluations=540 158s
[536991.4]   step 38 NO_ACCEPTABLE_MOVE collisions=45086 evaluations=540 158s
[536999.9]   step 39 ELEVATED collisions=44956 evaluations=558 166s
[537000.0]   step 40 NO_ACCEPTABLE_MOVE collisions=44956 evaluations=558 166s
[537000.0]   step 41 NO_ACCEPTABLE_MOVE collisions=44956 evaluations=558 166s
[537013.3]   step 42 ELEVATED collisions=44679 evaluations=603 180s
[537013.4]   step 43 NO_ACCEPTABLE_MOVE collisions=44679 evaluations=603 180s
[537013.5]   step 44 NO_ACCEPTABLE_MOVE collisions=44679 evaluations=603 180s
[537020.7]   step 45 ELEVATED collisions=44549 evaluations=621 187s
[537020.8]   step 46 NO_ACCEPTABLE_MOVE collisions=44549 evaluations=621 187s
[537020.8]   step 47 NO_ACCEPTABLE_MOVE collisions=44549 evaluations=621 187s
[537033.1]   step 48 ELEVATED collisions=44274 evaluations=666 200s
[537033.2]   step 49 NO_ACCEPTABLE_MOVE collisions=44274 evaluations=666 200s
[537033.3]   step 50 NO_ACCEPTABLE_MOVE collisions=44274 evaluations=666 200s
[537033.4] group A_baseline_original: final=44274 accepted=22 evaluations=666 skips=0 stop=TARGET_LIMIT
[537057.6]   recheck 100000 pairs 20.8s
[537061.9] group A_baseline_original: recheck PASS checks=130816 seconds=24.9
[537062.0] group A_baseline_original: previous-revision comparison DIFFERS
[537062.0] group B_generation_cache_only: generation_failure_cache=True window_slack_mm=0.0
[537083.9]   INITIAL_DONE collisions=49518 uncertain=3
[537084.0]   step 1 NO_ACCEPTABLE_MOVE collisions=49518 evaluations=0 20s
[537086.2]   step 2 ELEVATED collisions=49203 evaluations=9 22s
[537088.5]   step 3 ELEVATED collisions=48891 evaluations=18 24s
[537090.6]   step 4 ELEVATED collisions=48765 evaluations=27 26s
[537096.0]   step 5 ELEVATED collisions=48462 evaluations=63 32s
[537101.3]   step 6 ELEVATED collisions=48160 evaluations=99 37s
[537119.4]   step 7 ELEVATED collisions=47874 evaluations=171 55s
[537131.7]   step 8 ELEVATED collisions=47582 evaluations=216 67s
[537149.5]   step 9 ELEVATED collisions=47302 evaluations=270 85s
[537151.6]   step 10 ELEVATED collisions=47177 evaluations=279 87s
[537151.7]   step 11 NO_ACCEPTABLE_MOVE collisions=47177 evaluations=279 87s
[537153.8]   step 12 ELEVATED collisions=47050 evaluations=288 89s
[537153.9]   step 13 NO_ACCEPTABLE_MOVE collisions=47050 evaluations=288 89s
[537166.3]   step 14 ELEVATED collisions=46761 evaluations=333 102s
[537178.7]   step 15 ELEVATED collisions=46474 evaluations=378 114s
[537184.0]   step 16 ELEVATED collisions=46189 evaluations=405 120s
[537189.3]   step 17 ELEVATED collisions=45906 evaluations=432 125s
[537196.1]   step 18 ELEVATED collisions=45776 evaluations=450 132s
[537201.4]   step 19 ELEVATED collisions=45495 evaluations=477 137s
[537208.1]   step 20 ELEVATED collisions=45365 evaluations=495 144s
[537220.9]   step 21 ELEVATED collisions=45086 evaluations=540 157s
[537227.7]   step 22 ELEVATED collisions=44956 evaluations=558 163s
[537240.3]   step 23 ELEVATED collisions=44679 evaluations=603 176s
[537247.2]   step 24 ELEVATED collisions=44549 evaluations=621 183s
[537259.7]   step 25 ELEVATED collisions=44274 evaluations=666 195s
[537272.3]   step 26 ELEVATED collisions=44001 evaluations=711 208s
[537274.2]   step 27 ELEVATED collisions=43750 evaluations=720 210s
[537274.3] group B_generation_cache_only: final=43750 accepted=24 evaluations=720 skips=28 stop=CANDIDATE_BUDGET_EXHAUSTED
[537301.8]   recheck 100000 pairs 23.6s
[537306.7] group B_generation_cache_only: recheck PASS checks=130816 seconds=28.4
[537306.7] group C_window_slack_only: generation_failure_cache=False window_slack_mm=1e-05
[537332.5]   INITIAL_DONE collisions=49518 uncertain=3
[537332.6]   step 1 NO_ACCEPTABLE_MOVE collisions=49518 evaluations=0 23s
[537336.8]   step 2 ELEVATED collisions=49188 evaluations=9 27s
[537341.1]   step 3 ELEVATED collisions=48874 evaluations=18 32s
[537345.2]   step 4 ELEVATED collisions=48601 evaluations=27 36s
[537359.7]   step 5 ELEVATED collisions=48298 evaluations=63 50s
[537374.0]   step 6 ELEVATED collisions=47996 evaluations=99 64s
[537408.1]   step 7 ELEVATED collisions=47710 evaluations=171 99s
[537432.3]   step 8 ELEVATED collisions=47418 evaluations=216 123s
[537462.4]   step 9 ELEVATED collisions=47138 evaluations=270 153s
[537466.2]   step 10 ELEVATED collisions=46885 evaluations=279 157s
[537470.3]   step 11 ELEVATED collisions=46632 evaluations=288 161s
[537470.4]   step 12 NO_ACCEPTABLE_MOVE collisions=46632 evaluations=288 161s
[537470.5]   step 13 NO_ACCEPTABLE_MOVE collisions=46632 evaluations=288 161s
[537494.2]   step 14 ELEVATED collisions=46343 evaluations=333 185s
[537494.3]   step 15 NO_ACCEPTABLE_MOVE collisions=46343 evaluations=333 185s
[537494.4]   step 16 NO_ACCEPTABLE_MOVE collisions=46343 evaluations=333 185s
[537517.9]   step 17 ELEVATED collisions=46056 evaluations=378 208s
[537518.0]   step 18 NO_ACCEPTABLE_MOVE collisions=46056 evaluations=378 208s
[537518.1]   step 19 NO_ACCEPTABLE_MOVE collisions=46056 evaluations=378 209s
[537527.6]   step 20 ELEVATED collisions=45771 evaluations=405 218s
[537527.6]   step 21 NO_ACCEPTABLE_MOVE collisions=45771 evaluations=405 218s
[537527.8]   step 22 NO_ACCEPTABLE_MOVE collisions=45771 evaluations=405 218s
[537537.0]   step 23 ELEVATED collisions=45488 evaluations=432 227s
[537537.1]   step 24 NO_ACCEPTABLE_MOVE collisions=45488 evaluations=432 228s
[537537.2]   step 25 NO_ACCEPTABLE_MOVE collisions=45488 evaluations=432 228s
[537549.1]   step 26 ELEVATED collisions=45253 evaluations=450 240s
[537549.2]   step 27 NO_ACCEPTABLE_MOVE collisions=45253 evaluations=450 240s
[537549.3]   step 28 NO_ACCEPTABLE_MOVE collisions=45253 evaluations=450 240s
[537558.3]   step 29 ELEVATED collisions=44972 evaluations=477 249s
[537558.4]   step 30 NO_ACCEPTABLE_MOVE collisions=44972 evaluations=477 249s
[537558.5]   step 31 NO_ACCEPTABLE_MOVE collisions=44972 evaluations=477 249s
[537570.7]   step 32 ELEVATED collisions=44737 evaluations=495 261s
[537570.7]   step 33 NO_ACCEPTABLE_MOVE collisions=44737 evaluations=495 261s
[537570.8]   step 34 NO_ACCEPTABLE_MOVE collisions=44737 evaluations=495 261s
[537594.0]   step 35 ELEVATED collisions=44458 evaluations=540 284s
[537594.1]   step 36 NO_ACCEPTABLE_MOVE collisions=44458 evaluations=540 284s
[537594.2]   step 37 NO_ACCEPTABLE_MOVE collisions=44458 evaluations=540 285s
[537605.7]   step 38 ELEVATED collisions=44222 evaluations=558 296s
[537605.8]   step 39 NO_ACCEPTABLE_MOVE collisions=44222 evaluations=558 296s
[537605.9]   step 40 NO_ACCEPTABLE_MOVE collisions=44222 evaluations=558 296s
[537627.6]   step 41 ELEVATED collisions=43945 evaluations=603 318s
[537627.7]   step 42 NO_ACCEPTABLE_MOVE collisions=43945 evaluations=603 318s
[537627.8]   step 43 NO_ACCEPTABLE_MOVE collisions=43945 evaluations=603 318s
[537640.1]   step 44 ELEVATED collisions=43709 evaluations=621 331s
[537640.2]   step 45 NO_ACCEPTABLE_MOVE collisions=43709 evaluations=621 331s
[537640.3]   step 46 NO_ACCEPTABLE_MOVE collisions=43709 evaluations=621 331s
[537663.1]   step 47 ELEVATED collisions=43434 evaluations=666 353s
[537663.2]   step 48 NO_ACCEPTABLE_MOVE collisions=43434 evaluations=666 354s
[537663.3]   step 49 NO_ACCEPTABLE_MOVE collisions=43434 evaluations=666 354s
[537684.2]   step 50 ELEVATED collisions=43161 evaluations=711 375s
[537684.4] group C_window_slack_only: final=43161 accepted=23 evaluations=711 skips=0 stop=TARGET_LIMIT
[537708.0]   recheck 100000 pairs 20.1s
[537712.3] group C_window_slack_only: recheck PASS checks=130816 seconds=24.2
[537712.3] group D_both_enabled: generation_failure_cache=True window_slack_mm=1e-05
[537736.8]   INITIAL_DONE collisions=49518 uncertain=3
[537736.9]   step 1 NO_ACCEPTABLE_MOVE collisions=49518 evaluations=0 22s
[537741.0]   step 2 ELEVATED collisions=49188 evaluations=9 26s
[537745.2]   step 3 ELEVATED collisions=48874 evaluations=18 30s
[537749.2]   step 4 ELEVATED collisions=48601 evaluations=27 34s
[537763.4]   step 5 ELEVATED collisions=48298 evaluations=63 48s
[537778.7]   step 6 ELEVATED collisions=47996 evaluations=99 64s
[537812.4]   step 7 ELEVATED collisions=47710 evaluations=171 97s
[537835.6]   step 8 ELEVATED collisions=47418 evaluations=216 121s
[537867.3]   step 9 ELEVATED collisions=47138 evaluations=270 152s
[537871.1]   step 10 ELEVATED collisions=46885 evaluations=279 156s
[537875.2]   step 11 ELEVATED collisions=46632 evaluations=288 160s
[537875.2]   step 12 NO_ACCEPTABLE_MOVE collisions=46632 evaluations=288 160s
[537875.3]   step 13 NO_ACCEPTABLE_MOVE collisions=46632 evaluations=288 160s
[537898.7]   step 14 ELEVATED collisions=46343 evaluations=333 184s
[537922.3]   step 15 ELEVATED collisions=46056 evaluations=378 207s
[537930.8]   step 16 ELEVATED collisions=45771 evaluations=405 216s
[537939.7]   step 17 ELEVATED collisions=45488 evaluations=432 225s
[537951.7]   step 18 ELEVATED collisions=45253 evaluations=450 237s
[537960.8]   step 19 ELEVATED collisions=44972 evaluations=477 246s
[537973.0]   step 20 ELEVATED collisions=44737 evaluations=495 258s
[537995.3]   step 21 ELEVATED collisions=44458 evaluations=540 280s
[538006.8]   step 22 ELEVATED collisions=44222 evaluations=558 292s
[538029.2]   step 23 ELEVATED collisions=43945 evaluations=603 314s
[538041.9]   step 24 ELEVATED collisions=43709 evaluations=621 327s
[538063.5]   step 25 ELEVATED collisions=43434 evaluations=666 349s
[538085.7]   step 26 ELEVATED collisions=43161 evaluations=711 371s
[538088.3]   step 27 ELEVATED collisions=42909 evaluations=720 373s
[538088.4] group D_both_enabled: final=42909 accepted=24 evaluations=720 skips=26 stop=CANDIDATE_BUDGET_EXHAUSTED
[538113.6]   recheck 100000 pairs 21.5s
[538118.1] group D_both_enabled: recheck PASS checks=130816 seconds=25.8
[538118.2] ALL DONE {"A_baseline_original": {"final": 44274, "accepted": 22, "evals": 666, "stop": "TARGET_LIMIT"}, "B_generation_cache_only": {"final": 43750, "accepted": 24, "evals": 720, "stop": "CANDIDATE_BUDGET_EXHAUSTED"}, "C_window_slack_only": {"final": 43161, "accepted": 23, "evals": 711, "stop": "TARGET_LIMIT"}, "D_both_enabled": {"final": 42909, "accepted": 24, "evals": 720, "stop": "CANDIDATE_BUDGET_EXHAUSTED"}}
