[558648.1] IDEA_F_N2880: start mode=N budget=2880 spec={"name": "IDEA_F", "target_policy": "LEGACY", "evaluation_policy": "E2_ORDERED_K16", "traversal_policy": "BASE", "max_targets": 200, "k_per_target": 16, "family_round_robin": false, "relocation_side_reserve": 0, "waiting_age": false, "route_coverage": false, "multi_anchor": false, "exact_dedup": true, "decision_cache": false, "return_action": false, "cache_structural_skips": false, "window_slack_mm": 1e-05, "notes": ""}
[558648.1] IDEA_F_N2880: start state=main C:\Users\lihao\Desktop\Graduation Project\OpticalWaveguideRouter3D\outputs\3d_strategy_v3\512_ablation\D_both_enabled pairs=42909
[558656.4] IDEA_F_N2880: INITIAL_DONE pairs=42909
[558656.7] IDEA_F_N2880: step 1 NO_CANDIDATES_GENERATED pairs=42909 evals=0 1s
[558657.1] IDEA_F_N2880: step 2 NO_CANDIDATES_GENERATED pairs=42909 evals=0 1s
[558667.6] IDEA_F_N2880: step 3 ELEVATED pairs=42661 evals=16 11s
[558686.4] IDEA_F_N2880: step 4 ELEVATED pairs=42487 evals=32 30s
[558701.1] IDEA_F_N2880: step 5 ELEVATED pairs=42305 evals=48 45s
[558715.8] IDEA_F_N2880: step 6 ELEVATED pairs=42121 evals=64 60s
[558730.7] IDEA_F_N2880: step 7 ELEVATED pairs=41936 evals=80 75s
[558741.6] IDEA_F_N2880: step 8 ELEVATED pairs=41680 evals=96 85s
[558756.3] IDEA_F_N2880: step 9 ELEVATED pairs=41486 evals=112 100s
[558766.3] IDEA_F_N2880: step 10 ELEVATED pairs=41225 evals=128 110s
[558786.2] IDEA_F_N2880: step 11 ELEVATED pairs=41046 evals=144 130s
[558805.7] IDEA_F_N2880: step 12 ELEVATED pairs=40867 evals=160 150s
[558815.3] IDEA_F_N2880: step 13 ELEVATED pairs=40628 evals=176 159s
[558828.1] IDEA_F_N2880: step 14 ELEVATED pairs=40377 evals=192 172s
[558837.1] IDEA_F_N2880: step 15 ELEVATED pairs=40136 evals=208 181s
[558850.1] IDEA_F_N2880: step 16 ELEVATED pairs=39887 evals=224 194s
[558863.5] IDEA_F_N2880: step 17 ELEVATED pairs=39640 evals=240 207s
[558876.6] IDEA_F_N2880: step 18 ELEVATED pairs=39399 evals=256 220s
[558890.3] IDEA_F_N2880: step 19 ELEVATED pairs=39175 evals=272 234s
[558903.2] IDEA_F_N2880: step 20 ELEVATED pairs=38969 evals=288 247s
[558920.2] IDEA_F_N2880: step 21 ELEVATED pairs=38811 evals=304 264s
[558933.5] IDEA_F_N2880: step 22 ELEVATED pairs=38668 evals=320 277s
[558945.8] IDEA_F_N2880: step 23 ELEVATED pairs=38466 evals=336 290s
[558958.1] IDEA_F_N2880: step 24 ELEVATED pairs=38332 evals=352 302s
[558968.1] IDEA_F_N2880: step 25 ELEVATED pairs=38108 evals=368 312s
[558980.7] IDEA_F_N2880: step 26 ELEVATED pairs=37974 evals=384 325s
[558991.1] IDEA_F_N2880: step 27 ELEVATED pairs=37771 evals=400 335s
[559001.5] IDEA_F_N2880: step 28 ELEVATED pairs=37568 evals=416 345s
[559010.2] IDEA_F_N2880: step 29 ELEVATED pairs=37338 evals=432 354s
[559019.1] IDEA_F_N2880: step 30 ELEVATED pairs=37110 evals=448 363s
[559031.1] IDEA_F_N2880: step 31 ELEVATED pairs=36910 evals=464 375s
[559039.7] IDEA_F_N2880: step 32 ELEVATED pairs=36684 evals=480 384s
[559051.4] IDEA_F_N2880: step 33 ELEVATED pairs=36466 evals=496 395s
[559062.5] IDEA_F_N2880: step 34 ELEVATED pairs=36269 evals=512 406s
[559082.4] IDEA_F_N2880: step 35 ELEVATED pairs=36073 evals=528 426s
[559096.5] IDEA_F_N2880: step 36 ELEVATED pairs=35887 evals=544 440s
[559107.9] IDEA_F_N2880: step 37 ELEVATED pairs=35774 evals=560 452s
[559120.6] IDEA_F_N2880: step 38 ELEVATED pairs=35543 evals=576 465s
[559131.0] IDEA_F_N2880: step 39 ELEVATED pairs=35343 evals=592 475s
[559144.0] IDEA_F_N2880: step 40 ELEVATED pairs=35138 evals=608 488s
[559144.2] IDEA_F_N2880: step 41 NO_CANDIDATES_GENERATED pairs=35138 evals=608 488s
[559144.4] IDEA_F_N2880: step 42 NO_CANDIDATES_GENERATED pairs=35138 evals=608 488s
[559157.9] IDEA_F_N2880: step 43 ELEVATED pairs=34935 evals=624 502s
[559172.1] IDEA_F_N2880: step 44 ELEVATED pairs=34734 evals=640 516s
[559181.7] IDEA_F_N2880: step 45 ELEVATED pairs=34539 evals=656 526s
[559196.6] IDEA_F_N2880: step 46 ELEVATED pairs=34340 evals=672 541s
[559211.7] IDEA_F_N2880: step 47 ELEVATED pairs=34143 evals=688 556s
[559225.6] IDEA_F_N2880: step 48 ELEVATED pairs=33933 evals=704 570s
[559242.9] IDEA_F_N2880: step 49 ELEVATED pairs=33738 evals=720 587s
[559256.8] IDEA_F_N2880: step 50 ELEVATED pairs=33530 evals=736 601s
[559268.5] IDEA_F_N2880: step 51 ELEVATED pairs=33326 evals=752 612s
[559285.9] IDEA_F_N2880: step 52 ELEVATED pairs=33133 evals=768 630s
[559299.3] IDEA_F_N2880: step 53 ELEVATED pairs=32926 evals=784 643s
[559317.2] IDEA_F_N2880: step 54 ELEVATED pairs=32735 evals=800 661s
[559329.5] IDEA_F_N2880: step 55 ELEVATED pairs=32530 evals=816 673s
[559346.3] IDEA_F_N2880: step 56 ELEVATED pairs=32341 evals=832 690s
[559358.6] IDEA_F_N2880: step 57 ELEVATED pairs=32137 evals=848 702s
[559375.5] IDEA_F_N2880: step 58 ELEVATED pairs=31950 evals=864 719s
[559383.7] IDEA_F_N2880: step 59 ELEVATED pairs=31792 evals=880 728s
[559396.1] IDEA_F_N2880: step 60 ELEVATED pairs=31590 evals=896 740s
[559408.4] IDEA_F_N2880: step 61 ELEVATED pairs=31389 evals=912 752s
[559419.4] IDEA_F_N2880: step 62 ELEVATED pairs=31226 evals=928 763s
[559441.2] IDEA_F_N2880: step 63 ELEVATED pairs=31027 evals=944 785s
[559464.5] IDEA_F_N2880: step 64 ELEVATED pairs=30829 evals=960 808s
[559465.5] IDEA_F_N2880: step 65 NO_CANDIDATES_GENERATED pairs=30829 evals=960 809s
[559466.4] IDEA_F_N2880: step 66 NO_CANDIDATES_GENERATED pairs=30829 evals=960 810s
[559467.4] IDEA_F_N2880: step 67 NO_CANDIDATES_GENERATED pairs=30829 evals=960 811s
[559487.9] IDEA_F_N2880: step 68 ELEVATED pairs=30633 evals=976 832s
[559506.7] IDEA_F_N2880: step 69 ELEVATED pairs=30481 evals=992 851s
[559521.0] IDEA_F_N2880: step 70 ELEVATED pairs=30367 evals=1008 865s
[559542.0] IDEA_F_N2880: step 71 ELEVATED pairs=30214 evals=1024 886s
[559555.5] IDEA_F_N2880: step 72 ELEVATED pairs=30030 evals=1033 899s
[559575.1] IDEA_F_N2880: step 73 ELEVATED pairs=29879 evals=1049 919s
[559585.7] IDEA_F_N2880: step 74 ELEVATED pairs=29697 evals=1058 930s
[559606.6] IDEA_F_N2880: step 75 ELEVATED pairs=29548 evals=1074 950s
[559621.8] IDEA_F_N2880: step 76 ELEVATED pairs=29368 evals=1083 966s
[559634.2] IDEA_F_N2880: step 77 ELEVATED pairs=29190 evals=1092 978s
[559666.9] IDEA_F_N2880: step 78 ELEVATED pairs=28961 evals=1108 1011s
[559678.0] IDEA_F_N2880: step 79 ELEVATED pairs=28776 evals=1124 1022s
[559693.1] IDEA_F_N2880: step 80 ELEVATED pairs=28593 evals=1140 1037s
[559707.5] IDEA_F_N2880: step 81 ELEVATED pairs=28412 evals=1156 1051s
[559721.3] IDEA_F_N2880: step 82 ELEVATED pairs=28233 evals=1172 1065s
[559733.9] IDEA_F_N2880: step 83 ELEVATED pairs=28134 evals=1188 1078s
[559752.8] IDEA_F_N2880: step 84 ELEVATED pairs=28022 evals=1204 1097s
[559767.6] IDEA_F_N2880: step 85 ELEVATED pairs=27902 evals=1220 1111s
[559781.4] IDEA_F_N2880: step 86 ELEVATED pairs=27782 evals=1236 1125s
[559795.3] IDEA_F_N2880: step 87 ELEVATED pairs=27662 evals=1252 1139s
[559806.9] IDEA_F_N2880: step 88 ELEVATED pairs=27514 evals=1268 1151s
[559821.7] IDEA_F_N2880: step 89 ELEVATED pairs=27394 evals=1284 1166s
[559840.9] IDEA_F_N2880: step 90 ELEVATED pairs=27248 evals=1300 1185s
[559856.7] IDEA_F_N2880: step 91 ELEVATED pairs=27092 evals=1316 1201s
[559871.6] IDEA_F_N2880: step 92 PREFIX_EVALUATED_NO_WINNER_DEFERRED pairs=27092 evals=1332 1215s
[559886.9] IDEA_F_N2880: step 93 ELEVATED pairs=26951 evals=1348 1231s
[559898.4] IDEA_F_N2880: step 94 PREFIX_EVALUATED_NO_WINNER_DEFERRED pairs=26951 evals=1364 1242s
[559914.6] IDEA_F_N2880: step 95 ELEVATED pairs=26895 evals=1380 1258s
[559931.3] IDEA_F_N2880: step 96 ELEVATED pairs=26781 evals=1396 1275s
[559948.5] IDEA_F_N2880: step 97 ELEVATED pairs=26690 evals=1412 1292s
[559968.9] IDEA_F_N2880: step 98 ELEVATED pairs=26525 evals=1428 1313s
[559984.4] IDEA_F_N2880: step 99 ELEVATED pairs=26436 evals=1444 1328s
[560004.0] IDEA_F_N2880: step 100 ELEVATED pairs=26273 evals=1460 1348s
[560025.6] IDEA_F_N2880: step 101 ELEVATED pairs=26112 evals=1476 1369s
[560038.8] IDEA_F_N2880: step 102 ELEVATED pairs=26016 evals=1492 1383s
[560064.4] IDEA_F_N2880: step 103 ELEVATED pairs=25857 evals=1508 1408s
[560077.8] IDEA_F_N2880: step 104 ELEVATED pairs=25803 evals=1524 1422s
[560100.4] IDEA_F_N2880: step 105 ELEVATED pairs=25644 evals=1540 1444s
[560117.5] IDEA_F_N2880: step 106 ELEVATED pairs=25487 evals=1556 1461s
[560128.5] IDEA_F_N2880: step 107 ELEVATED pairs=25361 evals=1572 1472s
[560145.5] IDEA_F_N2880: step 108 ELEVATED pairs=25207 evals=1588 1489s
[560161.4] IDEA_F_N2880: step 109 ELEVATED pairs=25144 evals=1604 1505s
[560173.1] IDEA_F_N2880: step 110 ELEVATED pairs=24969 evals=1620 1517s
[560184.7] IDEA_F_N2880: step 111 ELEVATED pairs=24796 evals=1636 1529s
[560199.6] IDEA_F_N2880: step 112 ELEVATED pairs=24735 evals=1652 1543s
[560228.5] IDEA_F_N2880: step 113 ELEVATED pairs=24607 evals=1668 1572s
[560256.0] IDEA_F_N2880: step 114 ELEVATED pairs=24481 evals=1684 1600s
[560270.7] IDEA_F_N2880: step 115 ELEVATED pairs=24411 evals=1700 1615s
[560289.4] IDEA_F_N2880: step 116 ELEVATED pairs=24317 evals=1709 1633s
[560315.6] IDEA_F_N2880: step 117 ELEVATED pairs=24173 evals=1725 1660s
[560328.5] IDEA_F_N2880: step 118 ELEVATED pairs=24079 evals=1741 1672s
[560350.7] IDEA_F_N2880: step 119 ELEVATED pairs=23935 evals=1757 1695s
[560372.2] IDEA_F_N2880: step 120 ELEVATED pairs=23791 evals=1773 1716s
[560382.5] IDEA_F_N2880: step 121 ELEVATED pairs=23698 evals=1789 1726s
[560402.7] IDEA_F_N2880: step 122 ELEVATED pairs=23554 evals=1805 1747s
[560435.1] IDEA_F_N2880: step 123 ELEVATED pairs=23440 evals=1821 1779s
[560451.1] IDEA_F_N2880: step 124 ELEVATED pairs=23259 evals=1837 1795s
[560482.9] IDEA_F_N2880: step 125 ELEVATED pairs=23145 evals=1853 1827s
[560515.1] IDEA_F_N2880: step 126 ELEVATED pairs=23031 evals=1869 1859s
[560534.4] IDEA_F_N2880: step 127 ELEVATED pairs=22866 evals=1885 1878s
[560564.1] IDEA_F_N2880: step 128 ELEVATED pairs=22752 evals=1901 1908s
[560584.3] IDEA_F_N2880: step 129 ELEVATED pairs=22589 evals=1917 1928s
[560606.9] IDEA_F_N2880: step 130 ELEVATED pairs=22428 evals=1933 1951s
[560631.3] IDEA_F_N2880: step 131 ELEVATED pairs=22269 evals=1949 1975s
[560643.3] IDEA_F_N2880: step 132 ELEVATED pairs=22187 evals=1965 1987s
[560654.3] IDEA_F_N2880: step 133 ELEVATED pairs=22053 evals=1981 1998s
[560665.1] IDEA_F_N2880: step 134 ELEVATED pairs=21921 evals=1997 2009s
[560682.6] IDEA_F_N2880: step 135 ELEVATED pairs=21793 evals=2013 2026s
[560693.6] IDEA_F_N2880: step 136 ELEVATED pairs=21663 evals=2029 2037s
[560704.0] IDEA_F_N2880: step 137 ELEVATED pairs=21599 evals=2045 2048s
[560714.7] IDEA_F_N2880: step 138 ELEVATED pairs=21536 evals=2061 2059s
[560725.4] IDEA_F_N2880: step 139 ELEVATED pairs=21473 evals=2077 2069s
[560734.2] IDEA_F_N2880: step 140 ELEVATED pairs=21404 evals=2093 2078s
[560743.1] IDEA_F_N2880: step 141 ELEVATED pairs=21335 evals=2109 2087s
[560752.1] IDEA_F_N2880: step 142 ELEVATED pairs=21266 evals=2125 2096s
[560761.4] IDEA_F_N2880: step 143 ELEVATED pairs=21197 evals=2141 2105s
[560770.6] IDEA_F_N2880: step 144 PREFIX_EVALUATED_NO_WINNER_DEFERRED pairs=21197 evals=2157 2114s
[560792.5] IDEA_F_N2880: step 145 ELEVATED pairs=21078 evals=2173 2136s
[560801.8] IDEA_F_N2880: step 146 PREFIX_EVALUATED_NO_WINNER_DEFERRED pairs=21078 evals=2189 2146s
[560813.1] IDEA_F_N2880: step 147 ELEVATED pairs=21032 evals=2205 2157s
[560822.6] IDEA_F_N2880: step 148 PREFIX_EVALUATED_NO_WINNER_DEFERRED pairs=21032 evals=2221 2166s
[560834.0] IDEA_F_N2880: step 149 ELEVATED pairs=20986 evals=2237 2178s
[560843.4] IDEA_F_N2880: step 150 PREFIX_EVALUATED_NO_WINNER_DEFERRED pairs=20986 evals=2253 2187s
[560852.1] IDEA_F_N2880: step 151 ELEVATED pairs=20932 evals=2269 2196s
[560861.4] IDEA_F_N2880: step 152 PREFIX_EVALUATED_NO_WINNER_DEFERRED pairs=20932 evals=2285 2205s
[560870.2] IDEA_F_N2880: step 153 ELEVATED pairs=20865 evals=2301 2214s
[560879.5] IDEA_F_N2880: step 154 PREFIX_EVALUATED_NO_WINNER_DEFERRED pairs=20865 evals=2317 2223s
[560888.6] IDEA_F_N2880: step 155 ELEVATED pairs=20798 evals=2333 2233s
[560898.4] IDEA_F_N2880: step 156 PREFIX_EVALUATED_NO_WINNER_DEFERRED pairs=20798 evals=2349 2242s
[560907.2] IDEA_F_N2880: step 157 ELEVATED pairs=20731 evals=2365 2251s
[560917.0] IDEA_F_N2880: step 158 PREFIX_EVALUATED_NO_WINNER_DEFERRED pairs=20731 evals=2381 2261s
[560933.5] IDEA_F_N2880: step 159 ELEVATED pairs=20568 evals=2397 2277s
[560942.9] IDEA_F_N2880: step 160 PREFIX_EVALUATED_NO_WINNER_DEFERRED pairs=20568 evals=2413 2287s
[560950.9] IDEA_F_N2880: step 161 ELEVATED pairs=20508 evals=2429 2295s
[560959.6] IDEA_F_N2880: step 162 PREFIX_EVALUATED_NO_WINNER_DEFERRED pairs=20508 evals=2445 2303s
[560967.4] IDEA_F_N2880: step 163 ELEVATED pairs=20448 evals=2461 2311s
[560975.9] IDEA_F_N2880: step 164 PREFIX_EVALUATED_NO_WINNER_DEFERRED pairs=20448 evals=2477 2320s
[560990.5] IDEA_F_N2880: step 165 ELEVATED pairs=20287 evals=2493 2334s
[560998.6] IDEA_F_N2880: step 166 PREFIX_EVALUATED_NO_WINNER_DEFERRED pairs=20287 evals=2509 2343s
[561006.3] IDEA_F_N2880: step 167 ELEVATED pairs=20221 evals=2525 2350s
[561015.2] IDEA_F_N2880: step 168 PREFIX_EVALUATED_NO_WINNER_DEFERRED pairs=20221 evals=2541 2359s
[561032.6] IDEA_F_N2880: step 169 ELEVATED pairs=20062 evals=2557 2376s
[561042.4] IDEA_F_N2880: step 170 PREFIX_EVALUATED_NO_WINNER_DEFERRED pairs=20062 evals=2573 2386s
[561065.2] IDEA_F_N2880: step 171 ELEVATED pairs=19908 evals=2589 2409s
[561080.4] IDEA_F_N2880: step 172 ELEVATED pairs=19759 evals=2605 2424s
[561095.8] IDEA_F_N2880: step 173 ELEVATED pairs=19612 evals=2621 2440s
[561110.6] IDEA_F_N2880: step 174 ELEVATED pairs=19467 evals=2637 2455s
[561125.6] IDEA_F_N2880: step 175 ELEVATED pairs=19324 evals=2653 2469s
[561140.9] IDEA_F_N2880: step 176 ELEVATED pairs=19185 evals=2669 2485s
[561156.4] IDEA_F_N2880: step 177 ELEVATED pairs=19069 evals=2685 2500s
[561173.6] IDEA_F_N2880: step 178 ELEVATED pairs=18955 evals=2701 2517s
[561203.2] IDEA_F_N2880: step 179 ELEVATED pairs=18864 evals=2717 2547s
[561214.1] IDEA_F_N2880: step 180 PREFIX_EVALUATED_NO_WINNER_DEFERRED pairs=18864 evals=2733 2558s
[561242.5] IDEA_F_N2880: step 181 ELEVATED pairs=18774 evals=2749 2586s
[561253.6] IDEA_F_N2880: step 182 PREFIX_EVALUATED_NO_WINNER_DEFERRED pairs=18774 evals=2765 2597s
[561280.8] IDEA_F_N2880: step 183 ELEVATED pairs=18685 evals=2781 2625s
[561291.8] IDEA_F_N2880: step 184 PREFIX_EVALUATED_NO_WINNER_DEFERRED pairs=18685 evals=2797 2636s
[561317.0] IDEA_F_N2880: step 185 ELEVATED pairs=18596 evals=2813 2661s
[561328.2] IDEA_F_N2880: step 186 PREFIX_EVALUATED_NO_WINNER_DEFERRED pairs=18596 evals=2829 2672s
[561353.5] IDEA_F_N2880: step 187 ELEVATED pairs=18520 evals=2845 2697s
[561364.7] IDEA_F_N2880: step 188 PREFIX_EVALUATED_NO_WINNER_DEFERRED pairs=18520 evals=2861 2709s
[561389.6] IDEA_F_N2880: step 189 ELEVATED pairs=18444 evals=2877 2733s
[561392.2] IDEA_F_N2880: step 190 ABORTED_CANDIDATE_BUDGET pairs=18444 evals=2880 2736s
[561392.9] IDEA_F_N2880: done final=18444 moves=161 first=161 reloc=0 ret=0 evals=2880 stop=CANDIDATE_BUDGET_EXHAUSTED
[561497.1] IDEA_F_N2880: recheck PASS checks=130816
