[603421.7] V8_G1_R1440: start mode=R budget=1440 spec={"name": "V8_G1", "target_policy": "LEGACY", "evaluation_policy": "E2_ORDERED_K16", "traversal_policy": "BASE", "max_targets": 200, "k_per_target": 16, "family_round_robin": false, "relocation_side_reserve": 0, "waiting_age": false, "route_coverage": false, "multi_anchor": false, "exact_dedup": false, "decision_cache": false, "return_action": false, "cache_structural_skips": false, "window_slack_mm": 1e-05, "generation_domain": "PATH_WINDOWS", "path_window_settings": {"placements": [0.0, 0.5, 1.0], "length_factors": [1.0, 1.5, 2.0, 3.0], "cap": 4096}, "stage_length_cap_mm": null, "notes": ""}
[603421.7] V8_G1_R1440: start state=main C:\Users\lihao\Desktop\Graduation Project\OpticalWaveguideRouter3D\outputs\3d_strategy_v3\512_ablation\D_both_enabled pairs=42909
[603426.1] V8_G1_R1440: INITIAL_DONE pairs=42909
[603426.2] V8_G1_R1440: step 1 NO_CANDIDATES_GENERATED pairs=42909 evals=0 0s
[603426.7] V8_G1_R1440: step 2 NO_CANDIDATES_GENERATED pairs=42909 evals=0 1s
[603440.6] V8_G1_R1440: step 3 ELEVATED pairs=42657 evals=16 15s
[603457.5] V8_G1_R1440: step 4 ELEVATED pairs=42411 evals=32 31s
[603473.8] V8_G1_R1440: step 5 ELEVATED pairs=42168 evals=48 48s
[603490.4] V8_G1_R1440: step 6 ELEVATED pairs=41927 evals=64 64s
[603508.1] V8_G1_R1440: step 7 ELEVATED pairs=41688 evals=80 82s
[603522.3] V8_G1_R1440: step 8 ELEVATED pairs=41453 evals=96 96s
[603532.6] V8_G1_R1440: step 9 ELEVATED pairs=41202 evals=112 106s
[603541.5] V8_G1_R1440: step 10 ELEVATED pairs=40956 evals=128 115s
[603551.1] V8_G1_R1440: step 11 ELEVATED pairs=40707 evals=144 125s
[603562.4] V8_G1_R1440: step 12 ELEVATED pairs=40456 evals=160 136s
[603570.7] V8_G1_R1440: step 13 ELEVATED pairs=40209 evals=176 145s
[603581.6] V8_G1_R1440: step 14 ELEVATED pairs=39960 evals=192 155s
[603604.0] V8_G1_R1440: step 15 ELEVATED pairs=39734 evals=208 178s
[603626.1] V8_G1_R1440: step 16 ELEVATED pairs=39510 evals=224 200s
[603642.3] V8_G1_R1440: step 17 ELEVATED pairs=39292 evals=240 216s
[603651.6] V8_G1_R1440: step 18 ELEVATED pairs=39053 evals=256 225s
[603665.2] V8_G1_R1440: step 19 ELEVATED pairs=38833 evals=272 239s
[603669.5] V8_G1_R1440: step 20 PREFIX_EVALUATED_NO_WINNER_DEFERRED pairs=38833 evals=288 243s
[603673.5] V8_G1_R1440: step 21 PREFIX_EVALUATED_NO_WINNER_DEFERRED pairs=38833 evals=304 247s
[603685.8] V8_G1_R1440: step 22 ELEVATED pairs=38617 evals=320 260s
[603690.3] V8_G1_R1440: step 23 PREFIX_EVALUATED_NO_WINNER_DEFERRED pairs=38617 evals=336 264s
[603694.1] V8_G1_R1440: step 24 PREFIX_EVALUATED_NO_WINNER_DEFERRED pairs=38617 evals=352 268s
[603701.5] V8_G1_R1440: step 25 ELEVATED pairs=38389 evals=368 275s
[603705.5] V8_G1_R1440: step 26 PREFIX_EVALUATED_NO_WINNER_DEFERRED pairs=38389 evals=384 279s
[603709.7] V8_G1_R1440: step 27 PREFIX_EVALUATED_NO_WINNER_DEFERRED pairs=38389 evals=400 284s
[603722.1] V8_G1_R1440: step 28 ELEVATED pairs=38175 evals=416 296s
[603726.0] V8_G1_R1440: step 29 PREFIX_EVALUATED_NO_WINNER_DEFERRED pairs=38175 evals=432 300s
[603733.1] V8_G1_R1440: step 30 ELEVATED pairs=37949 evals=448 307s
[603737.0] V8_G1_R1440: step 31 PREFIX_EVALUATED_NO_WINNER_DEFERRED pairs=37949 evals=464 311s
[603744.4] V8_G1_R1440: step 32 ELEVATED pairs=37725 evals=480 318s
[603748.3] V8_G1_R1440: step 33 PREFIX_EVALUATED_NO_WINNER_DEFERRED pairs=37725 evals=496 322s
[603764.9] V8_G1_R1440: step 34 ELEVATED pairs=37519 evals=512 339s
[603769.0] V8_G1_R1440: step 35 PREFIX_EVALUATED_NO_WINNER_DEFERRED pairs=37519 evals=528 343s
[603784.6] V8_G1_R1440: step 36 ELEVATED pairs=37306 evals=544 358s
[603788.5] V8_G1_R1440: step 37 PREFIX_EVALUATED_NO_WINNER_DEFERRED pairs=37306 evals=560 362s
[603793.0] V8_G1_R1440: step 38 PREFIX_EVALUATED_NO_WINNER_DEFERRED pairs=37306 evals=576 367s
[603803.6] V8_G1_R1440: step 39 ELEVATED pairs=37087 evals=592 378s
[603807.5] V8_G1_R1440: step 40 PREFIX_EVALUATED_NO_WINNER_DEFERRED pairs=37087 evals=608 381s
[603839.2] V8_G1_R1440: step 41 ELEVATED pairs=36847 evals=624 413s
[603843.2] V8_G1_R1440: step 42 PREFIX_EVALUATED_NO_WINNER_DEFERRED pairs=36847 evals=640 417s
[603847.3] V8_G1_R1440: step 43 PREFIX_EVALUATED_NO_WINNER_DEFERRED pairs=36847 evals=656 421s
[603858.3] V8_G1_R1440: step 44 ELEVATED pairs=36642 evals=672 432s
[603862.3] V8_G1_R1440: step 45 PREFIX_EVALUATED_NO_WINNER_DEFERRED pairs=36642 evals=688 436s
[603866.6] V8_G1_R1440: step 46 PREFIX_EVALUATED_NO_WINNER_DEFERRED pairs=36642 evals=704 441s
[603867.1] V8_G1_R1440: step 47 NO_CANDIDATES_GENERATED pairs=36642 evals=704 441s
[603867.6] V8_G1_R1440: step 48 NO_CANDIDATES_GENERATED pairs=36642 evals=704 441s
[603878.4] V8_G1_R1440: step 49 ELEVATED pairs=36438 evals=720 452s
[603882.3] V8_G1_R1440: step 50 PREFIX_EVALUATED_NO_WINNER_DEFERRED pairs=36438 evals=736 456s
[603886.8] V8_G1_R1440: step 51 PREFIX_EVALUATED_NO_WINNER_DEFERRED pairs=36438 evals=752 461s
[603894.9] V8_G1_R1440: step 52 ELEVATED pairs=36228 evals=768 469s
[603898.7] V8_G1_R1440: step 53 PREFIX_EVALUATED_NO_WINNER_DEFERRED pairs=36228 evals=784 473s
[603903.1] V8_G1_R1440: step 54 PREFIX_EVALUATED_NO_WINNER_DEFERRED pairs=36228 evals=800 477s
[603913.9] V8_G1_R1440: step 55 ELEVATED pairs=36045 evals=816 488s
[603917.8] V8_G1_R1440: step 56 PREFIX_EVALUATED_NO_WINNER_DEFERRED pairs=36045 evals=832 492s
[603922.2] V8_G1_R1440: step 57 PREFIX_EVALUATED_NO_WINNER_DEFERRED pairs=36045 evals=848 496s
[603938.5] V8_G1_R1440: step 58 ELEVATED pairs=35853 evals=864 512s
[603942.3] V8_G1_R1440: step 59 PREFIX_EVALUATED_NO_WINNER_DEFERRED pairs=35853 evals=880 516s
[603946.6] V8_G1_R1440: step 60 PREFIX_EVALUATED_NO_WINNER_DEFERRED pairs=35853 evals=896 520s
[603958.1] V8_G1_R1440: step 61 ELEVATED pairs=35646 evals=912 532s
[603961.9] V8_G1_R1440: step 62 PREFIX_EVALUATED_NO_WINNER_DEFERRED pairs=35646 evals=928 536s
[603966.2] V8_G1_R1440: step 63 PREFIX_EVALUATED_NO_WINNER_DEFERRED pairs=35646 evals=944 540s
[603982.8] V8_G1_R1440: step 64 ELEVATED pairs=35456 evals=960 557s
[603986.8] V8_G1_R1440: step 65 PREFIX_EVALUATED_NO_WINNER_DEFERRED pairs=35456 evals=976 561s
[603991.3] V8_G1_R1440: step 66 PREFIX_EVALUATED_NO_WINNER_DEFERRED pairs=35456 evals=992 565s
[604003.8] V8_G1_R1440: step 67 ELEVATED pairs=35251 evals=1008 578s
[604007.7] V8_G1_R1440: step 68 PREFIX_EVALUATED_NO_WINNER_DEFERRED pairs=35251 evals=1024 582s
[604012.2] V8_G1_R1440: step 69 PREFIX_EVALUATED_NO_WINNER_DEFERRED pairs=35251 evals=1040 586s
[604028.5] V8_G1_R1440: step 70 ELEVATED pairs=35063 evals=1056 602s
[604032.5] V8_G1_R1440: step 71 PREFIX_EVALUATED_NO_WINNER_DEFERRED pairs=35063 evals=1072 606s
[604037.0] V8_G1_R1440: step 72 PREFIX_EVALUATED_NO_WINNER_DEFERRED pairs=35063 evals=1088 611s
[604049.2] V8_G1_R1440: step 73 ELEVATED pairs=34860 evals=1104 623s
[604053.2] V8_G1_R1440: step 74 PREFIX_EVALUATED_NO_WINNER_DEFERRED pairs=34860 evals=1120 627s
[604057.7] V8_G1_R1440: step 75 PREFIX_EVALUATED_NO_WINNER_DEFERRED pairs=34860 evals=1136 632s
[604065.9] V8_G1_R1440: step 76 ELEVATED pairs=34660 evals=1152 640s
[604069.9] V8_G1_R1440: step 77 PREFIX_EVALUATED_NO_WINNER_DEFERRED pairs=34660 evals=1168 644s
[604074.4] V8_G1_R1440: step 78 PREFIX_EVALUATED_NO_WINNER_DEFERRED pairs=34660 evals=1184 648s
[604086.2] V8_G1_R1440: step 79 ELEVATED pairs=34459 evals=1200 660s
[604090.2] V8_G1_R1440: step 80 PREFIX_EVALUATED_NO_WINNER_DEFERRED pairs=34459 evals=1216 664s
[604094.3] V8_G1_R1440: step 81 PREFIX_EVALUATED_NO_WINNER_DEFERRED pairs=34459 evals=1232 668s
[604101.9] V8_G1_R1440: step 82 ELEVATED pairs=34273 evals=1248 676s
[604105.4] V8_G1_R1440: step 83 PREFIX_EVALUATED_NO_WINNER_DEFERRED pairs=34273 evals=1264 679s
[604109.4] V8_G1_R1440: step 84 PREFIX_EVALUATED_NO_WINNER_DEFERRED pairs=34273 evals=1280 683s
[604122.4] V8_G1_R1440: step 85 ELEVATED pairs=34074 evals=1296 696s
[604125.9] V8_G1_R1440: step 86 PREFIX_EVALUATED_NO_WINNER_DEFERRED pairs=34074 evals=1312 700s
[604129.9] V8_G1_R1440: step 87 PREFIX_EVALUATED_NO_WINNER_DEFERRED pairs=34074 evals=1328 704s
[604138.4] V8_G1_R1440: step 88 ELEVATED pairs=33907 evals=1344 712s
[604142.1] V8_G1_R1440: step 89 PREFIX_EVALUATED_NO_WINNER_DEFERRED pairs=33907 evals=1360 716s
[604146.1] V8_G1_R1440: step 90 PREFIX_EVALUATED_NO_WINNER_DEFERRED pairs=33907 evals=1376 720s
[604159.6] V8_G1_R1440: step 91 ELEVATED pairs=33710 evals=1392 733s
[604163.5] V8_G1_R1440: step 92 PREFIX_EVALUATED_NO_WINNER_DEFERRED pairs=33710 evals=1408 737s
[604167.9] V8_G1_R1440: step 93 PREFIX_EVALUATED_NO_WINNER_DEFERRED pairs=33710 evals=1424 742s
[604175.6] V8_G1_R1440: step 94 ELEVATED pairs=33543 evals=1440 749s
[604176.8] V8_G1_R1440: step 95 ABORTED_CANDIDATE_BUDGET pairs=33543 evals=1440 751s
[604177.1] V8_G1_R1440: done final=33543 moves=43 first=43 reloc=0 ret=0 evals=1440 stop=CANDIDATE_BUDGET_EXHAUSTED
[604228.0] V8_G1_R1440: recheck PASS checks=130816
