[600287.1] P4_A_FAMILY_CAP24_NC2880: start mode=N budget=2880 spec={"name": "P4_A_FAMILY_CAP24", "target_policy": "LEGACY", "evaluation_policy": "E2_ORDERED_K16", "traversal_policy": "BASE", "max_targets": 2000, "k_per_target": 16, "family_round_robin": true, "relocation_side_reserve": 0, "waiting_age": false, "route_coverage": false, "multi_anchor": false, "exact_dedup": false, "decision_cache": false, "return_action": false, "cache_structural_skips": false, "window_slack_mm": 1e-05, "generation_domain": "LINE_ONLY", "path_window_settings": null, "stage_length_cap_mm": 24.0, "notes": ""}
[600287.1] P4_A_FAMILY_CAP24_NC2880: start state=challenge C:\Users\lihao\Desktop\Graduation Project\OpticalWaveguideRouter3D\outputs\3d_strategy_v4\512_full_layout\N2880 pairs=30999
[600291.9] P4_A_FAMILY_CAP24_NC2880: INITIAL_DONE pairs=30999
[600292.0] P4_A_FAMILY_CAP24_NC2880: step 1 NO_CANDIDATES_GENERATED pairs=30999 evals=0 0s
[600292.1] P4_A_FAMILY_CAP24_NC2880: step 2 NO_CANDIDATES_GENERATED pairs=30999 evals=0 0s
[600292.2] P4_A_FAMILY_CAP24_NC2880: step 3 NO_CANDIDATES_GENERATED pairs=30999 evals=0 0s
[600292.3] P4_A_FAMILY_CAP24_NC2880: step 4 NO_CANDIDATES_GENERATED pairs=30999 evals=0 0s
[600292.5] P4_A_FAMILY_CAP24_NC2880: step 5 NO_CANDIDATES_GENERATED pairs=30999 evals=0 1s
[600292.6] P4_A_FAMILY_CAP24_NC2880: step 6 NO_CANDIDATES_GENERATED pairs=30999 evals=0 1s
[600300.6] P4_A_FAMILY_CAP24_NC2880: step 7 ELEVATED pairs=30804 evals=16 9s
[600309.2] P4_A_FAMILY_CAP24_NC2880: step 8 ELEVATED pairs=30610 evals=32 17s
[600321.1] P4_A_FAMILY_CAP24_NC2880: step 9 ELEVATED pairs=30437 evals=48 29s
[600332.8] P4_A_FAMILY_CAP24_NC2880: step 10 ELEVATED pairs=30266 evals=64 41s
[600333.0] P4_A_FAMILY_CAP24_NC2880: step 11 NO_CANDIDATES_GENERATED pairs=30266 evals=64 41s
[600344.7] P4_A_FAMILY_CAP24_NC2880: step 12 ELEVATED pairs=30075 evals=80 53s
[600357.7] P4_A_FAMILY_CAP24_NC2880: step 13 ELEVATED pairs=29886 evals=96 66s
[600372.9] P4_A_FAMILY_CAP24_NC2880: step 14 ELEVATED pairs=29699 evals=112 81s
[600386.1] P4_A_FAMILY_CAP24_NC2880: step 15 ELEVATED pairs=29500 evals=128 94s
[600401.5] P4_A_FAMILY_CAP24_NC2880: step 16 ELEVATED pairs=29315 evals=144 110s
[600413.8] P4_A_FAMILY_CAP24_NC2880: step 17 ELEVATED pairs=29118 evals=160 122s
[600424.6] P4_A_FAMILY_CAP24_NC2880: step 18 ELEVATED pairs=28923 evals=176 133s
[600437.5] P4_A_FAMILY_CAP24_NC2880: step 19 ELEVATED pairs=28748 evals=192 146s
[600452.7] P4_A_FAMILY_CAP24_NC2880: step 20 ELEVATED pairs=28575 evals=208 161s
[600463.3] P4_A_FAMILY_CAP24_NC2880: step 21 ELEVATED pairs=28386 evals=224 171s
[600474.0] P4_A_FAMILY_CAP24_NC2880: step 22 ELEVATED pairs=28255 evals=240 182s
[600485.3] P4_A_FAMILY_CAP24_NC2880: step 23 ELEVATED pairs=28068 evals=256 193s
[600500.4] P4_A_FAMILY_CAP24_NC2880: step 24 ELEVATED pairs=27906 evals=272 208s
[600512.6] P4_A_FAMILY_CAP24_NC2880: step 25 ELEVATED pairs=27721 evals=288 221s
[600525.0] P4_A_FAMILY_CAP24_NC2880: step 26 ELEVATED pairs=27538 evals=304 233s
[600537.6] P4_A_FAMILY_CAP24_NC2880: step 27 ELEVATED pairs=27361 evals=320 246s
[600543.8] P4_A_FAMILY_CAP24_NC2880: step 28 ELEVATED pairs=27189 evals=329 252s
[600557.1] P4_A_FAMILY_CAP24_NC2880: step 29 ELEVATED pairs=27013 evals=345 265s
[600563.8] P4_A_FAMILY_CAP24_NC2880: step 30 ELEVATED pairs=26843 evals=354 272s
[600576.9] P4_A_FAMILY_CAP24_NC2880: step 31 ELEVATED pairs=26670 evals=370 285s
[600583.3] P4_A_FAMILY_CAP24_NC2880: step 32 ELEVATED pairs=26502 evals=379 291s
[600596.6] P4_A_FAMILY_CAP24_NC2880: step 33 ELEVATED pairs=26331 evals=395 305s
[600596.8] P4_A_FAMILY_CAP24_NC2880: step 34 NO_CANDIDATES_GENERATED pairs=26331 evals=395 305s
[600603.1] P4_A_FAMILY_CAP24_NC2880: step 35 ELEVATED pairs=26165 evals=404 311s
[600616.1] P4_A_FAMILY_CAP24_NC2880: step 36 ELEVATED pairs=25996 evals=420 324s
[600629.2] P4_A_FAMILY_CAP24_NC2880: step 37 ELEVATED pairs=25829 evals=436 337s
[600642.2] P4_A_FAMILY_CAP24_NC2880: step 38 ELEVATED pairs=25664 evals=452 350s
[600655.2] P4_A_FAMILY_CAP24_NC2880: step 39 ELEVATED pairs=25501 evals=468 363s
[600663.0] P4_A_FAMILY_CAP24_NC2880: step 40 ELEVATED pairs=25346 evals=484 371s
[600676.2] P4_A_FAMILY_CAP24_NC2880: step 41 ELEVATED pairs=25184 evals=500 384s
[600687.3] P4_A_FAMILY_CAP24_NC2880: step 42 ELEVATED pairs=25045 evals=516 395s
[600700.7] P4_A_FAMILY_CAP24_NC2880: step 43 ELEVATED pairs=24886 evals=532 409s
[600711.6] P4_A_FAMILY_CAP24_NC2880: step 44 ELEVATED pairs=24749 evals=548 420s
[600720.3] P4_A_FAMILY_CAP24_NC2880: step 45 ELEVATED pairs=24585 evals=564 428s
[600735.1] P4_A_FAMILY_CAP24_NC2880: step 46 ELEVATED pairs=24424 evals=580 443s
[600749.4] P4_A_FAMILY_CAP24_NC2880: step 47 ELEVATED pairs=24265 evals=596 458s
[600760.6] P4_A_FAMILY_CAP24_NC2880: step 48 ELEVATED pairs=24233 evals=612 469s
[600775.6] P4_A_FAMILY_CAP24_NC2880: step 49 ELEVATED pairs=24076 evals=628 484s
[600791.1] P4_A_FAMILY_CAP24_NC2880: step 50 ELEVATED pairs=23921 evals=644 499s
[600802.5] P4_A_FAMILY_CAP24_NC2880: step 51 ELEVATED pairs=23789 evals=660 511s
[600813.7] P4_A_FAMILY_CAP24_NC2880: step 52 ELEVATED pairs=23657 evals=676 522s
[600827.9] P4_A_FAMILY_CAP24_NC2880: step 53 ELEVATED pairs=23503 evals=692 536s
[600839.0] P4_A_FAMILY_CAP24_NC2880: step 54 ELEVATED pairs=23364 evals=708 547s
[600842.3] P4_A_FAMILY_CAP24_NC2880: step 55 PREFIX_EVALUATED_NO_WINNER_DEFERRED pairs=23364 evals=724 550s
[600845.3] P4_A_FAMILY_CAP24_NC2880: step 56 PREFIX_EVALUATED_NO_WINNER_DEFERRED pairs=23364 evals=740 553s
[600848.4] P4_A_FAMILY_CAP24_NC2880: step 57 PREFIX_EVALUATED_NO_WINNER_DEFERRED pairs=23364 evals=756 556s
[600851.5] P4_A_FAMILY_CAP24_NC2880: step 58 PREFIX_EVALUATED_NO_WINNER_DEFERRED pairs=23364 evals=772 560s
[600854.0] P4_A_FAMILY_CAP24_NC2880: step 59 PREFIX_EVALUATED_NO_WINNER_DEFERRED pairs=23364 evals=788 562s
[600856.5] P4_A_FAMILY_CAP24_NC2880: step 60 PREFIX_EVALUATED_NO_WINNER_DEFERRED pairs=23364 evals=804 565s
[600859.0] P4_A_FAMILY_CAP24_NC2880: step 61 PREFIX_EVALUATED_NO_WINNER_DEFERRED pairs=23364 evals=820 567s
[600861.5] P4_A_FAMILY_CAP24_NC2880: step 62 PREFIX_EVALUATED_NO_WINNER_DEFERRED pairs=23364 evals=836 570s
[600864.2] P4_A_FAMILY_CAP24_NC2880: step 63 PREFIX_EVALUATED_NO_WINNER_DEFERRED pairs=23364 evals=852 572s
[600866.7] P4_A_FAMILY_CAP24_NC2880: step 64 PREFIX_EVALUATED_NO_WINNER_DEFERRED pairs=23364 evals=868 575s
[600869.3] P4_A_FAMILY_CAP24_NC2880: step 65 PREFIX_EVALUATED_NO_WINNER_DEFERRED pairs=23364 evals=884 577s
[600871.7] P4_A_FAMILY_CAP24_NC2880: step 66 PREFIX_EVALUATED_NO_WINNER_DEFERRED pairs=23364 evals=900 580s
[600874.2] P4_A_FAMILY_CAP24_NC2880: step 67 PREFIX_EVALUATED_NO_WINNER_DEFERRED pairs=23364 evals=916 582s
[600876.7] P4_A_FAMILY_CAP24_NC2880: step 68 PREFIX_EVALUATED_NO_WINNER_DEFERRED pairs=23364 evals=932 585s
[600879.1] P4_A_FAMILY_CAP24_NC2880: step 69 PREFIX_EVALUATED_NO_WINNER_DEFERRED pairs=23364 evals=948 587s
[600881.5] P4_A_FAMILY_CAP24_NC2880: step 70 PREFIX_EVALUATED_NO_WINNER_DEFERRED pairs=23364 evals=964 590s
[600884.0] P4_A_FAMILY_CAP24_NC2880: step 71 PREFIX_EVALUATED_NO_WINNER_DEFERRED pairs=23364 evals=980 592s
[600886.4] P4_A_FAMILY_CAP24_NC2880: step 72 PREFIX_EVALUATED_NO_WINNER_DEFERRED pairs=23364 evals=996 594s
[600888.8] P4_A_FAMILY_CAP24_NC2880: step 73 PREFIX_EVALUATED_NO_WINNER_DEFERRED pairs=23364 evals=1012 597s
[600891.1] P4_A_FAMILY_CAP24_NC2880: step 74 PREFIX_EVALUATED_NO_WINNER_DEFERRED pairs=23364 evals=1028 599s
[600893.5] P4_A_FAMILY_CAP24_NC2880: step 75 PREFIX_EVALUATED_NO_WINNER_DEFERRED pairs=23364 evals=1044 602s
[600895.6] P4_A_FAMILY_CAP24_NC2880: step 76 PREFIX_EVALUATED_NO_WINNER_DEFERRED pairs=23364 evals=1060 604s
[600897.7] P4_A_FAMILY_CAP24_NC2880: step 77 PREFIX_EVALUATED_NO_WINNER_DEFERRED pairs=23364 evals=1076 606s
[600899.9] P4_A_FAMILY_CAP24_NC2880: step 78 PREFIX_EVALUATED_NO_WINNER_DEFERRED pairs=23364 evals=1092 608s
[600902.2] P4_A_FAMILY_CAP24_NC2880: step 79 PREFIX_EVALUATED_NO_WINNER_DEFERRED pairs=23364 evals=1108 610s
[600904.4] P4_A_FAMILY_CAP24_NC2880: step 80 PREFIX_EVALUATED_NO_WINNER_DEFERRED pairs=23364 evals=1124 612s
[600906.5] P4_A_FAMILY_CAP24_NC2880: step 81 PREFIX_EVALUATED_NO_WINNER_DEFERRED pairs=23364 evals=1140 615s
[600908.7] P4_A_FAMILY_CAP24_NC2880: step 82 PREFIX_EVALUATED_NO_WINNER_DEFERRED pairs=23364 evals=1156 617s
[600911.0] P4_A_FAMILY_CAP24_NC2880: step 83 PREFIX_EVALUATED_NO_WINNER_DEFERRED pairs=23364 evals=1172 619s
[600913.1] P4_A_FAMILY_CAP24_NC2880: step 84 PREFIX_EVALUATED_NO_WINNER_DEFERRED pairs=23364 evals=1188 621s
[600914.5] P4_A_FAMILY_CAP24_NC2880: step 85 ALL_CANDIDATES_REJECTED pairs=23364 evals=1197 623s
[600915.9] P4_A_FAMILY_CAP24_NC2880: step 86 ALL_CANDIDATES_REJECTED pairs=23364 evals=1206 624s
[600918.1] P4_A_FAMILY_CAP24_NC2880: step 87 PREFIX_EVALUATED_NO_WINNER_DEFERRED pairs=23364 evals=1222 626s
[600920.2] P4_A_FAMILY_CAP24_NC2880: step 88 PREFIX_EVALUATED_NO_WINNER_DEFERRED pairs=23364 evals=1238 628s
[600922.3] P4_A_FAMILY_CAP24_NC2880: step 89 PREFIX_EVALUATED_NO_WINNER_DEFERRED pairs=23364 evals=1254 630s
[600924.4] P4_A_FAMILY_CAP24_NC2880: step 90 PREFIX_EVALUATED_NO_WINNER_DEFERRED pairs=23364 evals=1270 632s
[600926.7] P4_A_FAMILY_CAP24_NC2880: step 91 PREFIX_EVALUATED_NO_WINNER_DEFERRED pairs=23364 evals=1286 635s
[600929.1] P4_A_FAMILY_CAP24_NC2880: step 92 PREFIX_EVALUATED_NO_WINNER_DEFERRED pairs=23364 evals=1302 637s
[600931.6] P4_A_FAMILY_CAP24_NC2880: step 93 PREFIX_EVALUATED_NO_WINNER_DEFERRED pairs=23364 evals=1318 640s
[600933.9] P4_A_FAMILY_CAP24_NC2880: step 94 PREFIX_EVALUATED_NO_WINNER_DEFERRED pairs=23364 evals=1334 642s
[600936.3] P4_A_FAMILY_CAP24_NC2880: step 95 PREFIX_EVALUATED_NO_WINNER_DEFERRED pairs=23364 evals=1350 644s
[600938.7] P4_A_FAMILY_CAP24_NC2880: step 96 PREFIX_EVALUATED_NO_WINNER_DEFERRED pairs=23364 evals=1366 647s
[600940.7] P4_A_FAMILY_CAP24_NC2880: step 97 PREFIX_EVALUATED_NO_WINNER_DEFERRED pairs=23364 evals=1382 649s
[600942.8] P4_A_FAMILY_CAP24_NC2880: step 98 PREFIX_EVALUATED_NO_WINNER_DEFERRED pairs=23364 evals=1398 651s
[600944.9] P4_A_FAMILY_CAP24_NC2880: step 99 PREFIX_EVALUATED_NO_WINNER_DEFERRED pairs=23364 evals=1414 653s
[600947.0] P4_A_FAMILY_CAP24_NC2880: step 100 PREFIX_EVALUATED_NO_WINNER_DEFERRED pairs=23364 evals=1430 655s
[600949.1] P4_A_FAMILY_CAP24_NC2880: step 101 PREFIX_EVALUATED_NO_WINNER_DEFERRED pairs=23364 evals=1446 657s
[600951.3] P4_A_FAMILY_CAP24_NC2880: step 102 PREFIX_EVALUATED_NO_WINNER_DEFERRED pairs=23364 evals=1462 659s
[600953.4] P4_A_FAMILY_CAP24_NC2880: step 103 PREFIX_EVALUATED_NO_WINNER_DEFERRED pairs=23364 evals=1478 662s
[600955.6] P4_A_FAMILY_CAP24_NC2880: step 104 PREFIX_EVALUATED_NO_WINNER_DEFERRED pairs=23364 evals=1494 664s
[600957.7] P4_A_FAMILY_CAP24_NC2880: step 105 PREFIX_EVALUATED_NO_WINNER_DEFERRED pairs=23364 evals=1510 666s
[600959.9] P4_A_FAMILY_CAP24_NC2880: step 106 PREFIX_EVALUATED_NO_WINNER_DEFERRED pairs=23364 evals=1526 668s
[600962.0] P4_A_FAMILY_CAP24_NC2880: step 107 PREFIX_EVALUATED_NO_WINNER_DEFERRED pairs=23364 evals=1542 670s
[600964.3] P4_A_FAMILY_CAP24_NC2880: step 108 PREFIX_EVALUATED_NO_WINNER_DEFERRED pairs=23364 evals=1558 672s
[600966.5] P4_A_FAMILY_CAP24_NC2880: step 109 PREFIX_EVALUATED_NO_WINNER_DEFERRED pairs=23364 evals=1574 675s
[600968.9] P4_A_FAMILY_CAP24_NC2880: step 110 PREFIX_EVALUATED_NO_WINNER_DEFERRED pairs=23364 evals=1590 677s
[600971.3] P4_A_FAMILY_CAP24_NC2880: step 111 PREFIX_EVALUATED_NO_WINNER_DEFERRED pairs=23364 evals=1606 679s
[600973.8] P4_A_FAMILY_CAP24_NC2880: step 112 PREFIX_EVALUATED_NO_WINNER_DEFERRED pairs=23364 evals=1622 682s
[600976.2] P4_A_FAMILY_CAP24_NC2880: step 113 PREFIX_EVALUATED_NO_WINNER_DEFERRED pairs=23364 evals=1638 684s
[600978.6] P4_A_FAMILY_CAP24_NC2880: step 114 PREFIX_EVALUATED_NO_WINNER_DEFERRED pairs=23364 evals=1654 687s
[600981.0] P4_A_FAMILY_CAP24_NC2880: step 115 PREFIX_EVALUATED_NO_WINNER_DEFERRED pairs=23364 evals=1670 689s
[600983.5] P4_A_FAMILY_CAP24_NC2880: step 116 PREFIX_EVALUATED_NO_WINNER_DEFERRED pairs=23364 evals=1686 692s
[600985.9] P4_A_FAMILY_CAP24_NC2880: step 117 PREFIX_EVALUATED_NO_WINNER_DEFERRED pairs=23364 evals=1702 694s
[600988.4] P4_A_FAMILY_CAP24_NC2880: step 118 PREFIX_EVALUATED_NO_WINNER_DEFERRED pairs=23364 evals=1718 696s
[600990.7] P4_A_FAMILY_CAP24_NC2880: step 119 PREFIX_EVALUATED_NO_WINNER_DEFERRED pairs=23364 evals=1734 699s
[600993.2] P4_A_FAMILY_CAP24_NC2880: step 120 PREFIX_EVALUATED_NO_WINNER_DEFERRED pairs=23364 evals=1750 701s
[600995.7] P4_A_FAMILY_CAP24_NC2880: step 121 PREFIX_EVALUATED_NO_WINNER_DEFERRED pairs=23364 evals=1766 704s
[600998.1] P4_A_FAMILY_CAP24_NC2880: step 122 PREFIX_EVALUATED_NO_WINNER_DEFERRED pairs=23364 evals=1782 706s
[601000.6] P4_A_FAMILY_CAP24_NC2880: step 123 PREFIX_EVALUATED_NO_WINNER_DEFERRED pairs=23364 evals=1798 709s
[601002.9] P4_A_FAMILY_CAP24_NC2880: step 124 PREFIX_EVALUATED_NO_WINNER_DEFERRED pairs=23364 evals=1814 711s
[601005.7] P4_A_FAMILY_CAP24_NC2880: step 125 PREFIX_EVALUATED_NO_WINNER_DEFERRED pairs=23364 evals=1830 714s
[601008.6] P4_A_FAMILY_CAP24_NC2880: step 126 PREFIX_EVALUATED_NO_WINNER_DEFERRED pairs=23364 evals=1846 717s
[601011.4] P4_A_FAMILY_CAP24_NC2880: step 127 PREFIX_EVALUATED_NO_WINNER_DEFERRED pairs=23364 evals=1862 720s
[601014.3] P4_A_FAMILY_CAP24_NC2880: step 128 PREFIX_EVALUATED_NO_WINNER_DEFERRED pairs=23364 evals=1878 722s
[601016.6] P4_A_FAMILY_CAP24_NC2880: step 129 PREFIX_EVALUATED_NO_WINNER_DEFERRED pairs=23364 evals=1894 725s
[601019.0] P4_A_FAMILY_CAP24_NC2880: step 130 PREFIX_EVALUATED_NO_WINNER_DEFERRED pairs=23364 evals=1910 727s
[601021.4] P4_A_FAMILY_CAP24_NC2880: step 131 PREFIX_EVALUATED_NO_WINNER_DEFERRED pairs=23364 evals=1926 729s
[601023.7] P4_A_FAMILY_CAP24_NC2880: step 132 PREFIX_EVALUATED_NO_WINNER_DEFERRED pairs=23364 evals=1942 732s
[601026.5] P4_A_FAMILY_CAP24_NC2880: step 133 PREFIX_EVALUATED_NO_WINNER_DEFERRED pairs=23364 evals=1958 735s
[601029.3] P4_A_FAMILY_CAP24_NC2880: step 134 PREFIX_EVALUATED_NO_WINNER_DEFERRED pairs=23364 evals=1974 737s
[601032.1] P4_A_FAMILY_CAP24_NC2880: step 135 PREFIX_EVALUATED_NO_WINNER_DEFERRED pairs=23364 evals=1990 740s
[601035.0] P4_A_FAMILY_CAP24_NC2880: step 136 PREFIX_EVALUATED_NO_WINNER_DEFERRED pairs=23364 evals=2006 743s
[601037.8] P4_A_FAMILY_CAP24_NC2880: step 137 PREFIX_EVALUATED_NO_WINNER_DEFERRED pairs=23364 evals=2022 746s
[601040.6] P4_A_FAMILY_CAP24_NC2880: step 138 PREFIX_EVALUATED_NO_WINNER_DEFERRED pairs=23364 evals=2038 749s
[601043.3] P4_A_FAMILY_CAP24_NC2880: step 139 PREFIX_EVALUATED_NO_WINNER_DEFERRED pairs=23364 evals=2054 751s
[601046.2] P4_A_FAMILY_CAP24_NC2880: step 140 PREFIX_EVALUATED_NO_WINNER_DEFERRED pairs=23364 evals=2070 754s
[601048.6] P4_A_FAMILY_CAP24_NC2880: step 141 PREFIX_EVALUATED_NO_WINNER_DEFERRED pairs=23364 evals=2086 757s
[601051.0] P4_A_FAMILY_CAP24_NC2880: step 142 PREFIX_EVALUATED_NO_WINNER_DEFERRED pairs=23364 evals=2102 759s
[601053.4] P4_A_FAMILY_CAP24_NC2880: step 143 PREFIX_EVALUATED_NO_WINNER_DEFERRED pairs=23364 evals=2118 761s
[601055.8] P4_A_FAMILY_CAP24_NC2880: step 144 PREFIX_EVALUATED_NO_WINNER_DEFERRED pairs=23364 evals=2134 764s
[601058.2] P4_A_FAMILY_CAP24_NC2880: step 145 PREFIX_EVALUATED_NO_WINNER_DEFERRED pairs=23364 evals=2150 766s
[601060.7] P4_A_FAMILY_CAP24_NC2880: step 146 PREFIX_EVALUATED_NO_WINNER_DEFERRED pairs=23364 evals=2166 769s
[601062.9] P4_A_FAMILY_CAP24_NC2880: step 147 PREFIX_EVALUATED_NO_WINNER_DEFERRED pairs=23364 evals=2182 771s
[601065.2] P4_A_FAMILY_CAP24_NC2880: step 148 PREFIX_EVALUATED_NO_WINNER_DEFERRED pairs=23364 evals=2198 773s
[601067.7] P4_A_FAMILY_CAP24_NC2880: step 149 PREFIX_EVALUATED_NO_WINNER_DEFERRED pairs=23364 evals=2214 776s
[601070.0] P4_A_FAMILY_CAP24_NC2880: step 150 PREFIX_EVALUATED_NO_WINNER_DEFERRED pairs=23364 evals=2230 778s
[601072.7] P4_A_FAMILY_CAP24_NC2880: step 151 PREFIX_EVALUATED_NO_WINNER_DEFERRED pairs=23364 evals=2246 781s
[601075.3] P4_A_FAMILY_CAP24_NC2880: step 152 PREFIX_EVALUATED_NO_WINNER_DEFERRED pairs=23364 evals=2262 783s
[601077.6] P4_A_FAMILY_CAP24_NC2880: step 153 PREFIX_EVALUATED_NO_WINNER_DEFERRED pairs=23364 evals=2278 786s
[601080.0] P4_A_FAMILY_CAP24_NC2880: step 154 PREFIX_EVALUATED_NO_WINNER_DEFERRED pairs=23364 evals=2294 788s
[601082.3] P4_A_FAMILY_CAP24_NC2880: step 155 PREFIX_EVALUATED_NO_WINNER_DEFERRED pairs=23364 evals=2310 790s
[601084.8] P4_A_FAMILY_CAP24_NC2880: step 156 PREFIX_EVALUATED_NO_WINNER_DEFERRED pairs=23364 evals=2326 793s
[601087.2] P4_A_FAMILY_CAP24_NC2880: step 157 PREFIX_EVALUATED_NO_WINNER_DEFERRED pairs=23364 evals=2342 795s
[601089.6] P4_A_FAMILY_CAP24_NC2880: step 158 PREFIX_EVALUATED_NO_WINNER_DEFERRED pairs=23364 evals=2358 798s
[601092.1] P4_A_FAMILY_CAP24_NC2880: step 159 PREFIX_EVALUATED_NO_WINNER_DEFERRED pairs=23364 evals=2374 800s
[601094.5] P4_A_FAMILY_CAP24_NC2880: step 160 PREFIX_EVALUATED_NO_WINNER_DEFERRED pairs=23364 evals=2390 803s
[601096.9] P4_A_FAMILY_CAP24_NC2880: step 161 PREFIX_EVALUATED_NO_WINNER_DEFERRED pairs=23364 evals=2406 805s
[601099.2] P4_A_FAMILY_CAP24_NC2880: step 162 PREFIX_EVALUATED_NO_WINNER_DEFERRED pairs=23364 evals=2422 807s
[601102.0] P4_A_FAMILY_CAP24_NC2880: step 163 PREFIX_EVALUATED_NO_WINNER_DEFERRED pairs=23364 evals=2438 810s
[601104.8] P4_A_FAMILY_CAP24_NC2880: step 164 PREFIX_EVALUATED_NO_WINNER_DEFERRED pairs=23364 evals=2454 813s
[601107.4] P4_A_FAMILY_CAP24_NC2880: step 165 PREFIX_EVALUATED_NO_WINNER_DEFERRED pairs=23364 evals=2470 816s
[601110.3] P4_A_FAMILY_CAP24_NC2880: step 166 PREFIX_EVALUATED_NO_WINNER_DEFERRED pairs=23364 evals=2486 818s
[601113.0] P4_A_FAMILY_CAP24_NC2880: step 167 PREFIX_EVALUATED_NO_WINNER_DEFERRED pairs=23364 evals=2502 821s
[601115.7] P4_A_FAMILY_CAP24_NC2880: step 168 PREFIX_EVALUATED_NO_WINNER_DEFERRED pairs=23364 evals=2518 824s
[601118.3] P4_A_FAMILY_CAP24_NC2880: step 169 PREFIX_EVALUATED_NO_WINNER_DEFERRED pairs=23364 evals=2534 826s
[601121.2] P4_A_FAMILY_CAP24_NC2880: step 170 PREFIX_EVALUATED_NO_WINNER_DEFERRED pairs=23364 evals=2550 829s
[601124.1] P4_A_FAMILY_CAP24_NC2880: step 171 PREFIX_EVALUATED_NO_WINNER_DEFERRED pairs=23364 evals=2566 832s
[601127.2] P4_A_FAMILY_CAP24_NC2880: step 172 PREFIX_EVALUATED_NO_WINNER_DEFERRED pairs=23364 evals=2582 835s
[601130.1] P4_A_FAMILY_CAP24_NC2880: step 173 PREFIX_EVALUATED_NO_WINNER_DEFERRED pairs=23364 evals=2598 838s
[601132.8] P4_A_FAMILY_CAP24_NC2880: step 174 PREFIX_EVALUATED_NO_WINNER_DEFERRED pairs=23364 evals=2614 841s
[601135.2] P4_A_FAMILY_CAP24_NC2880: step 175 PREFIX_EVALUATED_NO_WINNER_DEFERRED pairs=23364 evals=2630 843s
[601137.6] P4_A_FAMILY_CAP24_NC2880: step 176 PREFIX_EVALUATED_NO_WINNER_DEFERRED pairs=23364 evals=2646 846s
[601140.4] P4_A_FAMILY_CAP24_NC2880: step 177 PREFIX_EVALUATED_NO_WINNER_DEFERRED pairs=23364 evals=2662 848s
[601142.9] P4_A_FAMILY_CAP24_NC2880: step 178 PREFIX_EVALUATED_NO_WINNER_DEFERRED pairs=23364 evals=2678 851s
[601145.4] P4_A_FAMILY_CAP24_NC2880: step 179 PREFIX_EVALUATED_NO_WINNER_DEFERRED pairs=23364 evals=2694 853s
[601148.1] P4_A_FAMILY_CAP24_NC2880: step 180 PREFIX_EVALUATED_NO_WINNER_DEFERRED pairs=23364 evals=2710 856s
[601151.0] P4_A_FAMILY_CAP24_NC2880: step 181 PREFIX_EVALUATED_NO_WINNER_DEFERRED pairs=23364 evals=2726 859s
[601153.8] P4_A_FAMILY_CAP24_NC2880: step 182 PREFIX_EVALUATED_NO_WINNER_DEFERRED pairs=23364 evals=2742 862s
[601156.7] P4_A_FAMILY_CAP24_NC2880: step 183 PREFIX_EVALUATED_NO_WINNER_DEFERRED pairs=23364 evals=2758 865s
[601159.8] P4_A_FAMILY_CAP24_NC2880: step 184 PREFIX_EVALUATED_NO_WINNER_DEFERRED pairs=23364 evals=2774 868s
[601163.0] P4_A_FAMILY_CAP24_NC2880: step 185 PREFIX_EVALUATED_NO_WINNER_DEFERRED pairs=23364 evals=2790 871s
[601165.8] P4_A_FAMILY_CAP24_NC2880: step 186 PREFIX_EVALUATED_NO_WINNER_DEFERRED pairs=23364 evals=2806 874s
[601168.7] P4_A_FAMILY_CAP24_NC2880: step 187 PREFIX_EVALUATED_NO_WINNER_DEFERRED pairs=23364 evals=2822 877s
[601171.6] P4_A_FAMILY_CAP24_NC2880: step 188 PREFIX_EVALUATED_NO_WINNER_DEFERRED pairs=23364 evals=2838 880s
[601174.7] P4_A_FAMILY_CAP24_NC2880: step 189 PREFIX_EVALUATED_NO_WINNER_DEFERRED pairs=23364 evals=2854 883s
[601177.6] P4_A_FAMILY_CAP24_NC2880: step 190 PREFIX_EVALUATED_NO_WINNER_DEFERRED pairs=23364 evals=2870 886s
[601179.4] P4_A_FAMILY_CAP24_NC2880: step 191 ABORTED_CANDIDATE_BUDGET pairs=23364 evals=2880 888s
[601179.9] P4_A_FAMILY_CAP24_NC2880: done final=23364 moves=46 first=46 reloc=0 ret=0 evals=2880 stop=CANDIDATE_BUDGET_EXHAUSTED
[601244.3] P4_A_FAMILY_CAP24_NC2880: recheck PASS checks=130816
