[608647.1] PE_E_T2000_R1440: start mode=R budget=1440 spec={"name": "PE_E_T2000", "target_policy": "LEGACY", "evaluation_policy": "E2_ORDERED_K16", "traversal_policy": "BASE", "max_targets": 2000, "k_per_target": 16, "family_round_robin": false, "relocation_side_reserve": 0, "waiting_age": false, "route_coverage": false, "multi_anchor": true, "exact_dedup": false, "decision_cache": false, "return_action": false, "cache_structural_skips": false, "window_slack_mm": 1e-05, "generation_domain": "LINE_ONLY", "path_window_settings": null, "stage_length_cap_mm": null, "notes": ""}
[608647.1] PE_E_T2000_R1440: start state=main C:\Users\lihao\Desktop\Graduation Project\OpticalWaveguideRouter3D\outputs\3d_strategy_v3\512_ablation\D_both_enabled pairs=42909
[608651.3] PE_E_T2000_R1440: INITIAL_DONE pairs=42909
[608651.4] PE_E_T2000_R1440: step 1 NO_CANDIDATES_GENERATED pairs=42909 evals=0 0s
[608651.6] PE_E_T2000_R1440: step 2 NO_CANDIDATES_GENERATED pairs=42909 evals=0 0s
[608655.3] PE_E_T2000_R1440: step 3 ELEVATED pairs=42648 evals=16 4s
[608655.4] PE_E_T2000_R1440: step 4 NO_CANDIDATES_GENERATED pairs=42648 evals=16 4s
[608655.6] PE_E_T2000_R1440: step 5 NO_CANDIDATES_GENERATED pairs=42648 evals=16 4s
[608658.9] PE_E_T2000_R1440: step 6 ELEVATED pairs=42403 evals=25 8s
[608659.1] PE_E_T2000_R1440: step 7 NO_CANDIDATES_GENERATED pairs=42403 evals=25 8s
[608659.2] PE_E_T2000_R1440: step 8 NO_CANDIDATES_GENERATED pairs=42403 evals=25 8s
[608662.1] PE_E_T2000_R1440: step 9 ELEVATED pairs=42161 evals=34 11s
[608662.2] PE_E_T2000_R1440: step 10 NO_CANDIDATES_GENERATED pairs=42161 evals=34 11s
[608662.4] PE_E_T2000_R1440: step 11 NO_CANDIDATES_GENERATED pairs=42161 evals=34 11s
[608665.3] PE_E_T2000_R1440: step 12 ELEVATED pairs=41921 evals=43 14s
[608665.4] PE_E_T2000_R1440: step 13 NO_CANDIDATES_GENERATED pairs=41921 evals=43 14s
[608665.6] PE_E_T2000_R1440: step 14 NO_CANDIDATES_GENERATED pairs=41921 evals=43 14s
[608668.7] PE_E_T2000_R1440: step 15 ELEVATED pairs=41683 evals=52 17s
[608668.9] PE_E_T2000_R1440: step 16 NO_CANDIDATES_GENERATED pairs=41683 evals=52 18s
[608669.0] PE_E_T2000_R1440: step 17 NO_CANDIDATES_GENERATED pairs=41683 evals=52 18s
[608675.8] PE_E_T2000_R1440: step 18 ELEVATED pairs=41434 evals=68 24s
[608675.9] PE_E_T2000_R1440: step 19 NO_CANDIDATES_GENERATED pairs=41434 evals=68 25s
[608676.1] PE_E_T2000_R1440: step 20 NO_CANDIDATES_GENERATED pairs=41434 evals=68 25s
[608683.1] PE_E_T2000_R1440: step 21 ELEVATED pairs=41184 evals=84 32s
[608683.3] PE_E_T2000_R1440: step 22 NO_CANDIDATES_GENERATED pairs=41184 evals=84 32s
[608683.4] PE_E_T2000_R1440: step 23 NO_CANDIDATES_GENERATED pairs=41184 evals=84 32s
[608690.8] PE_E_T2000_R1440: step 24 ELEVATED pairs=40937 evals=100 39s
[608690.9] PE_E_T2000_R1440: step 25 NO_CANDIDATES_GENERATED pairs=40937 evals=100 40s
[608691.1] PE_E_T2000_R1440: step 26 NO_CANDIDATES_GENERATED pairs=40937 evals=100 40s
[608698.0] PE_E_T2000_R1440: step 27 ELEVATED pairs=40689 evals=116 47s
[608698.1] PE_E_T2000_R1440: step 28 NO_CANDIDATES_GENERATED pairs=40689 evals=116 47s
[608698.3] PE_E_T2000_R1440: step 29 NO_CANDIDATES_GENERATED pairs=40689 evals=116 47s
[608703.9] PE_E_T2000_R1440: step 30 ELEVATED pairs=40444 evals=132 53s
[608704.0] PE_E_T2000_R1440: step 31 NO_CANDIDATES_GENERATED pairs=40444 evals=132 53s
[608704.1] PE_E_T2000_R1440: step 32 NO_CANDIDATES_GENERATED pairs=40444 evals=132 53s
[608710.8] PE_E_T2000_R1440: step 33 ELEVATED pairs=40198 evals=148 59s
[608711.0] PE_E_T2000_R1440: step 34 NO_CANDIDATES_GENERATED pairs=40198 evals=148 60s
[608711.1] PE_E_T2000_R1440: step 35 NO_CANDIDATES_GENERATED pairs=40198 evals=148 60s
[608716.4] PE_E_T2000_R1440: step 36 ELEVATED pairs=39951 evals=164 65s
[608716.6] PE_E_T2000_R1440: step 37 NO_CANDIDATES_GENERATED pairs=39951 evals=164 65s
[608716.8] PE_E_T2000_R1440: step 38 NO_CANDIDATES_GENERATED pairs=39951 evals=164 65s
[608721.1] PE_E_T2000_R1440: step 39 ELEVATED pairs=39725 evals=173 70s
[608721.3] PE_E_T2000_R1440: step 40 NO_CANDIDATES_GENERATED pairs=39725 evals=173 70s
[608721.4] PE_E_T2000_R1440: step 41 NO_CANDIDATES_GENERATED pairs=39725 evals=173 70s
[608725.7] PE_E_T2000_R1440: step 42 ELEVATED pairs=39501 evals=182 74s
[608725.8] PE_E_T2000_R1440: step 43 NO_CANDIDATES_GENERATED pairs=39501 evals=182 74s
[608726.0] PE_E_T2000_R1440: step 44 NO_CANDIDATES_GENERATED pairs=39501 evals=182 75s
[608728.8] PE_E_T2000_R1440: step 45 ELEVATED pairs=39283 evals=191 77s
[608728.9] PE_E_T2000_R1440: step 46 NO_CANDIDATES_GENERATED pairs=39283 evals=191 78s
[608729.1] PE_E_T2000_R1440: step 47 NO_CANDIDATES_GENERATED pairs=39283 evals=191 78s
[608734.9] PE_E_T2000_R1440: step 48 ELEVATED pairs=39034 evals=207 84s
[608735.0] PE_E_T2000_R1440: step 49 NO_CANDIDATES_GENERATED pairs=39034 evals=207 84s
[608735.2] PE_E_T2000_R1440: step 50 NO_CANDIDATES_GENERATED pairs=39034 evals=207 84s
[608737.3] PE_E_T2000_R1440: step 51 ELEVATED pairs=38813 evals=216 86s
[608737.5] PE_E_T2000_R1440: step 52 NO_CANDIDATES_GENERATED pairs=38813 evals=216 86s
[608737.6] PE_E_T2000_R1440: step 53 NO_CANDIDATES_GENERATED pairs=38813 evals=216 86s
[608741.0] PE_E_T2000_R1440: step 54 ELEVATED pairs=38586 evals=232 90s
[608741.1] PE_E_T2000_R1440: step 55 NO_CANDIDATES_GENERATED pairs=38586 evals=232 90s
[608741.2] PE_E_T2000_R1440: step 56 NO_CANDIDATES_GENERATED pairs=38586 evals=232 90s
[608744.6] PE_E_T2000_R1440: step 57 ELEVATED pairs=38370 evals=241 93s
[608744.7] PE_E_T2000_R1440: step 58 NO_CANDIDATES_GENERATED pairs=38370 evals=241 93s
[608744.9] PE_E_T2000_R1440: step 59 NO_CANDIDATES_GENERATED pairs=38370 evals=241 94s
[608750.6] PE_E_T2000_R1440: step 60 ELEVATED pairs=38142 evals=257 99s
[608750.8] PE_E_T2000_R1440: step 61 NO_CANDIDATES_GENERATED pairs=38142 evals=257 99s
[608751.0] PE_E_T2000_R1440: step 62 NO_CANDIDATES_GENERATED pairs=38142 evals=257 100s
[608753.5] PE_E_T2000_R1440: step 63 ELEVATED pairs=37928 evals=266 102s
[608753.7] PE_E_T2000_R1440: step 64 NO_CANDIDATES_GENERATED pairs=37928 evals=266 102s
[608753.9] PE_E_T2000_R1440: step 65 NO_CANDIDATES_GENERATED pairs=37928 evals=266 103s
[608759.6] PE_E_T2000_R1440: step 66 ELEVATED pairs=37702 evals=282 108s
[608759.8] PE_E_T2000_R1440: step 67 NO_CANDIDATES_GENERATED pairs=37702 evals=282 108s
[608759.9] PE_E_T2000_R1440: step 68 NO_CANDIDATES_GENERATED pairs=37702 evals=282 109s
[608762.4] PE_E_T2000_R1440: step 69 ELEVATED pairs=37490 evals=291 111s
[608762.6] PE_E_T2000_R1440: step 70 NO_CANDIDATES_GENERATED pairs=37490 evals=291 111s
[608762.7] PE_E_T2000_R1440: step 71 NO_CANDIDATES_GENERATED pairs=37490 evals=291 111s
[608768.2] PE_E_T2000_R1440: step 72 ELEVATED pairs=37265 evals=307 117s
[608768.4] PE_E_T2000_R1440: step 73 NO_CANDIDATES_GENERATED pairs=37265 evals=307 117s
[608768.6] PE_E_T2000_R1440: step 74 NO_CANDIDATES_GENERATED pairs=37265 evals=307 117s
[608777.2] PE_E_T2000_R1440: step 75 ELEVATED pairs=37052 evals=323 126s
[608777.3] PE_E_T2000_R1440: step 76 NO_CANDIDATES_GENERATED pairs=37052 evals=323 126s
[608777.5] PE_E_T2000_R1440: step 77 NO_CANDIDATES_GENERATED pairs=37052 evals=323 126s
[608780.8] PE_E_T2000_R1440: step 78 ELEVATED pairs=36852 evals=332 129s
[608781.0] PE_E_T2000_R1440: step 79 NO_CANDIDATES_GENERATED pairs=36852 evals=332 130s
[608781.2] PE_E_T2000_R1440: step 80 NO_CANDIDATES_GENERATED pairs=36852 evals=332 130s
[608781.3] PE_E_T2000_R1440: step 81 NO_CANDIDATES_GENERATED pairs=36852 evals=332 130s
[608789.5] PE_E_T2000_R1440: step 82 ELEVATED pairs=36638 evals=348 138s
[608789.6] PE_E_T2000_R1440: step 83 NO_CANDIDATES_GENERATED pairs=36638 evals=348 138s
[608789.8] PE_E_T2000_R1440: step 84 NO_CANDIDATES_GENERATED pairs=36638 evals=348 138s
[608789.9] PE_E_T2000_R1440: step 85 NO_CANDIDATES_GENERATED pairs=36638 evals=348 139s
[608796.4] PE_E_T2000_R1440: step 86 ELEVATED pairs=36437 evals=364 145s
[608796.6] PE_E_T2000_R1440: step 87 NO_CANDIDATES_GENERATED pairs=36437 evals=364 145s
[608796.7] PE_E_T2000_R1440: step 88 NO_CANDIDATES_GENERATED pairs=36437 evals=364 145s
[608796.9] PE_E_T2000_R1440: step 89 NO_CANDIDATES_GENERATED pairs=36437 evals=364 146s
[608797.0] PE_E_T2000_R1440: step 90 NO_CANDIDATES_GENERATED pairs=36437 evals=364 146s
[608797.2] PE_E_T2000_R1440: step 91 NO_CANDIDATES_GENERATED pairs=36437 evals=364 146s
[608802.8] PE_E_T2000_R1440: step 92 ELEVATED pairs=36235 evals=380 151s
[608802.9] PE_E_T2000_R1440: step 93 NO_CANDIDATES_GENERATED pairs=36235 evals=380 152s
[608803.1] PE_E_T2000_R1440: step 94 NO_CANDIDATES_GENERATED pairs=36235 evals=380 152s
[608803.2] PE_E_T2000_R1440: step 95 NO_CANDIDATES_GENERATED pairs=36235 evals=380 152s
[608803.3] PE_E_T2000_R1440: step 96 NO_CANDIDATES_GENERATED pairs=36235 evals=380 152s
[608803.4] PE_E_T2000_R1440: step 97 NO_CANDIDATES_GENERATED pairs=36235 evals=380 152s
[608807.3] PE_E_T2000_R1440: step 98 ELEVATED pairs=36026 evals=396 156s
[608807.4] PE_E_T2000_R1440: step 99 NO_CANDIDATES_GENERATED pairs=36026 evals=396 156s
[608807.5] PE_E_T2000_R1440: step 100 NO_CANDIDATES_GENERATED pairs=36026 evals=396 156s
[608807.7] PE_E_T2000_R1440: step 101 NO_CANDIDATES_GENERATED pairs=36026 evals=396 156s
[608807.8] PE_E_T2000_R1440: step 102 NO_CANDIDATES_GENERATED pairs=36026 evals=396 156s
[608807.9] PE_E_T2000_R1440: step 103 NO_CANDIDATES_GENERATED pairs=36026 evals=396 157s
[608812.1] PE_E_T2000_R1440: step 104 ELEVATED pairs=35817 evals=412 161s
[608812.3] PE_E_T2000_R1440: step 105 NO_CANDIDATES_GENERATED pairs=35817 evals=412 161s
[608812.4] PE_E_T2000_R1440: step 106 NO_CANDIDATES_GENERATED pairs=35817 evals=412 161s
[608812.5] PE_E_T2000_R1440: step 107 NO_CANDIDATES_GENERATED pairs=35817 evals=412 161s
[608812.7] PE_E_T2000_R1440: step 108 NO_CANDIDATES_GENERATED pairs=35817 evals=412 161s
[608812.8] PE_E_T2000_R1440: step 109 NO_CANDIDATES_GENERATED pairs=35817 evals=412 161s
[608820.4] PE_E_T2000_R1440: step 110 ELEVATED pairs=35591 evals=428 169s
[608820.6] PE_E_T2000_R1440: step 111 NO_CANDIDATES_GENERATED pairs=35591 evals=428 169s
[608820.8] PE_E_T2000_R1440: step 112 NO_CANDIDATES_GENERATED pairs=35591 evals=428 169s
[608820.9] PE_E_T2000_R1440: step 113 NO_CANDIDATES_GENERATED pairs=35591 evals=428 170s
[608821.1] PE_E_T2000_R1440: step 114 NO_CANDIDATES_GENERATED pairs=35591 evals=428 170s
[608821.3] PE_E_T2000_R1440: step 115 NO_CANDIDATES_GENERATED pairs=35591 evals=428 170s
[608830.0] PE_E_T2000_R1440: step 116 ELEVATED pairs=35382 evals=444 179s
[608830.1] PE_E_T2000_R1440: step 117 NO_CANDIDATES_GENERATED pairs=35382 evals=444 179s
[608830.3] PE_E_T2000_R1440: step 118 NO_CANDIDATES_GENERATED pairs=35382 evals=444 179s
[608830.4] PE_E_T2000_R1440: step 119 NO_CANDIDATES_GENERATED pairs=35382 evals=444 179s
[608830.6] PE_E_T2000_R1440: step 120 NO_CANDIDATES_GENERATED pairs=35382 evals=444 179s
[608830.8] PE_E_T2000_R1440: step 121 NO_CANDIDATES_GENERATED pairs=35382 evals=444 179s
[608837.0] PE_E_T2000_R1440: step 122 ELEVATED pairs=35180 evals=460 186s
[608837.2] PE_E_T2000_R1440: step 123 NO_CANDIDATES_GENERATED pairs=35180 evals=460 186s
[608837.3] PE_E_T2000_R1440: step 124 NO_CANDIDATES_GENERATED pairs=35180 evals=460 186s
[608837.5] PE_E_T2000_R1440: step 125 NO_CANDIDATES_GENERATED pairs=35180 evals=460 186s
[608837.6] PE_E_T2000_R1440: step 126 NO_CANDIDATES_GENERATED pairs=35180 evals=460 186s
[608837.8] PE_E_T2000_R1440: step 127 NO_CANDIDATES_GENERATED pairs=35180 evals=460 186s
[608845.3] PE_E_T2000_R1440: step 128 ELEVATED pairs=34973 evals=476 194s
[608845.5] PE_E_T2000_R1440: step 129 NO_CANDIDATES_GENERATED pairs=34973 evals=476 194s
[608845.6] PE_E_T2000_R1440: step 130 NO_CANDIDATES_GENERATED pairs=34973 evals=476 194s
[608845.7] PE_E_T2000_R1440: step 131 NO_CANDIDATES_GENERATED pairs=34973 evals=476 194s
[608845.8] PE_E_T2000_R1440: step 132 NO_CANDIDATES_GENERATED pairs=34973 evals=476 194s
[608846.0] PE_E_T2000_R1440: step 133 NO_CANDIDATES_GENERATED pairs=34973 evals=476 195s
[608851.8] PE_E_T2000_R1440: step 134 ELEVATED pairs=34773 evals=492 200s
[608852.0] PE_E_T2000_R1440: step 135 NO_CANDIDATES_GENERATED pairs=34773 evals=492 201s
[608852.1] PE_E_T2000_R1440: step 136 NO_CANDIDATES_GENERATED pairs=34773 evals=492 201s
[608852.3] PE_E_T2000_R1440: step 137 NO_CANDIDATES_GENERATED pairs=34773 evals=492 201s
[608852.4] PE_E_T2000_R1440: step 138 NO_CANDIDATES_GENERATED pairs=34773 evals=492 201s
[608852.5] PE_E_T2000_R1440: step 139 NO_CANDIDATES_GENERATED pairs=34773 evals=492 201s
[608860.0] PE_E_T2000_R1440: step 140 ELEVATED pairs=34567 evals=508 209s
[608860.2] PE_E_T2000_R1440: step 141 NO_CANDIDATES_GENERATED pairs=34567 evals=508 209s
[608860.3] PE_E_T2000_R1440: step 142 NO_CANDIDATES_GENERATED pairs=34567 evals=508 209s
[608860.4] PE_E_T2000_R1440: step 143 NO_CANDIDATES_GENERATED pairs=34567 evals=508 209s
[608860.5] PE_E_T2000_R1440: step 144 NO_CANDIDATES_GENERATED pairs=34567 evals=508 209s
[608860.7] PE_E_T2000_R1440: step 145 NO_CANDIDATES_GENERATED pairs=34567 evals=508 209s
[608866.5] PE_E_T2000_R1440: step 146 ELEVATED pairs=34368 evals=524 215s
[608866.6] PE_E_T2000_R1440: step 147 NO_CANDIDATES_GENERATED pairs=34368 evals=524 215s
[608866.8] PE_E_T2000_R1440: step 148 NO_CANDIDATES_GENERATED pairs=34368 evals=524 215s
[608866.9] PE_E_T2000_R1440: step 149 NO_CANDIDATES_GENERATED pairs=34368 evals=524 216s
[608867.0] PE_E_T2000_R1440: step 150 NO_CANDIDATES_GENERATED pairs=34368 evals=524 216s
[608867.2] PE_E_T2000_R1440: step 151 NO_CANDIDATES_GENERATED pairs=34368 evals=524 216s
[608874.5] PE_E_T2000_R1440: step 152 ELEVATED pairs=34164 evals=540 223s
[608874.6] PE_E_T2000_R1440: step 153 NO_CANDIDATES_GENERATED pairs=34164 evals=540 223s
[608874.7] PE_E_T2000_R1440: step 154 NO_CANDIDATES_GENERATED pairs=34164 evals=540 223s
[608874.8] PE_E_T2000_R1440: step 155 NO_CANDIDATES_GENERATED pairs=34164 evals=540 223s
[608875.0] PE_E_T2000_R1440: step 156 NO_CANDIDATES_GENERATED pairs=34164 evals=540 224s
[608875.1] PE_E_T2000_R1440: step 157 NO_CANDIDATES_GENERATED pairs=34164 evals=540 224s
[608880.8] PE_E_T2000_R1440: step 158 ELEVATED pairs=33967 evals=556 229s
[608880.9] PE_E_T2000_R1440: step 159 NO_CANDIDATES_GENERATED pairs=33967 evals=556 230s
[608881.0] PE_E_T2000_R1440: step 160 NO_CANDIDATES_GENERATED pairs=33967 evals=556 230s
[608881.1] PE_E_T2000_R1440: step 161 NO_CANDIDATES_GENERATED pairs=33967 evals=556 230s
[608881.3] PE_E_T2000_R1440: step 162 NO_CANDIDATES_GENERATED pairs=33967 evals=556 230s
[608881.4] PE_E_T2000_R1440: step 163 NO_CANDIDATES_GENERATED pairs=33967 evals=556 230s
[608890.4] PE_E_T2000_R1440: step 164 ELEVATED pairs=33764 evals=572 239s
[608890.6] PE_E_T2000_R1440: step 165 NO_CANDIDATES_GENERATED pairs=33764 evals=572 239s
[608890.8] PE_E_T2000_R1440: step 166 NO_CANDIDATES_GENERATED pairs=33764 evals=572 239s
[608890.9] PE_E_T2000_R1440: step 167 NO_CANDIDATES_GENERATED pairs=33764 evals=572 240s
[608891.1] PE_E_T2000_R1440: step 168 NO_CANDIDATES_GENERATED pairs=33764 evals=572 240s
[608891.3] PE_E_T2000_R1440: step 169 NO_CANDIDATES_GENERATED pairs=33764 evals=572 240s
[608898.5] PE_E_T2000_R1440: step 170 ELEVATED pairs=33568 evals=588 247s
[608898.6] PE_E_T2000_R1440: step 171 NO_CANDIDATES_GENERATED pairs=33568 evals=588 247s
[608898.8] PE_E_T2000_R1440: step 172 NO_CANDIDATES_GENERATED pairs=33568 evals=588 247s
[608898.9] PE_E_T2000_R1440: step 173 NO_CANDIDATES_GENERATED pairs=33568 evals=588 248s
[608899.0] PE_E_T2000_R1440: step 174 NO_CANDIDATES_GENERATED pairs=33568 evals=588 248s
[608899.2] PE_E_T2000_R1440: step 175 NO_CANDIDATES_GENERATED pairs=33568 evals=588 248s
[608908.1] PE_E_T2000_R1440: step 176 ELEVATED pairs=33367 evals=604 257s
[608908.3] PE_E_T2000_R1440: step 177 NO_CANDIDATES_GENERATED pairs=33367 evals=604 257s
[608908.5] PE_E_T2000_R1440: step 178 NO_CANDIDATES_GENERATED pairs=33367 evals=604 257s
[608908.6] PE_E_T2000_R1440: step 179 NO_CANDIDATES_GENERATED pairs=33367 evals=604 257s
[608908.7] PE_E_T2000_R1440: step 180 NO_CANDIDATES_GENERATED pairs=33367 evals=604 257s
[608908.9] PE_E_T2000_R1440: step 181 NO_CANDIDATES_GENERATED pairs=33367 evals=604 258s
[608918.0] PE_E_T2000_R1440: step 182 ELEVATED pairs=33167 evals=620 267s
[608918.1] PE_E_T2000_R1440: step 183 NO_CANDIDATES_GENERATED pairs=33167 evals=620 267s
[608918.2] PE_E_T2000_R1440: step 184 NO_CANDIDATES_GENERATED pairs=33167 evals=620 267s
[608918.4] PE_E_T2000_R1440: step 185 NO_CANDIDATES_GENERATED pairs=33167 evals=620 267s
[608918.5] PE_E_T2000_R1440: step 186 NO_CANDIDATES_GENERATED pairs=33167 evals=620 267s
[608918.7] PE_E_T2000_R1440: step 187 NO_CANDIDATES_GENERATED pairs=33167 evals=620 267s
[608925.3] PE_E_T2000_R1440: step 188 ELEVATED pairs=32960 evals=636 274s
[608925.4] PE_E_T2000_R1440: step 189 NO_CANDIDATES_GENERATED pairs=32960 evals=636 274s
[608925.6] PE_E_T2000_R1440: step 190 NO_CANDIDATES_GENERATED pairs=32960 evals=636 274s
[608925.7] PE_E_T2000_R1440: step 191 NO_CANDIDATES_GENERATED pairs=32960 evals=636 274s
[608925.9] PE_E_T2000_R1440: step 192 NO_CANDIDATES_GENERATED pairs=32960 evals=636 275s
[608926.1] PE_E_T2000_R1440: step 193 NO_CANDIDATES_GENERATED pairs=32960 evals=636 275s
[608935.6] PE_E_T2000_R1440: step 194 ELEVATED pairs=32762 evals=652 284s
[608935.7] PE_E_T2000_R1440: step 195 NO_CANDIDATES_GENERATED pairs=32762 evals=652 284s
[608935.8] PE_E_T2000_R1440: step 196 NO_CANDIDATES_GENERATED pairs=32762 evals=652 284s
[608936.0] PE_E_T2000_R1440: step 197 NO_CANDIDATES_GENERATED pairs=32762 evals=652 285s
[608936.1] PE_E_T2000_R1440: step 198 NO_CANDIDATES_GENERATED pairs=32762 evals=652 285s
[608936.3] PE_E_T2000_R1440: step 199 NO_CANDIDATES_GENERATED pairs=32762 evals=652 285s
[608944.2] PE_E_T2000_R1440: step 200 ELEVATED pairs=32565 evals=668 293s
[608944.3] PE_E_T2000_R1440: step 201 NO_CANDIDATES_GENERATED pairs=32565 evals=668 293s
[608944.5] PE_E_T2000_R1440: step 202 NO_CANDIDATES_GENERATED pairs=32565 evals=668 293s
[608944.6] PE_E_T2000_R1440: step 203 NO_CANDIDATES_GENERATED pairs=32565 evals=668 293s
[608944.7] PE_E_T2000_R1440: step 204 NO_CANDIDATES_GENERATED pairs=32565 evals=668 293s
[608944.9] PE_E_T2000_R1440: step 205 NO_CANDIDATES_GENERATED pairs=32565 evals=668 294s
[608951.4] PE_E_T2000_R1440: step 206 ELEVATED pairs=32369 evals=684 300s
[608951.6] PE_E_T2000_R1440: step 207 NO_CANDIDATES_GENERATED pairs=32369 evals=684 300s
[608951.7] PE_E_T2000_R1440: step 208 NO_CANDIDATES_GENERATED pairs=32369 evals=684 300s
[608951.9] PE_E_T2000_R1440: step 209 NO_CANDIDATES_GENERATED pairs=32369 evals=684 301s
[608952.0] PE_E_T2000_R1440: step 210 NO_CANDIDATES_GENERATED pairs=32369 evals=684 301s
[608952.2] PE_E_T2000_R1440: step 211 NO_CANDIDATES_GENERATED pairs=32369 evals=684 301s
[608960.3] PE_E_T2000_R1440: step 212 ELEVATED pairs=32174 evals=700 309s
[608960.4] PE_E_T2000_R1440: step 213 NO_CANDIDATES_GENERATED pairs=32174 evals=700 309s
[608960.6] PE_E_T2000_R1440: step 214 NO_CANDIDATES_GENERATED pairs=32174 evals=700 309s
[608960.7] PE_E_T2000_R1440: step 215 NO_CANDIDATES_GENERATED pairs=32174 evals=700 309s
[608960.9] PE_E_T2000_R1440: step 216 NO_CANDIDATES_GENERATED pairs=32174 evals=700 310s
[608961.0] PE_E_T2000_R1440: step 217 NO_CANDIDATES_GENERATED pairs=32174 evals=700 310s
[608968.9] PE_E_T2000_R1440: step 218 ELEVATED pairs=31951 evals=716 317s
[608969.0] PE_E_T2000_R1440: step 219 NO_CANDIDATES_GENERATED pairs=31951 evals=716 318s
[608969.1] PE_E_T2000_R1440: step 220 NO_CANDIDATES_GENERATED pairs=31951 evals=716 318s
[608969.2] PE_E_T2000_R1440: step 221 NO_CANDIDATES_GENERATED pairs=31951 evals=716 318s
[608969.4] PE_E_T2000_R1440: step 222 NO_CANDIDATES_GENERATED pairs=31951 evals=716 318s
[608969.5] PE_E_T2000_R1440: step 223 NO_CANDIDATES_GENERATED pairs=31951 evals=716 318s
[608973.2] PE_E_T2000_R1440: step 224 ELEVATED pairs=31755 evals=732 322s
[608973.3] PE_E_T2000_R1440: step 225 NO_CANDIDATES_GENERATED pairs=31755 evals=732 322s
[608973.5] PE_E_T2000_R1440: step 226 NO_CANDIDATES_GENERATED pairs=31755 evals=732 322s
[608973.6] PE_E_T2000_R1440: step 227 NO_CANDIDATES_GENERATED pairs=31755 evals=732 322s
[608973.7] PE_E_T2000_R1440: step 228 NO_CANDIDATES_GENERATED pairs=31755 evals=732 322s
[608973.9] PE_E_T2000_R1440: step 229 NO_CANDIDATES_GENERATED pairs=31755 evals=732 323s
[608981.8] PE_E_T2000_R1440: step 230 ELEVATED pairs=31534 evals=748 330s
[608981.9] PE_E_T2000_R1440: step 231 NO_CANDIDATES_GENERATED pairs=31534 evals=748 331s
[608982.0] PE_E_T2000_R1440: step 232 NO_CANDIDATES_GENERATED pairs=31534 evals=748 331s
[608982.1] PE_E_T2000_R1440: step 233 NO_CANDIDATES_GENERATED pairs=31534 evals=748 331s
[608982.3] PE_E_T2000_R1440: step 234 NO_CANDIDATES_GENERATED pairs=31534 evals=748 331s
[608982.4] PE_E_T2000_R1440: step 235 NO_CANDIDATES_GENERATED pairs=31534 evals=748 331s
[608988.5] PE_E_T2000_R1440: step 236 ELEVATED pairs=31315 evals=764 337s
[608988.6] PE_E_T2000_R1440: step 237 NO_CANDIDATES_GENERATED pairs=31315 evals=764 337s
[608988.8] PE_E_T2000_R1440: step 238 NO_CANDIDATES_GENERATED pairs=31315 evals=764 337s
[608988.9] PE_E_T2000_R1440: step 239 NO_CANDIDATES_GENERATED pairs=31315 evals=764 338s
[608989.0] PE_E_T2000_R1440: step 240 NO_CANDIDATES_GENERATED pairs=31315 evals=764 338s
[608989.2] PE_E_T2000_R1440: step 241 NO_CANDIDATES_GENERATED pairs=31315 evals=764 338s
[608994.7] PE_E_T2000_R1440: step 242 ELEVATED pairs=31136 evals=773 343s
[608994.8] PE_E_T2000_R1440: step 243 NO_CANDIDATES_GENERATED pairs=31136 evals=773 343s
[608994.9] PE_E_T2000_R1440: step 244 NO_CANDIDATES_GENERATED pairs=31136 evals=773 344s
[608995.1] PE_E_T2000_R1440: step 245 NO_CANDIDATES_GENERATED pairs=31136 evals=773 344s
[608995.2] PE_E_T2000_R1440: step 246 NO_CANDIDATES_GENERATED pairs=31136 evals=773 344s
[608995.4] PE_E_T2000_R1440: step 247 NO_CANDIDATES_GENERATED pairs=31136 evals=773 344s
[609000.4] PE_E_T2000_R1440: step 248 ELEVATED pairs=30959 evals=782 349s
[609000.5] PE_E_T2000_R1440: step 249 NO_CANDIDATES_GENERATED pairs=30959 evals=782 349s
[609000.6] PE_E_T2000_R1440: step 250 NO_CANDIDATES_GENERATED pairs=30959 evals=782 349s
[609000.8] PE_E_T2000_R1440: step 251 NO_CANDIDATES_GENERATED pairs=30959 evals=782 349s
[609000.9] PE_E_T2000_R1440: step 252 NO_CANDIDATES_GENERATED pairs=30959 evals=782 350s
[609001.0] PE_E_T2000_R1440: step 253 NO_CANDIDATES_GENERATED pairs=30959 evals=782 350s
[609005.5] PE_E_T2000_R1440: step 254 ELEVATED pairs=30784 evals=791 354s
[609005.6] PE_E_T2000_R1440: step 255 NO_CANDIDATES_GENERATED pairs=30784 evals=791 354s
[609005.6] PE_E_T2000_R1440: step 256 NO_CANDIDATES_GENERATED pairs=30784 evals=791 354s
[609005.8] PE_E_T2000_R1440: step 257 NO_CANDIDATES_GENERATED pairs=30784 evals=791 354s
[609005.9] PE_E_T2000_R1440: step 258 NO_CANDIDATES_GENERATED pairs=30784 evals=791 355s
[609006.0] PE_E_T2000_R1440: step 259 NO_CANDIDATES_GENERATED pairs=30784 evals=791 355s
[609009.9] PE_E_T2000_R1440: step 260 ELEVATED pairs=30611 evals=800 359s
[609010.0] PE_E_T2000_R1440: step 261 NO_CANDIDATES_GENERATED pairs=30611 evals=800 359s
[609010.2] PE_E_T2000_R1440: step 262 NO_CANDIDATES_GENERATED pairs=30611 evals=800 359s
[609010.3] PE_E_T2000_R1440: step 263 NO_CANDIDATES_GENERATED pairs=30611 evals=800 359s
[609010.4] PE_E_T2000_R1440: step 264 NO_CANDIDATES_GENERATED pairs=30611 evals=800 359s
[609010.5] PE_E_T2000_R1440: step 265 NO_CANDIDATES_GENERATED pairs=30611 evals=800 359s
[609015.0] PE_E_T2000_R1440: step 266 ELEVATED pairs=30410 evals=816 364s
[609015.2] PE_E_T2000_R1440: step 267 NO_CANDIDATES_GENERATED pairs=30410 evals=816 364s
[609015.3] PE_E_T2000_R1440: step 268 NO_CANDIDATES_GENERATED pairs=30410 evals=816 364s
[609015.4] PE_E_T2000_R1440: step 269 NO_CANDIDATES_GENERATED pairs=30410 evals=816 364s
[609015.5] PE_E_T2000_R1440: step 270 NO_CANDIDATES_GENERATED pairs=30410 evals=816 364s
[609015.6] PE_E_T2000_R1440: step 271 NO_CANDIDATES_GENERATED pairs=30410 evals=816 364s
[609019.6] PE_E_T2000_R1440: step 272 ELEVATED pairs=30224 evals=832 368s
[609019.7] PE_E_T2000_R1440: step 273 NO_CANDIDATES_GENERATED pairs=30224 evals=832 368s
[609019.8] PE_E_T2000_R1440: step 274 NO_CANDIDATES_GENERATED pairs=30224 evals=832 368s
[609019.9] PE_E_T2000_R1440: step 275 NO_CANDIDATES_GENERATED pairs=30224 evals=832 369s
[609020.1] PE_E_T2000_R1440: step 276 NO_CANDIDATES_GENERATED pairs=30224 evals=832 369s
[609020.2] PE_E_T2000_R1440: step 277 NO_CANDIDATES_GENERATED pairs=30224 evals=832 369s
[609024.4] PE_E_T2000_R1440: step 278 ELEVATED pairs=30025 evals=848 373s
[609024.5] PE_E_T2000_R1440: step 279 NO_CANDIDATES_GENERATED pairs=30025 evals=848 373s
[609024.6] PE_E_T2000_R1440: step 280 NO_CANDIDATES_GENERATED pairs=30025 evals=848 373s
[609024.7] PE_E_T2000_R1440: step 281 NO_CANDIDATES_GENERATED pairs=30025 evals=848 373s
[609024.8] PE_E_T2000_R1440: step 282 NO_CANDIDATES_GENERATED pairs=30025 evals=848 373s
[609024.9] PE_E_T2000_R1440: step 283 NO_CANDIDATES_GENERATED pairs=30025 evals=848 374s
[609028.9] PE_E_T2000_R1440: step 284 ELEVATED pairs=29841 evals=864 378s
[609029.0] PE_E_T2000_R1440: step 285 NO_CANDIDATES_GENERATED pairs=29841 evals=864 378s
[609029.1] PE_E_T2000_R1440: step 286 NO_CANDIDATES_GENERATED pairs=29841 evals=864 378s
[609029.2] PE_E_T2000_R1440: step 287 NO_CANDIDATES_GENERATED pairs=29841 evals=864 378s
[609029.3] PE_E_T2000_R1440: step 288 NO_CANDIDATES_GENERATED pairs=29841 evals=864 378s
[609029.4] PE_E_T2000_R1440: step 289 NO_CANDIDATES_GENERATED pairs=29841 evals=864 378s
[609033.8] PE_E_T2000_R1440: step 290 ELEVATED pairs=29644 evals=880 382s
[609033.9] PE_E_T2000_R1440: step 291 NO_CANDIDATES_GENERATED pairs=29644 evals=880 383s
[609034.0] PE_E_T2000_R1440: step 292 NO_CANDIDATES_GENERATED pairs=29644 evals=880 383s
[609034.1] PE_E_T2000_R1440: step 293 NO_CANDIDATES_GENERATED pairs=29644 evals=880 383s
[609034.2] PE_E_T2000_R1440: step 294 NO_CANDIDATES_GENERATED pairs=29644 evals=880 383s
[609034.3] PE_E_T2000_R1440: step 295 NO_CANDIDATES_GENERATED pairs=29644 evals=880 383s
[609037.6] PE_E_T2000_R1440: step 296 ELEVATED pairs=29462 evals=896 386s
[609037.7] PE_E_T2000_R1440: step 297 NO_CANDIDATES_GENERATED pairs=29462 evals=896 386s
[609037.8] PE_E_T2000_R1440: step 298 NO_CANDIDATES_GENERATED pairs=29462 evals=896 386s
[609037.8] PE_E_T2000_R1440: step 299 NO_CANDIDATES_GENERATED pairs=29462 evals=896 386s
[609037.9] PE_E_T2000_R1440: step 300 NO_CANDIDATES_GENERATED pairs=29462 evals=896 387s
[609038.0] PE_E_T2000_R1440: step 301 NO_CANDIDATES_GENERATED pairs=29462 evals=896 387s
[609041.5] PE_E_T2000_R1440: step 302 ELEVATED pairs=29282 evals=912 390s
[609041.6] PE_E_T2000_R1440: step 303 NO_CANDIDATES_GENERATED pairs=29282 evals=912 390s
[609041.7] PE_E_T2000_R1440: step 304 NO_CANDIDATES_GENERATED pairs=29282 evals=912 390s
[609041.7] PE_E_T2000_R1440: step 305 NO_CANDIDATES_GENERATED pairs=29282 evals=912 390s
[609041.8] PE_E_T2000_R1440: step 306 NO_CANDIDATES_GENERATED pairs=29282 evals=912 390s
[609041.9] PE_E_T2000_R1440: step 307 NO_CANDIDATES_GENERATED pairs=29282 evals=912 391s
[609047.7] PE_E_T2000_R1440: step 308 ELEVATED pairs=29090 evals=928 396s
[609047.8] PE_E_T2000_R1440: step 309 NO_CANDIDATES_GENERATED pairs=29090 evals=928 396s
[609047.8] PE_E_T2000_R1440: step 310 NO_CANDIDATES_GENERATED pairs=29090 evals=928 396s
[609047.9] PE_E_T2000_R1440: step 311 NO_CANDIDATES_GENERATED pairs=29090 evals=928 397s
[609048.0] PE_E_T2000_R1440: step 312 NO_CANDIDATES_GENERATED pairs=29090 evals=928 397s
[609048.1] PE_E_T2000_R1440: step 313 NO_CANDIDATES_GENERATED pairs=29090 evals=928 397s
[609051.7] PE_E_T2000_R1440: step 314 ELEVATED pairs=28918 evals=944 400s
[609051.8] PE_E_T2000_R1440: step 315 NO_CANDIDATES_GENERATED pairs=28918 evals=944 400s
[609051.9] PE_E_T2000_R1440: step 316 NO_CANDIDATES_GENERATED pairs=28918 evals=944 401s
[609052.0] PE_E_T2000_R1440: step 317 NO_CANDIDATES_GENERATED pairs=28918 evals=944 401s
[609052.1] PE_E_T2000_R1440: step 318 NO_CANDIDATES_GENERATED pairs=28918 evals=944 401s
[609052.2] PE_E_T2000_R1440: step 319 NO_CANDIDATES_GENERATED pairs=28918 evals=944 401s
[609055.7] PE_E_T2000_R1440: step 320 ELEVATED pairs=28748 evals=960 404s
[609055.8] PE_E_T2000_R1440: step 321 NO_CANDIDATES_GENERATED pairs=28748 evals=960 404s
[609055.9] PE_E_T2000_R1440: step 322 NO_CANDIDATES_GENERATED pairs=28748 evals=960 405s
[609056.0] PE_E_T2000_R1440: step 323 NO_CANDIDATES_GENERATED pairs=28748 evals=960 405s
[609056.0] PE_E_T2000_R1440: step 324 NO_CANDIDATES_GENERATED pairs=28748 evals=960 405s
[609056.1] PE_E_T2000_R1440: step 325 NO_CANDIDATES_GENERATED pairs=28748 evals=960 405s
[609061.7] PE_E_T2000_R1440: step 326 ELEVATED pairs=28558 evals=976 410s
[609061.8] PE_E_T2000_R1440: step 327 NO_CANDIDATES_GENERATED pairs=28558 evals=976 410s
[609061.9] PE_E_T2000_R1440: step 328 NO_CANDIDATES_GENERATED pairs=28558 evals=976 411s
[609062.0] PE_E_T2000_R1440: step 329 NO_CANDIDATES_GENERATED pairs=28558 evals=976 411s
[609062.1] PE_E_T2000_R1440: step 330 NO_CANDIDATES_GENERATED pairs=28558 evals=976 411s
[609062.1] PE_E_T2000_R1440: step 331 NO_CANDIDATES_GENERATED pairs=28558 evals=976 411s
[609066.9] PE_E_T2000_R1440: step 332 ELEVATED pairs=28387 evals=992 416s
[609067.0] PE_E_T2000_R1440: step 333 NO_CANDIDATES_GENERATED pairs=28387 evals=992 416s
[609067.1] PE_E_T2000_R1440: step 334 NO_CANDIDATES_GENERATED pairs=28387 evals=992 416s
[609067.2] PE_E_T2000_R1440: step 335 NO_CANDIDATES_GENERATED pairs=28387 evals=992 416s
[609067.3] PE_E_T2000_R1440: step 336 NO_CANDIDATES_GENERATED pairs=28387 evals=992 416s
[609067.3] PE_E_T2000_R1440: step 337 NO_CANDIDATES_GENERATED pairs=28387 evals=992 416s
[609072.0] PE_E_T2000_R1440: step 338 ELEVATED pairs=28218 evals=1008 421s
[609072.2] PE_E_T2000_R1440: step 339 NO_CANDIDATES_GENERATED pairs=28218 evals=1008 421s
[609072.3] PE_E_T2000_R1440: step 340 NO_CANDIDATES_GENERATED pairs=28218 evals=1008 421s
[609072.4] PE_E_T2000_R1440: step 341 NO_CANDIDATES_GENERATED pairs=28218 evals=1008 421s
[609072.5] PE_E_T2000_R1440: step 342 NO_CANDIDATES_GENERATED pairs=28218 evals=1008 421s
[609072.6] PE_E_T2000_R1440: step 343 NO_CANDIDATES_GENERATED pairs=28218 evals=1008 421s
[609076.1] PE_E_T2000_R1440: step 344 ELEVATED pairs=28059 evals=1024 425s
[609076.2] PE_E_T2000_R1440: step 345 NO_CANDIDATES_GENERATED pairs=28059 evals=1024 425s
[609076.3] PE_E_T2000_R1440: step 346 NO_CANDIDATES_GENERATED pairs=28059 evals=1024 425s
[609076.4] PE_E_T2000_R1440: step 347 NO_CANDIDATES_GENERATED pairs=28059 evals=1024 425s
[609076.5] PE_E_T2000_R1440: step 348 NO_CANDIDATES_GENERATED pairs=28059 evals=1024 425s
[609076.6] PE_E_T2000_R1440: step 349 NO_CANDIDATES_GENERATED pairs=28059 evals=1024 425s
[609079.8] PE_E_T2000_R1440: step 350 ELEVATED pairs=27895 evals=1040 428s
[609079.9] PE_E_T2000_R1440: step 351 NO_CANDIDATES_GENERATED pairs=27895 evals=1040 429s
[609080.0] PE_E_T2000_R1440: step 352 NO_CANDIDATES_GENERATED pairs=27895 evals=1040 429s
[609080.1] PE_E_T2000_R1440: step 353 NO_CANDIDATES_GENERATED pairs=27895 evals=1040 429s
[609080.2] PE_E_T2000_R1440: step 354 NO_CANDIDATES_GENERATED pairs=27895 evals=1040 429s
[609080.4] PE_E_T2000_R1440: step 355 NO_CANDIDATES_GENERATED pairs=27895 evals=1040 429s
[609084.4] PE_E_T2000_R1440: step 356 ELEVATED pairs=27731 evals=1056 433s
[609084.5] PE_E_T2000_R1440: step 357 NO_CANDIDATES_GENERATED pairs=27731 evals=1056 433s
[609084.6] PE_E_T2000_R1440: step 358 NO_CANDIDATES_GENERATED pairs=27731 evals=1056 433s
[609084.7] PE_E_T2000_R1440: step 359 NO_CANDIDATES_GENERATED pairs=27731 evals=1056 433s
[609084.8] PE_E_T2000_R1440: step 360 NO_CANDIDATES_GENERATED pairs=27731 evals=1056 433s
[609084.9] PE_E_T2000_R1440: step 361 NO_CANDIDATES_GENERATED pairs=27731 evals=1056 434s
[609088.3] PE_E_T2000_R1440: step 362 ELEVATED pairs=27567 evals=1072 437s
[609088.4] PE_E_T2000_R1440: step 363 NO_CANDIDATES_GENERATED pairs=27567 evals=1072 437s
[609088.5] PE_E_T2000_R1440: step 364 NO_CANDIDATES_GENERATED pairs=27567 evals=1072 437s
[609088.6] PE_E_T2000_R1440: step 365 NO_CANDIDATES_GENERATED pairs=27567 evals=1072 437s
[609088.7] PE_E_T2000_R1440: step 366 NO_CANDIDATES_GENERATED pairs=27567 evals=1072 437s
[609088.8] PE_E_T2000_R1440: step 367 NO_CANDIDATES_GENERATED pairs=27567 evals=1072 437s
[609091.9] PE_E_T2000_R1440: step 368 ELEVATED pairs=27403 evals=1088 441s
[609092.0] PE_E_T2000_R1440: step 369 NO_CANDIDATES_GENERATED pairs=27403 evals=1088 441s
[609092.1] PE_E_T2000_R1440: step 370 NO_CANDIDATES_GENERATED pairs=27403 evals=1088 441s
[609092.2] PE_E_T2000_R1440: step 371 NO_CANDIDATES_GENERATED pairs=27403 evals=1088 441s
[609092.3] PE_E_T2000_R1440: step 372 NO_CANDIDATES_GENERATED pairs=27403 evals=1088 441s
[609092.4] PE_E_T2000_R1440: step 373 NO_CANDIDATES_GENERATED pairs=27403 evals=1088 441s
[609095.6] PE_E_T2000_R1440: step 374 ELEVATED pairs=27239 evals=1104 444s
[609095.7] PE_E_T2000_R1440: step 375 NO_CANDIDATES_GENERATED pairs=27239 evals=1104 444s
[609095.8] PE_E_T2000_R1440: step 376 NO_CANDIDATES_GENERATED pairs=27239 evals=1104 444s
[609095.9] PE_E_T2000_R1440: step 377 NO_CANDIDATES_GENERATED pairs=27239 evals=1104 445s
[609096.0] PE_E_T2000_R1440: step 378 NO_CANDIDATES_GENERATED pairs=27239 evals=1104 445s
[609096.1] PE_E_T2000_R1440: step 379 NO_CANDIDATES_GENERATED pairs=27239 evals=1104 445s
[609100.6] PE_E_T2000_R1440: step 380 ELEVATED pairs=27081 evals=1120 449s
[609100.7] PE_E_T2000_R1440: step 381 NO_CANDIDATES_GENERATED pairs=27081 evals=1120 449s
[609100.8] PE_E_T2000_R1440: step 382 NO_CANDIDATES_GENERATED pairs=27081 evals=1120 449s
[609100.9] PE_E_T2000_R1440: step 383 NO_CANDIDATES_GENERATED pairs=27081 evals=1120 450s
[609101.0] PE_E_T2000_R1440: step 384 NO_CANDIDATES_GENERATED pairs=27081 evals=1120 450s
[609101.1] PE_E_T2000_R1440: step 385 NO_CANDIDATES_GENERATED pairs=27081 evals=1120 450s
[609107.9] PE_E_T2000_R1440: step 386 ELEVATED pairs=26914 evals=1136 457s
[609108.0] PE_E_T2000_R1440: step 387 NO_CANDIDATES_GENERATED pairs=26914 evals=1136 457s
[609108.1] PE_E_T2000_R1440: step 388 NO_CANDIDATES_GENERATED pairs=26914 evals=1136 457s
[609108.2] PE_E_T2000_R1440: step 389 NO_CANDIDATES_GENERATED pairs=26914 evals=1136 457s
[609108.3] PE_E_T2000_R1440: step 390 NO_CANDIDATES_GENERATED pairs=26914 evals=1136 457s
[609108.4] PE_E_T2000_R1440: step 391 NO_CANDIDATES_GENERATED pairs=26914 evals=1136 457s
[609112.3] PE_E_T2000_R1440: step 392 ELEVATED pairs=26757 evals=1152 461s
[609112.4] PE_E_T2000_R1440: step 393 NO_CANDIDATES_GENERATED pairs=26757 evals=1152 461s
[609112.5] PE_E_T2000_R1440: step 394 NO_CANDIDATES_GENERATED pairs=26757 evals=1152 461s
[609112.7] PE_E_T2000_R1440: step 395 NO_CANDIDATES_GENERATED pairs=26757 evals=1152 461s
[609112.8] PE_E_T2000_R1440: step 396 NO_CANDIDATES_GENERATED pairs=26757 evals=1152 461s
[609112.9] PE_E_T2000_R1440: step 397 NO_CANDIDATES_GENERATED pairs=26757 evals=1152 462s
[609117.1] PE_E_T2000_R1440: step 398 ELEVATED pairs=26600 evals=1168 466s
[609117.2] PE_E_T2000_R1440: step 399 NO_CANDIDATES_GENERATED pairs=26600 evals=1168 466s
[609117.3] PE_E_T2000_R1440: step 400 NO_CANDIDATES_GENERATED pairs=26600 evals=1168 466s
[609117.4] PE_E_T2000_R1440: step 401 NO_CANDIDATES_GENERATED pairs=26600 evals=1168 466s
[609117.5] PE_E_T2000_R1440: step 402 NO_CANDIDATES_GENERATED pairs=26600 evals=1168 466s
[609117.6] PE_E_T2000_R1440: step 403 NO_CANDIDATES_GENERATED pairs=26600 evals=1168 466s
[609123.5] PE_E_T2000_R1440: step 404 ELEVATED pairs=26435 evals=1184 472s
[609123.6] PE_E_T2000_R1440: step 405 NO_CANDIDATES_GENERATED pairs=26435 evals=1184 472s
[609123.7] PE_E_T2000_R1440: step 406 NO_CANDIDATES_GENERATED pairs=26435 evals=1184 472s
[609123.8] PE_E_T2000_R1440: step 407 NO_CANDIDATES_GENERATED pairs=26435 evals=1184 472s
[609123.9] PE_E_T2000_R1440: step 408 NO_CANDIDATES_GENERATED pairs=26435 evals=1184 473s
[609124.0] PE_E_T2000_R1440: step 409 NO_CANDIDATES_GENERATED pairs=26435 evals=1184 473s
[609130.7] PE_E_T2000_R1440: step 410 ELEVATED pairs=26272 evals=1200 479s
[609130.8] PE_E_T2000_R1440: step 411 NO_CANDIDATES_GENERATED pairs=26272 evals=1200 479s
[609130.9] PE_E_T2000_R1440: step 412 NO_CANDIDATES_GENERATED pairs=26272 evals=1200 480s
[609131.0] PE_E_T2000_R1440: step 413 NO_CANDIDATES_GENERATED pairs=26272 evals=1200 480s
[609131.1] PE_E_T2000_R1440: step 414 NO_CANDIDATES_GENERATED pairs=26272 evals=1200 480s
[609131.2] PE_E_T2000_R1440: step 415 NO_CANDIDATES_GENERATED pairs=26272 evals=1200 480s
[609137.9] PE_E_T2000_R1440: step 416 ELEVATED pairs=26113 evals=1216 487s
[609138.0] PE_E_T2000_R1440: step 417 NO_CANDIDATES_GENERATED pairs=26113 evals=1216 487s
[609138.1] PE_E_T2000_R1440: step 418 NO_CANDIDATES_GENERATED pairs=26113 evals=1216 487s
[609138.2] PE_E_T2000_R1440: step 419 NO_CANDIDATES_GENERATED pairs=26113 evals=1216 487s
[609138.3] PE_E_T2000_R1440: step 420 NO_CANDIDATES_GENERATED pairs=26113 evals=1216 487s
[609138.4] PE_E_T2000_R1440: step 421 NO_CANDIDATES_GENERATED pairs=26113 evals=1216 487s
[609145.9] PE_E_T2000_R1440: step 422 ELEVATED pairs=25960 evals=1232 495s
[609146.0] PE_E_T2000_R1440: step 423 NO_CANDIDATES_GENERATED pairs=25960 evals=1232 495s
[609146.1] PE_E_T2000_R1440: step 424 NO_CANDIDATES_GENERATED pairs=25960 evals=1232 495s
[609146.2] PE_E_T2000_R1440: step 425 NO_CANDIDATES_GENERATED pairs=25960 evals=1232 495s
[609146.3] PE_E_T2000_R1440: step 426 NO_CANDIDATES_GENERATED pairs=25960 evals=1232 495s
[609146.4] PE_E_T2000_R1440: step 427 NO_CANDIDATES_GENERATED pairs=25960 evals=1232 495s
[609153.4] PE_E_T2000_R1440: step 428 ELEVATED pairs=25803 evals=1248 502s
[609153.5] PE_E_T2000_R1440: step 429 NO_CANDIDATES_GENERATED pairs=25803 evals=1248 502s
[609153.6] PE_E_T2000_R1440: step 430 NO_CANDIDATES_GENERATED pairs=25803 evals=1248 502s
[609153.7] PE_E_T2000_R1440: step 431 NO_CANDIDATES_GENERATED pairs=25803 evals=1248 502s
[609153.8] PE_E_T2000_R1440: step 432 NO_CANDIDATES_GENERATED pairs=25803 evals=1248 502s
[609153.9] PE_E_T2000_R1440: step 433 NO_CANDIDATES_GENERATED pairs=25803 evals=1248 503s
[609160.8] PE_E_T2000_R1440: step 434 ELEVATED pairs=25648 evals=1264 509s
[609161.0] PE_E_T2000_R1440: step 435 NO_CANDIDATES_GENERATED pairs=25648 evals=1264 510s
[609161.1] PE_E_T2000_R1440: step 436 NO_CANDIDATES_GENERATED pairs=25648 evals=1264 510s
[609161.2] PE_E_T2000_R1440: step 437 NO_CANDIDATES_GENERATED pairs=25648 evals=1264 510s
[609161.2] PE_E_T2000_R1440: step 438 NO_CANDIDATES_GENERATED pairs=25648 evals=1264 510s
[609161.3] PE_E_T2000_R1440: step 439 NO_CANDIDATES_GENERATED pairs=25648 evals=1264 510s
[609171.1] PE_E_T2000_R1440: step 440 ELEVATED pairs=25495 evals=1280 520s
[609171.2] PE_E_T2000_R1440: step 441 NO_CANDIDATES_GENERATED pairs=25495 evals=1280 520s
[609171.3] PE_E_T2000_R1440: step 442 NO_CANDIDATES_GENERATED pairs=25495 evals=1280 520s
[609171.4] PE_E_T2000_R1440: step 443 NO_CANDIDATES_GENERATED pairs=25495 evals=1280 520s
[609171.6] PE_E_T2000_R1440: step 444 NO_CANDIDATES_GENERATED pairs=25495 evals=1280 520s
[609171.7] PE_E_T2000_R1440: step 445 NO_CANDIDATES_GENERATED pairs=25495 evals=1280 520s
[609174.9] PE_E_T2000_R1440: step 446 ELEVATED pairs=25357 evals=1296 524s
[609175.0] PE_E_T2000_R1440: step 447 NO_CANDIDATES_GENERATED pairs=25357 evals=1296 524s
[609175.1] PE_E_T2000_R1440: step 448 NO_CANDIDATES_GENERATED pairs=25357 evals=1296 524s
[609175.3] PE_E_T2000_R1440: step 449 NO_CANDIDATES_GENERATED pairs=25357 evals=1296 524s
[609175.4] PE_E_T2000_R1440: step 450 NO_CANDIDATES_GENERATED pairs=25357 evals=1296 524s
[609175.5] PE_E_T2000_R1440: step 451 NO_CANDIDATES_GENERATED pairs=25357 evals=1296 524s
[609178.7] PE_E_T2000_R1440: step 452 ELEVATED pairs=25224 evals=1312 527s
[609178.8] PE_E_T2000_R1440: step 453 NO_CANDIDATES_GENERATED pairs=25224 evals=1312 527s
[609178.9] PE_E_T2000_R1440: step 454 NO_CANDIDATES_GENERATED pairs=25224 evals=1312 528s
[609179.0] PE_E_T2000_R1440: step 455 NO_CANDIDATES_GENERATED pairs=25224 evals=1312 528s
[609179.2] PE_E_T2000_R1440: step 456 NO_CANDIDATES_GENERATED pairs=25224 evals=1312 528s
[609179.3] PE_E_T2000_R1440: step 457 NO_CANDIDATES_GENERATED pairs=25224 evals=1312 528s
[609179.4] PE_E_T2000_R1440: step 458 NO_CANDIDATES_GENERATED pairs=25224 evals=1312 528s
[609179.5] PE_E_T2000_R1440: step 459 NO_CANDIDATES_GENERATED pairs=25224 evals=1312 528s
[609187.0] PE_E_T2000_R1440: step 460 ELEVATED pairs=25077 evals=1328 536s
[609187.1] PE_E_T2000_R1440: step 461 NO_CANDIDATES_GENERATED pairs=25077 evals=1328 536s
[609187.2] PE_E_T2000_R1440: step 462 NO_CANDIDATES_GENERATED pairs=25077 evals=1328 536s
[609187.3] PE_E_T2000_R1440: step 463 NO_CANDIDATES_GENERATED pairs=25077 evals=1328 536s
[609187.4] PE_E_T2000_R1440: step 464 NO_CANDIDATES_GENERATED pairs=25077 evals=1328 536s
[609187.6] PE_E_T2000_R1440: step 465 NO_CANDIDATES_GENERATED pairs=25077 evals=1328 536s
[609187.7] PE_E_T2000_R1440: step 466 NO_CANDIDATES_GENERATED pairs=25077 evals=1328 536s
[609187.8] PE_E_T2000_R1440: step 467 NO_CANDIDATES_GENERATED pairs=25077 evals=1328 536s
[609187.9] PE_E_T2000_R1440: step 468 NO_CANDIDATES_GENERATED pairs=25077 evals=1328 537s
[609188.0] PE_E_T2000_R1440: step 469 NO_CANDIDATES_GENERATED pairs=25077 evals=1328 537s
[609190.9] PE_E_T2000_R1440: step 470 ELEVATED pairs=24952 evals=1344 540s
[609191.0] PE_E_T2000_R1440: step 471 NO_CANDIDATES_GENERATED pairs=24952 evals=1344 540s
[609191.1] PE_E_T2000_R1440: step 472 NO_CANDIDATES_GENERATED pairs=24952 evals=1344 540s
[609191.2] PE_E_T2000_R1440: step 473 NO_CANDIDATES_GENERATED pairs=24952 evals=1344 540s
[609191.3] PE_E_T2000_R1440: step 474 NO_CANDIDATES_GENERATED pairs=24952 evals=1344 540s
[609191.4] PE_E_T2000_R1440: step 475 NO_CANDIDATES_GENERATED pairs=24952 evals=1344 540s
[609191.5] PE_E_T2000_R1440: step 476 NO_CANDIDATES_GENERATED pairs=24952 evals=1344 540s
[609191.6] PE_E_T2000_R1440: step 477 NO_CANDIDATES_GENERATED pairs=24952 evals=1344 540s
[609191.7] PE_E_T2000_R1440: step 478 NO_CANDIDATES_GENERATED pairs=24952 evals=1344 540s
[609191.8] PE_E_T2000_R1440: step 479 NO_CANDIDATES_GENERATED pairs=24952 evals=1344 540s
[609202.6] PE_E_T2000_R1440: step 480 ELEVATED pairs=24781 evals=1360 551s
[609202.8] PE_E_T2000_R1440: step 481 NO_CANDIDATES_GENERATED pairs=24781 evals=1360 551s
[609203.0] PE_E_T2000_R1440: step 482 NO_CANDIDATES_GENERATED pairs=24781 evals=1360 552s
[609203.1] PE_E_T2000_R1440: step 483 NO_CANDIDATES_GENERATED pairs=24781 evals=1360 552s
[609203.3] PE_E_T2000_R1440: step 484 NO_CANDIDATES_GENERATED pairs=24781 evals=1360 552s
[609203.4] PE_E_T2000_R1440: step 485 NO_CANDIDATES_GENERATED pairs=24781 evals=1360 552s
[609203.5] PE_E_T2000_R1440: step 486 NO_CANDIDATES_GENERATED pairs=24781 evals=1360 552s
[609203.6] PE_E_T2000_R1440: step 487 NO_CANDIDATES_GENERATED pairs=24781 evals=1360 552s
[609203.8] PE_E_T2000_R1440: step 488 NO_CANDIDATES_GENERATED pairs=24781 evals=1360 552s
[609203.9] PE_E_T2000_R1440: step 489 NO_CANDIDATES_GENERATED pairs=24781 evals=1360 553s
[609213.9] PE_E_T2000_R1440: step 490 ELEVATED pairs=24612 evals=1376 563s
[609214.0] PE_E_T2000_R1440: step 491 NO_CANDIDATES_GENERATED pairs=24612 evals=1376 563s
[609214.1] PE_E_T2000_R1440: step 492 NO_CANDIDATES_GENERATED pairs=24612 evals=1376 563s
[609214.2] PE_E_T2000_R1440: step 493 NO_CANDIDATES_GENERATED pairs=24612 evals=1376 563s
[609214.3] PE_E_T2000_R1440: step 494 NO_CANDIDATES_GENERATED pairs=24612 evals=1376 563s
[609214.4] PE_E_T2000_R1440: step 495 NO_CANDIDATES_GENERATED pairs=24612 evals=1376 563s
[609214.5] PE_E_T2000_R1440: step 496 NO_CANDIDATES_GENERATED pairs=24612 evals=1376 563s
[609214.6] PE_E_T2000_R1440: step 497 NO_CANDIDATES_GENERATED pairs=24612 evals=1376 563s
[609214.7] PE_E_T2000_R1440: step 498 NO_CANDIDATES_GENERATED pairs=24612 evals=1376 563s
[609214.7] PE_E_T2000_R1440: step 499 NO_CANDIDATES_GENERATED pairs=24612 evals=1376 563s
[609217.6] PE_E_T2000_R1440: step 500 ELEVATED pairs=24481 evals=1392 566s
[609217.7] PE_E_T2000_R1440: step 501 NO_CANDIDATES_GENERATED pairs=24481 evals=1392 566s
[609217.8] PE_E_T2000_R1440: step 502 NO_CANDIDATES_GENERATED pairs=24481 evals=1392 566s
[609217.8] PE_E_T2000_R1440: step 503 NO_CANDIDATES_GENERATED pairs=24481 evals=1392 566s
[609218.0] PE_E_T2000_R1440: step 504 NO_CANDIDATES_GENERATED pairs=24481 evals=1392 567s
[609218.0] PE_E_T2000_R1440: step 505 NO_CANDIDATES_GENERATED pairs=24481 evals=1392 567s
[609218.1] PE_E_T2000_R1440: step 506 NO_CANDIDATES_GENERATED pairs=24481 evals=1392 567s
[609218.2] PE_E_T2000_R1440: step 507 NO_CANDIDATES_GENERATED pairs=24481 evals=1392 567s
[609218.3] PE_E_T2000_R1440: step 508 NO_CANDIDATES_GENERATED pairs=24481 evals=1392 567s
[609218.4] PE_E_T2000_R1440: step 509 NO_CANDIDATES_GENERATED pairs=24481 evals=1392 567s
[609227.0] PE_E_T2000_R1440: step 510 ELEVATED pairs=24315 evals=1408 576s
[609227.1] PE_E_T2000_R1440: step 511 NO_CANDIDATES_GENERATED pairs=24315 evals=1408 576s
[609227.2] PE_E_T2000_R1440: step 512 NO_CANDIDATES_GENERATED pairs=24315 evals=1408 576s
[609227.3] PE_E_T2000_R1440: step 513 NO_CANDIDATES_GENERATED pairs=24315 evals=1408 576s
[609227.3] PE_E_T2000_R1440: step 514 NO_CANDIDATES_GENERATED pairs=24315 evals=1408 576s
[609227.5] PE_E_T2000_R1440: step 515 NO_CANDIDATES_GENERATED pairs=24315 evals=1408 576s
[609227.6] PE_E_T2000_R1440: step 516 NO_CANDIDATES_GENERATED pairs=24315 evals=1408 576s
[609227.7] PE_E_T2000_R1440: step 517 NO_CANDIDATES_GENERATED pairs=24315 evals=1408 576s
[609227.8] PE_E_T2000_R1440: step 518 NO_CANDIDATES_GENERATED pairs=24315 evals=1408 576s
[609227.9] PE_E_T2000_R1440: step 519 NO_CANDIDATES_GENERATED pairs=24315 evals=1408 577s
[609235.2] PE_E_T2000_R1440: step 520 ELEVATED pairs=24220 evals=1417 584s
[609235.3] PE_E_T2000_R1440: step 521 NO_CANDIDATES_GENERATED pairs=24220 evals=1417 584s
[609235.4] PE_E_T2000_R1440: step 522 NO_CANDIDATES_GENERATED pairs=24220 evals=1417 584s
[609235.5] PE_E_T2000_R1440: step 523 NO_CANDIDATES_GENERATED pairs=24220 evals=1417 584s
[609235.6] PE_E_T2000_R1440: step 524 NO_CANDIDATES_GENERATED pairs=24220 evals=1417 584s
[609235.7] PE_E_T2000_R1440: step 525 NO_CANDIDATES_GENERATED pairs=24220 evals=1417 584s
[609235.8] PE_E_T2000_R1440: step 526 NO_CANDIDATES_GENERATED pairs=24220 evals=1417 584s
[609235.8] PE_E_T2000_R1440: step 527 NO_CANDIDATES_GENERATED pairs=24220 evals=1417 584s
[609235.9] PE_E_T2000_R1440: step 528 NO_CANDIDATES_GENERATED pairs=24220 evals=1417 585s
[609236.0] PE_E_T2000_R1440: step 529 NO_CANDIDATES_GENERATED pairs=24220 evals=1417 585s
[609243.3] PE_E_T2000_R1440: step 530 ELEVATED pairs=24056 evals=1433 592s
[609243.4] PE_E_T2000_R1440: step 531 NO_CANDIDATES_GENERATED pairs=24056 evals=1433 592s
[609243.5] PE_E_T2000_R1440: step 532 NO_CANDIDATES_GENERATED pairs=24056 evals=1433 592s
[609243.6] PE_E_T2000_R1440: step 533 NO_CANDIDATES_GENERATED pairs=24056 evals=1433 592s
[609243.7] PE_E_T2000_R1440: step 534 NO_CANDIDATES_GENERATED pairs=24056 evals=1433 592s
[609243.7] PE_E_T2000_R1440: step 535 NO_CANDIDATES_GENERATED pairs=24056 evals=1433 592s
[609243.8] PE_E_T2000_R1440: step 536 NO_CANDIDATES_GENERATED pairs=24056 evals=1433 592s
[609243.9] PE_E_T2000_R1440: step 537 NO_CANDIDATES_GENERATED pairs=24056 evals=1433 593s
[609244.0] PE_E_T2000_R1440: step 538 NO_CANDIDATES_GENERATED pairs=24056 evals=1433 593s
[609244.1] PE_E_T2000_R1440: step 539 NO_CANDIDATES_GENERATED pairs=24056 evals=1433 593s
[609247.6] PE_E_T2000_R1440: step 540 ELEVATED pairs=23894 evals=1440 596s
[609247.8] PE_E_T2000_R1440: done final=23894 moves=98 first=98 reloc=0 ret=0 evals=1440 stop=CANDIDATE_BUDGET_EXHAUSTED
[609291.8] PE_E_T2000_R1440: recheck PASS checks=130816
