[553085.9] V5_LEGACY_NC2880: start mode=N budget=2880 spec={"name": "V5_LEGACY", "target_policy": "LEGACY", "evaluation_policy": "E0_EXHAUSTIVE", "traversal_policy": "BASE", "max_targets": 200, "k_per_target": 16, "family_round_robin": false, "relocation_side_reserve": 0, "waiting_age": false, "route_coverage": false, "multi_anchor": false, "exact_dedup": false, "decision_cache": false, "return_action": false, "cache_structural_skips": false, "window_slack_mm": 1e-05, "notes": ""}
[553085.9] V5_LEGACY_NC2880: start state=challenge C:\Users\lihao\Desktop\Graduation Project\OpticalWaveguideRouter3D\outputs\3d_strategy_v4\512_full_layout\N2880 pairs=30999
[553092.2] V5_LEGACY_NC2880: INITIAL_DONE pairs=30999
[553092.3] V5_LEGACY_NC2880: step 1 NO_CANDIDATES_GENERATED pairs=30999 evals=0 0s
[553092.4] V5_LEGACY_NC2880: step 2 NO_CANDIDATES_GENERATED pairs=30999 evals=0 0s
[553092.5] V5_LEGACY_NC2880: step 3 NO_CANDIDATES_GENERATED pairs=30999 evals=0 1s
[553092.7] V5_LEGACY_NC2880: step 4 NO_CANDIDATES_GENERATED pairs=30999 evals=0 1s
[553092.8] V5_LEGACY_NC2880: step 5 NO_CANDIDATES_GENERATED pairs=30999 evals=0 1s
[553092.9] V5_LEGACY_NC2880: step 6 NO_CANDIDATES_GENERATED pairs=30999 evals=0 1s
[553131.1] V5_LEGACY_NC2880: step 7 ELEVATED pairs=30804 evals=54 39s
[553173.8] V5_LEGACY_NC2880: step 8 ELEVATED pairs=30610 evals=108 82s
[553237.6] V5_LEGACY_NC2880: step 9 ELEVATED pairs=30415 evals=180 146s
[553298.6] V5_LEGACY_NC2880: step 10 ELEVATED pairs=30222 evals=252 207s
[553299.0] V5_LEGACY_NC2880: step 11 NO_CANDIDATES_GENERATED pairs=30222 evals=252 207s
[553317.0] V5_LEGACY_NC2880: step 12 ELEVATED pairs=30031 evals=270 225s
[553337.7] V5_LEGACY_NC2880: step 13 ELEVATED pairs=29842 evals=288 246s
[553363.1] V5_LEGACY_NC2880: step 14 ELEVATED pairs=29655 evals=306 271s
[553423.9] V5_LEGACY_NC2880: step 15 ELEVATED pairs=29456 evals=360 332s
[553446.2] V5_LEGACY_NC2880: step 16 ELEVATED pairs=29271 evals=378 354s
[553507.4] V5_LEGACY_NC2880: step 17 ELEVATED pairs=29074 evals=432 415s
[553560.8] V5_LEGACY_NC2880: step 18 ELEVATED pairs=28879 evals=486 469s
[553600.1] V5_LEGACY_NC2880: step 19 ELEVATED pairs=28704 evals=522 508s
[553641.5] V5_LEGACY_NC2880: step 20 ELEVATED pairs=28531 evals=558 550s
[553684.9] V5_LEGACY_NC2880: step 21 ELEVATED pairs=28342 evals=612 593s
[553723.9] V5_LEGACY_NC2880: step 22 ELEVATED pairs=28165 evals=666 632s
[553767.0] V5_LEGACY_NC2880: step 23 ELEVATED pairs=27978 evals=720 675s
[553790.3] V5_LEGACY_NC2880: step 24 ELEVATED pairs=27815 evals=738 698s
[553832.6] V5_LEGACY_NC2880: step 25 ELEVATED pairs=27630 evals=792 741s
[553876.8] V5_LEGACY_NC2880: step 26 ELEVATED pairs=27447 evals=846 785s
[553924.5] V5_LEGACY_NC2880: step 27 ELEVATED pairs=27269 evals=900 832s
[553932.3] V5_LEGACY_NC2880: step 28 ELEVATED pairs=27097 evals=909 840s
[553979.4] V5_LEGACY_NC2880: step 29 ELEVATED pairs=26921 evals=963 887s
[553986.3] V5_LEGACY_NC2880: step 30 ELEVATED pairs=26751 evals=972 894s
[554031.5] V5_LEGACY_NC2880: step 31 ELEVATED pairs=26577 evals=1026 940s
[554039.5] V5_LEGACY_NC2880: step 32 ELEVATED pairs=26409 evals=1035 947s
[554086.6] V5_LEGACY_NC2880: step 33 ELEVATED pairs=26237 evals=1089 995s
[554086.9] V5_LEGACY_NC2880: step 34 NO_CANDIDATES_GENERATED pairs=26237 evals=1089 995s
[554093.9] V5_LEGACY_NC2880: step 35 ELEVATED pairs=26071 evals=1098 1002s
[554137.8] V5_LEGACY_NC2880: step 36 ELEVATED pairs=25901 evals=1152 1046s
[554182.2] V5_LEGACY_NC2880: step 37 ELEVATED pairs=25733 evals=1206 1090s
[554228.4] V5_LEGACY_NC2880: step 38 ELEVATED pairs=25567 evals=1260 1136s
[554273.2] V5_LEGACY_NC2880: step 39 ELEVATED pairs=25403 evals=1314 1181s
[554311.1] V5_LEGACY_NC2880: step 40 ELEVATED pairs=25241 evals=1368 1219s
[554344.1] V5_LEGACY_NC2880: step 41 ELEVATED pairs=25086 evals=1422 1252s
[554406.0] V5_LEGACY_NC2880: step 42 ELEVATED pairs=24926 evals=1476 1314s
[554459.4] V5_LEGACY_NC2880: step 43 ELEVATED pairs=24735 evals=1548 1367s
[554538.1] V5_LEGACY_NC2880: step 44 ELEVATED pairs=24570 evals=1620 1446s
[554614.5] V5_LEGACY_NC2880: step 45 ELEVATED pairs=24407 evals=1692 1523s
[554686.5] V5_LEGACY_NC2880: step 46 ELEVATED pairs=24246 evals=1746 1595s
[554757.7] V5_LEGACY_NC2880: step 47 ELEVATED pairs=24087 evals=1800 1666s
[554811.3] V5_LEGACY_NC2880: step 48 ELEVATED pairs=23913 evals=1872 1719s
[554884.3] V5_LEGACY_NC2880: step 49 ELEVATED pairs=23756 evals=1926 1792s
[554939.2] V5_LEGACY_NC2880: step 50 ELEVATED pairs=23605 evals=1980 1847s
[555016.3] V5_LEGACY_NC2880: step 51 ELEVATED pairs=23450 evals=2034 1924s
[555069.5] V5_LEGACY_NC2880: step 52 ELEVATED pairs=23299 evals=2088 1977s
[555120.6] V5_LEGACY_NC2880: step 53 ELEVATED pairs=23148 evals=2142 2029s
[555169.9] V5_LEGACY_NC2880: step 54 ELEVATED pairs=22997 evals=2196 2078s
[555237.9] V5_LEGACY_NC2880: step 55 ELEVATED pairs=22844 evals=2250 2146s
[555296.6] V5_LEGACY_NC2880: step 56 ELEVATED pairs=22693 evals=2313 2205s
[555361.2] V5_LEGACY_NC2880: step 57 ELEVATED pairs=22541 evals=2367 2269s
[555423.8] V5_LEGACY_NC2880: step 58 ELEVATED pairs=22391 evals=2421 2332s
[555493.9] V5_LEGACY_NC2880: step 59 ELEVATED pairs=22253 evals=2493 2402s
[555557.8] V5_LEGACY_NC2880: step 60 ELEVATED pairs=22114 evals=2565 2466s
[555619.4] V5_LEGACY_NC2880: step 61 ELEVATED pairs=21984 evals=2637 2527s
[555690.3] V5_LEGACY_NC2880: step 62 ELEVATED pairs=21856 evals=2709 2598s
[555761.5] V5_LEGACY_NC2880: step 63 ELEVATED pairs=21730 evals=2781 2669s
[555794.8] V5_LEGACY_NC2880: step 64 ELEVATED pairs=21594 evals=2835 2703s
[555812.3] V5_LEGACY_NC2880: step 65 ELEVATED pairs=21462 evals=2853 2720s
[555828.8] V5_LEGACY_NC2880: step 66 ELEVATED pairs=21351 evals=2880 2737s
[555829.4] V5_LEGACY_NC2880: done final=21351 moves=58 first=58 reloc=0 ret=0 evals=2880 stop=CANDIDATE_BUDGET_EXHAUSTED
[555935.4] V5_LEGACY_NC2880: recheck PASS checks=130816
