[554372.0] V6_E1_N2880: start mode=N budget=2880 spec={"name": "V6_E1", "target_policy": "STRATIFIED", "evaluation_policy": "E1_ORDERED_EXHAUSTIVE", "traversal_policy": "BASE", "max_targets": 200, "k_per_target": 16, "family_round_robin": false, "relocation_side_reserve": 0, "waiting_age": false, "route_coverage": false, "multi_anchor": false, "exact_dedup": false, "decision_cache": false, "return_action": false, "cache_structural_skips": false, "window_slack_mm": 1e-05, "notes": ""}
[554372.0] V6_E1_N2880: start state=main C:\Users\lihao\Desktop\Graduation Project\OpticalWaveguideRouter3D\outputs\3d_strategy_v3\512_ablation\D_both_enabled pairs=42909
[554379.2] V6_E1_N2880: INITIAL_DONE pairs=42909
[554379.6] V6_E1_N2880: step 1 NO_CANDIDATES_GENERATED pairs=42909 evals=0 1s
[554385.2] V6_E1_N2880: step 2 NO_CANDIDATES_GENERATED pairs=42909 evals=0 6s
[554385.5] V6_E1_N2880: step 3 NO_CANDIDATES_GENERATED pairs=42909 evals=0 7s
[554416.6] V6_E1_N2880: step 4 ELEVATED pairs=42635 evals=27 38s
[554480.7] V6_E1_N2880: step 5 ELEVATED pairs=42375 evals=99 102s
[554564.5] V6_E1_N2880: step 6 ELEVATED pairs=42120 evals=171 186s
[554564.8] V6_E1_N2880: step 7 NO_CANDIDATES_GENERATED pairs=42120 evals=171 186s
[554643.3] V6_E1_N2880: step 8 ELEVATED pairs=41868 evals=243 264s
[554715.8] V6_E1_N2880: step 9 ELEVATED pairs=41618 evals=315 337s
[554746.1] V6_E1_N2880: step 10 ELEVATED pairs=41373 evals=342 367s
[554790.1] V6_E1_N2880: step 11 ELEVATED pairs=41120 evals=378 411s
[554845.8] V6_E1_N2880: step 12 ELEVATED pairs=40851 evals=432 467s
[554910.2] V6_E1_N2880: step 13 ELEVATED pairs=40598 evals=486 531s
[554948.9] V6_E1_N2880: step 14 ELEVATED pairs=40338 evals=540 570s
[555028.5] V6_E1_N2880: step 15 ELEVATED pairs=40082 evals=639 649s
[555097.7] V6_E1_N2880: step 16 ELEVATED pairs=39841 evals=693 719s
[555181.3] V6_E1_N2880: step 17 ELEVATED pairs=39589 evals=792 802s
[555240.1] V6_E1_N2880: step 18 ELEVATED pairs=39341 evals=846 861s
[555301.1] V6_E1_N2880: step 19 ELEVATED pairs=39098 evals=900 922s
[555364.4] V6_E1_N2880: step 20 ELEVATED pairs=38851 evals=954 985s
[555417.9] V6_E1_N2880: step 21 ELEVATED pairs=38606 evals=1008 1039s
[555475.5] V6_E1_N2880: step 22 ELEVATED pairs=38365 evals=1062 1097s
[555560.5] V6_E1_N2880: step 23 ELEVATED pairs=38118 evals=1161 1181s
[555619.5] V6_E1_N2880: step 24 ELEVATED pairs=37888 evals=1215 1240s
[555672.9] V6_E1_N2880: step 25 ELEVATED pairs=37652 evals=1269 1294s
[555739.6] V6_E1_N2880: step 26 ELEVATED pairs=37426 evals=1323 1361s
