[555868.8] V6_E2_N720: start mode=N budget=720 spec={"name": "V6_E2", "target_policy": "LEGACY", "evaluation_policy": "E2_ORDERED_K16", "traversal_policy": "BASE", "max_targets": 200, "k_per_target": 16, "family_round_robin": false, "relocation_side_reserve": 0, "waiting_age": false, "route_coverage": false, "multi_anchor": false, "exact_dedup": false, "decision_cache": false, "return_action": false, "cache_structural_skips": false, "window_slack_mm": 1e-05, "notes": ""}
[555868.8] V6_E2_N720: start state=main C:\Users\lihao\Desktop\Graduation Project\OpticalWaveguideRouter3D\outputs\3d_strategy_v3\512_ablation\D_both_enabled pairs=42909
[555876.1] V6_E2_N720: INITIAL_DONE pairs=42909
[555876.4] V6_E2_N720: step 1 NO_CANDIDATES_GENERATED pairs=42909 evals=0 1s
[555876.6] V6_E2_N720: step 2 NO_CANDIDATES_GENERATED pairs=42909 evals=0 1s
[555887.3] V6_E2_N720: step 3 ELEVATED pairs=42661 evals=16 11s
[555905.4] V6_E2_N720: step 4 ELEVATED pairs=42487 evals=32 30s
[555919.8] V6_E2_N720: step 5 ELEVATED pairs=42305 evals=48 44s
[555934.3] V6_E2_N720: step 6 ELEVATED pairs=42121 evals=64 58s
[555948.7] V6_E2_N720: step 7 ELEVATED pairs=41936 evals=80 73s
[555959.3] V6_E2_N720: step 8 ELEVATED pairs=41680 evals=96 83s
[555973.9] V6_E2_N720: step 9 ELEVATED pairs=41486 evals=112 98s
[555984.2] V6_E2_N720: step 10 ELEVATED pairs=41225 evals=128 108s
[556004.0] V6_E2_N720: step 11 ELEVATED pairs=41046 evals=144 128s
[556024.3] V6_E2_N720: step 12 ELEVATED pairs=40867 evals=160 148s
[556033.8] V6_E2_N720: step 13 ELEVATED pairs=40628 evals=176 158s
[556047.1] V6_E2_N720: step 14 ELEVATED pairs=40377 evals=192 171s
[556056.2] V6_E2_N720: step 15 ELEVATED pairs=40136 evals=208 180s
[556069.0] V6_E2_N720: step 16 ELEVATED pairs=39887 evals=224 193s
[556081.9] V6_E2_N720: step 17 ELEVATED pairs=39640 evals=240 206s
[556094.4] V6_E2_N720: step 18 ELEVATED pairs=39399 evals=256 219s
[556107.8] V6_E2_N720: step 19 ELEVATED pairs=39175 evals=272 232s
[556120.7] V6_E2_N720: step 20 ELEVATED pairs=38969 evals=288 245s
[556138.0] V6_E2_N720: step 21 ELEVATED pairs=38811 evals=304 262s
[556152.0] V6_E2_N720: step 22 ELEVATED pairs=38668 evals=320 276s
[556164.6] V6_E2_N720: step 23 ELEVATED pairs=38466 evals=336 289s
[556177.3] V6_E2_N720: step 24 ELEVATED pairs=38332 evals=352 301s
[556187.8] V6_E2_N720: step 25 ELEVATED pairs=38108 evals=368 312s
[556200.8] V6_E2_N720: step 26 ELEVATED pairs=37974 evals=384 325s
[556211.1] V6_E2_N720: step 27 ELEVATED pairs=37771 evals=400 335s
[556221.7] V6_E2_N720: step 28 ELEVATED pairs=37568 evals=416 346s
[556230.4] V6_E2_N720: step 29 ELEVATED pairs=37338 evals=432 355s
[556239.1] V6_E2_N720: step 30 ELEVATED pairs=37110 evals=448 363s
[556250.9] V6_E2_N720: step 31 ELEVATED pairs=36910 evals=464 375s
[556259.6] V6_E2_N720: step 32 ELEVATED pairs=36684 evals=480 384s
[556271.1] V6_E2_N720: step 33 ELEVATED pairs=36466 evals=496 395s
[556282.3] V6_E2_N720: step 34 ELEVATED pairs=36269 evals=512 406s
[556302.1] V6_E2_N720: step 35 ELEVATED pairs=36073 evals=528 426s
[556316.1] V6_E2_N720: step 36 ELEVATED pairs=35887 evals=544 440s
[556327.6] V6_E2_N720: step 37 ELEVATED pairs=35774 evals=560 452s
[556340.3] V6_E2_N720: step 38 ELEVATED pairs=35543 evals=576 464s
[556350.8] V6_E2_N720: step 39 ELEVATED pairs=35343 evals=592 475s
[556363.6] V6_E2_N720: step 40 ELEVATED pairs=35138 evals=608 488s
[556364.0] V6_E2_N720: step 41 NO_CANDIDATES_GENERATED pairs=35138 evals=608 488s
[556364.2] V6_E2_N720: step 42 NO_CANDIDATES_GENERATED pairs=35138 evals=608 488s
[556381.3] V6_E2_N720: step 43 ELEVATED pairs=34935 evals=624 505s
[556397.5] V6_E2_N720: step 44 ELEVATED pairs=34734 evals=640 522s
[556410.0] V6_E2_N720: step 45 ELEVATED pairs=34539 evals=656 534s
[556426.3] V6_E2_N720: step 46 ELEVATED pairs=34340 evals=672 550s
[556443.0] V6_E2_N720: step 47 ELEVATED pairs=34143 evals=688 567s
[556459.4] V6_E2_N720: step 48 ELEVATED pairs=33933 evals=704 584s
[556480.8] V6_E2_N720: step 49 ELEVATED pairs=33738 evals=720 605s
[556481.5] V6_E2_N720: step 50 ABORTED_CANDIDATE_BUDGET pairs=33738 evals=720 606s
[556482.2] V6_E2_N720: done final=33738 moves=45 first=45 reloc=0 ret=0 evals=720 stop=CANDIDATE_BUDGET_EXHAUSTED
[556568.1] V6_E2_N720: recheck PASS checks=130816
