[559502.0] IDEA_G_N2880: start mode=N budget=2880 spec={"name": "IDEA_G", "target_policy": "LEGACY", "evaluation_policy": "E2_ORDERED_K16", "traversal_policy": "BASE", "max_targets": 200, "k_per_target": 16, "family_round_robin": false, "relocation_side_reserve": 0, "waiting_age": false, "route_coverage": false, "multi_anchor": false, "exact_dedup": false, "decision_cache": true, "return_action": false, "cache_structural_skips": false, "window_slack_mm": 1e-05, "notes": ""}
[559502.0] IDEA_G_N2880: start state=main C:\Users\lihao\Desktop\Graduation Project\OpticalWaveguideRouter3D\outputs\3d_strategy_v3\512_ablation\D_both_enabled pairs=42909
[559511.2] IDEA_G_N2880: INITIAL_DONE pairs=42909
[559511.9] IDEA_G_N2880: step 1 NO_CANDIDATES_GENERATED pairs=42909 evals=0 1s
[559512.5] IDEA_G_N2880: step 2 NO_CANDIDATES_GENERATED pairs=42909 evals=0 2s
[559529.3] IDEA_G_N2880: step 3 ELEVATED pairs=42661 evals=16 18s
[559556.7] IDEA_G_N2880: step 4 ELEVATED pairs=42487 evals=32 46s
[559579.5] IDEA_G_N2880: step 5 ELEVATED pairs=42305 evals=48 69s
[559602.0] IDEA_G_N2880: step 6 ELEVATED pairs=42121 evals=64 91s
[559626.2] IDEA_G_N2880: step 7 ELEVATED pairs=41936 evals=80 115s
[559641.6] IDEA_G_N2880: step 8 ELEVATED pairs=41680 evals=96 131s
[559664.4] IDEA_G_N2880: step 9 ELEVATED pairs=41486 evals=112 154s
[559683.6] IDEA_G_N2880: step 10 ELEVATED pairs=41225 evals=128 173s
[559718.8] IDEA_G_N2880: step 11 ELEVATED pairs=41046 evals=144 208s
[559745.5] IDEA_G_N2880: step 12 ELEVATED pairs=40867 evals=160 235s
[559757.7] IDEA_G_N2880: step 13 ELEVATED pairs=40628 evals=176 247s
[559775.9] IDEA_G_N2880: step 14 ELEVATED pairs=40377 evals=192 265s
[559788.2] IDEA_G_N2880: step 15 ELEVATED pairs=40136 evals=208 277s
[559804.9] IDEA_G_N2880: step 16 ELEVATED pairs=39887 evals=224 294s
[559824.6] IDEA_G_N2880: step 17 ELEVATED pairs=39640 evals=240 314s
[559845.0] IDEA_G_N2880: step 18 ELEVATED pairs=39399 evals=256 334s
[559866.3] IDEA_G_N2880: step 19 ELEVATED pairs=39175 evals=272 355s
[559882.2] IDEA_G_N2880: step 20 ELEVATED pairs=38969 evals=288 371s
[559906.1] IDEA_G_N2880: step 21 ELEVATED pairs=38811 evals=304 395s
[559924.8] IDEA_G_N2880: step 22 ELEVATED pairs=38668 evals=320 414s
[559940.3] IDEA_G_N2880: step 23 ELEVATED pairs=38466 evals=336 429s
[559962.6] IDEA_G_N2880: step 24 ELEVATED pairs=38332 evals=352 452s
[559975.4] IDEA_G_N2880: step 25 ELEVATED pairs=38108 evals=368 465s
[559995.0] IDEA_G_N2880: step 26 ELEVATED pairs=37974 evals=384 484s
[560009.1] IDEA_G_N2880: step 27 ELEVATED pairs=37771 evals=400 498s
[560023.2] IDEA_G_N2880: step 28 ELEVATED pairs=37568 evals=416 512s
[560034.7] IDEA_G_N2880: step 29 ELEVATED pairs=37338 evals=432 524s
[560049.0] IDEA_G_N2880: step 30 ELEVATED pairs=37110 evals=448 538s
[560068.8] IDEA_G_N2880: step 31 ELEVATED pairs=36910 evals=464 558s
[560083.5] IDEA_G_N2880: step 32 ELEVATED pairs=36684 evals=480 573s
[560101.7] IDEA_G_N2880: step 33 ELEVATED pairs=36466 evals=496 591s
[560119.0] IDEA_G_N2880: step 34 ELEVATED pairs=36269 evals=512 608s
[560145.1] IDEA_G_N2880: step 35 ELEVATED pairs=36073 evals=528 634s
[560162.7] IDEA_G_N2880: step 36 ELEVATED pairs=35887 evals=544 652s
[560178.2] IDEA_G_N2880: step 37 ELEVATED pairs=35774 evals=560 667s
[560194.2] IDEA_G_N2880: step 38 ELEVATED pairs=35543 evals=576 683s
[560205.9] IDEA_G_N2880: step 39 ELEVATED pairs=35343 evals=592 695s
[560222.0] IDEA_G_N2880: step 40 ELEVATED pairs=35138 evals=608 711s
[560222.4] IDEA_G_N2880: step 41 NO_CANDIDATES_GENERATED pairs=35138 evals=608 712s
[560222.8] IDEA_G_N2880: step 42 NO_CANDIDATES_GENERATED pairs=35138 evals=608 712s
[560238.3] IDEA_G_N2880: step 43 ELEVATED pairs=34935 evals=624 728s
[560257.4] IDEA_G_N2880: step 44 ELEVATED pairs=34734 evals=640 747s
[560268.2] IDEA_G_N2880: step 45 ELEVATED pairs=34539 evals=656 757s
[560287.3] IDEA_G_N2880: step 46 ELEVATED pairs=34340 evals=672 776s
[560306.2] IDEA_G_N2880: step 47 ELEVATED pairs=34143 evals=688 795s
[560322.7] IDEA_G_N2880: step 48 ELEVATED pairs=33933 evals=704 812s
[560341.7] IDEA_G_N2880: step 49 ELEVATED pairs=33738 evals=720 831s
[560356.3] IDEA_G_N2880: step 50 ELEVATED pairs=33530 evals=736 845s
[560368.6] IDEA_G_N2880: step 51 ELEVATED pairs=33326 evals=752 858s
[560386.5] IDEA_G_N2880: step 52 ELEVATED pairs=33133 evals=768 876s
[560400.4] IDEA_G_N2880: step 53 ELEVATED pairs=32926 evals=784 890s
[560418.3] IDEA_G_N2880: step 54 ELEVATED pairs=32735 evals=800 908s
[560431.9] IDEA_G_N2880: step 55 ELEVATED pairs=32530 evals=816 921s
[560450.3] IDEA_G_N2880: step 56 ELEVATED pairs=32341 evals=832 939s
[560464.1] IDEA_G_N2880: step 57 ELEVATED pairs=32137 evals=848 953s
[560483.7] IDEA_G_N2880: step 58 ELEVATED pairs=31950 evals=864 973s
[560493.0] IDEA_G_N2880: step 59 ELEVATED pairs=31792 evals=880 982s
[560507.2] IDEA_G_N2880: step 60 ELEVATED pairs=31590 evals=896 996s
[560521.1] IDEA_G_N2880: step 61 ELEVATED pairs=31389 evals=912 1010s
[560533.2] IDEA_G_N2880: step 62 ELEVATED pairs=31226 evals=928 1022s
[560546.4] IDEA_G_N2880: step 63 ELEVATED pairs=31027 evals=944 1036s
[560559.5] IDEA_G_N2880: step 64 ELEVATED pairs=30829 evals=960 1049s
[560559.8] IDEA_G_N2880: step 65 NO_CANDIDATES_GENERATED pairs=30829 evals=960 1049s
[560560.1] IDEA_G_N2880: step 66 NO_CANDIDATES_GENERATED pairs=30829 evals=960 1049s
[560560.3] IDEA_G_N2880: step 67 NO_CANDIDATES_GENERATED pairs=30829 evals=960 1050s
[560573.1] IDEA_G_N2880: step 68 ELEVATED pairs=30633 evals=976 1062s
[560584.3] IDEA_G_N2880: step 69 ELEVATED pairs=30481 evals=992 1073s
[560595.3] IDEA_G_N2880: step 70 ELEVATED pairs=30367 evals=1008 1084s
[560608.6] IDEA_G_N2880: step 71 ELEVATED pairs=30214 evals=1024 1098s
[560617.4] IDEA_G_N2880: step 72 ELEVATED pairs=30030 evals=1033 1107s
[560629.9] IDEA_G_N2880: step 73 ELEVATED pairs=29879 evals=1049 1119s
[560638.9] IDEA_G_N2880: step 74 ELEVATED pairs=29697 evals=1058 1128s
[560651.6] IDEA_G_N2880: step 75 ELEVATED pairs=29548 evals=1074 1141s
[560660.5] IDEA_G_N2880: step 76 ELEVATED pairs=29368 evals=1083 1150s
[560669.1] IDEA_G_N2880: step 77 ELEVATED pairs=29190 evals=1092 1158s
[560692.1] IDEA_G_N2880: step 78 ELEVATED pairs=28961 evals=1108 1181s
[560699.9] IDEA_G_N2880: step 79 ELEVATED pairs=28776 evals=1124 1189s
[560707.7] IDEA_G_N2880: step 80 ELEVATED pairs=28593 evals=1140 1197s
[560715.6] IDEA_G_N2880: step 81 ELEVATED pairs=28412 evals=1156 1205s
[560724.0] IDEA_G_N2880: step 82 ELEVATED pairs=28233 evals=1172 1213s
[560732.4] IDEA_G_N2880: step 83 ELEVATED pairs=28134 evals=1188 1222s
[560743.3] IDEA_G_N2880: step 84 ELEVATED pairs=28022 evals=1204 1232s
[560751.6] IDEA_G_N2880: step 85 ELEVATED pairs=27902 evals=1220 1241s
[560760.0] IDEA_G_N2880: step 86 ELEVATED pairs=27782 evals=1236 1249s
[560768.1] IDEA_G_N2880: step 87 ELEVATED pairs=27662 evals=1252 1257s
[560776.2] IDEA_G_N2880: step 88 ELEVATED pairs=27514 evals=1268 1265s
[560784.5] IDEA_G_N2880: step 89 ELEVATED pairs=27394 evals=1284 1274s
[560794.3] IDEA_G_N2880: step 90 ELEVATED pairs=27248 evals=1300 1283s
[560804.6] IDEA_G_N2880: step 91 ELEVATED pairs=27092 evals=1316 1294s
[560814.2] IDEA_G_N2880: step 92 PREFIX_EVALUATED_NO_WINNER_DEFERRED pairs=27092 evals=1332 1303s
[560824.1] IDEA_G_N2880: step 93 ELEVATED pairs=26951 evals=1348 1313s
[560827.9] IDEA_G_N2880: step 94 PREFIX_EVALUATED_NO_WINNER_DEFERRED pairs=26951 evals=1364 1317s
[560838.1] IDEA_G_N2880: step 95 ELEVATED pairs=26895 evals=1380 1327s
[560849.0] IDEA_G_N2880: step 96 ELEVATED pairs=26781 evals=1396 1338s
[560862.6] IDEA_G_N2880: step 97 ELEVATED pairs=26690 evals=1412 1352s
[560874.9] IDEA_G_N2880: step 98 ELEVATED pairs=26525 evals=1428 1364s
[560884.7] IDEA_G_N2880: step 99 ELEVATED pairs=26436 evals=1444 1374s
[560897.3] IDEA_G_N2880: step 100 ELEVATED pairs=26273 evals=1460 1386s
[560909.8] IDEA_G_N2880: step 101 ELEVATED pairs=26112 evals=1476 1399s
[560918.7] IDEA_G_N2880: step 102 ELEVATED pairs=26016 evals=1492 1408s
[560934.1] IDEA_G_N2880: step 103 ELEVATED pairs=25857 evals=1508 1423s
[560942.9] IDEA_G_N2880: step 104 ELEVATED pairs=25803 evals=1524 1432s
[560954.6] IDEA_G_N2880: step 105 ELEVATED pairs=25644 evals=1540 1444s
[560966.2] IDEA_G_N2880: step 106 ELEVATED pairs=25487 evals=1556 1455s
[560972.6] IDEA_G_N2880: step 107 ELEVATED pairs=25361 evals=1572 1462s
[560983.8] IDEA_G_N2880: step 108 ELEVATED pairs=25207 evals=1588 1473s
[560993.7] IDEA_G_N2880: step 109 ELEVATED pairs=25144 evals=1604 1483s
[561001.7] IDEA_G_N2880: step 110 ELEVATED pairs=24969 evals=1620 1491s
[561007.6] IDEA_G_N2880: step 111 ELEVATED pairs=24796 evals=1636 1497s
[561018.4] IDEA_G_N2880: step 112 ELEVATED pairs=24735 evals=1652 1508s
[561041.8] IDEA_G_N2880: step 113 ELEVATED pairs=24607 evals=1668 1531s
[561065.3] IDEA_G_N2880: step 114 ELEVATED pairs=24481 evals=1684 1554s
[561077.1] IDEA_G_N2880: step 115 ELEVATED pairs=24411 evals=1700 1566s
[561092.1] IDEA_G_N2880: step 116 ELEVATED pairs=24317 evals=1709 1581s
[561112.8] IDEA_G_N2880: step 117 ELEVATED pairs=24173 evals=1725 1602s
[561123.3] IDEA_G_N2880: step 118 ELEVATED pairs=24079 evals=1741 1612s
[561143.7] IDEA_G_N2880: step 119 ELEVATED pairs=23935 evals=1757 1633s
[561163.5] IDEA_G_N2880: step 120 ELEVATED pairs=23791 evals=1773 1653s
[561173.5] IDEA_G_N2880: step 121 ELEVATED pairs=23698 evals=1789 1663s
[561192.6] IDEA_G_N2880: step 122 ELEVATED pairs=23554 evals=1805 1682s
[561224.9] IDEA_G_N2880: step 123 ELEVATED pairs=23440 evals=1821 1714s
[561240.8] IDEA_G_N2880: step 124 ELEVATED pairs=23259 evals=1837 1730s
[561271.9] IDEA_G_N2880: step 125 ELEVATED pairs=23145 evals=1853 1761s
[561302.7] IDEA_G_N2880: step 126 ELEVATED pairs=23031 evals=1869 1792s
[561321.8] IDEA_G_N2880: step 127 ELEVATED pairs=22866 evals=1885 1811s
[561351.5] IDEA_G_N2880: step 128 ELEVATED pairs=22752 evals=1901 1841s
[561372.3] IDEA_G_N2880: step 129 ELEVATED pairs=22589 evals=1917 1861s
[561395.8] IDEA_G_N2880: step 130 ELEVATED pairs=22428 evals=1933 1885s
[561419.7] IDEA_G_N2880: step 131 ELEVATED pairs=22269 evals=1949 1909s
[561431.5] IDEA_G_N2880: step 132 ELEVATED pairs=22187 evals=1965 1921s
[561442.6] IDEA_G_N2880: step 133 ELEVATED pairs=22053 evals=1981 1932s
[561453.5] IDEA_G_N2880: step 134 ELEVATED pairs=21921 evals=1997 1943s
[561470.3] IDEA_G_N2880: step 135 ELEVATED pairs=21793 evals=2013 1959s
[561480.8] IDEA_G_N2880: step 136 ELEVATED pairs=21663 evals=2029 1970s
[561491.1] IDEA_G_N2880: step 137 ELEVATED pairs=21599 evals=2045 1980s
[561500.9] IDEA_G_N2880: step 138 ELEVATED pairs=21536 evals=2061 1990s
[561510.3] IDEA_G_N2880: step 139 ELEVATED pairs=21473 evals=2077 1999s
[561518.1] IDEA_G_N2880: step 140 ELEVATED pairs=21404 evals=2093 2007s
[561526.0] IDEA_G_N2880: step 141 ELEVATED pairs=21335 evals=2109 2015s
[561534.0] IDEA_G_N2880: step 142 ELEVATED pairs=21266 evals=2125 2023s
[561542.3] IDEA_G_N2880: step 143 ELEVATED pairs=21197 evals=2141 2031s
[561550.7] IDEA_G_N2880: step 144 PREFIX_EVALUATED_NO_WINNER_DEFERRED pairs=21197 evals=2157 2040s
[561570.4] IDEA_G_N2880: step 145 ELEVATED pairs=21078 evals=2173 2060s
[561573.7] IDEA_G_N2880: step 146 PREFIX_EVALUATED_NO_WINNER_DEFERRED pairs=21078 evals=2189 2063s
[561583.7] IDEA_G_N2880: step 147 ELEVATED pairs=21032 evals=2205 2073s
[561586.9] IDEA_G_N2880: step 148 PREFIX_EVALUATED_NO_WINNER_DEFERRED pairs=21032 evals=2221 2076s
[561597.2] IDEA_G_N2880: step 149 ELEVATED pairs=20986 evals=2237 2086s
[561600.4] IDEA_G_N2880: step 150 PREFIX_EVALUATED_NO_WINNER_DEFERRED pairs=20986 evals=2253 2090s
[561608.3] IDEA_G_N2880: step 151 ELEVATED pairs=20932 evals=2269 2097s
[561611.4] IDEA_G_N2880: step 152 PREFIX_EVALUATED_NO_WINNER_DEFERRED pairs=20932 evals=2285 2101s
[561619.6] IDEA_G_N2880: step 153 ELEVATED pairs=20865 evals=2301 2109s
[561622.8] IDEA_G_N2880: step 154 PREFIX_EVALUATED_NO_WINNER_DEFERRED pairs=20865 evals=2317 2112s
[561631.1] IDEA_G_N2880: step 155 ELEVATED pairs=20798 evals=2333 2120s
[561634.3] IDEA_G_N2880: step 156 PREFIX_EVALUATED_NO_WINNER_DEFERRED pairs=20798 evals=2349 2123s
[561641.7] IDEA_G_N2880: step 157 ELEVATED pairs=20731 evals=2365 2131s
[561644.8] IDEA_G_N2880: step 158 PREFIX_EVALUATED_NO_WINNER_DEFERRED pairs=20731 evals=2381 2134s
[561659.1] IDEA_G_N2880: step 159 ELEVATED pairs=20568 evals=2397 2148s
[561662.1] IDEA_G_N2880: step 160 PREFIX_EVALUATED_NO_WINNER_DEFERRED pairs=20568 evals=2413 2151s
[561669.4] IDEA_G_N2880: step 161 ELEVATED pairs=20508 evals=2429 2159s
[561672.5] IDEA_G_N2880: step 162 PREFIX_EVALUATED_NO_WINNER_DEFERRED pairs=20508 evals=2445 2162s
[561679.7] IDEA_G_N2880: step 163 ELEVATED pairs=20448 evals=2461 2169s
[561682.7] IDEA_G_N2880: step 164 PREFIX_EVALUATED_NO_WINNER_DEFERRED pairs=20448 evals=2477 2172s
[561697.0] IDEA_G_N2880: step 165 ELEVATED pairs=20287 evals=2493 2186s
[561700.1] IDEA_G_N2880: step 166 PREFIX_EVALUATED_NO_WINNER_DEFERRED pairs=20287 evals=2509 2189s
[561707.3] IDEA_G_N2880: step 167 ELEVATED pairs=20221 evals=2525 2196s
[561710.3] IDEA_G_N2880: step 168 PREFIX_EVALUATED_NO_WINNER_DEFERRED pairs=20221 evals=2541 2199s
[561723.7] IDEA_G_N2880: step 169 ELEVATED pairs=20062 evals=2557 2213s
[561726.7] IDEA_G_N2880: step 170 PREFIX_EVALUATED_NO_WINNER_DEFERRED pairs=20062 evals=2573 2216s
[561744.1] IDEA_G_N2880: step 171 ELEVATED pairs=19908 evals=2589 2233s
[561756.0] IDEA_G_N2880: step 172 ELEVATED pairs=19759 evals=2605 2245s
[561768.0] IDEA_G_N2880: step 173 ELEVATED pairs=19612 evals=2621 2257s
[561779.8] IDEA_G_N2880: step 174 ELEVATED pairs=19467 evals=2637 2269s
[561791.6] IDEA_G_N2880: step 175 ELEVATED pairs=19324 evals=2653 2281s
[561803.6] IDEA_G_N2880: step 176 ELEVATED pairs=19185 evals=2669 2293s
[561815.8] IDEA_G_N2880: step 177 ELEVATED pairs=19069 evals=2685 2305s
[561829.6] IDEA_G_N2880: step 178 ELEVATED pairs=18955 evals=2701 2319s
[561852.5] IDEA_G_N2880: step 179 ELEVATED pairs=18864 evals=2717 2342s
[561860.0] IDEA_G_N2880: step 180 PREFIX_EVALUATED_NO_WINNER_DEFERRED pairs=18864 evals=2733 2349s
[561881.3] IDEA_G_N2880: step 181 ELEVATED pairs=18774 evals=2749 2370s
[561884.4] IDEA_G_N2880: step 182 PREFIX_EVALUATED_NO_WINNER_DEFERRED pairs=18774 evals=2765 2374s
[561904.3] IDEA_G_N2880: step 183 ELEVATED pairs=18685 evals=2781 2393s
[561907.0] IDEA_G_N2880: step 184 PREFIX_EVALUATED_NO_WINNER_DEFERRED pairs=18685 evals=2797 2396s
[561925.4] IDEA_G_N2880: step 185 ELEVATED pairs=18596 evals=2813 2415s
[561928.1] IDEA_G_N2880: step 186 PREFIX_EVALUATED_NO_WINNER_DEFERRED pairs=18596 evals=2829 2417s
[561945.8] IDEA_G_N2880: step 187 ELEVATED pairs=18520 evals=2845 2435s
[561948.4] IDEA_G_N2880: step 188 PREFIX_EVALUATED_NO_WINNER_DEFERRED pairs=18520 evals=2861 2438s
[561964.5] IDEA_G_N2880: step 189 ELEVATED pairs=18444 evals=2877 2454s
[561965.3] IDEA_G_N2880: step 190 ABORTED_CANDIDATE_BUDGET pairs=18444 evals=2880 2454s
[561965.8] IDEA_G_N2880: done final=18444 moves=161 first=161 reloc=0 ret=0 evals=2880 stop=CANDIDATE_BUDGET_EXHAUSTED
[562034.6] IDEA_G_N2880: recheck PASS checks=130816
