[608646.8] PE_E_T2000_R720: start mode=R budget=720 spec={"name": "PE_E_T2000", "target_policy": "LEGACY", "evaluation_policy": "E2_ORDERED_K16", "traversal_policy": "BASE", "max_targets": 2000, "k_per_target": 16, "family_round_robin": false, "relocation_side_reserve": 0, "waiting_age": false, "route_coverage": false, "multi_anchor": true, "exact_dedup": false, "decision_cache": false, "return_action": false, "cache_structural_skips": false, "window_slack_mm": 1e-05, "generation_domain": "LINE_ONLY", "path_window_settings": null, "stage_length_cap_mm": null, "notes": ""}
[608646.8] PE_E_T2000_R720: start state=main C:\Users\lihao\Desktop\Graduation Project\OpticalWaveguideRouter3D\outputs\3d_strategy_v3\512_ablation\D_both_enabled pairs=42909
[608651.1] PE_E_T2000_R720: INITIAL_DONE pairs=42909
[608651.2] PE_E_T2000_R720: step 1 NO_CANDIDATES_GENERATED pairs=42909 evals=0 0s
[608651.4] PE_E_T2000_R720: step 2 NO_CANDIDATES_GENERATED pairs=42909 evals=0 0s
[608655.3] PE_E_T2000_R720: step 3 ELEVATED pairs=42648 evals=16 4s
[608655.5] PE_E_T2000_R720: step 4 NO_CANDIDATES_GENERATED pairs=42648 evals=16 4s
[608655.6] PE_E_T2000_R720: step 5 NO_CANDIDATES_GENERATED pairs=42648 evals=16 4s
[608659.0] PE_E_T2000_R720: step 6 ELEVATED pairs=42403 evals=25 8s
[608659.2] PE_E_T2000_R720: step 7 NO_CANDIDATES_GENERATED pairs=42403 evals=25 8s
[608659.4] PE_E_T2000_R720: step 8 NO_CANDIDATES_GENERATED pairs=42403 evals=25 8s
[608662.5] PE_E_T2000_R720: step 9 ELEVATED pairs=42161 evals=34 11s
[608662.7] PE_E_T2000_R720: step 10 NO_CANDIDATES_GENERATED pairs=42161 evals=34 12s
[608662.8] PE_E_T2000_R720: step 11 NO_CANDIDATES_GENERATED pairs=42161 evals=34 12s
[608666.0] PE_E_T2000_R720: step 12 ELEVATED pairs=41921 evals=43 15s
[608666.1] PE_E_T2000_R720: step 13 NO_CANDIDATES_GENERATED pairs=41921 evals=43 15s
[608666.3] PE_E_T2000_R720: step 14 NO_CANDIDATES_GENERATED pairs=41921 evals=43 15s
[608669.6] PE_E_T2000_R720: step 15 ELEVATED pairs=41683 evals=52 18s
[608669.7] PE_E_T2000_R720: step 16 NO_CANDIDATES_GENERATED pairs=41683 evals=52 19s
[608669.9] PE_E_T2000_R720: step 17 NO_CANDIDATES_GENERATED pairs=41683 evals=52 19s
[608676.8] PE_E_T2000_R720: step 18 ELEVATED pairs=41434 evals=68 26s
[608677.0] PE_E_T2000_R720: step 19 NO_CANDIDATES_GENERATED pairs=41434 evals=68 26s
[608677.1] PE_E_T2000_R720: step 20 NO_CANDIDATES_GENERATED pairs=41434 evals=68 26s
[608684.3] PE_E_T2000_R720: step 21 ELEVATED pairs=41184 evals=84 33s
[608684.4] PE_E_T2000_R720: step 22 NO_CANDIDATES_GENERATED pairs=41184 evals=84 33s
[608684.5] PE_E_T2000_R720: step 23 NO_CANDIDATES_GENERATED pairs=41184 evals=84 33s
[608691.8] PE_E_T2000_R720: step 24 ELEVATED pairs=40937 evals=100 41s
[608692.0] PE_E_T2000_R720: step 25 NO_CANDIDATES_GENERATED pairs=40937 evals=100 41s
[608692.1] PE_E_T2000_R720: step 26 NO_CANDIDATES_GENERATED pairs=40937 evals=100 41s
[608699.8] PE_E_T2000_R720: step 27 ELEVATED pairs=40689 evals=116 49s
[608700.0] PE_E_T2000_R720: step 28 NO_CANDIDATES_GENERATED pairs=40689 evals=116 49s
[608700.1] PE_E_T2000_R720: step 29 NO_CANDIDATES_GENERATED pairs=40689 evals=116 49s
[608705.9] PE_E_T2000_R720: step 30 ELEVATED pairs=40444 evals=132 55s
[608706.0] PE_E_T2000_R720: step 31 NO_CANDIDATES_GENERATED pairs=40444 evals=132 55s
[608706.2] PE_E_T2000_R720: step 32 NO_CANDIDATES_GENERATED pairs=40444 evals=132 55s
[608712.9] PE_E_T2000_R720: step 33 ELEVATED pairs=40198 evals=148 62s
[608713.1] PE_E_T2000_R720: step 34 NO_CANDIDATES_GENERATED pairs=40198 evals=148 62s
[608713.2] PE_E_T2000_R720: step 35 NO_CANDIDATES_GENERATED pairs=40198 evals=148 62s
[608718.9] PE_E_T2000_R720: step 36 ELEVATED pairs=39951 evals=164 68s
[608719.1] PE_E_T2000_R720: step 37 NO_CANDIDATES_GENERATED pairs=39951 evals=164 68s
[608719.2] PE_E_T2000_R720: step 38 NO_CANDIDATES_GENERATED pairs=39951 evals=164 68s
[608723.9] PE_E_T2000_R720: step 39 ELEVATED pairs=39725 evals=173 73s
[608724.0] PE_E_T2000_R720: step 40 NO_CANDIDATES_GENERATED pairs=39725 evals=173 73s
[608724.2] PE_E_T2000_R720: step 41 NO_CANDIDATES_GENERATED pairs=39725 evals=173 73s
[608728.8] PE_E_T2000_R720: step 42 ELEVATED pairs=39501 evals=182 78s
[608729.0] PE_E_T2000_R720: step 43 NO_CANDIDATES_GENERATED pairs=39501 evals=182 78s
[608729.1] PE_E_T2000_R720: step 44 NO_CANDIDATES_GENERATED pairs=39501 evals=182 78s
[608732.4] PE_E_T2000_R720: step 45 ELEVATED pairs=39283 evals=191 81s
[608732.6] PE_E_T2000_R720: step 46 NO_CANDIDATES_GENERATED pairs=39283 evals=191 81s
[608732.7] PE_E_T2000_R720: step 47 NO_CANDIDATES_GENERATED pairs=39283 evals=191 82s
[608738.9] PE_E_T2000_R720: step 48 ELEVATED pairs=39034 evals=207 88s
[608739.1] PE_E_T2000_R720: step 49 NO_CANDIDATES_GENERATED pairs=39034 evals=207 88s
[608739.2] PE_E_T2000_R720: step 50 NO_CANDIDATES_GENERATED pairs=39034 evals=207 88s
[608741.5] PE_E_T2000_R720: step 51 ELEVATED pairs=38813 evals=216 90s
[608741.7] PE_E_T2000_R720: step 52 NO_CANDIDATES_GENERATED pairs=38813 evals=216 91s
[608741.8] PE_E_T2000_R720: step 53 NO_CANDIDATES_GENERATED pairs=38813 evals=216 91s
[608745.7] PE_E_T2000_R720: step 54 ELEVATED pairs=38586 evals=232 95s
[608745.9] PE_E_T2000_R720: step 55 NO_CANDIDATES_GENERATED pairs=38586 evals=232 95s
[608746.0] PE_E_T2000_R720: step 56 NO_CANDIDATES_GENERATED pairs=38586 evals=232 95s
[608749.5] PE_E_T2000_R720: step 57 ELEVATED pairs=38370 evals=241 98s
[608749.6] PE_E_T2000_R720: step 58 NO_CANDIDATES_GENERATED pairs=38370 evals=241 98s
[608749.8] PE_E_T2000_R720: step 59 NO_CANDIDATES_GENERATED pairs=38370 evals=241 99s
[608755.6] PE_E_T2000_R720: step 60 ELEVATED pairs=38142 evals=257 104s
[608755.7] PE_E_T2000_R720: step 61 NO_CANDIDATES_GENERATED pairs=38142 evals=257 105s
[608755.9] PE_E_T2000_R720: step 62 NO_CANDIDATES_GENERATED pairs=38142 evals=257 105s
[608758.3] PE_E_T2000_R720: step 63 ELEVATED pairs=37928 evals=266 107s
[608758.4] PE_E_T2000_R720: step 64 NO_CANDIDATES_GENERATED pairs=37928 evals=266 107s
[608758.6] PE_E_T2000_R720: step 65 NO_CANDIDATES_GENERATED pairs=37928 evals=266 107s
[608764.0] PE_E_T2000_R720: step 66 ELEVATED pairs=37702 evals=282 113s
[608764.2] PE_E_T2000_R720: step 67 NO_CANDIDATES_GENERATED pairs=37702 evals=282 113s
[608764.4] PE_E_T2000_R720: step 68 NO_CANDIDATES_GENERATED pairs=37702 evals=282 113s
[608766.8] PE_E_T2000_R720: step 69 ELEVATED pairs=37490 evals=291 116s
[608766.9] PE_E_T2000_R720: step 70 NO_CANDIDATES_GENERATED pairs=37490 evals=291 116s
[608767.1] PE_E_T2000_R720: step 71 NO_CANDIDATES_GENERATED pairs=37490 evals=291 116s
[608772.7] PE_E_T2000_R720: step 72 ELEVATED pairs=37265 evals=307 122s
[608772.9] PE_E_T2000_R720: step 73 NO_CANDIDATES_GENERATED pairs=37265 evals=307 122s
[608773.1] PE_E_T2000_R720: step 74 NO_CANDIDATES_GENERATED pairs=37265 evals=307 122s
[608781.8] PE_E_T2000_R720: step 75 ELEVATED pairs=37052 evals=323 131s
[608781.9] PE_E_T2000_R720: step 76 NO_CANDIDATES_GENERATED pairs=37052 evals=323 131s
[608782.1] PE_E_T2000_R720: step 77 NO_CANDIDATES_GENERATED pairs=37052 evals=323 131s
[608785.3] PE_E_T2000_R720: step 78 ELEVATED pairs=36852 evals=332 134s
[608785.5] PE_E_T2000_R720: step 79 NO_CANDIDATES_GENERATED pairs=36852 evals=332 134s
[608785.6] PE_E_T2000_R720: step 80 NO_CANDIDATES_GENERATED pairs=36852 evals=332 134s
[608785.8] PE_E_T2000_R720: step 81 NO_CANDIDATES_GENERATED pairs=36852 evals=332 135s
[608793.9] PE_E_T2000_R720: step 82 ELEVATED pairs=36638 evals=348 143s
[608794.0] PE_E_T2000_R720: step 83 NO_CANDIDATES_GENERATED pairs=36638 evals=348 143s
[608794.2] PE_E_T2000_R720: step 84 NO_CANDIDATES_GENERATED pairs=36638 evals=348 143s
[608794.4] PE_E_T2000_R720: step 85 NO_CANDIDATES_GENERATED pairs=36638 evals=348 143s
[608800.7] PE_E_T2000_R720: step 86 ELEVATED pairs=36437 evals=364 150s
[608800.8] PE_E_T2000_R720: step 87 NO_CANDIDATES_GENERATED pairs=36437 evals=364 150s
[608800.9] PE_E_T2000_R720: step 88 NO_CANDIDATES_GENERATED pairs=36437 evals=364 150s
[608801.0] PE_E_T2000_R720: step 89 NO_CANDIDATES_GENERATED pairs=36437 evals=364 150s
[608801.2] PE_E_T2000_R720: step 90 NO_CANDIDATES_GENERATED pairs=36437 evals=364 150s
[608801.3] PE_E_T2000_R720: step 91 NO_CANDIDATES_GENERATED pairs=36437 evals=364 150s
[608807.0] PE_E_T2000_R720: step 92 ELEVATED pairs=36235 evals=380 156s
[608807.1] PE_E_T2000_R720: step 93 NO_CANDIDATES_GENERATED pairs=36235 evals=380 156s
[608807.2] PE_E_T2000_R720: step 94 NO_CANDIDATES_GENERATED pairs=36235 evals=380 156s
[608807.4] PE_E_T2000_R720: step 95 NO_CANDIDATES_GENERATED pairs=36235 evals=380 156s
[608807.5] PE_E_T2000_R720: step 96 NO_CANDIDATES_GENERATED pairs=36235 evals=380 156s
[608807.6] PE_E_T2000_R720: step 97 NO_CANDIDATES_GENERATED pairs=36235 evals=380 157s
[608811.6] PE_E_T2000_R720: step 98 ELEVATED pairs=36026 evals=396 160s
[608811.7] PE_E_T2000_R720: step 99 NO_CANDIDATES_GENERATED pairs=36026 evals=396 161s
[608811.8] PE_E_T2000_R720: step 100 NO_CANDIDATES_GENERATED pairs=36026 evals=396 161s
[608812.0] PE_E_T2000_R720: step 101 NO_CANDIDATES_GENERATED pairs=36026 evals=396 161s
[608812.1] PE_E_T2000_R720: step 102 NO_CANDIDATES_GENERATED pairs=36026 evals=396 161s
[608812.3] PE_E_T2000_R720: step 103 NO_CANDIDATES_GENERATED pairs=36026 evals=396 161s
[608816.5] PE_E_T2000_R720: step 104 ELEVATED pairs=35817 evals=412 165s
[608816.6] PE_E_T2000_R720: step 105 NO_CANDIDATES_GENERATED pairs=35817 evals=412 165s
[608816.8] PE_E_T2000_R720: step 106 NO_CANDIDATES_GENERATED pairs=35817 evals=412 166s
[608816.9] PE_E_T2000_R720: step 107 NO_CANDIDATES_GENERATED pairs=35817 evals=412 166s
[608817.0] PE_E_T2000_R720: step 108 NO_CANDIDATES_GENERATED pairs=35817 evals=412 166s
[608817.1] PE_E_T2000_R720: step 109 NO_CANDIDATES_GENERATED pairs=35817 evals=412 166s
[608825.3] PE_E_T2000_R720: step 110 ELEVATED pairs=35591 evals=428 174s
[608825.5] PE_E_T2000_R720: step 111 NO_CANDIDATES_GENERATED pairs=35591 evals=428 174s
[608825.7] PE_E_T2000_R720: step 112 NO_CANDIDATES_GENERATED pairs=35591 evals=428 175s
[608825.8] PE_E_T2000_R720: step 113 NO_CANDIDATES_GENERATED pairs=35591 evals=428 175s
[608826.0] PE_E_T2000_R720: step 114 NO_CANDIDATES_GENERATED pairs=35591 evals=428 175s
[608826.2] PE_E_T2000_R720: step 115 NO_CANDIDATES_GENERATED pairs=35591 evals=428 175s
[608834.7] PE_E_T2000_R720: step 116 ELEVATED pairs=35382 evals=444 184s
[608834.9] PE_E_T2000_R720: step 117 NO_CANDIDATES_GENERATED pairs=35382 evals=444 184s
[608835.0] PE_E_T2000_R720: step 118 NO_CANDIDATES_GENERATED pairs=35382 evals=444 184s
[608835.1] PE_E_T2000_R720: step 119 NO_CANDIDATES_GENERATED pairs=35382 evals=444 184s
[608835.3] PE_E_T2000_R720: step 120 NO_CANDIDATES_GENERATED pairs=35382 evals=444 184s
[608835.4] PE_E_T2000_R720: step 121 NO_CANDIDATES_GENERATED pairs=35382 evals=444 184s
[608841.8] PE_E_T2000_R720: step 122 ELEVATED pairs=35180 evals=460 191s
[608842.0] PE_E_T2000_R720: step 123 NO_CANDIDATES_GENERATED pairs=35180 evals=460 191s
[608842.1] PE_E_T2000_R720: step 124 NO_CANDIDATES_GENERATED pairs=35180 evals=460 191s
[608842.3] PE_E_T2000_R720: step 125 NO_CANDIDATES_GENERATED pairs=35180 evals=460 191s
[608842.4] PE_E_T2000_R720: step 126 NO_CANDIDATES_GENERATED pairs=35180 evals=460 191s
[608842.6] PE_E_T2000_R720: step 127 NO_CANDIDATES_GENERATED pairs=35180 evals=460 191s
[608850.4] PE_E_T2000_R720: step 128 ELEVATED pairs=34973 evals=476 199s
[608850.5] PE_E_T2000_R720: step 129 NO_CANDIDATES_GENERATED pairs=34973 evals=476 199s
[608850.7] PE_E_T2000_R720: step 130 NO_CANDIDATES_GENERATED pairs=34973 evals=476 200s
[608850.8] PE_E_T2000_R720: step 131 NO_CANDIDATES_GENERATED pairs=34973 evals=476 200s
[608851.0] PE_E_T2000_R720: step 132 NO_CANDIDATES_GENERATED pairs=34973 evals=476 200s
[608851.1] PE_E_T2000_R720: step 133 NO_CANDIDATES_GENERATED pairs=34973 evals=476 200s
[608857.5] PE_E_T2000_R720: step 134 ELEVATED pairs=34773 evals=492 206s
[608857.7] PE_E_T2000_R720: step 135 NO_CANDIDATES_GENERATED pairs=34773 evals=492 207s
[608857.8] PE_E_T2000_R720: step 136 NO_CANDIDATES_GENERATED pairs=34773 evals=492 207s
[608858.0] PE_E_T2000_R720: step 137 NO_CANDIDATES_GENERATED pairs=34773 evals=492 207s
[608858.1] PE_E_T2000_R720: step 138 NO_CANDIDATES_GENERATED pairs=34773 evals=492 207s
[608858.3] PE_E_T2000_R720: step 139 NO_CANDIDATES_GENERATED pairs=34773 evals=492 207s
[608866.1] PE_E_T2000_R720: step 140 ELEVATED pairs=34567 evals=508 215s
[608866.3] PE_E_T2000_R720: step 141 NO_CANDIDATES_GENERATED pairs=34567 evals=508 215s
[608866.4] PE_E_T2000_R720: step 142 NO_CANDIDATES_GENERATED pairs=34567 evals=508 215s
[608866.6] PE_E_T2000_R720: step 143 NO_CANDIDATES_GENERATED pairs=34567 evals=508 215s
[608866.7] PE_E_T2000_R720: step 144 NO_CANDIDATES_GENERATED pairs=34567 evals=508 216s
[608866.9] PE_E_T2000_R720: step 145 NO_CANDIDATES_GENERATED pairs=34567 evals=508 216s
[608873.0] PE_E_T2000_R720: step 146 ELEVATED pairs=34368 evals=524 222s
[608873.1] PE_E_T2000_R720: step 147 NO_CANDIDATES_GENERATED pairs=34368 evals=524 222s
[608873.3] PE_E_T2000_R720: step 148 NO_CANDIDATES_GENERATED pairs=34368 evals=524 222s
[608873.4] PE_E_T2000_R720: step 149 NO_CANDIDATES_GENERATED pairs=34368 evals=524 222s
[608873.5] PE_E_T2000_R720: step 150 NO_CANDIDATES_GENERATED pairs=34368 evals=524 222s
[608873.7] PE_E_T2000_R720: step 151 NO_CANDIDATES_GENERATED pairs=34368 evals=524 223s
[608881.1] PE_E_T2000_R720: step 152 ELEVATED pairs=34164 evals=540 230s
[608881.2] PE_E_T2000_R720: step 153 NO_CANDIDATES_GENERATED pairs=34164 evals=540 230s
[608881.4] PE_E_T2000_R720: step 154 NO_CANDIDATES_GENERATED pairs=34164 evals=540 230s
[608881.5] PE_E_T2000_R720: step 155 NO_CANDIDATES_GENERATED pairs=34164 evals=540 230s
[608881.7] PE_E_T2000_R720: step 156 NO_CANDIDATES_GENERATED pairs=34164 evals=540 231s
[608881.8] PE_E_T2000_R720: step 157 NO_CANDIDATES_GENERATED pairs=34164 evals=540 231s
[608888.7] PE_E_T2000_R720: step 158 ELEVATED pairs=33967 evals=556 238s
[608888.9] PE_E_T2000_R720: step 159 NO_CANDIDATES_GENERATED pairs=33967 evals=556 238s
[608889.0] PE_E_T2000_R720: step 160 NO_CANDIDATES_GENERATED pairs=33967 evals=556 238s
[608889.2] PE_E_T2000_R720: step 161 NO_CANDIDATES_GENERATED pairs=33967 evals=556 238s
[608889.4] PE_E_T2000_R720: step 162 NO_CANDIDATES_GENERATED pairs=33967 evals=556 238s
[608889.5] PE_E_T2000_R720: step 163 NO_CANDIDATES_GENERATED pairs=33967 evals=556 238s
[608898.6] PE_E_T2000_R720: step 164 ELEVATED pairs=33764 evals=572 247s
[608898.7] PE_E_T2000_R720: step 165 NO_CANDIDATES_GENERATED pairs=33764 evals=572 248s
[608898.9] PE_E_T2000_R720: step 166 NO_CANDIDATES_GENERATED pairs=33764 evals=572 248s
[608899.0] PE_E_T2000_R720: step 167 NO_CANDIDATES_GENERATED pairs=33764 evals=572 248s
[608899.2] PE_E_T2000_R720: step 168 NO_CANDIDATES_GENERATED pairs=33764 evals=572 248s
[608899.3] PE_E_T2000_R720: step 169 NO_CANDIDATES_GENERATED pairs=33764 evals=572 248s
[608905.9] PE_E_T2000_R720: step 170 ELEVATED pairs=33568 evals=588 255s
[608906.1] PE_E_T2000_R720: step 171 NO_CANDIDATES_GENERATED pairs=33568 evals=588 255s
[608906.2] PE_E_T2000_R720: step 172 NO_CANDIDATES_GENERATED pairs=33568 evals=588 255s
[608906.4] PE_E_T2000_R720: step 173 NO_CANDIDATES_GENERATED pairs=33568 evals=588 255s
[608906.6] PE_E_T2000_R720: step 174 NO_CANDIDATES_GENERATED pairs=33568 evals=588 255s
[608906.7] PE_E_T2000_R720: step 175 NO_CANDIDATES_GENERATED pairs=33568 evals=588 256s
[608915.4] PE_E_T2000_R720: step 176 ELEVATED pairs=33367 evals=604 264s
[608915.6] PE_E_T2000_R720: step 177 NO_CANDIDATES_GENERATED pairs=33367 evals=604 264s
[608915.7] PE_E_T2000_R720: step 178 NO_CANDIDATES_GENERATED pairs=33367 evals=604 265s
[608915.9] PE_E_T2000_R720: step 179 NO_CANDIDATES_GENERATED pairs=33367 evals=604 265s
[608916.0] PE_E_T2000_R720: step 180 NO_CANDIDATES_GENERATED pairs=33367 evals=604 265s
[608916.1] PE_E_T2000_R720: step 181 NO_CANDIDATES_GENERATED pairs=33367 evals=604 265s
[608925.0] PE_E_T2000_R720: step 182 ELEVATED pairs=33167 evals=620 274s
[608925.2] PE_E_T2000_R720: step 183 NO_CANDIDATES_GENERATED pairs=33167 evals=620 274s
[608925.3] PE_E_T2000_R720: step 184 NO_CANDIDATES_GENERATED pairs=33167 evals=620 274s
[608925.5] PE_E_T2000_R720: step 185 NO_CANDIDATES_GENERATED pairs=33167 evals=620 274s
[608925.7] PE_E_T2000_R720: step 186 NO_CANDIDATES_GENERATED pairs=33167 evals=620 275s
[608925.8] PE_E_T2000_R720: step 187 NO_CANDIDATES_GENERATED pairs=33167 evals=620 275s
[608932.3] PE_E_T2000_R720: step 188 ELEVATED pairs=32960 evals=636 281s
[608932.5] PE_E_T2000_R720: step 189 NO_CANDIDATES_GENERATED pairs=32960 evals=636 281s
[608932.7] PE_E_T2000_R720: step 190 NO_CANDIDATES_GENERATED pairs=32960 evals=636 282s
[608932.9] PE_E_T2000_R720: step 191 NO_CANDIDATES_GENERATED pairs=32960 evals=636 282s
[608933.1] PE_E_T2000_R720: step 192 NO_CANDIDATES_GENERATED pairs=32960 evals=636 282s
[608933.2] PE_E_T2000_R720: step 193 NO_CANDIDATES_GENERATED pairs=32960 evals=636 282s
[608941.3] PE_E_T2000_R720: step 194 ELEVATED pairs=32762 evals=652 290s
[608941.4] PE_E_T2000_R720: step 195 NO_CANDIDATES_GENERATED pairs=32762 evals=652 290s
[608941.5] PE_E_T2000_R720: step 196 NO_CANDIDATES_GENERATED pairs=32762 evals=652 290s
[608941.6] PE_E_T2000_R720: step 197 NO_CANDIDATES_GENERATED pairs=32762 evals=652 290s
[608941.7] PE_E_T2000_R720: step 198 NO_CANDIDATES_GENERATED pairs=32762 evals=652 291s
[608941.9] PE_E_T2000_R720: step 199 NO_CANDIDATES_GENERATED pairs=32762 evals=652 291s
[608949.6] PE_E_T2000_R720: step 200 ELEVATED pairs=32565 evals=668 298s
[608949.7] PE_E_T2000_R720: step 201 NO_CANDIDATES_GENERATED pairs=32565 evals=668 299s
[608949.8] PE_E_T2000_R720: step 202 NO_CANDIDATES_GENERATED pairs=32565 evals=668 299s
[608950.0] PE_E_T2000_R720: step 203 NO_CANDIDATES_GENERATED pairs=32565 evals=668 299s
[608950.1] PE_E_T2000_R720: step 204 NO_CANDIDATES_GENERATED pairs=32565 evals=668 299s
[608950.2] PE_E_T2000_R720: step 205 NO_CANDIDATES_GENERATED pairs=32565 evals=668 299s
[608956.7] PE_E_T2000_R720: step 206 ELEVATED pairs=32369 evals=684 306s
[608956.8] PE_E_T2000_R720: step 207 NO_CANDIDATES_GENERATED pairs=32369 evals=684 306s
[608956.9] PE_E_T2000_R720: step 208 NO_CANDIDATES_GENERATED pairs=32369 evals=684 306s
[608957.0] PE_E_T2000_R720: step 209 NO_CANDIDATES_GENERATED pairs=32369 evals=684 306s
[608957.2] PE_E_T2000_R720: step 210 NO_CANDIDATES_GENERATED pairs=32369 evals=684 306s
[608957.3] PE_E_T2000_R720: step 211 NO_CANDIDATES_GENERATED pairs=32369 evals=684 306s
[608965.2] PE_E_T2000_R720: step 212 ELEVATED pairs=32174 evals=700 314s
[608965.3] PE_E_T2000_R720: step 213 NO_CANDIDATES_GENERATED pairs=32174 evals=700 314s
[608965.4] PE_E_T2000_R720: step 214 NO_CANDIDATES_GENERATED pairs=32174 evals=700 314s
[608965.5] PE_E_T2000_R720: step 215 NO_CANDIDATES_GENERATED pairs=32174 evals=700 314s
[608965.7] PE_E_T2000_R720: step 216 NO_CANDIDATES_GENERATED pairs=32174 evals=700 315s
[608965.8] PE_E_T2000_R720: step 217 NO_CANDIDATES_GENERATED pairs=32174 evals=700 315s
[608973.1] PE_E_T2000_R720: step 218 ELEVATED pairs=31951 evals=716 322s
[608973.2] PE_E_T2000_R720: step 219 NO_CANDIDATES_GENERATED pairs=31951 evals=716 322s
[608973.3] PE_E_T2000_R720: step 220 NO_CANDIDATES_GENERATED pairs=31951 evals=716 322s
[608973.5] PE_E_T2000_R720: step 221 NO_CANDIDATES_GENERATED pairs=31951 evals=716 322s
[608973.6] PE_E_T2000_R720: step 222 NO_CANDIDATES_GENERATED pairs=31951 evals=716 322s
[608973.7] PE_E_T2000_R720: step 223 NO_CANDIDATES_GENERATED pairs=31951 evals=716 323s
[608974.8] PE_E_T2000_R720: step 224 ELEVATED pairs=31785 evals=720 324s
[608975.1] PE_E_T2000_R720: done final=31785 moves=51 first=51 reloc=0 ret=0 evals=720 stop=CANDIDATE_BUDGET_EXHAUSTED
[609011.3] PE_E_T2000_R720: recheck PASS checks=130816
