[556445.3] V7_T1_NC2880: start mode=N budget=2880 spec={"name": "V7_T1", "target_policy": "LEGACY", "evaluation_policy": "E2_ORDERED_K16", "traversal_policy": "BASE", "max_targets": 2000, "k_per_target": 16, "family_round_robin": false, "relocation_side_reserve": 0, "waiting_age": false, "route_coverage": false, "multi_anchor": false, "exact_dedup": false, "decision_cache": false, "return_action": false, "cache_structural_skips": false, "window_slack_mm": 1e-05, "notes": ""}
[556445.3] V7_T1_NC2880: start state=challenge C:\Users\lihao\Desktop\Graduation Project\OpticalWaveguideRouter3D\outputs\3d_strategy_v4\512_full_layout\N2880 pairs=30999
[556454.6] V7_T1_NC2880: INITIAL_DONE pairs=30999
[556454.9] V7_T1_NC2880: step 1 NO_CANDIDATES_GENERATED pairs=30999 evals=0 1s
[556455.1] V7_T1_NC2880: step 2 NO_CANDIDATES_GENERATED pairs=30999 evals=0 1s
[556455.3] V7_T1_NC2880: step 3 NO_CANDIDATES_GENERATED pairs=30999 evals=0 1s
[556455.6] V7_T1_NC2880: step 4 NO_CANDIDATES_GENERATED pairs=30999 evals=0 1s
[556455.8] V7_T1_NC2880: step 5 NO_CANDIDATES_GENERATED pairs=30999 evals=0 2s
[556456.1] V7_T1_NC2880: step 6 NO_CANDIDATES_GENERATED pairs=30999 evals=0 2s
[556468.3] V7_T1_NC2880: step 7 ELEVATED pairs=30804 evals=16 14s
[556480.1] V7_T1_NC2880: step 8 ELEVATED pairs=30611 evals=32 26s
[556495.9] V7_T1_NC2880: step 9 ELEVATED pairs=30460 evals=48 42s
[556511.9] V7_T1_NC2880: step 10 ELEVATED pairs=30309 evals=64 58s
[556512.5] V7_T1_NC2880: step 11 NO_CANDIDATES_GENERATED pairs=30309 evals=64 58s
[556535.5] V7_T1_NC2880: step 12 ELEVATED pairs=30119 evals=80 81s
[556560.8] V7_T1_NC2880: step 13 ELEVATED pairs=29931 evals=96 107s
[556587.8] V7_T1_NC2880: step 14 ELEVATED pairs=29745 evals=112 133s
[556605.6] V7_T1_NC2880: step 15 ELEVATED pairs=29554 evals=128 151s
[556631.0] V7_T1_NC2880: step 16 ELEVATED pairs=29370 evals=144 177s
[556648.4] V7_T1_NC2880: step 17 ELEVATED pairs=29181 evals=160 194s
[556659.9] V7_T1_NC2880: step 18 ELEVATED pairs=29006 evals=176 206s
[556673.9] V7_T1_NC2880: step 19 ELEVATED pairs=28833 evals=192 220s
[556691.5] V7_T1_NC2880: step 20 ELEVATED pairs=28662 evals=208 237s
[556703.4] V7_T1_NC2880: step 21 ELEVATED pairs=28479 evals=224 249s
[556716.6] V7_T1_NC2880: step 22 ELEVATED pairs=28374 evals=240 262s
[556729.3] V7_T1_NC2880: step 23 ELEVATED pairs=28193 evals=256 275s
[556753.9] V7_T1_NC2880: step 24 ELEVATED pairs=28033 evals=272 300s
[556767.5] V7_T1_NC2880: step 25 ELEVATED pairs=27854 evals=288 313s
[556783.2] V7_T1_NC2880: step 26 ELEVATED pairs=27677 evals=304 329s
[556799.5] V7_T1_NC2880: step 27 ELEVATED pairs=27511 evals=320 345s
[556810.1] V7_T1_NC2880: step 28 ELEVATED pairs=27345 evals=329 356s
[556826.5] V7_T1_NC2880: step 29 ELEVATED pairs=27181 evals=345 372s
[556836.8] V7_T1_NC2880: step 30 ELEVATED pairs=27017 evals=354 383s
[556852.5] V7_T1_NC2880: step 31 ELEVATED pairs=26856 evals=370 398s
[556862.6] V7_T1_NC2880: step 32 ELEVATED pairs=26694 evals=379 408s
[556878.6] V7_T1_NC2880: step 33 ELEVATED pairs=26535 evals=395 424s
[556879.1] V7_T1_NC2880: step 34 NO_CANDIDATES_GENERATED pairs=26535 evals=395 425s
[556888.9] V7_T1_NC2880: step 35 ELEVATED pairs=26375 evals=404 435s
[556905.2] V7_T1_NC2880: step 36 ELEVATED pairs=26218 evals=420 451s
[556922.6] V7_T1_NC2880: step 37 ELEVATED pairs=26063 evals=436 468s
[556940.7] V7_T1_NC2880: step 38 ELEVATED pairs=25909 evals=452 486s
[556958.5] V7_T1_NC2880: step 39 ELEVATED pairs=25757 evals=468 504s
[556969.9] V7_T1_NC2880: step 40 ELEVATED pairs=25607 evals=484 516s
[556988.4] V7_T1_NC2880: step 41 ELEVATED pairs=25457 evals=500 534s
[557001.3] V7_T1_NC2880: step 42 ELEVATED pairs=25321 evals=516 547s
[557019.7] V7_T1_NC2880: step 43 ELEVATED pairs=25173 evals=532 565s
[557032.5] V7_T1_NC2880: step 44 ELEVATED pairs=25039 evals=548 578s
[557043.6] V7_T1_NC2880: step 45 ELEVATED pairs=24954 evals=564 589s
[557064.8] V7_T1_NC2880: step 46 ELEVATED pairs=24804 evals=580 610s
[557074.3] V7_T1_NC2880: step 47 ELEVATED pairs=24685 evals=596 620s
[557095.6] V7_T1_NC2880: step 48 ELEVATED pairs=24537 evals=612 641s
[557106.9] V7_T1_NC2880: step 49 ELEVATED pairs=24398 evals=628 653s
[557127.8] V7_T1_NC2880: step 50 ELEVATED pairs=24252 evals=644 674s
[557150.1] V7_T1_NC2880: step 51 ELEVATED pairs=24108 evals=660 696s
[557166.1] V7_T1_NC2880: step 52 ELEVATED pairs=23963 evals=676 712s
[557179.7] V7_T1_NC2880: step 53 ELEVATED pairs=23864 evals=692 725s
[557191.8] V7_T1_NC2880: step 54 ELEVATED pairs=23767 evals=708 737s
[557206.6] V7_T1_NC2880: step 55 ELEVATED pairs=23624 evals=724 752s
[557217.3] V7_T1_NC2880: step 56 ELEVATED pairs=23541 evals=740 763s
[557232.8] V7_T1_NC2880: step 57 ELEVATED pairs=23400 evals=756 778s
[557243.4] V7_T1_NC2880: step 58 ELEVATED pairs=23296 evals=772 789s
[557254.6] V7_T1_NC2880: step 59 ELEVATED pairs=23194 evals=788 800s
[557265.5] V7_T1_NC2880: step 60 ELEVATED pairs=23094 evals=804 811s
[557277.9] V7_T1_NC2880: step 61 ELEVATED pairs=23009 evals=820 824s
[557289.6] V7_T1_NC2880: step 62 ELEVATED pairs=22892 evals=836 835s
[557302.8] V7_T1_NC2880: step 63 ELEVATED pairs=22779 evals=852 848s
[557313.5] V7_T1_NC2880: step 64 ELEVATED pairs=22649 evals=868 859s
[557326.7] V7_T1_NC2880: step 65 ELEVATED pairs=22529 evals=884 872s
[557336.1] V7_T1_NC2880: step 66 ELEVATED pairs=22412 evals=900 882s
[557347.0] V7_T1_NC2880: step 67 ELEVATED pairs=22298 evals=916 893s
[557358.9] V7_T1_NC2880: step 68 ELEVATED pairs=22168 evals=932 905s
[557368.4] V7_T1_NC2880: step 69 ELEVATED pairs=22044 evals=948 914s
[557380.4] V7_T1_NC2880: step 70 ELEVATED pairs=21928 evals=964 926s
[557390.3] V7_T1_NC2880: step 71 ELEVATED pairs=21809 evals=980 936s
[557399.9] V7_T1_NC2880: step 72 ELEVATED pairs=21678 evals=996 946s
[557409.5] V7_T1_NC2880: step 73 ELEVATED pairs=21556 evals=1012 955s
[557417.5] V7_T1_NC2880: step 74 ELEVATED pairs=21461 evals=1028 963s
[557432.6] V7_T1_NC2880: step 75 ELEVATED pairs=21381 evals=1037 978s
[557443.7] V7_T1_NC2880: step 76 ELEVATED pairs=21330 evals=1053 989s
[557456.5] V7_T1_NC2880: step 77 ELEVATED pairs=21212 evals=1069 1002s
[557469.9] V7_T1_NC2880: step 78 ELEVATED pairs=21096 evals=1085 1016s
[557502.7] V7_T1_NC2880: step 79 ELEVATED pairs=20988 evals=1101 1048s
[557516.6] V7_T1_NC2880: step 80 ELEVATED pairs=20874 evals=1117 1062s
[557528.7] V7_T1_NC2880: step 81 ELEVATED pairs=20765 evals=1133 1074s
[557560.7] V7_T1_NC2880: step 82 ELEVATED pairs=20657 evals=1149 1106s
[557591.1] V7_T1_NC2880: step 83 ELEVATED pairs=20550 evals=1165 1137s
[557601.5] V7_T1_NC2880: step 84 ELEVATED pairs=20466 evals=1181 1147s
[557632.2] V7_T1_NC2880: step 85 ELEVATED pairs=20360 evals=1197 1178s
[557657.9] V7_T1_NC2880: step 86 ELEVATED pairs=20240 evals=1213 1204s
[557669.6] V7_T1_NC2880: step 87 ELEVATED pairs=20154 evals=1229 1215s
[557678.6] V7_T1_NC2880: step 88 ELEVATED pairs=20099 evals=1245 1224s
[557692.6] V7_T1_NC2880: step 89 ELEVATED pairs=19950 evals=1261 1238s
[557701.5] V7_T1_NC2880: step 90 ELEVATED pairs=19898 evals=1277 1247s
[557715.3] V7_T1_NC2880: step 91 ELEVATED pairs=19751 evals=1293 1261s
[557727.3] V7_T1_NC2880: step 92 ELEVATED pairs=19666 evals=1309 1273s
[557740.1] V7_T1_NC2880: step 93 ELEVATED pairs=19521 evals=1325 1286s
[557751.2] V7_T1_NC2880: step 94 ELEVATED pairs=19437 evals=1341 1297s
[557763.9] V7_T1_NC2880: step 95 ELEVATED pairs=19294 evals=1357 1310s
[557773.4] V7_T1_NC2880: step 96 ELEVATED pairs=19217 evals=1373 1319s
[557783.0] V7_T1_NC2880: step 97 ELEVATED pairs=19140 evals=1389 1329s
[557792.7] V7_T1_NC2880: step 98 ELEVATED pairs=19063 evals=1405 1338s
[557792.9] V7_T1_NC2880: step 99 NO_CANDIDATES_GENERATED pairs=19063 evals=1405 1339s
[557798.1] V7_T1_NC2880: step 100 ELEVATED pairs=18958 evals=1414 1344s
[557807.1] V7_T1_NC2880: step 101 ELEVATED pairs=18893 evals=1430 1353s
[557816.0] V7_T1_NC2880: step 102 ELEVATED pairs=18828 evals=1446 1362s
[557828.1] V7_T1_NC2880: step 103 ELEVATED pairs=18739 evals=1462 1374s
[557836.7] V7_T1_NC2880: step 104 ELEVATED pairs=18674 evals=1478 1382s
[557845.7] V7_T1_NC2880: step 105 ELEVATED pairs=18609 evals=1494 1391s
[557853.9] V7_T1_NC2880: step 106 ELEVATED pairs=18572 evals=1510 1400s
[557859.9] V7_T1_NC2880: step 107 ELEVATED pairs=18480 evals=1519 1406s
[557869.7] V7_T1_NC2880: step 108 ELEVATED pairs=18409 evals=1535 1415s
[557877.7] V7_T1_NC2880: step 109 ELEVATED pairs=18374 evals=1551 1423s
[557886.5] V7_T1_NC2880: step 110 ELEVATED pairs=18309 evals=1567 1432s
[557894.0] V7_T1_NC2880: step 111 ELEVATED pairs=18265 evals=1583 1440s
[557901.7] V7_T1_NC2880: step 112 ELEVATED pairs=18175 evals=1592 1447s
[557909.2] V7_T1_NC2880: step 113 ELEVATED pairs=18131 evals=1608 1455s
[557917.1] V7_T1_NC2880: step 114 ELEVATED pairs=18097 evals=1624 1463s
[557926.7] V7_T1_NC2880: step 115 ELEVATED pairs=18029 evals=1640 1472s
[557940.6] V7_T1_NC2880: step 116 ELEVATED pairs=17977 evals=1649 1486s
[557940.8] V7_T1_NC2880: step 117 NO_CANDIDATES_GENERATED pairs=17977 evals=1649 1486s
[557941.0] V7_T1_NC2880: step 118 NO_CANDIDATES_GENERATED pairs=17977 evals=1649 1487s
[557941.2] V7_T1_NC2880: step 119 NO_CANDIDATES_GENERATED pairs=17977 evals=1649 1487s
[557941.4] V7_T1_NC2880: step 120 NO_CANDIDATES_GENERATED pairs=17977 evals=1649 1487s
[557941.6] V7_T1_NC2880: step 121 NO_CANDIDATES_GENERATED pairs=17977 evals=1649 1487s
[557941.9] V7_T1_NC2880: step 122 NO_CANDIDATES_GENERATED pairs=17977 evals=1649 1488s
[557942.1] V7_T1_NC2880: step 123 NO_CANDIDATES_GENERATED pairs=17977 evals=1649 1488s
[557942.3] V7_T1_NC2880: step 124 NO_CANDIDATES_GENERATED pairs=17977 evals=1649 1488s
[557942.5] V7_T1_NC2880: step 125 NO_CANDIDATES_GENERATED pairs=17977 evals=1649 1488s
[557942.7] V7_T1_NC2880: step 126 NO_CANDIDATES_GENERATED pairs=17977 evals=1649 1488s
[557942.9] V7_T1_NC2880: step 127 NO_CANDIDATES_GENERATED pairs=17977 evals=1649 1489s
[557943.2] V7_T1_NC2880: step 128 NO_CANDIDATES_GENERATED pairs=17977 evals=1649 1489s
[557943.4] V7_T1_NC2880: step 129 NO_CANDIDATES_GENERATED pairs=17977 evals=1649 1489s
[557943.6] V7_T1_NC2880: step 130 NO_CANDIDATES_GENERATED pairs=17977 evals=1649 1489s
[557943.8] V7_T1_NC2880: step 131 NO_CANDIDATES_GENERATED pairs=17977 evals=1649 1489s
[557944.0] V7_T1_NC2880: step 132 NO_CANDIDATES_GENERATED pairs=17977 evals=1649 1490s
[557953.3] V7_T1_NC2880: step 133 ELEVATED pairs=17916 evals=1665 1499s
[557970.5] V7_T1_NC2880: step 134 ELEVATED pairs=17831 evals=1681 1516s
[557979.6] V7_T1_NC2880: step 135 ELEVATED pairs=17765 evals=1697 1525s
[557997.8] V7_T1_NC2880: step 136 ELEVATED pairs=17681 evals=1713 1544s
[558006.7] V7_T1_NC2880: step 137 ELEVATED pairs=17615 evals=1729 1552s
[558015.7] V7_T1_NC2880: step 138 ELEVATED pairs=17549 evals=1745 1561s
[558027.5] V7_T1_NC2880: step 139 ELEVATED pairs=17483 evals=1761 1573s
[558038.0] V7_T1_NC2880: step 140 ELEVATED pairs=17363 evals=1777 1584s
[558038.4] V7_T1_NC2880: step 141 NO_CANDIDATES_GENERATED pairs=17363 evals=1777 1584s
[558038.9] V7_T1_NC2880: step 142 NO_CANDIDATES_GENERATED pairs=17363 evals=1777 1585s
[558039.4] V7_T1_NC2880: step 143 NO_CANDIDATES_GENERATED pairs=17363 evals=1777 1585s
[558039.9] V7_T1_NC2880: step 144 NO_CANDIDATES_GENERATED pairs=17363 evals=1777 1586s
[558040.3] V7_T1_NC2880: step 145 NO_CANDIDATES_GENERATED pairs=17363 evals=1777 1586s
[558040.8] V7_T1_NC2880: step 146 NO_CANDIDATES_GENERATED pairs=17363 evals=1777 1586s
[558041.3] V7_T1_NC2880: step 147 NO_CANDIDATES_GENERATED pairs=17363 evals=1777 1587s
[558041.8] V7_T1_NC2880: step 148 NO_CANDIDATES_GENERATED pairs=17363 evals=1777 1587s
[558042.2] V7_T1_NC2880: step 149 NO_CANDIDATES_GENERATED pairs=17363 evals=1777 1588s
[558042.7] V7_T1_NC2880: step 150 NO_CANDIDATES_GENERATED pairs=17363 evals=1777 1588s
[558043.2] V7_T1_NC2880: step 151 NO_CANDIDATES_GENERATED pairs=17363 evals=1777 1589s
[558043.7] V7_T1_NC2880: step 152 NO_CANDIDATES_GENERATED pairs=17363 evals=1777 1589s
[558044.1] V7_T1_NC2880: step 153 NO_CANDIDATES_GENERATED pairs=17363 evals=1777 1590s
[558044.6] V7_T1_NC2880: step 154 NO_CANDIDATES_GENERATED pairs=17363 evals=1777 1590s
[558045.0] V7_T1_NC2880: step 155 NO_CANDIDATES_GENERATED pairs=17363 evals=1777 1591s
[558045.5] V7_T1_NC2880: step 156 NO_CANDIDATES_GENERATED pairs=17363 evals=1777 1591s
[558056.9] V7_T1_NC2880: step 157 ELEVATED pairs=17248 evals=1793 1603s
[558068.3] V7_T1_NC2880: step 158 ELEVATED pairs=17135 evals=1809 1614s
[558078.9] V7_T1_NC2880: step 159 ELEVATED pairs=17024 evals=1825 1625s
[558088.2] V7_T1_NC2880: step 160 ELEVATED pairs=16989 evals=1841 1634s
[558098.8] V7_T1_NC2880: step 161 ELEVATED pairs=16967 evals=1857 1645s
[558110.4] V7_T1_NC2880: step 162 ELEVATED pairs=16918 evals=1873 1656s
[558119.6] V7_T1_NC2880: step 163 ELEVATED pairs=16845 evals=1889 1665s
[558128.1] V7_T1_NC2880: step 164 ELEVATED pairs=16744 evals=1905 1674s
[558136.8] V7_T1_NC2880: step 165 ELEVATED pairs=16706 evals=1921 1682s
[558145.3] V7_T1_NC2880: step 166 ELEVATED pairs=16660 evals=1937 1691s
[558153.8] V7_T1_NC2880: step 167 ELEVATED pairs=16614 evals=1953 1700s
[558162.6] V7_T1_NC2880: step 168 ELEVATED pairs=16588 evals=1969 1708s
[558169.7] V7_T1_NC2880: step 169 PREFIX_EVALUATED_NO_WINNER_DEFERRED pairs=16588 evals=1985 1715s
[558178.6] V7_T1_NC2880: step 170 PREFIX_EVALUATED_NO_WINNER_DEFERRED pairs=16588 evals=2001 1724s
[558186.9] V7_T1_NC2880: step 171 PREFIX_EVALUATED_NO_WINNER_DEFERRED pairs=16588 evals=2017 1733s
[558195.8] V7_T1_NC2880: step 172 ELEVATED pairs=16576 evals=2033 1742s
[558203.0] V7_T1_NC2880: step 173 PREFIX_EVALUATED_NO_WINNER_DEFERRED pairs=16576 evals=2049 1749s
[558210.8] V7_T1_NC2880: step 174 PREFIX_EVALUATED_NO_WINNER_DEFERRED pairs=16576 evals=2065 1757s
[558218.0] V7_T1_NC2880: step 175 PREFIX_EVALUATED_NO_WINNER_DEFERRED pairs=16576 evals=2081 1764s
[558225.1] V7_T1_NC2880: step 176 PREFIX_EVALUATED_NO_WINNER_DEFERRED pairs=16576 evals=2097 1771s
[558232.3] V7_T1_NC2880: step 177 ELEVATED pairs=16565 evals=2113 1778s
[558241.6] V7_T1_NC2880: step 178 ELEVATED pairs=16518 evals=2129 1787s
[558252.3] V7_T1_NC2880: step 179 ELEVATED pairs=16420 evals=2145 1798s
[558262.2] V7_T1_NC2880: step 180 ELEVATED pairs=16375 evals=2161 1808s
[558272.2] V7_T1_NC2880: step 181 ELEVATED pairs=16332 evals=2177 1818s
[558282.1] V7_T1_NC2880: step 182 ELEVATED pairs=16291 evals=2193 1828s
[558290.1] V7_T1_NC2880: step 183 ELEVATED pairs=16277 evals=2209 1836s
[558297.6] V7_T1_NC2880: step 184 ELEVATED pairs=16259 evals=2225 1843s
[558306.6] V7_T1_NC2880: step 185 ELEVATED pairs=16246 evals=2241 1852s
[558315.8] V7_T1_NC2880: step 186 ELEVATED pairs=16229 evals=2257 1861s
[558336.5] V7_T1_NC2880: step 187 ELEVATED pairs=16155 evals=2273 1882s
[558336.9] V7_T1_NC2880: step 188 NO_CANDIDATES_GENERATED pairs=16155 evals=2273 1883s
[558337.4] V7_T1_NC2880: step 189 NO_CANDIDATES_GENERATED pairs=16155 evals=2273 1883s
[558337.9] V7_T1_NC2880: step 190 NO_CANDIDATES_GENERATED pairs=16155 evals=2273 1884s
[558338.3] V7_T1_NC2880: step 191 NO_CANDIDATES_GENERATED pairs=16155 evals=2273 1884s
[558338.8] V7_T1_NC2880: step 192 NO_CANDIDATES_GENERATED pairs=16155 evals=2273 1885s
[558339.3] V7_T1_NC2880: step 193 NO_CANDIDATES_GENERATED pairs=16155 evals=2273 1885s
[558362.8] V7_T1_NC2880: step 194 ELEVATED pairs=16080 evals=2289 1909s
[558369.1] V7_T1_NC2880: step 195 ELEVATED pairs=16053 evals=2305 1915s
[558390.6] V7_T1_NC2880: step 196 ELEVATED pairs=15978 evals=2321 1936s
[558411.3] V7_T1_NC2880: step 197 ELEVATED pairs=15902 evals=2337 1957s
[558418.8] V7_T1_NC2880: step 198 ELEVATED pairs=15837 evals=2353 1965s
[558419.0] V7_T1_NC2880: step 199 NO_CANDIDATES_GENERATED pairs=15837 evals=2353 1965s
[558419.3] V7_T1_NC2880: step 200 NO_CANDIDATES_GENERATED pairs=15837 evals=2353 1965s
[558419.6] V7_T1_NC2880: step 201 NO_CANDIDATES_GENERATED pairs=15837 evals=2353 1965s
[558419.8] V7_T1_NC2880: step 202 NO_CANDIDATES_GENERATED pairs=15837 evals=2353 1966s
[558427.1] V7_T1_NC2880: step 203 ELEVATED pairs=15775 evals=2369 1973s
[558456.4] V7_T1_NC2880: step 204 ELEVATED pairs=15697 evals=2385 2002s
[558486.0] V7_T1_NC2880: step 205 ELEVATED pairs=15625 evals=2401 2032s
[558486.3] V7_T1_NC2880: step 206 NO_CANDIDATES_GENERATED pairs=15625 evals=2401 2032s
[558486.6] V7_T1_NC2880: step 207 NO_CANDIDATES_GENERATED pairs=15625 evals=2401 2032s
[558486.9] V7_T1_NC2880: step 208 NO_CANDIDATES_GENERATED pairs=15625 evals=2401 2033s
[558487.2] V7_T1_NC2880: step 209 NO_CANDIDATES_GENERATED pairs=15625 evals=2401 2033s
[558496.8] V7_T1_NC2880: step 210 ELEVATED pairs=15574 evals=2417 2042s
[558506.4] V7_T1_NC2880: step 211 ELEVATED pairs=15521 evals=2433 2052s
[558519.1] V7_T1_NC2880: step 212 ELEVATED pairs=15462 evals=2449 2065s
[558520.0] V7_T1_NC2880: step 213 NO_CANDIDATES_GENERATED pairs=15462 evals=2449 2066s
[558520.9] V7_T1_NC2880: step 214 NO_CANDIDATES_GENERATED pairs=15462 evals=2449 2067s
[558521.8] V7_T1_NC2880: step 215 NO_CANDIDATES_GENERATED pairs=15462 evals=2449 2068s
[558522.8] V7_T1_NC2880: step 216 NO_CANDIDATES_GENERATED pairs=15462 evals=2449 2068s
[558523.7] V7_T1_NC2880: step 217 NO_CANDIDATES_GENERATED pairs=15462 evals=2449 2069s
[558524.6] V7_T1_NC2880: step 218 NO_CANDIDATES_GENERATED pairs=15462 evals=2449 2070s
[558525.5] V7_T1_NC2880: step 219 NO_CANDIDATES_GENERATED pairs=15462 evals=2449 2071s
[558526.5] V7_T1_NC2880: step 220 NO_CANDIDATES_GENERATED pairs=15462 evals=2449 2072s
[558527.4] V7_T1_NC2880: step 221 NO_CANDIDATES_GENERATED pairs=15462 evals=2449 2073s
[558528.3] V7_T1_NC2880: step 222 NO_CANDIDATES_GENERATED pairs=15462 evals=2449 2074s
[558529.2] V7_T1_NC2880: step 223 NO_CANDIDATES_GENERATED pairs=15462 evals=2449 2075s
[558530.2] V7_T1_NC2880: step 224 NO_CANDIDATES_GENERATED pairs=15462 evals=2449 2076s
[558531.1] V7_T1_NC2880: step 225 NO_CANDIDATES_GENERATED pairs=15462 evals=2449 2077s
[558532.0] V7_T1_NC2880: step 226 NO_CANDIDATES_GENERATED pairs=15462 evals=2449 2078s
[558545.0] V7_T1_NC2880: step 227 ELEVATED pairs=15408 evals=2458 2091s
[558545.9] V7_T1_NC2880: step 228 NO_CANDIDATES_GENERATED pairs=15408 evals=2458 2092s
[558547.1] V7_T1_NC2880: step 229 NO_CANDIDATES_GENERATED pairs=15408 evals=2458 2093s
[558548.3] V7_T1_NC2880: step 230 NO_CANDIDATES_GENERATED pairs=15408 evals=2458 2094s
[558561.6] V7_T1_NC2880: step 231 ELEVATED pairs=15355 evals=2467 2107s
[558571.1] V7_T1_NC2880: step 232 ELEVATED pairs=15306 evals=2483 2117s
[558573.0] V7_T1_NC2880: step 233 NO_CANDIDATES_GENERATED pairs=15306 evals=2483 2119s
[558575.1] V7_T1_NC2880: step 234 NO_CANDIDATES_GENERATED pairs=15306 evals=2483 2121s
[558577.4] V7_T1_NC2880: step 235 NO_CANDIDATES_GENERATED pairs=15306 evals=2483 2123s
[558579.6] V7_T1_NC2880: step 236 NO_CANDIDATES_GENERATED pairs=15306 evals=2483 2125s
[558581.9] V7_T1_NC2880: step 237 NO_CANDIDATES_GENERATED pairs=15306 evals=2483 2128s
[558584.2] V7_T1_NC2880: step 238 NO_CANDIDATES_GENERATED pairs=15306 evals=2483 2130s
[558587.9] V7_T1_NC2880: step 239 NO_CANDIDATES_GENERATED pairs=15306 evals=2483 2134s
[558612.4] V7_T1_NC2880: step 240 ELEVATED pairs=15257 evals=2499 2158s
[558617.8] V7_T1_NC2880: step 241 NO_CANDIDATES_GENERATED pairs=15257 evals=2499 2164s
[558625.4] V7_T1_NC2880: step 242 NO_CANDIDATES_GENERATED pairs=15257 evals=2499 2171s
[558631.9] V7_T1_NC2880: step 243 NO_CANDIDATES_GENERATED pairs=15257 evals=2499 2178s
[558637.4] V7_T1_NC2880: step 244 NO_CANDIDATES_GENERATED pairs=15257 evals=2499 2183s
[558643.1] V7_T1_NC2880: step 245 NO_CANDIDATES_GENERATED pairs=15257 evals=2499 2189s
[558649.3] V7_T1_NC2880: step 246 NO_CANDIDATES_GENERATED pairs=15257 evals=2499 2195s
[558695.3] V7_T1_NC2880: step 247 ELEVATED pairs=15201 evals=2515 2241s
[558713.9] V7_T1_NC2880: step 248 ELEVATED pairs=15158 evals=2531 2260s
[558754.4] V7_T1_NC2880: step 249 ELEVATED pairs=15100 evals=2547 2300s
[558793.3] V7_T1_NC2880: step 250 ELEVATED pairs=15041 evals=2563 2339s
[558798.6] V7_T1_NC2880: step 251 NO_CANDIDATES_GENERATED pairs=15041 evals=2563 2344s
[558803.8] V7_T1_NC2880: step 252 NO_CANDIDATES_GENERATED pairs=15041 evals=2563 2350s
[558841.3] V7_T1_NC2880: step 253 ELEVATED pairs=14982 evals=2579 2387s
[558902.6] V7_T1_NC2880: step 254 ELEVATED pairs=14911 evals=2595 2448s
[558961.6] V7_T1_NC2880: step 255 ELEVATED pairs=14840 evals=2611 2507s
[558968.7] V7_T1_NC2880: step 256 NO_CANDIDATES_GENERATED pairs=14840 evals=2611 2514s
[558975.7] V7_T1_NC2880: step 257 NO_CANDIDATES_GENERATED pairs=14840 evals=2611 2521s
[558984.6] V7_T1_NC2880: step 258 NO_CANDIDATES_GENERATED pairs=14840 evals=2611 2530s
[558993.5] V7_T1_NC2880: step 259 NO_CANDIDATES_GENERATED pairs=14840 evals=2611 2539s
[559002.4] V7_T1_NC2880: step 260 NO_CANDIDATES_GENERATED pairs=14840 evals=2611 2548s
[559011.2] V7_T1_NC2880: step 261 NO_CANDIDATES_GENERATED pairs=14840 evals=2611 2557s
[559037.2] V7_T1_NC2880: step 262 ELEVATED pairs=14825 evals=2627 2583s
[559063.6] V7_T1_NC2880: step 263 ELEVATED pairs=14824 evals=2643 2609s
[559090.3] V7_T1_NC2880: step 264 ELEVATED pairs=14823 evals=2659 2636s
[559118.5] V7_T1_NC2880: step 265 ELEVATED pairs=14797 evals=2675 2664s
[559150.9] V7_T1_NC2880: step 266 ELEVATED pairs=14776 evals=2691 2697s
[559178.7] V7_T1_NC2880: step 267 ELEVATED pairs=14775 evals=2707 2724s
[559211.8] V7_T1_NC2880: step 268 ELEVATED pairs=14754 evals=2723 2758s
[559241.1] V7_T1_NC2880: step 269 ELEVATED pairs=14753 evals=2739 2787s
[559272.6] V7_T1_NC2880: step 270 ELEVATED pairs=14742 evals=2755 2818s
[559304.7] V7_T1_NC2880: step 271 ELEVATED pairs=14718 evals=2771 2850s
[559334.6] V7_T1_NC2880: step 272 ELEVATED pairs=14707 evals=2787 2880s
[559363.2] V7_T1_NC2880: step 273 ELEVATED pairs=14703 evals=2803 2909s
[559401.4] V7_T1_NC2880: step 274 ELEVATED pairs=14674 evals=2819 2947s
[559439.4] V7_T1_NC2880: step 275 ELEVATED pairs=14670 evals=2835 2985s
[559527.9] V7_T1_NC2880: step 276 ELEVATED pairs=14615 evals=2851 3074s
[559587.0] V7_T1_NC2880: step 277 ELEVATED pairs=14587 evals=2867 3133s
[559637.6] V7_T1_NC2880: step 278 ELEVATED pairs=14583 evals=2880 3183s
[559638.7] V7_T1_NC2880: done final=14583 moves=178 first=178 reloc=0 ret=0 evals=2880 stop=CANDIDATE_BUDGET_EXHAUSTED
[559846.4] V7_T1_NC2880: recheck PASS checks=130816
