[544769.5] R2880: start mode=R appended_candidate_budget=2880 max_targets=200 probe=False
[544773.5] R2880: INITIAL_DONE pairs=42909 unresolved=3
[544773.6] R2880: step 1 NO_CANDIDATES_GENERATED pairs=42909 evals=0 1s
[544773.7] R2880: step 2 NO_CANDIDATES_GENERATED pairs=42909 evals=0 1s
[544804.7] R2880: step 3 ELEVATED pairs=42648 evals=72 32s
[544848.2] R2880: step 4 ELEVATED pairs=42392 evals=144 75s
[544888.7] R2880: step 5 ELEVATED pairs=42139 evals=216 116s
[544930.1] R2880: step 6 ELEVATED pairs=41888 evals=288 157s
[544970.9] R2880: step 7 ELEVATED pairs=41639 evals=360 198s
[544987.5] R2880: step 8 ELEVATED pairs=41386 evals=396 214s
[544999.1] R2880: step 9 ELEVATED pairs=41111 evals=432 226s
[545028.9] R2880: step 10 ELEVATED pairs=40843 evals=486 256s
[545045.1] R2880: step 11 ELEVATED pairs=40583 evals=540 272s
[545091.8] R2880: step 12 ELEVATED pairs=40327 evals=639 319s
[545136.4] R2880: step 13 ELEVATED pairs=40072 evals=738 363s
[545191.5] R2880: step 14 ELEVATED pairs=39820 evals=837 418s
[545220.9] R2880: step 15 ELEVATED pairs=39573 evals=891 448s
[545250.1] R2880: step 16 ELEVATED pairs=39328 evals=945 477s
[545276.2] R2880: step 17 ELEVATED pairs=39089 evals=999 503s
[545306.8] R2880: step 18 ELEVATED pairs=38845 evals=1053 534s
[545342.1] R2880: step 19 ELEVATED pairs=38610 evals=1107 569s
[545375.5] R2880: step 20 ELEVATED pairs=38377 evals=1161 602s
[545410.1] R2880: step 21 ELEVATED pairs=38148 evals=1233 637s
[545423.4] R2880: step 22 ELEVATED pairs=37908 evals=1269 650s
[545458.8] R2880: step 23 ELEVATED pairs=37686 evals=1341 686s
[545470.6] R2880: step 24 ELEVATED pairs=37453 evals=1377 698s
[545482.3] R2880: step 25 ELEVATED pairs=37222 evals=1413 709s
[545504.3] R2880: step 26 ELEVATED pairs=36995 evals=1467 731s
[545514.7] R2880: step 27 ELEVATED pairs=36766 evals=1503 742s
[545535.2] R2880: step 28 ELEVATED pairs=36540 evals=1557 762s
[545545.1] R2880: step 29 ELEVATED pairs=36313 evals=1593 772s
[545565.3] R2880: step 30 ELEVATED pairs=36089 evals=1647 792s
[545593.8] R2880: step 31 ELEVATED pairs=35873 evals=1719 821s
[545626.9] R2880: step 32 ELEVATED pairs=35658 evals=1791 854s
[545647.1] R2880: step 33 ELEVATED pairs=35435 evals=1845 874s
[545647.2] R2880: step 34 NO_CANDIDATES_GENERATED pairs=35435 evals=1845 874s
[545647.2] R2880: step 35 NO_CANDIDATES_GENERATED pairs=35435 evals=1845 874s
[545677.1] R2880: step 36 ELEVATED pairs=35227 evals=1917 904s
[545705.8] R2880: step 37 ELEVATED pairs=35021 evals=1989 933s
[545738.9] R2880: step 38 ELEVATED pairs=34820 evals=2061 966s
[545752.8] R2880: step 39 ELEVATED pairs=34617 evals=2115 980s
[545773.3] R2880: step 40 ELEVATED pairs=34402 evals=2169 1000s
[545776.6] R2880: step 41 ELEVATED pairs=34196 evals=2178 1003s
[545779.7] R2880: step 42 ELEVATED pairs=33992 evals=2187 1007s
[545782.8] R2880: step 43 ELEVATED pairs=33790 evals=2196 1010s
[545839.3] R2880: step 44 ELEVATED pairs=33577 evals=2322 1066s
[545842.6] R2880: step 45 ELEVATED pairs=33377 evals=2331 1069s
[545866.1] R2880: step 46 ELEVATED pairs=33167 evals=2385 1093s
[545869.4] R2880: step 47 ELEVATED pairs=32969 evals=2394 1096s
[545872.7] R2880: step 48 ELEVATED pairs=32773 evals=2403 1100s
[545876.0] R2880: step 49 ELEVATED pairs=32579 evals=2412 1103s
[545891.1] R2880: step 50 ELEVATED pairs=32374 evals=2457 1118s
[545894.5] R2880: step 51 ELEVATED pairs=32182 evals=2466 1121s
[545894.6] R2880: step 52 NO_CANDIDATES_GENERATED pairs=32182 evals=2466 1122s
[545894.7] R2880: step 53 NO_CANDIDATES_GENERATED pairs=32182 evals=2466 1122s
[545934.6] R2880: step 54 ELEVATED pairs=31992 evals=2538 1161s
[545958.0] R2880: step 55 ELEVATED pairs=31790 evals=2610 1185s
[545958.1] R2880: step 56 NO_CANDIDATES_GENERATED pairs=31790 evals=2610 1185s
[545958.1] R2880: step 57 NO_CANDIDATES_GENERATED pairs=31790 evals=2610 1185s
[545958.2] R2880: step 58 NO_CANDIDATES_GENERATED pairs=31790 evals=2610 1185s
[545958.2] R2880: step 59 NO_CANDIDATES_GENERATED pairs=31790 evals=2610 1185s
[545958.3] R2880: step 60 NO_CANDIDATES_GENERATED pairs=31790 evals=2610 1185s
[545958.3] R2880: step 61 NO_CANDIDATES_GENERATED pairs=31790 evals=2610 1185s
[545986.3] R2880: step 62 ELEVATED pairs=31590 evals=2682 1213s
[546014.2] R2880: step 63 ELEVATED pairs=31392 evals=2754 1241s
[546042.6] R2880: step 64 ELEVATED pairs=31196 evals=2826 1269s
[546062.1] R2880: step 65 ELEVATED pairs=30999 evals=2880 1289s
[546062.3] R2880: step 66 ABORTED_CANDIDATE_BUDGET pairs=30999 evals=2880 1289s
[546062.5] R2880: done final=30999 moves=53 relocations=0 evals=2880 stop=CANDIDATE_BUDGET_EXHAUSTED seconds=1293
[546096.8] R2880: recheck PASS checks=130816 seconds=30.2
