[602869.6] P4_A_FAMILY_CAP40_R2880: start mode=R budget=2880 spec={"name": "P4_A_FAMILY_CAP40", "target_policy": "LEGACY", "evaluation_policy": "E2_ORDERED_K16", "traversal_policy": "BASE", "max_targets": 2000, "k_per_target": 16, "family_round_robin": true, "relocation_side_reserve": 0, "waiting_age": false, "route_coverage": false, "multi_anchor": false, "exact_dedup": false, "decision_cache": false, "return_action": false, "cache_structural_skips": false, "window_slack_mm": 1e-05, "generation_domain": "LINE_ONLY", "path_window_settings": null, "stage_length_cap_mm": 40.0, "notes": ""}
[602869.6] P4_A_FAMILY_CAP40_R2880: start state=main C:\Users\lihao\Desktop\Graduation Project\OpticalWaveguideRouter3D\outputs\3d_strategy_v3\512_ablation\D_both_enabled pairs=42909
[602873.6] P4_A_FAMILY_CAP40_R2880: INITIAL_DONE pairs=42909
[602873.7] P4_A_FAMILY_CAP40_R2880: step 1 NO_CANDIDATES_GENERATED pairs=42909 evals=0 0s
[602873.8] P4_A_FAMILY_CAP40_R2880: step 2 NO_CANDIDATES_GENERATED pairs=42909 evals=0 0s
[602880.9] P4_A_FAMILY_CAP40_R2880: step 3 ELEVATED pairs=42653 evals=16 7s
[602890.6] P4_A_FAMILY_CAP40_R2880: step 4 ELEVATED pairs=42440 evals=32 17s
[602900.3] P4_A_FAMILY_CAP40_R2880: step 5 ELEVATED pairs=42218 evals=48 27s
[602911.5] P4_A_FAMILY_CAP40_R2880: step 6 ELEVATED pairs=41998 evals=64 38s
[602921.6] P4_A_FAMILY_CAP40_R2880: step 7 ELEVATED pairs=41742 evals=80 48s
[602933.0] P4_A_FAMILY_CAP40_R2880: step 8 ELEVATED pairs=41524 evals=96 59s
[602941.4] P4_A_FAMILY_CAP40_R2880: step 9 ELEVATED pairs=41274 evals=112 68s
[602950.2] P4_A_FAMILY_CAP40_R2880: step 10 ELEVATED pairs=41024 evals=128 77s
[602959.1] P4_A_FAMILY_CAP40_R2880: step 11 ELEVATED pairs=40772 evals=144 85s
[602967.6] P4_A_FAMILY_CAP40_R2880: step 12 ELEVATED pairs=40524 evals=160 94s
[602979.1] P4_A_FAMILY_CAP40_R2880: step 13 ELEVATED pairs=40314 evals=176 105s
[602987.2] P4_A_FAMILY_CAP40_R2880: step 14 ELEVATED pairs=40068 evals=192 114s
[603000.9] P4_A_FAMILY_CAP40_R2880: step 15 ELEVATED pairs=39859 evals=208 127s
[603014.7] P4_A_FAMILY_CAP40_R2880: step 16 ELEVATED pairs=39652 evals=224 141s
[603024.8] P4_A_FAMILY_CAP40_R2880: step 17 ELEVATED pairs=39463 evals=240 151s
[603031.4] P4_A_FAMILY_CAP40_R2880: step 18 ELEVATED pairs=39221 evals=256 158s
[603039.6] P4_A_FAMILY_CAP40_R2880: step 19 ELEVATED pairs=38991 evals=272 166s
[603049.8] P4_A_FAMILY_CAP40_R2880: step 20 ELEVATED pairs=38838 evals=288 176s
[603058.5] P4_A_FAMILY_CAP40_R2880: step 21 ELEVATED pairs=38599 evals=304 185s
[603066.7] P4_A_FAMILY_CAP40_R2880: step 22 ELEVATED pairs=38376 evals=320 193s
[603072.6] P4_A_FAMILY_CAP40_R2880: step 23 ELEVATED pairs=38148 evals=336 199s
[603082.8] P4_A_FAMILY_CAP40_R2880: step 24 ELEVATED pairs=37927 evals=352 209s
[603088.1] P4_A_FAMILY_CAP40_R2880: step 25 ELEVATED pairs=37701 evals=368 214s
[603093.9] P4_A_FAMILY_CAP40_R2880: step 26 ELEVATED pairs=37476 evals=384 220s
[603107.3] P4_A_FAMILY_CAP40_R2880: step 27 ELEVATED pairs=37285 evals=400 234s
[603118.5] P4_A_FAMILY_CAP40_R2880: step 28 ELEVATED pairs=37126 evals=416 245s
[603129.6] P4_A_FAMILY_CAP40_R2880: step 29 ELEVATED pairs=36969 evals=432 256s
[603146.4] P4_A_FAMILY_CAP40_R2880: step 30 ELEVATED pairs=36778 evals=448 273s
[603159.1] P4_A_FAMILY_CAP40_R2880: step 31 ELEVATED pairs=36525 evals=464 285s
[603171.8] P4_A_FAMILY_CAP40_R2880: step 32 ELEVATED pairs=36365 evals=480 298s
[603172.0] P4_A_FAMILY_CAP40_R2880: step 33 NO_CANDIDATES_GENERATED pairs=36365 evals=480 298s
[603172.2] P4_A_FAMILY_CAP40_R2880: step 34 NO_CANDIDATES_GENERATED pairs=36365 evals=480 298s
[603181.9] P4_A_FAMILY_CAP40_R2880: step 35 ELEVATED pairs=36160 evals=496 308s
[603191.7] P4_A_FAMILY_CAP40_R2880: step 36 ELEVATED pairs=35958 evals=512 318s
[603201.3] P4_A_FAMILY_CAP40_R2880: step 37 ELEVATED pairs=35818 evals=528 328s
[603216.3] P4_A_FAMILY_CAP40_R2880: step 38 ELEVATED pairs=35612 evals=544 343s
[603223.0] P4_A_FAMILY_CAP40_R2880: step 39 ELEVATED pairs=35417 evals=560 349s
[603236.9] P4_A_FAMILY_CAP40_R2880: step 40 ELEVATED pairs=35213 evals=576 363s
[603250.6] P4_A_FAMILY_CAP40_R2880: step 41 ELEVATED pairs=35010 evals=592 377s
[603260.0] P4_A_FAMILY_CAP40_R2880: step 42 ELEVATED pairs=34768 evals=608 386s
[603273.4] P4_A_FAMILY_CAP40_R2880: step 43 ELEVATED pairs=34567 evals=624 400s
[603287.1] P4_A_FAMILY_CAP40_R2880: step 44 ELEVATED pairs=34447 evals=640 413s
[603300.5] P4_A_FAMILY_CAP40_R2880: step 45 ELEVATED pairs=34247 evals=656 427s
[603313.0] P4_A_FAMILY_CAP40_R2880: step 46 ELEVATED pairs=34042 evals=672 439s
[603326.5] P4_A_FAMILY_CAP40_R2880: step 47 ELEVATED pairs=33844 evals=688 453s
[603339.7] P4_A_FAMILY_CAP40_R2880: step 48 ELEVATED pairs=33726 evals=704 466s
[603352.6] P4_A_FAMILY_CAP40_R2880: step 49 ELEVATED pairs=33529 evals=720 479s
[603364.6] P4_A_FAMILY_CAP40_R2880: step 50 ELEVATED pairs=33337 evals=736 491s
[603378.2] P4_A_FAMILY_CAP40_R2880: step 51 ELEVATED pairs=33142 evals=752 505s
[603390.5] P4_A_FAMILY_CAP40_R2880: step 52 ELEVATED pairs=32952 evals=768 517s
[603404.0] P4_A_FAMILY_CAP40_R2880: step 53 ELEVATED pairs=32758 evals=784 530s
[603416.1] P4_A_FAMILY_CAP40_R2880: step 54 ELEVATED pairs=32569 evals=800 542s
[603429.3] P4_A_FAMILY_CAP40_R2880: step 55 ELEVATED pairs=32377 evals=816 556s
[603441.5] P4_A_FAMILY_CAP40_R2880: step 56 ELEVATED pairs=32190 evals=832 568s
[603454.7] P4_A_FAMILY_CAP40_R2880: step 57 ELEVATED pairs=32004 evals=848 581s
[603468.2] P4_A_FAMILY_CAP40_R2880: step 58 ELEVATED pairs=31882 evals=864 595s
[603484.2] P4_A_FAMILY_CAP40_R2880: step 59 ELEVATED pairs=31651 evals=880 611s
[603495.5] P4_A_FAMILY_CAP40_R2880: step 60 ELEVATED pairs=31440 evals=896 622s
[603506.5] P4_A_FAMILY_CAP40_R2880: step 61 ELEVATED pairs=31252 evals=912 633s
[603521.6] P4_A_FAMILY_CAP40_R2880: step 62 ELEVATED pairs=31023 evals=928 648s
[603532.5] P4_A_FAMILY_CAP40_R2880: step 63 ELEVATED pairs=30837 evals=944 659s
[603546.7] P4_A_FAMILY_CAP40_R2880: step 64 ELEVATED pairs=30610 evals=960 673s
[603557.2] P4_A_FAMILY_CAP40_R2880: step 65 ELEVATED pairs=30426 evals=976 683s
[603571.0] P4_A_FAMILY_CAP40_R2880: step 66 ELEVATED pairs=30201 evals=992 697s
[603581.8] P4_A_FAMILY_CAP40_R2880: step 67 ELEVATED pairs=30018 evals=1008 708s
[603595.4] P4_A_FAMILY_CAP40_R2880: step 68 ELEVATED pairs=29795 evals=1024 722s
[603609.3] P4_A_FAMILY_CAP40_R2880: step 69 ELEVATED pairs=29574 evals=1040 736s
[603616.5] P4_A_FAMILY_CAP40_R2880: step 70 ELEVATED pairs=29437 evals=1056 743s
[603629.4] P4_A_FAMILY_CAP40_R2880: step 71 ELEVATED pairs=29219 evals=1072 756s
[603637.1] P4_A_FAMILY_CAP40_R2880: step 72 ELEVATED pairs=29046 evals=1088 763s
[603644.5] P4_A_FAMILY_CAP40_R2880: step 73 ELEVATED pairs=28907 evals=1104 771s
[603656.7] P4_A_FAMILY_CAP40_R2880: step 74 ELEVATED pairs=28690 evals=1120 783s
[603664.0] P4_A_FAMILY_CAP40_R2880: step 75 ELEVATED pairs=28550 evals=1136 790s
[603671.3] P4_A_FAMILY_CAP40_R2880: step 76 ELEVATED pairs=28409 evals=1152 798s
[603682.8] P4_A_FAMILY_CAP40_R2880: step 77 ELEVATED pairs=28194 evals=1168 809s
[603689.2] P4_A_FAMILY_CAP40_R2880: step 78 ELEVATED pairs=28021 evals=1177 816s
[603695.5] P4_A_FAMILY_CAP40_R2880: step 79 ELEVATED pairs=27850 evals=1186 822s
[603706.5] P4_A_FAMILY_CAP40_R2880: step 80 ELEVATED pairs=27698 evals=1202 833s
[603712.6] P4_A_FAMILY_CAP40_R2880: step 81 ELEVATED pairs=27529 evals=1211 839s
[603724.7] P4_A_FAMILY_CAP40_R2880: step 82 ELEVATED pairs=27354 evals=1227 851s
[603730.3] P4_A_FAMILY_CAP40_R2880: step 83 ELEVATED pairs=27187 evals=1236 857s
[603739.0] P4_A_FAMILY_CAP40_R2880: step 84 ELEVATED pairs=26978 evals=1252 865s
[603745.0] P4_A_FAMILY_CAP40_R2880: step 85 ELEVATED pairs=26963 evals=1268 871s
[603749.9] P4_A_FAMILY_CAP40_R2880: step 86 ELEVATED pairs=26760 evals=1284 876s
[603752.4] P4_A_FAMILY_CAP40_R2880: step 87 PREFIX_EVALUATED_NO_WINNER_DEFERRED pairs=26760 evals=1300 879s
[603754.6] P4_A_FAMILY_CAP40_R2880: step 88 PREFIX_EVALUATED_NO_WINNER_DEFERRED pairs=26760 evals=1316 881s
[603756.9] P4_A_FAMILY_CAP40_R2880: step 89 PREFIX_EVALUATED_NO_WINNER_DEFERRED pairs=26760 evals=1332 883s
[603759.3] P4_A_FAMILY_CAP40_R2880: step 90 PREFIX_EVALUATED_NO_WINNER_DEFERRED pairs=26760 evals=1348 886s
[603761.7] P4_A_FAMILY_CAP40_R2880: step 91 PREFIX_EVALUATED_NO_WINNER_DEFERRED pairs=26760 evals=1364 888s
[603764.5] P4_A_FAMILY_CAP40_R2880: step 92 PREFIX_EVALUATED_NO_WINNER_DEFERRED pairs=26760 evals=1380 891s
[603767.2] P4_A_FAMILY_CAP40_R2880: step 93 PREFIX_EVALUATED_NO_WINNER_DEFERRED pairs=26760 evals=1396 894s
[603769.8] P4_A_FAMILY_CAP40_R2880: step 94 PREFIX_EVALUATED_NO_WINNER_DEFERRED pairs=26760 evals=1412 896s
[603772.5] P4_A_FAMILY_CAP40_R2880: step 95 PREFIX_EVALUATED_NO_WINNER_DEFERRED pairs=26760 evals=1428 899s
[603774.7] P4_A_FAMILY_CAP40_R2880: step 96 PREFIX_EVALUATED_NO_WINNER_DEFERRED pairs=26760 evals=1444 901s
[603777.1] P4_A_FAMILY_CAP40_R2880: step 97 PREFIX_EVALUATED_NO_WINNER_DEFERRED pairs=26760 evals=1460 903s
[603779.4] P4_A_FAMILY_CAP40_R2880: step 98 PREFIX_EVALUATED_NO_WINNER_DEFERRED pairs=26760 evals=1476 906s
[603781.7] P4_A_FAMILY_CAP40_R2880: step 99 PREFIX_EVALUATED_NO_WINNER_DEFERRED pairs=26760 evals=1492 908s
[603784.2] P4_A_FAMILY_CAP40_R2880: step 100 PREFIX_EVALUATED_NO_WINNER_DEFERRED pairs=26760 evals=1508 911s
[603786.6] P4_A_FAMILY_CAP40_R2880: step 101 PREFIX_EVALUATED_NO_WINNER_DEFERRED pairs=26760 evals=1524 913s
[603786.8] P4_A_FAMILY_CAP40_R2880: step 102 NO_CANDIDATES_GENERATED pairs=26760 evals=1524 913s
[603787.0] P4_A_FAMILY_CAP40_R2880: step 103 NO_CANDIDATES_GENERATED pairs=26760 evals=1524 913s
[603789.5] P4_A_FAMILY_CAP40_R2880: step 104 PREFIX_EVALUATED_NO_WINNER_DEFERRED pairs=26760 evals=1540 916s
[603792.2] P4_A_FAMILY_CAP40_R2880: step 105 PREFIX_EVALUATED_NO_WINNER_DEFERRED pairs=26760 evals=1556 919s
[603794.7] P4_A_FAMILY_CAP40_R2880: step 106 PREFIX_EVALUATED_NO_WINNER_DEFERRED pairs=26760 evals=1572 921s
[603797.3] P4_A_FAMILY_CAP40_R2880: step 107 PREFIX_EVALUATED_NO_WINNER_DEFERRED pairs=26760 evals=1588 924s
[603799.7] P4_A_FAMILY_CAP40_R2880: step 108 PREFIX_EVALUATED_NO_WINNER_DEFERRED pairs=26760 evals=1604 926s
[603802.3] P4_A_FAMILY_CAP40_R2880: step 109 PREFIX_EVALUATED_NO_WINNER_DEFERRED pairs=26760 evals=1620 929s
[603804.9] P4_A_FAMILY_CAP40_R2880: step 110 PREFIX_EVALUATED_NO_WINNER_DEFERRED pairs=26760 evals=1636 931s
[603807.6] P4_A_FAMILY_CAP40_R2880: step 111 PREFIX_EVALUATED_NO_WINNER_DEFERRED pairs=26760 evals=1652 934s
[603810.2] P4_A_FAMILY_CAP40_R2880: step 112 PREFIX_EVALUATED_NO_WINNER_DEFERRED pairs=26760 evals=1668 937s
[603815.4] P4_A_FAMILY_CAP40_R2880: step 113 PREFIX_EVALUATED_NO_WINNER_DEFERRED pairs=26760 evals=1684 942s
[603818.1] P4_A_FAMILY_CAP40_R2880: step 114 PREFIX_EVALUATED_NO_WINNER_DEFERRED pairs=26760 evals=1700 944s
[603820.6] P4_A_FAMILY_CAP40_R2880: step 115 PREFIX_EVALUATED_NO_WINNER_DEFERRED pairs=26760 evals=1716 947s
[603823.0] P4_A_FAMILY_CAP40_R2880: step 116 PREFIX_EVALUATED_NO_WINNER_DEFERRED pairs=26760 evals=1732 949s
[603825.4] P4_A_FAMILY_CAP40_R2880: step 117 PREFIX_EVALUATED_NO_WINNER_DEFERRED pairs=26760 evals=1748 952s
[603830.7] P4_A_FAMILY_CAP40_R2880: step 118 RELOCATED pairs=26747 evals=1764 957s
[603833.3] P4_A_FAMILY_CAP40_R2880: step 119 PREFIX_EVALUATED_NO_WINNER_DEFERRED pairs=26747 evals=1780 960s
[603835.5] P4_A_FAMILY_CAP40_R2880: step 120 PREFIX_EVALUATED_NO_WINNER_DEFERRED pairs=26747 evals=1796 962s
[603837.8] P4_A_FAMILY_CAP40_R2880: step 121 PREFIX_EVALUATED_NO_WINNER_DEFERRED pairs=26747 evals=1812 964s
[603840.0] P4_A_FAMILY_CAP40_R2880: step 122 PREFIX_EVALUATED_NO_WINNER_DEFERRED pairs=26747 evals=1828 966s
[603842.5] P4_A_FAMILY_CAP40_R2880: step 123 PREFIX_EVALUATED_NO_WINNER_DEFERRED pairs=26747 evals=1844 969s
[603845.3] P4_A_FAMILY_CAP40_R2880: step 124 PREFIX_EVALUATED_NO_WINNER_DEFERRED pairs=26747 evals=1860 972s
[603848.0] P4_A_FAMILY_CAP40_R2880: step 125 PREFIX_EVALUATED_NO_WINNER_DEFERRED pairs=26747 evals=1876 974s
[603850.7] P4_A_FAMILY_CAP40_R2880: step 126 PREFIX_EVALUATED_NO_WINNER_DEFERRED pairs=26747 evals=1892 977s
[603853.4] P4_A_FAMILY_CAP40_R2880: step 127 PREFIX_EVALUATED_NO_WINNER_DEFERRED pairs=26747 evals=1908 980s
[603855.6] P4_A_FAMILY_CAP40_R2880: step 128 PREFIX_EVALUATED_NO_WINNER_DEFERRED pairs=26747 evals=1924 982s
[603857.8] P4_A_FAMILY_CAP40_R2880: step 129 PREFIX_EVALUATED_NO_WINNER_DEFERRED pairs=26747 evals=1940 984s
[603860.1] P4_A_FAMILY_CAP40_R2880: step 130 PREFIX_EVALUATED_NO_WINNER_DEFERRED pairs=26747 evals=1956 986s
[603862.4] P4_A_FAMILY_CAP40_R2880: step 131 PREFIX_EVALUATED_NO_WINNER_DEFERRED pairs=26747 evals=1972 989s
[603864.7] P4_A_FAMILY_CAP40_R2880: step 132 PREFIX_EVALUATED_NO_WINNER_DEFERRED pairs=26747 evals=1988 991s
[603867.1] P4_A_FAMILY_CAP40_R2880: step 133 PREFIX_EVALUATED_NO_WINNER_DEFERRED pairs=26747 evals=2004 993s
[603869.7] P4_A_FAMILY_CAP40_R2880: step 134 PREFIX_EVALUATED_NO_WINNER_DEFERRED pairs=26747 evals=2020 996s
[603872.3] P4_A_FAMILY_CAP40_R2880: step 135 PREFIX_EVALUATED_NO_WINNER_DEFERRED pairs=26747 evals=2036 999s
[603874.8] P4_A_FAMILY_CAP40_R2880: step 136 PREFIX_EVALUATED_NO_WINNER_DEFERRED pairs=26747 evals=2052 1001s
[603877.3] P4_A_FAMILY_CAP40_R2880: step 137 PREFIX_EVALUATED_NO_WINNER_DEFERRED pairs=26747 evals=2068 1004s
[603879.7] P4_A_FAMILY_CAP40_R2880: step 138 PREFIX_EVALUATED_NO_WINNER_DEFERRED pairs=26747 evals=2084 1006s
[603882.2] P4_A_FAMILY_CAP40_R2880: step 139 PREFIX_EVALUATED_NO_WINNER_DEFERRED pairs=26747 evals=2100 1009s
[603885.0] P4_A_FAMILY_CAP40_R2880: step 140 PREFIX_EVALUATED_NO_WINNER_DEFERRED pairs=26747 evals=2116 1011s
[603887.7] P4_A_FAMILY_CAP40_R2880: step 141 PREFIX_EVALUATED_NO_WINNER_DEFERRED pairs=26747 evals=2132 1014s
[603890.3] P4_A_FAMILY_CAP40_R2880: step 142 PREFIX_EVALUATED_NO_WINNER_DEFERRED pairs=26747 evals=2148 1017s
[603893.2] P4_A_FAMILY_CAP40_R2880: step 143 PREFIX_EVALUATED_NO_WINNER_DEFERRED pairs=26747 evals=2164 1020s
[603895.8] P4_A_FAMILY_CAP40_R2880: step 144 PREFIX_EVALUATED_NO_WINNER_DEFERRED pairs=26747 evals=2180 1022s
[603898.2] P4_A_FAMILY_CAP40_R2880: step 145 PREFIX_EVALUATED_NO_WINNER_DEFERRED pairs=26747 evals=2196 1025s
[603900.7] P4_A_FAMILY_CAP40_R2880: step 146 PREFIX_EVALUATED_NO_WINNER_DEFERRED pairs=26747 evals=2212 1027s
[603903.3] P4_A_FAMILY_CAP40_R2880: step 147 PREFIX_EVALUATED_NO_WINNER_DEFERRED pairs=26747 evals=2228 1030s
[603905.9] P4_A_FAMILY_CAP40_R2880: step 148 PREFIX_EVALUATED_NO_WINNER_DEFERRED pairs=26747 evals=2244 1032s
[603908.3] P4_A_FAMILY_CAP40_R2880: step 149 PREFIX_EVALUATED_NO_WINNER_DEFERRED pairs=26747 evals=2260 1035s
[603910.6] P4_A_FAMILY_CAP40_R2880: step 150 PREFIX_EVALUATED_NO_WINNER_DEFERRED pairs=26747 evals=2276 1037s
[603912.7] P4_A_FAMILY_CAP40_R2880: step 151 PREFIX_EVALUATED_NO_WINNER_DEFERRED pairs=26747 evals=2292 1039s
[603914.9] P4_A_FAMILY_CAP40_R2880: step 152 PREFIX_EVALUATED_NO_WINNER_DEFERRED pairs=26747 evals=2308 1041s
[603917.0] P4_A_FAMILY_CAP40_R2880: step 153 PREFIX_EVALUATED_NO_WINNER_DEFERRED pairs=26747 evals=2324 1043s
[603919.2] P4_A_FAMILY_CAP40_R2880: step 154 PREFIX_EVALUATED_NO_WINNER_DEFERRED pairs=26747 evals=2340 1045s
[603921.4] P4_A_FAMILY_CAP40_R2880: step 155 PREFIX_EVALUATED_NO_WINNER_DEFERRED pairs=26747 evals=2356 1048s
[603923.6] P4_A_FAMILY_CAP40_R2880: step 156 PREFIX_EVALUATED_NO_WINNER_DEFERRED pairs=26747 evals=2372 1050s
[603925.7] P4_A_FAMILY_CAP40_R2880: step 157 PREFIX_EVALUATED_NO_WINNER_DEFERRED pairs=26747 evals=2388 1052s
[603928.3] P4_A_FAMILY_CAP40_R2880: step 158 PREFIX_EVALUATED_NO_WINNER_DEFERRED pairs=26747 evals=2404 1055s
[603930.8] P4_A_FAMILY_CAP40_R2880: step 159 PREFIX_EVALUATED_NO_WINNER_DEFERRED pairs=26747 evals=2420 1057s
[603931.0] P4_A_FAMILY_CAP40_R2880: step 160 NO_CANDIDATES_GENERATED pairs=26747 evals=2420 1057s
[603931.2] P4_A_FAMILY_CAP40_R2880: step 161 NO_CANDIDATES_GENERATED pairs=26747 evals=2420 1058s
[603931.4] P4_A_FAMILY_CAP40_R2880: step 162 NO_CANDIDATES_GENERATED pairs=26747 evals=2420 1058s
[603931.6] P4_A_FAMILY_CAP40_R2880: step 163 NO_CANDIDATES_GENERATED pairs=26747 evals=2420 1058s
[603931.8] P4_A_FAMILY_CAP40_R2880: step 164 NO_CANDIDATES_GENERATED pairs=26747 evals=2420 1058s
[603932.0] P4_A_FAMILY_CAP40_R2880: step 165 NO_CANDIDATES_GENERATED pairs=26747 evals=2420 1058s
[603934.5] P4_A_FAMILY_CAP40_R2880: step 166 PREFIX_EVALUATED_NO_WINNER_DEFERRED pairs=26747 evals=2436 1061s
[603937.0] P4_A_FAMILY_CAP40_R2880: step 167 PREFIX_EVALUATED_NO_WINNER_DEFERRED pairs=26747 evals=2452 1063s
[603939.4] P4_A_FAMILY_CAP40_R2880: step 168 PREFIX_EVALUATED_NO_WINNER_DEFERRED pairs=26747 evals=2468 1066s
[603945.5] P4_A_FAMILY_CAP40_R2880: step 169 PREFIX_EVALUATED_NO_WINNER_DEFERRED pairs=26747 evals=2484 1072s
[603947.9] P4_A_FAMILY_CAP40_R2880: step 170 PREFIX_EVALUATED_NO_WINNER_DEFERRED pairs=26747 evals=2500 1074s
[603950.3] P4_A_FAMILY_CAP40_R2880: step 171 PREFIX_EVALUATED_NO_WINNER_DEFERRED pairs=26747 evals=2516 1077s
[603952.7] P4_A_FAMILY_CAP40_R2880: step 172 PREFIX_EVALUATED_NO_WINNER_DEFERRED pairs=26747 evals=2532 1079s
[603955.1] P4_A_FAMILY_CAP40_R2880: step 173 PREFIX_EVALUATED_NO_WINNER_DEFERRED pairs=26747 evals=2548 1081s
[603957.6] P4_A_FAMILY_CAP40_R2880: step 174 PREFIX_EVALUATED_NO_WINNER_DEFERRED pairs=26747 evals=2564 1084s
[603959.9] P4_A_FAMILY_CAP40_R2880: step 175 PREFIX_EVALUATED_NO_WINNER_DEFERRED pairs=26747 evals=2580 1086s
[603962.2] P4_A_FAMILY_CAP40_R2880: step 176 PREFIX_EVALUATED_NO_WINNER_DEFERRED pairs=26747 evals=2596 1089s
[603964.7] P4_A_FAMILY_CAP40_R2880: step 177 PREFIX_EVALUATED_NO_WINNER_DEFERRED pairs=26747 evals=2612 1091s
[603967.1] P4_A_FAMILY_CAP40_R2880: step 178 PREFIX_EVALUATED_NO_WINNER_DEFERRED pairs=26747 evals=2628 1093s
[603969.6] P4_A_FAMILY_CAP40_R2880: step 179 PREFIX_EVALUATED_NO_WINNER_DEFERRED pairs=26747 evals=2644 1096s
[603972.0] P4_A_FAMILY_CAP40_R2880: step 180 PREFIX_EVALUATED_NO_WINNER_DEFERRED pairs=26747 evals=2660 1098s
[603978.1] P4_A_FAMILY_CAP40_R2880: step 181 PREFIX_EVALUATED_NO_WINNER_DEFERRED pairs=26747 evals=2676 1104s
[603984.1] P4_A_FAMILY_CAP40_R2880: step 182 PREFIX_EVALUATED_NO_WINNER_DEFERRED pairs=26747 evals=2692 1110s
[603986.5] P4_A_FAMILY_CAP40_R2880: step 183 PREFIX_EVALUATED_NO_WINNER_DEFERRED pairs=26747 evals=2708 1113s
[603988.9] P4_A_FAMILY_CAP40_R2880: step 184 PREFIX_EVALUATED_NO_WINNER_DEFERRED pairs=26747 evals=2724 1115s
[603991.2] P4_A_FAMILY_CAP40_R2880: step 185 PREFIX_EVALUATED_NO_WINNER_DEFERRED pairs=26747 evals=2740 1118s
[603993.5] P4_A_FAMILY_CAP40_R2880: step 186 PREFIX_EVALUATED_NO_WINNER_DEFERRED pairs=26747 evals=2756 1120s
[603995.9] P4_A_FAMILY_CAP40_R2880: step 187 PREFIX_EVALUATED_NO_WINNER_DEFERRED pairs=26747 evals=2772 1122s
[603998.3] P4_A_FAMILY_CAP40_R2880: step 188 PREFIX_EVALUATED_NO_WINNER_DEFERRED pairs=26747 evals=2788 1125s
[604000.6] P4_A_FAMILY_CAP40_R2880: step 189 PREFIX_EVALUATED_NO_WINNER_DEFERRED pairs=26747 evals=2804 1127s
[604002.9] P4_A_FAMILY_CAP40_R2880: step 190 PREFIX_EVALUATED_NO_WINNER_DEFERRED pairs=26747 evals=2820 1129s
[604005.4] P4_A_FAMILY_CAP40_R2880: step 191 PREFIX_EVALUATED_NO_WINNER_DEFERRED pairs=26747 evals=2836 1132s
[604007.7] P4_A_FAMILY_CAP40_R2880: step 192 PREFIX_EVALUATED_NO_WINNER_DEFERRED pairs=26747 evals=2852 1134s
[604010.0] P4_A_FAMILY_CAP40_R2880: step 193 PREFIX_EVALUATED_NO_WINNER_DEFERRED pairs=26747 evals=2868 1136s
[604011.5] P4_A_FAMILY_CAP40_R2880: step 194 ABORTED_CANDIDATE_BUDGET pairs=26747 evals=2880 1138s
[604011.9] P4_A_FAMILY_CAP40_R2880: done final=26747 moves=83 first=82 reloc=1 ret=0 evals=2880 stop=CANDIDATE_BUDGET_EXHAUSTED
[604070.1] P4_A_FAMILY_CAP40_R2880: recheck PASS checks=130816
