[558649.0] IDEA_A_FAMILY_N1440: start mode=N budget=1440 spec={"name": "IDEA_A_FAMILY", "target_policy": "LEGACY", "evaluation_policy": "E2_ORDERED_K16", "traversal_policy": "BASE", "max_targets": 200, "k_per_target": 16, "family_round_robin": true, "relocation_side_reserve": 0, "waiting_age": false, "route_coverage": false, "multi_anchor": false, "exact_dedup": false, "decision_cache": false, "return_action": false, "cache_structural_skips": false, "window_slack_mm": 1e-05, "notes": ""}
[558649.0] IDEA_A_FAMILY_N1440: start state=main C:\Users\lihao\Desktop\Graduation Project\OpticalWaveguideRouter3D\outputs\3d_strategy_v3\512_ablation\D_both_enabled pairs=42909
[558657.4] IDEA_A_FAMILY_N1440: INITIAL_DONE pairs=42909
[558657.7] IDEA_A_FAMILY_N1440: step 1 NO_CANDIDATES_GENERATED pairs=42909 evals=0 1s
[558658.0] IDEA_A_FAMILY_N1440: step 2 NO_CANDIDATES_GENERATED pairs=42909 evals=0 1s
[558672.2] IDEA_A_FAMILY_N1440: step 3 ELEVATED pairs=42653 evals=16 15s
[558691.1] IDEA_A_FAMILY_N1440: step 4 ELEVATED pairs=42440 evals=32 34s
[558708.9] IDEA_A_FAMILY_N1440: step 5 ELEVATED pairs=42218 evals=48 52s
[558726.6] IDEA_A_FAMILY_N1440: step 6 ELEVATED pairs=41998 evals=64 70s
[558741.9] IDEA_A_FAMILY_N1440: step 7 ELEVATED pairs=41742 evals=80 85s
[558759.7] IDEA_A_FAMILY_N1440: step 8 ELEVATED pairs=41524 evals=96 103s
[558772.5] IDEA_A_FAMILY_N1440: step 9 ELEVATED pairs=41274 evals=112 115s
[558785.6] IDEA_A_FAMILY_N1440: step 10 ELEVATED pairs=41024 evals=128 129s
[558798.3] IDEA_A_FAMILY_N1440: step 11 ELEVATED pairs=40772 evals=144 141s
[558811.3] IDEA_A_FAMILY_N1440: step 12 ELEVATED pairs=40524 evals=160 154s
[558829.0] IDEA_A_FAMILY_N1440: step 13 ELEVATED pairs=40314 evals=176 172s
[558841.3] IDEA_A_FAMILY_N1440: step 14 ELEVATED pairs=40068 evals=192 184s
[558863.6] IDEA_A_FAMILY_N1440: step 15 ELEVATED pairs=39859 evals=208 207s
[558886.7] IDEA_A_FAMILY_N1440: step 16 ELEVATED pairs=39652 evals=224 230s
[558903.3] IDEA_A_FAMILY_N1440: step 17 ELEVATED pairs=39463 evals=240 246s
[558914.1] IDEA_A_FAMILY_N1440: step 18 ELEVATED pairs=39221 evals=256 257s
[558927.6] IDEA_A_FAMILY_N1440: step 19 ELEVATED pairs=38991 evals=272 271s
[558944.4] IDEA_A_FAMILY_N1440: step 20 ELEVATED pairs=38838 evals=288 287s
[558957.7] IDEA_A_FAMILY_N1440: step 21 ELEVATED pairs=38599 evals=304 301s
[558970.0] IDEA_A_FAMILY_N1440: step 22 ELEVATED pairs=38376 evals=320 313s
[558979.2] IDEA_A_FAMILY_N1440: step 23 ELEVATED pairs=38148 evals=336 322s
[558996.3] IDEA_A_FAMILY_N1440: step 24 ELEVATED pairs=37927 evals=352 339s
[559005.4] IDEA_A_FAMILY_N1440: step 25 ELEVATED pairs=37701 evals=368 348s
[559014.6] IDEA_A_FAMILY_N1440: step 26 ELEVATED pairs=37476 evals=384 358s
[559035.0] IDEA_A_FAMILY_N1440: step 27 ELEVATED pairs=37285 evals=400 378s
[559052.7] IDEA_A_FAMILY_N1440: step 28 ELEVATED pairs=37126 evals=416 396s
[559069.5] IDEA_A_FAMILY_N1440: step 29 ELEVATED pairs=36969 evals=432 412s
[559092.7] IDEA_A_FAMILY_N1440: step 30 ELEVATED pairs=36778 evals=448 436s
[559109.9] IDEA_A_FAMILY_N1440: step 31 ELEVATED pairs=36525 evals=464 453s
[559127.9] IDEA_A_FAMILY_N1440: step 32 ELEVATED pairs=36365 evals=480 471s
[559128.1] IDEA_A_FAMILY_N1440: step 33 NO_CANDIDATES_GENERATED pairs=36365 evals=480 471s
[559128.4] IDEA_A_FAMILY_N1440: step 34 NO_CANDIDATES_GENERATED pairs=36365 evals=480 471s
[559142.1] IDEA_A_FAMILY_N1440: step 35 ELEVATED pairs=36160 evals=496 485s
[559155.7] IDEA_A_FAMILY_N1440: step 36 ELEVATED pairs=35958 evals=512 499s
[559168.1] IDEA_A_FAMILY_N1440: step 37 ELEVATED pairs=35818 evals=528 511s
[559188.9] IDEA_A_FAMILY_N1440: step 38 ELEVATED pairs=35612 evals=544 532s
[559198.8] IDEA_A_FAMILY_N1440: step 39 ELEVATED pairs=35417 evals=560 542s
[559219.4] IDEA_A_FAMILY_N1440: step 40 ELEVATED pairs=35213 evals=576 562s
[559240.7] IDEA_A_FAMILY_N1440: step 41 ELEVATED pairs=35010 evals=592 584s
[559255.4] IDEA_A_FAMILY_N1440: step 42 ELEVATED pairs=34768 evals=608 598s
[559276.2] IDEA_A_FAMILY_N1440: step 43 ELEVATED pairs=34567 evals=624 619s
[559296.5] IDEA_A_FAMILY_N1440: step 44 ELEVATED pairs=34447 evals=640 640s
[559316.8] IDEA_A_FAMILY_N1440: step 45 ELEVATED pairs=34247 evals=656 660s
[559334.2] IDEA_A_FAMILY_N1440: step 46 ELEVATED pairs=34042 evals=672 677s
[559352.5] IDEA_A_FAMILY_N1440: step 47 ELEVATED pairs=33844 evals=688 695s
[559369.8] IDEA_A_FAMILY_N1440: step 48 ELEVATED pairs=33726 evals=704 713s
[559388.1] IDEA_A_FAMILY_N1440: step 49 ELEVATED pairs=33529 evals=720 731s
[559404.8] IDEA_A_FAMILY_N1440: step 50 ELEVATED pairs=33337 evals=736 748s
[559427.2] IDEA_A_FAMILY_N1440: step 51 ELEVATED pairs=33142 evals=752 770s
[559455.0] IDEA_A_FAMILY_N1440: step 52 ELEVATED pairs=32952 evals=768 798s
[559481.1] IDEA_A_FAMILY_N1440: step 53 ELEVATED pairs=32758 evals=784 824s
[559504.2] IDEA_A_FAMILY_N1440: step 54 ELEVATED pairs=32569 evals=800 847s
[559533.6] IDEA_A_FAMILY_N1440: step 55 ELEVATED pairs=32377 evals=816 877s
[559559.2] IDEA_A_FAMILY_N1440: step 56 ELEVATED pairs=32190 evals=832 902s
[559586.6] IDEA_A_FAMILY_N1440: step 57 ELEVATED pairs=32004 evals=848 930s
[559620.5] IDEA_A_FAMILY_N1440: step 58 ELEVATED pairs=31882 evals=864 964s
[559660.6] IDEA_A_FAMILY_N1440: step 59 ELEVATED pairs=31651 evals=880 1004s
[559696.3] IDEA_A_FAMILY_N1440: step 60 ELEVATED pairs=31440 evals=896 1039s
[559715.9] IDEA_A_FAMILY_N1440: step 61 ELEVATED pairs=31252 evals=912 1059s
[559752.5] IDEA_A_FAMILY_N1440: step 62 ELEVATED pairs=31023 evals=928 1095s
[559773.3] IDEA_A_FAMILY_N1440: step 63 ELEVATED pairs=30837 evals=944 1116s
[559803.2] IDEA_A_FAMILY_N1440: step 64 ELEVATED pairs=30610 evals=960 1146s
[559829.4] IDEA_A_FAMILY_N1440: step 65 ELEVATED pairs=30426 evals=976 1172s
[559857.1] IDEA_A_FAMILY_N1440: step 66 ELEVATED pairs=30201 evals=992 1200s
[559883.9] IDEA_A_FAMILY_N1440: step 67 ELEVATED pairs=30018 evals=1008 1227s
[559916.7] IDEA_A_FAMILY_N1440: step 68 ELEVATED pairs=29795 evals=1024 1260s
[559944.7] IDEA_A_FAMILY_N1440: step 69 ELEVATED pairs=29574 evals=1040 1288s
[559963.6] IDEA_A_FAMILY_N1440: step 70 ELEVATED pairs=29437 evals=1056 1307s
[559992.6] IDEA_A_FAMILY_N1440: step 71 ELEVATED pairs=29219 evals=1072 1336s
[560011.9] IDEA_A_FAMILY_N1440: step 72 ELEVATED pairs=29046 evals=1088 1355s
[560027.3] IDEA_A_FAMILY_N1440: step 73 ELEVATED pairs=28907 evals=1104 1370s
[560052.4] IDEA_A_FAMILY_N1440: step 74 ELEVATED pairs=28690 evals=1120 1395s
[560065.8] IDEA_A_FAMILY_N1440: step 75 ELEVATED pairs=28550 evals=1136 1409s
[560081.5] IDEA_A_FAMILY_N1440: step 76 ELEVATED pairs=28409 evals=1152 1424s
[560106.4] IDEA_A_FAMILY_N1440: step 77 ELEVATED pairs=28194 evals=1168 1449s
[560122.3] IDEA_A_FAMILY_N1440: step 78 ELEVATED pairs=28021 evals=1177 1465s
[560134.9] IDEA_A_FAMILY_N1440: step 79 ELEVATED pairs=27850 evals=1186 1478s
[560157.1] IDEA_A_FAMILY_N1440: step 80 ELEVATED pairs=27698 evals=1202 1500s
[560168.4] IDEA_A_FAMILY_N1440: step 81 ELEVATED pairs=27529 evals=1211 1511s
[560191.5] IDEA_A_FAMILY_N1440: step 82 ELEVATED pairs=27354 evals=1227 1534s
[560202.8] IDEA_A_FAMILY_N1440: step 83 ELEVATED pairs=27187 evals=1236 1546s
[560219.4] IDEA_A_FAMILY_N1440: step 84 ELEVATED pairs=26978 evals=1252 1562s
[560236.5] IDEA_A_FAMILY_N1440: step 85 ELEVATED pairs=26963 evals=1268 1579s
[560257.2] IDEA_A_FAMILY_N1440: step 86 ELEVATED pairs=26753 evals=1284 1600s
[560274.9] IDEA_A_FAMILY_N1440: step 87 ELEVATED pairs=26590 evals=1300 1618s
[560285.8] IDEA_A_FAMILY_N1440: step 88 ELEVATED pairs=26388 evals=1316 1629s
[560286.3] IDEA_A_FAMILY_N1440: step 89 NO_CANDIDATES_GENERATED pairs=26388 evals=1316 1629s
[560286.5] IDEA_A_FAMILY_N1440: step 90 NO_CANDIDATES_GENERATED pairs=26388 evals=1316 1630s
[560308.9] IDEA_A_FAMILY_N1440: step 91 ELEVATED pairs=26188 evals=1332 1652s
[560328.9] IDEA_A_FAMILY_N1440: step 92 ELEVATED pairs=26060 evals=1348 1672s
[560346.7] IDEA_A_FAMILY_N1440: step 93 ELEVATED pairs=25946 evals=1364 1690s
[560360.7] IDEA_A_FAMILY_N1440: step 94 ELEVATED pairs=25827 evals=1380 1704s
[560379.8] IDEA_A_FAMILY_N1440: step 95 ELEVATED pairs=25665 evals=1396 1723s
[560398.0] IDEA_A_FAMILY_N1440: step 96 ELEVATED pairs=25504 evals=1412 1741s
[560398.3] IDEA_A_FAMILY_N1440: step 97 NO_CANDIDATES_GENERATED pairs=25504 evals=1412 1741s
[560398.6] IDEA_A_FAMILY_N1440: step 98 NO_CANDIDATES_GENERATED pairs=25504 evals=1412 1742s
[560398.9] IDEA_A_FAMILY_N1440: step 99 NO_CANDIDATES_GENERATED pairs=25504 evals=1412 1742s
[560399.2] IDEA_A_FAMILY_N1440: step 100 NO_CANDIDATES_GENERATED pairs=25504 evals=1412 1742s
[560399.5] IDEA_A_FAMILY_N1440: step 101 NO_CANDIDATES_GENERATED pairs=25504 evals=1412 1743s
[560399.9] IDEA_A_FAMILY_N1440: step 102 NO_CANDIDATES_GENERATED pairs=25504 evals=1412 1743s
[560417.9] IDEA_A_FAMILY_N1440: step 103 ELEVATED pairs=25345 evals=1428 1761s
[560436.4] IDEA_A_FAMILY_N1440: step 104 ELEVATED pairs=25187 evals=1440 1779s
[560437.0] IDEA_A_FAMILY_N1440: done final=25187 moves=92 first=92 reloc=0 ret=0 evals=1440 stop=CANDIDATE_BUDGET_EXHAUSTED
[560530.7] IDEA_A_FAMILY_N1440: recheck PASS checks=130816
