[555868.5] V6_E1_N2880: start mode=N budget=2880 spec={"name": "V6_E1", "target_policy": "LEGACY", "evaluation_policy": "E1_ORDERED_EXHAUSTIVE", "traversal_policy": "BASE", "max_targets": 200, "k_per_target": 16, "family_round_robin": false, "relocation_side_reserve": 0, "waiting_age": false, "route_coverage": false, "multi_anchor": false, "exact_dedup": false, "decision_cache": false, "return_action": false, "cache_structural_skips": false, "window_slack_mm": 1e-05, "notes": ""}
[555868.5] V6_E1_N2880: start state=main C:\Users\lihao\Desktop\Graduation Project\OpticalWaveguideRouter3D\outputs\3d_strategy_v3\512_ablation\D_both_enabled pairs=42909
[555875.9] V6_E1_N2880: INITIAL_DONE pairs=42909
[555876.2] V6_E1_N2880: step 1 NO_CANDIDATES_GENERATED pairs=42909 evals=0 1s
[555876.4] V6_E1_N2880: step 2 NO_CANDIDATES_GENERATED pairs=42909 evals=0 1s
[555933.3] V6_E1_N2880: step 3 ELEVATED pairs=42648 evals=72 58s
[556009.5] V6_E1_N2880: step 4 ELEVATED pairs=42392 evals=144 134s
[556078.0] V6_E1_N2880: step 5 ELEVATED pairs=42139 evals=216 202s
[556147.8] V6_E1_N2880: step 6 ELEVATED pairs=41888 evals=288 272s
[556218.6] V6_E1_N2880: step 7 ELEVATED pairs=41639 evals=360 343s
[556253.9] V6_E1_N2880: step 8 ELEVATED pairs=41386 evals=396 378s
[556277.6] V6_E1_N2880: step 9 ELEVATED pairs=41111 evals=432 402s
[556328.6] V6_E1_N2880: step 10 ELEVATED pairs=40843 evals=486 453s
[556357.5] V6_E1_N2880: step 11 ELEVATED pairs=40583 evals=540 482s
[556453.3] V6_E1_N2880: step 12 ELEVATED pairs=40327 evals=639 578s
[556546.8] V6_E1_N2880: step 13 ELEVATED pairs=40072 evals=738 671s
[556654.6] V6_E1_N2880: step 14 ELEVATED pairs=39820 evals=837 779s
[556713.2] V6_E1_N2880: step 15 ELEVATED pairs=39573 evals=891 838s
[556772.0] V6_E1_N2880: step 16 ELEVATED pairs=39328 evals=945 896s
[556827.1] V6_E1_N2880: step 17 ELEVATED pairs=39089 evals=999 951s
[556887.2] V6_E1_N2880: step 18 ELEVATED pairs=38845 evals=1053 1012s
[556958.1] V6_E1_N2880: step 19 ELEVATED pairs=38610 evals=1107 1082s
[557029.9] V6_E1_N2880: step 20 ELEVATED pairs=38377 evals=1161 1154s
[557104.9] V6_E1_N2880: step 21 ELEVATED pairs=38148 evals=1233 1229s
[557132.2] V6_E1_N2880: step 22 ELEVATED pairs=37908 evals=1269 1257s
[557207.6] V6_E1_N2880: step 23 ELEVATED pairs=37686 evals=1341 1332s
[557229.7] V6_E1_N2880: step 24 ELEVATED pairs=37453 evals=1377 1354s
[557251.1] V6_E1_N2880: step 25 ELEVATED pairs=37222 evals=1413 1375s
[557293.2] V6_E1_N2880: step 26 ELEVATED pairs=36995 evals=1467 1418s
[557314.5] V6_E1_N2880: step 27 ELEVATED pairs=36766 evals=1503 1439s
[557355.9] V6_E1_N2880: step 28 ELEVATED pairs=36540 evals=1557 1480s
[557376.3] V6_E1_N2880: step 29 ELEVATED pairs=36313 evals=1593 1501s
[557417.2] V6_E1_N2880: step 30 ELEVATED pairs=36089 evals=1647 1542s
[557474.4] V6_E1_N2880: step 31 ELEVATED pairs=35873 evals=1719 1599s
[557540.4] V6_E1_N2880: step 32 ELEVATED pairs=35658 evals=1791 1665s
[557581.4] V6_E1_N2880: step 33 ELEVATED pairs=35435 evals=1845 1706s
[557581.6] V6_E1_N2880: step 34 NO_CANDIDATES_GENERATED pairs=35435 evals=1845 1706s
[557581.8] V6_E1_N2880: step 35 NO_CANDIDATES_GENERATED pairs=35435 evals=1845 1706s
[557643.0] V6_E1_N2880: step 36 ELEVATED pairs=35227 evals=1917 1767s
[557699.9] V6_E1_N2880: step 37 ELEVATED pairs=35021 evals=1989 1824s
[557760.8] V6_E1_N2880: step 38 ELEVATED pairs=34820 evals=2061 1885s
[557785.8] V6_E1_N2880: step 39 ELEVATED pairs=34617 evals=2115 1910s
[557822.6] V6_E1_N2880: step 40 ELEVATED pairs=34402 evals=2169 1947s
[557828.4] V6_E1_N2880: step 41 ELEVATED pairs=34196 evals=2178 1953s
[557833.9] V6_E1_N2880: step 42 ELEVATED pairs=33992 evals=2187 1958s
[557839.6] V6_E1_N2880: step 43 ELEVATED pairs=33790 evals=2196 1964s
[557940.4] V6_E1_N2880: step 44 ELEVATED pairs=33577 evals=2322 2065s
[557946.2] V6_E1_N2880: step 45 ELEVATED pairs=33377 evals=2331 2071s
[557988.6] V6_E1_N2880: step 46 ELEVATED pairs=33167 evals=2385 2113s
[557994.9] V6_E1_N2880: step 47 ELEVATED pairs=32969 evals=2394 2119s
[558001.1] V6_E1_N2880: step 48 ELEVATED pairs=32773 evals=2403 2125s
[558007.2] V6_E1_N2880: step 49 ELEVATED pairs=32579 evals=2412 2132s
[558034.9] V6_E1_N2880: step 50 ELEVATED pairs=32374 evals=2457 2159s
[558041.0] V6_E1_N2880: step 51 ELEVATED pairs=32182 evals=2466 2165s
[558041.3] V6_E1_N2880: step 52 NO_CANDIDATES_GENERATED pairs=32182 evals=2466 2166s
[558041.5] V6_E1_N2880: step 53 NO_CANDIDATES_GENERATED pairs=32182 evals=2466 2166s
[558110.8] V6_E1_N2880: step 54 ELEVATED pairs=31992 evals=2538 2235s
[558149.1] V6_E1_N2880: step 55 ELEVATED pairs=31790 evals=2610 2273s
[558149.2] V6_E1_N2880: step 56 NO_CANDIDATES_GENERATED pairs=31790 evals=2610 2274s
[558149.4] V6_E1_N2880: step 57 NO_CANDIDATES_GENERATED pairs=31790 evals=2610 2274s
[558149.5] V6_E1_N2880: step 58 NO_CANDIDATES_GENERATED pairs=31790 evals=2610 2274s
[558149.6] V6_E1_N2880: step 59 NO_CANDIDATES_GENERATED pairs=31790 evals=2610 2274s
[558149.8] V6_E1_N2880: step 60 NO_CANDIDATES_GENERATED pairs=31790 evals=2610 2274s
[558149.9] V6_E1_N2880: step 61 NO_CANDIDATES_GENERATED pairs=31790 evals=2610 2274s
[558193.6] V6_E1_N2880: step 62 ELEVATED pairs=31590 evals=2682 2318s
[558236.8] V6_E1_N2880: step 63 ELEVATED pairs=31392 evals=2754 2361s
[558279.0] V6_E1_N2880: step 64 ELEVATED pairs=31196 evals=2826 2403s
[558307.9] V6_E1_N2880: step 65 ELEVATED pairs=30999 evals=2880 2432s
[558308.3] V6_E1_N2880: step 66 ABORTED_CANDIDATE_BUDGET pairs=30999 evals=2880 2433s
[558308.7] V6_E1_N2880: done final=30999 moves=53 first=53 reloc=0 ret=0 evals=2880 stop=CANDIDATE_BUDGET_EXHAUSTED
[558357.7] V6_E1_N2880: recheck PASS checks=130816
