[601812.0] P4_BASE_E2_CAP24_R2880: start mode=R budget=2880 spec={"name": "P4_BASE_E2_CAP24", "target_policy": "LEGACY", "evaluation_policy": "E2_ORDERED_K16", "traversal_policy": "BASE", "max_targets": 2000, "k_per_target": 16, "family_round_robin": false, "relocation_side_reserve": 0, "waiting_age": false, "route_coverage": false, "multi_anchor": false, "exact_dedup": false, "decision_cache": false, "return_action": false, "cache_structural_skips": false, "window_slack_mm": 1e-05, "generation_domain": "LINE_ONLY", "path_window_settings": null, "stage_length_cap_mm": 24.0, "notes": ""}
[601812.0] P4_BASE_E2_CAP24_R2880: start state=main C:\Users\lihao\Desktop\Graduation Project\OpticalWaveguideRouter3D\outputs\3d_strategy_v3\512_ablation\D_both_enabled pairs=42909
[601817.0] P4_BASE_E2_CAP24_R2880: INITIAL_DONE pairs=42909
[601817.1] P4_BASE_E2_CAP24_R2880: step 1 NO_CANDIDATES_GENERATED pairs=42909 evals=0 0s
[601817.3] P4_BASE_E2_CAP24_R2880: step 2 NO_CANDIDATES_GENERATED pairs=42909 evals=0 0s
[601823.4] P4_BASE_E2_CAP24_R2880: step 3 ELEVATED pairs=42661 evals=16 6s
[601834.3] P4_BASE_E2_CAP24_R2880: step 4 ELEVATED pairs=42487 evals=32 17s
[601843.2] P4_BASE_E2_CAP24_R2880: step 5 ELEVATED pairs=42305 evals=48 26s
[601852.6] P4_BASE_E2_CAP24_R2880: step 6 ELEVATED pairs=42121 evals=64 36s
[601861.8] P4_BASE_E2_CAP24_R2880: step 7 ELEVATED pairs=41936 evals=80 45s
[601868.5] P4_BASE_E2_CAP24_R2880: step 8 ELEVATED pairs=41680 evals=96 52s
[601877.7] P4_BASE_E2_CAP24_R2880: step 9 ELEVATED pairs=41486 evals=112 61s
[601884.3] P4_BASE_E2_CAP24_R2880: step 10 ELEVATED pairs=41225 evals=128 67s
[601896.9] P4_BASE_E2_CAP24_R2880: step 11 ELEVATED pairs=41046 evals=144 80s
[601909.8] P4_BASE_E2_CAP24_R2880: step 12 ELEVATED pairs=40867 evals=160 93s
[601916.1] P4_BASE_E2_CAP24_R2880: step 13 ELEVATED pairs=40628 evals=176 99s
[601924.3] P4_BASE_E2_CAP24_R2880: step 14 ELEVATED pairs=40377 evals=192 107s
[601930.2] P4_BASE_E2_CAP24_R2880: step 15 ELEVATED pairs=40136 evals=208 113s
[601938.6] P4_BASE_E2_CAP24_R2880: step 16 ELEVATED pairs=39887 evals=224 122s
[601947.1] P4_BASE_E2_CAP24_R2880: step 17 ELEVATED pairs=39640 evals=240 130s
[601955.0] P4_BASE_E2_CAP24_R2880: step 18 ELEVATED pairs=39399 evals=256 138s
[601963.6] P4_BASE_E2_CAP24_R2880: step 19 ELEVATED pairs=39175 evals=272 147s
[601971.9] P4_BASE_E2_CAP24_R2880: step 20 ELEVATED pairs=38969 evals=288 155s
[601983.0] P4_BASE_E2_CAP24_R2880: step 21 ELEVATED pairs=38811 evals=304 166s
[601991.6] P4_BASE_E2_CAP24_R2880: step 22 ELEVATED pairs=38668 evals=320 175s
[601999.5] P4_BASE_E2_CAP24_R2880: step 23 ELEVATED pairs=38466 evals=336 182s
[602007.6] P4_BASE_E2_CAP24_R2880: step 24 ELEVATED pairs=38332 evals=352 191s
[602014.6] P4_BASE_E2_CAP24_R2880: step 25 ELEVATED pairs=38108 evals=368 198s
[602023.0] P4_BASE_E2_CAP24_R2880: step 26 ELEVATED pairs=37974 evals=384 206s
[602029.8] P4_BASE_E2_CAP24_R2880: step 27 ELEVATED pairs=37771 evals=400 213s
[602036.6] P4_BASE_E2_CAP24_R2880: step 28 ELEVATED pairs=37568 evals=416 220s
[602042.4] P4_BASE_E2_CAP24_R2880: step 29 ELEVATED pairs=37338 evals=432 225s
[602048.3] P4_BASE_E2_CAP24_R2880: step 30 ELEVATED pairs=37110 evals=448 231s
[602056.3] P4_BASE_E2_CAP24_R2880: step 31 ELEVATED pairs=36910 evals=464 239s
[602061.9] P4_BASE_E2_CAP24_R2880: step 32 ELEVATED pairs=36684 evals=480 245s
[602069.4] P4_BASE_E2_CAP24_R2880: step 33 ELEVATED pairs=36466 evals=496 252s
[602076.8] P4_BASE_E2_CAP24_R2880: step 34 ELEVATED pairs=36269 evals=512 260s
[602089.5] P4_BASE_E2_CAP24_R2880: step 35 ELEVATED pairs=36073 evals=528 272s
[602098.6] P4_BASE_E2_CAP24_R2880: step 36 ELEVATED pairs=35887 evals=544 282s
[602106.0] P4_BASE_E2_CAP24_R2880: step 37 ELEVATED pairs=35774 evals=560 289s
[602114.4] P4_BASE_E2_CAP24_R2880: step 38 ELEVATED pairs=35543 evals=576 297s
[602121.2] P4_BASE_E2_CAP24_R2880: step 39 ELEVATED pairs=35343 evals=592 304s
[602129.5] P4_BASE_E2_CAP24_R2880: step 40 ELEVATED pairs=35138 evals=608 313s
[602129.7] P4_BASE_E2_CAP24_R2880: step 41 NO_CANDIDATES_GENERATED pairs=35138 evals=608 313s
[602129.8] P4_BASE_E2_CAP24_R2880: step 42 NO_CANDIDATES_GENERATED pairs=35138 evals=608 313s
[602138.5] P4_BASE_E2_CAP24_R2880: step 43 ELEVATED pairs=34935 evals=624 321s
[602147.4] P4_BASE_E2_CAP24_R2880: step 44 ELEVATED pairs=34734 evals=640 330s
[602153.6] P4_BASE_E2_CAP24_R2880: step 45 ELEVATED pairs=34539 evals=656 337s
[602163.3] P4_BASE_E2_CAP24_R2880: step 46 ELEVATED pairs=34340 evals=672 346s
[602173.2] P4_BASE_E2_CAP24_R2880: step 47 ELEVATED pairs=34143 evals=688 356s
[602182.5] P4_BASE_E2_CAP24_R2880: step 48 ELEVATED pairs=33933 evals=704 366s
[602193.6] P4_BASE_E2_CAP24_R2880: step 49 ELEVATED pairs=33738 evals=720 377s
[602202.7] P4_BASE_E2_CAP24_R2880: step 50 ELEVATED pairs=33530 evals=736 386s
[602210.3] P4_BASE_E2_CAP24_R2880: step 51 ELEVATED pairs=33326 evals=752 393s
[602222.0] P4_BASE_E2_CAP24_R2880: step 52 ELEVATED pairs=33133 evals=768 405s
[602231.0] P4_BASE_E2_CAP24_R2880: step 53 ELEVATED pairs=32926 evals=784 414s
[602243.1] P4_BASE_E2_CAP24_R2880: step 54 ELEVATED pairs=32735 evals=800 426s
[602252.3] P4_BASE_E2_CAP24_R2880: step 55 ELEVATED pairs=32530 evals=816 435s
[602264.7] P4_BASE_E2_CAP24_R2880: step 56 ELEVATED pairs=32341 evals=832 448s
[602274.1] P4_BASE_E2_CAP24_R2880: step 57 ELEVATED pairs=32137 evals=848 457s
[602286.9] P4_BASE_E2_CAP24_R2880: step 58 ELEVATED pairs=31950 evals=864 470s
[602292.7] P4_BASE_E2_CAP24_R2880: step 59 ELEVATED pairs=31792 evals=880 476s
[602301.7] P4_BASE_E2_CAP24_R2880: step 60 ELEVATED pairs=31590 evals=896 485s
[602310.6] P4_BASE_E2_CAP24_R2880: step 61 ELEVATED pairs=31389 evals=912 494s
[602318.6] P4_BASE_E2_CAP24_R2880: step 62 ELEVATED pairs=31226 evals=928 502s
[602327.4] P4_BASE_E2_CAP24_R2880: step 63 ELEVATED pairs=31027 evals=944 510s
[602336.3] P4_BASE_E2_CAP24_R2880: step 64 ELEVATED pairs=30829 evals=960 519s
[602336.5] P4_BASE_E2_CAP24_R2880: step 65 NO_CANDIDATES_GENERATED pairs=30829 evals=960 520s
[602336.7] P4_BASE_E2_CAP24_R2880: step 66 NO_CANDIDATES_GENERATED pairs=30829 evals=960 520s
[602336.9] P4_BASE_E2_CAP24_R2880: step 67 NO_CANDIDATES_GENERATED pairs=30829 evals=960 520s
[602345.4] P4_BASE_E2_CAP24_R2880: step 68 ELEVATED pairs=30633 evals=976 528s
[602353.2] P4_BASE_E2_CAP24_R2880: step 69 ELEVATED pairs=30481 evals=992 536s
[602361.1] P4_BASE_E2_CAP24_R2880: step 70 ELEVATED pairs=30367 evals=1008 544s
[602370.3] P4_BASE_E2_CAP24_R2880: step 71 ELEVATED pairs=30214 evals=1024 553s
[602376.5] P4_BASE_E2_CAP24_R2880: step 72 ELEVATED pairs=30030 evals=1033 559s
[602385.2] P4_BASE_E2_CAP24_R2880: step 73 ELEVATED pairs=29879 evals=1049 568s
[602391.3] P4_BASE_E2_CAP24_R2880: step 74 ELEVATED pairs=29697 evals=1058 574s
[602400.2] P4_BASE_E2_CAP24_R2880: step 75 ELEVATED pairs=29548 evals=1074 583s
[602406.3] P4_BASE_E2_CAP24_R2880: step 76 ELEVATED pairs=29368 evals=1083 589s
[602412.0] P4_BASE_E2_CAP24_R2880: step 77 ELEVATED pairs=29190 evals=1092 595s
[602428.4] P4_BASE_E2_CAP24_R2880: step 78 ELEVATED pairs=28961 evals=1108 611s
[602431.3] P4_BASE_E2_CAP24_R2880: step 79 PREFIX_EVALUATED_NO_WINNER_DEFERRED pairs=28961 evals=1124 614s
[602434.2] P4_BASE_E2_CAP24_R2880: step 80 PREFIX_EVALUATED_NO_WINNER_DEFERRED pairs=28961 evals=1140 617s
[602437.2] P4_BASE_E2_CAP24_R2880: step 81 PREFIX_EVALUATED_NO_WINNER_DEFERRED pairs=28961 evals=1156 620s
[602440.3] P4_BASE_E2_CAP24_R2880: step 82 PREFIX_EVALUATED_NO_WINNER_DEFERRED pairs=28961 evals=1172 623s
[602442.7] P4_BASE_E2_CAP24_R2880: step 83 PREFIX_EVALUATED_NO_WINNER_DEFERRED pairs=28961 evals=1188 626s
[602444.9] P4_BASE_E2_CAP24_R2880: step 84 PREFIX_EVALUATED_NO_WINNER_DEFERRED pairs=28961 evals=1204 628s
[602447.2] P4_BASE_E2_CAP24_R2880: step 85 PREFIX_EVALUATED_NO_WINNER_DEFERRED pairs=28961 evals=1220 630s
[602449.4] P4_BASE_E2_CAP24_R2880: step 86 PREFIX_EVALUATED_NO_WINNER_DEFERRED pairs=28961 evals=1236 632s
[602451.7] P4_BASE_E2_CAP24_R2880: step 87 PREFIX_EVALUATED_NO_WINNER_DEFERRED pairs=28961 evals=1252 635s
[602454.0] P4_BASE_E2_CAP24_R2880: step 88 PREFIX_EVALUATED_NO_WINNER_DEFERRED pairs=28961 evals=1268 637s
[602456.2] P4_BASE_E2_CAP24_R2880: step 89 PREFIX_EVALUATED_NO_WINNER_DEFERRED pairs=28961 evals=1284 639s
[602458.4] P4_BASE_E2_CAP24_R2880: step 90 PREFIX_EVALUATED_NO_WINNER_DEFERRED pairs=28961 evals=1300 641s
[602460.8] P4_BASE_E2_CAP24_R2880: step 91 PREFIX_EVALUATED_NO_WINNER_DEFERRED pairs=28961 evals=1316 644s
[602463.2] P4_BASE_E2_CAP24_R2880: step 92 PREFIX_EVALUATED_NO_WINNER_DEFERRED pairs=28961 evals=1332 646s
[602465.5] P4_BASE_E2_CAP24_R2880: step 93 PREFIX_EVALUATED_NO_WINNER_DEFERRED pairs=28961 evals=1348 649s
[602467.8] P4_BASE_E2_CAP24_R2880: step 94 PREFIX_EVALUATED_NO_WINNER_DEFERRED pairs=28961 evals=1364 651s
[602470.1] P4_BASE_E2_CAP24_R2880: step 95 PREFIX_EVALUATED_NO_WINNER_DEFERRED pairs=28961 evals=1380 653s
[602472.3] P4_BASE_E2_CAP24_R2880: step 96 PREFIX_EVALUATED_NO_WINNER_DEFERRED pairs=28961 evals=1396 655s
[602474.5] P4_BASE_E2_CAP24_R2880: step 97 PREFIX_EVALUATED_NO_WINNER_DEFERRED pairs=28961 evals=1412 658s
[602476.7] P4_BASE_E2_CAP24_R2880: step 98 PREFIX_EVALUATED_NO_WINNER_DEFERRED pairs=28961 evals=1428 660s
[602478.9] P4_BASE_E2_CAP24_R2880: step 99 PREFIX_EVALUATED_NO_WINNER_DEFERRED pairs=28961 evals=1444 662s
[602481.9] P4_BASE_E2_CAP24_R2880: step 100 PREFIX_EVALUATED_NO_WINNER_DEFERRED pairs=28961 evals=1460 665s
[602484.9] P4_BASE_E2_CAP24_R2880: step 101 PREFIX_EVALUATED_NO_WINNER_DEFERRED pairs=28961 evals=1476 668s
[602488.0] P4_BASE_E2_CAP24_R2880: step 102 PREFIX_EVALUATED_NO_WINNER_DEFERRED pairs=28961 evals=1492 671s
[602490.9] P4_BASE_E2_CAP24_R2880: step 103 PREFIX_EVALUATED_NO_WINNER_DEFERRED pairs=28961 evals=1508 674s
[602493.9] P4_BASE_E2_CAP24_R2880: step 104 PREFIX_EVALUATED_NO_WINNER_DEFERRED pairs=28961 evals=1524 677s
[602496.8] P4_BASE_E2_CAP24_R2880: step 105 PREFIX_EVALUATED_NO_WINNER_DEFERRED pairs=28961 evals=1540 680s
[602499.9] P4_BASE_E2_CAP24_R2880: step 106 PREFIX_EVALUATED_NO_WINNER_DEFERRED pairs=28961 evals=1556 683s
[602502.2] P4_BASE_E2_CAP24_R2880: step 107 PREFIX_EVALUATED_NO_WINNER_DEFERRED pairs=28961 evals=1572 685s
[602504.5] P4_BASE_E2_CAP24_R2880: step 108 PREFIX_EVALUATED_NO_WINNER_DEFERRED pairs=28961 evals=1588 688s
[602506.8] P4_BASE_E2_CAP24_R2880: step 109 PREFIX_EVALUATED_NO_WINNER_DEFERRED pairs=28961 evals=1604 690s
[602509.1] P4_BASE_E2_CAP24_R2880: step 110 PREFIX_EVALUATED_NO_WINNER_DEFERRED pairs=28961 evals=1620 692s
[602511.5] P4_BASE_E2_CAP24_R2880: step 111 PREFIX_EVALUATED_NO_WINNER_DEFERRED pairs=28961 evals=1636 695s
[602513.6] P4_BASE_E2_CAP24_R2880: step 112 PREFIX_EVALUATED_NO_WINNER_DEFERRED pairs=28961 evals=1652 697s
[602516.0] P4_BASE_E2_CAP24_R2880: step 113 PREFIX_EVALUATED_NO_WINNER_DEFERRED pairs=28961 evals=1668 699s
[602517.5] P4_BASE_E2_CAP24_R2880: step 114 ALL_CANDIDATES_REJECTED pairs=28961 evals=1677 701s
[602520.1] P4_BASE_E2_CAP24_R2880: step 115 PREFIX_EVALUATED_NO_WINNER_DEFERRED pairs=28961 evals=1693 703s
[602522.6] P4_BASE_E2_CAP24_R2880: step 116 PREFIX_EVALUATED_NO_WINNER_DEFERRED pairs=28961 evals=1709 706s
[602525.1] P4_BASE_E2_CAP24_R2880: step 117 PREFIX_EVALUATED_NO_WINNER_DEFERRED pairs=28961 evals=1725 708s
[602527.6] P4_BASE_E2_CAP24_R2880: step 118 PREFIX_EVALUATED_NO_WINNER_DEFERRED pairs=28961 evals=1741 711s
[602530.1] P4_BASE_E2_CAP24_R2880: step 119 PREFIX_EVALUATED_NO_WINNER_DEFERRED pairs=28961 evals=1757 713s
[602532.3] P4_BASE_E2_CAP24_R2880: step 120 PREFIX_EVALUATED_NO_WINNER_DEFERRED pairs=28961 evals=1773 715s
[602534.9] P4_BASE_E2_CAP24_R2880: step 121 PREFIX_EVALUATED_NO_WINNER_DEFERRED pairs=28961 evals=1789 718s
[602537.6] P4_BASE_E2_CAP24_R2880: step 122 PREFIX_EVALUATED_NO_WINNER_DEFERRED pairs=28961 evals=1805 721s
[602540.0] P4_BASE_E2_CAP24_R2880: step 123 PREFIX_EVALUATED_NO_WINNER_DEFERRED pairs=28961 evals=1821 723s
[602542.4] P4_BASE_E2_CAP24_R2880: step 124 PREFIX_EVALUATED_NO_WINNER_DEFERRED pairs=28961 evals=1837 725s
[602544.8] P4_BASE_E2_CAP24_R2880: step 125 PREFIX_EVALUATED_NO_WINNER_DEFERRED pairs=28961 evals=1853 728s
[602547.2] P4_BASE_E2_CAP24_R2880: step 126 PREFIX_EVALUATED_NO_WINNER_DEFERRED pairs=28961 evals=1869 730s
[602549.6] P4_BASE_E2_CAP24_R2880: step 127 PREFIX_EVALUATED_NO_WINNER_DEFERRED pairs=28961 evals=1885 733s
[602552.2] P4_BASE_E2_CAP24_R2880: step 128 PREFIX_EVALUATED_NO_WINNER_DEFERRED pairs=28961 evals=1901 735s
[602554.7] P4_BASE_E2_CAP24_R2880: step 129 PREFIX_EVALUATED_NO_WINNER_DEFERRED pairs=28961 evals=1917 738s
[602557.0] P4_BASE_E2_CAP24_R2880: step 130 PREFIX_EVALUATED_NO_WINNER_DEFERRED pairs=28961 evals=1933 740s
[602559.7] P4_BASE_E2_CAP24_R2880: step 131 PREFIX_EVALUATED_NO_WINNER_DEFERRED pairs=28961 evals=1949 743s
[602562.5] P4_BASE_E2_CAP24_R2880: step 132 PREFIX_EVALUATED_NO_WINNER_DEFERRED pairs=28961 evals=1965 746s
[602565.4] P4_BASE_E2_CAP24_R2880: step 133 PREFIX_EVALUATED_NO_WINNER_DEFERRED pairs=28961 evals=1981 748s
[602568.4] P4_BASE_E2_CAP24_R2880: step 134 PREFIX_EVALUATED_NO_WINNER_DEFERRED pairs=28961 evals=1997 751s
[602571.0] P4_BASE_E2_CAP24_R2880: step 135 PREFIX_EVALUATED_NO_WINNER_DEFERRED pairs=28961 evals=2013 754s
[602573.7] P4_BASE_E2_CAP24_R2880: step 136 PREFIX_EVALUATED_NO_WINNER_DEFERRED pairs=28961 evals=2029 757s
[602576.4] P4_BASE_E2_CAP24_R2880: step 137 PREFIX_EVALUATED_NO_WINNER_DEFERRED pairs=28961 evals=2045 759s
[602579.7] P4_BASE_E2_CAP24_R2880: step 138 PREFIX_EVALUATED_NO_WINNER_DEFERRED pairs=28961 evals=2061 763s
[602583.0] P4_BASE_E2_CAP24_R2880: step 139 PREFIX_EVALUATED_NO_WINNER_DEFERRED pairs=28961 evals=2077 766s
[602586.3] P4_BASE_E2_CAP24_R2880: step 140 PREFIX_EVALUATED_NO_WINNER_DEFERRED pairs=28961 evals=2093 769s
[602588.8] P4_BASE_E2_CAP24_R2880: step 141 PREFIX_EVALUATED_NO_WINNER_DEFERRED pairs=28961 evals=2109 772s
[602591.3] P4_BASE_E2_CAP24_R2880: step 142 PREFIX_EVALUATED_NO_WINNER_DEFERRED pairs=28961 evals=2125 774s
[602593.9] P4_BASE_E2_CAP24_R2880: step 143 PREFIX_EVALUATED_NO_WINNER_DEFERRED pairs=28961 evals=2141 777s
[602596.4] P4_BASE_E2_CAP24_R2880: step 144 PREFIX_EVALUATED_NO_WINNER_DEFERRED pairs=28961 evals=2157 779s
[602599.0] P4_BASE_E2_CAP24_R2880: step 145 PREFIX_EVALUATED_NO_WINNER_DEFERRED pairs=28961 evals=2173 782s
[602601.4] P4_BASE_E2_CAP24_R2880: step 146 PREFIX_EVALUATED_NO_WINNER_DEFERRED pairs=28961 evals=2189 784s
[602604.1] P4_BASE_E2_CAP24_R2880: step 147 PREFIX_EVALUATED_NO_WINNER_DEFERRED pairs=28961 evals=2205 787s
[602606.6] P4_BASE_E2_CAP24_R2880: step 148 PREFIX_EVALUATED_NO_WINNER_DEFERRED pairs=28961 evals=2221 790s
[602609.2] P4_BASE_E2_CAP24_R2880: step 149 PREFIX_EVALUATED_NO_WINNER_DEFERRED pairs=28961 evals=2237 792s
[602611.5] P4_BASE_E2_CAP24_R2880: step 150 PREFIX_EVALUATED_NO_WINNER_DEFERRED pairs=28961 evals=2253 794s
[602613.9] P4_BASE_E2_CAP24_R2880: step 151 PREFIX_EVALUATED_NO_WINNER_DEFERRED pairs=28961 evals=2269 797s
[602616.3] P4_BASE_E2_CAP24_R2880: step 152 PREFIX_EVALUATED_NO_WINNER_DEFERRED pairs=28961 evals=2285 799s
[602618.4] P4_BASE_E2_CAP24_R2880: step 153 PREFIX_EVALUATED_NO_WINNER_DEFERRED pairs=28961 evals=2301 801s
[602621.0] P4_BASE_E2_CAP24_R2880: step 154 PREFIX_EVALUATED_NO_WINNER_DEFERRED pairs=28961 evals=2317 804s
[602623.5] P4_BASE_E2_CAP24_R2880: step 155 PREFIX_EVALUATED_NO_WINNER_DEFERRED pairs=28961 evals=2333 807s
[602626.1] P4_BASE_E2_CAP24_R2880: step 156 PREFIX_EVALUATED_NO_WINNER_DEFERRED pairs=28961 evals=2349 809s
[602628.6] P4_BASE_E2_CAP24_R2880: step 157 PREFIX_EVALUATED_NO_WINNER_DEFERRED pairs=28961 evals=2365 812s
[602631.2] P4_BASE_E2_CAP24_R2880: step 158 PREFIX_EVALUATED_NO_WINNER_DEFERRED pairs=28961 evals=2381 814s
[602633.5] P4_BASE_E2_CAP24_R2880: step 159 PREFIX_EVALUATED_NO_WINNER_DEFERRED pairs=28961 evals=2397 817s
[602635.9] P4_BASE_E2_CAP24_R2880: step 160 PREFIX_EVALUATED_NO_WINNER_DEFERRED pairs=28961 evals=2413 819s
[602638.5] P4_BASE_E2_CAP24_R2880: step 161 PREFIX_EVALUATED_NO_WINNER_DEFERRED pairs=28961 evals=2429 822s
[602641.1] P4_BASE_E2_CAP24_R2880: step 162 PREFIX_EVALUATED_NO_WINNER_DEFERRED pairs=28961 evals=2445 824s
[602643.5] P4_BASE_E2_CAP24_R2880: step 163 PREFIX_EVALUATED_NO_WINNER_DEFERRED pairs=28961 evals=2461 827s
[602645.9] P4_BASE_E2_CAP24_R2880: step 164 PREFIX_EVALUATED_NO_WINNER_DEFERRED pairs=28961 evals=2477 829s
[602648.4] P4_BASE_E2_CAP24_R2880: step 165 PREFIX_EVALUATED_NO_WINNER_DEFERRED pairs=28961 evals=2493 831s
[602650.8] P4_BASE_E2_CAP24_R2880: step 166 PREFIX_EVALUATED_NO_WINNER_DEFERRED pairs=28961 evals=2509 834s
[602653.2] P4_BASE_E2_CAP24_R2880: step 167 PREFIX_EVALUATED_NO_WINNER_DEFERRED pairs=28961 evals=2525 836s
[602655.6] P4_BASE_E2_CAP24_R2880: step 168 PREFIX_EVALUATED_NO_WINNER_DEFERRED pairs=28961 evals=2541 839s
[602657.9] P4_BASE_E2_CAP24_R2880: step 169 PREFIX_EVALUATED_NO_WINNER_DEFERRED pairs=28961 evals=2557 841s
[602661.3] P4_BASE_E2_CAP24_R2880: step 170 PREFIX_EVALUATED_NO_WINNER_DEFERRED pairs=28961 evals=2573 844s
[602664.5] P4_BASE_E2_CAP24_R2880: step 171 PREFIX_EVALUATED_NO_WINNER_DEFERRED pairs=28961 evals=2589 848s
[602667.7] P4_BASE_E2_CAP24_R2880: step 172 PREFIX_EVALUATED_NO_WINNER_DEFERRED pairs=28961 evals=2605 851s
[602670.9] P4_BASE_E2_CAP24_R2880: step 173 PREFIX_EVALUATED_NO_WINNER_DEFERRED pairs=28961 evals=2621 854s
[602673.1] P4_BASE_E2_CAP24_R2880: step 174 PREFIX_EVALUATED_NO_WINNER_DEFERRED pairs=28961 evals=2637 856s
[602675.5] P4_BASE_E2_CAP24_R2880: step 175 PREFIX_EVALUATED_NO_WINNER_DEFERRED pairs=28961 evals=2653 859s
[602677.8] P4_BASE_E2_CAP24_R2880: step 176 PREFIX_EVALUATED_NO_WINNER_DEFERRED pairs=28961 evals=2669 861s
[602680.2] P4_BASE_E2_CAP24_R2880: step 177 PREFIX_EVALUATED_NO_WINNER_DEFERRED pairs=28961 evals=2685 863s
[602682.5] P4_BASE_E2_CAP24_R2880: step 178 PREFIX_EVALUATED_NO_WINNER_DEFERRED pairs=28961 evals=2701 865s
[602684.8] P4_BASE_E2_CAP24_R2880: step 179 PREFIX_EVALUATED_NO_WINNER_DEFERRED pairs=28961 evals=2717 868s
[602687.2] P4_BASE_E2_CAP24_R2880: step 180 PREFIX_EVALUATED_NO_WINNER_DEFERRED pairs=28961 evals=2733 870s
[602689.6] P4_BASE_E2_CAP24_R2880: step 181 PREFIX_EVALUATED_NO_WINNER_DEFERRED pairs=28961 evals=2749 873s
[602691.8] P4_BASE_E2_CAP24_R2880: step 182 PREFIX_EVALUATED_NO_WINNER_DEFERRED pairs=28961 evals=2765 875s
[602695.0] P4_BASE_E2_CAP24_R2880: step 183 PREFIX_EVALUATED_NO_WINNER_DEFERRED pairs=28961 evals=2781 878s
[602697.5] P4_BASE_E2_CAP24_R2880: step 184 PREFIX_EVALUATED_NO_WINNER_DEFERRED pairs=28961 evals=2797 880s
[602699.9] P4_BASE_E2_CAP24_R2880: step 185 PREFIX_EVALUATED_NO_WINNER_DEFERRED pairs=28961 evals=2813 883s
[602702.3] P4_BASE_E2_CAP24_R2880: step 186 PREFIX_EVALUATED_NO_WINNER_DEFERRED pairs=28961 evals=2829 885s
[602704.7] P4_BASE_E2_CAP24_R2880: step 187 PREFIX_EVALUATED_NO_WINNER_DEFERRED pairs=28961 evals=2845 888s
[602707.2] P4_BASE_E2_CAP24_R2880: step 188 PREFIX_EVALUATED_NO_WINNER_DEFERRED pairs=28961 evals=2861 890s
[602709.3] P4_BASE_E2_CAP24_R2880: step 189 PREFIX_EVALUATED_NO_WINNER_DEFERRED pairs=28961 evals=2877 892s
[602710.1] P4_BASE_E2_CAP24_R2880: step 190 ABORTED_CANDIDATE_BUDGET pairs=28961 evals=2880 893s
[602710.6] P4_BASE_E2_CAP24_R2880: done final=28961 moves=71 first=71 reloc=0 ret=0 evals=2880 stop=CANDIDATE_BUDGET_EXHAUSTED
[602758.4] P4_BASE_E2_CAP24_R2880: recheck PASS checks=130816
