[559491.5] IDEA_G_N1440: start mode=N budget=1440 spec={"name": "IDEA_G", "target_policy": "LEGACY", "evaluation_policy": "E2_ORDERED_K16", "traversal_policy": "BASE", "max_targets": 200, "k_per_target": 16, "family_round_robin": false, "relocation_side_reserve": 0, "waiting_age": false, "route_coverage": false, "multi_anchor": false, "exact_dedup": false, "decision_cache": true, "return_action": false, "cache_structural_skips": false, "window_slack_mm": 1e-05, "notes": ""}
[559491.5] IDEA_G_N1440: start state=main C:\Users\lihao\Desktop\Graduation Project\OpticalWaveguideRouter3D\outputs\3d_strategy_v3\512_ablation\D_both_enabled pairs=42909
[559502.0] IDEA_G_N1440: INITIAL_DONE pairs=42909
[559502.7] IDEA_G_N1440: step 1 NO_CANDIDATES_GENERATED pairs=42909 evals=0 1s
[559503.4] IDEA_G_N1440: step 2 NO_CANDIDATES_GENERATED pairs=42909 evals=0 2s
[559516.7] IDEA_G_N1440: step 3 ELEVATED pairs=42661 evals=16 15s
[559535.0] IDEA_G_N1440: step 4 ELEVATED pairs=42487 evals=32 33s
[559552.0] IDEA_G_N1440: step 5 ELEVATED pairs=42305 evals=48 50s
[559574.9] IDEA_G_N1440: step 6 ELEVATED pairs=42121 evals=64 73s
[559600.5] IDEA_G_N1440: step 7 ELEVATED pairs=41936 evals=80 99s
[559615.2] IDEA_G_N1440: step 8 ELEVATED pairs=41680 evals=96 114s
[559641.0] IDEA_G_N1440: step 9 ELEVATED pairs=41486 evals=112 139s
[559654.2] IDEA_G_N1440: step 10 ELEVATED pairs=41225 evals=128 153s
[559687.5] IDEA_G_N1440: step 11 ELEVATED pairs=41046 evals=144 186s
[559714.1] IDEA_G_N1440: step 12 ELEVATED pairs=40867 evals=160 213s
[559732.8] IDEA_G_N1440: step 13 ELEVATED pairs=40628 evals=176 231s
[559750.2] IDEA_G_N1440: step 14 ELEVATED pairs=40377 evals=192 249s
[559761.5] IDEA_G_N1440: step 15 ELEVATED pairs=40136 evals=208 260s
[559780.6] IDEA_G_N1440: step 16 ELEVATED pairs=39887 evals=224 279s
[559803.4] IDEA_G_N1440: step 17 ELEVATED pairs=39640 evals=240 302s
[559822.0] IDEA_G_N1440: step 18 ELEVATED pairs=39399 evals=256 320s
[559843.7] IDEA_G_N1440: step 19 ELEVATED pairs=39175 evals=272 342s
[559862.3] IDEA_G_N1440: step 20 ELEVATED pairs=38969 evals=288 361s
[559892.0] IDEA_G_N1440: step 21 ELEVATED pairs=38811 evals=304 390s
[559908.6] IDEA_G_N1440: step 22 ELEVATED pairs=38668 evals=320 407s
[559928.9] IDEA_G_N1440: step 23 ELEVATED pairs=38466 evals=336 427s
[559945.4] IDEA_G_N1440: step 24 ELEVATED pairs=38332 evals=352 444s
[559957.9] IDEA_G_N1440: step 25 ELEVATED pairs=38108 evals=368 456s
[559973.3] IDEA_G_N1440: step 26 ELEVATED pairs=37974 evals=384 472s
[559987.1] IDEA_G_N1440: step 27 ELEVATED pairs=37771 evals=400 486s
[559999.6] IDEA_G_N1440: step 28 ELEVATED pairs=37568 evals=416 498s
[560013.6] IDEA_G_N1440: step 29 ELEVATED pairs=37338 evals=432 512s
[560028.5] IDEA_G_N1440: step 30 ELEVATED pairs=37110 evals=448 527s
[560044.3] IDEA_G_N1440: step 31 ELEVATED pairs=36910 evals=464 543s
[560058.0] IDEA_G_N1440: step 32 ELEVATED pairs=36684 evals=480 556s
[560073.8] IDEA_G_N1440: step 33 ELEVATED pairs=36466 evals=496 572s
[560090.8] IDEA_G_N1440: step 34 ELEVATED pairs=36269 evals=512 589s
[560121.5] IDEA_G_N1440: step 35 ELEVATED pairs=36073 evals=528 620s
[560141.3] IDEA_G_N1440: step 36 ELEVATED pairs=35887 evals=544 640s
[560155.4] IDEA_G_N1440: step 37 ELEVATED pairs=35774 evals=560 654s
[560170.6] IDEA_G_N1440: step 38 ELEVATED pairs=35543 evals=576 669s
[560183.8] IDEA_G_N1440: step 39 ELEVATED pairs=35343 evals=592 682s
[560200.2] IDEA_G_N1440: step 40 ELEVATED pairs=35138 evals=608 699s
[560200.6] IDEA_G_N1440: step 41 NO_CANDIDATES_GENERATED pairs=35138 evals=608 699s
[560201.0] IDEA_G_N1440: step 42 NO_CANDIDATES_GENERATED pairs=35138 evals=608 699s
[560217.5] IDEA_G_N1440: step 43 ELEVATED pairs=34935 evals=624 716s
[560233.8] IDEA_G_N1440: step 44 ELEVATED pairs=34734 evals=640 732s
[560244.3] IDEA_G_N1440: step 45 ELEVATED pairs=34539 evals=656 743s
[560264.1] IDEA_G_N1440: step 46 ELEVATED pairs=34340 evals=672 762s
[560284.0] IDEA_G_N1440: step 47 ELEVATED pairs=34143 evals=688 782s
[560302.7] IDEA_G_N1440: step 48 ELEVATED pairs=33933 evals=704 801s
[560325.0] IDEA_G_N1440: step 49 ELEVATED pairs=33738 evals=720 823s
[560340.4] IDEA_G_N1440: step 50 ELEVATED pairs=33530 evals=736 839s
[560352.7] IDEA_G_N1440: step 51 ELEVATED pairs=33326 evals=752 851s
[560371.1] IDEA_G_N1440: step 52 ELEVATED pairs=33133 evals=768 870s
[560384.9] IDEA_G_N1440: step 53 ELEVATED pairs=32926 evals=784 883s
[560403.3] IDEA_G_N1440: step 54 ELEVATED pairs=32735 evals=800 902s
[560416.9] IDEA_G_N1440: step 55 ELEVATED pairs=32530 evals=816 915s
[560435.2] IDEA_G_N1440: step 56 ELEVATED pairs=32341 evals=832 934s
[560449.0] IDEA_G_N1440: step 57 ELEVATED pairs=32137 evals=848 947s
[560468.0] IDEA_G_N1440: step 58 ELEVATED pairs=31950 evals=864 966s
[560477.5] IDEA_G_N1440: step 59 ELEVATED pairs=31792 evals=880 976s
[560491.6] IDEA_G_N1440: step 60 ELEVATED pairs=31590 evals=896 990s
[560505.7] IDEA_G_N1440: step 61 ELEVATED pairs=31389 evals=912 1004s
[560518.1] IDEA_G_N1440: step 62 ELEVATED pairs=31226 evals=928 1017s
[560531.9] IDEA_G_N1440: step 63 ELEVATED pairs=31027 evals=944 1030s
[560545.1] IDEA_G_N1440: step 64 ELEVATED pairs=30829 evals=960 1043s
[560545.4] IDEA_G_N1440: step 65 NO_CANDIDATES_GENERATED pairs=30829 evals=960 1044s
[560545.6] IDEA_G_N1440: step 66 NO_CANDIDATES_GENERATED pairs=30829 evals=960 1044s
[560545.9] IDEA_G_N1440: step 67 NO_CANDIDATES_GENERATED pairs=30829 evals=960 1044s
[560558.9] IDEA_G_N1440: step 68 ELEVATED pairs=30633 evals=976 1057s
[560570.1] IDEA_G_N1440: step 69 ELEVATED pairs=30481 evals=992 1068s
[560581.2] IDEA_G_N1440: step 70 ELEVATED pairs=30367 evals=1008 1080s
[560594.7] IDEA_G_N1440: step 71 ELEVATED pairs=30214 evals=1024 1093s
[560603.6] IDEA_G_N1440: step 72 ELEVATED pairs=30030 evals=1033 1102s
[560616.3] IDEA_G_N1440: step 73 ELEVATED pairs=29879 evals=1049 1115s
[560625.0] IDEA_G_N1440: step 74 ELEVATED pairs=29697 evals=1058 1123s
[560637.8] IDEA_G_N1440: step 75 ELEVATED pairs=29548 evals=1074 1136s
[560646.7] IDEA_G_N1440: step 76 ELEVATED pairs=29368 evals=1083 1145s
[560655.1] IDEA_G_N1440: step 77 ELEVATED pairs=29190 evals=1092 1153s
[560678.1] IDEA_G_N1440: step 78 ELEVATED pairs=28961 evals=1108 1177s
[560685.7] IDEA_G_N1440: step 79 ELEVATED pairs=28776 evals=1124 1184s
[560693.5] IDEA_G_N1440: step 80 ELEVATED pairs=28593 evals=1140 1192s
[560701.3] IDEA_G_N1440: step 81 ELEVATED pairs=28412 evals=1156 1200s
[560709.7] IDEA_G_N1440: step 82 ELEVATED pairs=28233 evals=1172 1208s
[560718.1] IDEA_G_N1440: step 83 ELEVATED pairs=28134 evals=1188 1217s
[560728.9] IDEA_G_N1440: step 84 ELEVATED pairs=28022 evals=1204 1227s
[560737.4] IDEA_G_N1440: step 85 ELEVATED pairs=27902 evals=1220 1236s
[560745.8] IDEA_G_N1440: step 86 ELEVATED pairs=27782 evals=1236 1244s
[560754.0] IDEA_G_N1440: step 87 ELEVATED pairs=27662 evals=1252 1252s
[560762.1] IDEA_G_N1440: step 88 ELEVATED pairs=27514 evals=1268 1261s
[560770.7] IDEA_G_N1440: step 89 ELEVATED pairs=27394 evals=1284 1269s
[560780.4] IDEA_G_N1440: step 90 ELEVATED pairs=27248 evals=1300 1279s
[560790.9] IDEA_G_N1440: step 91 ELEVATED pairs=27092 evals=1316 1289s
[560800.2] IDEA_G_N1440: step 92 PREFIX_EVALUATED_NO_WINNER_DEFERRED pairs=27092 evals=1332 1299s
[560810.0] IDEA_G_N1440: step 93 ELEVATED pairs=26951 evals=1348 1308s
[560813.8] IDEA_G_N1440: step 94 PREFIX_EVALUATED_NO_WINNER_DEFERRED pairs=26951 evals=1364 1312s
[560824.0] IDEA_G_N1440: step 95 ELEVATED pairs=26895 evals=1380 1322s
[560834.9] IDEA_G_N1440: step 96 ELEVATED pairs=26781 evals=1396 1333s
[560848.4] IDEA_G_N1440: step 97 ELEVATED pairs=26690 evals=1412 1347s
[560860.6] IDEA_G_N1440: step 98 ELEVATED pairs=26525 evals=1428 1359s
[560867.8] IDEA_G_N1440: step 99 ELEVATED pairs=26437 evals=1440 1366s
[560868.3] IDEA_G_N1440: done final=26437 moves=90 first=90 reloc=0 ret=0 evals=1440 stop=CANDIDATE_BUDGET_EXHAUSTED
[560945.5] IDEA_G_N1440: recheck PASS checks=130816
