[599033.8] P4_BASE_E2_CAP40_NC2880: start mode=N budget=2880 spec={"name": "P4_BASE_E2_CAP40", "target_policy": "LEGACY", "evaluation_policy": "E2_ORDERED_K16", "traversal_policy": "BASE", "max_targets": 2000, "k_per_target": 16, "family_round_robin": false, "relocation_side_reserve": 0, "waiting_age": false, "route_coverage": false, "multi_anchor": false, "exact_dedup": false, "decision_cache": false, "return_action": false, "cache_structural_skips": false, "window_slack_mm": 1e-05, "generation_domain": "LINE_ONLY", "path_window_settings": null, "stage_length_cap_mm": 40.0, "notes": ""}
[599033.8] P4_BASE_E2_CAP40_NC2880: start state=challenge C:\Users\lihao\Desktop\Graduation Project\OpticalWaveguideRouter3D\outputs\3d_strategy_v4\512_full_layout\N2880 pairs=30999
[599038.7] P4_BASE_E2_CAP40_NC2880: INITIAL_DONE pairs=30999
[599038.8] P4_BASE_E2_CAP40_NC2880: step 1 NO_CANDIDATES_GENERATED pairs=30999 evals=0 0s
[599038.9] P4_BASE_E2_CAP40_NC2880: step 2 NO_CANDIDATES_GENERATED pairs=30999 evals=0 0s
[599039.0] P4_BASE_E2_CAP40_NC2880: step 3 NO_CANDIDATES_GENERATED pairs=30999 evals=0 0s
[599039.2] P4_BASE_E2_CAP40_NC2880: step 4 NO_CANDIDATES_GENERATED pairs=30999 evals=0 1s
[599039.3] P4_BASE_E2_CAP40_NC2880: step 5 NO_CANDIDATES_GENERATED pairs=30999 evals=0 1s
[599039.4] P4_BASE_E2_CAP40_NC2880: step 6 NO_CANDIDATES_GENERATED pairs=30999 evals=0 1s
[599046.3] P4_BASE_E2_CAP40_NC2880: step 7 ELEVATED pairs=30804 evals=16 8s
[599053.4] P4_BASE_E2_CAP40_NC2880: step 8 ELEVATED pairs=30611 evals=32 15s
[599061.5] P4_BASE_E2_CAP40_NC2880: step 9 ELEVATED pairs=30460 evals=48 23s
[599069.3] P4_BASE_E2_CAP40_NC2880: step 10 ELEVATED pairs=30309 evals=64 31s
[599069.5] P4_BASE_E2_CAP40_NC2880: step 11 NO_CANDIDATES_GENERATED pairs=30309 evals=64 31s
[599081.2] P4_BASE_E2_CAP40_NC2880: step 12 ELEVATED pairs=30119 evals=80 43s
[599094.2] P4_BASE_E2_CAP40_NC2880: step 13 ELEVATED pairs=29931 evals=96 56s
[599109.6] P4_BASE_E2_CAP40_NC2880: step 14 ELEVATED pairs=29745 evals=112 71s
[599120.5] P4_BASE_E2_CAP40_NC2880: step 15 ELEVATED pairs=29554 evals=128 82s
[599136.3] P4_BASE_E2_CAP40_NC2880: step 16 ELEVATED pairs=29370 evals=144 98s
[599147.1] P4_BASE_E2_CAP40_NC2880: step 17 ELEVATED pairs=29181 evals=160 108s
[599154.2] P4_BASE_E2_CAP40_NC2880: step 18 ELEVATED pairs=29006 evals=176 116s
[599162.6] P4_BASE_E2_CAP40_NC2880: step 19 ELEVATED pairs=28833 evals=192 124s
[599173.6] P4_BASE_E2_CAP40_NC2880: step 20 ELEVATED pairs=28662 evals=208 135s
[599180.8] P4_BASE_E2_CAP40_NC2880: step 21 ELEVATED pairs=28479 evals=224 142s
[599188.7] P4_BASE_E2_CAP40_NC2880: step 22 ELEVATED pairs=28374 evals=240 150s
[599196.3] P4_BASE_E2_CAP40_NC2880: step 23 ELEVATED pairs=28193 evals=256 158s
[599213.2] P4_BASE_E2_CAP40_NC2880: step 24 ELEVATED pairs=28033 evals=272 175s
[599222.4] P4_BASE_E2_CAP40_NC2880: step 25 ELEVATED pairs=27854 evals=288 184s
[599231.7] P4_BASE_E2_CAP40_NC2880: step 26 ELEVATED pairs=27677 evals=304 193s
[599241.3] P4_BASE_E2_CAP40_NC2880: step 27 ELEVATED pairs=27511 evals=320 203s
[599247.3] P4_BASE_E2_CAP40_NC2880: step 28 ELEVATED pairs=27345 evals=329 209s
[599256.6] P4_BASE_E2_CAP40_NC2880: step 29 ELEVATED pairs=27181 evals=345 218s
[599262.7] P4_BASE_E2_CAP40_NC2880: step 30 ELEVATED pairs=27017 evals=354 224s
[599272.0] P4_BASE_E2_CAP40_NC2880: step 31 ELEVATED pairs=26856 evals=370 233s
[599277.8] P4_BASE_E2_CAP40_NC2880: step 32 ELEVATED pairs=26694 evals=379 239s
[599287.4] P4_BASE_E2_CAP40_NC2880: step 33 ELEVATED pairs=26535 evals=395 249s
[599287.6] P4_BASE_E2_CAP40_NC2880: step 34 NO_CANDIDATES_GENERATED pairs=26535 evals=395 249s
[599293.3] P4_BASE_E2_CAP40_NC2880: step 35 ELEVATED pairs=26375 evals=404 255s
[599303.1] P4_BASE_E2_CAP40_NC2880: step 36 ELEVATED pairs=26218 evals=420 265s
[599313.3] P4_BASE_E2_CAP40_NC2880: step 37 ELEVATED pairs=26063 evals=436 275s
[599323.7] P4_BASE_E2_CAP40_NC2880: step 38 ELEVATED pairs=25909 evals=452 285s
[599334.7] P4_BASE_E2_CAP40_NC2880: step 39 ELEVATED pairs=25757 evals=468 296s
[599343.1] P4_BASE_E2_CAP40_NC2880: step 40 ELEVATED pairs=25607 evals=484 304s
[599357.3] P4_BASE_E2_CAP40_NC2880: step 41 ELEVATED pairs=25457 evals=500 319s
[599366.7] P4_BASE_E2_CAP40_NC2880: step 42 ELEVATED pairs=25321 evals=516 328s
[599380.4] P4_BASE_E2_CAP40_NC2880: step 43 ELEVATED pairs=25173 evals=532 342s
[599389.2] P4_BASE_E2_CAP40_NC2880: step 44 ELEVATED pairs=25039 evals=548 351s
[599396.8] P4_BASE_E2_CAP40_NC2880: step 45 ELEVATED pairs=24954 evals=564 358s
[599411.4] P4_BASE_E2_CAP40_NC2880: step 46 ELEVATED pairs=24804 evals=580 373s
[599417.8] P4_BASE_E2_CAP40_NC2880: step 47 ELEVATED pairs=24685 evals=596 379s
[599432.1] P4_BASE_E2_CAP40_NC2880: step 48 ELEVATED pairs=24537 evals=612 394s
[599439.4] P4_BASE_E2_CAP40_NC2880: step 49 ELEVATED pairs=24398 evals=628 401s
[599452.9] P4_BASE_E2_CAP40_NC2880: step 50 ELEVATED pairs=24252 evals=644 414s
[599467.1] P4_BASE_E2_CAP40_NC2880: step 51 ELEVATED pairs=24108 evals=660 428s
[599477.1] P4_BASE_E2_CAP40_NC2880: step 52 ELEVATED pairs=23963 evals=676 438s
[599485.4] P4_BASE_E2_CAP40_NC2880: step 53 ELEVATED pairs=23864 evals=692 447s
[599493.3] P4_BASE_E2_CAP40_NC2880: step 54 ELEVATED pairs=23767 evals=708 455s
[599503.6] P4_BASE_E2_CAP40_NC2880: step 55 ELEVATED pairs=23624 evals=724 465s
[599511.6] P4_BASE_E2_CAP40_NC2880: step 56 ELEVATED pairs=23541 evals=740 473s
[599523.3] P4_BASE_E2_CAP40_NC2880: step 57 ELEVATED pairs=23400 evals=756 485s
[599531.2] P4_BASE_E2_CAP40_NC2880: step 58 ELEVATED pairs=23296 evals=772 493s
[599539.5] P4_BASE_E2_CAP40_NC2880: step 59 ELEVATED pairs=23194 evals=788 501s
[599547.6] P4_BASE_E2_CAP40_NC2880: step 60 ELEVATED pairs=23094 evals=804 509s
[599557.1] P4_BASE_E2_CAP40_NC2880: step 61 ELEVATED pairs=23009 evals=820 518s
[599566.1] P4_BASE_E2_CAP40_NC2880: step 62 ELEVATED pairs=22892 evals=836 527s
[599575.7] P4_BASE_E2_CAP40_NC2880: step 63 ELEVATED pairs=22779 evals=852 537s
[599583.4] P4_BASE_E2_CAP40_NC2880: step 64 ELEVATED pairs=22649 evals=868 545s
[599593.4] P4_BASE_E2_CAP40_NC2880: step 65 ELEVATED pairs=22529 evals=884 555s
[599600.3] P4_BASE_E2_CAP40_NC2880: step 66 ELEVATED pairs=22412 evals=900 562s
[599608.2] P4_BASE_E2_CAP40_NC2880: step 67 ELEVATED pairs=22298 evals=916 570s
[599617.2] P4_BASE_E2_CAP40_NC2880: step 68 ELEVATED pairs=22168 evals=932 579s
[599624.4] P4_BASE_E2_CAP40_NC2880: step 69 ELEVATED pairs=22044 evals=948 586s
[599633.4] P4_BASE_E2_CAP40_NC2880: step 70 ELEVATED pairs=21928 evals=964 595s
[599640.5] P4_BASE_E2_CAP40_NC2880: step 71 ELEVATED pairs=21809 evals=980 602s
[599647.5] P4_BASE_E2_CAP40_NC2880: step 72 ELEVATED pairs=21678 evals=996 609s
[599654.3] P4_BASE_E2_CAP40_NC2880: step 73 ELEVATED pairs=21556 evals=1012 616s
[599660.2] P4_BASE_E2_CAP40_NC2880: step 74 ELEVATED pairs=21461 evals=1028 622s
[599671.8] P4_BASE_E2_CAP40_NC2880: step 75 ELEVATED pairs=21381 evals=1037 633s
[599680.5] P4_BASE_E2_CAP40_NC2880: step 76 ELEVATED pairs=21330 evals=1053 642s
[599690.6] P4_BASE_E2_CAP40_NC2880: step 77 ELEVATED pairs=21212 evals=1069 652s
[599700.6] P4_BASE_E2_CAP40_NC2880: step 78 ELEVATED pairs=21096 evals=1085 662s
[599725.2] P4_BASE_E2_CAP40_NC2880: step 79 ELEVATED pairs=20988 evals=1101 687s
[599735.7] P4_BASE_E2_CAP40_NC2880: step 80 ELEVATED pairs=20874 evals=1117 697s
[599744.8] P4_BASE_E2_CAP40_NC2880: step 81 ELEVATED pairs=20765 evals=1133 706s
[599767.9] P4_BASE_E2_CAP40_NC2880: step 82 ELEVATED pairs=20657 evals=1149 729s
[599790.6] P4_BASE_E2_CAP40_NC2880: step 83 ELEVATED pairs=20550 evals=1165 752s
[599798.2] P4_BASE_E2_CAP40_NC2880: step 84 ELEVATED pairs=20466 evals=1181 760s
[599821.3] P4_BASE_E2_CAP40_NC2880: step 85 ELEVATED pairs=20360 evals=1197 783s
[599841.8] P4_BASE_E2_CAP40_NC2880: step 86 ELEVATED pairs=20240 evals=1213 803s
[599851.2] P4_BASE_E2_CAP40_NC2880: step 87 ELEVATED pairs=20154 evals=1229 813s
[599858.5] P4_BASE_E2_CAP40_NC2880: step 88 ELEVATED pairs=20099 evals=1245 820s
[599870.1] P4_BASE_E2_CAP40_NC2880: step 89 ELEVATED pairs=19950 evals=1261 831s
[599877.3] P4_BASE_E2_CAP40_NC2880: step 90 ELEVATED pairs=19898 evals=1277 839s
[599888.6] P4_BASE_E2_CAP40_NC2880: step 91 ELEVATED pairs=19751 evals=1293 850s
[599898.2] P4_BASE_E2_CAP40_NC2880: step 92 ELEVATED pairs=19666 evals=1309 860s
[599908.6] P4_BASE_E2_CAP40_NC2880: step 93 ELEVATED pairs=19521 evals=1325 870s
[599917.9] P4_BASE_E2_CAP40_NC2880: step 94 ELEVATED pairs=19437 evals=1341 879s
[599928.7] P4_BASE_E2_CAP40_NC2880: step 95 ELEVATED pairs=19294 evals=1357 890s
[599936.4] P4_BASE_E2_CAP40_NC2880: step 96 ELEVATED pairs=19217 evals=1373 898s
[599944.2] P4_BASE_E2_CAP40_NC2880: step 97 ELEVATED pairs=19140 evals=1389 906s
[599952.0] P4_BASE_E2_CAP40_NC2880: step 98 ELEVATED pairs=19063 evals=1405 913s
[599952.1] P4_BASE_E2_CAP40_NC2880: step 99 NO_CANDIDATES_GENERATED pairs=19063 evals=1405 914s
[599956.2] P4_BASE_E2_CAP40_NC2880: step 100 ELEVATED pairs=18958 evals=1414 918s
[599963.1] P4_BASE_E2_CAP40_NC2880: step 101 ELEVATED pairs=18893 evals=1430 924s
[599970.9] P4_BASE_E2_CAP40_NC2880: step 102 ELEVATED pairs=18828 evals=1446 932s
[599980.6] P4_BASE_E2_CAP40_NC2880: step 103 ELEVATED pairs=18739 evals=1462 942s
[599988.0] P4_BASE_E2_CAP40_NC2880: step 104 ELEVATED pairs=18674 evals=1478 949s
[599995.4] P4_BASE_E2_CAP40_NC2880: step 105 ELEVATED pairs=18609 evals=1494 957s
[600002.1] P4_BASE_E2_CAP40_NC2880: step 106 ELEVATED pairs=18572 evals=1510 964s
[600007.2] P4_BASE_E2_CAP40_NC2880: step 107 ELEVATED pairs=18480 evals=1519 969s
[600015.5] P4_BASE_E2_CAP40_NC2880: step 108 ELEVATED pairs=18409 evals=1535 977s
[600022.5] P4_BASE_E2_CAP40_NC2880: step 109 ELEVATED pairs=18374 evals=1551 984s
[600030.1] P4_BASE_E2_CAP40_NC2880: step 110 ELEVATED pairs=18309 evals=1567 991s
[600036.3] P4_BASE_E2_CAP40_NC2880: step 111 ELEVATED pairs=18265 evals=1583 998s
[600042.9] P4_BASE_E2_CAP40_NC2880: step 112 ELEVATED pairs=18175 evals=1592 1004s
[600049.3] P4_BASE_E2_CAP40_NC2880: step 113 ELEVATED pairs=18131 evals=1608 1011s
[600055.8] P4_BASE_E2_CAP40_NC2880: step 114 ELEVATED pairs=18097 evals=1624 1017s
[600063.9] P4_BASE_E2_CAP40_NC2880: step 115 ELEVATED pairs=18029 evals=1640 1025s
[600075.2] P4_BASE_E2_CAP40_NC2880: step 116 ELEVATED pairs=17977 evals=1649 1037s
[600075.4] P4_BASE_E2_CAP40_NC2880: step 117 NO_CANDIDATES_GENERATED pairs=17977 evals=1649 1037s
[600075.5] P4_BASE_E2_CAP40_NC2880: step 118 NO_CANDIDATES_GENERATED pairs=17977 evals=1649 1037s
[600075.7] P4_BASE_E2_CAP40_NC2880: step 119 NO_CANDIDATES_GENERATED pairs=17977 evals=1649 1037s
[600075.9] P4_BASE_E2_CAP40_NC2880: step 120 NO_CANDIDATES_GENERATED pairs=17977 evals=1649 1037s
[600076.0] P4_BASE_E2_CAP40_NC2880: step 121 NO_CANDIDATES_GENERATED pairs=17977 evals=1649 1037s
[600076.2] P4_BASE_E2_CAP40_NC2880: step 122 NO_CANDIDATES_GENERATED pairs=17977 evals=1649 1038s
[600076.4] P4_BASE_E2_CAP40_NC2880: step 123 NO_CANDIDATES_GENERATED pairs=17977 evals=1649 1038s
[600076.5] P4_BASE_E2_CAP40_NC2880: step 124 NO_CANDIDATES_GENERATED pairs=17977 evals=1649 1038s
[600076.7] P4_BASE_E2_CAP40_NC2880: step 125 NO_CANDIDATES_GENERATED pairs=17977 evals=1649 1038s
[600076.9] P4_BASE_E2_CAP40_NC2880: step 126 NO_CANDIDATES_GENERATED pairs=17977 evals=1649 1038s
[600077.1] P4_BASE_E2_CAP40_NC2880: step 127 NO_CANDIDATES_GENERATED pairs=17977 evals=1649 1038s
[600077.3] P4_BASE_E2_CAP40_NC2880: step 128 NO_CANDIDATES_GENERATED pairs=17977 evals=1649 1039s
[600077.4] P4_BASE_E2_CAP40_NC2880: step 129 NO_CANDIDATES_GENERATED pairs=17977 evals=1649 1039s
[600077.6] P4_BASE_E2_CAP40_NC2880: step 130 NO_CANDIDATES_GENERATED pairs=17977 evals=1649 1039s
[600077.8] P4_BASE_E2_CAP40_NC2880: step 131 NO_CANDIDATES_GENERATED pairs=17977 evals=1649 1039s
[600077.9] P4_BASE_E2_CAP40_NC2880: step 132 NO_CANDIDATES_GENERATED pairs=17977 evals=1649 1039s
[600085.5] P4_BASE_E2_CAP40_NC2880: step 133 ELEVATED pairs=17916 evals=1665 1047s
[600099.2] P4_BASE_E2_CAP40_NC2880: step 134 ELEVATED pairs=17831 evals=1681 1061s
[600107.0] P4_BASE_E2_CAP40_NC2880: step 135 ELEVATED pairs=17765 evals=1697 1068s
[600121.3] P4_BASE_E2_CAP40_NC2880: step 136 ELEVATED pairs=17681 evals=1713 1083s
[600128.2] P4_BASE_E2_CAP40_NC2880: step 137 ELEVATED pairs=17615 evals=1729 1090s
[600135.2] P4_BASE_E2_CAP40_NC2880: step 138 ELEVATED pairs=17549 evals=1745 1097s
[600144.6] P4_BASE_E2_CAP40_NC2880: step 139 ELEVATED pairs=17483 evals=1761 1106s
[600152.7] P4_BASE_E2_CAP40_NC2880: step 140 ELEVATED pairs=17363 evals=1777 1114s
[600153.1] P4_BASE_E2_CAP40_NC2880: step 141 NO_CANDIDATES_GENERATED pairs=17363 evals=1777 1114s
[600153.5] P4_BASE_E2_CAP40_NC2880: step 142 NO_CANDIDATES_GENERATED pairs=17363 evals=1777 1115s
[600153.8] P4_BASE_E2_CAP40_NC2880: step 143 NO_CANDIDATES_GENERATED pairs=17363 evals=1777 1115s
[600154.2] P4_BASE_E2_CAP40_NC2880: step 144 NO_CANDIDATES_GENERATED pairs=17363 evals=1777 1116s
[600154.6] P4_BASE_E2_CAP40_NC2880: step 145 NO_CANDIDATES_GENERATED pairs=17363 evals=1777 1116s
[600154.9] P4_BASE_E2_CAP40_NC2880: step 146 NO_CANDIDATES_GENERATED pairs=17363 evals=1777 1116s
[600155.3] P4_BASE_E2_CAP40_NC2880: step 147 NO_CANDIDATES_GENERATED pairs=17363 evals=1777 1117s
[600155.7] P4_BASE_E2_CAP40_NC2880: step 148 NO_CANDIDATES_GENERATED pairs=17363 evals=1777 1117s
[600156.0] P4_BASE_E2_CAP40_NC2880: step 149 NO_CANDIDATES_GENERATED pairs=17363 evals=1777 1117s
[600156.4] P4_BASE_E2_CAP40_NC2880: step 150 NO_CANDIDATES_GENERATED pairs=17363 evals=1777 1118s
[600156.7] P4_BASE_E2_CAP40_NC2880: step 151 NO_CANDIDATES_GENERATED pairs=17363 evals=1777 1118s
[600157.1] P4_BASE_E2_CAP40_NC2880: step 152 NO_CANDIDATES_GENERATED pairs=17363 evals=1777 1118s
[600157.4] P4_BASE_E2_CAP40_NC2880: step 153 NO_CANDIDATES_GENERATED pairs=17363 evals=1777 1119s
[600157.9] P4_BASE_E2_CAP40_NC2880: step 154 NO_CANDIDATES_GENERATED pairs=17363 evals=1777 1119s
[600158.2] P4_BASE_E2_CAP40_NC2880: step 155 NO_CANDIDATES_GENERATED pairs=17363 evals=1777 1120s
[600158.6] P4_BASE_E2_CAP40_NC2880: step 156 NO_CANDIDATES_GENERATED pairs=17363 evals=1777 1120s
[600167.8] P4_BASE_E2_CAP40_NC2880: step 157 ELEVATED pairs=17248 evals=1793 1129s
[600176.6] P4_BASE_E2_CAP40_NC2880: step 158 ELEVATED pairs=17135 evals=1809 1138s
[600184.7] P4_BASE_E2_CAP40_NC2880: step 159 ELEVATED pairs=17024 evals=1825 1146s
[600191.9] P4_BASE_E2_CAP40_NC2880: step 160 ELEVATED pairs=16989 evals=1841 1153s
[600200.1] P4_BASE_E2_CAP40_NC2880: step 161 ELEVATED pairs=16967 evals=1857 1161s
[600209.1] P4_BASE_E2_CAP40_NC2880: step 162 ELEVATED pairs=16918 evals=1873 1170s
[600216.5] P4_BASE_E2_CAP40_NC2880: step 163 ELEVATED pairs=16845 evals=1889 1178s
[600223.2] P4_BASE_E2_CAP40_NC2880: step 164 ELEVATED pairs=16744 evals=1905 1185s
[600230.4] P4_BASE_E2_CAP40_NC2880: step 165 ELEVATED pairs=16706 evals=1921 1192s
[600237.9] P4_BASE_E2_CAP40_NC2880: step 166 ELEVATED pairs=16660 evals=1937 1199s
[600245.4] P4_BASE_E2_CAP40_NC2880: step 167 ELEVATED pairs=16614 evals=1953 1207s
[600253.7] P4_BASE_E2_CAP40_NC2880: step 168 ELEVATED pairs=16588 evals=1969 1215s
[600260.2] P4_BASE_E2_CAP40_NC2880: step 169 PREFIX_EVALUATED_NO_WINNER_DEFERRED pairs=16588 evals=1985 1222s
[600268.4] P4_BASE_E2_CAP40_NC2880: step 170 PREFIX_EVALUATED_NO_WINNER_DEFERRED pairs=16588 evals=2001 1230s
[600276.4] P4_BASE_E2_CAP40_NC2880: step 171 PREFIX_EVALUATED_NO_WINNER_DEFERRED pairs=16588 evals=2017 1238s
[600284.4] P4_BASE_E2_CAP40_NC2880: step 172 ELEVATED pairs=16576 evals=2033 1246s
[600290.8] P4_BASE_E2_CAP40_NC2880: step 173 PREFIX_EVALUATED_NO_WINNER_DEFERRED pairs=16576 evals=2049 1252s
[600298.2] P4_BASE_E2_CAP40_NC2880: step 174 PREFIX_EVALUATED_NO_WINNER_DEFERRED pairs=16576 evals=2065 1260s
[600304.8] P4_BASE_E2_CAP40_NC2880: step 175 PREFIX_EVALUATED_NO_WINNER_DEFERRED pairs=16576 evals=2081 1266s
[600311.7] P4_BASE_E2_CAP40_NC2880: step 176 PREFIX_EVALUATED_NO_WINNER_DEFERRED pairs=16576 evals=2097 1273s
[600318.7] P4_BASE_E2_CAP40_NC2880: step 177 ELEVATED pairs=16565 evals=2113 1280s
[600327.3] P4_BASE_E2_CAP40_NC2880: step 178 ELEVATED pairs=16518 evals=2129 1289s
[600337.3] P4_BASE_E2_CAP40_NC2880: step 179 ELEVATED pairs=16420 evals=2145 1299s
[600346.4] P4_BASE_E2_CAP40_NC2880: step 180 ELEVATED pairs=16375 evals=2161 1308s
[600356.0] P4_BASE_E2_CAP40_NC2880: step 181 ELEVATED pairs=16332 evals=2177 1317s
[600365.6] P4_BASE_E2_CAP40_NC2880: step 182 ELEVATED pairs=16291 evals=2193 1327s
[600373.0] P4_BASE_E2_CAP40_NC2880: step 183 ELEVATED pairs=16277 evals=2209 1334s
[600380.0] P4_BASE_E2_CAP40_NC2880: step 184 ELEVATED pairs=16259 evals=2225 1341s
[600388.5] P4_BASE_E2_CAP40_NC2880: step 185 ELEVATED pairs=16246 evals=2241 1350s
[600397.2] P4_BASE_E2_CAP40_NC2880: step 186 ELEVATED pairs=16229 evals=2257 1359s
[600415.8] P4_BASE_E2_CAP40_NC2880: step 187 ELEVATED pairs=16155 evals=2273 1377s
[600416.2] P4_BASE_E2_CAP40_NC2880: step 188 NO_CANDIDATES_GENERATED pairs=16155 evals=2273 1378s
[600416.6] P4_BASE_E2_CAP40_NC2880: step 189 NO_CANDIDATES_GENERATED pairs=16155 evals=2273 1378s
[600417.0] P4_BASE_E2_CAP40_NC2880: step 190 NO_CANDIDATES_GENERATED pairs=16155 evals=2273 1378s
[600417.4] P4_BASE_E2_CAP40_NC2880: step 191 NO_CANDIDATES_GENERATED pairs=16155 evals=2273 1379s
[600417.8] P4_BASE_E2_CAP40_NC2880: step 192 NO_CANDIDATES_GENERATED pairs=16155 evals=2273 1379s
[600418.2] P4_BASE_E2_CAP40_NC2880: step 193 NO_CANDIDATES_GENERATED pairs=16155 evals=2273 1380s
[600439.8] P4_BASE_E2_CAP40_NC2880: step 194 ELEVATED pairs=16080 evals=2289 1401s
[600447.0] P4_BASE_E2_CAP40_NC2880: step 195 ELEVATED pairs=16053 evals=2305 1408s
[600461.7] P4_BASE_E2_CAP40_NC2880: step 196 ELEVATED pairs=16001 evals=2321 1423s
[600466.4] P4_BASE_E2_CAP40_NC2880: step 197 PREFIX_EVALUATED_NO_WINNER_DEFERRED pairs=16001 evals=2337 1428s
[600468.9] P4_BASE_E2_CAP40_NC2880: step 198 PREFIX_EVALUATED_NO_WINNER_DEFERRED pairs=16001 evals=2353 1430s
[600471.2] P4_BASE_E2_CAP40_NC2880: step 199 PREFIX_EVALUATED_NO_WINNER_DEFERRED pairs=16001 evals=2369 1433s
[600473.6] P4_BASE_E2_CAP40_NC2880: step 200 PREFIX_EVALUATED_NO_WINNER_DEFERRED pairs=16001 evals=2385 1435s
[600476.1] P4_BASE_E2_CAP40_NC2880: step 201 PREFIX_EVALUATED_NO_WINNER_DEFERRED pairs=16001 evals=2401 1437s
[600478.7] P4_BASE_E2_CAP40_NC2880: step 202 PREFIX_EVALUATED_NO_WINNER_DEFERRED pairs=16001 evals=2417 1440s
[600481.2] P4_BASE_E2_CAP40_NC2880: step 203 PREFIX_EVALUATED_NO_WINNER_DEFERRED pairs=16001 evals=2433 1443s
[600483.6] P4_BASE_E2_CAP40_NC2880: step 204 PREFIX_EVALUATED_NO_WINNER_DEFERRED pairs=16001 evals=2449 1445s
[600486.1] P4_BASE_E2_CAP40_NC2880: step 205 PREFIX_EVALUATED_NO_WINNER_DEFERRED pairs=16001 evals=2465 1447s
[600488.9] P4_BASE_E2_CAP40_NC2880: step 206 PREFIX_EVALUATED_NO_WINNER_DEFERRED pairs=16001 evals=2481 1450s
[600491.9] P4_BASE_E2_CAP40_NC2880: step 207 PREFIX_EVALUATED_NO_WINNER_DEFERRED pairs=16001 evals=2497 1453s
[600494.5] P4_BASE_E2_CAP40_NC2880: step 208 PREFIX_EVALUATED_NO_WINNER_DEFERRED pairs=16001 evals=2513 1456s
[600497.3] P4_BASE_E2_CAP40_NC2880: step 209 PREFIX_EVALUATED_NO_WINNER_DEFERRED pairs=16001 evals=2529 1459s
[600500.4] P4_BASE_E2_CAP40_NC2880: step 210 PREFIX_EVALUATED_NO_WINNER_DEFERRED pairs=16001 evals=2545 1462s
[600503.4] P4_BASE_E2_CAP40_NC2880: step 211 PREFIX_EVALUATED_NO_WINNER_DEFERRED pairs=16001 evals=2561 1465s
[600503.8] P4_BASE_E2_CAP40_NC2880: step 212 NO_CANDIDATES_GENERATED pairs=16001 evals=2561 1465s
[600504.3] P4_BASE_E2_CAP40_NC2880: step 213 NO_CANDIDATES_GENERATED pairs=16001 evals=2561 1466s
[600504.7] P4_BASE_E2_CAP40_NC2880: step 214 NO_CANDIDATES_GENERATED pairs=16001 evals=2561 1466s
[600505.2] P4_BASE_E2_CAP40_NC2880: step 215 NO_CANDIDATES_GENERATED pairs=16001 evals=2561 1467s
[600510.2] P4_BASE_E2_CAP40_NC2880: step 216 PREFIX_EVALUATED_NO_WINNER_DEFERRED pairs=16001 evals=2577 1472s
[600514.8] P4_BASE_E2_CAP40_NC2880: step 217 PREFIX_EVALUATED_NO_WINNER_DEFERRED pairs=16001 evals=2593 1476s
[600519.4] P4_BASE_E2_CAP40_NC2880: step 218 PREFIX_EVALUATED_NO_WINNER_DEFERRED pairs=16001 evals=2609 1481s
[600522.0] P4_BASE_E2_CAP40_NC2880: step 219 PREFIX_EVALUATED_NO_WINNER_DEFERRED pairs=16001 evals=2625 1483s
[600524.6] P4_BASE_E2_CAP40_NC2880: step 220 PREFIX_EVALUATED_NO_WINNER_DEFERRED pairs=16001 evals=2641 1486s
[600527.2] P4_BASE_E2_CAP40_NC2880: step 221 PREFIX_EVALUATED_NO_WINNER_DEFERRED pairs=16001 evals=2657 1489s
[600529.8] P4_BASE_E2_CAP40_NC2880: step 222 PREFIX_EVALUATED_NO_WINNER_DEFERRED pairs=16001 evals=2673 1491s
[600532.2] P4_BASE_E2_CAP40_NC2880: step 223 PREFIX_EVALUATED_NO_WINNER_DEFERRED pairs=16001 evals=2689 1494s
[600534.6] P4_BASE_E2_CAP40_NC2880: step 224 PREFIX_EVALUATED_NO_WINNER_DEFERRED pairs=16001 evals=2705 1496s
[600537.0] P4_BASE_E2_CAP40_NC2880: step 225 PREFIX_EVALUATED_NO_WINNER_DEFERRED pairs=16001 evals=2721 1498s
[600539.5] P4_BASE_E2_CAP40_NC2880: step 226 PREFIX_EVALUATED_NO_WINNER_DEFERRED pairs=16001 evals=2737 1501s
[600542.0] P4_BASE_E2_CAP40_NC2880: step 227 PREFIX_EVALUATED_NO_WINNER_DEFERRED pairs=16001 evals=2753 1503s
[600547.7] P4_BASE_E2_CAP40_NC2880: step 228 PREFIX_EVALUATED_NO_WINNER_DEFERRED pairs=16001 evals=2769 1509s
[600553.5] P4_BASE_E2_CAP40_NC2880: step 229 PREFIX_EVALUATED_NO_WINNER_DEFERRED pairs=16001 evals=2785 1515s
[600556.4] P4_BASE_E2_CAP40_NC2880: step 230 PREFIX_EVALUATED_NO_WINNER_DEFERRED pairs=16001 evals=2801 1518s
[600559.4] P4_BASE_E2_CAP40_NC2880: step 231 PREFIX_EVALUATED_NO_WINNER_DEFERRED pairs=16001 evals=2817 1521s
[600562.3] P4_BASE_E2_CAP40_NC2880: step 232 PREFIX_EVALUATED_NO_WINNER_DEFERRED pairs=16001 evals=2833 1524s
[600565.2] P4_BASE_E2_CAP40_NC2880: step 233 PREFIX_EVALUATED_NO_WINNER_DEFERRED pairs=16001 evals=2849 1527s
[600568.1] P4_BASE_E2_CAP40_NC2880: step 234 PREFIX_EVALUATED_NO_WINNER_DEFERRED pairs=16001 evals=2865 1529s
[600570.5] P4_BASE_E2_CAP40_NC2880: step 235 ABORTED_CANDIDATE_BUDGET pairs=16001 evals=2880 1532s
[600571.0] P4_BASE_E2_CAP40_NC2880: done final=16001 moves=142 first=142 reloc=0 ret=0 evals=2880 stop=CANDIDATE_BUDGET_EXHAUSTED
[600655.3] P4_BASE_E2_CAP40_NC2880: recheck PASS checks=130816
