[597041.4] P5_CACHE_OFF_R1440_seq2: start mode=R budget=1440 spec={"name": "P5_CACHE_OFF", "target_policy": "LEGACY", "evaluation_policy": "E2_ORDERED_K16", "traversal_policy": "BASE", "max_targets": 200, "k_per_target": 16, "family_round_robin": false, "relocation_side_reserve": 0, "waiting_age": false, "route_coverage": false, "multi_anchor": false, "exact_dedup": false, "decision_cache": false, "return_action": false, "cache_structural_skips": false, "window_slack_mm": 1e-05, "generation_domain": "LINE_ONLY", "path_window_settings": null, "stage_length_cap_mm": null, "notes": ""}
[597041.4] P5_CACHE_OFF_R1440_seq2: start state=main C:\Users\lihao\Desktop\Graduation Project\OpticalWaveguideRouter3D\outputs\3d_strategy_v3\512_ablation\D_both_enabled pairs=42909
[597044.8] P5_CACHE_OFF_R1440_seq2: INITIAL_DONE pairs=42909
[597044.9] P5_CACHE_OFF_R1440_seq2: step 1 NO_CANDIDATES_GENERATED pairs=42909 evals=0 0s
[597045.0] P5_CACHE_OFF_R1440_seq2: step 2 NO_CANDIDATES_GENERATED pairs=42909 evals=0 0s
[597049.8] P5_CACHE_OFF_R1440_seq2: step 3 ELEVATED pairs=42661 evals=16 5s
[597058.1] P5_CACHE_OFF_R1440_seq2: step 4 ELEVATED pairs=42487 evals=32 13s
[597064.8] P5_CACHE_OFF_R1440_seq2: step 5 ELEVATED pairs=42305 evals=48 20s
[597071.8] P5_CACHE_OFF_R1440_seq2: step 6 ELEVATED pairs=42121 evals=64 27s
[597078.9] P5_CACHE_OFF_R1440_seq2: step 7 ELEVATED pairs=41936 evals=80 34s
[597084.0] P5_CACHE_OFF_R1440_seq2: step 8 ELEVATED pairs=41680 evals=96 39s
[597091.1] P5_CACHE_OFF_R1440_seq2: step 9 ELEVATED pairs=41486 evals=112 46s
[597096.1] P5_CACHE_OFF_R1440_seq2: step 10 ELEVATED pairs=41225 evals=128 51s
[597105.8] P5_CACHE_OFF_R1440_seq2: step 11 ELEVATED pairs=41046 evals=144 61s
[597115.5] P5_CACHE_OFF_R1440_seq2: step 12 ELEVATED pairs=40867 evals=160 71s
[597120.2] P5_CACHE_OFF_R1440_seq2: step 13 ELEVATED pairs=40628 evals=176 75s
[597126.4] P5_CACHE_OFF_R1440_seq2: step 14 ELEVATED pairs=40377 evals=192 81s
[597130.9] P5_CACHE_OFF_R1440_seq2: step 15 ELEVATED pairs=40136 evals=208 86s
[597137.1] P5_CACHE_OFF_R1440_seq2: step 16 ELEVATED pairs=39887 evals=224 92s
[597143.5] P5_CACHE_OFF_R1440_seq2: step 17 ELEVATED pairs=39640 evals=240 99s
[597149.5] P5_CACHE_OFF_R1440_seq2: step 18 ELEVATED pairs=39399 evals=256 105s
[597156.0] P5_CACHE_OFF_R1440_seq2: step 19 ELEVATED pairs=39175 evals=272 111s
[597162.2] P5_CACHE_OFF_R1440_seq2: step 20 ELEVATED pairs=38969 evals=288 117s
[597170.6] P5_CACHE_OFF_R1440_seq2: step 21 ELEVATED pairs=38811 evals=304 126s
[597176.8] P5_CACHE_OFF_R1440_seq2: step 22 ELEVATED pairs=38668 evals=320 132s
[597182.8] P5_CACHE_OFF_R1440_seq2: step 23 ELEVATED pairs=38466 evals=336 138s
[597188.9] P5_CACHE_OFF_R1440_seq2: step 24 ELEVATED pairs=38332 evals=352 144s
[597193.9] P5_CACHE_OFF_R1440_seq2: step 25 ELEVATED pairs=38108 evals=368 149s
[597200.0] P5_CACHE_OFF_R1440_seq2: step 26 ELEVATED pairs=37974 evals=384 155s
[597205.1] P5_CACHE_OFF_R1440_seq2: step 27 ELEVATED pairs=37771 evals=400 160s
[597210.2] P5_CACHE_OFF_R1440_seq2: step 28 ELEVATED pairs=37568 evals=416 165s
[597214.6] P5_CACHE_OFF_R1440_seq2: step 29 ELEVATED pairs=37338 evals=432 170s
[597218.6] P5_CACHE_OFF_R1440_seq2: step 30 ELEVATED pairs=37110 evals=448 174s
[597223.3] P5_CACHE_OFF_R1440_seq2: step 31 ELEVATED pairs=36910 evals=464 178s
[597225.8] P5_CACHE_OFF_R1440_seq2: step 32 ELEVATED pairs=36684 evals=480 181s
[597229.1] P5_CACHE_OFF_R1440_seq2: step 33 ELEVATED pairs=36466 evals=496 184s
[597232.3] P5_CACHE_OFF_R1440_seq2: step 34 ELEVATED pairs=36269 evals=512 187s
[597237.7] P5_CACHE_OFF_R1440_seq2: step 35 ELEVATED pairs=36073 evals=528 193s
[597241.5] P5_CACHE_OFF_R1440_seq2: step 36 ELEVATED pairs=35887 evals=544 197s
[597244.6] P5_CACHE_OFF_R1440_seq2: step 37 ELEVATED pairs=35774 evals=560 200s
[597248.1] P5_CACHE_OFF_R1440_seq2: step 38 ELEVATED pairs=35543 evals=576 203s
[597251.0] P5_CACHE_OFF_R1440_seq2: step 39 ELEVATED pairs=35343 evals=592 206s
[597254.4] P5_CACHE_OFF_R1440_seq2: step 40 ELEVATED pairs=35138 evals=608 210s
[597254.5] P5_CACHE_OFF_R1440_seq2: step 41 NO_CANDIDATES_GENERATED pairs=35138 evals=608 210s
[597254.6] P5_CACHE_OFF_R1440_seq2: step 42 NO_CANDIDATES_GENERATED pairs=35138 evals=608 210s
[597258.1] P5_CACHE_OFF_R1440_seq2: step 43 ELEVATED pairs=34935 evals=624 213s
[597262.0] P5_CACHE_OFF_R1440_seq2: step 44 ELEVATED pairs=34734 evals=640 217s
[597264.6] P5_CACHE_OFF_R1440_seq2: step 45 ELEVATED pairs=34539 evals=656 220s
[597268.7] P5_CACHE_OFF_R1440_seq2: step 46 ELEVATED pairs=34340 evals=672 224s
[597272.7] P5_CACHE_OFF_R1440_seq2: step 47 ELEVATED pairs=34143 evals=688 228s
[597276.6] P5_CACHE_OFF_R1440_seq2: step 48 ELEVATED pairs=33933 evals=704 232s
[597281.1] P5_CACHE_OFF_R1440_seq2: step 49 ELEVATED pairs=33738 evals=720 236s
[597284.7] P5_CACHE_OFF_R1440_seq2: step 50 ELEVATED pairs=33530 evals=736 240s
[597287.8] P5_CACHE_OFF_R1440_seq2: step 51 ELEVATED pairs=33326 evals=752 243s
[597292.6] P5_CACHE_OFF_R1440_seq2: step 52 ELEVATED pairs=33133 evals=768 248s
[597296.3] P5_CACHE_OFF_R1440_seq2: step 53 ELEVATED pairs=32926 evals=784 251s
[597301.0] P5_CACHE_OFF_R1440_seq2: step 54 ELEVATED pairs=32735 evals=800 256s
[597304.6] P5_CACHE_OFF_R1440_seq2: step 55 ELEVATED pairs=32530 evals=816 260s
[597309.5] P5_CACHE_OFF_R1440_seq2: step 56 ELEVATED pairs=32341 evals=832 265s
[597313.2] P5_CACHE_OFF_R1440_seq2: step 57 ELEVATED pairs=32137 evals=848 268s
[597318.2] P5_CACHE_OFF_R1440_seq2: step 58 ELEVATED pairs=31950 evals=864 273s
[597320.7] P5_CACHE_OFF_R1440_seq2: step 59 ELEVATED pairs=31792 evals=880 276s
[597324.3] P5_CACHE_OFF_R1440_seq2: step 60 ELEVATED pairs=31590 evals=896 279s
[597327.9] P5_CACHE_OFF_R1440_seq2: step 61 ELEVATED pairs=31389 evals=912 283s
[597331.1] P5_CACHE_OFF_R1440_seq2: step 62 ELEVATED pairs=31226 evals=928 286s
[597334.7] P5_CACHE_OFF_R1440_seq2: step 63 ELEVATED pairs=31027 evals=944 290s
[597338.3] P5_CACHE_OFF_R1440_seq2: step 64 ELEVATED pairs=30829 evals=960 293s
[597338.3] P5_CACHE_OFF_R1440_seq2: step 65 NO_CANDIDATES_GENERATED pairs=30829 evals=960 293s
[597338.4] P5_CACHE_OFF_R1440_seq2: step 66 NO_CANDIDATES_GENERATED pairs=30829 evals=960 293s
[597338.5] P5_CACHE_OFF_R1440_seq2: step 67 NO_CANDIDATES_GENERATED pairs=30829 evals=960 294s
[597342.1] P5_CACHE_OFF_R1440_seq2: step 68 ELEVATED pairs=30633 evals=976 297s
[597345.4] P5_CACHE_OFF_R1440_seq2: step 69 ELEVATED pairs=30481 evals=992 300s
[597348.7] P5_CACHE_OFF_R1440_seq2: step 70 ELEVATED pairs=30367 evals=1008 304s
[597355.6] P5_CACHE_OFF_R1440_seq2: step 71 ELEVATED pairs=30214 evals=1024 311s
[597360.0] P5_CACHE_OFF_R1440_seq2: step 72 ELEVATED pairs=30030 evals=1033 315s
[597366.5] P5_CACHE_OFF_R1440_seq2: step 73 ELEVATED pairs=29879 evals=1049 322s
[597371.0] P5_CACHE_OFF_R1440_seq2: step 74 ELEVATED pairs=29697 evals=1058 326s
[597377.6] P5_CACHE_OFF_R1440_seq2: step 75 ELEVATED pairs=29548 evals=1074 333s
[597382.3] P5_CACHE_OFF_R1440_seq2: step 76 ELEVATED pairs=29368 evals=1083 337s
[597386.7] P5_CACHE_OFF_R1440_seq2: step 77 ELEVATED pairs=29190 evals=1092 342s
[597398.9] P5_CACHE_OFF_R1440_seq2: step 78 ELEVATED pairs=28961 evals=1108 354s
[597402.8] P5_CACHE_OFF_R1440_seq2: step 79 ELEVATED pairs=28776 evals=1124 358s
[597406.8] P5_CACHE_OFF_R1440_seq2: step 80 ELEVATED pairs=28593 evals=1140 362s
[597411.0] P5_CACHE_OFF_R1440_seq2: step 81 ELEVATED pairs=28412 evals=1156 366s
[597415.2] P5_CACHE_OFF_R1440_seq2: step 82 ELEVATED pairs=28233 evals=1172 370s
[597419.6] P5_CACHE_OFF_R1440_seq2: step 83 ELEVATED pairs=28134 evals=1188 375s
[597425.4] P5_CACHE_OFF_R1440_seq2: step 84 ELEVATED pairs=28022 evals=1204 380s
[597429.8] P5_CACHE_OFF_R1440_seq2: step 85 ELEVATED pairs=27902 evals=1220 385s
[597434.2] P5_CACHE_OFF_R1440_seq2: step 86 ELEVATED pairs=27782 evals=1236 389s
[597438.5] P5_CACHE_OFF_R1440_seq2: step 87 ELEVATED pairs=27662 evals=1252 394s
[597442.8] P5_CACHE_OFF_R1440_seq2: step 88 ELEVATED pairs=27514 evals=1268 398s
[597447.1] P5_CACHE_OFF_R1440_seq2: step 89 ELEVATED pairs=27394 evals=1284 402s
[597452.2] P5_CACHE_OFF_R1440_seq2: step 90 ELEVATED pairs=27248 evals=1300 407s
[597457.6] P5_CACHE_OFF_R1440_seq2: step 91 ELEVATED pairs=27092 evals=1316 413s
[597462.6] P5_CACHE_OFF_R1440_seq2: step 92 PREFIX_EVALUATED_NO_WINNER_DEFERRED pairs=27092 evals=1332 418s
[597467.7] P5_CACHE_OFF_R1440_seq2: step 93 ELEVATED pairs=26951 evals=1348 423s
[597472.7] P5_CACHE_OFF_R1440_seq2: step 94 PREFIX_EVALUATED_NO_WINNER_DEFERRED pairs=26951 evals=1364 428s
[597478.0] P5_CACHE_OFF_R1440_seq2: step 95 ELEVATED pairs=26895 evals=1380 433s
[597483.7] P5_CACHE_OFF_R1440_seq2: step 96 ELEVATED pairs=26781 evals=1396 439s
[597490.7] P5_CACHE_OFF_R1440_seq2: step 97 ELEVATED pairs=26690 evals=1412 446s
[597497.1] P5_CACHE_OFF_R1440_seq2: step 98 ELEVATED pairs=26525 evals=1428 452s
[597500.9] P5_CACHE_OFF_R1440_seq2: step 99 ELEVATED pairs=26437 evals=1440 456s
[597501.2] P5_CACHE_OFF_R1440_seq2: done final=26437 moves=90 first=90 reloc=0 ret=0 evals=1440 stop=CANDIDATE_BUDGET_EXHAUSTED
[597543.1] P5_CACHE_OFF_R1440_seq2: recheck PASS checks=130816
