[608646.8] PE_E_T2000_N720: start mode=N budget=720 spec={"name": "PE_E_T2000", "target_policy": "LEGACY", "evaluation_policy": "E2_ORDERED_K16", "traversal_policy": "BASE", "max_targets": 2000, "k_per_target": 16, "family_round_robin": false, "relocation_side_reserve": 0, "waiting_age": false, "route_coverage": false, "multi_anchor": true, "exact_dedup": false, "decision_cache": false, "return_action": false, "cache_structural_skips": false, "window_slack_mm": 1e-05, "generation_domain": "LINE_ONLY", "path_window_settings": null, "stage_length_cap_mm": null, "notes": ""}
[608646.8] PE_E_T2000_N720: start state=main C:\Users\lihao\Desktop\Graduation Project\OpticalWaveguideRouter3D\outputs\3d_strategy_v3\512_ablation\D_both_enabled pairs=42909
[608651.1] PE_E_T2000_N720: INITIAL_DONE pairs=42909
[608651.3] PE_E_T2000_N720: step 1 NO_CANDIDATES_GENERATED pairs=42909 evals=0 0s
[608651.4] PE_E_T2000_N720: step 2 NO_CANDIDATES_GENERATED pairs=42909 evals=0 0s
[608655.1] PE_E_T2000_N720: step 3 ELEVATED pairs=42648 evals=16 4s
[608655.2] PE_E_T2000_N720: step 4 NO_CANDIDATES_GENERATED pairs=42648 evals=16 4s
[608655.4] PE_E_T2000_N720: step 5 NO_CANDIDATES_GENERATED pairs=42648 evals=16 4s
[608658.7] PE_E_T2000_N720: step 6 ELEVATED pairs=42403 evals=25 7s
[608658.8] PE_E_T2000_N720: step 7 NO_CANDIDATES_GENERATED pairs=42403 evals=25 8s
[608659.0] PE_E_T2000_N720: step 8 NO_CANDIDATES_GENERATED pairs=42403 evals=25 8s
[608661.9] PE_E_T2000_N720: step 9 ELEVATED pairs=42161 evals=34 11s
[608662.0] PE_E_T2000_N720: step 10 NO_CANDIDATES_GENERATED pairs=42161 evals=34 11s
[608662.2] PE_E_T2000_N720: step 11 NO_CANDIDATES_GENERATED pairs=42161 evals=34 11s
[608665.0] PE_E_T2000_N720: step 12 ELEVATED pairs=41921 evals=43 14s
[608665.2] PE_E_T2000_N720: step 13 NO_CANDIDATES_GENERATED pairs=41921 evals=43 14s
[608665.4] PE_E_T2000_N720: step 14 NO_CANDIDATES_GENERATED pairs=41921 evals=43 14s
[608668.5] PE_E_T2000_N720: step 15 ELEVATED pairs=41683 evals=52 17s
[608668.7] PE_E_T2000_N720: step 16 NO_CANDIDATES_GENERATED pairs=41683 evals=52 17s
[608668.8] PE_E_T2000_N720: step 17 NO_CANDIDATES_GENERATED pairs=41683 evals=52 18s
[608675.6] PE_E_T2000_N720: step 18 ELEVATED pairs=41434 evals=68 24s
[608675.7] PE_E_T2000_N720: step 19 NO_CANDIDATES_GENERATED pairs=41434 evals=68 25s
[608675.8] PE_E_T2000_N720: step 20 NO_CANDIDATES_GENERATED pairs=41434 evals=68 25s
[608683.0] PE_E_T2000_N720: step 21 ELEVATED pairs=41184 evals=84 32s
[608683.1] PE_E_T2000_N720: step 22 NO_CANDIDATES_GENERATED pairs=41184 evals=84 32s
[608683.2] PE_E_T2000_N720: step 23 NO_CANDIDATES_GENERATED pairs=41184 evals=84 32s
[608690.7] PE_E_T2000_N720: step 24 ELEVATED pairs=40937 evals=100 39s
[608690.8] PE_E_T2000_N720: step 25 NO_CANDIDATES_GENERATED pairs=40937 evals=100 40s
[608691.0] PE_E_T2000_N720: step 26 NO_CANDIDATES_GENERATED pairs=40937 evals=100 40s
[608697.6] PE_E_T2000_N720: step 27 ELEVATED pairs=40689 evals=116 46s
[608697.8] PE_E_T2000_N720: step 28 NO_CANDIDATES_GENERATED pairs=40689 evals=116 47s
[608697.9] PE_E_T2000_N720: step 29 NO_CANDIDATES_GENERATED pairs=40689 evals=116 47s
[608703.6] PE_E_T2000_N720: step 30 ELEVATED pairs=40444 evals=132 52s
[608703.7] PE_E_T2000_N720: step 31 NO_CANDIDATES_GENERATED pairs=40444 evals=132 52s
[608703.8] PE_E_T2000_N720: step 32 NO_CANDIDATES_GENERATED pairs=40444 evals=132 53s
[608710.5] PE_E_T2000_N720: step 33 ELEVATED pairs=40198 evals=148 59s
[608710.6] PE_E_T2000_N720: step 34 NO_CANDIDATES_GENERATED pairs=40198 evals=148 59s
[608710.8] PE_E_T2000_N720: step 35 NO_CANDIDATES_GENERATED pairs=40198 evals=148 60s
[608716.1] PE_E_T2000_N720: step 36 ELEVATED pairs=39951 evals=164 65s
[608716.2] PE_E_T2000_N720: step 37 NO_CANDIDATES_GENERATED pairs=39951 evals=164 65s
[608716.3] PE_E_T2000_N720: step 38 NO_CANDIDATES_GENERATED pairs=39951 evals=164 65s
[608720.7] PE_E_T2000_N720: step 39 ELEVATED pairs=39725 evals=173 69s
[608720.9] PE_E_T2000_N720: step 40 NO_CANDIDATES_GENERATED pairs=39725 evals=173 70s
[608721.0] PE_E_T2000_N720: step 41 NO_CANDIDATES_GENERATED pairs=39725 evals=173 70s
[608725.4] PE_E_T2000_N720: step 42 ELEVATED pairs=39501 evals=182 74s
[608725.5] PE_E_T2000_N720: step 43 NO_CANDIDATES_GENERATED pairs=39501 evals=182 74s
[608725.7] PE_E_T2000_N720: step 44 NO_CANDIDATES_GENERATED pairs=39501 evals=182 74s
[608728.4] PE_E_T2000_N720: step 45 ELEVATED pairs=39283 evals=191 77s
[608728.6] PE_E_T2000_N720: step 46 NO_CANDIDATES_GENERATED pairs=39283 evals=191 77s
[608728.7] PE_E_T2000_N720: step 47 NO_CANDIDATES_GENERATED pairs=39283 evals=191 77s
[608734.3] PE_E_T2000_N720: step 48 ELEVATED pairs=39034 evals=207 83s
[608734.5] PE_E_T2000_N720: step 49 NO_CANDIDATES_GENERATED pairs=39034 evals=207 83s
[608734.6] PE_E_T2000_N720: step 50 NO_CANDIDATES_GENERATED pairs=39034 evals=207 83s
[608736.7] PE_E_T2000_N720: step 51 ELEVATED pairs=38813 evals=216 86s
[608736.9] PE_E_T2000_N720: step 52 NO_CANDIDATES_GENERATED pairs=38813 evals=216 86s
[608737.0] PE_E_T2000_N720: step 53 NO_CANDIDATES_GENERATED pairs=38813 evals=216 86s
[608740.4] PE_E_T2000_N720: step 54 ELEVATED pairs=38586 evals=232 89s
[608740.5] PE_E_T2000_N720: step 55 NO_CANDIDATES_GENERATED pairs=38586 evals=232 89s
[608740.6] PE_E_T2000_N720: step 56 NO_CANDIDATES_GENERATED pairs=38586 evals=232 89s
[608743.9] PE_E_T2000_N720: step 57 ELEVATED pairs=38370 evals=241 93s
[608744.0] PE_E_T2000_N720: step 58 NO_CANDIDATES_GENERATED pairs=38370 evals=241 93s
[608744.2] PE_E_T2000_N720: step 59 NO_CANDIDATES_GENERATED pairs=38370 evals=241 93s
[608750.0] PE_E_T2000_N720: step 60 ELEVATED pairs=38142 evals=257 99s
[608750.2] PE_E_T2000_N720: step 61 NO_CANDIDATES_GENERATED pairs=38142 evals=257 99s
[608750.3] PE_E_T2000_N720: step 62 NO_CANDIDATES_GENERATED pairs=38142 evals=257 99s
[608752.8] PE_E_T2000_N720: step 63 ELEVATED pairs=37928 evals=266 102s
[608753.0] PE_E_T2000_N720: step 64 NO_CANDIDATES_GENERATED pairs=37928 evals=266 102s
[608753.2] PE_E_T2000_N720: step 65 NO_CANDIDATES_GENERATED pairs=37928 evals=266 102s
[608758.8] PE_E_T2000_N720: step 66 ELEVATED pairs=37702 evals=282 108s
[608759.0] PE_E_T2000_N720: step 67 NO_CANDIDATES_GENERATED pairs=37702 evals=282 108s
[608759.1] PE_E_T2000_N720: step 68 NO_CANDIDATES_GENERATED pairs=37702 evals=282 108s
[608761.6] PE_E_T2000_N720: step 69 ELEVATED pairs=37490 evals=291 110s
[608761.8] PE_E_T2000_N720: step 70 NO_CANDIDATES_GENERATED pairs=37490 evals=291 111s
[608761.9] PE_E_T2000_N720: step 71 NO_CANDIDATES_GENERATED pairs=37490 evals=291 111s
[608767.5] PE_E_T2000_N720: step 72 ELEVATED pairs=37265 evals=307 116s
[608767.6] PE_E_T2000_N720: step 73 NO_CANDIDATES_GENERATED pairs=37265 evals=307 116s
[608767.8] PE_E_T2000_N720: step 74 NO_CANDIDATES_GENERATED pairs=37265 evals=307 117s
[608776.4] PE_E_T2000_N720: step 75 ELEVATED pairs=37052 evals=323 125s
[608776.5] PE_E_T2000_N720: step 76 NO_CANDIDATES_GENERATED pairs=37052 evals=323 125s
[608776.7] PE_E_T2000_N720: step 77 NO_CANDIDATES_GENERATED pairs=37052 evals=323 125s
[608779.9] PE_E_T2000_N720: step 78 ELEVATED pairs=36852 evals=332 129s
[608780.1] PE_E_T2000_N720: step 79 NO_CANDIDATES_GENERATED pairs=36852 evals=332 129s
[608780.2] PE_E_T2000_N720: step 80 NO_CANDIDATES_GENERATED pairs=36852 evals=332 129s
[608780.4] PE_E_T2000_N720: step 81 NO_CANDIDATES_GENERATED pairs=36852 evals=332 129s
[608788.5] PE_E_T2000_N720: step 82 ELEVATED pairs=36638 evals=348 137s
[608788.7] PE_E_T2000_N720: step 83 NO_CANDIDATES_GENERATED pairs=36638 evals=348 137s
[608788.8] PE_E_T2000_N720: step 84 NO_CANDIDATES_GENERATED pairs=36638 evals=348 138s
[608789.0] PE_E_T2000_N720: step 85 NO_CANDIDATES_GENERATED pairs=36638 evals=348 138s
[608795.6] PE_E_T2000_N720: step 86 ELEVATED pairs=36437 evals=364 144s
[608795.7] PE_E_T2000_N720: step 87 NO_CANDIDATES_GENERATED pairs=36437 evals=364 145s
[608795.9] PE_E_T2000_N720: step 88 NO_CANDIDATES_GENERATED pairs=36437 evals=364 145s
[608796.0] PE_E_T2000_N720: step 89 NO_CANDIDATES_GENERATED pairs=36437 evals=364 145s
[608796.2] PE_E_T2000_N720: step 90 NO_CANDIDATES_GENERATED pairs=36437 evals=364 145s
[608796.3] PE_E_T2000_N720: step 91 NO_CANDIDATES_GENERATED pairs=36437 evals=364 145s
[608802.1] PE_E_T2000_N720: step 92 ELEVATED pairs=36235 evals=380 151s
[608802.2] PE_E_T2000_N720: step 93 NO_CANDIDATES_GENERATED pairs=36235 evals=380 151s
[608802.3] PE_E_T2000_N720: step 94 NO_CANDIDATES_GENERATED pairs=36235 evals=380 151s
[608802.4] PE_E_T2000_N720: step 95 NO_CANDIDATES_GENERATED pairs=36235 evals=380 151s
[608802.6] PE_E_T2000_N720: step 96 NO_CANDIDATES_GENERATED pairs=36235 evals=380 151s
[608802.7] PE_E_T2000_N720: step 97 NO_CANDIDATES_GENERATED pairs=36235 evals=380 151s
[608806.5] PE_E_T2000_N720: step 98 ELEVATED pairs=36026 evals=396 155s
[608806.6] PE_E_T2000_N720: step 99 NO_CANDIDATES_GENERATED pairs=36026 evals=396 155s
[608806.8] PE_E_T2000_N720: step 100 NO_CANDIDATES_GENERATED pairs=36026 evals=396 156s
[608806.9] PE_E_T2000_N720: step 101 NO_CANDIDATES_GENERATED pairs=36026 evals=396 156s
[608807.0] PE_E_T2000_N720: step 102 NO_CANDIDATES_GENERATED pairs=36026 evals=396 156s
[608807.2] PE_E_T2000_N720: step 103 NO_CANDIDATES_GENERATED pairs=36026 evals=396 156s
[608811.4] PE_E_T2000_N720: step 104 ELEVATED pairs=35817 evals=412 160s
[608811.5] PE_E_T2000_N720: step 105 NO_CANDIDATES_GENERATED pairs=35817 evals=412 160s
[608811.6] PE_E_T2000_N720: step 106 NO_CANDIDATES_GENERATED pairs=35817 evals=412 160s
[608811.8] PE_E_T2000_N720: step 107 NO_CANDIDATES_GENERATED pairs=35817 evals=412 161s
[608811.9] PE_E_T2000_N720: step 108 NO_CANDIDATES_GENERATED pairs=35817 evals=412 161s
[608812.1] PE_E_T2000_N720: step 109 NO_CANDIDATES_GENERATED pairs=35817 evals=412 161s
[608819.3] PE_E_T2000_N720: step 110 ELEVATED pairs=35591 evals=428 168s
[608819.5] PE_E_T2000_N720: step 111 NO_CANDIDATES_GENERATED pairs=35591 evals=428 168s
[608819.6] PE_E_T2000_N720: step 112 NO_CANDIDATES_GENERATED pairs=35591 evals=428 168s
[608819.8] PE_E_T2000_N720: step 113 NO_CANDIDATES_GENERATED pairs=35591 evals=428 169s
[608820.0] PE_E_T2000_N720: step 114 NO_CANDIDATES_GENERATED pairs=35591 evals=428 169s
[608820.2] PE_E_T2000_N720: step 115 NO_CANDIDATES_GENERATED pairs=35591 evals=428 169s
[608829.0] PE_E_T2000_N720: step 116 ELEVATED pairs=35382 evals=444 178s
[608829.1] PE_E_T2000_N720: step 117 NO_CANDIDATES_GENERATED pairs=35382 evals=444 178s
[608829.3] PE_E_T2000_N720: step 118 NO_CANDIDATES_GENERATED pairs=35382 evals=444 178s
[608829.4] PE_E_T2000_N720: step 119 NO_CANDIDATES_GENERATED pairs=35382 evals=444 178s
[608829.6] PE_E_T2000_N720: step 120 NO_CANDIDATES_GENERATED pairs=35382 evals=444 178s
[608829.7] PE_E_T2000_N720: step 121 NO_CANDIDATES_GENERATED pairs=35382 evals=444 179s
[608836.0] PE_E_T2000_N720: step 122 ELEVATED pairs=35180 evals=460 185s
[608836.2] PE_E_T2000_N720: step 123 NO_CANDIDATES_GENERATED pairs=35180 evals=460 185s
[608836.3] PE_E_T2000_N720: step 124 NO_CANDIDATES_GENERATED pairs=35180 evals=460 185s
[608836.4] PE_E_T2000_N720: step 125 NO_CANDIDATES_GENERATED pairs=35180 evals=460 185s
[608836.6] PE_E_T2000_N720: step 126 NO_CANDIDATES_GENERATED pairs=35180 evals=460 185s
[608836.7] PE_E_T2000_N720: step 127 NO_CANDIDATES_GENERATED pairs=35180 evals=460 185s
[608844.2] PE_E_T2000_N720: step 128 ELEVATED pairs=34973 evals=476 193s
[608844.4] PE_E_T2000_N720: step 129 NO_CANDIDATES_GENERATED pairs=34973 evals=476 193s
[608844.5] PE_E_T2000_N720: step 130 NO_CANDIDATES_GENERATED pairs=34973 evals=476 193s
[608844.7] PE_E_T2000_N720: step 131 NO_CANDIDATES_GENERATED pairs=34973 evals=476 193s
[608844.8] PE_E_T2000_N720: step 132 NO_CANDIDATES_GENERATED pairs=34973 evals=476 194s
[608844.9] PE_E_T2000_N720: step 133 NO_CANDIDATES_GENERATED pairs=34973 evals=476 194s
[608850.8] PE_E_T2000_N720: step 134 ELEVATED pairs=34773 evals=492 200s
[608851.0] PE_E_T2000_N720: step 135 NO_CANDIDATES_GENERATED pairs=34773 evals=492 200s
[608851.1] PE_E_T2000_N720: step 136 NO_CANDIDATES_GENERATED pairs=34773 evals=492 200s
[608851.2] PE_E_T2000_N720: step 137 NO_CANDIDATES_GENERATED pairs=34773 evals=492 200s
[608851.4] PE_E_T2000_N720: step 138 NO_CANDIDATES_GENERATED pairs=34773 evals=492 200s
[608851.5] PE_E_T2000_N720: step 139 NO_CANDIDATES_GENERATED pairs=34773 evals=492 200s
[608858.9] PE_E_T2000_N720: step 140 ELEVATED pairs=34567 evals=508 208s
[608859.1] PE_E_T2000_N720: step 141 NO_CANDIDATES_GENERATED pairs=34567 evals=508 208s
[608859.2] PE_E_T2000_N720: step 142 NO_CANDIDATES_GENERATED pairs=34567 evals=508 208s
[608859.3] PE_E_T2000_N720: step 143 NO_CANDIDATES_GENERATED pairs=34567 evals=508 208s
[608859.5] PE_E_T2000_N720: step 144 NO_CANDIDATES_GENERATED pairs=34567 evals=508 208s
[608859.6] PE_E_T2000_N720: step 145 NO_CANDIDATES_GENERATED pairs=34567 evals=508 208s
[608865.3] PE_E_T2000_N720: step 146 ELEVATED pairs=34368 evals=524 214s
[608865.4] PE_E_T2000_N720: step 147 NO_CANDIDATES_GENERATED pairs=34368 evals=524 214s
[608865.6] PE_E_T2000_N720: step 148 NO_CANDIDATES_GENERATED pairs=34368 evals=524 214s
[608865.7] PE_E_T2000_N720: step 149 NO_CANDIDATES_GENERATED pairs=34368 evals=524 214s
[608865.8] PE_E_T2000_N720: step 150 NO_CANDIDATES_GENERATED pairs=34368 evals=524 215s
[608865.9] PE_E_T2000_N720: step 151 NO_CANDIDATES_GENERATED pairs=34368 evals=524 215s
[608873.1] PE_E_T2000_N720: step 152 ELEVATED pairs=34164 evals=540 222s
[608873.2] PE_E_T2000_N720: step 153 NO_CANDIDATES_GENERATED pairs=34164 evals=540 222s
[608873.4] PE_E_T2000_N720: step 154 NO_CANDIDATES_GENERATED pairs=34164 evals=540 222s
[608873.5] PE_E_T2000_N720: step 155 NO_CANDIDATES_GENERATED pairs=34164 evals=540 222s
[608873.6] PE_E_T2000_N720: step 156 NO_CANDIDATES_GENERATED pairs=34164 evals=540 222s
[608873.7] PE_E_T2000_N720: step 157 NO_CANDIDATES_GENERATED pairs=34164 evals=540 223s
[608879.4] PE_E_T2000_N720: step 158 ELEVATED pairs=33967 evals=556 228s
[608879.5] PE_E_T2000_N720: step 159 NO_CANDIDATES_GENERATED pairs=33967 evals=556 228s
[608879.7] PE_E_T2000_N720: step 160 NO_CANDIDATES_GENERATED pairs=33967 evals=556 228s
[608879.8] PE_E_T2000_N720: step 161 NO_CANDIDATES_GENERATED pairs=33967 evals=556 229s
[608879.9] PE_E_T2000_N720: step 162 NO_CANDIDATES_GENERATED pairs=33967 evals=556 229s
[608880.0] PE_E_T2000_N720: step 163 NO_CANDIDATES_GENERATED pairs=33967 evals=556 229s
[608888.4] PE_E_T2000_N720: step 164 ELEVATED pairs=33764 evals=572 237s
[608888.6] PE_E_T2000_N720: step 165 NO_CANDIDATES_GENERATED pairs=33764 evals=572 237s
[608888.7] PE_E_T2000_N720: step 166 NO_CANDIDATES_GENERATED pairs=33764 evals=572 238s
[608888.9] PE_E_T2000_N720: step 167 NO_CANDIDATES_GENERATED pairs=33764 evals=572 238s
[608889.1] PE_E_T2000_N720: step 168 NO_CANDIDATES_GENERATED pairs=33764 evals=572 238s
[608889.3] PE_E_T2000_N720: step 169 NO_CANDIDATES_GENERATED pairs=33764 evals=572 238s
[608896.4] PE_E_T2000_N720: step 170 ELEVATED pairs=33568 evals=588 245s
[608896.5] PE_E_T2000_N720: step 171 NO_CANDIDATES_GENERATED pairs=33568 evals=588 245s
[608896.7] PE_E_T2000_N720: step 172 NO_CANDIDATES_GENERATED pairs=33568 evals=588 245s
[608896.8] PE_E_T2000_N720: step 173 NO_CANDIDATES_GENERATED pairs=33568 evals=588 246s
[608897.0] PE_E_T2000_N720: step 174 NO_CANDIDATES_GENERATED pairs=33568 evals=588 246s
[608897.1] PE_E_T2000_N720: step 175 NO_CANDIDATES_GENERATED pairs=33568 evals=588 246s
[608906.3] PE_E_T2000_N720: step 176 ELEVATED pairs=33367 evals=604 255s
[608906.5] PE_E_T2000_N720: step 177 NO_CANDIDATES_GENERATED pairs=33367 evals=604 255s
[608906.6] PE_E_T2000_N720: step 178 NO_CANDIDATES_GENERATED pairs=33367 evals=604 255s
[608906.8] PE_E_T2000_N720: step 179 NO_CANDIDATES_GENERATED pairs=33367 evals=604 256s
[608906.9] PE_E_T2000_N720: step 180 NO_CANDIDATES_GENERATED pairs=33367 evals=604 256s
[608907.1] PE_E_T2000_N720: step 181 NO_CANDIDATES_GENERATED pairs=33367 evals=604 256s
[608916.0] PE_E_T2000_N720: step 182 ELEVATED pairs=33167 evals=620 265s
[608916.2] PE_E_T2000_N720: step 183 NO_CANDIDATES_GENERATED pairs=33167 evals=620 265s
[608916.4] PE_E_T2000_N720: step 184 NO_CANDIDATES_GENERATED pairs=33167 evals=620 265s
[608916.5] PE_E_T2000_N720: step 185 NO_CANDIDATES_GENERATED pairs=33167 evals=620 265s
[608916.7] PE_E_T2000_N720: step 186 NO_CANDIDATES_GENERATED pairs=33167 evals=620 265s
[608916.8] PE_E_T2000_N720: step 187 NO_CANDIDATES_GENERATED pairs=33167 evals=620 266s
[608923.3] PE_E_T2000_N720: step 188 ELEVATED pairs=32960 evals=636 272s
[608923.5] PE_E_T2000_N720: step 189 NO_CANDIDATES_GENERATED pairs=32960 evals=636 272s
[608923.7] PE_E_T2000_N720: step 190 NO_CANDIDATES_GENERATED pairs=32960 evals=636 272s
[608923.8] PE_E_T2000_N720: step 191 NO_CANDIDATES_GENERATED pairs=32960 evals=636 273s
[608924.0] PE_E_T2000_N720: step 192 NO_CANDIDATES_GENERATED pairs=32960 evals=636 273s
[608924.2] PE_E_T2000_N720: step 193 NO_CANDIDATES_GENERATED pairs=32960 evals=636 273s
[608933.7] PE_E_T2000_N720: step 194 ELEVATED pairs=32762 evals=652 282s
[608933.8] PE_E_T2000_N720: step 195 NO_CANDIDATES_GENERATED pairs=32762 evals=652 283s
[608934.0] PE_E_T2000_N720: step 196 NO_CANDIDATES_GENERATED pairs=32762 evals=652 283s
[608934.1] PE_E_T2000_N720: step 197 NO_CANDIDATES_GENERATED pairs=32762 evals=652 283s
[608934.3] PE_E_T2000_N720: step 198 NO_CANDIDATES_GENERATED pairs=32762 evals=652 283s
[608934.4] PE_E_T2000_N720: step 199 NO_CANDIDATES_GENERATED pairs=32762 evals=652 283s
[608942.4] PE_E_T2000_N720: step 200 ELEVATED pairs=32565 evals=668 291s
[608942.5] PE_E_T2000_N720: step 201 NO_CANDIDATES_GENERATED pairs=32565 evals=668 291s
[608942.6] PE_E_T2000_N720: step 202 NO_CANDIDATES_GENERATED pairs=32565 evals=668 291s
[608942.8] PE_E_T2000_N720: step 203 NO_CANDIDATES_GENERATED pairs=32565 evals=668 292s
[608942.9] PE_E_T2000_N720: step 204 NO_CANDIDATES_GENERATED pairs=32565 evals=668 292s
[608943.0] PE_E_T2000_N720: step 205 NO_CANDIDATES_GENERATED pairs=32565 evals=668 292s
[608949.4] PE_E_T2000_N720: step 206 ELEVATED pairs=32369 evals=684 298s
[608949.5] PE_E_T2000_N720: step 207 NO_CANDIDATES_GENERATED pairs=32369 evals=684 298s
[608949.7] PE_E_T2000_N720: step 208 NO_CANDIDATES_GENERATED pairs=32369 evals=684 298s
[608949.8] PE_E_T2000_N720: step 209 NO_CANDIDATES_GENERATED pairs=32369 evals=684 299s
[608949.9] PE_E_T2000_N720: step 210 NO_CANDIDATES_GENERATED pairs=32369 evals=684 299s
[608950.1] PE_E_T2000_N720: step 211 NO_CANDIDATES_GENERATED pairs=32369 evals=684 299s
[608958.1] PE_E_T2000_N720: step 212 ELEVATED pairs=32174 evals=700 307s
[608958.2] PE_E_T2000_N720: step 213 NO_CANDIDATES_GENERATED pairs=32174 evals=700 307s
[608958.3] PE_E_T2000_N720: step 214 NO_CANDIDATES_GENERATED pairs=32174 evals=700 307s
[608958.5] PE_E_T2000_N720: step 215 NO_CANDIDATES_GENERATED pairs=32174 evals=700 307s
[608958.6] PE_E_T2000_N720: step 216 NO_CANDIDATES_GENERATED pairs=32174 evals=700 307s
[608958.8] PE_E_T2000_N720: step 217 NO_CANDIDATES_GENERATED pairs=32174 evals=700 308s
[608966.4] PE_E_T2000_N720: step 218 ELEVATED pairs=31951 evals=716 315s
[608966.5] PE_E_T2000_N720: step 219 NO_CANDIDATES_GENERATED pairs=31951 evals=716 315s
[608966.7] PE_E_T2000_N720: step 220 NO_CANDIDATES_GENERATED pairs=31951 evals=716 315s
[608966.8] PE_E_T2000_N720: step 221 NO_CANDIDATES_GENERATED pairs=31951 evals=716 316s
[608966.9] PE_E_T2000_N720: step 222 NO_CANDIDATES_GENERATED pairs=31951 evals=716 316s
[608967.1] PE_E_T2000_N720: step 223 NO_CANDIDATES_GENERATED pairs=31951 evals=716 316s
[608968.0] PE_E_T2000_N720: step 224 ELEVATED pairs=31785 evals=720 317s
[608968.4] PE_E_T2000_N720: done final=31785 moves=51 first=51 reloc=0 ret=0 evals=720 stop=CANDIDATE_BUDGET_EXHAUSTED
[609005.8] PE_E_T2000_N720: recheck PASS checks=130816
