[601473.1] P4_BASE_E2_CAP24_N2880: start mode=N budget=2880 spec={"name": "P4_BASE_E2_CAP24", "target_policy": "LEGACY", "evaluation_policy": "E2_ORDERED_K16", "traversal_policy": "BASE", "max_targets": 2000, "k_per_target": 16, "family_round_robin": false, "relocation_side_reserve": 0, "waiting_age": false, "route_coverage": false, "multi_anchor": false, "exact_dedup": false, "decision_cache": false, "return_action": false, "cache_structural_skips": false, "window_slack_mm": 1e-05, "generation_domain": "LINE_ONLY", "path_window_settings": null, "stage_length_cap_mm": 24.0, "notes": ""}
[601473.1] P4_BASE_E2_CAP24_N2880: start state=main C:\Users\lihao\Desktop\Graduation Project\OpticalWaveguideRouter3D\outputs\3d_strategy_v3\512_ablation\D_both_enabled pairs=42909
[601477.0] P4_BASE_E2_CAP24_N2880: INITIAL_DONE pairs=42909
[601477.2] P4_BASE_E2_CAP24_N2880: step 1 NO_CANDIDATES_GENERATED pairs=42909 evals=0 0s
[601477.3] P4_BASE_E2_CAP24_N2880: step 2 NO_CANDIDATES_GENERATED pairs=42909 evals=0 0s
[601483.1] P4_BASE_E2_CAP24_N2880: step 3 ELEVATED pairs=42661 evals=16 6s
[601493.5] P4_BASE_E2_CAP24_N2880: step 4 ELEVATED pairs=42487 evals=32 16s
[601501.9] P4_BASE_E2_CAP24_N2880: step 5 ELEVATED pairs=42305 evals=48 25s
[601510.3] P4_BASE_E2_CAP24_N2880: step 6 ELEVATED pairs=42121 evals=64 33s
[601518.9] P4_BASE_E2_CAP24_N2880: step 7 ELEVATED pairs=41936 evals=80 42s
[601525.0] P4_BASE_E2_CAP24_N2880: step 8 ELEVATED pairs=41680 evals=96 48s
[601534.8] P4_BASE_E2_CAP24_N2880: step 9 ELEVATED pairs=41486 evals=112 58s
[601541.1] P4_BASE_E2_CAP24_N2880: step 10 ELEVATED pairs=41225 evals=128 64s
[601553.7] P4_BASE_E2_CAP24_N2880: step 11 ELEVATED pairs=41046 evals=144 77s
[601566.8] P4_BASE_E2_CAP24_N2880: step 12 ELEVATED pairs=40867 evals=160 90s
[601572.8] P4_BASE_E2_CAP24_N2880: step 13 ELEVATED pairs=40628 evals=176 96s
[601581.9] P4_BASE_E2_CAP24_N2880: step 14 ELEVATED pairs=40377 evals=192 105s
[601588.2] P4_BASE_E2_CAP24_N2880: step 15 ELEVATED pairs=40136 evals=208 111s
[601597.2] P4_BASE_E2_CAP24_N2880: step 16 ELEVATED pairs=39887 evals=224 120s
[601606.1] P4_BASE_E2_CAP24_N2880: step 17 ELEVATED pairs=39640 evals=240 129s
[601614.8] P4_BASE_E2_CAP24_N2880: step 18 ELEVATED pairs=39399 evals=256 138s
[601624.0] P4_BASE_E2_CAP24_N2880: step 19 ELEVATED pairs=39175 evals=272 147s
[601633.6] P4_BASE_E2_CAP24_N2880: step 20 ELEVATED pairs=38969 evals=288 157s
[601646.1] P4_BASE_E2_CAP24_N2880: step 21 ELEVATED pairs=38811 evals=304 169s
[601655.1] P4_BASE_E2_CAP24_N2880: step 22 ELEVATED pairs=38668 evals=320 178s
[601663.3] P4_BASE_E2_CAP24_N2880: step 23 ELEVATED pairs=38466 evals=336 186s
[601671.7] P4_BASE_E2_CAP24_N2880: step 24 ELEVATED pairs=38332 evals=352 195s
[601678.8] P4_BASE_E2_CAP24_N2880: step 25 ELEVATED pairs=38108 evals=368 202s
[601687.9] P4_BASE_E2_CAP24_N2880: step 26 ELEVATED pairs=37974 evals=384 211s
[601695.6] P4_BASE_E2_CAP24_N2880: step 27 ELEVATED pairs=37771 evals=400 218s
[601702.4] P4_BASE_E2_CAP24_N2880: step 28 ELEVATED pairs=37568 evals=416 225s
[601707.9] P4_BASE_E2_CAP24_N2880: step 29 ELEVATED pairs=37338 evals=432 231s
[601713.4] P4_BASE_E2_CAP24_N2880: step 30 ELEVATED pairs=37110 evals=448 236s
[601721.7] P4_BASE_E2_CAP24_N2880: step 31 ELEVATED pairs=36910 evals=464 245s
[601728.0] P4_BASE_E2_CAP24_N2880: step 32 ELEVATED pairs=36684 evals=480 251s
[601736.2] P4_BASE_E2_CAP24_N2880: step 33 ELEVATED pairs=36466 evals=496 259s
[601744.0] P4_BASE_E2_CAP24_N2880: step 34 ELEVATED pairs=36269 evals=512 267s
[601757.6] P4_BASE_E2_CAP24_N2880: step 35 ELEVATED pairs=36073 evals=528 281s
[601767.2] P4_BASE_E2_CAP24_N2880: step 36 ELEVATED pairs=35887 evals=544 290s
[601775.3] P4_BASE_E2_CAP24_N2880: step 37 ELEVATED pairs=35774 evals=560 298s
[601784.3] P4_BASE_E2_CAP24_N2880: step 38 ELEVATED pairs=35543 evals=576 307s
[601791.5] P4_BASE_E2_CAP24_N2880: step 39 ELEVATED pairs=35343 evals=592 314s
[601800.2] P4_BASE_E2_CAP24_N2880: step 40 ELEVATED pairs=35138 evals=608 323s
[601800.4] P4_BASE_E2_CAP24_N2880: step 41 NO_CANDIDATES_GENERATED pairs=35138 evals=608 323s
[601800.5] P4_BASE_E2_CAP24_N2880: step 42 NO_CANDIDATES_GENERATED pairs=35138 evals=608 323s
[601809.5] P4_BASE_E2_CAP24_N2880: step 43 ELEVATED pairs=34935 evals=624 332s
[601818.7] P4_BASE_E2_CAP24_N2880: step 44 ELEVATED pairs=34734 evals=640 342s
[601825.2] P4_BASE_E2_CAP24_N2880: step 45 ELEVATED pairs=34539 evals=656 348s
[601834.9] P4_BASE_E2_CAP24_N2880: step 46 ELEVATED pairs=34340 evals=672 358s
[601844.7] P4_BASE_E2_CAP24_N2880: step 47 ELEVATED pairs=34143 evals=688 368s
[601853.6] P4_BASE_E2_CAP24_N2880: step 48 ELEVATED pairs=33933 evals=704 377s
[601864.3] P4_BASE_E2_CAP24_N2880: step 49 ELEVATED pairs=33738 evals=720 387s
[601873.0] P4_BASE_E2_CAP24_N2880: step 50 ELEVATED pairs=33530 evals=736 396s
[601880.4] P4_BASE_E2_CAP24_N2880: step 51 ELEVATED pairs=33326 evals=752 403s
[601891.9] P4_BASE_E2_CAP24_N2880: step 52 ELEVATED pairs=33133 evals=768 415s
[601900.6] P4_BASE_E2_CAP24_N2880: step 53 ELEVATED pairs=32926 evals=784 423s
[601912.2] P4_BASE_E2_CAP24_N2880: step 54 ELEVATED pairs=32735 evals=800 435s
[601921.0] P4_BASE_E2_CAP24_N2880: step 55 ELEVATED pairs=32530 evals=816 444s
[601933.1] P4_BASE_E2_CAP24_N2880: step 56 ELEVATED pairs=32341 evals=832 456s
[601942.0] P4_BASE_E2_CAP24_N2880: step 57 ELEVATED pairs=32137 evals=848 465s
[601954.3] P4_BASE_E2_CAP24_N2880: step 58 ELEVATED pairs=31950 evals=864 477s
[601960.1] P4_BASE_E2_CAP24_N2880: step 59 ELEVATED pairs=31792 evals=880 483s
[601969.0] P4_BASE_E2_CAP24_N2880: step 60 ELEVATED pairs=31590 evals=896 492s
[601977.8] P4_BASE_E2_CAP24_N2880: step 61 ELEVATED pairs=31389 evals=912 501s
[601985.8] P4_BASE_E2_CAP24_N2880: step 62 ELEVATED pairs=31226 evals=928 509s
[601994.8] P4_BASE_E2_CAP24_N2880: step 63 ELEVATED pairs=31027 evals=944 518s
[602003.6] P4_BASE_E2_CAP24_N2880: step 64 ELEVATED pairs=30829 evals=960 527s
[602003.8] P4_BASE_E2_CAP24_N2880: step 65 NO_CANDIDATES_GENERATED pairs=30829 evals=960 527s
[602003.9] P4_BASE_E2_CAP24_N2880: step 66 NO_CANDIDATES_GENERATED pairs=30829 evals=960 527s
[602004.1] P4_BASE_E2_CAP24_N2880: step 67 NO_CANDIDATES_GENERATED pairs=30829 evals=960 527s
[602013.4] P4_BASE_E2_CAP24_N2880: step 68 ELEVATED pairs=30633 evals=976 536s
[602021.2] P4_BASE_E2_CAP24_N2880: step 69 ELEVATED pairs=30481 evals=992 544s
[602028.7] P4_BASE_E2_CAP24_N2880: step 70 ELEVATED pairs=30367 evals=1008 552s
[602038.1] P4_BASE_E2_CAP24_N2880: step 71 ELEVATED pairs=30214 evals=1024 561s
[602044.3] P4_BASE_E2_CAP24_N2880: step 72 ELEVATED pairs=30030 evals=1033 567s
[602053.2] P4_BASE_E2_CAP24_N2880: step 73 ELEVATED pairs=29879 evals=1049 576s
[602059.5] P4_BASE_E2_CAP24_N2880: step 74 ELEVATED pairs=29697 evals=1058 582s
[602068.4] P4_BASE_E2_CAP24_N2880: step 75 ELEVATED pairs=29548 evals=1074 591s
[602074.5] P4_BASE_E2_CAP24_N2880: step 76 ELEVATED pairs=29368 evals=1083 597s
[602080.3] P4_BASE_E2_CAP24_N2880: step 77 ELEVATED pairs=29190 evals=1092 603s
[602096.2] P4_BASE_E2_CAP24_N2880: step 78 ELEVATED pairs=28961 evals=1108 619s
[602099.2] P4_BASE_E2_CAP24_N2880: step 79 PREFIX_EVALUATED_NO_WINNER_DEFERRED pairs=28961 evals=1124 622s
[602102.2] P4_BASE_E2_CAP24_N2880: step 80 PREFIX_EVALUATED_NO_WINNER_DEFERRED pairs=28961 evals=1140 625s
[602105.2] P4_BASE_E2_CAP24_N2880: step 81 PREFIX_EVALUATED_NO_WINNER_DEFERRED pairs=28961 evals=1156 628s
[602108.2] P4_BASE_E2_CAP24_N2880: step 82 PREFIX_EVALUATED_NO_WINNER_DEFERRED pairs=28961 evals=1172 631s
[602110.6] P4_BASE_E2_CAP24_N2880: step 83 PREFIX_EVALUATED_NO_WINNER_DEFERRED pairs=28961 evals=1188 633s
[602112.8] P4_BASE_E2_CAP24_N2880: step 84 PREFIX_EVALUATED_NO_WINNER_DEFERRED pairs=28961 evals=1204 636s
[602115.1] P4_BASE_E2_CAP24_N2880: step 85 PREFIX_EVALUATED_NO_WINNER_DEFERRED pairs=28961 evals=1220 638s
[602117.4] P4_BASE_E2_CAP24_N2880: step 86 PREFIX_EVALUATED_NO_WINNER_DEFERRED pairs=28961 evals=1236 640s
[602119.7] P4_BASE_E2_CAP24_N2880: step 87 PREFIX_EVALUATED_NO_WINNER_DEFERRED pairs=28961 evals=1252 643s
[602121.9] P4_BASE_E2_CAP24_N2880: step 88 PREFIX_EVALUATED_NO_WINNER_DEFERRED pairs=28961 evals=1268 645s
[602124.3] P4_BASE_E2_CAP24_N2880: step 89 PREFIX_EVALUATED_NO_WINNER_DEFERRED pairs=28961 evals=1284 647s
[602126.5] P4_BASE_E2_CAP24_N2880: step 90 PREFIX_EVALUATED_NO_WINNER_DEFERRED pairs=28961 evals=1300 649s
[602128.9] P4_BASE_E2_CAP24_N2880: step 91 PREFIX_EVALUATED_NO_WINNER_DEFERRED pairs=28961 evals=1316 652s
[602131.2] P4_BASE_E2_CAP24_N2880: step 92 PREFIX_EVALUATED_NO_WINNER_DEFERRED pairs=28961 evals=1332 654s
[602133.5] P4_BASE_E2_CAP24_N2880: step 93 PREFIX_EVALUATED_NO_WINNER_DEFERRED pairs=28961 evals=1348 656s
[602135.8] P4_BASE_E2_CAP24_N2880: step 94 PREFIX_EVALUATED_NO_WINNER_DEFERRED pairs=28961 evals=1364 659s
[602138.0] P4_BASE_E2_CAP24_N2880: step 95 PREFIX_EVALUATED_NO_WINNER_DEFERRED pairs=28961 evals=1380 661s
[602140.4] P4_BASE_E2_CAP24_N2880: step 96 PREFIX_EVALUATED_NO_WINNER_DEFERRED pairs=28961 evals=1396 663s
[602142.6] P4_BASE_E2_CAP24_N2880: step 97 PREFIX_EVALUATED_NO_WINNER_DEFERRED pairs=28961 evals=1412 666s
[602144.8] P4_BASE_E2_CAP24_N2880: step 98 PREFIX_EVALUATED_NO_WINNER_DEFERRED pairs=28961 evals=1428 668s
[602147.1] P4_BASE_E2_CAP24_N2880: step 99 PREFIX_EVALUATED_NO_WINNER_DEFERRED pairs=28961 evals=1444 670s
[602150.1] P4_BASE_E2_CAP24_N2880: step 100 PREFIX_EVALUATED_NO_WINNER_DEFERRED pairs=28961 evals=1460 673s
[602153.0] P4_BASE_E2_CAP24_N2880: step 101 PREFIX_EVALUATED_NO_WINNER_DEFERRED pairs=28961 evals=1476 676s
[602156.0] P4_BASE_E2_CAP24_N2880: step 102 PREFIX_EVALUATED_NO_WINNER_DEFERRED pairs=28961 evals=1492 679s
[602158.9] P4_BASE_E2_CAP24_N2880: step 103 PREFIX_EVALUATED_NO_WINNER_DEFERRED pairs=28961 evals=1508 682s
[602161.9] P4_BASE_E2_CAP24_N2880: step 104 PREFIX_EVALUATED_NO_WINNER_DEFERRED pairs=28961 evals=1524 685s
[602164.8] P4_BASE_E2_CAP24_N2880: step 105 PREFIX_EVALUATED_NO_WINNER_DEFERRED pairs=28961 evals=1540 688s
[602167.8] P4_BASE_E2_CAP24_N2880: step 106 PREFIX_EVALUATED_NO_WINNER_DEFERRED pairs=28961 evals=1556 691s
[602170.1] P4_BASE_E2_CAP24_N2880: step 107 PREFIX_EVALUATED_NO_WINNER_DEFERRED pairs=28961 evals=1572 693s
[602172.4] P4_BASE_E2_CAP24_N2880: step 108 PREFIX_EVALUATED_NO_WINNER_DEFERRED pairs=28961 evals=1588 695s
[602174.7] P4_BASE_E2_CAP24_N2880: step 109 PREFIX_EVALUATED_NO_WINNER_DEFERRED pairs=28961 evals=1604 698s
[602177.0] P4_BASE_E2_CAP24_N2880: step 110 PREFIX_EVALUATED_NO_WINNER_DEFERRED pairs=28961 evals=1620 700s
[602179.5] P4_BASE_E2_CAP24_N2880: step 111 PREFIX_EVALUATED_NO_WINNER_DEFERRED pairs=28961 evals=1636 702s
[602181.6] P4_BASE_E2_CAP24_N2880: step 112 PREFIX_EVALUATED_NO_WINNER_DEFERRED pairs=28961 evals=1652 704s
[602184.0] P4_BASE_E2_CAP24_N2880: step 113 PREFIX_EVALUATED_NO_WINNER_DEFERRED pairs=28961 evals=1668 707s
[602185.5] P4_BASE_E2_CAP24_N2880: step 114 ALL_CANDIDATES_REJECTED pairs=28961 evals=1677 708s
[602187.9] P4_BASE_E2_CAP24_N2880: step 115 PREFIX_EVALUATED_NO_WINNER_DEFERRED pairs=28961 evals=1693 711s
[602190.3] P4_BASE_E2_CAP24_N2880: step 116 PREFIX_EVALUATED_NO_WINNER_DEFERRED pairs=28961 evals=1709 713s
[602192.8] P4_BASE_E2_CAP24_N2880: step 117 PREFIX_EVALUATED_NO_WINNER_DEFERRED pairs=28961 evals=1725 716s
[602195.4] P4_BASE_E2_CAP24_N2880: step 118 PREFIX_EVALUATED_NO_WINNER_DEFERRED pairs=28961 evals=1741 718s
[602197.8] P4_BASE_E2_CAP24_N2880: step 119 PREFIX_EVALUATED_NO_WINNER_DEFERRED pairs=28961 evals=1757 721s
[602200.0] P4_BASE_E2_CAP24_N2880: step 120 PREFIX_EVALUATED_NO_WINNER_DEFERRED pairs=28961 evals=1773 723s
[602202.8] P4_BASE_E2_CAP24_N2880: step 121 PREFIX_EVALUATED_NO_WINNER_DEFERRED pairs=28961 evals=1789 726s
[602205.6] P4_BASE_E2_CAP24_N2880: step 122 PREFIX_EVALUATED_NO_WINNER_DEFERRED pairs=28961 evals=1805 729s
[602208.1] P4_BASE_E2_CAP24_N2880: step 123 PREFIX_EVALUATED_NO_WINNER_DEFERRED pairs=28961 evals=1821 731s
[602210.5] P4_BASE_E2_CAP24_N2880: step 124 PREFIX_EVALUATED_NO_WINNER_DEFERRED pairs=28961 evals=1837 733s
[602212.9] P4_BASE_E2_CAP24_N2880: step 125 PREFIX_EVALUATED_NO_WINNER_DEFERRED pairs=28961 evals=1853 736s
[602215.2] P4_BASE_E2_CAP24_N2880: step 126 PREFIX_EVALUATED_NO_WINNER_DEFERRED pairs=28961 evals=1869 738s
[602217.8] P4_BASE_E2_CAP24_N2880: step 127 PREFIX_EVALUATED_NO_WINNER_DEFERRED pairs=28961 evals=1885 741s
[602220.4] P4_BASE_E2_CAP24_N2880: step 128 PREFIX_EVALUATED_NO_WINNER_DEFERRED pairs=28961 evals=1901 743s
[602222.8] P4_BASE_E2_CAP24_N2880: step 129 PREFIX_EVALUATED_NO_WINNER_DEFERRED pairs=28961 evals=1917 746s
[602225.0] P4_BASE_E2_CAP24_N2880: step 130 PREFIX_EVALUATED_NO_WINNER_DEFERRED pairs=28961 evals=1933 748s
[602227.8] P4_BASE_E2_CAP24_N2880: step 131 PREFIX_EVALUATED_NO_WINNER_DEFERRED pairs=28961 evals=1949 751s
[602230.5] P4_BASE_E2_CAP24_N2880: step 132 PREFIX_EVALUATED_NO_WINNER_DEFERRED pairs=28961 evals=1965 753s
[602233.3] P4_BASE_E2_CAP24_N2880: step 133 PREFIX_EVALUATED_NO_WINNER_DEFERRED pairs=28961 evals=1981 756s
[602236.0] P4_BASE_E2_CAP24_N2880: step 134 PREFIX_EVALUATED_NO_WINNER_DEFERRED pairs=28961 evals=1997 759s
[602238.2] P4_BASE_E2_CAP24_N2880: step 135 PREFIX_EVALUATED_NO_WINNER_DEFERRED pairs=28961 evals=2013 761s
[602240.7] P4_BASE_E2_CAP24_N2880: step 136 PREFIX_EVALUATED_NO_WINNER_DEFERRED pairs=28961 evals=2029 764s
[602242.9] P4_BASE_E2_CAP24_N2880: step 137 PREFIX_EVALUATED_NO_WINNER_DEFERRED pairs=28961 evals=2045 766s
[602245.9] P4_BASE_E2_CAP24_N2880: step 138 PREFIX_EVALUATED_NO_WINNER_DEFERRED pairs=28961 evals=2061 769s
[602249.0] P4_BASE_E2_CAP24_N2880: step 139 PREFIX_EVALUATED_NO_WINNER_DEFERRED pairs=28961 evals=2077 772s
[602252.1] P4_BASE_E2_CAP24_N2880: step 140 PREFIX_EVALUATED_NO_WINNER_DEFERRED pairs=28961 evals=2093 775s
[602254.5] P4_BASE_E2_CAP24_N2880: step 141 PREFIX_EVALUATED_NO_WINNER_DEFERRED pairs=28961 evals=2109 777s
[602256.8] P4_BASE_E2_CAP24_N2880: step 142 PREFIX_EVALUATED_NO_WINNER_DEFERRED pairs=28961 evals=2125 780s
[602259.0] P4_BASE_E2_CAP24_N2880: step 143 PREFIX_EVALUATED_NO_WINNER_DEFERRED pairs=28961 evals=2141 782s
[602261.4] P4_BASE_E2_CAP24_N2880: step 144 PREFIX_EVALUATED_NO_WINNER_DEFERRED pairs=28961 evals=2157 784s
[602263.8] P4_BASE_E2_CAP24_N2880: step 145 PREFIX_EVALUATED_NO_WINNER_DEFERRED pairs=28961 evals=2173 787s
[602266.0] P4_BASE_E2_CAP24_N2880: step 146 PREFIX_EVALUATED_NO_WINNER_DEFERRED pairs=28961 evals=2189 789s
[602268.4] P4_BASE_E2_CAP24_N2880: step 147 PREFIX_EVALUATED_NO_WINNER_DEFERRED pairs=28961 evals=2205 791s
[602270.7] P4_BASE_E2_CAP24_N2880: step 148 PREFIX_EVALUATED_NO_WINNER_DEFERRED pairs=28961 evals=2221 794s
[602273.0] P4_BASE_E2_CAP24_N2880: step 149 PREFIX_EVALUATED_NO_WINNER_DEFERRED pairs=28961 evals=2237 796s
[602275.2] P4_BASE_E2_CAP24_N2880: step 150 PREFIX_EVALUATED_NO_WINNER_DEFERRED pairs=28961 evals=2253 798s
[602277.4] P4_BASE_E2_CAP24_N2880: step 151 PREFIX_EVALUATED_NO_WINNER_DEFERRED pairs=28961 evals=2269 800s
[602279.7] P4_BASE_E2_CAP24_N2880: step 152 PREFIX_EVALUATED_NO_WINNER_DEFERRED pairs=28961 evals=2285 803s
[602281.8] P4_BASE_E2_CAP24_N2880: step 153 PREFIX_EVALUATED_NO_WINNER_DEFERRED pairs=28961 evals=2301 805s
[602284.1] P4_BASE_E2_CAP24_N2880: step 154 PREFIX_EVALUATED_NO_WINNER_DEFERRED pairs=28961 evals=2317 807s
[602286.6] P4_BASE_E2_CAP24_N2880: step 155 PREFIX_EVALUATED_NO_WINNER_DEFERRED pairs=28961 evals=2333 810s
[602289.0] P4_BASE_E2_CAP24_N2880: step 156 PREFIX_EVALUATED_NO_WINNER_DEFERRED pairs=28961 evals=2349 812s
[602291.4] P4_BASE_E2_CAP24_N2880: step 157 PREFIX_EVALUATED_NO_WINNER_DEFERRED pairs=28961 evals=2365 814s
[602293.7] P4_BASE_E2_CAP24_N2880: step 158 PREFIX_EVALUATED_NO_WINNER_DEFERRED pairs=28961 evals=2381 817s
[602296.0] P4_BASE_E2_CAP24_N2880: step 159 PREFIX_EVALUATED_NO_WINNER_DEFERRED pairs=28961 evals=2397 819s
[602298.3] P4_BASE_E2_CAP24_N2880: step 160 PREFIX_EVALUATED_NO_WINNER_DEFERRED pairs=28961 evals=2413 821s
[602300.7] P4_BASE_E2_CAP24_N2880: step 161 PREFIX_EVALUATED_NO_WINNER_DEFERRED pairs=28961 evals=2429 824s
[602302.9] P4_BASE_E2_CAP24_N2880: step 162 PREFIX_EVALUATED_NO_WINNER_DEFERRED pairs=28961 evals=2445 826s
[602305.2] P4_BASE_E2_CAP24_N2880: step 163 PREFIX_EVALUATED_NO_WINNER_DEFERRED pairs=28961 evals=2461 828s
[602307.5] P4_BASE_E2_CAP24_N2880: step 164 PREFIX_EVALUATED_NO_WINNER_DEFERRED pairs=28961 evals=2477 830s
[602309.9] P4_BASE_E2_CAP24_N2880: step 165 PREFIX_EVALUATED_NO_WINNER_DEFERRED pairs=28961 evals=2493 833s
[602312.2] P4_BASE_E2_CAP24_N2880: step 166 PREFIX_EVALUATED_NO_WINNER_DEFERRED pairs=28961 evals=2509 835s
[602314.5] P4_BASE_E2_CAP24_N2880: step 167 PREFIX_EVALUATED_NO_WINNER_DEFERRED pairs=28961 evals=2525 837s
[602316.7] P4_BASE_E2_CAP24_N2880: step 168 PREFIX_EVALUATED_NO_WINNER_DEFERRED pairs=28961 evals=2541 840s
[602319.0] P4_BASE_E2_CAP24_N2880: step 169 PREFIX_EVALUATED_NO_WINNER_DEFERRED pairs=28961 evals=2557 842s
[602322.0] P4_BASE_E2_CAP24_N2880: step 170 PREFIX_EVALUATED_NO_WINNER_DEFERRED pairs=28961 evals=2573 845s
[602325.1] P4_BASE_E2_CAP24_N2880: step 171 PREFIX_EVALUATED_NO_WINNER_DEFERRED pairs=28961 evals=2589 848s
[602328.1] P4_BASE_E2_CAP24_N2880: step 172 PREFIX_EVALUATED_NO_WINNER_DEFERRED pairs=28961 evals=2605 851s
[602331.1] P4_BASE_E2_CAP24_N2880: step 173 PREFIX_EVALUATED_NO_WINNER_DEFERRED pairs=28961 evals=2621 854s
[602333.4] P4_BASE_E2_CAP24_N2880: step 174 PREFIX_EVALUATED_NO_WINNER_DEFERRED pairs=28961 evals=2637 856s
[602335.6] P4_BASE_E2_CAP24_N2880: step 175 PREFIX_EVALUATED_NO_WINNER_DEFERRED pairs=28961 evals=2653 858s
[602337.9] P4_BASE_E2_CAP24_N2880: step 176 PREFIX_EVALUATED_NO_WINNER_DEFERRED pairs=28961 evals=2669 861s
[602340.1] P4_BASE_E2_CAP24_N2880: step 177 PREFIX_EVALUATED_NO_WINNER_DEFERRED pairs=28961 evals=2685 863s
[602342.2] P4_BASE_E2_CAP24_N2880: step 178 PREFIX_EVALUATED_NO_WINNER_DEFERRED pairs=28961 evals=2701 865s
[602344.5] P4_BASE_E2_CAP24_N2880: step 179 PREFIX_EVALUATED_NO_WINNER_DEFERRED pairs=28961 evals=2717 867s
[602346.7] P4_BASE_E2_CAP24_N2880: step 180 PREFIX_EVALUATED_NO_WINNER_DEFERRED pairs=28961 evals=2733 870s
[602349.0] P4_BASE_E2_CAP24_N2880: step 181 PREFIX_EVALUATED_NO_WINNER_DEFERRED pairs=28961 evals=2749 872s
[602351.2] P4_BASE_E2_CAP24_N2880: step 182 PREFIX_EVALUATED_NO_WINNER_DEFERRED pairs=28961 evals=2765 874s
[602354.4] P4_BASE_E2_CAP24_N2880: step 183 PREFIX_EVALUATED_NO_WINNER_DEFERRED pairs=28961 evals=2781 877s
[602356.9] P4_BASE_E2_CAP24_N2880: step 184 PREFIX_EVALUATED_NO_WINNER_DEFERRED pairs=28961 evals=2797 880s
[602359.5] P4_BASE_E2_CAP24_N2880: step 185 PREFIX_EVALUATED_NO_WINNER_DEFERRED pairs=28961 evals=2813 882s
[602361.8] P4_BASE_E2_CAP24_N2880: step 186 PREFIX_EVALUATED_NO_WINNER_DEFERRED pairs=28961 evals=2829 885s
[602364.1] P4_BASE_E2_CAP24_N2880: step 187 PREFIX_EVALUATED_NO_WINNER_DEFERRED pairs=28961 evals=2845 887s
[602366.5] P4_BASE_E2_CAP24_N2880: step 188 PREFIX_EVALUATED_NO_WINNER_DEFERRED pairs=28961 evals=2861 889s
[602368.7] P4_BASE_E2_CAP24_N2880: step 189 PREFIX_EVALUATED_NO_WINNER_DEFERRED pairs=28961 evals=2877 892s
[602369.4] P4_BASE_E2_CAP24_N2880: step 190 ABORTED_CANDIDATE_BUDGET pairs=28961 evals=2880 892s
[602369.8] P4_BASE_E2_CAP24_N2880: done final=28961 moves=71 first=71 reloc=0 ret=0 evals=2880 stop=CANDIDATE_BUDGET_EXHAUSTED
[602421.2] P4_BASE_E2_CAP24_N2880: recheck PASS checks=130816
