[554371.9] V6_E2_N2880: start mode=N budget=2880 spec={"name": "V6_E2", "target_policy": "STRATIFIED", "evaluation_policy": "E2_ORDERED_K16", "traversal_policy": "BASE", "max_targets": 200, "k_per_target": 16, "family_round_robin": false, "relocation_side_reserve": 0, "waiting_age": false, "route_coverage": false, "multi_anchor": false, "exact_dedup": false, "decision_cache": false, "return_action": false, "cache_structural_skips": false, "window_slack_mm": 1e-05, "notes": ""}
[554371.9] V6_E2_N2880: start state=main C:\Users\lihao\Desktop\Graduation Project\OpticalWaveguideRouter3D\outputs\3d_strategy_v3\512_ablation\D_both_enabled pairs=42909
[554379.0] V6_E2_N2880: INITIAL_DONE pairs=42909
[554379.4] V6_E2_N2880: step 1 NO_CANDIDATES_GENERATED pairs=42909 evals=0 1s
[554385.0] V6_E2_N2880: step 2 NO_CANDIDATES_GENERATED pairs=42909 evals=0 6s
[554385.2] V6_E2_N2880: step 3 NO_CANDIDATES_GENERATED pairs=42909 evals=0 6s
[554405.0] V6_E2_N2880: step 4 ELEVATED pairs=42666 evals=16 26s
[554421.7] V6_E2_N2880: step 5 ELEVATED pairs=42420 evals=32 43s
[554439.6] V6_E2_N2880: step 6 ELEVATED pairs=42246 evals=48 61s
[554465.1] V6_E2_N2880: step 7 ELEVATED pairs=41992 evals=64 86s
[554488.5] V6_E2_N2880: step 8 ELEVATED pairs=41810 evals=80 110s
[554504.3] V6_E2_N2880: step 9 ELEVATED pairs=41626 evals=96 126s
[554522.5] V6_E2_N2880: step 10 ELEVATED pairs=41446 evals=112 144s
[554548.2] V6_E2_N2880: step 11 ELEVATED pairs=41261 evals=128 169s
[554564.4] V6_E2_N2880: step 12 ELEVATED pairs=41067 evals=144 186s
[554573.4] V6_E2_N2880: step 13 ELEVATED pairs=40813 evals=160 195s
[554598.9] V6_E2_N2880: step 14 ELEVATED pairs=40562 evals=176 220s
[554620.1] V6_E2_N2880: step 15 ELEVATED pairs=40384 evals=192 241s
[554628.6] V6_E2_N2880: step 16 ELEVATED pairs=40133 evals=208 250s
[554654.1] V6_E2_N2880: step 17 ELEVATED pairs=39884 evals=224 275s
[554674.9] V6_E2_N2880: step 18 ELEVATED pairs=39707 evals=240 296s
[554693.6] V6_E2_N2880: step 19 ELEVATED pairs=39469 evals=256 315s
[554720.4] V6_E2_N2880: step 20 ELEVATED pairs=39222 evals=272 342s
[554734.8] V6_E2_N2880: step 21 ELEVATED pairs=38998 evals=288 356s
[554754.8] V6_E2_N2880: step 22 ELEVATED pairs=38856 evals=304 376s
[554787.8] V6_E2_N2880: step 23 ELEVATED pairs=38696 evals=320 409s
[554801.5] V6_E2_N2880: step 24 ELEVATED pairs=38560 evals=336 423s
[554819.6] V6_E2_N2880: step 25 ELEVATED pairs=38366 evals=352 441s
[554847.4] V6_E2_N2880: step 26 ELEVATED pairs=38145 evals=368 469s
[554860.9] V6_E2_N2880: step 27 ELEVATED pairs=38009 evals=384 482s
[554877.8] V6_E2_N2880: step 28 ELEVATED pairs=37842 evals=400 499s
[554904.5] V6_E2_N2880: step 29 ELEVATED pairs=37613 evals=416 526s
[554913.7] V6_E2_N2880: step 30 ELEVATED pairs=37386 evals=432 535s
[554931.2] V6_E2_N2880: step 31 ELEVATED pairs=37219 evals=448 552s
[554958.9] V6_E2_N2880: step 32 ELEVATED pairs=36994 evals=464 580s
[554971.4] V6_E2_N2880: step 33 ELEVATED pairs=36878 evals=480 593s
[554990.5] V6_E2_N2880: step 34 ELEVATED pairs=36737 evals=496 612s
[555032.3] V6_E2_N2880: step 35 ELEVATED pairs=36543 evals=512 654s
[555042.6] V6_E2_N2880: step 36 ELEVATED pairs=36330 evals=528 664s
[555064.9] V6_E2_N2880: step 37 ELEVATED pairs=36198 evals=544 686s
[555085.6] V6_E2_N2880: step 38 NO_CANDIDATES_GENERATED pairs=36198 evals=544 707s
[555085.9] V6_E2_N2880: step 39 NO_CANDIDATES_GENERATED pairs=36198 evals=544 707s
[555096.4] V6_E2_N2880: step 40 ELEVATED pairs=35979 evals=560 718s
[555128.2] V6_E2_N2880: step 41 ELEVATED pairs=35770 evals=576 749s
[555137.4] V6_E2_N2880: step 42 ELEVATED pairs=35601 evals=592 759s
[555147.8] V6_E2_N2880: step 43 ELEVATED pairs=35386 evals=608 769s
[555183.5] V6_E2_N2880: step 44 ELEVATED pairs=35254 evals=624 805s
[555198.1] V6_E2_N2880: step 45 ELEVATED pairs=35046 evals=640 819s
[555208.9] V6_E2_N2880: step 46 ELEVATED pairs=34833 evals=656 830s
[555245.5] V6_E2_N2880: step 47 ELEVATED pairs=34626 evals=672 867s
[555259.4] V6_E2_N2880: step 48 ELEVATED pairs=34421 evals=688 881s
[555269.6] V6_E2_N2880: step 49 ELEVATED pairs=34210 evals=704 891s
[555305.0] V6_E2_N2880: step 50 ELEVATED pairs=34006 evals=720 926s
[555318.4] V6_E2_N2880: step 51 ELEVATED pairs=33804 evals=736 940s
[555336.3] V6_E2_N2880: step 52 ELEVATED pairs=33611 evals=752 958s
[555372.9] V6_E2_N2880: step 53 ELEVATED pairs=33410 evals=768 994s
[555385.8] V6_E2_N2880: step 54 ELEVATED pairs=33211 evals=784 1007s
[555404.3] V6_E2_N2880: step 55 ELEVATED pairs=32987 evals=800 1026s
[555440.6] V6_E2_N2880: step 56 ELEVATED pairs=32789 evals=816 1062s
[555453.5] V6_E2_N2880: step 57 ELEVATED pairs=32593 evals=832 1075s
[555471.4] V6_E2_N2880: step 58 ELEVATED pairs=32371 evals=848 1093s
[555507.2] V6_E2_N2880: step 59 ELEVATED pairs=32176 evals=864 1128s
[555515.6] V6_E2_N2880: step 60 ELEVATED pairs=31988 evals=880 1137s
[555533.3] V6_E2_N2880: step 61 ELEVATED pairs=31769 evals=896 1155s
[555564.7] V6_E2_N2880: step 62 ELEVATED pairs=31662 evals=912 1186s
[555574.4] V6_E2_N2880: step 63 ELEVATED pairs=31491 evals=928 1196s
[555590.8] V6_E2_N2880: step 64 ELEVATED pairs=31274 evals=944 1212s
[555620.9] V6_E2_N2880: step 65 ELEVATED pairs=31087 evals=960 1242s
[555630.1] V6_E2_N2880: step 66 PREFIX_EVALUATED_NO_WINNER_DEFERRED pairs=31087 evals=976 1251s
[555646.0] V6_E2_N2880: step 67 ELEVATED pairs=30872 evals=992 1267s
[555679.2] V6_E2_N2880: step 68 PREFIX_EVALUATED_NO_WINNER_DEFERRED pairs=30872 evals=1008 1300s
[555688.5] V6_E2_N2880: step 69 ELEVATED pairs=30724 evals=1024 1310s
[555704.1] V6_E2_N2880: step 70 ELEVATED pairs=30511 evals=1040 1325s
[555737.5] V6_E2_N2880: step 71 PREFIX_EVALUATED_NO_WINNER_DEFERRED pairs=30511 evals=1056 1359s
[555744.9] V6_E2_N2880: step 72 ELEVATED pairs=30326 evals=1072 1366s
[555760.5] V6_E2_N2880: step 73 ELEVATED pairs=30114 evals=1088 1382s
