full rescan of the common start state ...
  scan 20000 pairs 2.8s
  scan 40000 pairs 6.0s
  scan 60000 pairs 10.1s
  scan 80000 pairs 15.4s
  scan 100000 pairs 18.3s
  scan 120000 pairs 20.8s
  scanned 130816 pairs in 23.0s
start state: {"recomputed_collision_pair_count": 42909, "recomputed_unresolved_pair_count": 3, "elevated_route_count": 24, "pair_state_distribution": {"both_routes_unelevated": 42516, "single_route_elevated": 291, "both_routes_elevated": 102, "total": 42909}, "verdict": "PASS"}
[544769.6] R1440: start mode=R appended_candidate_budget=1440 max_targets=200 probe=False
[544773.6] R1440: INITIAL_DONE pairs=42909 unresolved=3
[544773.7] R1440: step 1 NO_CANDIDATES_GENERATED pairs=42909 evals=0 1s
[544773.8] R1440: step 2 NO_CANDIDATES_GENERATED pairs=42909 evals=0 1s
[544805.0] R1440: step 3 ELEVATED pairs=42648 evals=72 32s
[544848.5] R1440: step 4 ELEVATED pairs=42392 evals=144 75s
[544888.8] R1440: step 5 ELEVATED pairs=42139 evals=216 116s
[544930.0] R1440: step 6 ELEVATED pairs=41888 evals=288 157s
[544971.1] R1440: step 7 ELEVATED pairs=41639 evals=360 198s
[544987.5] R1440: step 8 ELEVATED pairs=41386 evals=396 214s
[544999.2] R1440: step 9 ELEVATED pairs=41111 evals=432 226s
[545029.6] R1440: step 10 ELEVATED pairs=40843 evals=486 256s
[545046.0] R1440: step 11 ELEVATED pairs=40583 evals=540 273s
[545092.8] R1440: step 12 ELEVATED pairs=40327 evals=639 320s
[545137.5] R1440: step 13 ELEVATED pairs=40072 evals=738 364s
[545193.1] R1440: step 14 ELEVATED pairs=39820 evals=837 420s
[545222.2] R1440: step 15 ELEVATED pairs=39573 evals=891 449s
[545251.4] R1440: step 16 ELEVATED pairs=39328 evals=945 478s
[545277.7] R1440: step 17 ELEVATED pairs=39089 evals=999 505s
[545308.4] R1440: step 18 ELEVATED pairs=38845 evals=1053 535s
[545343.7] R1440: step 19 ELEVATED pairs=38610 evals=1107 571s
[545377.2] R1440: step 20 ELEVATED pairs=38377 evals=1161 604s
[545411.9] R1440: step 21 ELEVATED pairs=38148 evals=1233 639s
[545425.4] R1440: step 22 ELEVATED pairs=37908 evals=1269 652s
[545460.9] R1440: step 23 ELEVATED pairs=37686 evals=1341 688s
[545473.0] R1440: step 24 ELEVATED pairs=37453 evals=1377 700s
[545484.5] R1440: step 25 ELEVATED pairs=37222 evals=1413 711s
[545492.8] R1440: step 26 ELEVATED pairs=36995 evals=1440 720s
[545493.1] R1440: done final=36995 moves=24 relocations=0 evals=1440 stop=CANDIDATE_BUDGET_EXHAUSTED seconds=723
  recheck 20000 pairs 4.7s
  recheck 40000 pairs 8.0s
  recheck 60000 pairs 13.7s
  recheck 80000 pairs 20.3s
  recheck 100000 pairs 23.2s
  recheck 120000 pairs 25.8s
[545524.9] R1440: recheck PASS checks=130816 seconds=27.7
ALL GROUPS DONE R1440
