[602073.5] P4_BASE_E2_CAP40_R2880: start mode=R budget=2880 spec={"name": "P4_BASE_E2_CAP40", "target_policy": "LEGACY", "evaluation_policy": "E2_ORDERED_K16", "traversal_policy": "BASE", "max_targets": 2000, "k_per_target": 16, "family_round_robin": false, "relocation_side_reserve": 0, "waiting_age": false, "route_coverage": false, "multi_anchor": false, "exact_dedup": false, "decision_cache": false, "return_action": false, "cache_structural_skips": false, "window_slack_mm": 1e-05, "generation_domain": "LINE_ONLY", "path_window_settings": null, "stage_length_cap_mm": 40.0, "notes": ""}
[602073.5] P4_BASE_E2_CAP40_R2880: start state=main C:\Users\lihao\Desktop\Graduation Project\OpticalWaveguideRouter3D\outputs\3d_strategy_v3\512_ablation\D_both_enabled pairs=42909
[602077.9] P4_BASE_E2_CAP40_R2880: INITIAL_DONE pairs=42909
[602078.1] P4_BASE_E2_CAP40_R2880: step 1 NO_CANDIDATES_GENERATED pairs=42909 evals=0 0s
[602078.2] P4_BASE_E2_CAP40_R2880: step 2 NO_CANDIDATES_GENERATED pairs=42909 evals=0 0s
[602084.4] P4_BASE_E2_CAP40_R2880: step 3 ELEVATED pairs=42661 evals=16 6s
[602095.6] P4_BASE_E2_CAP40_R2880: step 4 ELEVATED pairs=42487 evals=32 18s
[602104.7] P4_BASE_E2_CAP40_R2880: step 5 ELEVATED pairs=42305 evals=48 27s
[602113.8] P4_BASE_E2_CAP40_R2880: step 6 ELEVATED pairs=42121 evals=64 36s
[602123.1] P4_BASE_E2_CAP40_R2880: step 7 ELEVATED pairs=41936 evals=80 45s
[602129.9] P4_BASE_E2_CAP40_R2880: step 8 ELEVATED pairs=41680 evals=96 52s
[602139.3] P4_BASE_E2_CAP40_R2880: step 9 ELEVATED pairs=41486 evals=112 61s
[602145.9] P4_BASE_E2_CAP40_R2880: step 10 ELEVATED pairs=41225 evals=128 68s
[602158.7] P4_BASE_E2_CAP40_R2880: step 11 ELEVATED pairs=41046 evals=144 81s
[602171.7] P4_BASE_E2_CAP40_R2880: step 12 ELEVATED pairs=40867 evals=160 94s
[602178.2] P4_BASE_E2_CAP40_R2880: step 13 ELEVATED pairs=40628 evals=176 100s
[602186.7] P4_BASE_E2_CAP40_R2880: step 14 ELEVATED pairs=40377 evals=192 109s
[602192.9] P4_BASE_E2_CAP40_R2880: step 15 ELEVATED pairs=40136 evals=208 115s
[602201.8] P4_BASE_E2_CAP40_R2880: step 16 ELEVATED pairs=39887 evals=224 124s
[602210.5] P4_BASE_E2_CAP40_R2880: step 17 ELEVATED pairs=39640 evals=240 133s
[602218.9] P4_BASE_E2_CAP40_R2880: step 18 ELEVATED pairs=39399 evals=256 141s
[602228.1] P4_BASE_E2_CAP40_R2880: step 19 ELEVATED pairs=39175 evals=272 150s
[602236.7] P4_BASE_E2_CAP40_R2880: step 20 ELEVATED pairs=38969 evals=288 159s
[602248.2] P4_BASE_E2_CAP40_R2880: step 21 ELEVATED pairs=38811 evals=304 170s
[602257.2] P4_BASE_E2_CAP40_R2880: step 22 ELEVATED pairs=38668 evals=320 179s
[602265.5] P4_BASE_E2_CAP40_R2880: step 23 ELEVATED pairs=38466 evals=336 188s
[602274.2] P4_BASE_E2_CAP40_R2880: step 24 ELEVATED pairs=38332 evals=352 196s
[602281.2] P4_BASE_E2_CAP40_R2880: step 25 ELEVATED pairs=38108 evals=368 203s
[602289.8] P4_BASE_E2_CAP40_R2880: step 26 ELEVATED pairs=37974 evals=384 212s
[602296.6] P4_BASE_E2_CAP40_R2880: step 27 ELEVATED pairs=37771 evals=400 219s
[602303.6] P4_BASE_E2_CAP40_R2880: step 28 ELEVATED pairs=37568 evals=416 226s
[602309.5] P4_BASE_E2_CAP40_R2880: step 29 ELEVATED pairs=37338 evals=432 232s
[602315.3] P4_BASE_E2_CAP40_R2880: step 30 ELEVATED pairs=37110 evals=448 237s
[602323.1] P4_BASE_E2_CAP40_R2880: step 31 ELEVATED pairs=36910 evals=464 245s
[602329.0] P4_BASE_E2_CAP40_R2880: step 32 ELEVATED pairs=36684 evals=480 251s
[602336.6] P4_BASE_E2_CAP40_R2880: step 33 ELEVATED pairs=36466 evals=496 259s
[602343.9] P4_BASE_E2_CAP40_R2880: step 34 ELEVATED pairs=36269 evals=512 266s
[602357.1] P4_BASE_E2_CAP40_R2880: step 35 ELEVATED pairs=36073 evals=528 279s
[602366.5] P4_BASE_E2_CAP40_R2880: step 36 ELEVATED pairs=35887 evals=544 289s
[602374.1] P4_BASE_E2_CAP40_R2880: step 37 ELEVATED pairs=35774 evals=560 296s
[602382.4] P4_BASE_E2_CAP40_R2880: step 38 ELEVATED pairs=35543 evals=576 304s
[602389.3] P4_BASE_E2_CAP40_R2880: step 39 ELEVATED pairs=35343 evals=592 311s
[602397.7] P4_BASE_E2_CAP40_R2880: step 40 ELEVATED pairs=35138 evals=608 320s
[602397.9] P4_BASE_E2_CAP40_R2880: step 41 NO_CANDIDATES_GENERATED pairs=35138 evals=608 320s
[602398.0] P4_BASE_E2_CAP40_R2880: step 42 NO_CANDIDATES_GENERATED pairs=35138 evals=608 320s
[602406.9] P4_BASE_E2_CAP40_R2880: step 43 ELEVATED pairs=34935 evals=624 329s
[602416.0] P4_BASE_E2_CAP40_R2880: step 44 ELEVATED pairs=34734 evals=640 338s
[602422.6] P4_BASE_E2_CAP40_R2880: step 45 ELEVATED pairs=34539 evals=656 345s
[602432.6] P4_BASE_E2_CAP40_R2880: step 46 ELEVATED pairs=34340 evals=672 355s
[602442.5] P4_BASE_E2_CAP40_R2880: step 47 ELEVATED pairs=34143 evals=688 365s
[602451.5] P4_BASE_E2_CAP40_R2880: step 48 ELEVATED pairs=33933 evals=704 373s
[602462.3] P4_BASE_E2_CAP40_R2880: step 49 ELEVATED pairs=33738 evals=720 384s
[602471.0] P4_BASE_E2_CAP40_R2880: step 50 ELEVATED pairs=33530 evals=736 393s
[602478.5] P4_BASE_E2_CAP40_R2880: step 51 ELEVATED pairs=33326 evals=752 401s
[602489.8] P4_BASE_E2_CAP40_R2880: step 52 ELEVATED pairs=33133 evals=768 412s
[602498.8] P4_BASE_E2_CAP40_R2880: step 53 ELEVATED pairs=32926 evals=784 421s
[602510.6] P4_BASE_E2_CAP40_R2880: step 54 ELEVATED pairs=32735 evals=800 433s
[602519.3] P4_BASE_E2_CAP40_R2880: step 55 ELEVATED pairs=32530 evals=816 441s
[602531.3] P4_BASE_E2_CAP40_R2880: step 56 ELEVATED pairs=32341 evals=832 453s
[602540.2] P4_BASE_E2_CAP40_R2880: step 57 ELEVATED pairs=32137 evals=848 462s
[602552.6] P4_BASE_E2_CAP40_R2880: step 58 ELEVATED pairs=31950 evals=864 475s
[602558.7] P4_BASE_E2_CAP40_R2880: step 59 ELEVATED pairs=31792 evals=880 481s
[602568.3] P4_BASE_E2_CAP40_R2880: step 60 ELEVATED pairs=31590 evals=896 490s
[602578.1] P4_BASE_E2_CAP40_R2880: step 61 ELEVATED pairs=31389 evals=912 500s
[602586.7] P4_BASE_E2_CAP40_R2880: step 62 ELEVATED pairs=31226 evals=928 509s
[602596.6] P4_BASE_E2_CAP40_R2880: step 63 ELEVATED pairs=31027 evals=944 519s
[602606.3] P4_BASE_E2_CAP40_R2880: step 64 ELEVATED pairs=30829 evals=960 528s
[602606.5] P4_BASE_E2_CAP40_R2880: step 65 NO_CANDIDATES_GENERATED pairs=30829 evals=960 529s
[602606.7] P4_BASE_E2_CAP40_R2880: step 66 NO_CANDIDATES_GENERATED pairs=30829 evals=960 529s
[602606.9] P4_BASE_E2_CAP40_R2880: step 67 NO_CANDIDATES_GENERATED pairs=30829 evals=960 529s
[602616.5] P4_BASE_E2_CAP40_R2880: step 68 ELEVATED pairs=30633 evals=976 539s
[602624.6] P4_BASE_E2_CAP40_R2880: step 69 ELEVATED pairs=30481 evals=992 547s
[602632.6] P4_BASE_E2_CAP40_R2880: step 70 ELEVATED pairs=30367 evals=1008 555s
[602642.7] P4_BASE_E2_CAP40_R2880: step 71 ELEVATED pairs=30214 evals=1024 565s
[602649.2] P4_BASE_E2_CAP40_R2880: step 72 ELEVATED pairs=30030 evals=1033 571s
[602658.5] P4_BASE_E2_CAP40_R2880: step 73 ELEVATED pairs=29879 evals=1049 581s
[602665.0] P4_BASE_E2_CAP40_R2880: step 74 ELEVATED pairs=29697 evals=1058 587s
[602674.0] P4_BASE_E2_CAP40_R2880: step 75 ELEVATED pairs=29548 evals=1074 596s
[602680.3] P4_BASE_E2_CAP40_R2880: step 76 ELEVATED pairs=29368 evals=1083 602s
[602686.3] P4_BASE_E2_CAP40_R2880: step 77 ELEVATED pairs=29190 evals=1092 608s
[602703.0] P4_BASE_E2_CAP40_R2880: step 78 ELEVATED pairs=28961 evals=1108 625s
[602708.3] P4_BASE_E2_CAP40_R2880: step 79 ELEVATED pairs=28776 evals=1124 630s
[602713.8] P4_BASE_E2_CAP40_R2880: step 80 ELEVATED pairs=28593 evals=1140 636s
[602718.9] P4_BASE_E2_CAP40_R2880: step 81 ELEVATED pairs=28412 evals=1156 641s
[602724.1] P4_BASE_E2_CAP40_R2880: step 82 ELEVATED pairs=28233 evals=1172 646s
[602729.3] P4_BASE_E2_CAP40_R2880: step 83 ELEVATED pairs=28134 evals=1188 651s
[602736.2] P4_BASE_E2_CAP40_R2880: step 84 ELEVATED pairs=28022 evals=1204 658s
[602741.4] P4_BASE_E2_CAP40_R2880: step 85 ELEVATED pairs=27902 evals=1220 663s
[602746.6] P4_BASE_E2_CAP40_R2880: step 86 ELEVATED pairs=27782 evals=1236 669s
[602752.0] P4_BASE_E2_CAP40_R2880: step 87 ELEVATED pairs=27662 evals=1252 674s
[602757.6] P4_BASE_E2_CAP40_R2880: step 88 ELEVATED pairs=27514 evals=1268 680s
[602763.9] P4_BASE_E2_CAP40_R2880: step 89 ELEVATED pairs=27394 evals=1284 686s
[602770.9] P4_BASE_E2_CAP40_R2880: step 90 ELEVATED pairs=27248 evals=1300 693s
[602778.3] P4_BASE_E2_CAP40_R2880: step 91 ELEVATED pairs=27092 evals=1316 700s
[602785.2] P4_BASE_E2_CAP40_R2880: step 92 PREFIX_EVALUATED_NO_WINNER_DEFERRED pairs=27092 evals=1332 707s
[602792.3] P4_BASE_E2_CAP40_R2880: step 93 ELEVATED pairs=26951 evals=1348 714s
[602799.2] P4_BASE_E2_CAP40_R2880: step 94 PREFIX_EVALUATED_NO_WINNER_DEFERRED pairs=26951 evals=1364 721s
[602806.3] P4_BASE_E2_CAP40_R2880: step 95 ELEVATED pairs=26895 evals=1380 728s
[602813.4] P4_BASE_E2_CAP40_R2880: step 96 ELEVATED pairs=26781 evals=1396 735s
[602822.3] P4_BASE_E2_CAP40_R2880: step 97 ELEVATED pairs=26690 evals=1412 744s
[602829.9] P4_BASE_E2_CAP40_R2880: step 98 ELEVATED pairs=26525 evals=1428 752s
[602835.9] P4_BASE_E2_CAP40_R2880: step 99 ELEVATED pairs=26436 evals=1444 758s
[602843.2] P4_BASE_E2_CAP40_R2880: step 100 ELEVATED pairs=26273 evals=1460 765s
[602850.5] P4_BASE_E2_CAP40_R2880: step 101 ELEVATED pairs=26112 evals=1476 773s
[602855.9] P4_BASE_E2_CAP40_R2880: step 102 ELEVATED pairs=26016 evals=1492 778s
[602865.7] P4_BASE_E2_CAP40_R2880: step 103 ELEVATED pairs=25857 evals=1508 788s
[602871.3] P4_BASE_E2_CAP40_R2880: step 104 ELEVATED pairs=25803 evals=1524 793s
[602879.1] P4_BASE_E2_CAP40_R2880: step 105 ELEVATED pairs=25644 evals=1540 801s
[602886.7] P4_BASE_E2_CAP40_R2880: step 106 ELEVATED pairs=25487 evals=1556 809s
[602891.2] P4_BASE_E2_CAP40_R2880: step 107 ELEVATED pairs=25361 evals=1572 813s
[602899.3] P4_BASE_E2_CAP40_R2880: step 108 ELEVATED pairs=25207 evals=1588 821s
[602906.2] P4_BASE_E2_CAP40_R2880: step 109 ELEVATED pairs=25144 evals=1604 828s
[602912.8] P4_BASE_E2_CAP40_R2880: step 110 ELEVATED pairs=24969 evals=1620 835s
[602919.3] P4_BASE_E2_CAP40_R2880: step 111 ELEVATED pairs=24796 evals=1636 841s
[602926.9] P4_BASE_E2_CAP40_R2880: step 112 ELEVATED pairs=24735 evals=1652 849s
[602942.4] P4_BASE_E2_CAP40_R2880: step 113 ELEVATED pairs=24607 evals=1668 864s
[602958.7] P4_BASE_E2_CAP40_R2880: step 114 ELEVATED pairs=24481 evals=1684 881s
[602966.8] P4_BASE_E2_CAP40_R2880: step 115 ELEVATED pairs=24411 evals=1700 889s
[602976.7] P4_BASE_E2_CAP40_R2880: step 116 ELEVATED pairs=24317 evals=1709 899s
[602990.3] P4_BASE_E2_CAP40_R2880: step 117 ELEVATED pairs=24173 evals=1725 912s
[602996.9] P4_BASE_E2_CAP40_R2880: step 118 ELEVATED pairs=24079 evals=1741 919s
[603010.0] P4_BASE_E2_CAP40_R2880: step 119 ELEVATED pairs=23935 evals=1757 932s
[603022.4] P4_BASE_E2_CAP40_R2880: step 120 ELEVATED pairs=23791 evals=1773 944s
[603028.8] P4_BASE_E2_CAP40_R2880: step 121 ELEVATED pairs=23698 evals=1789 951s
[603041.1] P4_BASE_E2_CAP40_R2880: step 122 ELEVATED pairs=23554 evals=1805 963s
[603062.4] P4_BASE_E2_CAP40_R2880: step 123 ELEVATED pairs=23440 evals=1821 984s
[603073.0] P4_BASE_E2_CAP40_R2880: step 124 ELEVATED pairs=23259 evals=1837 995s
[603084.0] P4_BASE_E2_CAP40_R2880: step 125 ELEVATED pairs=23145 evals=1853 1006s
[603095.8] P4_BASE_E2_CAP40_R2880: step 126 ELEVATED pairs=23031 evals=1869 1018s
[603098.0] P4_BASE_E2_CAP40_R2880: step 127 PREFIX_EVALUATED_NO_WINNER_DEFERRED pairs=23031 evals=1885 1020s
[603100.1] P4_BASE_E2_CAP40_R2880: step 128 PREFIX_EVALUATED_NO_WINNER_DEFERRED pairs=23031 evals=1901 1022s
[603102.2] P4_BASE_E2_CAP40_R2880: step 129 PREFIX_EVALUATED_NO_WINNER_DEFERRED pairs=23031 evals=1917 1024s
[603104.4] P4_BASE_E2_CAP40_R2880: step 130 PREFIX_EVALUATED_NO_WINNER_DEFERRED pairs=23031 evals=1933 1026s
[603107.2] P4_BASE_E2_CAP40_R2880: step 131 PREFIX_EVALUATED_NO_WINNER_DEFERRED pairs=23031 evals=1949 1029s
[603109.7] P4_BASE_E2_CAP40_R2880: step 132 PREFIX_EVALUATED_NO_WINNER_DEFERRED pairs=23031 evals=1965 1032s
[603112.5] P4_BASE_E2_CAP40_R2880: step 133 PREFIX_EVALUATED_NO_WINNER_DEFERRED pairs=23031 evals=1981 1035s
[603115.3] P4_BASE_E2_CAP40_R2880: step 134 PREFIX_EVALUATED_NO_WINNER_DEFERRED pairs=23031 evals=1997 1037s
[603118.3] P4_BASE_E2_CAP40_R2880: step 135 PREFIX_EVALUATED_NO_WINNER_DEFERRED pairs=23031 evals=2013 1040s
[603120.5] P4_BASE_E2_CAP40_R2880: step 136 PREFIX_EVALUATED_NO_WINNER_DEFERRED pairs=23031 evals=2029 1042s
[603122.8] P4_BASE_E2_CAP40_R2880: step 137 PREFIX_EVALUATED_NO_WINNER_DEFERRED pairs=23031 evals=2045 1045s
[603125.2] P4_BASE_E2_CAP40_R2880: step 138 PREFIX_EVALUATED_NO_WINNER_DEFERRED pairs=23031 evals=2061 1047s
[603127.5] P4_BASE_E2_CAP40_R2880: step 139 PREFIX_EVALUATED_NO_WINNER_DEFERRED pairs=23031 evals=2077 1050s
[603129.8] P4_BASE_E2_CAP40_R2880: step 140 PREFIX_EVALUATED_NO_WINNER_DEFERRED pairs=23031 evals=2093 1052s
[603132.4] P4_BASE_E2_CAP40_R2880: step 141 PREFIX_EVALUATED_NO_WINNER_DEFERRED pairs=23031 evals=2109 1054s
[603134.8] P4_BASE_E2_CAP40_R2880: step 142 PREFIX_EVALUATED_NO_WINNER_DEFERRED pairs=23031 evals=2125 1057s
[603137.9] P4_BASE_E2_CAP40_R2880: step 143 PREFIX_EVALUATED_NO_WINNER_DEFERRED pairs=23031 evals=2141 1060s
[603141.0] P4_BASE_E2_CAP40_R2880: step 144 PREFIX_EVALUATED_NO_WINNER_DEFERRED pairs=23031 evals=2157 1063s
[603143.8] P4_BASE_E2_CAP40_R2880: step 145 PREFIX_EVALUATED_NO_WINNER_DEFERRED pairs=23031 evals=2173 1066s
[603146.6] P4_BASE_E2_CAP40_R2880: step 146 PREFIX_EVALUATED_NO_WINNER_DEFERRED pairs=23031 evals=2189 1069s
[603149.1] P4_BASE_E2_CAP40_R2880: step 147 PREFIX_EVALUATED_NO_WINNER_DEFERRED pairs=23031 evals=2205 1071s
[603151.6] P4_BASE_E2_CAP40_R2880: step 148 PREFIX_EVALUATED_NO_WINNER_DEFERRED pairs=23031 evals=2221 1074s
[603154.4] P4_BASE_E2_CAP40_R2880: step 149 PREFIX_EVALUATED_NO_WINNER_DEFERRED pairs=23031 evals=2237 1076s
[603156.9] P4_BASE_E2_CAP40_R2880: step 150 PREFIX_EVALUATED_NO_WINNER_DEFERRED pairs=23031 evals=2253 1079s
[603159.7] P4_BASE_E2_CAP40_R2880: step 151 PREFIX_EVALUATED_NO_WINNER_DEFERRED pairs=23031 evals=2269 1082s
[603162.2] P4_BASE_E2_CAP40_R2880: step 152 PREFIX_EVALUATED_NO_WINNER_DEFERRED pairs=23031 evals=2285 1084s
[603164.5] P4_BASE_E2_CAP40_R2880: step 153 PREFIX_EVALUATED_NO_WINNER_DEFERRED pairs=23031 evals=2301 1087s
[603166.9] P4_BASE_E2_CAP40_R2880: step 154 PREFIX_EVALUATED_NO_WINNER_DEFERRED pairs=23031 evals=2317 1089s
[603169.2] P4_BASE_E2_CAP40_R2880: step 155 PREFIX_EVALUATED_NO_WINNER_DEFERRED pairs=23031 evals=2333 1091s
[603171.5] P4_BASE_E2_CAP40_R2880: step 156 PREFIX_EVALUATED_NO_WINNER_DEFERRED pairs=23031 evals=2349 1094s
[603174.6] P4_BASE_E2_CAP40_R2880: step 157 PREFIX_EVALUATED_NO_WINNER_DEFERRED pairs=23031 evals=2365 1097s
[603177.8] P4_BASE_E2_CAP40_R2880: step 158 PREFIX_EVALUATED_NO_WINNER_DEFERRED pairs=23031 evals=2381 1100s
[603180.3] P4_BASE_E2_CAP40_R2880: step 159 PREFIX_EVALUATED_NO_WINNER_DEFERRED pairs=23031 evals=2397 1102s
[603182.8] P4_BASE_E2_CAP40_R2880: step 160 PREFIX_EVALUATED_NO_WINNER_DEFERRED pairs=23031 evals=2413 1105s
[603185.3] P4_BASE_E2_CAP40_R2880: step 161 PREFIX_EVALUATED_NO_WINNER_DEFERRED pairs=23031 evals=2429 1107s
[603187.9] P4_BASE_E2_CAP40_R2880: step 162 PREFIX_EVALUATED_NO_WINNER_DEFERRED pairs=23031 evals=2445 1110s
[603190.4] P4_BASE_E2_CAP40_R2880: step 163 PREFIX_EVALUATED_NO_WINNER_DEFERRED pairs=23031 evals=2461 1112s
[603192.9] P4_BASE_E2_CAP40_R2880: step 164 PREFIX_EVALUATED_NO_WINNER_DEFERRED pairs=23031 evals=2477 1115s
[603195.4] P4_BASE_E2_CAP40_R2880: step 165 PREFIX_EVALUATED_NO_WINNER_DEFERRED pairs=23031 evals=2493 1117s
[603198.9] P4_BASE_E2_CAP40_R2880: step 166 PREFIX_EVALUATED_NO_WINNER_DEFERRED pairs=23031 evals=2509 1121s
[603201.7] P4_BASE_E2_CAP40_R2880: step 167 PREFIX_EVALUATED_NO_WINNER_DEFERRED pairs=23031 evals=2525 1124s
[603204.3] P4_BASE_E2_CAP40_R2880: step 168 PREFIX_EVALUATED_NO_WINNER_DEFERRED pairs=23031 evals=2541 1126s
[603206.8] P4_BASE_E2_CAP40_R2880: step 169 PREFIX_EVALUATED_NO_WINNER_DEFERRED pairs=23031 evals=2557 1129s
[603209.4] P4_BASE_E2_CAP40_R2880: step 170 PREFIX_EVALUATED_NO_WINNER_DEFERRED pairs=23031 evals=2573 1131s
[603211.7] P4_BASE_E2_CAP40_R2880: step 171 PREFIX_EVALUATED_NO_WINNER_DEFERRED pairs=23031 evals=2589 1134s
[603214.0] P4_BASE_E2_CAP40_R2880: step 172 PREFIX_EVALUATED_NO_WINNER_DEFERRED pairs=23031 evals=2605 1136s
[603216.3] P4_BASE_E2_CAP40_R2880: step 173 PREFIX_EVALUATED_NO_WINNER_DEFERRED pairs=23031 evals=2621 1138s
[603218.6] P4_BASE_E2_CAP40_R2880: step 174 PREFIX_EVALUATED_NO_WINNER_DEFERRED pairs=23031 evals=2637 1141s
[603220.9] P4_BASE_E2_CAP40_R2880: step 175 PREFIX_EVALUATED_NO_WINNER_DEFERRED pairs=23031 evals=2653 1143s
[603221.0] P4_BASE_E2_CAP40_R2880: step 176 NO_CANDIDATES_GENERATED pairs=23031 evals=2653 1143s
[603223.2] P4_BASE_E2_CAP40_R2880: step 177 PREFIX_EVALUATED_NO_WINNER_DEFERRED pairs=23031 evals=2669 1145s
[603225.4] P4_BASE_E2_CAP40_R2880: step 178 PREFIX_EVALUATED_NO_WINNER_DEFERRED pairs=23031 evals=2685 1147s
[603233.5] P4_BASE_E2_CAP40_R2880: step 179 PREFIX_EVALUATED_NO_WINNER_DEFERRED pairs=23031 evals=2701 1156s
[603235.7] P4_BASE_E2_CAP40_R2880: step 180 PREFIX_EVALUATED_NO_WINNER_DEFERRED pairs=23031 evals=2717 1158s
[603237.3] P4_BASE_E2_CAP40_R2880: step 181 ALL_CANDIDATES_REJECTED pairs=23031 evals=2726 1159s
[603239.5] P4_BASE_E2_CAP40_R2880: step 182 PREFIX_EVALUATED_NO_WINNER_DEFERRED pairs=23031 evals=2742 1162s
[603241.8] P4_BASE_E2_CAP40_R2880: step 183 PREFIX_EVALUATED_NO_WINNER_DEFERRED pairs=23031 evals=2758 1164s
[603244.9] P4_BASE_E2_CAP40_R2880: step 184 PREFIX_EVALUATED_NO_WINNER_DEFERRED pairs=23031 evals=2774 1167s
[603247.0] P4_BASE_E2_CAP40_R2880: step 185 PREFIX_EVALUATED_NO_WINNER_DEFERRED pairs=23031 evals=2790 1169s
[603249.5] P4_BASE_E2_CAP40_R2880: step 186 PREFIX_EVALUATED_NO_WINNER_DEFERRED pairs=23031 evals=2806 1172s
[603252.5] P4_BASE_E2_CAP40_R2880: step 187 PREFIX_EVALUATED_NO_WINNER_DEFERRED pairs=23031 evals=2822 1175s
[603255.3] P4_BASE_E2_CAP40_R2880: step 188 PREFIX_EVALUATED_NO_WINNER_DEFERRED pairs=23031 evals=2838 1177s
[603257.6] P4_BASE_E2_CAP40_R2880: step 189 PREFIX_EVALUATED_NO_WINNER_DEFERRED pairs=23031 evals=2854 1180s
[603259.9] P4_BASE_E2_CAP40_R2880: step 190 PREFIX_EVALUATED_NO_WINNER_DEFERRED pairs=23031 evals=2870 1182s
[603261.5] P4_BASE_E2_CAP40_R2880: step 191 ABORTED_CANDIDATE_BUDGET pairs=23031 evals=2880 1184s
[603261.9] P4_BASE_E2_CAP40_R2880: done final=23031 moves=117 first=117 reloc=0 ret=0 evals=2880 stop=CANDIDATE_BUDGET_EXHAUSTED
[603323.7] P4_BASE_E2_CAP40_R2880: recheck PASS checks=130816
