[558647.8] IDEA_A_FAMILY_N720: start mode=N budget=720 spec={"name": "IDEA_A_FAMILY", "target_policy": "LEGACY", "evaluation_policy": "E2_ORDERED_K16", "traversal_policy": "BASE", "max_targets": 200, "k_per_target": 16, "family_round_robin": true, "relocation_side_reserve": 0, "waiting_age": false, "route_coverage": false, "multi_anchor": false, "exact_dedup": false, "decision_cache": false, "return_action": false, "cache_structural_skips": false, "window_slack_mm": 1e-05, "notes": ""}
[558647.8] IDEA_A_FAMILY_N720: start state=main C:\Users\lihao\Desktop\Graduation Project\OpticalWaveguideRouter3D\outputs\3d_strategy_v3\512_ablation\D_both_enabled pairs=42909
[558655.3] IDEA_A_FAMILY_N720: INITIAL_DONE pairs=42909
[558655.6] IDEA_A_FAMILY_N720: step 1 NO_CANDIDATES_GENERATED pairs=42909 evals=0 1s
[558655.9] IDEA_A_FAMILY_N720: step 2 NO_CANDIDATES_GENERATED pairs=42909 evals=0 1s
[558669.6] IDEA_A_FAMILY_N720: step 3 ELEVATED pairs=42653 evals=16 15s
[558688.0] IDEA_A_FAMILY_N720: step 4 ELEVATED pairs=42440 evals=32 33s
[558705.6] IDEA_A_FAMILY_N720: step 5 ELEVATED pairs=42218 evals=48 51s
[558723.4] IDEA_A_FAMILY_N720: step 6 ELEVATED pairs=41998 evals=64 69s
[558738.9] IDEA_A_FAMILY_N720: step 7 ELEVATED pairs=41742 evals=80 84s
[558756.7] IDEA_A_FAMILY_N720: step 8 ELEVATED pairs=41524 evals=96 102s
[558769.8] IDEA_A_FAMILY_N720: step 9 ELEVATED pairs=41274 evals=112 115s
[558783.4] IDEA_A_FAMILY_N720: step 10 ELEVATED pairs=41024 evals=128 129s
[558796.2] IDEA_A_FAMILY_N720: step 11 ELEVATED pairs=40772 evals=144 141s
[558809.0] IDEA_A_FAMILY_N720: step 12 ELEVATED pairs=40524 evals=160 154s
[558826.8] IDEA_A_FAMILY_N720: step 13 ELEVATED pairs=40314 evals=176 172s
[558839.0] IDEA_A_FAMILY_N720: step 14 ELEVATED pairs=40068 evals=192 184s
[558861.3] IDEA_A_FAMILY_N720: step 15 ELEVATED pairs=39859 evals=208 206s
[558884.9] IDEA_A_FAMILY_N720: step 16 ELEVATED pairs=39652 evals=224 230s
[558901.5] IDEA_A_FAMILY_N720: step 17 ELEVATED pairs=39463 evals=240 247s
[558912.4] IDEA_A_FAMILY_N720: step 18 ELEVATED pairs=39221 evals=256 258s
[558925.9] IDEA_A_FAMILY_N720: step 19 ELEVATED pairs=38991 evals=272 271s
[558942.7] IDEA_A_FAMILY_N720: step 20 ELEVATED pairs=38838 evals=288 288s
[558956.1] IDEA_A_FAMILY_N720: step 21 ELEVATED pairs=38599 evals=304 301s
[558968.1] IDEA_A_FAMILY_N720: step 22 ELEVATED pairs=38376 evals=320 313s
[558977.5] IDEA_A_FAMILY_N720: step 23 ELEVATED pairs=38148 evals=336 323s
[558994.9] IDEA_A_FAMILY_N720: step 24 ELEVATED pairs=37927 evals=352 340s
[559004.2] IDEA_A_FAMILY_N720: step 25 ELEVATED pairs=37701 evals=368 349s
[559013.3] IDEA_A_FAMILY_N720: step 26 ELEVATED pairs=37476 evals=384 358s
[559033.8] IDEA_A_FAMILY_N720: step 27 ELEVATED pairs=37285 evals=400 379s
[559051.6] IDEA_A_FAMILY_N720: step 28 ELEVATED pairs=37126 evals=416 397s
[559068.2] IDEA_A_FAMILY_N720: step 29 ELEVATED pairs=36969 evals=432 413s
[559091.8] IDEA_A_FAMILY_N720: step 30 ELEVATED pairs=36778 evals=448 437s
[559109.2] IDEA_A_FAMILY_N720: step 31 ELEVATED pairs=36525 evals=464 454s
[559127.4] IDEA_A_FAMILY_N720: step 32 ELEVATED pairs=36365 evals=480 473s
[559127.6] IDEA_A_FAMILY_N720: step 33 NO_CANDIDATES_GENERATED pairs=36365 evals=480 473s
[559127.9] IDEA_A_FAMILY_N720: step 34 NO_CANDIDATES_GENERATED pairs=36365 evals=480 473s
[559141.8] IDEA_A_FAMILY_N720: step 35 ELEVATED pairs=36160 evals=496 487s
[559155.5] IDEA_A_FAMILY_N720: step 36 ELEVATED pairs=35958 evals=512 501s
[559168.3] IDEA_A_FAMILY_N720: step 37 ELEVATED pairs=35818 evals=528 513s
[559189.1] IDEA_A_FAMILY_N720: step 38 ELEVATED pairs=35612 evals=544 534s
[559199.2] IDEA_A_FAMILY_N720: step 39 ELEVATED pairs=35417 evals=560 544s
[559219.9] IDEA_A_FAMILY_N720: step 40 ELEVATED pairs=35213 evals=576 565s
[559241.5] IDEA_A_FAMILY_N720: step 41 ELEVATED pairs=35010 evals=592 587s
[559256.5] IDEA_A_FAMILY_N720: step 42 ELEVATED pairs=34768 evals=608 602s
[559277.3] IDEA_A_FAMILY_N720: step 43 ELEVATED pairs=34567 evals=624 622s
[559297.7] IDEA_A_FAMILY_N720: step 44 ELEVATED pairs=34447 evals=640 643s
[559318.2] IDEA_A_FAMILY_N720: step 45 ELEVATED pairs=34247 evals=656 663s
[559335.5] IDEA_A_FAMILY_N720: step 46 ELEVATED pairs=34042 evals=672 681s
[559354.0] IDEA_A_FAMILY_N720: step 47 ELEVATED pairs=33844 evals=688 699s
[559371.7] IDEA_A_FAMILY_N720: step 48 ELEVATED pairs=33726 evals=704 717s
[559390.0] IDEA_A_FAMILY_N720: step 49 ELEVATED pairs=33529 evals=720 735s
[559390.4] IDEA_A_FAMILY_N720: step 50 ABORTED_CANDIDATE_BUDGET pairs=33529 evals=720 736s
[559390.8] IDEA_A_FAMILY_N720: done final=33529 moves=45 first=45 reloc=0 ret=0 evals=720 stop=CANDIDATE_BUDGET_EXHAUSTED
[559486.1] IDEA_A_FAMILY_N720: recheck PASS checks=130816
