[559500.6] IDEA_D_R2880: start mode=R budget=2880 spec={"name": "IDEA_D", "target_policy": "STRATIFIED", "evaluation_policy": "E2_ORDERED_K16", "traversal_policy": "COVERAGE", "max_targets": 200, "k_per_target": 16, "family_round_robin": false, "relocation_side_reserve": 0, "waiting_age": false, "route_coverage": true, "multi_anchor": false, "exact_dedup": false, "decision_cache": false, "return_action": false, "cache_structural_skips": true, "window_slack_mm": 1e-05, "notes": ""}
[559500.6] IDEA_D_R2880: start state=main C:\Users\lihao\Desktop\Graduation Project\OpticalWaveguideRouter3D\outputs\3d_strategy_v3\512_ablation\D_both_enabled pairs=42909
[559512.2] IDEA_D_R2880: INITIAL_DONE pairs=42909
[559513.8] IDEA_D_R2880: step 1 NO_CANDIDATES_GENERATED pairs=42909 evals=0 2s
[559515.0] IDEA_D_R2880: step 2 NO_CANDIDATES_GENERATED pairs=42909 evals=0 3s
[559515.4] IDEA_D_R2880: step 3 NO_CANDIDATES_GENERATED pairs=42909 evals=0 3s
[559541.0] IDEA_D_R2880: step 4 ELEVATED pairs=42666 evals=16 29s
[559543.7] IDEA_D_R2880: step 5 NO_CANDIDATES_GENERATED pairs=42666 evals=16 32s
[559544.2] IDEA_D_R2880: step 6 NO_CANDIDATES_GENERATED pairs=42666 evals=16 32s
[559545.5] IDEA_D_R2880: step 7 NO_CANDIDATES_GENERATED pairs=42666 evals=16 33s
[559548.0] IDEA_D_R2880: step 8 NO_CANDIDATES_GENERATED pairs=42666 evals=16 36s
[559561.9] IDEA_D_R2880: step 9 ELEVATED pairs=42420 evals=32 50s
[559590.2] IDEA_D_R2880: step 10 ELEVATED pairs=42242 evals=48 78s
[559591.2] IDEA_D_R2880: step 11 NO_CANDIDATES_GENERATED pairs=42242 evals=48 79s
[559614.3] IDEA_D_R2880: step 12 ELEVATED pairs=41988 evals=64 102s
[559639.2] IDEA_D_R2880: step 13 ELEVATED pairs=41788 evals=80 127s
[559640.7] IDEA_D_R2880: step 14 NO_CANDIDATES_GENERATED pairs=41788 evals=80 129s
[559667.4] IDEA_D_R2880: step 15 ELEVATED pairs=41539 evals=96 155s
[559668.9] IDEA_D_R2880: step 16 NO_CANDIDATES_GENERATED pairs=41539 evals=96 157s
[559670.4] IDEA_D_R2880: step 17 NO_CANDIDATES_GENERATED pairs=41539 evals=96 158s
[559678.9] IDEA_D_R2880: step 18 ELEVATED pairs=41282 evals=112 167s
[559680.3] IDEA_D_R2880: step 19 NO_CANDIDATES_GENERATED pairs=41282 evals=112 168s
[559715.3] IDEA_D_R2880: step 20 PREFIX_EVALUATED_NO_WINNER_DEFERRED pairs=41282 evals=128 203s
[559733.7] IDEA_D_R2880: step 21 ELEVATED pairs=41054 evals=144 222s
[559761.0] IDEA_D_R2880: step 22 ELEVATED pairs=40823 evals=160 249s
[559762.6] IDEA_D_R2880: step 23 NO_CANDIDATES_GENERATED pairs=40823 evals=160 251s
[559774.8] IDEA_D_R2880: step 24 ELEVATED pairs=40610 evals=176 263s
[559821.5] IDEA_D_R2880: step 25 ELEVATED pairs=40484 evals=192 310s
[559823.7] IDEA_D_R2880: step 26 NO_CANDIDATES_GENERATED pairs=40484 evals=192 312s
[559842.2] IDEA_D_R2880: step 27 ELEVATED pairs=40267 evals=208 330s
[559878.7] IDEA_D_R2880: step 28 ELEVATED pairs=40141 evals=224 367s
[559887.7] IDEA_D_R2880: step 29 PREFIX_EVALUATED_NO_WINNER_DEFERRED pairs=40141 evals=240 376s
[559902.6] IDEA_D_R2880: step 30 ELEVATED pairs=39890 evals=256 391s
[559903.3] IDEA_D_R2880: step 31 NO_CANDIDATES_GENERATED pairs=39890 evals=256 391s
[559912.8] IDEA_D_R2880: step 32 PREFIX_EVALUATED_NO_WINNER_DEFERRED pairs=39890 evals=272 401s
[559935.9] IDEA_D_R2880: step 33 ELEVATED pairs=39734 evals=288 424s
[559937.5] IDEA_D_R2880: step 34 NO_CANDIDATES_GENERATED pairs=39734 evals=288 426s
[559944.7] IDEA_D_R2880: step 35 PREFIX_EVALUATED_NO_WINNER_DEFERRED pairs=39734 evals=304 433s
[559965.8] IDEA_D_R2880: step 36 ELEVATED pairs=39543 evals=320 454s
[559967.4] IDEA_D_R2880: step 37 NO_CANDIDATES_GENERATED pairs=39543 evals=320 455s
[559974.5] IDEA_D_R2880: step 38 PREFIX_EVALUATED_NO_WINNER_DEFERRED pairs=39543 evals=336 463s
[559998.7] IDEA_D_R2880: step 39 ELEVATED pairs=39354 evals=352 487s
[559999.4] IDEA_D_R2880: step 40 NO_CANDIDATES_GENERATED pairs=39354 evals=352 487s
[560008.1] IDEA_D_R2880: step 41 PREFIX_EVALUATED_NO_WINNER_DEFERRED pairs=39354 evals=368 496s
[560025.9] IDEA_D_R2880: step 42 ELEVATED pairs=39123 evals=384 514s
[560027.9] IDEA_D_R2880: step 43 NO_CANDIDATES_GENERATED pairs=39123 evals=384 516s
[560047.2] IDEA_D_R2880: step 44 PREFIX_EVALUATED_NO_WINNER_DEFERRED pairs=39123 evals=400 535s
[560071.3] IDEA_D_R2880: step 45 ELEVATED pairs=38980 evals=416 559s
[560072.1] IDEA_D_R2880: step 46 NO_CANDIDATES_GENERATED pairs=38980 evals=416 560s
[560107.3] IDEA_D_R2880: step 47 PREFIX_EVALUATED_NO_WINNER_DEFERRED pairs=38980 evals=432 595s
[560128.1] IDEA_D_R2880: step 48 ELEVATED pairs=38819 evals=448 616s
[560129.0] IDEA_D_R2880: step 49 NO_CANDIDATES_GENERATED pairs=38819 evals=448 617s
[560144.0] IDEA_D_R2880: step 50 PREFIX_EVALUATED_NO_WINNER_DEFERRED pairs=38819 evals=464 632s
[560160.8] IDEA_D_R2880: step 51 ELEVATED pairs=38614 evals=480 649s
[560162.2] IDEA_D_R2880: step 52 NO_CANDIDATES_GENERATED pairs=38614 evals=480 650s
[560163.5] IDEA_D_R2880: step 53 NO_CANDIDATES_GENERATED pairs=38614 evals=480 652s
[560180.7] IDEA_D_R2880: step 54 ELEVATED pairs=38474 evals=496 669s
[560181.8] IDEA_D_R2880: step 55 NO_CANDIDATES_GENERATED pairs=38474 evals=496 670s
[560197.8] IDEA_D_R2880: step 56 PREFIX_EVALUATED_NO_WINNER_DEFERRED pairs=38474 evals=512 686s
[560210.9] IDEA_D_R2880: step 57 ELEVATED pairs=38243 evals=528 699s
[560211.9] IDEA_D_R2880: step 58 NO_CANDIDATES_GENERATED pairs=38243 evals=528 700s
[560224.7] IDEA_D_R2880: step 59 PREFIX_EVALUATED_NO_WINNER_DEFERRED pairs=38243 evals=544 713s
[560236.7] IDEA_D_R2880: step 60 ELEVATED pairs=38041 evals=560 725s
[560238.1] IDEA_D_R2880: step 61 NO_CANDIDATES_GENERATED pairs=38041 evals=560 726s
[560251.4] IDEA_D_R2880: step 62 PREFIX_EVALUATED_NO_WINNER_DEFERRED pairs=38041 evals=576 739s
[560274.4] IDEA_D_R2880: step 63 ELEVATED pairs=37864 evals=592 762s
[560276.3] IDEA_D_R2880: step 64 NO_CANDIDATES_GENERATED pairs=37864 evals=592 764s
[560291.8] IDEA_D_R2880: step 65 RELOCATED pairs=37831 evals=608 780s
[560311.1] IDEA_D_R2880: step 66 ELEVATED pairs=37679 evals=624 799s
[560312.9] IDEA_D_R2880: step 67 NO_CANDIDATES_GENERATED pairs=37679 evals=624 801s
[560325.9] IDEA_D_R2880: step 68 PREFIX_EVALUATED_NO_WINNER_DEFERRED pairs=37679 evals=640 814s
[560345.6] IDEA_D_R2880: step 69 ELEVATED pairs=37463 evals=656 834s
[560346.8] IDEA_D_R2880: step 70 NO_CANDIDATES_GENERATED pairs=37463 evals=656 835s
[560366.1] IDEA_D_R2880: step 71 PREFIX_EVALUATED_NO_WINNER_DEFERRED pairs=37463 evals=672 854s
[560382.2] IDEA_D_R2880: step 72 ELEVATED pairs=37250 evals=688 870s
[560383.4] IDEA_D_R2880: step 73 NO_CANDIDATES_GENERATED pairs=37250 evals=688 871s
[560395.1] IDEA_D_R2880: step 74 PREFIX_EVALUATED_NO_WINNER_DEFERRED pairs=37250 evals=704 883s
[560411.6] IDEA_D_R2880: step 75 ELEVATED pairs=37039 evals=720 900s
[560412.7] IDEA_D_R2880: step 76 NO_CANDIDATES_GENERATED pairs=37039 evals=720 901s
[560424.3] IDEA_D_R2880: step 77 PREFIX_EVALUATED_NO_WINNER_DEFERRED pairs=37039 evals=736 912s
[560440.0] IDEA_D_R2880: step 78 ELEVATED pairs=36829 evals=752 928s
[560441.3] IDEA_D_R2880: step 79 NO_CANDIDATES_GENERATED pairs=36829 evals=752 929s
[560453.0] IDEA_D_R2880: step 80 PREFIX_EVALUATED_NO_WINNER_DEFERRED pairs=36829 evals=768 941s
[560467.7] IDEA_D_R2880: step 81 ELEVATED pairs=36621 evals=784 956s
[560468.9] IDEA_D_R2880: step 82 NO_CANDIDATES_GENERATED pairs=36621 evals=784 957s
[560470.2] IDEA_D_R2880: step 83 NO_CANDIDATES_GENERATED pairs=36621 evals=784 958s
[560480.2] IDEA_D_R2880: step 84 ELEVATED pairs=36447 evals=800 968s
[560481.4] IDEA_D_R2880: step 85 NO_CANDIDATES_GENERATED pairs=36447 evals=800 969s
[560482.7] IDEA_D_R2880: step 86 NO_CANDIDATES_GENERATED pairs=36447 evals=800 971s
[560492.5] IDEA_D_R2880: step 87 ELEVATED pairs=36275 evals=816 981s
[560493.9] IDEA_D_R2880: step 88 NO_CANDIDATES_GENERATED pairs=36275 evals=816 982s
[560502.3] IDEA_D_R2880: step 89 PREFIX_EVALUATED_NO_WINNER_DEFERRED pairs=36275 evals=832 990s
[560512.1] IDEA_D_R2880: step 90 ELEVATED pairs=36071 evals=848 1000s
[560513.6] IDEA_D_R2880: step 91 NO_CANDIDATES_GENERATED pairs=36071 evals=848 1002s
[560534.3] IDEA_D_R2880: step 92 RELOCATED pairs=35999 evals=864 1022s
[560545.1] IDEA_D_R2880: step 93 ELEVATED pairs=35813 evals=880 1033s
[560546.5] IDEA_D_R2880: step 94 NO_CANDIDATES_GENERATED pairs=35813 evals=880 1035s
[560547.7] IDEA_D_R2880: step 95 NO_CANDIDATES_GENERATED pairs=35813 evals=880 1036s
[560562.4] IDEA_D_R2880: step 96 ELEVATED pairs=35698 evals=896 1050s
[560563.8] IDEA_D_R2880: step 97 NO_CANDIDATES_GENERATED pairs=35698 evals=896 1052s
[560588.8] IDEA_D_R2880: step 98 PREFIX_EVALUATED_NO_WINNER_DEFERRED pairs=35698 evals=912 1077s
[560605.1] IDEA_D_R2880: step 99 ELEVATED pairs=35486 evals=928 1093s
[560606.5] IDEA_D_R2880: step 100 NO_CANDIDATES_GENERATED pairs=35486 evals=928 1094s
[560618.4] IDEA_D_R2880: step 101 PREFIX_EVALUATED_NO_WINNER_DEFERRED pairs=35486 evals=944 1106s
[560633.9] IDEA_D_R2880: step 102 ELEVATED pairs=35276 evals=960 1122s
[560639.4] IDEA_D_R2880: step 103 ALL_CANDIDATES_REJECTED pairs=35276 evals=969 1127s
[560651.0] IDEA_D_R2880: step 104 PREFIX_EVALUATED_NO_WINNER_DEFERRED pairs=35276 evals=985 1139s
[560665.9] IDEA_D_R2880: step 105 ELEVATED pairs=35068 evals=1001 1154s
[560667.3] IDEA_D_R2880: step 106 NO_CANDIDATES_GENERATED pairs=35068 evals=1001 1155s
[560668.7] IDEA_D_R2880: step 107 NO_CANDIDATES_GENERATED pairs=35068 evals=1001 1157s
[560683.1] IDEA_D_R2880: step 108 ELEVATED pairs=34862 evals=1017 1171s
[560684.4] IDEA_D_R2880: step 109 NO_CANDIDATES_GENERATED pairs=34862 evals=1017 1172s
[560697.7] IDEA_D_R2880: step 110 PREFIX_EVALUATED_NO_WINNER_DEFERRED pairs=34862 evals=1033 1186s
[560711.5] IDEA_D_R2880: step 111 ELEVATED pairs=34657 evals=1049 1200s
[560713.0] IDEA_D_R2880: step 112 NO_CANDIDATES_GENERATED pairs=34657 evals=1049 1201s
[560724.1] IDEA_D_R2880: step 113 PREFIX_EVALUATED_NO_WINNER_DEFERRED pairs=34657 evals=1065 1212s
[560736.4] IDEA_D_R2880: step 114 ELEVATED pairs=34583 evals=1081 1224s
[560737.9] IDEA_D_R2880: step 115 NO_CANDIDATES_GENERATED pairs=34583 evals=1081 1226s
[560751.8] IDEA_D_R2880: step 116 PREFIX_EVALUATED_NO_WINNER_DEFERRED pairs=34583 evals=1097 1240s
[560752.0] IDEA_D_R2880: step 117 NO_CANDIDATES_GENERATED pairs=34583 evals=1097 1240s
[560753.4] IDEA_D_R2880: step 118 NO_CANDIDATES_GENERATED pairs=34583 evals=1097 1241s
[560762.5] IDEA_D_R2880: step 119 PREFIX_EVALUATED_NO_WINNER_DEFERRED pairs=34583 evals=1113 1251s
[560762.7] IDEA_D_R2880: step 120 NO_CANDIDATES_GENERATED pairs=34583 evals=1113 1251s
[560764.1] IDEA_D_R2880: step 121 NO_CANDIDATES_GENERATED pairs=34583 evals=1113 1252s
[560773.4] IDEA_D_R2880: step 122 PREFIX_EVALUATED_NO_WINNER_DEFERRED pairs=34583 evals=1129 1261s
[560773.6] IDEA_D_R2880: step 123 NO_CANDIDATES_GENERATED pairs=34583 evals=1129 1262s
[560786.7] IDEA_D_R2880: step 124 ELEVATED pairs=34469 evals=1145 1275s
[560794.9] IDEA_D_R2880: step 125 PREFIX_EVALUATED_NO_WINNER_DEFERRED pairs=34469 evals=1161 1283s
[560811.2] IDEA_D_R2880: step 126 ELEVATED pairs=34276 evals=1177 1299s
[560812.5] IDEA_D_R2880: step 127 NO_CANDIDATES_GENERATED pairs=34276 evals=1177 1301s
[560821.9] IDEA_D_R2880: step 128 PREFIX_EVALUATED_NO_WINNER_DEFERRED pairs=34276 evals=1193 1310s
[560838.9] IDEA_D_R2880: step 129 ELEVATED pairs=34088 evals=1209 1327s
[560840.3] IDEA_D_R2880: step 130 NO_CANDIDATES_GENERATED pairs=34088 evals=1209 1328s
[560850.0] IDEA_D_R2880: step 131 PREFIX_EVALUATED_NO_WINNER_DEFERRED pairs=34088 evals=1225 1338s
[560865.4] IDEA_D_R2880: step 132 ELEVATED pairs=33897 evals=1241 1353s
[560866.6] IDEA_D_R2880: step 133 NO_CANDIDATES_GENERATED pairs=33897 evals=1241 1355s
[560874.7] IDEA_D_R2880: step 134 PREFIX_EVALUATED_NO_WINNER_DEFERRED pairs=33897 evals=1257 1363s
[560893.4] IDEA_D_R2880: step 135 ELEVATED pairs=33711 evals=1273 1381s
[560894.7] IDEA_D_R2880: step 136 NO_CANDIDATES_GENERATED pairs=33711 evals=1273 1383s
[560908.4] IDEA_D_R2880: step 137 PREFIX_EVALUATED_NO_WINNER_DEFERRED pairs=33711 evals=1289 1396s
[560920.4] IDEA_D_R2880: step 138 ELEVATED pairs=33623 evals=1305 1408s
[560921.6] IDEA_D_R2880: step 139 NO_CANDIDATES_GENERATED pairs=33623 evals=1305 1410s
[560934.6] IDEA_D_R2880: step 140 PREFIX_EVALUATED_NO_WINNER_DEFERRED pairs=33623 evals=1321 1423s
[560955.3] IDEA_D_R2880: step 141 ELEVATED pairs=33439 evals=1337 1443s
[560956.6] IDEA_D_R2880: step 142 NO_CANDIDATES_GENERATED pairs=33439 evals=1337 1445s
[560966.7] IDEA_D_R2880: step 143 PREFIX_EVALUATED_NO_WINNER_DEFERRED pairs=33439 evals=1353 1455s
[560976.6] IDEA_D_R2880: step 144 ELEVATED pairs=33249 evals=1369 1465s
[560992.3] IDEA_D_R2880: step 145 ELEVATED pairs=33108 evals=1385 1480s
[561008.9] IDEA_D_R2880: step 146 RELOCATED pairs=33089 evals=1401 1497s
[561029.7] IDEA_D_R2880: step 147 ELEVATED pairs=32927 evals=1417 1518s
[561047.6] IDEA_D_R2880: step 148 ELEVATED pairs=32764 evals=1433 1536s
[561067.5] IDEA_D_R2880: step 149 PREFIX_EVALUATED_NO_WINNER_DEFERRED pairs=32764 evals=1449 1555s
[561079.5] IDEA_D_R2880: step 150 ELEVATED pairs=32578 evals=1465 1568s
[561090.0] IDEA_D_R2880: step 151 PREFIX_EVALUATED_NO_WINNER_DEFERRED pairs=32578 evals=1481 1578s
[561098.2] IDEA_D_R2880: step 152 PREFIX_EVALUATED_NO_WINNER_DEFERRED pairs=32578 evals=1497 1586s
[561108.1] IDEA_D_R2880: step 153 ELEVATED pairs=32409 evals=1513 1596s
[561121.6] IDEA_D_R2880: step 154 ELEVATED pairs=32307 evals=1529 1610s
[561132.4] IDEA_D_R2880: step 155 PREFIX_EVALUATED_NO_WINNER_DEFERRED pairs=32307 evals=1545 1620s
[561142.5] IDEA_D_R2880: step 156 ELEVATED pairs=32195 evals=1561 1630s
[561143.8] IDEA_D_R2880: step 157 NO_CANDIDATES_GENERATED pairs=32195 evals=1561 1632s
[561152.2] IDEA_D_R2880: step 158 PREFIX_EVALUATED_NO_WINNER_DEFERRED pairs=32195 evals=1577 1640s
[561161.9] IDEA_D_R2880: step 159 ELEVATED pairs=32082 evals=1593 1650s
[561180.2] IDEA_D_R2880: step 160 ELEVATED pairs=31950 evals=1609 1668s
[561192.2] IDEA_D_R2880: step 161 RELOCATED pairs=31890 evals=1625 1680s
[561201.6] IDEA_D_R2880: step 162 ELEVATED pairs=31771 evals=1641 1690s
[561202.9] IDEA_D_R2880: step 163 NO_CANDIDATES_GENERATED pairs=31771 evals=1641 1691s
[561217.2] IDEA_D_R2880: step 164 PREFIX_EVALUATED_NO_WINNER_DEFERRED pairs=31771 evals=1657 1705s
[561229.3] IDEA_D_R2880: step 165 ELEVATED pairs=31729 evals=1673 1717s
[561247.8] IDEA_D_R2880: step 166 ELEVATED pairs=31598 evals=1689 1736s
[561258.9] IDEA_D_R2880: step 167 PREFIX_EVALUATED_NO_WINNER_DEFERRED pairs=31598 evals=1705 1747s
[561270.1] IDEA_D_R2880: step 168 PREFIX_EVALUATED_NO_WINNER_DEFERRED pairs=31598 evals=1721 1758s
[561284.0] IDEA_D_R2880: step 169 RELOCATED pairs=31557 evals=1737 1772s
[561294.4] IDEA_D_R2880: step 170 PREFIX_EVALUATED_NO_WINNER_DEFERRED pairs=31557 evals=1753 1782s
[561305.2] IDEA_D_R2880: step 171 ELEVATED pairs=31430 evals=1769 1793s
[561306.4] IDEA_D_R2880: step 172 NO_CANDIDATES_GENERATED pairs=31430 evals=1769 1794s
[561317.9] IDEA_D_R2880: step 173 PREFIX_EVALUATED_NO_WINNER_DEFERRED pairs=31430 evals=1785 1806s
[561327.7] IDEA_D_R2880: step 174 ELEVATED pairs=31298 evals=1801 1816s
[561328.9] IDEA_D_R2880: step 175 NO_CANDIDATES_GENERATED pairs=31298 evals=1801 1817s
[561335.2] IDEA_D_R2880: step 176 PREFIX_EVALUATED_NO_WINNER_DEFERRED pairs=31298 evals=1817 1823s
[561344.5] IDEA_D_R2880: step 177 ELEVATED pairs=31166 evals=1833 1833s
[561366.3] IDEA_D_R2880: step 178 ELEVATED pairs=31019 evals=1849 1854s
[561379.7] IDEA_D_R2880: step 179 PREFIX_EVALUATED_NO_WINNER_DEFERRED pairs=31019 evals=1865 1868s
[561393.0] IDEA_D_R2880: step 180 ELEVATED pairs=30854 evals=1881 1881s
[561405.9] IDEA_D_R2880: step 181 RELOCATED pairs=30813 evals=1897 1894s
[561418.7] IDEA_D_R2880: step 182 PREFIX_EVALUATED_NO_WINNER_DEFERRED pairs=30813 evals=1913 1907s
[561429.9] IDEA_D_R2880: step 183 ELEVATED pairs=30650 evals=1929 1918s
[561444.8] IDEA_D_R2880: step 184 PREFIX_EVALUATED_NO_WINNER_DEFERRED pairs=30650 evals=1945 1933s
[561467.7] IDEA_D_R2880: step 185 RELOCATED pairs=30619 evals=1961 1956s
[561481.6] IDEA_D_R2880: step 186 ELEVATED pairs=30457 evals=1977 1970s
[561492.9] IDEA_D_R2880: step 187 RELOCATED pairs=30452 evals=1993 1981s
[561504.3] IDEA_D_R2880: step 188 PREFIX_EVALUATED_NO_WINNER_DEFERRED pairs=30452 evals=2009 1992s
[561504.4] IDEA_D_R2880: step 189 NO_CANDIDATES_GENERATED pairs=30452 evals=2009 1992s
[561517.2] IDEA_D_R2880: step 190 RELOCATED pairs=30431 evals=2025 2005s
[561526.2] IDEA_D_R2880: step 191 RELOCATED pairs=30404 evals=2041 2014s
[561533.8] IDEA_D_R2880: step 192 ELEVATED pairs=30279 evals=2057 2022s
[561545.6] IDEA_D_R2880: step 193 RELOCATED pairs=30275 evals=2073 2034s
[561562.3] IDEA_D_R2880: step 194 PREFIX_EVALUATED_NO_WINNER_DEFERRED pairs=30275 evals=2089 2050s
[561581.0] IDEA_D_R2880: step 195 ELEVATED pairs=30218 evals=2105 2069s
[561591.3] IDEA_D_R2880: step 196 PREFIX_EVALUATED_NO_WINNER_DEFERRED pairs=30218 evals=2121 2079s
[561609.7] IDEA_D_R2880: step 197 PREFIX_EVALUATED_NO_WINNER_DEFERRED pairs=30218 evals=2137 2098s
[561621.0] IDEA_D_R2880: step 198 ELEVATED pairs=30109 evals=2153 2109s
[561630.3] IDEA_D_R2880: step 199 RELOCATED pairs=30092 evals=2169 2118s
[561636.5] IDEA_D_R2880: step 200 PREFIX_EVALUATED_NO_WINNER_DEFERRED pairs=30092 evals=2185 2124s
[561636.9] IDEA_D_R2880: done final=30092 moves=84 first=72 reloc=12 ret=0 evals=2185 stop=TARGET_LIMIT
[561700.8] IDEA_D_R2880: recheck PASS checks=130816
