[602925.2] P4_A_FAMILY_CAP60_N2880: start mode=N budget=2880 spec={"name": "P4_A_FAMILY_CAP60", "target_policy": "LEGACY", "evaluation_policy": "E2_ORDERED_K16", "traversal_policy": "BASE", "max_targets": 2000, "k_per_target": 16, "family_round_robin": true, "relocation_side_reserve": 0, "waiting_age": false, "route_coverage": false, "multi_anchor": false, "exact_dedup": false, "decision_cache": false, "return_action": false, "cache_structural_skips": false, "window_slack_mm": 1e-05, "generation_domain": "LINE_ONLY", "path_window_settings": null, "stage_length_cap_mm": 60.0, "notes": ""}
[602925.2] P4_A_FAMILY_CAP60_N2880: start state=main C:\Users\lihao\Desktop\Graduation Project\OpticalWaveguideRouter3D\outputs\3d_strategy_v3\512_ablation\D_both_enabled pairs=42909
[602929.6] P4_A_FAMILY_CAP60_N2880: INITIAL_DONE pairs=42909
[602929.7] P4_A_FAMILY_CAP60_N2880: step 1 NO_CANDIDATES_GENERATED pairs=42909 evals=0 0s
[602929.9] P4_A_FAMILY_CAP60_N2880: step 2 NO_CANDIDATES_GENERATED pairs=42909 evals=0 0s
[602937.9] P4_A_FAMILY_CAP60_N2880: step 3 ELEVATED pairs=42653 evals=16 8s
[602948.9] P4_A_FAMILY_CAP60_N2880: step 4 ELEVATED pairs=42440 evals=32 19s
[602960.5] P4_A_FAMILY_CAP60_N2880: step 5 ELEVATED pairs=42218 evals=48 31s
[602971.7] P4_A_FAMILY_CAP60_N2880: step 6 ELEVATED pairs=41998 evals=64 42s
[602981.0] P4_A_FAMILY_CAP60_N2880: step 7 ELEVATED pairs=41742 evals=80 51s
[602992.2] P4_A_FAMILY_CAP60_N2880: step 8 ELEVATED pairs=41524 evals=96 63s
[603000.4] P4_A_FAMILY_CAP60_N2880: step 9 ELEVATED pairs=41274 evals=112 71s
[603008.7] P4_A_FAMILY_CAP60_N2880: step 10 ELEVATED pairs=41024 evals=128 79s
[603016.8] P4_A_FAMILY_CAP60_N2880: step 11 ELEVATED pairs=40772 evals=144 87s
[603024.6] P4_A_FAMILY_CAP60_N2880: step 12 ELEVATED pairs=40524 evals=160 95s
[603035.5] P4_A_FAMILY_CAP60_N2880: step 13 ELEVATED pairs=40314 evals=176 106s
[603043.2] P4_A_FAMILY_CAP60_N2880: step 14 ELEVATED pairs=40068 evals=192 114s
[603056.9] P4_A_FAMILY_CAP60_N2880: step 15 ELEVATED pairs=39859 evals=208 127s
[603072.0] P4_A_FAMILY_CAP60_N2880: step 16 ELEVATED pairs=39652 evals=224 142s
[603081.5] P4_A_FAMILY_CAP60_N2880: step 17 ELEVATED pairs=39463 evals=240 152s
[603087.9] P4_A_FAMILY_CAP60_N2880: step 18 ELEVATED pairs=39221 evals=256 158s
[603096.5] P4_A_FAMILY_CAP60_N2880: step 19 ELEVATED pairs=38991 evals=272 167s
[603107.2] P4_A_FAMILY_CAP60_N2880: step 20 ELEVATED pairs=38838 evals=288 177s
[603115.6] P4_A_FAMILY_CAP60_N2880: step 21 ELEVATED pairs=38599 evals=304 186s
[603123.6] P4_A_FAMILY_CAP60_N2880: step 22 ELEVATED pairs=38376 evals=320 194s
[603129.8] P4_A_FAMILY_CAP60_N2880: step 23 ELEVATED pairs=38148 evals=336 200s
[603142.7] P4_A_FAMILY_CAP60_N2880: step 24 ELEVATED pairs=37927 evals=352 213s
[603149.3] P4_A_FAMILY_CAP60_N2880: step 25 ELEVATED pairs=37701 evals=368 220s
[603156.0] P4_A_FAMILY_CAP60_N2880: step 26 ELEVATED pairs=37476 evals=384 226s
[603170.4] P4_A_FAMILY_CAP60_N2880: step 27 ELEVATED pairs=37285 evals=400 241s
[603182.6] P4_A_FAMILY_CAP60_N2880: step 28 ELEVATED pairs=37126 evals=416 253s
[603195.2] P4_A_FAMILY_CAP60_N2880: step 29 ELEVATED pairs=36969 evals=432 266s
[603212.4] P4_A_FAMILY_CAP60_N2880: step 30 ELEVATED pairs=36778 evals=448 283s
[603224.2] P4_A_FAMILY_CAP60_N2880: step 31 ELEVATED pairs=36525 evals=464 294s
[603236.3] P4_A_FAMILY_CAP60_N2880: step 32 ELEVATED pairs=36365 evals=480 307s
[603236.5] P4_A_FAMILY_CAP60_N2880: step 33 NO_CANDIDATES_GENERATED pairs=36365 evals=480 307s
[603236.7] P4_A_FAMILY_CAP60_N2880: step 34 NO_CANDIDATES_GENERATED pairs=36365 evals=480 307s
[603246.0] P4_A_FAMILY_CAP60_N2880: step 35 ELEVATED pairs=36160 evals=496 316s
[603254.9] P4_A_FAMILY_CAP60_N2880: step 36 ELEVATED pairs=35958 evals=512 325s
[603263.0] P4_A_FAMILY_CAP60_N2880: step 37 ELEVATED pairs=35818 evals=528 333s
[603277.1] P4_A_FAMILY_CAP60_N2880: step 38 ELEVATED pairs=35612 evals=544 347s
[603283.8] P4_A_FAMILY_CAP60_N2880: step 39 ELEVATED pairs=35417 evals=560 354s
[603297.7] P4_A_FAMILY_CAP60_N2880: step 40 ELEVATED pairs=35213 evals=576 368s
[603311.0] P4_A_FAMILY_CAP60_N2880: step 41 ELEVATED pairs=35010 evals=592 381s
[603320.4] P4_A_FAMILY_CAP60_N2880: step 42 ELEVATED pairs=34768 evals=608 391s
[603334.3] P4_A_FAMILY_CAP60_N2880: step 43 ELEVATED pairs=34567 evals=624 405s
[603347.2] P4_A_FAMILY_CAP60_N2880: step 44 ELEVATED pairs=34447 evals=640 418s
[603360.1] P4_A_FAMILY_CAP60_N2880: step 45 ELEVATED pairs=34247 evals=656 430s
[603373.0] P4_A_FAMILY_CAP60_N2880: step 46 ELEVATED pairs=34042 evals=672 443s
[603386.5] P4_A_FAMILY_CAP60_N2880: step 47 ELEVATED pairs=33844 evals=688 457s
[603399.4] P4_A_FAMILY_CAP60_N2880: step 48 ELEVATED pairs=33726 evals=704 470s
[603413.1] P4_A_FAMILY_CAP60_N2880: step 49 ELEVATED pairs=33529 evals=720 483s
[603425.2] P4_A_FAMILY_CAP60_N2880: step 50 ELEVATED pairs=33337 evals=736 496s
[603438.2] P4_A_FAMILY_CAP60_N2880: step 51 ELEVATED pairs=33142 evals=752 509s
[603450.3] P4_A_FAMILY_CAP60_N2880: step 52 ELEVATED pairs=32952 evals=768 521s
[603463.6] P4_A_FAMILY_CAP60_N2880: step 53 ELEVATED pairs=32758 evals=784 534s
[603475.5] P4_A_FAMILY_CAP60_N2880: step 54 ELEVATED pairs=32569 evals=800 546s
[603488.5] P4_A_FAMILY_CAP60_N2880: step 55 ELEVATED pairs=32377 evals=816 559s
[603501.3] P4_A_FAMILY_CAP60_N2880: step 56 ELEVATED pairs=32190 evals=832 572s
[603515.0] P4_A_FAMILY_CAP60_N2880: step 57 ELEVATED pairs=32004 evals=848 585s
[603528.7] P4_A_FAMILY_CAP60_N2880: step 58 ELEVATED pairs=31882 evals=864 599s
[603545.3] P4_A_FAMILY_CAP60_N2880: step 59 ELEVATED pairs=31651 evals=880 616s
[603556.2] P4_A_FAMILY_CAP60_N2880: step 60 ELEVATED pairs=31440 evals=896 627s
[603566.7] P4_A_FAMILY_CAP60_N2880: step 61 ELEVATED pairs=31252 evals=912 637s
[603581.4] P4_A_FAMILY_CAP60_N2880: step 62 ELEVATED pairs=31023 evals=928 652s
[603591.8] P4_A_FAMILY_CAP60_N2880: step 63 ELEVATED pairs=30837 evals=944 662s
[603606.2] P4_A_FAMILY_CAP60_N2880: step 64 ELEVATED pairs=30610 evals=960 677s
[603616.6] P4_A_FAMILY_CAP60_N2880: step 65 ELEVATED pairs=30426 evals=976 687s
[603631.0] P4_A_FAMILY_CAP60_N2880: step 66 ELEVATED pairs=30201 evals=992 701s
[603641.9] P4_A_FAMILY_CAP60_N2880: step 67 ELEVATED pairs=30018 evals=1008 712s
[603656.0] P4_A_FAMILY_CAP60_N2880: step 68 ELEVATED pairs=29795 evals=1024 726s
[603669.8] P4_A_FAMILY_CAP60_N2880: step 69 ELEVATED pairs=29574 evals=1040 740s
[603677.0] P4_A_FAMILY_CAP60_N2880: step 70 ELEVATED pairs=29437 evals=1056 747s
[603690.3] P4_A_FAMILY_CAP60_N2880: step 71 ELEVATED pairs=29219 evals=1072 761s
[603698.1] P4_A_FAMILY_CAP60_N2880: step 72 ELEVATED pairs=29046 evals=1088 768s
[603705.5] P4_A_FAMILY_CAP60_N2880: step 73 ELEVATED pairs=28907 evals=1104 776s
[603717.9] P4_A_FAMILY_CAP60_N2880: step 74 ELEVATED pairs=28690 evals=1120 788s
[603725.2] P4_A_FAMILY_CAP60_N2880: step 75 ELEVATED pairs=28550 evals=1136 796s
[603732.3] P4_A_FAMILY_CAP60_N2880: step 76 ELEVATED pairs=28409 evals=1152 803s
[603743.7] P4_A_FAMILY_CAP60_N2880: step 77 ELEVATED pairs=28194 evals=1168 814s
[603749.7] P4_A_FAMILY_CAP60_N2880: step 78 ELEVATED pairs=28021 evals=1177 820s
[603755.6] P4_A_FAMILY_CAP60_N2880: step 79 ELEVATED pairs=27850 evals=1186 826s
[603766.2] P4_A_FAMILY_CAP60_N2880: step 80 ELEVATED pairs=27698 evals=1202 836s
[603772.1] P4_A_FAMILY_CAP60_N2880: step 81 ELEVATED pairs=27529 evals=1211 842s
[603783.8] P4_A_FAMILY_CAP60_N2880: step 82 ELEVATED pairs=27354 evals=1227 854s
[603789.2] P4_A_FAMILY_CAP60_N2880: step 83 ELEVATED pairs=27187 evals=1236 860s
[603798.0] P4_A_FAMILY_CAP60_N2880: step 84 ELEVATED pairs=26978 evals=1252 868s
[603808.1] P4_A_FAMILY_CAP60_N2880: step 85 ELEVATED pairs=26963 evals=1268 878s
[603818.3] P4_A_FAMILY_CAP60_N2880: step 86 ELEVATED pairs=26753 evals=1284 889s
[603828.6] P4_A_FAMILY_CAP60_N2880: step 87 ELEVATED pairs=26590 evals=1300 899s
[603834.6] P4_A_FAMILY_CAP60_N2880: step 88 ELEVATED pairs=26388 evals=1316 905s
[603834.7] P4_A_FAMILY_CAP60_N2880: step 89 NO_CANDIDATES_GENERATED pairs=26388 evals=1316 905s
[603834.9] P4_A_FAMILY_CAP60_N2880: step 90 NO_CANDIDATES_GENERATED pairs=26388 evals=1316 905s
[603845.9] P4_A_FAMILY_CAP60_N2880: step 91 ELEVATED pairs=26188 evals=1332 916s
[603856.4] P4_A_FAMILY_CAP60_N2880: step 92 ELEVATED pairs=26060 evals=1348 927s
[603867.1] P4_A_FAMILY_CAP60_N2880: step 93 ELEVATED pairs=25946 evals=1364 937s
[603875.6] P4_A_FAMILY_CAP60_N2880: step 94 ELEVATED pairs=25827 evals=1380 946s
[603887.2] P4_A_FAMILY_CAP60_N2880: step 95 ELEVATED pairs=25665 evals=1396 958s
[603898.7] P4_A_FAMILY_CAP60_N2880: step 96 ELEVATED pairs=25504 evals=1412 969s
[603898.9] P4_A_FAMILY_CAP60_N2880: step 97 NO_CANDIDATES_GENERATED pairs=25504 evals=1412 969s
[603899.1] P4_A_FAMILY_CAP60_N2880: step 98 NO_CANDIDATES_GENERATED pairs=25504 evals=1412 969s
[603899.3] P4_A_FAMILY_CAP60_N2880: step 99 NO_CANDIDATES_GENERATED pairs=25504 evals=1412 970s
[603899.5] P4_A_FAMILY_CAP60_N2880: step 100 NO_CANDIDATES_GENERATED pairs=25504 evals=1412 970s
[603899.7] P4_A_FAMILY_CAP60_N2880: step 101 NO_CANDIDATES_GENERATED pairs=25504 evals=1412 970s
[603899.8] P4_A_FAMILY_CAP60_N2880: step 102 NO_CANDIDATES_GENERATED pairs=25504 evals=1412 970s
[603911.3] P4_A_FAMILY_CAP60_N2880: step 103 ELEVATED pairs=25345 evals=1428 982s
[603927.1] P4_A_FAMILY_CAP60_N2880: step 104 ELEVATED pairs=25187 evals=1444 997s
[603939.1] P4_A_FAMILY_CAP60_N2880: step 105 ELEVATED pairs=24999 evals=1460 1009s
[603952.6] P4_A_FAMILY_CAP60_N2880: step 106 ELEVATED pairs=24813 evals=1476 1023s
[603960.7] P4_A_FAMILY_CAP60_N2880: step 107 ELEVATED pairs=24670 evals=1492 1031s
[603976.5] P4_A_FAMILY_CAP60_N2880: step 108 ELEVATED pairs=24486 evals=1508 1047s
[603987.8] P4_A_FAMILY_CAP60_N2880: step 109 ELEVATED pairs=24329 evals=1524 1058s
[604003.9] P4_A_FAMILY_CAP60_N2880: step 110 ELEVATED pairs=24147 evals=1540 1074s
[604015.1] P4_A_FAMILY_CAP60_N2880: step 111 ELEVATED pairs=23992 evals=1556 1085s
[604026.3] P4_A_FAMILY_CAP60_N2880: step 112 ELEVATED pairs=23839 evals=1572 1097s
[604038.0] P4_A_FAMILY_CAP60_N2880: step 113 ELEVATED pairs=23694 evals=1588 1108s
[604049.4] P4_A_FAMILY_CAP60_N2880: step 114 ELEVATED pairs=23552 evals=1604 1120s
[604065.1] P4_A_FAMILY_CAP60_N2880: step 115 ELEVATED pairs=23396 evals=1620 1135s
[604080.1] P4_A_FAMILY_CAP60_N2880: step 116 ELEVATED pairs=23290 evals=1636 1150s
[604095.1] P4_A_FAMILY_CAP60_N2880: step 117 ELEVATED pairs=23186 evals=1652 1165s
[604106.1] P4_A_FAMILY_CAP60_N2880: step 118 ELEVATED pairs=23054 evals=1668 1176s
[604117.4] P4_A_FAMILY_CAP60_N2880: step 119 ELEVATED pairs=22938 evals=1684 1188s
[604129.4] P4_A_FAMILY_CAP60_N2880: step 120 ELEVATED pairs=22837 evals=1693 1200s
[604139.4] P4_A_FAMILY_CAP60_N2880: step 121 ELEVATED pairs=22691 evals=1709 1210s
[604148.3] P4_A_FAMILY_CAP60_N2880: step 122 ELEVATED pairs=22553 evals=1725 1219s
[604158.3] P4_A_FAMILY_CAP60_N2880: step 123 ELEVATED pairs=22417 evals=1741 1229s
[604167.6] P4_A_FAMILY_CAP60_N2880: step 124 ELEVATED pairs=22274 evals=1757 1238s
[604176.3] P4_A_FAMILY_CAP60_N2880: step 125 ELEVATED pairs=22140 evals=1773 1247s
[604185.9] P4_A_FAMILY_CAP60_N2880: step 126 ELEVATED pairs=22000 evals=1789 1256s
[604213.0] P4_A_FAMILY_CAP60_N2880: step 127 ELEVATED pairs=21884 evals=1805 1283s
[604239.2] P4_A_FAMILY_CAP60_N2880: step 128 ELEVATED pairs=21762 evals=1821 1309s
[604263.6] P4_A_FAMILY_CAP60_N2880: step 129 ELEVATED pairs=21651 evals=1837 1334s
[604287.4] P4_A_FAMILY_CAP60_N2880: step 130 ELEVATED pairs=21539 evals=1853 1358s
[604297.8] P4_A_FAMILY_CAP60_N2880: step 131 ELEVATED pairs=21450 evals=1869 1368s
[604313.2] P4_A_FAMILY_CAP60_N2880: step 132 ELEVATED pairs=21312 evals=1885 1384s
[604326.6] P4_A_FAMILY_CAP60_N2880: step 133 ELEVATED pairs=21224 evals=1901 1397s
[604333.0] P4_A_FAMILY_CAP60_N2880: step 134 ELEVATED pairs=21076 evals=1917 1403s
[604339.6] P4_A_FAMILY_CAP60_N2880: step 135 ELEVATED pairs=20930 evals=1933 1410s
[604342.3] P4_A_FAMILY_CAP60_N2880: step 136 PREFIX_EVALUATED_NO_WINNER_DEFERRED pairs=20930 evals=1949 1413s
[604345.0] P4_A_FAMILY_CAP60_N2880: step 137 PREFIX_EVALUATED_NO_WINNER_DEFERRED pairs=20930 evals=1965 1415s
[604347.7] P4_A_FAMILY_CAP60_N2880: step 138 PREFIX_EVALUATED_NO_WINNER_DEFERRED pairs=20930 evals=1981 1418s
[604350.3] P4_A_FAMILY_CAP60_N2880: step 139 PREFIX_EVALUATED_NO_WINNER_DEFERRED pairs=20930 evals=1997 1421s
[604352.5] P4_A_FAMILY_CAP60_N2880: step 140 PREFIX_EVALUATED_NO_WINNER_DEFERRED pairs=20930 evals=2013 1423s
[604354.7] P4_A_FAMILY_CAP60_N2880: step 141 PREFIX_EVALUATED_NO_WINNER_DEFERRED pairs=20930 evals=2029 1425s
[604356.8] P4_A_FAMILY_CAP60_N2880: step 142 PREFIX_EVALUATED_NO_WINNER_DEFERRED pairs=20930 evals=2045 1427s
[604358.9] P4_A_FAMILY_CAP60_N2880: step 143 PREFIX_EVALUATED_NO_WINNER_DEFERRED pairs=20930 evals=2061 1429s
[604363.0] P4_A_FAMILY_CAP60_N2880: step 144 PREFIX_EVALUATED_NO_WINNER_DEFERRED pairs=20930 evals=2077 1433s
[604366.9] P4_A_FAMILY_CAP60_N2880: step 145 PREFIX_EVALUATED_NO_WINNER_DEFERRED pairs=20930 evals=2093 1437s
[604370.9] P4_A_FAMILY_CAP60_N2880: step 146 PREFIX_EVALUATED_NO_WINNER_DEFERRED pairs=20930 evals=2109 1441s
[604375.1] P4_A_FAMILY_CAP60_N2880: step 147 PREFIX_EVALUATED_NO_WINNER_DEFERRED pairs=20930 evals=2125 1445s
[604379.1] P4_A_FAMILY_CAP60_N2880: step 148 PREFIX_EVALUATED_NO_WINNER_DEFERRED pairs=20930 evals=2141 1449s
[604379.4] P4_A_FAMILY_CAP60_N2880: step 149 NO_CANDIDATES_GENERATED pairs=20930 evals=2141 1450s
[604383.5] P4_A_FAMILY_CAP60_N2880: step 150 PREFIX_EVALUATED_NO_WINNER_DEFERRED pairs=20930 evals=2157 1454s
[604387.5] P4_A_FAMILY_CAP60_N2880: step 151 PREFIX_EVALUATED_NO_WINNER_DEFERRED pairs=20930 evals=2173 1458s
[604393.2] P4_A_FAMILY_CAP60_N2880: step 152 PREFIX_EVALUATED_NO_WINNER_DEFERRED pairs=20930 evals=2189 1464s
[604397.3] P4_A_FAMILY_CAP60_N2880: step 153 PREFIX_EVALUATED_NO_WINNER_DEFERRED pairs=20930 evals=2205 1468s
[604401.2] P4_A_FAMILY_CAP60_N2880: step 154 PREFIX_EVALUATED_NO_WINNER_DEFERRED pairs=20930 evals=2221 1472s
[604405.2] P4_A_FAMILY_CAP60_N2880: step 155 PREFIX_EVALUATED_NO_WINNER_DEFERRED pairs=20930 evals=2237 1476s
[604409.3] P4_A_FAMILY_CAP60_N2880: step 156 PREFIX_EVALUATED_NO_WINNER_DEFERRED pairs=20930 evals=2253 1480s
[604414.6] P4_A_FAMILY_CAP60_N2880: step 157 PREFIX_EVALUATED_NO_WINNER_DEFERRED pairs=20930 evals=2269 1485s
[604419.8] P4_A_FAMILY_CAP60_N2880: step 158 PREFIX_EVALUATED_NO_WINNER_DEFERRED pairs=20930 evals=2285 1490s
[604425.3] P4_A_FAMILY_CAP60_N2880: step 159 PREFIX_EVALUATED_NO_WINNER_DEFERRED pairs=20930 evals=2301 1496s
[604430.8] P4_A_FAMILY_CAP60_N2880: step 160 PREFIX_EVALUATED_NO_WINNER_DEFERRED pairs=20930 evals=2317 1501s
[604436.4] P4_A_FAMILY_CAP60_N2880: step 161 PREFIX_EVALUATED_NO_WINNER_DEFERRED pairs=20930 evals=2333 1507s
[604442.0] P4_A_FAMILY_CAP60_N2880: step 162 PREFIX_EVALUATED_NO_WINNER_DEFERRED pairs=20930 evals=2349 1512s
[604447.5] P4_A_FAMILY_CAP60_N2880: step 163 PREFIX_EVALUATED_NO_WINNER_DEFERRED pairs=20930 evals=2365 1518s
[604451.4] P4_A_FAMILY_CAP60_N2880: step 164 PREFIX_EVALUATED_NO_WINNER_DEFERRED pairs=20930 evals=2381 1522s
[604455.3] P4_A_FAMILY_CAP60_N2880: step 165 PREFIX_EVALUATED_NO_WINNER_DEFERRED pairs=20930 evals=2397 1526s
[604459.1] P4_A_FAMILY_CAP60_N2880: step 166 PREFIX_EVALUATED_NO_WINNER_DEFERRED pairs=20930 evals=2413 1529s
[604463.0] P4_A_FAMILY_CAP60_N2880: step 167 PREFIX_EVALUATED_NO_WINNER_DEFERRED pairs=20930 evals=2429 1533s
[604463.4] P4_A_FAMILY_CAP60_N2880: step 168 NO_CANDIDATES_GENERATED pairs=20930 evals=2429 1534s
[604466.9] P4_A_FAMILY_CAP60_N2880: step 169 PREFIX_EVALUATED_NO_WINNER_DEFERRED pairs=20930 evals=2445 1537s
[604470.3] P4_A_FAMILY_CAP60_N2880: step 170 PREFIX_EVALUATED_NO_WINNER_DEFERRED pairs=20930 evals=2461 1541s
[604472.9] P4_A_FAMILY_CAP60_N2880: step 171 PREFIX_EVALUATED_NO_WINNER_DEFERRED pairs=20930 evals=2477 1543s
[604475.3] P4_A_FAMILY_CAP60_N2880: step 172 PREFIX_EVALUATED_NO_WINNER_DEFERRED pairs=20930 evals=2493 1546s
[604477.8] P4_A_FAMILY_CAP60_N2880: step 173 PREFIX_EVALUATED_NO_WINNER_DEFERRED pairs=20930 evals=2509 1548s
[604480.3] P4_A_FAMILY_CAP60_N2880: step 174 PREFIX_EVALUATED_NO_WINNER_DEFERRED pairs=20930 evals=2525 1551s
[604483.0] P4_A_FAMILY_CAP60_N2880: step 175 PREFIX_EVALUATED_NO_WINNER_DEFERRED pairs=20930 evals=2541 1553s
[604485.7] P4_A_FAMILY_CAP60_N2880: step 176 PREFIX_EVALUATED_NO_WINNER_DEFERRED pairs=20930 evals=2557 1556s
[604488.7] P4_A_FAMILY_CAP60_N2880: step 177 PREFIX_EVALUATED_NO_WINNER_DEFERRED pairs=20930 evals=2573 1559s
[604491.5] P4_A_FAMILY_CAP60_N2880: step 178 PREFIX_EVALUATED_NO_WINNER_DEFERRED pairs=20930 evals=2589 1562s
[604494.1] P4_A_FAMILY_CAP60_N2880: step 179 PREFIX_EVALUATED_NO_WINNER_DEFERRED pairs=20930 evals=2605 1564s
[604496.5] P4_A_FAMILY_CAP60_N2880: step 180 PREFIX_EVALUATED_NO_WINNER_DEFERRED pairs=20930 evals=2621 1567s
[604499.1] P4_A_FAMILY_CAP60_N2880: step 181 PREFIX_EVALUATED_NO_WINNER_DEFERRED pairs=20930 evals=2637 1569s
[604501.6] P4_A_FAMILY_CAP60_N2880: step 182 PREFIX_EVALUATED_NO_WINNER_DEFERRED pairs=20930 evals=2653 1572s
[604504.2] P4_A_FAMILY_CAP60_N2880: step 183 PREFIX_EVALUATED_NO_WINNER_DEFERRED pairs=20930 evals=2669 1574s
[604506.8] P4_A_FAMILY_CAP60_N2880: step 184 PREFIX_EVALUATED_NO_WINNER_DEFERRED pairs=20930 evals=2685 1577s
[604509.3] P4_A_FAMILY_CAP60_N2880: step 185 PREFIX_EVALUATED_NO_WINNER_DEFERRED pairs=20930 evals=2701 1580s
[604511.8] P4_A_FAMILY_CAP60_N2880: step 186 PREFIX_EVALUATED_NO_WINNER_DEFERRED pairs=20930 evals=2717 1582s
[604514.1] P4_A_FAMILY_CAP60_N2880: step 187 PREFIX_EVALUATED_NO_WINNER_DEFERRED pairs=20930 evals=2733 1584s
[604516.5] P4_A_FAMILY_CAP60_N2880: step 188 PREFIX_EVALUATED_NO_WINNER_DEFERRED pairs=20930 evals=2749 1587s
[604518.8] P4_A_FAMILY_CAP60_N2880: step 189 PREFIX_EVALUATED_NO_WINNER_DEFERRED pairs=20930 evals=2765 1589s
[604521.0] P4_A_FAMILY_CAP60_N2880: step 190 PREFIX_EVALUATED_NO_WINNER_DEFERRED pairs=20930 evals=2781 1591s
[604523.2] P4_A_FAMILY_CAP60_N2880: step 191 PREFIX_EVALUATED_NO_WINNER_DEFERRED pairs=20930 evals=2797 1594s
[604525.3] P4_A_FAMILY_CAP60_N2880: step 192 PREFIX_EVALUATED_NO_WINNER_DEFERRED pairs=20930 evals=2813 1596s
[604527.6] P4_A_FAMILY_CAP60_N2880: step 193 PREFIX_EVALUATED_NO_WINNER_DEFERRED pairs=20930 evals=2829 1598s
[604529.8] P4_A_FAMILY_CAP60_N2880: step 194 PREFIX_EVALUATED_NO_WINNER_DEFERRED pairs=20930 evals=2845 1600s
[604532.0] P4_A_FAMILY_CAP60_N2880: step 195 PREFIX_EVALUATED_NO_WINNER_DEFERRED pairs=20930 evals=2861 1602s
[604534.2] P4_A_FAMILY_CAP60_N2880: step 196 PREFIX_EVALUATED_NO_WINNER_DEFERRED pairs=20930 evals=2877 1605s
[604534.8] P4_A_FAMILY_CAP60_N2880: step 197 ABORTED_CANDIDATE_BUDGET pairs=20930 evals=2880 1605s
[604535.1] P4_A_FAMILY_CAP60_N2880: done final=20930 moves=123 first=123 reloc=0 ret=0 evals=2880 stop=CANDIDATE_BUDGET_EXHAUSTED
[604592.5] P4_A_FAMILY_CAP60_N2880: recheck PASS checks=130816
