[601217.0] V8_G1_R2880: start mode=R budget=2880 spec={"name": "V8_G1", "target_policy": "LEGACY", "evaluation_policy": "E2_ORDERED_K16", "traversal_policy": "BASE", "max_targets": 200, "k_per_target": 16, "family_round_robin": false, "relocation_side_reserve": 0, "waiting_age": false, "route_coverage": false, "multi_anchor": false, "exact_dedup": false, "decision_cache": false, "return_action": false, "cache_structural_skips": false, "window_slack_mm": 1e-05, "generation_domain": "PATH_WINDOWS", "path_window_settings": {"placements": [0.0, 0.5, 1.0], "length_factors": [1.0, 1.5, 2.0, 3.0], "cap": 4096}, "stage_length_cap_mm": null, "notes": ""}
[601217.0] V8_G1_R2880: start state=main C:\Users\lihao\Desktop\Graduation Project\OpticalWaveguideRouter3D\outputs\3d_strategy_v3\512_ablation\D_both_enabled pairs=42909
[601221.8] V8_G1_R2880: INITIAL_DONE pairs=42909
[601222.0] V8_G1_R2880: step 1 NO_CANDIDATES_GENERATED pairs=42909 evals=0 0s
[601222.5] V8_G1_R2880: step 2 NO_CANDIDATES_GENERATED pairs=42909 evals=0 1s
[601236.8] V8_G1_R2880: step 3 ELEVATED pairs=42657 evals=16 15s
[601254.7] V8_G1_R2880: step 4 ELEVATED pairs=42411 evals=32 33s
[601271.5] V8_G1_R2880: step 5 ELEVATED pairs=42168 evals=48 50s
[601288.6] V8_G1_R2880: step 6 ELEVATED pairs=41927 evals=64 67s
[601305.6] V8_G1_R2880: step 7 ELEVATED pairs=41688 evals=80 84s
[601319.1] V8_G1_R2880: step 8 ELEVATED pairs=41453 evals=96 97s
[601329.0] V8_G1_R2880: step 9 ELEVATED pairs=41202 evals=112 107s
[601337.3] V8_G1_R2880: step 10 ELEVATED pairs=40956 evals=128 116s
[601346.9] V8_G1_R2880: step 11 ELEVATED pairs=40707 evals=144 125s
[601357.8] V8_G1_R2880: step 12 ELEVATED pairs=40456 evals=160 136s
[601365.9] V8_G1_R2880: step 13 ELEVATED pairs=40209 evals=176 144s
[601376.5] V8_G1_R2880: step 14 ELEVATED pairs=39960 evals=192 155s
[601398.1] V8_G1_R2880: step 15 ELEVATED pairs=39734 evals=208 176s
[601420.1] V8_G1_R2880: step 16 ELEVATED pairs=39510 evals=224 198s
[601436.1] V8_G1_R2880: step 17 ELEVATED pairs=39292 evals=240 214s
[601445.8] V8_G1_R2880: step 18 ELEVATED pairs=39053 evals=256 224s
[601458.8] V8_G1_R2880: step 19 ELEVATED pairs=38833 evals=272 237s
[601462.9] V8_G1_R2880: step 20 PREFIX_EVALUATED_NO_WINNER_DEFERRED pairs=38833 evals=288 241s
[601466.6] V8_G1_R2880: step 21 PREFIX_EVALUATED_NO_WINNER_DEFERRED pairs=38833 evals=304 245s
[601477.8] V8_G1_R2880: step 22 ELEVATED pairs=38617 evals=320 256s
[601481.8] V8_G1_R2880: step 23 PREFIX_EVALUATED_NO_WINNER_DEFERRED pairs=38617 evals=336 260s
[601485.5] V8_G1_R2880: step 24 PREFIX_EVALUATED_NO_WINNER_DEFERRED pairs=38617 evals=352 264s
[601492.4] V8_G1_R2880: step 25 ELEVATED pairs=38389 evals=368 271s
[601496.0] V8_G1_R2880: step 26 PREFIX_EVALUATED_NO_WINNER_DEFERRED pairs=38389 evals=384 274s
[601500.0] V8_G1_R2880: step 27 PREFIX_EVALUATED_NO_WINNER_DEFERRED pairs=38389 evals=400 278s
[601511.3] V8_G1_R2880: step 28 ELEVATED pairs=38175 evals=416 290s
[601515.1] V8_G1_R2880: step 29 PREFIX_EVALUATED_NO_WINNER_DEFERRED pairs=38175 evals=432 293s
[601521.6] V8_G1_R2880: step 30 ELEVATED pairs=37949 evals=448 300s
[601525.3] V8_G1_R2880: step 31 PREFIX_EVALUATED_NO_WINNER_DEFERRED pairs=37949 evals=464 304s
[601533.0] V8_G1_R2880: step 32 ELEVATED pairs=37725 evals=480 311s
[601537.1] V8_G1_R2880: step 33 PREFIX_EVALUATED_NO_WINNER_DEFERRED pairs=37725 evals=496 315s
[601553.7] V8_G1_R2880: step 34 ELEVATED pairs=37519 evals=512 332s
[601557.7] V8_G1_R2880: step 35 PREFIX_EVALUATED_NO_WINNER_DEFERRED pairs=37519 evals=528 336s
[601573.8] V8_G1_R2880: step 36 ELEVATED pairs=37306 evals=544 352s
[601578.2] V8_G1_R2880: step 37 PREFIX_EVALUATED_NO_WINNER_DEFERRED pairs=37306 evals=560 356s
[601582.9] V8_G1_R2880: step 38 PREFIX_EVALUATED_NO_WINNER_DEFERRED pairs=37306 evals=576 361s
[601594.8] V8_G1_R2880: step 39 ELEVATED pairs=37087 evals=592 373s
[601599.1] V8_G1_R2880: step 40 PREFIX_EVALUATED_NO_WINNER_DEFERRED pairs=37087 evals=608 377s
[601634.2] V8_G1_R2880: step 41 ELEVATED pairs=36847 evals=624 412s
[601638.7] V8_G1_R2880: step 42 PREFIX_EVALUATED_NO_WINNER_DEFERRED pairs=36847 evals=640 417s
[601643.5] V8_G1_R2880: step 43 PREFIX_EVALUATED_NO_WINNER_DEFERRED pairs=36847 evals=656 422s
[601655.5] V8_G1_R2880: step 44 ELEVATED pairs=36642 evals=672 434s
[601659.8] V8_G1_R2880: step 45 PREFIX_EVALUATED_NO_WINNER_DEFERRED pairs=36642 evals=688 438s
[601664.4] V8_G1_R2880: step 46 PREFIX_EVALUATED_NO_WINNER_DEFERRED pairs=36642 evals=704 443s
[601664.9] V8_G1_R2880: step 47 NO_CANDIDATES_GENERATED pairs=36642 evals=704 443s
[601665.4] V8_G1_R2880: step 48 NO_CANDIDATES_GENERATED pairs=36642 evals=704 444s
[601676.8] V8_G1_R2880: step 49 ELEVATED pairs=36438 evals=720 455s
[601681.0] V8_G1_R2880: step 50 PREFIX_EVALUATED_NO_WINNER_DEFERRED pairs=36438 evals=736 459s
[601685.8] V8_G1_R2880: step 51 PREFIX_EVALUATED_NO_WINNER_DEFERRED pairs=36438 evals=752 464s
[601695.3] V8_G1_R2880: step 52 ELEVATED pairs=36228 evals=768 474s
[601699.2] V8_G1_R2880: step 53 PREFIX_EVALUATED_NO_WINNER_DEFERRED pairs=36228 evals=784 477s
[601703.5] V8_G1_R2880: step 54 PREFIX_EVALUATED_NO_WINNER_DEFERRED pairs=36228 evals=800 482s
[601714.3] V8_G1_R2880: step 55 ELEVATED pairs=36045 evals=816 493s
[601718.5] V8_G1_R2880: step 56 PREFIX_EVALUATED_NO_WINNER_DEFERRED pairs=36045 evals=832 497s
[601723.1] V8_G1_R2880: step 57 PREFIX_EVALUATED_NO_WINNER_DEFERRED pairs=36045 evals=848 501s
[601740.1] V8_G1_R2880: step 58 ELEVATED pairs=35853 evals=864 518s
[601744.1] V8_G1_R2880: step 59 PREFIX_EVALUATED_NO_WINNER_DEFERRED pairs=35853 evals=880 522s
[601748.5] V8_G1_R2880: step 60 PREFIX_EVALUATED_NO_WINNER_DEFERRED pairs=35853 evals=896 527s
[601760.5] V8_G1_R2880: step 61 ELEVATED pairs=35646 evals=912 539s
[601764.6] V8_G1_R2880: step 62 PREFIX_EVALUATED_NO_WINNER_DEFERRED pairs=35646 evals=928 543s
[601769.0] V8_G1_R2880: step 63 PREFIX_EVALUATED_NO_WINNER_DEFERRED pairs=35646 evals=944 547s
[601785.8] V8_G1_R2880: step 64 ELEVATED pairs=35456 evals=960 564s
[601789.9] V8_G1_R2880: step 65 PREFIX_EVALUATED_NO_WINNER_DEFERRED pairs=35456 evals=976 568s
[601794.2] V8_G1_R2880: step 66 PREFIX_EVALUATED_NO_WINNER_DEFERRED pairs=35456 evals=992 572s
[601806.7] V8_G1_R2880: step 67 ELEVATED pairs=35251 evals=1008 585s
[601810.5] V8_G1_R2880: step 68 PREFIX_EVALUATED_NO_WINNER_DEFERRED pairs=35251 evals=1024 589s
[601815.0] V8_G1_R2880: step 69 PREFIX_EVALUATED_NO_WINNER_DEFERRED pairs=35251 evals=1040 593s
[601830.9] V8_G1_R2880: step 70 ELEVATED pairs=35063 evals=1056 609s
[601834.7] V8_G1_R2880: step 71 PREFIX_EVALUATED_NO_WINNER_DEFERRED pairs=35063 evals=1072 613s
[601839.1] V8_G1_R2880: step 72 PREFIX_EVALUATED_NO_WINNER_DEFERRED pairs=35063 evals=1088 617s
[601850.8] V8_G1_R2880: step 73 ELEVATED pairs=34860 evals=1104 629s
[601854.7] V8_G1_R2880: step 74 PREFIX_EVALUATED_NO_WINNER_DEFERRED pairs=34860 evals=1120 633s
[601859.1] V8_G1_R2880: step 75 PREFIX_EVALUATED_NO_WINNER_DEFERRED pairs=34860 evals=1136 637s
[601867.2] V8_G1_R2880: step 76 ELEVATED pairs=34660 evals=1152 645s
[601871.2] V8_G1_R2880: step 77 PREFIX_EVALUATED_NO_WINNER_DEFERRED pairs=34660 evals=1168 649s
[601875.6] V8_G1_R2880: step 78 PREFIX_EVALUATED_NO_WINNER_DEFERRED pairs=34660 evals=1184 654s
[601886.9] V8_G1_R2880: step 79 ELEVATED pairs=34459 evals=1200 665s
[601890.7] V8_G1_R2880: step 80 PREFIX_EVALUATED_NO_WINNER_DEFERRED pairs=34459 evals=1216 669s
[601895.1] V8_G1_R2880: step 81 PREFIX_EVALUATED_NO_WINNER_DEFERRED pairs=34459 evals=1232 673s
[601903.1] V8_G1_R2880: step 82 ELEVATED pairs=34273 evals=1248 681s
[601907.1] V8_G1_R2880: step 83 PREFIX_EVALUATED_NO_WINNER_DEFERRED pairs=34273 evals=1264 685s
[601911.5] V8_G1_R2880: step 84 PREFIX_EVALUATED_NO_WINNER_DEFERRED pairs=34273 evals=1280 690s
[601923.8] V8_G1_R2880: step 85 ELEVATED pairs=34074 evals=1296 702s
[601927.6] V8_G1_R2880: step 86 PREFIX_EVALUATED_NO_WINNER_DEFERRED pairs=34074 evals=1312 706s
[601932.0] V8_G1_R2880: step 87 PREFIX_EVALUATED_NO_WINNER_DEFERRED pairs=34074 evals=1328 710s
[601940.1] V8_G1_R2880: step 88 ELEVATED pairs=33907 evals=1344 718s
[601944.1] V8_G1_R2880: step 89 PREFIX_EVALUATED_NO_WINNER_DEFERRED pairs=33907 evals=1360 722s
[601948.3] V8_G1_R2880: step 90 PREFIX_EVALUATED_NO_WINNER_DEFERRED pairs=33907 evals=1376 727s
[601961.1] V8_G1_R2880: step 91 ELEVATED pairs=33710 evals=1392 739s
[601964.9] V8_G1_R2880: step 92 PREFIX_EVALUATED_NO_WINNER_DEFERRED pairs=33710 evals=1408 743s
[601969.3] V8_G1_R2880: step 93 PREFIX_EVALUATED_NO_WINNER_DEFERRED pairs=33710 evals=1424 748s
[601977.5] V8_G1_R2880: step 94 ELEVATED pairs=33543 evals=1440 756s
[601981.6] V8_G1_R2880: step 95 PREFIX_EVALUATED_NO_WINNER_DEFERRED pairs=33543 evals=1456 760s
[601986.0] V8_G1_R2880: step 96 PREFIX_EVALUATED_NO_WINNER_DEFERRED pairs=33543 evals=1472 764s
[601998.0] V8_G1_R2880: step 97 ELEVATED pairs=33348 evals=1488 776s
[602002.0] V8_G1_R2880: step 98 PREFIX_EVALUATED_NO_WINNER_DEFERRED pairs=33348 evals=1504 780s
[602006.4] V8_G1_R2880: step 99 PREFIX_EVALUATED_NO_WINNER_DEFERRED pairs=33348 evals=1520 785s
[602017.4] V8_G1_R2880: step 100 ELEVATED pairs=33156 evals=1536 796s
[602021.4] V8_G1_R2880: step 101 PREFIX_EVALUATED_NO_WINNER_DEFERRED pairs=33156 evals=1552 800s
[602025.9] V8_G1_R2880: step 102 PREFIX_EVALUATED_NO_WINNER_DEFERRED pairs=33156 evals=1568 804s
[602038.6] V8_G1_R2880: step 103 ELEVATED pairs=32963 evals=1584 817s
[602042.6] V8_G1_R2880: step 104 PREFIX_EVALUATED_NO_WINNER_DEFERRED pairs=32963 evals=1600 821s
[602047.2] V8_G1_R2880: step 105 PREFIX_EVALUATED_NO_WINNER_DEFERRED pairs=32963 evals=1616 825s
[602062.1] V8_G1_R2880: step 106 ELEVATED pairs=32784 evals=1632 840s
[602066.2] V8_G1_R2880: step 107 PREFIX_EVALUATED_NO_WINNER_DEFERRED pairs=32784 evals=1648 844s
[602070.5] V8_G1_R2880: step 108 PREFIX_EVALUATED_NO_WINNER_DEFERRED pairs=32784 evals=1664 849s
[602082.0] V8_G1_R2880: step 109 ELEVATED pairs=32593 evals=1680 860s
[602086.0] V8_G1_R2880: step 110 PREFIX_EVALUATED_NO_WINNER_DEFERRED pairs=32593 evals=1696 864s
[602090.5] V8_G1_R2880: step 111 PREFIX_EVALUATED_NO_WINNER_DEFERRED pairs=32593 evals=1712 869s
[602094.1] V8_G1_R2880: step 112 PREFIX_EVALUATED_NO_WINNER_DEFERRED pairs=32593 evals=1728 872s
[602108.9] V8_G1_R2880: step 113 ELEVATED pairs=32416 evals=1744 887s
[602112.9] V8_G1_R2880: step 114 PREFIX_EVALUATED_NO_WINNER_DEFERRED pairs=32416 evals=1760 891s
[602117.5] V8_G1_R2880: step 115 PREFIX_EVALUATED_NO_WINNER_DEFERRED pairs=32416 evals=1776 896s
[602129.6] V8_G1_R2880: step 116 ELEVATED pairs=32227 evals=1792 908s
[602133.5] V8_G1_R2880: step 117 PREFIX_EVALUATED_NO_WINNER_DEFERRED pairs=32227 evals=1808 912s
[602137.2] V8_G1_R2880: step 118 PREFIX_EVALUATED_NO_WINNER_DEFERRED pairs=32227 evals=1824 915s
[602147.6] V8_G1_R2880: step 119 ELEVATED pairs=32041 evals=1840 926s
[602151.5] V8_G1_R2880: step 120 PREFIX_EVALUATED_NO_WINNER_DEFERRED pairs=32041 evals=1856 930s
[602155.0] V8_G1_R2880: step 121 PREFIX_EVALUATED_NO_WINNER_DEFERRED pairs=32041 evals=1872 933s
[602159.3] V8_G1_R2880: step 122 PREFIX_EVALUATED_NO_WINNER_DEFERRED pairs=32041 evals=1888 938s
[602169.7] V8_G1_R2880: step 123 ELEVATED pairs=31857 evals=1904 948s
[602173.6] V8_G1_R2880: step 124 PREFIX_EVALUATED_NO_WINNER_DEFERRED pairs=31857 evals=1920 952s
[602177.1] V8_G1_R2880: step 125 PREFIX_EVALUATED_NO_WINNER_DEFERRED pairs=31857 evals=1936 955s
[602181.6] V8_G1_R2880: step 126 PREFIX_EVALUATED_NO_WINNER_DEFERRED pairs=31857 evals=1952 960s
[602203.5] V8_G1_R2880: step 127 ELEVATED pairs=31623 evals=1968 982s
[602207.4] V8_G1_R2880: step 128 PREFIX_EVALUATED_NO_WINNER_DEFERRED pairs=31623 evals=1984 986s
[602211.8] V8_G1_R2880: step 129 PREFIX_EVALUATED_NO_WINNER_DEFERRED pairs=31623 evals=2000 990s
[602220.7] V8_G1_R2880: step 130 ELEVATED pairs=31464 evals=2016 999s
[602224.4] V8_G1_R2880: step 131 PREFIX_EVALUATED_NO_WINNER_DEFERRED pairs=31464 evals=2032 1003s
[602228.8] V8_G1_R2880: step 132 PREFIX_EVALUATED_NO_WINNER_DEFERRED pairs=31464 evals=2048 1007s
[602263.0] V8_G1_R2880: step 133 ELEVATED pairs=31218 evals=2064 1041s
[602273.6] V8_G1_R2880: step 134 ELEVATED pairs=31037 evals=2080 1052s
[602278.3] V8_G1_R2880: step 135 PREFIX_EVALUATED_NO_WINNER_DEFERRED pairs=31037 evals=2096 1057s
[602282.8] V8_G1_R2880: step 136 PREFIX_EVALUATED_NO_WINNER_DEFERRED pairs=31037 evals=2112 1061s
[602299.2] V8_G1_R2880: step 137 ELEVATED pairs=30872 evals=2128 1077s
[602304.0] V8_G1_R2880: step 138 PREFIX_EVALUATED_NO_WINNER_DEFERRED pairs=30872 evals=2144 1082s
[602308.5] V8_G1_R2880: step 139 PREFIX_EVALUATED_NO_WINNER_DEFERRED pairs=30872 evals=2160 1087s
[602348.0] V8_G1_R2880: step 140 ELEVATED pairs=30686 evals=2176 1126s
[602352.7] V8_G1_R2880: step 141 PREFIX_EVALUATED_NO_WINNER_DEFERRED pairs=30686 evals=2192 1131s
[602357.4] V8_G1_R2880: step 142 PREFIX_EVALUATED_NO_WINNER_DEFERRED pairs=30686 evals=2208 1136s
[602400.4] V8_G1_R2880: step 143 ELEVATED pairs=30502 evals=2224 1179s
[602405.1] V8_G1_R2880: step 144 PREFIX_EVALUATED_NO_WINNER_DEFERRED pairs=30502 evals=2240 1183s
[602409.7] V8_G1_R2880: step 145 PREFIX_EVALUATED_NO_WINNER_DEFERRED pairs=30502 evals=2256 1188s
[602414.2] V8_G1_R2880: step 146 PREFIX_EVALUATED_NO_WINNER_DEFERRED pairs=30502 evals=2272 1192s
[602418.9] V8_G1_R2880: step 147 PREFIX_EVALUATED_NO_WINNER_DEFERRED pairs=30502 evals=2288 1197s
[602426.6] V8_G1_R2880: step 148 ELEVATED pairs=30351 evals=2304 1205s
[602431.1] V8_G1_R2880: step 149 PREFIX_EVALUATED_NO_WINNER_DEFERRED pairs=30351 evals=2320 1209s
[602435.8] V8_G1_R2880: step 150 PREFIX_EVALUATED_NO_WINNER_DEFERRED pairs=30351 evals=2336 1214s
[602440.4] V8_G1_R2880: step 151 PREFIX_EVALUATED_NO_WINNER_DEFERRED pairs=30351 evals=2352 1219s
[602444.9] V8_G1_R2880: step 152 PREFIX_EVALUATED_NO_WINNER_DEFERRED pairs=30351 evals=2368 1223s
[602460.0] V8_G1_R2880: step 153 ELEVATED pairs=30182 evals=2384 1238s
[602464.7] V8_G1_R2880: step 154 PREFIX_EVALUATED_NO_WINNER_DEFERRED pairs=30182 evals=2400 1243s
[602469.2] V8_G1_R2880: step 155 PREFIX_EVALUATED_NO_WINNER_DEFERRED pairs=30182 evals=2416 1247s
[602473.6] V8_G1_R2880: step 156 PREFIX_EVALUATED_NO_WINNER_DEFERRED pairs=30182 evals=2432 1252s
[602478.2] V8_G1_R2880: step 157 PREFIX_EVALUATED_NO_WINNER_DEFERRED pairs=30182 evals=2448 1256s
[602490.8] V8_G1_R2880: step 158 ELEVATED pairs=30081 evals=2464 1269s
[602495.4] V8_G1_R2880: step 159 PREFIX_EVALUATED_NO_WINNER_DEFERRED pairs=30081 evals=2480 1274s
[602500.0] V8_G1_R2880: step 160 PREFIX_EVALUATED_NO_WINNER_DEFERRED pairs=30081 evals=2496 1278s
[602504.5] V8_G1_R2880: step 161 PREFIX_EVALUATED_NO_WINNER_DEFERRED pairs=30081 evals=2512 1283s
[602509.1] V8_G1_R2880: step 162 PREFIX_EVALUATED_NO_WINNER_DEFERRED pairs=30081 evals=2528 1287s
[602521.7] V8_G1_R2880: step 163 ELEVATED pairs=29982 evals=2544 1300s
[602526.4] V8_G1_R2880: step 164 PREFIX_EVALUATED_NO_WINNER_DEFERRED pairs=29982 evals=2560 1305s
[602530.9] V8_G1_R2880: step 165 PREFIX_EVALUATED_NO_WINNER_DEFERRED pairs=29982 evals=2576 1309s
[602535.5] V8_G1_R2880: step 166 PREFIX_EVALUATED_NO_WINNER_DEFERRED pairs=29982 evals=2592 1314s
[602540.0] V8_G1_R2880: step 167 PREFIX_EVALUATED_NO_WINNER_DEFERRED pairs=29982 evals=2608 1318s
[602544.8] V8_G1_R2880: step 168 PREFIX_EVALUATED_NO_WINNER_DEFERRED pairs=29982 evals=2624 1323s
[602558.5] V8_G1_R2880: step 169 ELEVATED pairs=29887 evals=2640 1337s
[602563.1] V8_G1_R2880: step 170 PREFIX_EVALUATED_NO_WINNER_DEFERRED pairs=29887 evals=2656 1341s
[602568.0] V8_G1_R2880: step 171 PREFIX_EVALUATED_NO_WINNER_DEFERRED pairs=29887 evals=2672 1346s
[602573.1] V8_G1_R2880: step 172 PREFIX_EVALUATED_NO_WINNER_DEFERRED pairs=29887 evals=2688 1351s
[602578.5] V8_G1_R2880: step 173 PREFIX_EVALUATED_NO_WINNER_DEFERRED pairs=29887 evals=2704 1357s
[602588.8] V8_G1_R2880: step 174 ELEVATED pairs=29694 evals=2720 1367s
[602594.1] V8_G1_R2880: step 175 PREFIX_EVALUATED_NO_WINNER_DEFERRED pairs=29694 evals=2736 1372s
[602598.9] V8_G1_R2880: step 176 PREFIX_EVALUATED_NO_WINNER_DEFERRED pairs=29694 evals=2752 1377s
[602603.8] V8_G1_R2880: step 177 PREFIX_EVALUATED_NO_WINNER_DEFERRED pairs=29694 evals=2768 1382s
[602609.0] V8_G1_R2880: step 178 PREFIX_EVALUATED_NO_WINNER_DEFERRED pairs=29694 evals=2784 1387s
[602614.0] V8_G1_R2880: step 179 PREFIX_EVALUATED_NO_WINNER_DEFERRED pairs=29694 evals=2800 1392s
[602624.7] V8_G1_R2880: step 180 ELEVATED pairs=29503 evals=2816 1403s
[602629.7] V8_G1_R2880: step 181 PREFIX_EVALUATED_NO_WINNER_DEFERRED pairs=29503 evals=2832 1408s
[602634.6] V8_G1_R2880: step 182 PREFIX_EVALUATED_NO_WINNER_DEFERRED pairs=29503 evals=2848 1413s
[602639.5] V8_G1_R2880: step 183 PREFIX_EVALUATED_NO_WINNER_DEFERRED pairs=29503 evals=2864 1418s
[602644.5] V8_G1_R2880: step 184 PREFIX_EVALUATED_NO_WINNER_DEFERRED pairs=29503 evals=2880 1423s
[602646.3] V8_G1_R2880: step 185 ABORTED_CANDIDATE_BUDGET pairs=29503 evals=2880 1425s
[602646.9] V8_G1_R2880: done final=29503 moves=66 first=66 reloc=0 ret=0 evals=2880 stop=CANDIDATE_BUDGET_EXHAUSTED
[602717.5] V8_G1_R2880: recheck PASS checks=130816
