[602013.9] P4_BASE_E2_CAP40_N2880: start mode=N budget=2880 spec={"name": "P4_BASE_E2_CAP40", "target_policy": "LEGACY", "evaluation_policy": "E2_ORDERED_K16", "traversal_policy": "BASE", "max_targets": 2000, "k_per_target": 16, "family_round_robin": false, "relocation_side_reserve": 0, "waiting_age": false, "route_coverage": false, "multi_anchor": false, "exact_dedup": false, "decision_cache": false, "return_action": false, "cache_structural_skips": false, "window_slack_mm": 1e-05, "generation_domain": "LINE_ONLY", "path_window_settings": null, "stage_length_cap_mm": 40.0, "notes": ""}
[602013.9] P4_BASE_E2_CAP40_N2880: start state=main C:\Users\lihao\Desktop\Graduation Project\OpticalWaveguideRouter3D\outputs\3d_strategy_v3\512_ablation\D_both_enabled pairs=42909
[602018.3] P4_BASE_E2_CAP40_N2880: INITIAL_DONE pairs=42909
[602018.4] P4_BASE_E2_CAP40_N2880: step 1 NO_CANDIDATES_GENERATED pairs=42909 evals=0 0s
[602018.6] P4_BASE_E2_CAP40_N2880: step 2 NO_CANDIDATES_GENERATED pairs=42909 evals=0 0s
[602025.1] P4_BASE_E2_CAP40_N2880: step 3 ELEVATED pairs=42661 evals=16 7s
[602036.4] P4_BASE_E2_CAP40_N2880: step 4 ELEVATED pairs=42487 evals=32 18s
[602045.8] P4_BASE_E2_CAP40_N2880: step 5 ELEVATED pairs=42305 evals=48 27s
[602055.1] P4_BASE_E2_CAP40_N2880: step 6 ELEVATED pairs=42121 evals=64 37s
[602064.5] P4_BASE_E2_CAP40_N2880: step 7 ELEVATED pairs=41936 evals=80 46s
[602071.3] P4_BASE_E2_CAP40_N2880: step 8 ELEVATED pairs=41680 evals=96 53s
[602080.7] P4_BASE_E2_CAP40_N2880: step 9 ELEVATED pairs=41486 evals=112 62s
[602087.1] P4_BASE_E2_CAP40_N2880: step 10 ELEVATED pairs=41225 evals=128 69s
[602099.9] P4_BASE_E2_CAP40_N2880: step 11 ELEVATED pairs=41046 evals=144 82s
[602113.0] P4_BASE_E2_CAP40_N2880: step 12 ELEVATED pairs=40867 evals=160 95s
[602119.4] P4_BASE_E2_CAP40_N2880: step 13 ELEVATED pairs=40628 evals=176 101s
[602127.9] P4_BASE_E2_CAP40_N2880: step 14 ELEVATED pairs=40377 evals=192 110s
[602133.9] P4_BASE_E2_CAP40_N2880: step 15 ELEVATED pairs=40136 evals=208 116s
[602142.4] P4_BASE_E2_CAP40_N2880: step 16 ELEVATED pairs=39887 evals=224 124s
[602150.9] P4_BASE_E2_CAP40_N2880: step 17 ELEVATED pairs=39640 evals=240 133s
[602159.0] P4_BASE_E2_CAP40_N2880: step 18 ELEVATED pairs=39399 evals=256 141s
[602167.7] P4_BASE_E2_CAP40_N2880: step 19 ELEVATED pairs=39175 evals=272 149s
[602176.5] P4_BASE_E2_CAP40_N2880: step 20 ELEVATED pairs=38969 evals=288 158s
[602187.8] P4_BASE_E2_CAP40_N2880: step 21 ELEVATED pairs=38811 evals=304 169s
[602196.6] P4_BASE_E2_CAP40_N2880: step 22 ELEVATED pairs=38668 evals=320 178s
[602204.8] P4_BASE_E2_CAP40_N2880: step 23 ELEVATED pairs=38466 evals=336 186s
[602213.3] P4_BASE_E2_CAP40_N2880: step 24 ELEVATED pairs=38332 evals=352 195s
[602220.2] P4_BASE_E2_CAP40_N2880: step 25 ELEVATED pairs=38108 evals=368 202s
[602228.8] P4_BASE_E2_CAP40_N2880: step 26 ELEVATED pairs=37974 evals=384 211s
[602236.0] P4_BASE_E2_CAP40_N2880: step 27 ELEVATED pairs=37771 evals=400 218s
[602243.3] P4_BASE_E2_CAP40_N2880: step 28 ELEVATED pairs=37568 evals=416 225s
[602249.4] P4_BASE_E2_CAP40_N2880: step 29 ELEVATED pairs=37338 evals=432 231s
[602255.6] P4_BASE_E2_CAP40_N2880: step 30 ELEVATED pairs=37110 evals=448 237s
[602263.7] P4_BASE_E2_CAP40_N2880: step 31 ELEVATED pairs=36910 evals=464 245s
[602269.7] P4_BASE_E2_CAP40_N2880: step 32 ELEVATED pairs=36684 evals=480 251s
[602277.8] P4_BASE_E2_CAP40_N2880: step 33 ELEVATED pairs=36466 evals=496 260s
[602285.5] P4_BASE_E2_CAP40_N2880: step 34 ELEVATED pairs=36269 evals=512 267s
[602298.7] P4_BASE_E2_CAP40_N2880: step 35 ELEVATED pairs=36073 evals=528 280s
[602308.0] P4_BASE_E2_CAP40_N2880: step 36 ELEVATED pairs=35887 evals=544 290s
[602315.6] P4_BASE_E2_CAP40_N2880: step 37 ELEVATED pairs=35774 evals=560 297s
[602324.0] P4_BASE_E2_CAP40_N2880: step 38 ELEVATED pairs=35543 evals=576 306s
[602331.0] P4_BASE_E2_CAP40_N2880: step 39 ELEVATED pairs=35343 evals=592 313s
[602339.3] P4_BASE_E2_CAP40_N2880: step 40 ELEVATED pairs=35138 evals=608 321s
[602339.4] P4_BASE_E2_CAP40_N2880: step 41 NO_CANDIDATES_GENERATED pairs=35138 evals=608 321s
[602339.6] P4_BASE_E2_CAP40_N2880: step 42 NO_CANDIDATES_GENERATED pairs=35138 evals=608 321s
[602348.4] P4_BASE_E2_CAP40_N2880: step 43 ELEVATED pairs=34935 evals=624 330s
[602358.1] P4_BASE_E2_CAP40_N2880: step 44 ELEVATED pairs=34734 evals=640 340s
[602364.7] P4_BASE_E2_CAP40_N2880: step 45 ELEVATED pairs=34539 evals=656 346s
[602374.6] P4_BASE_E2_CAP40_N2880: step 46 ELEVATED pairs=34340 evals=672 356s
[602384.4] P4_BASE_E2_CAP40_N2880: step 47 ELEVATED pairs=34143 evals=688 366s
[602393.6] P4_BASE_E2_CAP40_N2880: step 48 ELEVATED pairs=33933 evals=704 375s
[602404.5] P4_BASE_E2_CAP40_N2880: step 49 ELEVATED pairs=33738 evals=720 386s
[602413.5] P4_BASE_E2_CAP40_N2880: step 50 ELEVATED pairs=33530 evals=736 395s
[602420.9] P4_BASE_E2_CAP40_N2880: step 51 ELEVATED pairs=33326 evals=752 403s
[602432.6] P4_BASE_E2_CAP40_N2880: step 52 ELEVATED pairs=33133 evals=768 414s
[602441.7] P4_BASE_E2_CAP40_N2880: step 53 ELEVATED pairs=32926 evals=784 423s
[602453.2] P4_BASE_E2_CAP40_N2880: step 54 ELEVATED pairs=32735 evals=800 435s
[602462.1] P4_BASE_E2_CAP40_N2880: step 55 ELEVATED pairs=32530 evals=816 444s
[602474.2] P4_BASE_E2_CAP40_N2880: step 56 ELEVATED pairs=32341 evals=832 456s
[602483.2] P4_BASE_E2_CAP40_N2880: step 57 ELEVATED pairs=32137 evals=848 465s
[602495.6] P4_BASE_E2_CAP40_N2880: step 58 ELEVATED pairs=31950 evals=864 477s
[602501.6] P4_BASE_E2_CAP40_N2880: step 59 ELEVATED pairs=31792 evals=880 483s
[602510.3] P4_BASE_E2_CAP40_N2880: step 60 ELEVATED pairs=31590 evals=896 492s
[602519.4] P4_BASE_E2_CAP40_N2880: step 61 ELEVATED pairs=31389 evals=912 501s
[602527.5] P4_BASE_E2_CAP40_N2880: step 62 ELEVATED pairs=31226 evals=928 509s
[602536.5] P4_BASE_E2_CAP40_N2880: step 63 ELEVATED pairs=31027 evals=944 518s
[602545.3] P4_BASE_E2_CAP40_N2880: step 64 ELEVATED pairs=30829 evals=960 527s
[602545.5] P4_BASE_E2_CAP40_N2880: step 65 NO_CANDIDATES_GENERATED pairs=30829 evals=960 527s
[602545.7] P4_BASE_E2_CAP40_N2880: step 66 NO_CANDIDATES_GENERATED pairs=30829 evals=960 527s
[602545.9] P4_BASE_E2_CAP40_N2880: step 67 NO_CANDIDATES_GENERATED pairs=30829 evals=960 528s
[602554.7] P4_BASE_E2_CAP40_N2880: step 68 ELEVATED pairs=30633 evals=976 536s
[602562.4] P4_BASE_E2_CAP40_N2880: step 69 ELEVATED pairs=30481 evals=992 544s
[602570.4] P4_BASE_E2_CAP40_N2880: step 70 ELEVATED pairs=30367 evals=1008 552s
[602581.0] P4_BASE_E2_CAP40_N2880: step 71 ELEVATED pairs=30214 evals=1024 563s
[602587.6] P4_BASE_E2_CAP40_N2880: step 72 ELEVATED pairs=30030 evals=1033 569s
[602597.3] P4_BASE_E2_CAP40_N2880: step 73 ELEVATED pairs=29879 evals=1049 579s
[602604.1] P4_BASE_E2_CAP40_N2880: step 74 ELEVATED pairs=29697 evals=1058 586s
[602614.0] P4_BASE_E2_CAP40_N2880: step 75 ELEVATED pairs=29548 evals=1074 596s
[602620.5] P4_BASE_E2_CAP40_N2880: step 76 ELEVATED pairs=29368 evals=1083 602s
[602626.8] P4_BASE_E2_CAP40_N2880: step 77 ELEVATED pairs=29190 evals=1092 608s
[602644.2] P4_BASE_E2_CAP40_N2880: step 78 ELEVATED pairs=28961 evals=1108 626s
[602649.9] P4_BASE_E2_CAP40_N2880: step 79 ELEVATED pairs=28776 evals=1124 632s
[602655.5] P4_BASE_E2_CAP40_N2880: step 80 ELEVATED pairs=28593 evals=1140 637s
[602661.0] P4_BASE_E2_CAP40_N2880: step 81 ELEVATED pairs=28412 evals=1156 643s
[602667.2] P4_BASE_E2_CAP40_N2880: step 82 ELEVATED pairs=28233 evals=1172 649s
[602673.1] P4_BASE_E2_CAP40_N2880: step 83 ELEVATED pairs=28134 evals=1188 655s
[602680.9] P4_BASE_E2_CAP40_N2880: step 84 ELEVATED pairs=28022 evals=1204 663s
[602686.9] P4_BASE_E2_CAP40_N2880: step 85 ELEVATED pairs=27902 evals=1220 669s
[602692.9] P4_BASE_E2_CAP40_N2880: step 86 ELEVATED pairs=27782 evals=1236 675s
[602698.8] P4_BASE_E2_CAP40_N2880: step 87 ELEVATED pairs=27662 evals=1252 681s
[602704.7] P4_BASE_E2_CAP40_N2880: step 88 ELEVATED pairs=27514 evals=1268 686s
[602710.4] P4_BASE_E2_CAP40_N2880: step 89 ELEVATED pairs=27394 evals=1284 692s
[602717.1] P4_BASE_E2_CAP40_N2880: step 90 ELEVATED pairs=27248 evals=1300 699s
[602723.7] P4_BASE_E2_CAP40_N2880: step 91 ELEVATED pairs=27092 evals=1316 705s
[602729.8] P4_BASE_E2_CAP40_N2880: step 92 PREFIX_EVALUATED_NO_WINNER_DEFERRED pairs=27092 evals=1332 711s
[602736.1] P4_BASE_E2_CAP40_N2880: step 93 ELEVATED pairs=26951 evals=1348 718s
[602742.2] P4_BASE_E2_CAP40_N2880: step 94 PREFIX_EVALUATED_NO_WINNER_DEFERRED pairs=26951 evals=1364 724s
[602748.6] P4_BASE_E2_CAP40_N2880: step 95 ELEVATED pairs=26895 evals=1380 730s
[602755.8] P4_BASE_E2_CAP40_N2880: step 96 ELEVATED pairs=26781 evals=1396 737s
[602766.0] P4_BASE_E2_CAP40_N2880: step 97 ELEVATED pairs=26690 evals=1412 748s
[602774.6] P4_BASE_E2_CAP40_N2880: step 98 ELEVATED pairs=26525 evals=1428 756s
[602781.5] P4_BASE_E2_CAP40_N2880: step 99 ELEVATED pairs=26436 evals=1444 763s
[602790.2] P4_BASE_E2_CAP40_N2880: step 100 ELEVATED pairs=26273 evals=1460 772s
[602798.9] P4_BASE_E2_CAP40_N2880: step 101 ELEVATED pairs=26112 evals=1476 781s
[602804.9] P4_BASE_E2_CAP40_N2880: step 102 ELEVATED pairs=26016 evals=1492 787s
[602815.1] P4_BASE_E2_CAP40_N2880: step 103 ELEVATED pairs=25857 evals=1508 797s
[602820.8] P4_BASE_E2_CAP40_N2880: step 104 ELEVATED pairs=25803 evals=1524 802s
[602828.6] P4_BASE_E2_CAP40_N2880: step 105 ELEVATED pairs=25644 evals=1540 810s
[602836.3] P4_BASE_E2_CAP40_N2880: step 106 ELEVATED pairs=25487 evals=1556 818s
[602840.8] P4_BASE_E2_CAP40_N2880: step 107 ELEVATED pairs=25361 evals=1572 822s
[602848.7] P4_BASE_E2_CAP40_N2880: step 108 ELEVATED pairs=25207 evals=1588 830s
[602855.5] P4_BASE_E2_CAP40_N2880: step 109 ELEVATED pairs=25144 evals=1604 837s
[602860.9] P4_BASE_E2_CAP40_N2880: step 110 ELEVATED pairs=24969 evals=1620 843s
[602866.3] P4_BASE_E2_CAP40_N2880: step 111 ELEVATED pairs=24796 evals=1636 848s
[602873.3] P4_BASE_E2_CAP40_N2880: step 112 ELEVATED pairs=24735 evals=1652 855s
[602887.3] P4_BASE_E2_CAP40_N2880: step 113 ELEVATED pairs=24607 evals=1668 869s
[602901.3] P4_BASE_E2_CAP40_N2880: step 114 ELEVATED pairs=24481 evals=1684 883s
[602908.9] P4_BASE_E2_CAP40_N2880: step 115 ELEVATED pairs=24411 evals=1700 891s
[602919.4] P4_BASE_E2_CAP40_N2880: step 116 ELEVATED pairs=24317 evals=1709 901s
[602933.3] P4_BASE_E2_CAP40_N2880: step 117 ELEVATED pairs=24173 evals=1725 915s
[602940.2] P4_BASE_E2_CAP40_N2880: step 118 ELEVATED pairs=24079 evals=1741 922s
[602954.1] P4_BASE_E2_CAP40_N2880: step 119 ELEVATED pairs=23935 evals=1757 936s
[602968.2] P4_BASE_E2_CAP40_N2880: step 120 ELEVATED pairs=23791 evals=1773 950s
[602974.8] P4_BASE_E2_CAP40_N2880: step 121 ELEVATED pairs=23698 evals=1789 956s
[602987.6] P4_BASE_E2_CAP40_N2880: step 122 ELEVATED pairs=23554 evals=1805 969s
[603008.5] P4_BASE_E2_CAP40_N2880: step 123 ELEVATED pairs=23440 evals=1821 990s
[603018.6] P4_BASE_E2_CAP40_N2880: step 124 ELEVATED pairs=23259 evals=1837 1000s
[603029.9] P4_BASE_E2_CAP40_N2880: step 125 ELEVATED pairs=23145 evals=1853 1012s
[603041.6] P4_BASE_E2_CAP40_N2880: step 126 ELEVATED pairs=23031 evals=1869 1023s
[603043.8] P4_BASE_E2_CAP40_N2880: step 127 PREFIX_EVALUATED_NO_WINNER_DEFERRED pairs=23031 evals=1885 1025s
[603045.8] P4_BASE_E2_CAP40_N2880: step 128 PREFIX_EVALUATED_NO_WINNER_DEFERRED pairs=23031 evals=1901 1028s
[603047.9] P4_BASE_E2_CAP40_N2880: step 129 PREFIX_EVALUATED_NO_WINNER_DEFERRED pairs=23031 evals=1917 1030s
[603049.9] P4_BASE_E2_CAP40_N2880: step 130 PREFIX_EVALUATED_NO_WINNER_DEFERRED pairs=23031 evals=1933 1032s
[603052.4] P4_BASE_E2_CAP40_N2880: step 131 PREFIX_EVALUATED_NO_WINNER_DEFERRED pairs=23031 evals=1949 1034s
[603054.8] P4_BASE_E2_CAP40_N2880: step 132 PREFIX_EVALUATED_NO_WINNER_DEFERRED pairs=23031 evals=1965 1036s
[603057.9] P4_BASE_E2_CAP40_N2880: step 133 PREFIX_EVALUATED_NO_WINNER_DEFERRED pairs=23031 evals=1981 1040s
[603061.2] P4_BASE_E2_CAP40_N2880: step 134 PREFIX_EVALUATED_NO_WINNER_DEFERRED pairs=23031 evals=1997 1043s
[603064.3] P4_BASE_E2_CAP40_N2880: step 135 PREFIX_EVALUATED_NO_WINNER_DEFERRED pairs=23031 evals=2013 1046s
[603066.7] P4_BASE_E2_CAP40_N2880: step 136 PREFIX_EVALUATED_NO_WINNER_DEFERRED pairs=23031 evals=2029 1048s
[603069.0] P4_BASE_E2_CAP40_N2880: step 137 PREFIX_EVALUATED_NO_WINNER_DEFERRED pairs=23031 evals=2045 1051s
[603071.3] P4_BASE_E2_CAP40_N2880: step 138 PREFIX_EVALUATED_NO_WINNER_DEFERRED pairs=23031 evals=2061 1053s
[603073.4] P4_BASE_E2_CAP40_N2880: step 139 PREFIX_EVALUATED_NO_WINNER_DEFERRED pairs=23031 evals=2077 1055s
[603075.5] P4_BASE_E2_CAP40_N2880: step 140 PREFIX_EVALUATED_NO_WINNER_DEFERRED pairs=23031 evals=2093 1057s
[603077.5] P4_BASE_E2_CAP40_N2880: step 141 PREFIX_EVALUATED_NO_WINNER_DEFERRED pairs=23031 evals=2109 1059s
[603079.4] P4_BASE_E2_CAP40_N2880: step 142 PREFIX_EVALUATED_NO_WINNER_DEFERRED pairs=23031 evals=2125 1061s
[603081.7] P4_BASE_E2_CAP40_N2880: step 143 PREFIX_EVALUATED_NO_WINNER_DEFERRED pairs=23031 evals=2141 1063s
[603084.0] P4_BASE_E2_CAP40_N2880: step 144 PREFIX_EVALUATED_NO_WINNER_DEFERRED pairs=23031 evals=2157 1066s
[603086.5] P4_BASE_E2_CAP40_N2880: step 145 PREFIX_EVALUATED_NO_WINNER_DEFERRED pairs=23031 evals=2173 1068s
[603088.8] P4_BASE_E2_CAP40_N2880: step 146 PREFIX_EVALUATED_NO_WINNER_DEFERRED pairs=23031 evals=2189 1070s
[603090.9] P4_BASE_E2_CAP40_N2880: step 147 PREFIX_EVALUATED_NO_WINNER_DEFERRED pairs=23031 evals=2205 1073s
[603093.2] P4_BASE_E2_CAP40_N2880: step 148 PREFIX_EVALUATED_NO_WINNER_DEFERRED pairs=23031 evals=2221 1075s
[603095.4] P4_BASE_E2_CAP40_N2880: step 149 PREFIX_EVALUATED_NO_WINNER_DEFERRED pairs=23031 evals=2237 1077s
[603097.6] P4_BASE_E2_CAP40_N2880: step 150 PREFIX_EVALUATED_NO_WINNER_DEFERRED pairs=23031 evals=2253 1079s
[603099.8] P4_BASE_E2_CAP40_N2880: step 151 PREFIX_EVALUATED_NO_WINNER_DEFERRED pairs=23031 evals=2269 1081s
[603102.0] P4_BASE_E2_CAP40_N2880: step 152 PREFIX_EVALUATED_NO_WINNER_DEFERRED pairs=23031 evals=2285 1084s
[603104.3] P4_BASE_E2_CAP40_N2880: step 153 PREFIX_EVALUATED_NO_WINNER_DEFERRED pairs=23031 evals=2301 1086s
[603106.6] P4_BASE_E2_CAP40_N2880: step 154 PREFIX_EVALUATED_NO_WINNER_DEFERRED pairs=23031 evals=2317 1088s
[603108.7] P4_BASE_E2_CAP40_N2880: step 155 PREFIX_EVALUATED_NO_WINNER_DEFERRED pairs=23031 evals=2333 1090s
[603110.9] P4_BASE_E2_CAP40_N2880: step 156 PREFIX_EVALUATED_NO_WINNER_DEFERRED pairs=23031 evals=2349 1093s
[603113.8] P4_BASE_E2_CAP40_N2880: step 157 PREFIX_EVALUATED_NO_WINNER_DEFERRED pairs=23031 evals=2365 1095s
[603116.7] P4_BASE_E2_CAP40_N2880: step 158 PREFIX_EVALUATED_NO_WINNER_DEFERRED pairs=23031 evals=2381 1098s
[603119.0] P4_BASE_E2_CAP40_N2880: step 159 PREFIX_EVALUATED_NO_WINNER_DEFERRED pairs=23031 evals=2397 1101s
[603121.3] P4_BASE_E2_CAP40_N2880: step 160 PREFIX_EVALUATED_NO_WINNER_DEFERRED pairs=23031 evals=2413 1103s
[603123.5] P4_BASE_E2_CAP40_N2880: step 161 PREFIX_EVALUATED_NO_WINNER_DEFERRED pairs=23031 evals=2429 1105s
[603125.9] P4_BASE_E2_CAP40_N2880: step 162 PREFIX_EVALUATED_NO_WINNER_DEFERRED pairs=23031 evals=2445 1108s
[603128.3] P4_BASE_E2_CAP40_N2880: step 163 PREFIX_EVALUATED_NO_WINNER_DEFERRED pairs=23031 evals=2461 1110s
[603130.8] P4_BASE_E2_CAP40_N2880: step 164 PREFIX_EVALUATED_NO_WINNER_DEFERRED pairs=23031 evals=2477 1113s
[603133.5] P4_BASE_E2_CAP40_N2880: step 165 PREFIX_EVALUATED_NO_WINNER_DEFERRED pairs=23031 evals=2493 1115s
[603136.9] P4_BASE_E2_CAP40_N2880: step 166 PREFIX_EVALUATED_NO_WINNER_DEFERRED pairs=23031 evals=2509 1119s
[603139.5] P4_BASE_E2_CAP40_N2880: step 167 PREFIX_EVALUATED_NO_WINNER_DEFERRED pairs=23031 evals=2525 1121s
[603142.0] P4_BASE_E2_CAP40_N2880: step 168 PREFIX_EVALUATED_NO_WINNER_DEFERRED pairs=23031 evals=2541 1124s
[603144.5] P4_BASE_E2_CAP40_N2880: step 169 PREFIX_EVALUATED_NO_WINNER_DEFERRED pairs=23031 evals=2557 1126s
[603146.9] P4_BASE_E2_CAP40_N2880: step 170 PREFIX_EVALUATED_NO_WINNER_DEFERRED pairs=23031 evals=2573 1129s
[603149.5] P4_BASE_E2_CAP40_N2880: step 171 PREFIX_EVALUATED_NO_WINNER_DEFERRED pairs=23031 evals=2589 1131s
[603152.1] P4_BASE_E2_CAP40_N2880: step 172 PREFIX_EVALUATED_NO_WINNER_DEFERRED pairs=23031 evals=2605 1134s
[603154.7] P4_BASE_E2_CAP40_N2880: step 173 PREFIX_EVALUATED_NO_WINNER_DEFERRED pairs=23031 evals=2621 1136s
[603157.1] P4_BASE_E2_CAP40_N2880: step 174 PREFIX_EVALUATED_NO_WINNER_DEFERRED pairs=23031 evals=2637 1139s
[603159.6] P4_BASE_E2_CAP40_N2880: step 175 PREFIX_EVALUATED_NO_WINNER_DEFERRED pairs=23031 evals=2653 1141s
[603159.7] P4_BASE_E2_CAP40_N2880: step 176 NO_CANDIDATES_GENERATED pairs=23031 evals=2653 1141s
[603162.1] P4_BASE_E2_CAP40_N2880: step 177 PREFIX_EVALUATED_NO_WINNER_DEFERRED pairs=23031 evals=2669 1144s
[603164.3] P4_BASE_E2_CAP40_N2880: step 178 PREFIX_EVALUATED_NO_WINNER_DEFERRED pairs=23031 evals=2685 1146s
[603169.9] P4_BASE_E2_CAP40_N2880: step 179 PREFIX_EVALUATED_NO_WINNER_DEFERRED pairs=23031 evals=2701 1152s
[603172.2] P4_BASE_E2_CAP40_N2880: step 180 PREFIX_EVALUATED_NO_WINNER_DEFERRED pairs=23031 evals=2717 1154s
[603173.7] P4_BASE_E2_CAP40_N2880: step 181 ALL_CANDIDATES_REJECTED pairs=23031 evals=2726 1155s
[603176.0] P4_BASE_E2_CAP40_N2880: step 182 PREFIX_EVALUATED_NO_WINNER_DEFERRED pairs=23031 evals=2742 1158s
[603178.6] P4_BASE_E2_CAP40_N2880: step 183 PREFIX_EVALUATED_NO_WINNER_DEFERRED pairs=23031 evals=2758 1160s
[603181.7] P4_BASE_E2_CAP40_N2880: step 184 PREFIX_EVALUATED_NO_WINNER_DEFERRED pairs=23031 evals=2774 1163s
[603184.2] P4_BASE_E2_CAP40_N2880: step 185 PREFIX_EVALUATED_NO_WINNER_DEFERRED pairs=23031 evals=2790 1166s
[603187.1] P4_BASE_E2_CAP40_N2880: step 186 PREFIX_EVALUATED_NO_WINNER_DEFERRED pairs=23031 evals=2806 1169s
[603190.3] P4_BASE_E2_CAP40_N2880: step 187 PREFIX_EVALUATED_NO_WINNER_DEFERRED pairs=23031 evals=2822 1172s
[603193.3] P4_BASE_E2_CAP40_N2880: step 188 PREFIX_EVALUATED_NO_WINNER_DEFERRED pairs=23031 evals=2838 1175s
[603195.7] P4_BASE_E2_CAP40_N2880: step 189 PREFIX_EVALUATED_NO_WINNER_DEFERRED pairs=23031 evals=2854 1177s
[603198.1] P4_BASE_E2_CAP40_N2880: step 190 PREFIX_EVALUATED_NO_WINNER_DEFERRED pairs=23031 evals=2870 1180s
[603200.2] P4_BASE_E2_CAP40_N2880: step 191 ABORTED_CANDIDATE_BUDGET pairs=23031 evals=2880 1182s
[603200.6] P4_BASE_E2_CAP40_N2880: done final=23031 moves=117 first=117 reloc=0 ret=0 evals=2880 stop=CANDIDATE_BUDGET_EXHAUSTED
[603262.4] P4_BASE_E2_CAP40_N2880: recheck PASS checks=130816
