[559504.5] IDEA_D_N720: start mode=N budget=720 spec={"name": "IDEA_D", "target_policy": "STRATIFIED", "evaluation_policy": "E2_ORDERED_K16", "traversal_policy": "COVERAGE", "max_targets": 200, "k_per_target": 16, "family_round_robin": false, "relocation_side_reserve": 0, "waiting_age": false, "route_coverage": true, "multi_anchor": false, "exact_dedup": false, "decision_cache": false, "return_action": false, "cache_structural_skips": true, "window_slack_mm": 1e-05, "notes": ""}
[559504.5] IDEA_D_N720: start state=main C:\Users\lihao\Desktop\Graduation Project\OpticalWaveguideRouter3D\outputs\3d_strategy_v3\512_ablation\D_both_enabled pairs=42909
[559514.5] IDEA_D_N720: INITIAL_DONE pairs=42909
[559515.5] IDEA_D_N720: step 1 NO_CANDIDATES_GENERATED pairs=42909 evals=0 1s
[559523.8] IDEA_D_N720: step 2 NO_CANDIDATES_GENERATED pairs=42909 evals=0 10s
[559524.5] IDEA_D_N720: step 3 NO_CANDIDATES_GENERATED pairs=42909 evals=0 10s
[559548.9] IDEA_D_N720: step 4 ELEVATED pairs=42666 evals=16 35s
[559569.2] IDEA_D_N720: step 5 ELEVATED pairs=42420 evals=32 55s
[559586.4] IDEA_D_N720: step 6 ELEVATED pairs=42164 evals=48 72s
[559610.0] IDEA_D_N720: step 7 ELEVATED pairs=41988 evals=64 96s
[559641.5] IDEA_D_N720: step 8 ELEVATED pairs=41739 evals=80 127s
[559652.1] IDEA_D_N720: step 9 ELEVATED pairs=41481 evals=96 138s
[559680.3] IDEA_D_N720: step 10 ELEVATED pairs=41282 evals=112 166s
[559710.9] IDEA_D_N720: step 11 ELEVATED pairs=41054 evals=128 197s
[559724.7] IDEA_D_N720: step 12 ELEVATED pairs=40839 evals=144 211s
[559725.7] IDEA_D_N720: step 13 NO_CANDIDATES_GENERATED pairs=40839 evals=144 212s
[559761.9] IDEA_D_N720: step 14 ELEVATED pairs=40619 evals=160 248s
[559779.9] IDEA_D_N720: step 15 ELEVATED pairs=40368 evals=176 266s
[559780.7] IDEA_D_N720: step 16 NO_CANDIDATES_GENERATED pairs=40368 evals=176 267s
[559823.2] IDEA_D_N720: step 17 ELEVATED pairs=40208 evals=192 309s
[559850.1] IDEA_D_N720: step 18 ELEVATED pairs=40015 evals=208 336s
[559869.1] IDEA_D_N720: step 19 ELEVATED pairs=39792 evals=224 355s
[559918.9] IDEA_D_N720: step 20 ELEVATED pairs=39603 evals=240 405s
[559932.7] IDEA_D_N720: step 21 ELEVATED pairs=39372 evals=256 419s
[559974.7] IDEA_D_N720: step 22 ELEVATED pairs=39248 evals=272 461s
[560020.6] IDEA_D_N720: step 23 ELEVATED pairs=39106 evals=288 506s
[560040.7] IDEA_D_N720: step 24 ELEVATED pairs=38944 evals=304 526s
[560084.8] IDEA_D_N720: step 25 ELEVATED pairs=38819 evals=320 571s
[560126.3] IDEA_D_N720: step 26 ELEVATED pairs=38614 evals=336 612s
[560147.2] IDEA_D_N720: step 27 ELEVATED pairs=38474 evals=352 633s
[560147.8] IDEA_D_N720: step 28 NO_CANDIDATES_GENERATED pairs=38474 evals=352 634s
[560190.7] IDEA_D_N720: step 29 ELEVATED pairs=38243 evals=368 677s
[560201.0] IDEA_D_N720: step 30 ELEVATED pairs=38041 evals=384 687s
[560201.4] IDEA_D_N720: step 31 NO_CANDIDATES_GENERATED pairs=38041 evals=384 687s
[560248.7] IDEA_D_N720: step 32 ELEVATED pairs=37864 evals=400 735s
[560266.0] IDEA_D_N720: step 33 ELEVATED pairs=37712 evals=416 752s
[560266.8] IDEA_D_N720: step 34 NO_CANDIDATES_GENERATED pairs=37712 evals=416 753s
[560320.8] IDEA_D_N720: step 35 ELEVATED pairs=37496 evals=432 807s
[560338.4] IDEA_D_N720: step 36 ELEVATED pairs=37283 evals=448 824s
[560338.9] IDEA_D_N720: step 37 NO_CANDIDATES_GENERATED pairs=37283 evals=448 825s
[560383.0] IDEA_D_N720: step 38 ELEVATED pairs=37072 evals=464 869s
[560399.4] IDEA_D_N720: step 39 ELEVATED pairs=36862 evals=480 885s
[560399.9] IDEA_D_N720: step 40 NO_CANDIDATES_GENERATED pairs=36862 evals=480 886s
[560442.0] IDEA_D_N720: step 41 ELEVATED pairs=36654 evals=496 928s
[560451.8] IDEA_D_N720: step 42 ELEVATED pairs=36480 evals=512 938s
[560452.3] IDEA_D_N720: step 43 NO_CANDIDATES_GENERATED pairs=36480 evals=512 938s
[560491.5] IDEA_D_N720: step 44 ELEVATED pairs=36308 evals=528 977s
[560501.1] IDEA_D_N720: step 45 ELEVATED pairs=36104 evals=544 987s
[560501.8] IDEA_D_N720: step 46 NO_CANDIDATES_GENERATED pairs=36104 evals=544 988s
[560542.9] IDEA_D_N720: step 47 ELEVATED pairs=35917 evals=560 1029s
[560556.7] IDEA_D_N720: step 48 ELEVATED pairs=35764 evals=576 1043s
[560557.3] IDEA_D_N720: step 49 NO_CANDIDATES_GENERATED pairs=35764 evals=576 1043s
[560605.3] IDEA_D_N720: step 50 ELEVATED pairs=35553 evals=592 1091s
[560621.3] IDEA_D_N720: step 51 ELEVATED pairs=35344 evals=608 1107s
[560621.9] IDEA_D_N720: step 52 NO_CANDIDATES_GENERATED pairs=35344 evals=608 1108s
[560653.7] IDEA_D_N720: step 53 NO_CANDIDATES_GENERATED pairs=35344 evals=608 1139s
[560653.9] IDEA_D_N720: step 54 NO_CANDIDATES_GENERATED pairs=35344 evals=608 1140s
[560654.5] IDEA_D_N720: step 55 NO_CANDIDATES_GENERATED pairs=35344 evals=608 1140s
[560686.0] IDEA_D_N720: step 56 NO_CANDIDATES_GENERATED pairs=35344 evals=608 1172s
[560686.2] IDEA_D_N720: step 57 NO_CANDIDATES_GENERATED pairs=35344 evals=608 1172s
[560686.9] IDEA_D_N720: step 58 NO_CANDIDATES_GENERATED pairs=35344 evals=608 1173s
[560718.3] IDEA_D_N720: step 59 NO_CANDIDATES_GENERATED pairs=35344 evals=608 1204s
[560718.5] IDEA_D_N720: step 60 NO_CANDIDATES_GENERATED pairs=35344 evals=608 1204s
[560719.2] IDEA_D_N720: step 61 NO_CANDIDATES_GENERATED pairs=35344 evals=608 1205s
[560765.6] IDEA_D_N720: step 62 ELEVATED pairs=35137 evals=624 1251s
[560778.5] IDEA_D_N720: step 63 ELEVATED pairs=35062 evals=640 1264s
[560779.2] IDEA_D_N720: step 64 NO_CANDIDATES_GENERATED pairs=35062 evals=640 1265s
[560827.3] IDEA_D_N720: step 65 ELEVATED pairs=34857 evals=656 1313s
[560841.5] IDEA_D_N720: step 66 ELEVATED pairs=34653 evals=672 1327s
[560842.3] IDEA_D_N720: step 67 NO_CANDIDATES_GENERATED pairs=34653 evals=672 1328s
[560893.0] IDEA_D_N720: step 68 ELEVATED pairs=34461 evals=688 1379s
[560912.2] IDEA_D_N720: step 69 ELEVATED pairs=34271 evals=704 1398s
[560912.9] IDEA_D_N720: step 70 NO_CANDIDATES_GENERATED pairs=34271 evals=704 1399s
[560967.2] IDEA_D_N720: step 71 ELEVATED pairs=34083 evals=720 1453s
[560967.4] IDEA_D_N720: step 72 ABORTED_CANDIDATE_BUDGET pairs=34083 evals=720 1453s
[560967.9] IDEA_D_N720: done final=34083 moves=45 first=45 reloc=0 ret=0 evals=720 stop=CANDIDATE_BUDGET_EXHAUSTED
[561030.5] IDEA_D_N720: recheck PASS checks=130816
