[554387.8] V6_E2_NC2880: start mode=N budget=2880 spec={"name": "V6_E2", "target_policy": "STRATIFIED", "evaluation_policy": "E2_ORDERED_K16", "traversal_policy": "BASE", "max_targets": 200, "k_per_target": 16, "family_round_robin": false, "relocation_side_reserve": 0, "waiting_age": false, "route_coverage": false, "multi_anchor": false, "exact_dedup": false, "decision_cache": false, "return_action": false, "cache_structural_skips": false, "window_slack_mm": 1e-05, "notes": ""}
[554387.8] V6_E2_NC2880: start state=challenge C:\Users\lihao\Desktop\Graduation Project\OpticalWaveguideRouter3D\outputs\3d_strategy_v4\512_full_layout\N2880 pairs=30999
[554395.7] V6_E2_NC2880: INITIAL_DONE pairs=30999
[554396.0] V6_E2_NC2880: step 1 NO_CANDIDATES_GENERATED pairs=30999 evals=0 1s
[554424.9] V6_E2_NC2880: step 2 NO_CANDIDATES_GENERATED pairs=30999 evals=0 30s
[554425.1] V6_E2_NC2880: step 3 NO_CANDIDATES_GENERATED pairs=30999 evals=0 30s
[554425.4] V6_E2_NC2880: step 4 NO_CANDIDATES_GENERATED pairs=30999 evals=0 30s
[554454.0] V6_E2_NC2880: step 5 NO_CANDIDATES_GENERATED pairs=30999 evals=0 59s
[554454.3] V6_E2_NC2880: step 6 NO_CANDIDATES_GENERATED pairs=30999 evals=0 59s
[554454.6] V6_E2_NC2880: step 7 NO_CANDIDATES_GENERATED pairs=30999 evals=0 59s
[554484.6] V6_E2_NC2880: step 8 NO_CANDIDATES_GENERATED pairs=30999 evals=0 89s
[554484.8] V6_E2_NC2880: step 9 NO_CANDIDATES_GENERATED pairs=30999 evals=0 89s
[554485.2] V6_E2_NC2880: step 10 NO_CANDIDATES_GENERATED pairs=30999 evals=0 90s
[554526.0] V6_E2_NC2880: step 11 ELEVATED pairs=30804 evals=16 131s
[554538.2] V6_E2_NC2880: step 12 ELEVATED pairs=30611 evals=32 143s
[554538.6] V6_E2_NC2880: step 13 NO_CANDIDATES_GENERATED pairs=30611 evals=32 143s
[554582.9] V6_E2_NC2880: step 14 ELEVATED pairs=30460 evals=48 188s
[554595.9] V6_E2_NC2880: step 15 ELEVATED pairs=30309 evals=64 201s
[554608.8] V6_E2_NC2880: step 16 ELEVATED pairs=30125 evals=80 213s
[554641.3] V6_E2_NC2880: step 17 NO_CANDIDATES_GENERATED pairs=30125 evals=80 246s
[554660.4] V6_E2_NC2880: step 18 ELEVATED pairs=29935 evals=96 265s
[554660.8] V6_E2_NC2880: step 19 NO_CANDIDATES_GENERATED pairs=29935 evals=96 265s
[554713.4] V6_E2_NC2880: step 20 ELEVATED pairs=29747 evals=112 318s
[554738.2] V6_E2_NC2880: step 21 ELEVATED pairs=29561 evals=128 343s
[554751.0] V6_E2_NC2880: step 22 ELEVATED pairs=29398 evals=144 356s
[554803.3] V6_E2_NC2880: step 23 ELEVATED pairs=29208 evals=160 408s
[554829.8] V6_E2_NC2880: step 24 ELEVATED pairs=29024 evals=176 434s
[554830.2] V6_E2_NC2880: step 25 NO_CANDIDATES_GENERATED pairs=29024 evals=176 435s
[554882.5] V6_E2_NC2880: step 26 ELEVATED pairs=28836 evals=192 487s
[554894.4] V6_E2_NC2880: step 27 ELEVATED pairs=28661 evals=208 499s
[554894.9] V6_E2_NC2880: step 28 NO_CANDIDATES_GENERATED pairs=28661 evals=208 500s
[554944.6] V6_E2_NC2880: step 29 ELEVATED pairs=28488 evals=224 549s
[554962.9] V6_E2_NC2880: step 30 ELEVATED pairs=28317 evals=240 568s
[554963.5] V6_E2_NC2880: step 31 NO_CANDIDATES_GENERATED pairs=28317 evals=240 568s
[555014.9] V6_E2_NC2880: step 32 ELEVATED pairs=28134 evals=256 620s
[555028.2] V6_E2_NC2880: step 33 ELEVATED pairs=27953 evals=272 633s
[555028.8] V6_E2_NC2880: step 34 NO_CANDIDATES_GENERATED pairs=27953 evals=272 633s
[555081.7] V6_E2_NC2880: step 35 ELEVATED pairs=27784 evals=288 686s
[555096.2] V6_E2_NC2880: step 36 ELEVATED pairs=27605 evals=304 701s
[555096.7] V6_E2_NC2880: step 37 NO_CANDIDATES_GENERATED pairs=27605 evals=304 701s
[555150.7] V6_E2_NC2880: step 38 ELEVATED pairs=27438 evals=320 755s
[555160.7] V6_E2_NC2880: step 39 ELEVATED pairs=27270 evals=329 765s
[555161.2] V6_E2_NC2880: step 40 NO_CANDIDATES_GENERATED pairs=27270 evals=329 766s
[555217.7] V6_E2_NC2880: step 41 ELEVATED pairs=27106 evals=345 822s
[555227.8] V6_E2_NC2880: step 42 ELEVATED pairs=26940 evals=354 832s
[555228.4] V6_E2_NC2880: step 43 NO_CANDIDATES_GENERATED pairs=26940 evals=354 833s
[555284.8] V6_E2_NC2880: step 44 ELEVATED pairs=26778 evals=370 889s
[555294.2] V6_E2_NC2880: step 45 ELEVATED pairs=26614 evals=379 899s
[555294.7] V6_E2_NC2880: step 46 NO_CANDIDATES_GENERATED pairs=26614 evals=379 899s
[555350.5] V6_E2_NC2880: step 47 ELEVATED pairs=26454 evals=395 955s
[555351.1] V6_E2_NC2880: step 48 NO_CANDIDATES_GENERATED pairs=26454 evals=395 956s
[555363.4] V6_E2_NC2880: step 49 ELEVATED pairs=26306 evals=411 968s
[555413.0] V6_E2_NC2880: step 50 ELEVATED pairs=26144 evals=420 1018s
[555429.1] V6_E2_NC2880: step 51 ELEVATED pairs=25986 evals=436 1034s
[555445.5] V6_E2_NC2880: step 52 ELEVATED pairs=25880 evals=445 1050s
[555505.3] V6_E2_NC2880: step 53 ELEVATED pairs=25723 evals=461 1110s
[555522.2] V6_E2_NC2880: step 54 ELEVATED pairs=25568 evals=477 1127s
[555537.9] V6_E2_NC2880: step 55 ELEVATED pairs=25418 evals=493 1143s
[555592.4] V6_E2_NC2880: step 56 ELEVATED pairs=25253 evals=509 1197s
[555607.7] V6_E2_NC2880: step 57 ELEVATED pairs=25100 evals=525 1212s
[555608.0] V6_E2_NC2880: step 58 NO_CANDIDATES_GENERATED pairs=25100 evals=525 1213s
[555665.7] V6_E2_NC2880: step 59 ELEVATED pairs=24949 evals=541 1270s
[555686.7] V6_E2_NC2880: step 60 ELEVATED pairs=24800 evals=557 1291s
[555687.0] V6_E2_NC2880: step 61 NO_CANDIDATES_GENERATED pairs=24800 evals=557 1292s
[555740.4] V6_E2_NC2880: step 62 ELEVATED pairs=24711 evals=573 1345s
[555758.3] V6_E2_NC2880: step 63 ELEVATED pairs=24561 evals=589 1363s
[555758.5] V6_E2_NC2880: step 64 NO_CANDIDATES_GENERATED pairs=24561 evals=589 1363s
