[554371.9] V6_E2_R2880: start mode=R budget=2880 spec={"name": "V6_E2", "target_policy": "STRATIFIED", "evaluation_policy": "E2_ORDERED_K16", "traversal_policy": "BASE", "max_targets": 200, "k_per_target": 16, "family_round_robin": false, "relocation_side_reserve": 0, "waiting_age": false, "route_coverage": false, "multi_anchor": false, "exact_dedup": false, "decision_cache": false, "return_action": false, "cache_structural_skips": false, "window_slack_mm": 1e-05, "notes": ""}
[554371.9] V6_E2_R2880: start state=main C:\Users\lihao\Desktop\Graduation Project\OpticalWaveguideRouter3D\outputs\3d_strategy_v3\512_ablation\D_both_enabled pairs=42909
[554379.1] V6_E2_R2880: INITIAL_DONE pairs=42909
[554379.7] V6_E2_R2880: step 1 NO_CANDIDATES_GENERATED pairs=42909 evals=0 1s
[554380.5] V6_E2_R2880: step 2 NO_CANDIDATES_GENERATED pairs=42909 evals=0 2s
[554380.7] V6_E2_R2880: step 3 NO_CANDIDATES_GENERATED pairs=42909 evals=0 2s
[554400.2] V6_E2_R2880: step 4 ELEVATED pairs=42666 evals=16 21s
[554401.1] V6_E2_R2880: step 5 NO_CANDIDATES_GENERATED pairs=42666 evals=16 22s
[554401.5] V6_E2_R2880: step 6 NO_CANDIDATES_GENERATED pairs=42666 evals=16 23s
[554402.0] V6_E2_R2880: step 7 NO_CANDIDATES_GENERATED pairs=42666 evals=16 23s
[554403.1] V6_E2_R2880: step 8 NO_CANDIDATES_GENERATED pairs=42666 evals=16 24s
[554413.6] V6_E2_R2880: step 9 ELEVATED pairs=42420 evals=32 35s
[554427.9] V6_E2_R2880: step 10 RELOCATED pairs=42389 evals=48 49s
[554428.8] V6_E2_R2880: step 11 NO_CANDIDATES_GENERATED pairs=42389 evals=48 50s
[554447.0] V6_E2_R2880: step 12 ELEVATED pairs=42215 evals=64 68s
[554458.2] V6_E2_R2880: step 13 PREFIX_EVALUATED_NO_WINNER_DEFERRED pairs=42215 evals=80 79s
[554483.0] V6_E2_R2880: step 14 PREFIX_EVALUATED_NO_WINNER_DEFERRED pairs=42215 evals=96 104s
[554498.5] V6_E2_R2880: step 15 ELEVATED pairs=42033 evals=112 120s
[554510.7] V6_E2_R2880: step 16 PREFIX_EVALUATED_NO_WINNER_DEFERRED pairs=42033 evals=128 132s
[554520.7] V6_E2_R2880: step 17 PREFIX_EVALUATED_NO_WINNER_DEFERRED pairs=42033 evals=144 142s
[554536.6] V6_E2_R2880: step 18 ELEVATED pairs=41849 evals=160 158s
[554549.2] V6_E2_R2880: step 19 PREFIX_EVALUATED_NO_WINNER_DEFERRED pairs=41849 evals=176 170s
[554559.0] V6_E2_R2880: step 20 PREFIX_EVALUATED_NO_WINNER_DEFERRED pairs=41849 evals=192 180s
[554574.8] V6_E2_R2880: step 21 ELEVATED pairs=41664 evals=208 196s
[554587.5] V6_E2_R2880: step 22 PREFIX_EVALUATED_NO_WINNER_DEFERRED pairs=41664 evals=224 209s
[554596.8] V6_E2_R2880: step 23 PREFIX_EVALUATED_NO_WINNER_DEFERRED pairs=41664 evals=240 218s
[554608.2] V6_E2_R2880: step 24 ELEVATED pairs=41410 evals=256 229s
[554620.8] V6_E2_R2880: step 25 PREFIX_EVALUATED_NO_WINNER_DEFERRED pairs=41410 evals=272 242s
[554630.2] V6_E2_R2880: step 26 PREFIX_EVALUATED_NO_WINNER_DEFERRED pairs=41410 evals=288 251s
[554645.4] V6_E2_R2880: step 27 ELEVATED pairs=41216 evals=304 267s
[554657.8] V6_E2_R2880: step 28 PREFIX_EVALUATED_NO_WINNER_DEFERRED pairs=41216 evals=320 279s
[554667.1] V6_E2_R2880: step 29 PREFIX_EVALUATED_NO_WINNER_DEFERRED pairs=41216 evals=336 288s
[554687.8] V6_E2_R2880: step 30 ELEVATED pairs=41037 evals=352 309s
[554700.5] V6_E2_R2880: step 31 PREFIX_EVALUATED_NO_WINNER_DEFERRED pairs=41037 evals=368 322s
[554709.8] V6_E2_R2880: step 32 PREFIX_EVALUATED_NO_WINNER_DEFERRED pairs=41037 evals=384 331s
[554731.0] V6_E2_R2880: step 33 ELEVATED pairs=40858 evals=400 352s
[554744.2] V6_E2_R2880: step 34 PREFIX_EVALUATED_NO_WINNER_DEFERRED pairs=40858 evals=416 365s
[554753.6] V6_E2_R2880: step 35 PREFIX_EVALUATED_NO_WINNER_DEFERRED pairs=40858 evals=432 375s
[554763.8] V6_E2_R2880: step 36 ELEVATED pairs=40620 evals=448 385s
[554777.4] V6_E2_R2880: step 37 PREFIX_EVALUATED_NO_WINNER_DEFERRED pairs=40620 evals=464 399s
[554786.9] V6_E2_R2880: step 38 PREFIX_EVALUATED_NO_WINNER_DEFERRED pairs=40620 evals=480 408s
[554801.1] V6_E2_R2880: step 39 ELEVATED pairs=40369 evals=496 422s
[554814.3] V6_E2_R2880: step 40 PREFIX_EVALUATED_NO_WINNER_DEFERRED pairs=40369 evals=512 435s
[554823.9] V6_E2_R2880: step 41 PREFIX_EVALUATED_NO_WINNER_DEFERRED pairs=40369 evals=528 445s
[554833.6] V6_E2_R2880: step 42 ELEVATED pairs=40129 evals=544 455s
[554846.5] V6_E2_R2880: step 43 PREFIX_EVALUATED_NO_WINNER_DEFERRED pairs=40129 evals=560 468s
[554856.0] V6_E2_R2880: step 44 PREFIX_EVALUATED_NO_WINNER_DEFERRED pairs=40129 evals=576 477s
[554869.6] V6_E2_R2880: step 45 ELEVATED pairs=39880 evals=592 491s
[554882.4] V6_E2_R2880: step 46 PREFIX_EVALUATED_NO_WINNER_DEFERRED pairs=39880 evals=608 504s
[554891.8] V6_E2_R2880: step 47 PREFIX_EVALUATED_NO_WINNER_DEFERRED pairs=39880 evals=624 513s
[554905.5] V6_E2_R2880: step 48 ELEVATED pairs=39633 evals=640 527s
[554918.3] V6_E2_R2880: step 49 PREFIX_EVALUATED_NO_WINNER_DEFERRED pairs=39633 evals=656 539s
[554927.5] V6_E2_R2880: step 50 PREFIX_EVALUATED_NO_WINNER_DEFERRED pairs=39633 evals=672 549s
[554941.5] V6_E2_R2880: step 51 ELEVATED pairs=39408 evals=688 563s
[554954.5] V6_E2_R2880: step 52 PREFIX_EVALUATED_NO_WINNER_DEFERRED pairs=39408 evals=704 576s
[554964.2] V6_E2_R2880: step 53 PREFIX_EVALUATED_NO_WINNER_DEFERRED pairs=39408 evals=720 585s
[554983.2] V6_E2_R2880: step 54 ELEVATED pairs=39250 evals=736 604s
[554998.0] V6_E2_R2880: step 55 RELOCATED pairs=39230 evals=752 619s
[555007.4] V6_E2_R2880: step 56 PREFIX_EVALUATED_NO_WINNER_DEFERRED pairs=39230 evals=768 629s
[555020.9] V6_E2_R2880: step 57 ELEVATED pairs=39096 evals=784 642s
[555031.6] V6_E2_R2880: step 58 RELOCATED pairs=39067 evals=800 653s
[555041.1] V6_E2_R2880: step 59 PREFIX_EVALUATED_NO_WINNER_DEFERRED pairs=39067 evals=816 662s
[555054.6] V6_E2_R2880: step 60 ELEVATED pairs=38932 evals=832 676s
[555064.7] V6_E2_R2880: step 61 RELOCATED pairs=38885 evals=848 686s
[555074.0] V6_E2_R2880: step 62 PREFIX_EVALUATED_NO_WINNER_DEFERRED pairs=38885 evals=864 695s
[555085.7] V6_E2_R2880: step 63 ELEVATED pairs=38769 evals=880 707s
[555096.9] V6_E2_R2880: step 64 RELOCATED pairs=38709 evals=896 718s
[555106.1] V6_E2_R2880: step 65 PREFIX_EVALUATED_NO_WINNER_DEFERRED pairs=38709 evals=912 727s
[555126.5] V6_E2_R2880: step 66 ELEVATED pairs=38505 evals=928 748s
[555140.8] V6_E2_R2880: step 67 PREFIX_EVALUATED_NO_WINNER_DEFERRED pairs=38505 evals=944 762s
[555149.8] V6_E2_R2880: step 68 PREFIX_EVALUATED_NO_WINNER_DEFERRED pairs=38505 evals=960 771s
[555159.0] V6_E2_R2880: step 69 ELEVATED pairs=38277 evals=976 780s
[555173.1] V6_E2_R2880: step 70 PREFIX_EVALUATED_NO_WINNER_DEFERRED pairs=38277 evals=992 794s
[555182.4] V6_E2_R2880: step 71 PREFIX_EVALUATED_NO_WINNER_DEFERRED pairs=38277 evals=1008 804s
[555196.1] V6_E2_R2880: step 72 ELEVATED pairs=38140 evals=1024 817s
[555210.7] V6_E2_R2880: step 73 PREFIX_EVALUATED_NO_WINNER_DEFERRED pairs=38140 evals=1040 832s
[555227.9] V6_E2_R2880: step 74 RELOCATED pairs=38100 evals=1056 849s
[555236.8] V6_E2_R2880: step 75 ELEVATED pairs=37873 evals=1072 858s
[555250.9] V6_E2_R2880: step 76 PREFIX_EVALUATED_NO_WINNER_DEFERRED pairs=37873 evals=1088 872s
[555261.0] V6_E2_R2880: step 77 PREFIX_EVALUATED_NO_WINNER_DEFERRED pairs=37873 evals=1104 882s
[555275.3] V6_E2_R2880: step 78 ELEVATED pairs=37669 evals=1120 897s
[555289.2] V6_E2_R2880: step 79 PREFIX_EVALUATED_NO_WINNER_DEFERRED pairs=37669 evals=1136 910s
[555305.0] V6_E2_R2880: step 80 RELOCATED pairs=37631 evals=1152 926s
[555313.5] V6_E2_R2880: step 81 ELEVATED pairs=37405 evals=1168 935s
[555327.3] V6_E2_R2880: step 82 PREFIX_EVALUATED_NO_WINNER_DEFERRED pairs=37405 evals=1184 948s
[555343.4] V6_E2_R2880: step 83 RELOCATED pairs=37369 evals=1200 965s
[555353.5] V6_E2_R2880: step 84 ELEVATED pairs=37160 evals=1216 975s
[555367.1] V6_E2_R2880: step 85 PREFIX_EVALUATED_NO_WINNER_DEFERRED pairs=37160 evals=1232 988s
[555376.9] V6_E2_R2880: step 86 PREFIX_EVALUATED_NO_WINNER_DEFERRED pairs=37160 evals=1248 998s
[555386.4] V6_E2_R2880: step 87 ELEVATED pairs=36946 evals=1264 1008s
[555399.5] V6_E2_R2880: step 88 PREFIX_EVALUATED_NO_WINNER_DEFERRED pairs=36946 evals=1280 1021s
[555409.5] V6_E2_R2880: step 89 PREFIX_EVALUATED_NO_WINNER_DEFERRED pairs=36946 evals=1296 1031s
[555409.8] V6_E2_R2880: step 90 NO_CANDIDATES_GENERATED pairs=36946 evals=1296 1031s
[555420.0] V6_E2_R2880: step 91 PREFIX_EVALUATED_NO_WINNER_DEFERRED pairs=36946 evals=1312 1041s
[555435.1] V6_E2_R2880: step 92 RELOCATED pairs=36908 evals=1328 1056s
[555435.5] V6_E2_R2880: step 93 NO_CANDIDATES_GENERATED pairs=36908 evals=1328 1057s
[555448.3] V6_E2_R2880: step 94 PREFIX_EVALUATED_NO_WINNER_DEFERRED pairs=36908 evals=1344 1070s
[555457.7] V6_E2_R2880: step 95 PREFIX_EVALUATED_NO_WINNER_DEFERRED pairs=36908 evals=1360 1079s
[555467.5] V6_E2_R2880: step 96 ELEVATED pairs=36714 evals=1376 1089s
[555480.5] V6_E2_R2880: step 97 PREFIX_EVALUATED_NO_WINNER_DEFERRED pairs=36714 evals=1392 1102s
[555490.0] V6_E2_R2880: step 98 PREFIX_EVALUATED_NO_WINNER_DEFERRED pairs=36714 evals=1408 1111s
[555500.0] V6_E2_R2880: step 99 ELEVATED pairs=36520 evals=1424 1121s
[555513.7] V6_E2_R2880: step 100 PREFIX_EVALUATED_NO_WINNER_DEFERRED pairs=36520 evals=1440 1135s
[555523.8] V6_E2_R2880: step 101 PREFIX_EVALUATED_NO_WINNER_DEFERRED pairs=36520 evals=1456 1145s
[555537.0] V6_E2_R2880: step 102 ELEVATED pairs=36381 evals=1472 1158s
[555549.7] V6_E2_R2880: step 103 PREFIX_EVALUATED_NO_WINNER_DEFERRED pairs=36381 evals=1488 1171s
[555559.1] V6_E2_R2880: step 104 PREFIX_EVALUATED_NO_WINNER_DEFERRED pairs=36381 evals=1504 1180s
[555568.6] V6_E2_R2880: step 105 ELEVATED pairs=36179 evals=1520 1190s
[555581.1] V6_E2_R2880: step 106 PREFIX_EVALUATED_NO_WINNER_DEFERRED pairs=36179 evals=1536 1202s
[555590.0] V6_E2_R2880: step 107 PREFIX_EVALUATED_NO_WINNER_DEFERRED pairs=36179 evals=1552 1211s
[555598.6] V6_E2_R2880: step 108 ELEVATED pairs=35978 evals=1568 1220s
[555610.6] V6_E2_R2880: step 109 PREFIX_EVALUATED_NO_WINNER_DEFERRED pairs=35978 evals=1584 1232s
[555619.6] V6_E2_R2880: step 110 PREFIX_EVALUATED_NO_WINNER_DEFERRED pairs=35978 evals=1600 1241s
[555629.0] V6_E2_R2880: step 111 ELEVATED pairs=35778 evals=1616 1250s
[555641.1] V6_E2_R2880: step 112 PREFIX_EVALUATED_NO_WINNER_DEFERRED pairs=35778 evals=1632 1262s
[555650.1] V6_E2_R2880: step 113 PREFIX_EVALUATED_NO_WINNER_DEFERRED pairs=35778 evals=1648 1271s
[555661.9] V6_E2_R2880: step 114 ELEVATED pairs=35587 evals=1664 1283s
[555674.0] V6_E2_R2880: step 115 PREFIX_EVALUATED_NO_WINNER_DEFERRED pairs=35587 evals=1680 1295s
[555682.9] V6_E2_R2880: step 116 PREFIX_EVALUATED_NO_WINNER_DEFERRED pairs=35587 evals=1696 1304s
[555695.0] V6_E2_R2880: step 117 ELEVATED pairs=35378 evals=1712 1316s
[555706.8] V6_E2_R2880: step 118 PREFIX_EVALUATED_NO_WINNER_DEFERRED pairs=35378 evals=1728 1328s
[555715.5] V6_E2_R2880: step 119 PREFIX_EVALUATED_NO_WINNER_DEFERRED pairs=35378 evals=1744 1337s
[555725.5] V6_E2_R2880: step 120 ELEVATED pairs=35191 evals=1760 1347s
[555737.6] V6_E2_R2880: step 121 PREFIX_EVALUATED_NO_WINNER_DEFERRED pairs=35191 evals=1776 1359s
[555746.5] V6_E2_R2880: step 122 PREFIX_EVALUATED_NO_WINNER_DEFERRED pairs=35191 evals=1792 1368s
[555758.6] V6_E2_R2880: step 123 ELEVATED pairs=34984 evals=1808 1380s
[555770.7] V6_E2_R2880: step 124 PREFIX_EVALUATED_NO_WINNER_DEFERRED pairs=34984 evals=1824 1392s
