[554387.3] V6_E1_NC2880: start mode=N budget=2880 spec={"name": "V6_E1", "target_policy": "STRATIFIED", "evaluation_policy": "E1_ORDERED_EXHAUSTIVE", "traversal_policy": "BASE", "max_targets": 200, "k_per_target": 16, "family_round_robin": false, "relocation_side_reserve": 0, "waiting_age": false, "route_coverage": false, "multi_anchor": false, "exact_dedup": false, "decision_cache": false, "return_action": false, "cache_structural_skips": false, "window_slack_mm": 1e-05, "notes": ""}
[554387.3] V6_E1_NC2880: start state=challenge C:\Users\lihao\Desktop\Graduation Project\OpticalWaveguideRouter3D\outputs\3d_strategy_v4\512_full_layout\N2880 pairs=30999
[554395.3] V6_E1_NC2880: INITIAL_DONE pairs=30999
[554395.7] V6_E1_NC2880: step 1 NO_CANDIDATES_GENERATED pairs=30999 evals=0 1s
[554424.5] V6_E1_NC2880: step 2 NO_CANDIDATES_GENERATED pairs=30999 evals=0 30s
[554424.7] V6_E1_NC2880: step 3 NO_CANDIDATES_GENERATED pairs=30999 evals=0 30s
[554425.0] V6_E1_NC2880: step 4 NO_CANDIDATES_GENERATED pairs=30999 evals=0 30s
[554453.7] V6_E1_NC2880: step 5 NO_CANDIDATES_GENERATED pairs=30999 evals=0 59s
[554454.0] V6_E1_NC2880: step 6 NO_CANDIDATES_GENERATED pairs=30999 evals=0 59s
[554454.3] V6_E1_NC2880: step 7 NO_CANDIDATES_GENERATED pairs=30999 evals=0 59s
[554484.1] V6_E1_NC2880: step 8 NO_CANDIDATES_GENERATED pairs=30999 evals=0 89s
[554484.3] V6_E1_NC2880: step 9 NO_CANDIDATES_GENERATED pairs=30999 evals=0 89s
[554484.7] V6_E1_NC2880: step 10 NO_CANDIDATES_GENERATED pairs=30999 evals=0 90s
[554562.0] V6_E1_NC2880: step 11 ELEVATED pairs=30804 evals=54 167s
[554609.0] V6_E1_NC2880: step 12 ELEVATED pairs=30610 evals=108 214s
[554609.4] V6_E1_NC2880: step 13 NO_CANDIDATES_GENERATED pairs=30610 evals=108 214s
[554707.7] V6_E1_NC2880: step 14 ELEVATED pairs=30415 evals=180 313s
[554775.8] V6_E1_NC2880: step 15 ELEVATED pairs=30222 evals=252 381s
[554776.3] V6_E1_NC2880: step 16 NO_CANDIDATES_GENERATED pairs=30222 evals=252 381s
[554808.4] V6_E1_NC2880: step 17 NO_CANDIDATES_GENERATED pairs=30222 evals=252 413s
[554830.0] V6_E1_NC2880: step 18 ELEVATED pairs=30031 evals=270 435s
[554830.5] V6_E1_NC2880: step 19 NO_CANDIDATES_GENERATED pairs=30031 evals=270 436s
[554884.3] V6_E1_NC2880: step 20 ELEVATED pairs=29842 evals=288 489s
[554911.4] V6_E1_NC2880: step 21 ELEVATED pairs=29655 evals=306 516s
[554911.8] V6_E1_NC2880: step 22 NO_CANDIDATES_GENERATED pairs=29655 evals=306 517s
[555012.8] V6_E1_NC2880: step 23 ELEVATED pairs=29456 evals=360 618s
[555041.5] V6_E1_NC2880: step 24 ELEVATED pairs=29271 evals=378 647s
[555089.2] V6_E1_NC2880: step 25 ELEVATED pairs=29084 evals=432 694s
[555187.5] V6_E1_NC2880: step 26 ELEVATED pairs=28887 evals=486 793s
[555246.6] V6_E1_NC2880: step 27 ELEVATED pairs=28692 evals=540 852s
[555247.1] V6_E1_NC2880: step 28 NO_CANDIDATES_GENERATED pairs=28692 evals=540 852s
[555320.4] V6_E1_NC2880: step 29 ELEVATED pairs=28517 evals=576 925s
[555366.1] V6_E1_NC2880: step 30 ELEVATED pairs=28344 evals=612 971s
[555366.7] V6_E1_NC2880: step 31 NO_CANDIDATES_GENERATED pairs=28344 evals=612 972s
[555443.3] V6_E1_NC2880: step 32 ELEVATED pairs=28155 evals=666 1048s
[555491.6] V6_E1_NC2880: step 33 ELEVATED pairs=27968 evals=720 1097s
[555492.0] V6_E1_NC2880: step 34 NO_CANDIDATES_GENERATED pairs=27968 evals=720 1097s
[555581.9] V6_E1_NC2880: step 35 ELEVATED pairs=27787 evals=774 1187s
[555628.8] V6_E1_NC2880: step 36 ELEVATED pairs=27602 evals=828 1234s
[555629.3] V6_E1_NC2880: step 37 NO_CANDIDATES_GENERATED pairs=27602 evals=828 1234s
[555712.5] V6_E1_NC2880: step 38 ELEVATED pairs=27423 evals=882 1318s
[555760.9] V6_E1_NC2880: step 39 ELEVATED pairs=27240 evals=936 1366s
[555761.3] V6_E1_NC2880: step 40 NO_CANDIDATES_GENERATED pairs=27240 evals=936 1366s
