[544769.8] N2880: start mode=N appended_candidate_budget=2880 max_targets=200 probe=False
[544773.8] N2880: INITIAL_DONE pairs=42909 unresolved=3
[544773.9] N2880: step 1 NO_CANDIDATES_GENERATED pairs=42909 evals=0 1s
[544774.0] N2880: step 2 NO_CANDIDATES_GENERATED pairs=42909 evals=0 1s
[544805.5] N2880: step 3 ELEVATED pairs=42648 evals=72 32s
[544849.2] N2880: step 4 ELEVATED pairs=42392 evals=144 76s
[544889.7] N2880: step 5 ELEVATED pairs=42139 evals=216 116s
[544931.1] N2880: step 6 ELEVATED pairs=41888 evals=288 158s
[544972.5] N2880: step 7 ELEVATED pairs=41639 evals=360 199s
[544988.5] N2880: step 8 ELEVATED pairs=41386 evals=396 215s
[545000.5] N2880: step 9 ELEVATED pairs=41111 evals=432 227s
[545030.5] N2880: step 10 ELEVATED pairs=40843 evals=486 257s
[545046.9] N2880: step 11 ELEVATED pairs=40583 evals=540 273s
[545093.9] N2880: step 12 ELEVATED pairs=40327 evals=639 321s
[545138.4] N2880: step 13 ELEVATED pairs=40072 evals=738 365s
[545193.7] N2880: step 14 ELEVATED pairs=39820 evals=837 420s
[545223.0] N2880: step 15 ELEVATED pairs=39573 evals=891 450s
[545252.3] N2880: step 16 ELEVATED pairs=39328 evals=945 479s
[545279.0] N2880: step 17 ELEVATED pairs=39089 evals=999 506s
[545309.7] N2880: step 18 ELEVATED pairs=38845 evals=1053 536s
[545345.0] N2880: step 19 ELEVATED pairs=38610 evals=1107 572s
[545378.6] N2880: step 20 ELEVATED pairs=38377 evals=1161 605s
[545413.5] N2880: step 21 ELEVATED pairs=38148 evals=1233 640s
[545427.0] N2880: step 22 ELEVATED pairs=37908 evals=1269 654s
[545462.5] N2880: step 23 ELEVATED pairs=37686 evals=1341 689s
[545474.9] N2880: step 24 ELEVATED pairs=37453 evals=1377 702s
[545486.2] N2880: step 25 ELEVATED pairs=37222 evals=1413 713s
[545508.3] N2880: step 26 ELEVATED pairs=36995 evals=1467 735s
[545518.8] N2880: step 27 ELEVATED pairs=36766 evals=1503 745s
[545539.3] N2880: step 28 ELEVATED pairs=36540 evals=1557 766s
[545549.2] N2880: step 29 ELEVATED pairs=36313 evals=1593 776s
[545569.5] N2880: step 30 ELEVATED pairs=36089 evals=1647 796s
[545598.3] N2880: step 31 ELEVATED pairs=35873 evals=1719 825s
[545631.8] N2880: step 32 ELEVATED pairs=35658 evals=1791 858s
[545652.2] N2880: step 33 ELEVATED pairs=35435 evals=1845 879s
[545652.3] N2880: step 34 NO_CANDIDATES_GENERATED pairs=35435 evals=1845 879s
[545652.3] N2880: step 35 NO_CANDIDATES_GENERATED pairs=35435 evals=1845 879s
[545682.5] N2880: step 36 ELEVATED pairs=35227 evals=1917 909s
[545711.6] N2880: step 37 ELEVATED pairs=35021 evals=1989 938s
[545744.9] N2880: step 38 ELEVATED pairs=34820 evals=2061 972s
[545759.0] N2880: step 39 ELEVATED pairs=34617 evals=2115 986s
[545779.8] N2880: step 40 ELEVATED pairs=34402 evals=2169 1006s
[545783.0] N2880: step 41 ELEVATED pairs=34196 evals=2178 1010s
[545786.1] N2880: step 42 ELEVATED pairs=33992 evals=2187 1013s
[545789.3] N2880: step 43 ELEVATED pairs=33790 evals=2196 1016s
[545846.4] N2880: step 44 ELEVATED pairs=33577 evals=2322 1073s
[545849.5] N2880: step 45 ELEVATED pairs=33377 evals=2331 1076s
[545873.3] N2880: step 46 ELEVATED pairs=33167 evals=2385 1100s
[545876.6] N2880: step 47 ELEVATED pairs=32969 evals=2394 1103s
[545879.9] N2880: step 48 ELEVATED pairs=32773 evals=2403 1107s
[545883.2] N2880: step 49 ELEVATED pairs=32579 evals=2412 1110s
[545898.6] N2880: step 50 ELEVATED pairs=32374 evals=2457 1125s
[545902.0] N2880: step 51 ELEVATED pairs=32182 evals=2466 1129s
[545902.1] N2880: step 52 NO_CANDIDATES_GENERATED pairs=32182 evals=2466 1129s
[545902.2] N2880: step 53 NO_CANDIDATES_GENERATED pairs=32182 evals=2466 1129s
[545942.5] N2880: step 54 ELEVATED pairs=31992 evals=2538 1169s
[545966.2] N2880: step 55 ELEVATED pairs=31790 evals=2610 1193s
[545966.2] N2880: step 56 NO_CANDIDATES_GENERATED pairs=31790 evals=2610 1193s
[545966.3] N2880: step 57 NO_CANDIDATES_GENERATED pairs=31790 evals=2610 1193s
[545966.4] N2880: step 58 NO_CANDIDATES_GENERATED pairs=31790 evals=2610 1193s
[545966.4] N2880: step 59 NO_CANDIDATES_GENERATED pairs=31790 evals=2610 1193s
[545966.5] N2880: step 60 NO_CANDIDATES_GENERATED pairs=31790 evals=2610 1193s
[545966.6] N2880: step 61 NO_CANDIDATES_GENERATED pairs=31790 evals=2610 1193s
[545994.8] N2880: step 62 ELEVATED pairs=31590 evals=2682 1221s
[546023.0] N2880: step 63 ELEVATED pairs=31392 evals=2754 1250s
[546051.7] N2880: step 64 ELEVATED pairs=31196 evals=2826 1278s
[546071.3] N2880: step 65 ELEVATED pairs=30999 evals=2880 1298s
[546071.5] N2880: step 66 ABORTED_CANDIDATE_BUDGET pairs=30999 evals=2880 1298s
[546071.7] N2880: done final=30999 moves=53 relocations=0 evals=2880 stop=CANDIDATE_BUDGET_EXHAUSTED seconds=1302
[546106.6] N2880: recheck PASS checks=130816 seconds=30.8
