[604991.3] V8_G1_R2880_boundaryfix: start mode=R budget=2880 spec={"name": "V8_G1", "target_policy": "LEGACY", "evaluation_policy": "E2_ORDERED_K16", "traversal_policy": "BASE", "max_targets": 200, "k_per_target": 16, "family_round_robin": false, "relocation_side_reserve": 0, "waiting_age": false, "route_coverage": false, "multi_anchor": false, "exact_dedup": false, "decision_cache": false, "return_action": false, "cache_structural_skips": false, "window_slack_mm": 1e-05, "generation_domain": "PATH_WINDOWS", "path_window_settings": {"placements": [0.0, 0.5, 1.0], "length_factors": [1.0, 1.5, 2.0, 3.0], "cap": 4096}, "stage_length_cap_mm": null, "notes": ""}
[604991.3] V8_G1_R2880_boundaryfix: start state=main C:\Users\lihao\Desktop\Graduation Project\OpticalWaveguideRouter3D\outputs\3d_strategy_v3\512_ablation\D_both_enabled pairs=42909
[604994.8] V8_G1_R2880_boundaryfix: INITIAL_DONE pairs=42909
[604994.9] V8_G1_R2880_boundaryfix: step 1 NO_CANDIDATES_GENERATED pairs=42909 evals=0 0s
[604995.2] V8_G1_R2880_boundaryfix: step 2 NO_CANDIDATES_GENERATED pairs=42909 evals=0 0s
[605007.9] V8_G1_R2880_boundaryfix: step 3 ELEVATED pairs=42657 evals=16 13s
[605024.1] V8_G1_R2880_boundaryfix: step 4 ELEVATED pairs=42411 evals=32 29s
[605040.2] V8_G1_R2880_boundaryfix: step 5 ELEVATED pairs=42168 evals=48 45s
[605057.3] V8_G1_R2880_boundaryfix: step 6 ELEVATED pairs=41927 evals=64 62s
[605074.5] V8_G1_R2880_boundaryfix: step 7 ELEVATED pairs=41688 evals=80 80s
[605088.2] V8_G1_R2880_boundaryfix: step 8 ELEVATED pairs=41453 evals=96 93s
[605099.0] V8_G1_R2880_boundaryfix: step 9 ELEVATED pairs=41202 evals=112 104s
[605109.0] V8_G1_R2880_boundaryfix: step 10 ELEVATED pairs=40956 evals=128 114s
[605119.3] V8_G1_R2880_boundaryfix: step 11 ELEVATED pairs=40707 evals=144 124s
[605131.1] V8_G1_R2880_boundaryfix: step 12 ELEVATED pairs=40456 evals=160 136s
[605140.1] V8_G1_R2880_boundaryfix: step 13 ELEVATED pairs=40209 evals=176 145s
[605151.6] V8_G1_R2880_boundaryfix: step 14 ELEVATED pairs=39960 evals=192 157s
[605174.6] V8_G1_R2880_boundaryfix: step 15 ELEVATED pairs=39734 evals=208 180s
[605197.2] V8_G1_R2880_boundaryfix: step 16 ELEVATED pairs=39510 evals=224 202s
[605212.9] V8_G1_R2880_boundaryfix: step 17 ELEVATED pairs=39292 evals=240 218s
[605221.3] V8_G1_R2880_boundaryfix: step 18 ELEVATED pairs=39053 evals=256 226s
[605233.1] V8_G1_R2880_boundaryfix: step 19 ELEVATED pairs=38833 evals=272 238s
[605244.2] V8_G1_R2880_boundaryfix: step 20 ELEVATED pairs=38623 evals=288 249s
[605258.0] V8_G1_R2880_boundaryfix: step 21 ELEVATED pairs=38409 evals=304 263s
[605264.1] V8_G1_R2880_boundaryfix: step 22 ELEVATED pairs=38183 evals=320 269s
[605274.5] V8_G1_R2880_boundaryfix: step 23 ELEVATED pairs=37971 evals=336 280s
[605280.4] V8_G1_R2880_boundaryfix: step 24 ELEVATED pairs=37747 evals=352 286s
[605290.8] V8_G1_R2880_boundaryfix: step 25 ELEVATED pairs=37537 evals=368 296s
[605296.8] V8_G1_R2880_boundaryfix: step 26 ELEVATED pairs=37315 evals=384 302s
[605310.0] V8_G1_R2880_boundaryfix: step 27 ELEVATED pairs=37102 evals=400 315s
[605323.7] V8_G1_R2880_boundaryfix: step 28 ELEVATED pairs=36902 evals=416 329s
[605350.3] V8_G1_R2880_boundaryfix: step 29 ELEVATED pairs=36665 evals=432 355s
[605359.1] V8_G1_R2880_boundaryfix: step 30 ELEVATED pairs=36450 evals=448 364s
[605368.4] V8_G1_R2880_boundaryfix: step 31 ELEVATED pairs=36249 evals=464 374s
[605377.4] V8_G1_R2880_boundaryfix: step 32 ELEVATED pairs=36047 evals=480 382s
[605377.8] V8_G1_R2880_boundaryfix: step 33 NO_CANDIDATES_GENERATED pairs=36047 evals=480 383s
[605378.1] V8_G1_R2880_boundaryfix: step 34 NO_CANDIDATES_GENERATED pairs=36047 evals=480 383s
[605386.9] V8_G1_R2880_boundaryfix: step 35 ELEVATED pairs=35864 evals=496 392s
[605400.4] V8_G1_R2880_boundaryfix: step 36 ELEVATED pairs=35674 evals=512 405s
[605410.1] V8_G1_R2880_boundaryfix: step 37 ELEVATED pairs=35495 evals=528 415s
[605416.8] V8_G1_R2880_boundaryfix: step 38 ELEVATED pairs=35303 evals=544 422s
[605426.2] V8_G1_R2880_boundaryfix: step 39 ELEVATED pairs=35100 evals=560 431s
[605432.9] V8_G1_R2880_boundaryfix: step 40 ELEVATED pairs=34927 evals=576 438s
[605439.6] V8_G1_R2880_boundaryfix: step 41 ELEVATED pairs=34754 evals=592 445s
[605449.8] V8_G1_R2880_boundaryfix: step 42 ELEVATED pairs=34553 evals=608 455s
[605459.8] V8_G1_R2880_boundaryfix: step 43 ELEVATED pairs=34354 evals=624 465s
[605473.5] V8_G1_R2880_boundaryfix: step 44 ELEVATED pairs=34174 evals=640 479s
[605483.1] V8_G1_R2880_boundaryfix: step 45 ELEVATED pairs=33977 evals=656 488s
[605496.5] V8_G1_R2880_boundaryfix: step 46 ELEVATED pairs=33799 evals=672 502s
[605506.8] V8_G1_R2880_boundaryfix: step 47 ELEVATED pairs=33604 evals=688 512s
[605514.4] V8_G1_R2880_boundaryfix: step 48 ELEVATED pairs=33433 evals=704 520s
[605525.4] V8_G1_R2880_boundaryfix: step 49 ELEVATED pairs=33240 evals=720 530s
[605537.4] V8_G1_R2880_boundaryfix: step 50 ELEVATED pairs=33061 evals=736 543s
[605547.0] V8_G1_R2880_boundaryfix: step 51 ELEVATED pairs=32870 evals=752 552s
[605558.7] V8_G1_R2880_boundaryfix: step 52 ELEVATED pairs=32693 evals=768 564s
[605569.2] V8_G1_R2880_boundaryfix: step 53 ELEVATED pairs=32504 evals=784 574s
[605577.8] V8_G1_R2880_boundaryfix: step 54 ELEVATED pairs=32320 evals=800 583s
[605586.6] V8_G1_R2880_boundaryfix: step 55 ELEVATED pairs=32133 evals=816 592s
[605594.9] V8_G1_R2880_boundaryfix: step 56 ELEVATED pairs=31951 evals=832 600s
[605604.5] V8_G1_R2880_boundaryfix: step 57 ELEVATED pairs=31766 evals=848 610s
[605622.5] V8_G1_R2880_boundaryfix: step 58 ELEVATED pairs=31533 evals=864 628s
[605630.7] V8_G1_R2880_boundaryfix: step 59 ELEVATED pairs=31353 evals=880 636s
[605638.8] V8_G1_R2880_boundaryfix: step 60 ELEVATED pairs=31175 evals=896 644s
[605646.8] V8_G1_R2880_boundaryfix: step 61 ELEVATED pairs=30999 evals=912 652s
[605673.7] V8_G1_R2880_boundaryfix: step 62 ELEVATED pairs=30759 evals=928 679s
[605681.5] V8_G1_R2880_boundaryfix: step 63 ELEVATED pairs=30579 evals=944 687s
[605689.9] V8_G1_R2880_boundaryfix: step 64 ELEVATED pairs=30406 evals=960 695s
[605721.4] V8_G1_R2880_boundaryfix: step 65 ELEVATED pairs=30224 evals=976 727s
[605738.8] V8_G1_R2880_boundaryfix: step 66 ELEVATED pairs=30065 evals=992 744s
[605772.5] V8_G1_R2880_boundaryfix: step 67 ELEVATED pairs=29885 evals=1008 778s
[605784.4] V8_G1_R2880_boundaryfix: step 68 ELEVATED pairs=29720 evals=1024 790s
[605793.3] V8_G1_R2880_boundaryfix: step 69 ELEVATED pairs=29575 evals=1040 798s
[605805.8] V8_G1_R2880_boundaryfix: step 70 ELEVATED pairs=29412 evals=1056 811s
[605818.2] V8_G1_R2880_boundaryfix: step 71 ELEVATED pairs=29251 evals=1072 823s
[605830.5] V8_G1_R2880_boundaryfix: step 72 ELEVATED pairs=29092 evals=1088 836s
[605843.5] V8_G1_R2880_boundaryfix: step 73 ELEVATED pairs=28955 evals=1104 849s
[605851.2] V8_G1_R2880_boundaryfix: step 74 ELEVATED pairs=28766 evals=1120 856s
[605864.3] V8_G1_R2880_boundaryfix: step 75 ELEVATED pairs=28631 evals=1136 869s
[605878.3] V8_G1_R2880_boundaryfix: step 76 ELEVATED pairs=28498 evals=1152 883s
[605886.3] V8_G1_R2880_boundaryfix: step 77 ELEVATED pairs=28311 evals=1168 891s
[605900.0] V8_G1_R2880_boundaryfix: step 78 ELEVATED pairs=28180 evals=1184 905s
[605908.2] V8_G1_R2880_boundaryfix: step 79 ELEVATED pairs=27995 evals=1200 913s
[605917.0] V8_G1_R2880_boundaryfix: step 80 ELEVATED pairs=27812 evals=1216 922s
[605929.4] V8_G1_R2880_boundaryfix: step 81 ELEVATED pairs=27696 evals=1232 935s
[605941.6] V8_G1_R2880_boundaryfix: step 82 ELEVATED pairs=27574 evals=1248 947s
[605955.2] V8_G1_R2880_boundaryfix: step 83 ELEVATED pairs=27454 evals=1264 960s
[605968.9] V8_G1_R2880_boundaryfix: step 84 ELEVATED pairs=27336 evals=1280 974s
[605982.4] V8_G1_R2880_boundaryfix: step 85 ELEVATED pairs=27220 evals=1296 987s
[605991.2] V8_G1_R2880_boundaryfix: step 86 ELEVATED pairs=27098 evals=1312 996s
[606001.5] V8_G1_R2880_boundaryfix: step 87 ELEVATED pairs=26943 evals=1328 1007s
[606011.5] V8_G1_R2880_boundaryfix: step 88 ELEVATED pairs=26827 evals=1344 1017s
[606021.3] V8_G1_R2880_boundaryfix: step 89 ELEVATED pairs=26711 evals=1360 1026s
[606031.9] V8_G1_R2880_boundaryfix: step 90 ELEVATED pairs=26595 evals=1376 1037s
[606042.0] V8_G1_R2880_boundaryfix: step 91 ELEVATED pairs=26479 evals=1392 1047s
[606052.0] V8_G1_R2880_boundaryfix: step 92 ELEVATED pairs=26363 evals=1408 1057s
[606062.5] V8_G1_R2880_boundaryfix: step 93 ELEVATED pairs=26210 evals=1424 1068s
[606071.4] V8_G1_R2880_boundaryfix: step 94 ELEVATED pairs=26097 evals=1440 1076s
[606080.3] V8_G1_R2880_boundaryfix: step 95 ELEVATED pairs=25985 evals=1456 1085s
[606089.2] V8_G1_R2880_boundaryfix: step 96 ELEVATED pairs=25873 evals=1472 1094s
[606099.6] V8_G1_R2880_boundaryfix: step 97 ELEVATED pairs=25722 evals=1488 1105s
[606108.3] V8_G1_R2880_boundaryfix: step 98 ELEVATED pairs=25572 evals=1504 1113s
[606117.5] V8_G1_R2880_boundaryfix: step 99 ELEVATED pairs=25406 evals=1520 1123s
[606126.0] V8_G1_R2880_boundaryfix: step 100 ELEVATED pairs=25256 evals=1536 1131s
[606134.6] V8_G1_R2880_boundaryfix: step 101 ELEVATED pairs=25092 evals=1552 1140s
[606150.1] V8_G1_R2880_boundaryfix: step 102 ELEVATED pairs=24952 evals=1568 1155s
[606161.4] V8_G1_R2880_boundaryfix: step 103 ELEVATED pairs=24865 evals=1584 1167s
[606170.2] V8_G1_R2880_boundaryfix: step 104 ELEVATED pairs=24703 evals=1600 1175s
[606185.7] V8_G1_R2880_boundaryfix: step 105 ELEVATED pairs=24565 evals=1616 1191s
[606195.7] V8_G1_R2880_boundaryfix: step 106 ELEVATED pairs=24405 evals=1632 1201s
[606210.7] V8_G1_R2880_boundaryfix: step 107 ELEVATED pairs=24269 evals=1648 1216s
[606221.2] V8_G1_R2880_boundaryfix: step 108 ELEVATED pairs=24184 evals=1664 1226s
[606235.9] V8_G1_R2880_boundaryfix: step 109 ELEVATED pairs=24050 evals=1680 1241s
[606241.6] V8_G1_R2880_boundaryfix: step 110 ELEVATED pairs=23918 evals=1696 1247s
[606253.9] V8_G1_R2880_boundaryfix: step 111 ELEVATED pairs=23779 evals=1712 1259s
[606263.7] V8_G1_R2880_boundaryfix: step 112 ELEVATED pairs=23675 evals=1728 1269s
[606275.1] V8_G1_R2880_boundaryfix: step 113 ELEVATED pairs=23547 evals=1744 1280s
[606285.2] V8_G1_R2880_boundaryfix: step 114 ELEVATED pairs=23445 evals=1760 1290s
[606296.3] V8_G1_R2880_boundaryfix: step 115 ELEVATED pairs=23319 evals=1776 1301s
[606304.0] V8_G1_R2880_boundaryfix: step 116 ELEVATED pairs=23250 evals=1792 1309s
[606315.6] V8_G1_R2880_boundaryfix: step 117 ELEVATED pairs=23126 evals=1808 1321s
[606323.7] V8_G1_R2880_boundaryfix: step 118 ELEVATED pairs=23043 evals=1824 1329s
[606335.1] V8_G1_R2880_boundaryfix: step 119 ELEVATED pairs=22921 evals=1840 1340s
[606368.2] V8_G1_R2880_boundaryfix: step 120 ELEVATED pairs=22759 evals=1856 1373s
[606375.9] V8_G1_R2880_boundaryfix: step 121 ELEVATED pairs=22631 evals=1872 1381s
[606410.1] V8_G1_R2880_boundaryfix: step 122 ELEVATED pairs=22471 evals=1888 1415s
[606417.9] V8_G1_R2880_boundaryfix: step 123 ELEVATED pairs=22345 evals=1904 1423s
[606453.7] V8_G1_R2880_boundaryfix: step 124 ELEVATED pairs=22187 evals=1920 1459s
[606461.3] V8_G1_R2880_boundaryfix: step 125 ELEVATED pairs=22063 evals=1936 1466s
[606497.8] V8_G1_R2880_boundaryfix: step 126 ELEVATED pairs=21907 evals=1952 1503s
[606505.5] V8_G1_R2880_boundaryfix: step 127 ELEVATED pairs=21764 evals=1968 1511s
[606530.0] V8_G1_R2880_boundaryfix: step 128 ELEVATED pairs=21662 evals=1984 1535s
[606564.4] V8_G1_R2880_boundaryfix: step 129 ELEVATED pairs=21616 evals=2000 1569s
[606592.9] V8_G1_R2880_boundaryfix: step 130 ELEVATED pairs=21510 evals=2016 1598s
[606617.8] V8_G1_R2880_boundaryfix: step 131 ELEVATED pairs=21438 evals=2032 1623s
[606645.8] V8_G1_R2880_boundaryfix: step 132 ELEVATED pairs=21335 evals=2048 1651s
[606672.9] V8_G1_R2880_boundaryfix: step 133 ELEVATED pairs=21237 evals=2064 1678s
[606683.5] V8_G1_R2880_boundaryfix: step 134 ELEVATED pairs=21124 evals=2080 1689s
[606694.4] V8_G1_R2880_boundaryfix: step 135 ELEVATED pairs=21013 evals=2096 1700s
[606730.0] V8_G1_R2880_boundaryfix: step 136 ELEVATED pairs=20942 evals=2112 1735s
[606765.3] V8_G1_R2880_boundaryfix: step 137 ELEVATED pairs=20873 evals=2128 1770s
[606805.3] V8_G1_R2880_boundaryfix: step 138 ELEVATED pairs=20802 evals=2144 1810s
[606838.8] V8_G1_R2880_boundaryfix: step 139 ELEVATED pairs=20729 evals=2160 1844s
[606846.7] V8_G1_R2880_boundaryfix: step 140 ELEVATED pairs=20637 evals=2176 1852s
[606858.5] V8_G1_R2880_boundaryfix: step 141 ELEVATED pairs=20594 evals=2192 1864s
[606867.1] V8_G1_R2880_boundaryfix: step 142 ELEVATED pairs=20551 evals=2208 1872s
[606875.7] V8_G1_R2880_boundaryfix: step 143 ELEVATED pairs=20508 evals=2224 1881s
[606884.5] V8_G1_R2880_boundaryfix: step 144 ELEVATED pairs=20466 evals=2240 1890s
[606895.0] V8_G1_R2880_boundaryfix: step 145 ELEVATED pairs=20368 evals=2256 1900s
[606904.1] V8_G1_R2880_boundaryfix: step 146 ELEVATED pairs=20328 evals=2272 1909s
[606913.9] V8_G1_R2880_boundaryfix: step 147 ELEVATED pairs=20288 evals=2288 1919s
[606925.6] V8_G1_R2880_boundaryfix: step 148 ELEVATED pairs=20192 evals=2304 1931s
[606936.3] V8_G1_R2880_boundaryfix: step 149 ELEVATED pairs=20152 evals=2320 1941s
[606946.9] V8_G1_R2880_boundaryfix: step 150 ELEVATED pairs=20112 evals=2336 1952s
[606959.2] V8_G1_R2880_boundaryfix: step 151 ELEVATED pairs=20018 evals=2352 1964s
[606971.6] V8_G1_R2880_boundaryfix: step 152 ELEVATED pairs=19978 evals=2368 1977s
[606983.5] V8_G1_R2880_boundaryfix: step 153 ELEVATED pairs=19938 evals=2384 1989s
[606995.9] V8_G1_R2880_boundaryfix: step 154 ELEVATED pairs=19898 evals=2400 2001s
[607029.6] V8_G1_R2880_boundaryfix: step 155 ELEVATED pairs=19814 evals=2416 2035s
[607042.2] V8_G1_R2880_boundaryfix: step 156 ELEVATED pairs=19770 evals=2432 2047s
[607052.2] V8_G1_R2880_boundaryfix: step 157 ELEVATED pairs=19726 evals=2448 2057s
[607064.4] V8_G1_R2880_boundaryfix: step 158 ELEVATED pairs=19632 evals=2464 2069s
[607077.3] V8_G1_R2880_boundaryfix: step 159 ELEVATED pairs=19540 evals=2480 2082s
[607089.7] V8_G1_R2880_boundaryfix: step 160 ELEVATED pairs=19450 evals=2496 2095s
[607098.0] V8_G1_R2880_boundaryfix: step 161 ELEVATED pairs=19378 evals=2512 2103s
[607103.5] V8_G1_R2880_boundaryfix: step 162 ELEVATED pairs=19313 evals=2528 2109s
[607109.0] V8_G1_R2880_boundaryfix: step 163 ELEVATED pairs=19253 evals=2544 2114s
[607121.4] V8_G1_R2880_boundaryfix: step 164 ELEVATED pairs=19169 evals=2560 2127s
[607129.5] V8_G1_R2880_boundaryfix: step 165 ELEVATED pairs=19137 evals=2576 2135s
[607151.9] V8_G1_R2880_boundaryfix: step 166 ELEVATED pairs=19085 evals=2592 2157s
[607172.9] V8_G1_R2880_boundaryfix: step 167 ELEVATED pairs=19017 evals=2608 2178s
[607202.0] V8_G1_R2880_boundaryfix: step 168 ELEVATED pairs=18980 evals=2624 2207s
[607210.9] V8_G1_R2880_boundaryfix: step 169 ELEVATED pairs=18968 evals=2640 2216s
[607219.6] V8_G1_R2880_boundaryfix: step 170 ELEVATED pairs=18956 evals=2656 2225s
[607247.3] V8_G1_R2880_boundaryfix: step 171 ELEVATED pairs=18910 evals=2672 2252s
[607255.8] V8_G1_R2880_boundaryfix: step 172 ELEVATED pairs=18898 evals=2688 2261s
[607283.8] V8_G1_R2880_boundaryfix: step 173 ELEVATED pairs=18810 evals=2704 2289s
[607310.6] V8_G1_R2880_boundaryfix: step 174 ELEVATED pairs=18722 evals=2720 2316s
[607339.3] V8_G1_R2880_boundaryfix: step 175 ELEVATED pairs=18628 evals=2736 2344s
[607347.1] V8_G1_R2880_boundaryfix: step 176 ELEVATED pairs=18571 evals=2752 2352s
[607358.8] V8_G1_R2880_boundaryfix: step 177 ELEVATED pairs=18541 evals=2768 2364s
[607371.0] V8_G1_R2880_boundaryfix: step 178 ELEVATED pairs=18483 evals=2784 2376s
[607406.4] V8_G1_R2880_boundaryfix: step 179 ELEVATED pairs=18430 evals=2800 2412s
[607418.2] V8_G1_R2880_boundaryfix: step 180 ELEVATED pairs=18405 evals=2816 2423s
[607456.2] V8_G1_R2880_boundaryfix: step 181 ELEVATED pairs=18352 evals=2832 2461s
[607467.1] V8_G1_R2880_boundaryfix: step 182 ELEVATED pairs=18330 evals=2848 2472s
[607501.0] V8_G1_R2880_boundaryfix: step 183 ELEVATED pairs=18276 evals=2864 2506s
[607533.9] V8_G1_R2880_boundaryfix: step 184 ELEVATED pairs=18211 evals=2880 2539s
[607535.1] V8_G1_R2880_boundaryfix: step 185 ABORTED_CANDIDATE_BUDGET pairs=18211 evals=2880 2540s
[607535.5] V8_G1_R2880_boundaryfix: done final=18211 moves=180 first=180 reloc=0 ret=0 evals=2880 stop=CANDIDATE_BUDGET_EXHAUSTED
[607643.6] V8_G1_R2880_boundaryfix: recheck PASS checks=130816
