[553085.8] V5_LEGACY_RC2880: start mode=R budget=2880 spec={"name": "V5_LEGACY", "target_policy": "LEGACY", "evaluation_policy": "E0_EXHAUSTIVE", "traversal_policy": "BASE", "max_targets": 200, "k_per_target": 16, "family_round_robin": false, "relocation_side_reserve": 0, "waiting_age": false, "route_coverage": false, "multi_anchor": false, "exact_dedup": false, "decision_cache": false, "return_action": false, "cache_structural_skips": false, "window_slack_mm": 1e-05, "notes": ""}
[553085.8] V5_LEGACY_RC2880: start state=challenge C:\Users\lihao\Desktop\Graduation Project\OpticalWaveguideRouter3D\outputs\3d_strategy_v4\512_full_layout\N2880 pairs=30999
[553092.1] V5_LEGACY_RC2880: INITIAL_DONE pairs=30999
[553092.2] V5_LEGACY_RC2880: step 1 NO_CANDIDATES_GENERATED pairs=30999 evals=0 0s
[553092.3] V5_LEGACY_RC2880: step 2 NO_CANDIDATES_GENERATED pairs=30999 evals=0 0s
[553092.4] V5_LEGACY_RC2880: step 3 NO_CANDIDATES_GENERATED pairs=30999 evals=0 0s
[553092.5] V5_LEGACY_RC2880: step 4 NO_CANDIDATES_GENERATED pairs=30999 evals=0 1s
[553092.6] V5_LEGACY_RC2880: step 5 NO_CANDIDATES_GENERATED pairs=30999 evals=0 1s
[553092.8] V5_LEGACY_RC2880: step 6 NO_CANDIDATES_GENERATED pairs=30999 evals=0 1s
[553131.3] V5_LEGACY_RC2880: step 7 ELEVATED pairs=30804 evals=54 39s
[553173.9] V5_LEGACY_RC2880: step 8 ELEVATED pairs=30610 evals=108 82s
[553237.2] V5_LEGACY_RC2880: step 9 ELEVATED pairs=30415 evals=180 145s
[553297.5] V5_LEGACY_RC2880: step 10 ELEVATED pairs=30222 evals=252 206s
[553297.9] V5_LEGACY_RC2880: step 11 NO_CANDIDATES_GENERATED pairs=30222 evals=252 206s
[553315.9] V5_LEGACY_RC2880: step 12 ELEVATED pairs=30031 evals=270 224s
[553336.5] V5_LEGACY_RC2880: step 13 ELEVATED pairs=29842 evals=288 245s
[553362.1] V5_LEGACY_RC2880: step 14 ELEVATED pairs=29655 evals=306 270s
[553423.1] V5_LEGACY_RC2880: step 15 ELEVATED pairs=29456 evals=360 331s
[553445.7] V5_LEGACY_RC2880: step 16 ELEVATED pairs=29271 evals=378 354s
[553506.7] V5_LEGACY_RC2880: step 17 ELEVATED pairs=29074 evals=432 415s
[553560.3] V5_LEGACY_RC2880: step 18 ELEVATED pairs=28879 evals=486 468s
[553599.8] V5_LEGACY_RC2880: step 19 ELEVATED pairs=28704 evals=522 508s
[553641.3] V5_LEGACY_RC2880: step 20 ELEVATED pairs=28531 evals=558 549s
[553684.6] V5_LEGACY_RC2880: step 21 ELEVATED pairs=28342 evals=612 593s
[553723.7] V5_LEGACY_RC2880: step 22 ELEVATED pairs=28165 evals=666 632s
[553767.6] V5_LEGACY_RC2880: step 23 ELEVATED pairs=27978 evals=720 676s
[553790.9] V5_LEGACY_RC2880: step 24 ELEVATED pairs=27815 evals=738 699s
[553833.2] V5_LEGACY_RC2880: step 25 ELEVATED pairs=27630 evals=792 741s
[553877.6] V5_LEGACY_RC2880: step 26 ELEVATED pairs=27447 evals=846 786s
[553925.8] V5_LEGACY_RC2880: step 27 ELEVATED pairs=27269 evals=900 834s
[553933.4] V5_LEGACY_RC2880: step 28 ELEVATED pairs=27097 evals=909 841s
[553980.3] V5_LEGACY_RC2880: step 29 ELEVATED pairs=26921 evals=963 888s
[553987.2] V5_LEGACY_RC2880: step 30 ELEVATED pairs=26751 evals=972 895s
[554033.2] V5_LEGACY_RC2880: step 31 ELEVATED pairs=26577 evals=1026 941s
[554041.1] V5_LEGACY_RC2880: step 32 ELEVATED pairs=26409 evals=1035 949s
[554088.4] V5_LEGACY_RC2880: step 33 ELEVATED pairs=26237 evals=1089 996s
[554088.7] V5_LEGACY_RC2880: step 34 NO_CANDIDATES_GENERATED pairs=26237 evals=1089 997s
[554095.6] V5_LEGACY_RC2880: step 35 ELEVATED pairs=26071 evals=1098 1004s
[554139.9] V5_LEGACY_RC2880: step 36 ELEVATED pairs=25901 evals=1152 1048s
[554184.8] V5_LEGACY_RC2880: step 37 ELEVATED pairs=25733 evals=1206 1093s
[554231.2] V5_LEGACY_RC2880: step 38 ELEVATED pairs=25567 evals=1260 1139s
[554276.2] V5_LEGACY_RC2880: step 39 ELEVATED pairs=25403 evals=1314 1184s
[554314.9] V5_LEGACY_RC2880: step 40 ELEVATED pairs=25241 evals=1368 1223s
[554351.0] V5_LEGACY_RC2880: step 41 ELEVATED pairs=25086 evals=1422 1259s
[554413.1] V5_LEGACY_RC2880: step 42 ELEVATED pairs=24926 evals=1476 1321s
[554466.3] V5_LEGACY_RC2880: step 43 ELEVATED pairs=24735 evals=1548 1374s
[554545.3] V5_LEGACY_RC2880: step 44 ELEVATED pairs=24570 evals=1620 1453s
[554622.1] V5_LEGACY_RC2880: step 45 ELEVATED pairs=24407 evals=1692 1530s
[554694.1] V5_LEGACY_RC2880: step 46 ELEVATED pairs=24246 evals=1746 1602s
[554765.5] V5_LEGACY_RC2880: step 47 ELEVATED pairs=24087 evals=1800 1674s
[554820.3] V5_LEGACY_RC2880: step 48 ELEVATED pairs=23913 evals=1872 1728s
[554893.2] V5_LEGACY_RC2880: step 49 ELEVATED pairs=23756 evals=1926 1801s
[554947.9] V5_LEGACY_RC2880: step 50 ELEVATED pairs=23605 evals=1980 1856s
[555024.6] V5_LEGACY_RC2880: step 51 ELEVATED pairs=23450 evals=2034 1933s
[555077.7] V5_LEGACY_RC2880: step 52 ELEVATED pairs=23299 evals=2088 1986s
[555128.6] V5_LEGACY_RC2880: step 53 ELEVATED pairs=23148 evals=2142 2037s
[555178.1] V5_LEGACY_RC2880: step 54 ELEVATED pairs=22997 evals=2196 2086s
[555246.1] V5_LEGACY_RC2880: step 55 ELEVATED pairs=22844 evals=2250 2154s
[555304.4] V5_LEGACY_RC2880: step 56 ELEVATED pairs=22693 evals=2313 2212s
[555368.5] V5_LEGACY_RC2880: step 57 ELEVATED pairs=22541 evals=2367 2277s
[555431.4] V5_LEGACY_RC2880: step 58 ELEVATED pairs=22391 evals=2421 2339s
[555501.5] V5_LEGACY_RC2880: step 59 ELEVATED pairs=22253 evals=2493 2410s
[555564.6] V5_LEGACY_RC2880: step 60 ELEVATED pairs=22114 evals=2565 2473s
[555626.2] V5_LEGACY_RC2880: step 61 ELEVATED pairs=21984 evals=2637 2534s
[555697.1] V5_LEGACY_RC2880: step 62 ELEVATED pairs=21856 evals=2709 2605s
[555767.7] V5_LEGACY_RC2880: step 63 ELEVATED pairs=21730 evals=2781 2676s
[555798.6] V5_LEGACY_RC2880: step 64 ELEVATED pairs=21594 evals=2835 2707s
[555818.8] V5_LEGACY_RC2880: step 65 ELEVATED pairs=21462 evals=2853 2727s
[555836.8] V5_LEGACY_RC2880: step 66 ELEVATED pairs=21351 evals=2880 2745s
[555837.4] V5_LEGACY_RC2880: done final=21351 moves=58 first=58 reloc=0 ret=0 evals=2880 stop=CANDIDATE_BUDGET_EXHAUSTED
[555943.3] V5_LEGACY_RC2880: recheck PASS checks=130816
